11-02 20:33:36.271   840  1022 I chatty  : uid=1000(system) Binder:840_1 identical 30 lines
11-02 20:33:36.314   840  1022 W TrackingService: attachClient: found client in attached list
11-02 20:33:36.315   840  1178 I [CT]    : VEGA_MAPPER:SubmapTrackingValidator: Pausing map building until validation is complete. 8.079999999999998 seconds remaining
11-02 20:33:36.327   840  1171 W TrackingService: attachClient: found client in attached list
11-02 20:33:36.665   840  1171 I chatty  : uid=1000(system) Binder:840_3 identical 10 lines
11-02 20:33:36.699   840  7426 W [CT]    : TIMESTAMPCHECKER: Nominal rate wrong. Estimated data rate: 25, Nominal is 30.000300003000028
11-02 20:33:36.702   840  1171 W TrackingService: attachClient: found client in attached list
11-02 20:33:36.713   840  6000 D TrackingService: [HANDTRACKING] Controller 729165a0fe4054d7 in hand: N, valid: Y
11-02 20:33:36.740   840  1171 W TrackingService: attachClient: found client in attached list
11-02 20:33:36.784   840  1171 W TrackingService: attachClient: found client in attached list
11-02 20:33:36.794   840  6000 D TrackingService: [HANDTRACKING] Controller 86557c336c360320 in hand: N, valid: Y
11-02 20:33:36.830   840  1171 W TrackingService: attachClient: found client in attached list
11-02 20:33:36.877   840  1171 I chatty  : uid=1000(system) Binder:840_3 identical 1 line
11-02 20:33:36.920   840  1171 W TrackingService: attachClient: found client in attached list
11-02 20:33:36.921   840  1022 W TrackingService: attachClient: found client in attached list
11-02 20:33:36.924  2161  2161 I FbnsConnectionManager: send/keepalive
11-02 20:33:37.039   840  1178 I [CT]    : Vega:SubmapPublisher: Tracking parent no change: frame movement above thresh -> Publish
11-02 20:33:37.039   840  1178 I [CT]    : Vega:SubmapPublisher: Start to publish submaps, found candidates:  2
11-02 20:33:37.039   840  1178 E [CT]    : SubmapRecords: findSubmapId found 2 submap records hold the same query krHandle
11-02 20:33:37.048   840  1178 W [CT]    : Vega:SubmapPublisher: [Throttled count=8] Force publishing an ill-conditioned point.
11-02 20:33:37.079  1037  1539 D SntpClient: round trip: 133ms, clock offset: -38ms
11-02 20:33:37.385   840  1022 I chatty  : uid=1000(system) Binder:840_1 identical 12 lines
11-02 20:33:37.420   840  5967 I [CT]    : boltlib: DSP utilization: 8.22 % (413 / 5034 ms)
11-02 20:33:37.431   840  1022 W TrackingService: attachClient: found client in attached list
11-02 20:33:37.434   840  1171 W TrackingService: attachClient: found client in attached list
11-02 20:33:37.448   840  6000 I [CT]    : CONSTELLATION:IMU_STATUS: 86557c336c360320 (L): [FusionTracked=1.000, OutputTracked=1.000, OutputValid=1.000] [AccelSat=0.000, GyroSat=0.000] 
11-02 20:33:37.615   840  1171 I chatty  : uid=1000(system) Binder:840_3 identical 5 lines
11-02 20:33:37.660   840  1171 W TrackingService: attachClient: found client in attached list
11-02 20:33:37.662   840  1022 W TrackingService: attachClient: found client in attached list
11-02 20:33:37.741  2637  7609 W OVRLibrary: null cursor received for query content://com.oculus.ocms.library/apps/com.epicgames.PrototypeV3
11-02 20:33:37.920   840  6000 I [CT]    : CONSTELLATION: R: Detected IMU motion => Leaving static state.
11-02 20:33:37.943   840  1022 I chatty  : uid=1000(system) Binder:840_1 identical 8 lines
11-02 20:33:37.973  4075  4164 I chatty  : uid=10033(com.oculus.xrstreamingclient) xrsp-rt-read expire 1 line
11-02 20:33:37.982   840  6000 I [CT]    : CONSTELLATION: L: Detected IMU motion => Leaving static state.
11-02 20:33:37.983   840  1022 W TrackingService: attachClient: found client in attached list
11-02 20:33:38.011   840  1171 W TrackingService: attachClient: found client in attached list
11-02 20:33:38.033   840  6000 D TrackingService: [HANDTRACKING] Controller 729165a0fe4054d7 in hand: Y, valid: Y
11-02 20:33:38.034   840  6000 D TrackingService: [HANDTRACKING] Controller 86557c336c360320 in hand: Y, valid: Y
11-02 20:33:38.046   840  1171 W TrackingService: attachClient: found client in attached list
11-02 20:33:38.121  4075  4199 E OsSdk   : error getting shared memory region, memory type: AnchorTracker, failed with Status(-1, EX_SECURITY): 'requested shared memory region when not registered/focused'
11-02 20:33:38.161  4075  4199 E OsSdk   : error getting shared memory region, memory type: HeadTracker, failed with Status(-1, EX_SECURITY): 'requested shared memory region when not registered/focused'
11-02 20:33:38.204  4075  4199 E OsSdk   : error getting shared memory region, memory type: HeadTracker, failed with Status(-1, EX_SECURITY): 'requested shared memory region when not registered/focused'
11-02 20:33:38.214  4075  4199 E OsSdk   : error getting shared memory region, memory type: HeadTracker, failed with Status(-1, EX_SECURITY): 'requested shared memory region when not registered/focused'
11-02 20:33:38.257  4075  4199 E OsSdk   : error getting shared memory region, memory type: HeadTracker, failed with Status(-1, EX_SECURITY): 'requested shared memory region when not registered/focused'
11-02 20:33:38.282   840  1171 I chatty  : uid=1000(system) Binder:840_3 identical 8 lines
11-02 20:33:38.283  4075  4199 E OsSdk   : error getting shared memory region, memory type: HeadTracker, failed with Status(-1, EX_SECURITY): 'requested shared memory region when not registered/focused'
11-02 20:33:38.320   840  1171 W TrackingService: attachClient: found client in attached list
11-02 20:33:38.321  4075  4199 E OsSdk   : error getting shared memory region, memory type: HeadTracker, failed with Status(-1, EX_SECURITY): 'requested shared memory region when not registered/focused'
11-02 20:33:38.321   840  1022 W TrackingService: attachClient: found client in attached list
11-02 20:33:38.321  4075  4199 E OsSdk   : error getting shared memory region, memory type: AnchorTracker, failed with Status(-1, EX_SECURITY): 'requested shared memory region when not registered/focused'
11-02 20:33:38.364  4075  4199 E OsSdk   : error getting shared memory region, memory type: HeadTracker, failed with Status(-1, EX_SECURITY): 'requested shared memory region when not registered/focused'
11-02 20:33:38.406  4075  4199 E OsSdk   : error getting shared memory region, memory type: HeadTracker, failed with Status(-1, EX_SECURITY): 'requested shared memory region when not registered/focused'
11-02 20:33:38.425  4075  4199 E OsSdk   : error getting shared memory region, memory type: HeadTracker, failed with Status(-1, EX_SECURITY): 'requested shared memory region when not registered/focused'
11-02 20:33:38.440  4075  4199 E OsSdk   : error getting shared memory region, memory type: HeadTracker, failed with Status(-1, EX_SECURITY): 'requested shared memory region when not registered/focused'
11-02 20:33:38.485  4075  4199 E OsSdk   : error getting shared memory region, memory type: HeadTracker, failed with Status(-1, EX_SECURITY): 'requested shared memory region when not registered/focused'
11-02 20:33:38.531  4075  4199 E OsSdk   : error getting shared memory region, memory type: HeadTracker, failed with Status(-1, EX_SECURITY): 'requested shared memory region when not registered/focused'
11-02 20:33:38.532  4075  4199 E OsSdk   : error getting shared memory region, memory type: AnchorTracker, failed with Status(-1, EX_SECURITY): 'requested shared memory region when not registered/focused'
11-02 20:33:38.575  4075  4199 E OsSdk   : error getting shared memory region, memory type: HeadTracker, failed with Status(-1, EX_SECURITY): 'requested shared memory region when not registered/focused'
11-02 20:33:38.597   840  6000 I [CT]    : CONSTELLATION:IMU_STATUS: 729165a0fe4054d7 (R): [FusionTracked=1.000, OutputTracked=1.000, OutputValid=1.000] [AccelSat=0.000, GyroSat=0.000] 
11-02 20:33:38.625  4075  4199 E OsSdk   : error getting shared memory region, memory type: HeadTracker, failed with Status(-1, EX_SECURITY): 'requested shared memory region when not registered/focused'
11-02 20:33:38.671  4075  4199 E OsSdk   : error getting shared memory region, memory type: HeadTracker, failed with Status(-1, EX_SECURITY): 'requested shared memory region when not registered/focused'
11-02 20:33:38.713   840  1178 I [CT]    : VEGA_MAPPER:SubmapTrackingValidator: Pausing map building until validation is complete. 5.68 seconds remaining
11-02 20:33:38.714  4075  4199 E OsSdk   : error getting shared memory region, memory type: HeadTracker, failed with Status(-1, EX_SECURITY): 'requested shared memory region when not registered/focused'
11-02 20:33:38.739   840  7426 W [CT]    : TIMESTAMPCHECKER: Nominal rate wrong. Estimated data rate: 25, Nominal is 30.000300003000028
11-02 20:33:38.760  4075  4199 E OsSdk   : error getting shared memory region, memory type: HeadTracker, failed with Status(-1, EX_SECURITY): 'requested shared memory region when not registered/focused'
11-02 20:33:38.793   840  7426 I [CT]    : VIPER: Mode=SuperVega,Status=6DoF,TRACKING,Inl=21,Mem=88.2,Jit=0.6mm,Issues(Cam/min=0.0,IMU/min=0.0),Exp=(14.0ms,g=15.0,I=64,Ir=304.7)(14.0ms,g=15.0,I=85,Ir=405.2)(14.0ms,g=15.0,I=87,Ir=415.7)(12.2ms,g=14.0,I=74,Ir=435.9)
11-02 20:33:38.793   840  7426 W [CT]    : VIPER: Images too dark, 
11-02 20:33:38.801  4075  4199 E OsSdk   : error getting shared memory region, memory type: HeadTracker, failed with Status(-1, EX_SECURITY): 'requested shared memory region when not registered/focused'
11-02 20:33:38.803  4075  4199 E OsSdk   : error getting shared memory region, memory type: AnchorTracker, failed with Status(-1, EX_SECURITY): 'requested shared memory region when not registered/focused'
11-02 20:33:38.846  4075  4199 E OsSdk   : error getting shared memory region, memory type: HeadTracker, failed with Status(-1, EX_SECURITY): 'requested shared memory region when not registered/focused'
11-02 20:33:38.892  4075  4199 E OsSdk   : error getting shared memory region, memory type: HeadTracker, failed with Status(-1, EX_SECURITY): 'requested shared memory region when not registered/focused'
11-02 20:33:38.920  4075  4199 E OsSdk   : error getting shared memory region, memory type: HeadTracker, failed with Status(-1, EX_SECURITY): 'requested shared memory region when not registered/focused'
11-02 20:33:38.963  4075  4199 E OsSdk   : error getting shared memory region, memory type: HeadTracker, failed with Status(-1, EX_SECURITY): 'requested shared memory region when not registered/focused'
11-02 20:33:38.987  4075  4164 D xrstreaming: receive ping: org 0 recv 0 xmt 11133841603300 (received at 2760207068528), offset divergence -328241
11-02 20:33:39.008  4075  4199 E OsSdk   : error getting shared memory region, memory type: HeadTracker, failed with Status(-1, EX_SECURITY): 'requested shared memory region when not registered/focused'
11-02 20:33:39.053  4075  4199 E OsSdk   : error getting shared memory region, memory type: HeadTracker, failed with Status(-1, EX_SECURITY): 'requested shared memory region when not registered/focused'
11-02 20:33:39.054  4075  4199 E OsSdk   : error getting shared memory region, memory type: AnchorTracker, failed with Status(-1, EX_SECURITY): 'requested shared memory region when not registered/focused'
11-02 20:33:39.101  4075  4199 E OsSdk   : error getting shared memory region, memory type: HeadTracker, failed with Status(-1, EX_SECURITY): 'requested shared memory region when not registered/focused'
11-02 20:33:39.144  4075  4199 E OsSdk   : error getting shared memory region, memory type: HeadTracker, failed with Status(-1, EX_SECURITY): 'requested shared memory region when not registered/focused'
11-02 20:33:39.183  4075  4199 E OsSdk   : error getting shared memory region, memory type: HeadTracker, failed with Status(-1, EX_SECURITY): 'requested shared memory region when not registered/focused'
11-02 20:33:39.228  4075  4199 E OsSdk   : error getting shared memory region, memory type: HeadTracker, failed with Status(-1, EX_SECURITY): 'requested shared memory region when not registered/focused'
11-02 20:33:39.271  4075  4199 E OsSdk   : error getting shared memory region, memory type: HeadTracker, failed with Status(-1, EX_SECURITY): 'requested shared memory region when not registered/focused'
11-02 20:33:39.314  4075  4199 E OsSdk   : error getting shared memory region, memory type: HeadTracker, failed with Status(-1, EX_SECURITY): 'requested shared memory region when not registered/focused'
11-02 20:33:39.315  4075  4199 E OsSdk   : error getting shared memory region, memory type: AnchorTracker, failed with Status(-1, EX_SECURITY): 'requested shared memory region when not registered/focused'
11-02 20:33:39.362  4075  4199 E OsSdk   : error getting shared memory region, memory type: HeadTracker, failed with Status(-1, EX_SECURITY): 'requested shared memory region when not registered/focused'
11-02 20:33:39.405  4075  4199 E OsSdk   : error getting shared memory region, memory type: HeadTracker, failed with Status(-1, EX_SECURITY): 'requested shared memory region when not registered/focused'
11-02 20:33:39.446  4075  4199 E OsSdk   : error getting shared memory region, memory type: HeadTracker, failed with Status(-1, EX_SECURITY): 'requested shared memory region when not registered/focused'
11-02 20:33:39.488  4075  4199 E OsSdk   : error getting shared memory region, memory type: HeadTracker, failed with Status(-1, EX_SECURITY): 'requested shared memory region when not registered/focused'
11-02 20:33:39.563  4075  4199 E OsSdk   : error getting shared memory region, memory type: HeadTracker, failed with Status(-1, EX_SECURITY): 'requested shared memory region when not registered/focused'
11-02 20:33:39.564  4075  4199 E OsSdk   : error getting shared memory region, memory type: AnchorTracker, failed with Status(-1, EX_SECURITY): 'requested shared memory region when not registered/focused'
11-02 20:33:39.567  1337  7437 I CompositorVR: SetSchedFifo( tid=7545, pol=2, pri=0 ) succeeded
11-02 20:33:39.594  1337  7437 I CompositorVR: SetSchedFifo( tid=7545, pol=3, pri=0 ) succeeded
11-02 20:33:39.597  4075  4199 E OsSdk   : error getting shared memory region, memory type: HeadTracker, failed with Status(-1, EX_SECURITY): 'requested shared memory region when not registered/focused'
11-02 20:33:39.641  4075  4199 E OsSdk   : error getting shared memory region, memory type: HeadTracker, failed with Status(-1, EX_SECURITY): 'requested shared memory region when not registered/focused'
11-02 20:33:39.665  4075  4199 E OsSdk   : error getting shared memory region, memory type: HeadTracker, failed with Status(-1, EX_SECURITY): 'requested shared memory region when not registered/focused'
11-02 20:33:39.705  4075  4199 E OsSdk   : error getting shared memory region, memory type: HeadTracker, failed with Status(-1, EX_SECURITY): 'requested shared memory region when not registered/focused'
11-02 20:33:39.753  4075  4199 E OsSdk   : error getting shared memory region, memory type: HeadTracker, failed with Status(-1, EX_SECURITY): 'requested shared memory region when not registered/focused'
11-02 20:33:39.770  4075  4199 E OsSdk   : error getting shared memory region, memory type: HeadTracker, failed with Status(-1, EX_SECURITY): 'requested shared memory region when not registered/focused'
11-02 20:33:39.771  4075  4199 E OsSdk   : error getting shared memory region, memory type: AnchorTracker, failed with Status(-1, EX_SECURITY): 'requested shared memory region when not registered/focused'
11-02 20:33:39.813   840  1022 I chatty  : uid=1000(system) Binder:840_1 identical 43 lines
11-02 20:33:39.814  4075  4199 E OsSdk   : error getting shared memory region, memory type: HeadTracker, failed with Status(-1, EX_SECURITY): 'requested shared memory region when not registered/focused'
11-02 20:33:39.836  1037  3957 D WificondControl: Scan result ready event
11-02 20:33:39.846  1037  1236 D WificondScannerImpl: Filtering out 15 scan results.
11-02 20:33:39.856   840  1022 W TrackingService: attachClient: found client in attached list
11-02 20:33:39.857  4075  4199 E OsSdk   : error getting shared memory region, memory type: HeadTracker, failed with Status(-1, EX_SECURITY): 'requested shared memory region when not registered/focused'
11-02 20:33:39.897   840  1703 W TrackingService: attachClient: found client in attached list
11-02 20:33:39.900  4075  4199 E OsSdk   : error getting shared memory region, memory type: HeadTracker, failed with Status(-1, EX_SECURITY): 'requested shared memory region when not registered/focused'
11-02 20:33:39.945   840  1703 I chatty  : uid=1000(system) Binder:840_4 identical 1 line
11-02 20:33:39.949  4075  4199 E OsSdk   : error getting shared memory region, memory type: HeadTracker, failed with Status(-1, EX_SECURITY): 'requested shared memory region when not registered/focused'
11-02 20:33:39.968   840  1703 W TrackingService: attachClient: found client in attached list
11-02 20:33:39.971  4075  4199 E OsSdk   : error getting shared memory region, memory type: HeadTracker, failed with Status(-1, EX_SECURITY): 'requested shared memory region when not registered/focused'
11-02 20:33:40.001  4075  4164 D xrstreaming: receive ping: org 0 recv 0 xmt 11134856036700 (received at 2761221451132), offset divergence -328241
11-02 20:33:40.004  7264  7543 I chatty  : uid=10123(com.epicgames.PrototypeV3) expire 4 lines
11-02 20:33:40.014   840  1022 W TrackingService: attachClient: found client in attached list
11-02 20:33:40.015  4075  4199 E OsSdk   : error getting shared memory region, memory type: HeadTracker, failed with Status(-1, EX_SECURITY): 'requested shared memory region when not registered/focused'
11-02 20:33:40.016  4075  4199 E OsSdk   : error getting shared memory region, memory type: AnchorTracker, failed with Status(-1, EX_SECURITY): 'requested shared memory region when not registered/focused'
11-02 20:33:40.039   840  1022 I chatty  : uid=1000(system) Binder:840_1 identical 2 lines
11-02 20:33:40.039  4075  4199 E OsSdk   : error getting shared memory region, memory type: HeadTracker, failed with Status(-1, EX_SECURITY): 'requested shared memory region when not registered/focused'
11-02 20:33:40.073   840  1022 W TrackingService: attachClient: found client in attached list
11-02 20:33:40.074  4075  4199 E OsSdk   : error getting shared memory region, memory type: HeadTracker, failed with Status(-1, EX_SECURITY): 'requested shared memory region when not registered/focused'
11-02 20:33:40.119   840  1703 W TrackingService: attachClient: found client in attached list
11-02 20:33:40.120  4075  4199 E OsSdk   : error getting shared memory region, memory type: HeadTracker, failed with Status(-1, EX_SECURITY): 'requested shared memory region when not registered/focused'
11-02 20:33:40.167  4075  4199 E OsSdk   : error getting shared memory region, memory type: HeadTracker, failed with Status(-1, EX_SECURITY): 'requested shared memory region when not registered/focused'
11-02 20:33:40.213  4075  4199 E OsSdk   : error getting shared memory region, memory type: HeadTracker, failed with Status(-1, EX_SECURITY): 'requested shared memory region when not registered/focused'
11-02 20:33:40.258  4075  4199 E OsSdk   : error getting shared memory region, memory type: HeadTracker, failed with Status(-1, EX_SECURITY): 'requested shared memory region when not registered/focused'
11-02 20:33:40.261  4075  4199 E OsSdk   : error getting shared memory region, memory type: AnchorTracker, failed with Status(-1, EX_SECURITY): 'requested shared memory region when not registered/focused'
11-02 20:33:40.289  2967  3376 I Telemetry: App memory usage: PSS=32 MiB, PrivateDirty=24 MiB, PrivateClean=3 MiB, GPU=3.8/4.0 MiB (96% allocated)
11-02 20:33:40.299  4075  4199 E OsSdk   : error getting shared memory region, memory type: HeadTracker, failed with Status(-1, EX_SECURITY): 'requested shared memory region when not registered/focused'
11-02 20:33:40.344  4075  4199 E OsSdk   : error getting shared memory region, memory type: HeadTracker, failed with Status(-1, EX_SECURITY): 'requested shared memory region when not registered/focused'
11-02 20:33:40.373  4075  4199 E OsSdk   : error getting shared memory region, memory type: HeadTracker, failed with Status(-1, EX_SECURITY): 'requested shared memory region when not registered/focused'
11-02 20:33:40.410  4075  4199 E OsSdk   : error getting shared memory region, memory type: HeadTracker, failed with Status(-1, EX_SECURITY): 'requested shared memory region when not registered/focused'
11-02 20:33:40.449  4075  4199 E OsSdk   : error getting shared memory region, memory type: HeadTracker, failed with Status(-1, EX_SECURITY): 'requested shared memory region when not registered/focused'
11-02 20:33:40.492  4075  4199 E OsSdk   : error getting shared memory region, memory type: HeadTracker, failed with Status(-1, EX_SECURITY): 'requested shared memory region when not registered/focused'
11-02 20:33:40.493  4075  4199 E OsSdk   : error getting shared memory region, memory type: AnchorTracker, failed with Status(-1, EX_SECURITY): 'requested shared memory region when not registered/focused'
11-02 20:33:40.532  4075  4199 E OsSdk   : error getting shared memory region, memory type: HeadTracker, failed with Status(-1, EX_SECURITY): 'requested shared memory region when not registered/focused'
11-02 20:33:40.572  4075  4199 E OsSdk   : error getting shared memory region, memory type: HeadTracker, failed with Status(-1, EX_SECURITY): 'requested shared memory region when not registered/focused'
11-02 20:33:40.601  4075  4199 E OsSdk   : error getting shared memory region, memory type: HeadTracker, failed with Status(-1, EX_SECURITY): 'requested shared memory region when not registered/focused'
11-02 20:33:40.644  4075  4199 E OsSdk   : error getting shared memory region, memory type: HeadTracker, failed with Status(-1, EX_SECURITY): 'requested shared memory region when not registered/focused'
11-02 20:33:40.681  4075  4199 E OsSdk   : error getting shared memory region, memory type: HeadTracker, failed with Status(-1, EX_SECURITY): 'requested shared memory region when not registered/focused'
11-02 20:33:40.726  4075  4199 E OsSdk   : error getting shared memory region, memory type: HeadTracker, failed with Status(-1, EX_SECURITY): 'requested shared memory region when not registered/focused'
11-02 20:33:40.726   840  1703 I chatty  : uid=1000(system) Binder:840_4 identical 18 lines
11-02 20:33:40.727  4075  4199 E OsSdk   : error getting shared memory region, memory type: AnchorTracker, failed with Status(-1, EX_SECURITY): 'requested shared memory region when not registered/focused'
11-02 20:33:40.739   840  7426 W [CT]    : TIMESTAMPCHECKER: Nominal rate wrong. Estimated data rate: 25, Nominal is 30.000300003000028
11-02 20:33:40.772   840  1703 W TrackingService: attachClient: found client in attached list
11-02 20:33:40.773  4075  4199 E OsSdk   : error getting shared memory region, memory type: HeadTracker, failed with Status(-1, EX_SECURITY): 'requested shared memory region when not registered/focused'
11-02 20:33:40.810   840  1022 W TrackingService: attachClient: found client in attached list
11-02 20:33:40.811  4075  4199 E OsSdk   : error getting shared memory region, memory type: HeadTracker, failed with Status(-1, EX_SECURITY): 'requested shared memory region when not registered/focused'
11-02 20:33:40.857  4075  4199 E OsSdk   : error getting shared memory region, memory type: HeadTracker, failed with Status(-1, EX_SECURITY): 'requested shared memory region when not registered/focused'
11-02 20:33:40.901  4075  4199 E OsSdk   : error getting shared memory region, memory type: HeadTracker, failed with Status(-1, EX_SECURITY): 'requested shared memory region when not registered/focused'
11-02 20:33:40.946  4075  4199 E OsSdk   : error getting shared memory region, memory type: HeadTracker, failed with Status(-1, EX_SECURITY): 'requested shared memory region when not registered/focused'
11-02 20:33:40.995  4075  4199 E OsSdk   : error getting shared memory region, memory type: HeadTracker, failed with Status(-1, EX_SECURITY): 'requested shared memory region when not registered/focused'
11-02 20:33:40.996  4075  4199 E OsSdk   : error getting shared memory region, memory type: AnchorTracker, failed with Status(-1, EX_SECURITY): 'requested shared memory region when not registered/focused'
11-02 20:33:41.015  4075  4164 D xrstreaming: receive ping: org 0 recv 0 xmt 11135870261400 (received at 2762235760090), offset divergence -328241
11-02 20:33:41.027   840  1022 I chatty  : uid=1000(system) Binder:840_1 identical 6 lines
11-02 20:33:41.028  4075  4199 E OsSdk   : error getting shared memory region, memory type: HeadTracker, failed with Status(-1, EX_SECURITY): 'requested shared memory region when not registered/focused'
11-02 20:33:41.047  4075  4185 I xrstreaming: AudioPlayer: NetworkMetrics: [0.067,20.223]9.881
11-02 20:33:41.075   840  1022 W TrackingService: attachClient: found client in attached list
11-02 20:33:41.076  4075  4199 E OsSdk   : error getting shared memory region, memory type: HeadTracker, failed with Status(-1, EX_SECURITY): 'requested shared memory region when not registered/focused'
11-02 20:33:41.113   840  1178 I [CT]    : VEGA_MAPPER:SubmapTrackingValidator: Pausing map building until validation is complete. 3.280000000000001 seconds remaining
11-02 20:33:41.116   840  1703 W TrackingService: attachClient: found client in attached list
11-02 20:33:41.117  4075  4199 E OsSdk   : error getting shared memory region, memory type: HeadTracker, failed with Status(-1, EX_SECURITY): 'requested shared memory region when not registered/focused'
11-02 20:33:41.161  4075  4199 E OsSdk   : error getting shared memory region, memory type: HeadTracker, failed with Status(-1, EX_SECURITY): 'requested shared memory region when not registered/focused'
11-02 20:33:41.196  4075  4199 E OsSdk   : error getting shared memory region, memory type: HeadTracker, failed with Status(-1, EX_SECURITY): 'requested shared memory region when not registered/focused'
11-02 20:33:41.240  4075  4199 E OsSdk   : error getting shared memory region, memory type: HeadTracker, failed with Status(-1, EX_SECURITY): 'requested shared memory region when not registered/focused'
11-02 20:33:41.241  4075  4199 E OsSdk   : error getting shared memory region, memory type: AnchorTracker, failed with Status(-1, EX_SECURITY): 'requested shared memory region when not registered/focused'
11-02 20:33:41.283   840  1703 I chatty  : uid=1000(system) Binder:840_4 identical 5 lines
11-02 20:33:41.284  4075  4199 E OsSdk   : error getting shared memory region, memory type: HeadTracker, failed with Status(-1, EX_SECURITY): 'requested shared memory region when not registered/focused'
11-02 20:33:41.329   840  1703 W TrackingService: attachClient: found client in attached list
11-02 20:33:41.330  4075  4199 E OsSdk   : error getting shared memory region, memory type: HeadTracker, failed with Status(-1, EX_SECURITY): 'requested shared memory region when not registered/focused'
11-02 20:33:41.370   840  1171 W TrackingService: attachClient: found client in attached list
11-02 20:33:41.372  4075  4199 E OsSdk   : error getting shared memory region, memory type: HeadTracker, failed with Status(-1, EX_SECURITY): 'requested shared memory region when not registered/focused'
11-02 20:33:41.397  4075  4199 E OsSdk   : error getting shared memory region, memory type: HeadTracker, failed with Status(-1, EX_SECURITY): 'requested shared memory region when not registered/focused'
11-02 20:33:41.435  4075  4199 E OsSdk   : error getting shared memory region, memory type: HeadTracker, failed with Status(-1, EX_SECURITY): 'requested shared memory region when not registered/focused'
11-02 20:33:41.480  4075  4199 E OsSdk   : error getting shared memory region, memory type: HeadTracker, failed with Status(-1, EX_SECURITY): 'requested shared memory region when not registered/focused'
11-02 20:33:41.482  4075  4199 E OsSdk   : error getting shared memory region, memory type: AnchorTracker, failed with Status(-1, EX_SECURITY): 'requested shared memory region when not registered/focused'
11-02 20:33:41.505  4075  4199 E OsSdk   : error getting shared memory region, memory type: HeadTracker, failed with Status(-1, EX_SECURITY): 'requested shared memory region when not registered/focused'
11-02 20:33:41.534  4075  4199 E OsSdk   : error getting shared memory region, memory type: HeadTracker, failed with Status(-1, EX_SECURITY): 'requested shared memory region when not registered/focused'
11-02 20:33:41.581  4075  4199 E OsSdk   : error getting shared memory region, memory type: HeadTracker, failed with Status(-1, EX_SECURITY): 'requested shared memory region when not registered/focused'
11-02 20:33:41.622  4075  4199 E OsSdk   : error getting shared memory region, memory type: HeadTracker, failed with Status(-1, EX_SECURITY): 'requested shared memory region when not registered/focused'
11-02 20:33:41.647  4075  4199 E OsSdk   : error getting shared memory region, memory type: HeadTracker, failed with Status(-1, EX_SECURITY): 'requested shared memory region when not registered/focused'
11-02 20:33:41.685  4075  4199 E OsSdk   : error getting shared memory region, memory type: HeadTracker, failed with Status(-1, EX_SECURITY): 'requested shared memory region when not registered/focused'
11-02 20:33:41.687  4075  4199 E OsSdk   : error getting shared memory region, memory type: AnchorTracker, failed with Status(-1, EX_SECURITY): 'requested shared memory region when not registered/focused'
11-02 20:33:41.731  4075  4199 E OsSdk   : error getting shared memory region, memory type: HeadTracker, failed with Status(-1, EX_SECURITY): 'requested shared memory region when not registered/focused'
11-02 20:33:41.768  4075  4199 E OsSdk   : error getting shared memory region, memory type: HeadTracker, failed with Status(-1, EX_SECURITY): 'requested shared memory region when not registered/focused'
11-02 20:33:41.813  4075  4199 E OsSdk   : error getting shared memory region, memory type: HeadTracker, failed with Status(-1, EX_SECURITY): 'requested shared memory region when not registered/focused'
11-02 20:33:41.858  4075  4199 E OsSdk   : error getting shared memory region, memory type: HeadTracker, failed with Status(-1, EX_SECURITY): 'requested shared memory region when not registered/focused'
11-02 20:33:41.901  4075  4199 E OsSdk   : error getting shared memory region, memory type: HeadTracker, failed with Status(-1, EX_SECURITY): 'requested shared memory region when not registered/focused'
11-02 20:33:41.941  4075  4199 E OsSdk   : error getting shared memory region, memory type: HeadTracker, failed with Status(-1, EX_SECURITY): 'requested shared memory region when not registered/focused'
11-02 20:33:41.942  4075  4199 E OsSdk   : error getting shared memory region, memory type: AnchorTracker, failed with Status(-1, EX_SECURITY): 'requested shared memory region when not registered/focused'
11-02 20:33:41.986  4075  4199 E OsSdk   : error getting shared memory region, memory type: HeadTracker, failed with Status(-1, EX_SECURITY): 'requested shared memory region when not registered/focused'
11-02 20:33:42.027  4075  4164 D xrstreaming: receive ping: org 0 recv 0 xmt 11136881487700 (received at 2763247007850), offset divergence -328241
11-02 20:33:42.031  4075  4199 E OsSdk   : error getting shared memory region, memory type: HeadTracker, failed with Status(-1, EX_SECURITY): 'requested shared memory region when not registered/focused'
11-02 20:33:42.075  4075  4199 E OsSdk   : error getting shared memory region, memory type: HeadTracker, failed with Status(-1, EX_SECURITY): 'requested shared memory region when not registered/focused'
11-02 20:33:42.120  4075  4199 E OsSdk   : error getting shared memory region, memory type: HeadTracker, failed with Status(-1, EX_SECURITY): 'requested shared memory region when not registered/focused'
11-02 20:33:42.167  4075  4199 E OsSdk   : error getting shared memory region, memory type: HeadTracker, failed with Status(-1, EX_SECURITY): 'requested shared memory region when not registered/focused'
11-02 20:33:42.201  4075  4199 E OsSdk   : error getting shared memory region, memory type: HeadTracker, failed with Status(-1, EX_SECURITY): 'requested shared memory region when not registered/focused'
11-02 20:33:42.202  4075  4199 E OsSdk   : error getting shared memory region, memory type: AnchorTracker, failed with Status(-1, EX_SECURITY): 'requested shared memory region when not registered/focused'
11-02 20:33:42.243  4075  4199 E OsSdk   : error getting shared memory region, memory type: HeadTracker, failed with Status(-1, EX_SECURITY): 'requested shared memory region when not registered/focused'
11-02 20:33:42.286  4075  4199 E OsSdk   : error getting shared memory region, memory type: HeadTracker, failed with Status(-1, EX_SECURITY): 'requested shared memory region when not registered/focused'
11-02 20:33:42.293  1806  3426 I Telemetry: App memory usage: PSS=24 MiB, PrivateDirty=19 MiB, PrivateClean=1 MiB, GPU=3.3/3.5 MiB (95% allocated)
11-02 20:33:42.313  1337  7363 I VrRuntimeService: DestroySwapChain: swapchain=153
11-02 20:33:42.314  1337  7363 I VrRuntimeService: DestroySwapChain: swapchain=154
11-02 20:33:42.331  4075  4199 E OsSdk   : error getting shared memory region, memory type: HeadTracker, failed with Status(-1, EX_SECURITY): 'requested shared memory region when not registered/focused'
11-02 20:33:42.336  7264  7540 I chatty  : uid=10123(com.epicgames.PrototypeV3) expire 1 line
11-02 20:33:42.354  2967  3051 W GuardianOpenXrMgr: @@@ wait frame retry=10 dtWait=0.000000 dtFrame=0.040682 submittedFrameIndex=17638
11-02 20:33:42.371   578   607 I SyncBossFW: 2761145 [info   ] {PERF}: cpu load cur=0.4560 min=0.0517 max=0.4833 avg=0.3404
11-02 20:33:42.371  4075  4199 E OsSdk   : error getting shared memory region, memory type: HeadTracker, failed with Status(-1, EX_SECURITY): 'requested shared memory region when not registered/focused'
11-02 20:33:42.385  2967  3051 W GuardianOpenXrMgr: @@@ wait frame retry=10 dtWait=0.000000 dtFrame=0.030427 submittedFrameIndex=17639
11-02 20:33:42.393   840  7426 I [CT]    : VIPER: Mode=SuperVega,Status=6DoF,TRACKING,Inl=20,Mem=88.2,Jit=0.1mm,Issues(Cam/min=0.0,IMU/min=0.0),Exp=(14.0ms,g=15.0,I=65,Ir=313.8)(14.0ms,g=15.0,I=87,Ir=415.2)(14.0ms,g=15.0,I=87,Ir=418.4)(11.9ms,g=15.0,I=75,Ir=422.1)
11-02 20:33:42.393   840  7426 W [CT]    : VIPER: Images too dark, 
11-02 20:33:42.397   840  7432 I [CT]    : CONSTELLATION:VISION_STATUS: 86557c336c360320 (L): BlobDetection:[#BlobsDetected=(22.02, 2.89)]Matching:[MatchSuccess=1.000, MatchCost=(0.00070, 0.00000), #MatchedBlobs=(11.31, 0.98), #MatchedLeds=(5.92, 0.40), RematchM=0.000, SkipRefine=0.000] MatchMethod:[Prox=1.000, ConstBrute=0.000, UnconstBrute=0.000] MatchResets[AnomBlobSize=0.000, SharedMatch=0.000, DenseReacq=0.000] | Fusion:[FusionError=0.000, ImuFromCamMs=(8.363, 0.994), RematchF=0.000] FusionUpdates:[Successful=0.628, Reliable=0.628, TightFusion=0.628, FullPose=0.000, StaticPrior=0.372, StaticForHandTrans=0.384, PoseUpdateMD=(0.0000, 0.0000)] FusionResets[6DoFReset=0.000, ResetSuccess=0.000] FusionStatus[HasPosition=1.000, HasVelocity=1.000] 
11-02 20:33:42.397   840  7432 I [CT]    : CONSTELLATION:VISION_STATUS: 729165a0fe4054d7 (R): BlobDetection:[#BlobsDetected=(22.02, 2.89)]Matching:[MatchSuccess=1.000, MatchCost=(0.00157, 0.00000), #MatchedBlobs=(10.62, 2.28), #MatchedLeds=(6.39, 0.97), RematchM=0.000, SkipRefine=0.000] MatchMethod:[Prox=1.000, ConstBrute=0.000, UnconstBrute=0.000] MatchResets[AnomBlobSize=0.000, SharedMatch=0.000, DenseReacq=0.000] | Fusion:[FusionError=0.000, ImuFromCamMs=(8.681, 0.875), RematchF=0.000] FusionUpdates:[Successful=0.624, Reliable=0.624, TightFusion=0.624, FullPose=0.000, StaticPrior=0.376, StaticForHandTrans=0.396, PoseUpdateMD=(0.0000, 0.0000)] FusionResets[6DoFReset=0.000, ResetSuccess=0.000] FusionStatus[HasPosition=1.000, HasVelocity=1.000] 
11-02 20:33:42.417   840  1171 I chatty  : uid=1000(system) Binder:840_3 identical 30 lines
11-02 20:33:42.419  4075  4199 E OsSdk   : error getting shared memory region, memory type: HeadTracker, failed with Status(-1, EX_SECURITY): 'requested shared memory region when not registered/focused'
11-02 20:33:42.420   840  5967 I [CT]    : boltlib: DSP utilization: 7.32 % (366 / 5000 ms)
11-02 20:33:42.424  1337  7437 I CompositorVR: SetSchedFifo( tid=7545, pol=2, pri=0 ) succeeded
11-02 20:33:42.424  2967  3051 W GuardianOpenXrMgr: @@@ wait frame retry=10 dtWait=0.000001 dtFrame=0.032993 submittedFrameIndex=17641
11-02 20:33:42.433   840  7426 W [CT]    : SVEGA: getMap is not supported.
11-02 20:33:42.463   840  1171 W TrackingService: attachClient: found client in attached list
11-02 20:33:42.465  2967  3051 W GuardianOpenXrMgr: @@@ wait frame retry=10 dtWait=0.000001 dtFrame=0.034423 submittedFrameIndex=17643
11-02 20:33:42.465  4075  4199 E OsSdk   : error getting shared memory region, memory type: HeadTracker, failed with Status(-1, EX_SECURITY): 'requested shared memory region when not registered/focused'
11-02 20:33:42.466   840  1703 W TrackingService: attachClient: found client in attached list
11-02 20:33:42.467  4075  4199 E OsSdk   : error getting shared memory region, memory type: AnchorTracker, failed with Status(-1, EX_SECURITY): 'requested shared memory region when not registered/focused'
11-02 20:33:42.507  4075  4199 E OsSdk   : error getting shared memory region, memory type: HeadTracker, failed with Status(-1, EX_SECURITY): 'requested shared memory region when not registered/focused'
11-02 20:33:42.548  4075  4199 E OsSdk   : error getting shared memory region, memory type: HeadTracker, failed with Status(-1, EX_SECURITY): 'requested shared memory region when not registered/focused'
11-02 20:33:42.565  2967  3051 W GuardianOpenXrMgr: @@@ wait frame retry=10 dtWait=0.000001 dtFrame=0.037153 submittedFrameIndex=17648
11-02 20:33:42.594  4075  4199 E OsSdk   : error getting shared memory region, memory type: HeadTracker, failed with Status(-1, EX_SECURITY): 'requested shared memory region when not registered/focused'
11-02 20:33:42.606  2967  3051 W GuardianOpenXrMgr: @@@ wait frame retry=10 dtWait=0.000000 dtFrame=0.036234 submittedFrameIndex=17650
11-02 20:33:42.639  4075  4199 E OsSdk   : error getting shared memory region, memory type: HeadTracker, failed with Status(-1, EX_SECURITY): 'requested shared memory region when not registered/focused'
11-02 20:33:42.646  2967  3051 W GuardianOpenXrMgr: @@@ wait frame retry=10 dtWait=0.000001 dtFrame=0.034528 submittedFrameIndex=17652
11-02 20:33:42.687  2967  3051 W GuardianOpenXrMgr: @@@ wait frame retry=10 dtWait=0.000001 dtFrame=0.033222 submittedFrameIndex=17654
11-02 20:33:42.688  4075  4199 E OsSdk   : error getting shared memory region, memory type: HeadTracker, failed with Status(-1, EX_SECURITY): 'requested shared memory region when not registered/focused'
11-02 20:33:42.727  2967  3051 W GuardianOpenXrMgr: @@@ wait frame retry=10 dtWait=0.000000 dtFrame=0.031701 submittedFrameIndex=17656
11-02 20:33:42.730  4075  4199 E OsSdk   : error getting shared memory region, memory type: HeadTracker, failed with Status(-1, EX_SECURITY): 'requested shared memory region when not registered/focused'
11-02 20:33:42.732  4075  4199 E OsSdk   : error getting shared memory region, memory type: AnchorTracker, failed with Status(-1, EX_SECURITY): 'requested shared memory region when not registered/focused'
11-02 20:33:42.779   840  7426 W [CT]    : TIMESTAMPCHECKER: Nominal rate wrong. Estimated data rate: 25, Nominal is 30.000300003000028
11-02 20:33:42.780  4075  4199 E OsSdk   : error getting shared memory region, memory type: HeadTracker, failed with Status(-1, EX_SECURITY): 'requested shared memory region when not registered/focused'
11-02 20:33:42.787  2967  3051 W GuardianOpenXrMgr: @@@ wait frame retry=10 dtWait=0.000001 dtFrame=0.035775 submittedFrameIndex=17658
11-02 20:33:42.824  4075  4199 E OsSdk   : error getting shared memory region, memory type: HeadTracker, failed with Status(-1, EX_SECURITY): 'requested shared memory region when not registered/focused'
11-02 20:33:42.828  2967  3051 W GuardianOpenXrMgr: @@@ wait frame retry=10 dtWait=0.000001 dtFrame=0.035034 submittedFrameIndex=17660
11-02 20:33:42.869  4075  4199 E OsSdk   : error getting shared memory region, memory type: HeadTracker, failed with Status(-1, EX_SECURITY): 'requested shared memory region when not registered/focused'
11-02 20:33:42.899  2967  3051 W GuardianOpenXrMgr: @@@ wait frame retry=10 dtWait=0.000001 dtFrame=0.037008 submittedFrameIndex=17663
11-02 20:33:42.915  4075  4199 E OsSdk   : error getting shared memory region, memory type: HeadTracker, failed with Status(-1, EX_SECURITY): 'requested shared memory region when not registered/focused'
11-02 20:33:42.940  2967  3051 W GuardianOpenXrMgr: @@@ wait frame retry=10 dtWait=0.000001 dtFrame=0.035535 submittedFrameIndex=17665
11-02 20:33:42.960   840  1703 I chatty  : uid=1000(system) Binder:840_4 identical 12 lines
11-02 20:33:42.961  4075  4199 E OsSdk   : error getting shared memory region, memory type: HeadTracker, failed with Status(-1, EX_SECURITY): 'requested shared memory region when not registered/focused'
11-02 20:33:42.994   840  1703 W TrackingService: attachClient: found client in attached list
11-02 20:33:42.995  4075  4199 E OsSdk   : error getting shared memory region, memory type: HeadTracker, failed with Status(-1, EX_SECURITY): 'requested shared memory region when not registered/focused'
11-02 20:33:42.995   840  1171 W TrackingService: attachClient: found client in attached list
11-02 20:33:42.996  4075  4199 E OsSdk   : error getting shared memory region, memory type: AnchorTracker, failed with Status(-1, EX_SECURITY): 'requested shared memory region when not registered/focused'
11-02 20:33:43.038  4075  4164 D xrstreaming: receive ping: org 0 recv 0 xmt 11137893528300 (received at 2764258982329), offset divergence -328241
11-02 20:33:43.042  4075  4199 E OsSdk   : error getting shared memory region, memory type: HeadTracker, failed with Status(-1, EX_SECURITY): 'requested shared memory region when not registered/focused'
11-02 20:33:43.088  4075  4199 E OsSdk   : error getting shared memory region, memory type: HeadTracker, failed with Status(-1, EX_SECURITY): 'requested shared memory region when not registered/focused'
11-02 20:33:43.102  2967  3051 W GuardianOpenXrMgr: @@@ wait frame retry=10 dtWait=0.000000 dtFrame=0.030813 submittedFrameIndex=17672
11-02 20:33:43.134  4075  4199 E OsSdk   : error getting shared memory region, memory type: HeadTracker, failed with Status(-1, EX_SECURITY): 'requested shared memory region when not registered/focused'
11-02 20:33:43.162  2967  3051 W GuardianOpenXrMgr: @@@ wait frame retry=10 dtWait=0.000001 dtFrame=0.035001 submittedFrameIndex=17674
11-02 20:33:43.173  4075  4199 E OsSdk   : error getting shared memory region, memory type: HeadTracker, failed with Status(-1, EX_SECURITY): 'requested shared memory region when not registered/focused'
11-02 20:33:43.229  4075  4199 E OsSdk   : error getting shared memory region, memory type: HeadTracker, failed with Status(-1, EX_SECURITY): 'requested shared memory region when not registered/focused'
11-02 20:33:43.230  4075  4199 E OsSdk   : error getting shared memory region, memory type: AnchorTracker, failed with Status(-1, EX_SECURITY): 'requested shared memory region when not registered/focused'
11-02 20:33:43.233  2967  3051 W GuardianOpenXrMgr: @@@ wait frame retry=10 dtWait=0.000001 dtFrame=0.036763 submittedFrameIndex=17677
11-02 20:33:43.271  4075  4199 E OsSdk   : error getting shared memory region, memory type: HeadTracker, failed with Status(-1, EX_SECURITY): 'requested shared memory region when not registered/focused'
11-02 20:33:43.273  2967  3051 W GuardianOpenXrMgr: @@@ wait frame retry=10 dtWait=0.000001 dtFrame=0.034782 submittedFrameIndex=17679
11-02 20:33:43.311  4075  4199 E OsSdk   : error getting shared memory region, memory type: HeadTracker, failed with Status(-1, EX_SECURITY): 'requested shared memory region when not registered/focused'
11-02 20:33:43.314  2967  3051 W GuardianOpenXrMgr: @@@ wait frame retry=10 dtWait=0.000001 dtFrame=0.033602 submittedFrameIndex=17681
11-02 20:33:43.354  4075  4199 E OsSdk   : error getting shared memory region, memory type: HeadTracker, failed with Status(-1, EX_SECURITY): 'requested shared memory region when not registered/focused'
11-02 20:33:43.401  4075  4199 E OsSdk   : error getting shared memory region, memory type: HeadTracker, failed with Status(-1, EX_SECURITY): 'requested shared memory region when not registered/focused'
11-02 20:33:43.414  2967  3051 W GuardianOpenXrMgr: @@@ wait frame retry=10 dtWait=0.000000 dtFrame=0.037005 submittedFrameIndex=17686
11-02 20:33:43.445  4075  4199 E OsSdk   : error getting shared memory region, memory type: HeadTracker, failed with Status(-1, EX_SECURITY): 'requested shared memory region when not registered/focused'
11-02 20:33:43.455  2967  3051 W GuardianOpenXrMgr: @@@ wait frame retry=10 dtWait=0.000000 dtFrame=0.035105 submittedFrameIndex=17688
11-02 20:33:43.491  4075  4199 E OsSdk   : error getting shared memory region, memory type: HeadTracker, failed with Status(-1, EX_SECURITY): 'requested shared memory region when not registered/focused'
11-02 20:33:43.493  4075  4199 E OsSdk   : error getting shared memory region, memory type: AnchorTracker, failed with Status(-1, EX_SECURITY): 'requested shared memory region when not registered/focused'
11-02 20:33:43.506   840  1171 I chatty  : uid=1000(system) Binder:840_3 identical 15 lines
11-02 20:33:43.507  4075  4199 E OsSdk   : error getting shared memory region, memory type: HeadTracker, failed with Status(-1, EX_SECURITY): 'requested shared memory region when not registered/focused'
11-02 20:33:43.513   840  1178 I [CT]    : VEGA_MAPPER:SubmapTrackingValidator: Pausing map building until validation is complete. 0.879999999999999 seconds remaining
11-02 20:33:43.525  2967  3051 W GuardianOpenXrMgr: @@@ wait frame retry=10 dtWait=0.000001 dtFrame=0.036154 submittedFrameIndex=17691
11-02 20:33:43.551   840  1171 W TrackingService: attachClient: found client in attached list
11-02 20:33:43.551  4075  4199 E OsSdk   : error getting shared memory region, memory type: HeadTracker, failed with Status(-1, EX_SECURITY): 'requested shared memory region when not registered/focused'
11-02 20:33:43.555  1337  7363 I VrRuntimeService: RuntimeServiceSDKServer::EnableRendering: 0x0, 0, com.epicgames.PrototypeV3
11-02 20:33:43.555  1337  7363 I ClientMgr: ClientMgr::EnableRendering 7264:com.epicgames.PrototypeV3 : type 0 comp-id 8: disable
11-02 20:33:43.555  1337  7363 I VrRuntimeServer: DisableCompositorClient: 8
11-02 20:33:43.555  1337  7363 I CompositorClientMgr: Disable client 8
11-02 20:33:43.555  1337  7363 I CompositorClientMgr: DisableClient: frame flush required: 1
11-02 20:33:43.555  1337  2337 I ClientMgr: Non-overlay clients rendering status has changed: prev=17, curr=18, enabled=0
11-02 20:33:43.566  1337  2337 I CompositorClientMgr: Enable client 0
11-02 20:33:43.566  1337  2337 I VrRuntimeServer: EnableCompositorClient client(0): layer placement(2147483643) flags(8) sm(0x78bdf7a160)
11-02 20:33:43.569  1337  7363 I UnifiedTelemetryWrapper: Stopped UT session render:com.epicgames.PrototypeV3
11-02 20:33:43.570  2967  3057 I RuntimeIPCServerMgr: HandleClientDisconnect: Client: com.epicgames.PrototypeV3:com.epicgames.PrototypeV3:7264, Server: com.oculus.guardian:com.oculus.vrguardianservice (guardianserver)
11-02 20:33:43.571  1337  1366 I RuntimeIPCServerMgr: HandleClientDisconnect: Client: com.epicgames.PrototypeV3:com.epicgames.PrototypeV3:7264, Server: com.oculus.systemdriver:com.oculus.vrruntimeservice (RuntimeServiceServer)
11-02 20:33:43.571  1337  7363 I VrRuntimeService: RuntimeIPC: IPC_SYSTEM_EVENT_CLIENT_DISCONNECTED_EXT: com.epicgames.PrototypeV3
11-02 20:33:43.571  1337  7363 I ClientMgr: ClientMgr::DestroyClient: 7264:com.epicgames.PrototypeV3
11-02 20:33:43.571  1337  7363 I ClientMgr: ClientMgr::DestroyClient: Remove 7264:com.epicgames.PrototypeV3 as focused client.
11-02 20:33:43.571  1337  7363 I ClientMgr: FocusedClient changed.
11-02 20:33:43.571  1337  7363 W ClientMgr: ClientMgr::SetFocusedClient: No focused client
11-02 20:33:43.571  1337  7363 I ClientMgr: Releasing clocks.
11-02 20:33:43.571  1337  7363 I ClientMgr: SetFocusedPackageName - packageName  processName  clientId 0 clientPid 0
11-02 20:33:43.571  1337  7363 I ClientMgr: ClientMgr::DestroyClient: non-deferred ShutdownResources: 1096 == 1096 
11-02 20:33:43.571  1337  7363 I VrRuntimeServer: UnRegisterCompositorClient client(8)
11-02 20:33:43.571  1337  7363 I ClientMgr: RemoveClient: com.epicgames.PrototypeV3:com.epicgames.PrototypeV3:7264
11-02 20:33:43.571   840  1171 I TrackingService: Unregistering client by ITrackingService.unregisterClient
11-02 20:33:43.571   840  1171 I TrackingService: Failed to unregister client because client not found in registered list
11-02 20:33:43.571   840  1171 I chatty  : uid=1000(system) Binder:840_3 identical 7 lines
11-02 20:33:43.571   840  1171 I TrackingService: Failed to unregister client because client not found in registered list
11-02 20:33:43.572   840  1171 D TrackingService: unregister: com.epicgames.PrototypeV3
11-02 20:33:43.572  1562  2062 W SessionController: Failed to stop session (com.oculus.systemdriver:render_process_unknown) because the sessionName does not exist.
11-02 20:33:43.573  2967  3051 I GuardianSystem: runtimeServiceSDKClient_.ActiveClientDestroyedEventData: package=[com.epicgames.PrototypeV3], process=[com.epicgames.PrototypeV3]
11-02 20:33:43.573  2967  3051 I GuardianSystem: OnDestroyActiveClient: com.epicgames.PrototypeV3
