10-14 16:13:13.026  7142  7225 E OsSdk   : error getting shared memory region, memory type: HeadTracker, failed with Status(-1, EX_SECURITY): 'requested shared memory region when not registered/focused'
10-14 16:13:13.035  8024  8062 I OpenXR_Actions: -------- xrStopHapticFeedback ----------
10-14 16:13:13.035  8024  8062 I OpenXR_Actions: xrStopHapticFeedback: ignoring feedback for unbound but attached action.
10-14 16:13:13.035  8024  8062 I OpenXR_Actions: -------- xrStopHapticFeedback ----------
10-14 16:13:13.035  8024  8062 I OpenXR_Actions: xrStopHapticFeedback: ignoring feedback for unbound but attached action.
10-14 16:13:13.036  8024  8163 I JniUtils: Creating temporary JNIEnv. This is a heavy operation and should be infrequent. To optimize, use JNI AttachCurrentThread on calling thread
10-14 16:13:13.056  8024  8062 I OpenXR_Actions: -------- xrStopHapticFeedback ----------
10-14 16:13:13.056  8024  8062 I OpenXR_Actions: xrStopHapticFeedback: ignoring feedback for unbound but attached action.
10-14 16:13:13.056  8024  8062 I OpenXR_Actions: -------- xrStopHapticFeedback ----------
10-14 16:13:13.056  8024  8062 I OpenXR_Actions: xrStopHapticFeedback: ignoring feedback for unbound but attached action.
10-14 16:13:13.056  8024  8163 I JniUtils: Creating temporary JNIEnv. This is a heavy operation and should be infrequent. To optimize, use JNI AttachCurrentThread on calling thread
10-14 16:13:13.065   874   874 W TrackingService: attachClient: found client in attached list
10-14 16:13:13.065  7142  7225 E OsSdk   : error getting shared memory region, memory type: HeadTracker, failed with Status(-1, EX_SECURITY): 'requested shared memory region when not registered/focused'
10-14 16:13:13.065   874  1202 W TrackingService: attachClient: found client in attached list
10-14 16:13:13.066  7142  7225 E OsSdk   : error getting shared memory region, memory type: AnchorTracker, failed with Status(-1, EX_SECURITY): 'requested shared memory region when not registered/focused'
10-14 16:13:13.076  8024  8062 I OpenXR_Actions: -------- xrStopHapticFeedback ----------
10-14 16:13:13.076  8024  8062 I OpenXR_Actions: xrStopHapticFeedback: ignoring feedback for unbound but attached action.
10-14 16:13:13.076  8024  8062 I OpenXR_Actions: -------- xrStopHapticFeedback ----------
10-14 16:13:13.076  8024  8062 I OpenXR_Actions: xrStopHapticFeedback: ignoring feedback for unbound but attached action.
10-14 16:13:13.077  8024  8163 I JniUtils: Creating temporary JNIEnv. This is a heavy operation and should be infrequent. To optimize, use JNI AttachCurrentThread on calling thread
10-14 16:13:13.097  8024  8062 I OpenXR_Actions: -------- xrStopHapticFeedback ----------
10-14 16:13:13.097  8024  8062 I OpenXR_Actions: xrStopHapticFeedback: ignoring feedback for unbound but attached action.
10-14 16:13:13.097  8024  8062 I OpenXR_Actions: -------- xrStopHapticFeedback ----------
10-14 16:13:13.097  8024  8062 I OpenXR_Actions: xrStopHapticFeedback: ignoring feedback for unbound but attached action.
10-14 16:13:13.097  8024  8163 I JniUtils: Creating temporary JNIEnv. This is a heavy operation and should be infrequent. To optimize, use JNI AttachCurrentThread on calling thread
10-14 16:13:13.110  7142  7225 E OsSdk   : error getting shared memory region, memory type: HeadTracker, failed with Status(-1, EX_SECURITY): 'requested shared memory region when not registered/focused'
10-14 16:13:13.118  8024  8062 I OpenXR_Actions: -------- xrStopHapticFeedback ----------
10-14 16:13:13.118  8024  8062 I OpenXR_Actions: xrStopHapticFeedback: ignoring feedback for unbound but attached action.
10-14 16:13:13.118  8024  8062 I OpenXR_Actions: -------- xrStopHapticFeedback ----------
10-14 16:13:13.118  8024  8062 I OpenXR_Actions: xrStopHapticFeedback: ignoring feedback for unbound but attached action.
10-14 16:13:13.119  8024  8163 I JniUtils: Creating temporary JNIEnv. This is a heavy operation and should be infrequent. To optimize, use JNI AttachCurrentThread on calling thread
10-14 16:13:13.139  8024  8062 I OpenXR_Actions: -------- xrStopHapticFeedback ----------
10-14 16:13:13.139  8024  8062 I OpenXR_Actions: xrStopHapticFeedback: ignoring feedback for unbound but attached action.
10-14 16:13:13.139  8024  8062 I OpenXR_Actions: -------- xrStopHapticFeedback ----------
10-14 16:13:13.139  8024  8062 I OpenXR_Actions: xrStopHapticFeedback: ignoring feedback for unbound but attached action.
10-14 16:13:13.139  8024  8163 I JniUtils: Creating temporary JNIEnv. This is a heavy operation and should be infrequent. To optimize, use JNI AttachCurrentThread on calling thread
10-14 16:13:13.151  7142  7225 E OsSdk   : error getting shared memory region, memory type: HeadTracker, failed with Status(-1, EX_SECURITY): 'requested shared memory region when not registered/focused'
10-14 16:13:13.159  8024  8062 I OpenXR_Actions: -------- xrStopHapticFeedback ----------
10-14 16:13:13.159  8024  8062 I OpenXR_Actions: xrStopHapticFeedback: ignoring feedback for unbound but attached action.
10-14 16:13:13.159  8024  8062 I OpenXR_Actions: -------- xrStopHapticFeedback ----------
10-14 16:13:13.159  8024  8062 I OpenXR_Actions: xrStopHapticFeedback: ignoring feedback for unbound but attached action.
10-14 16:13:13.160  8024  8163 I JniUtils: Creating temporary JNIEnv. This is a heavy operation and should be infrequent. To optimize, use JNI AttachCurrentThread on calling thread
10-14 16:13:13.180  8024  8163 I JniUtils: Creating temporary JNIEnv. This is a heavy operation and should be infrequent. To optimize, use JNI AttachCurrentThread on calling thread
10-14 16:13:13.181  8024  8062 I OpenXR_Actions: -------- xrStopHapticFeedback ----------
10-14 16:13:13.181  8024  8062 I OpenXR_Actions: xrStopHapticFeedback: ignoring feedback for unbound but attached action.
10-14 16:13:13.181  8024  8062 I OpenXR_Actions: -------- xrStopHapticFeedback ----------
10-14 16:13:13.181  8024  8062 I OpenXR_Actions: xrStopHapticFeedback: ignoring feedback for unbound but attached action.
10-14 16:13:13.194  7142  7225 E OsSdk   : error getting shared memory region, memory type: HeadTracker, failed with Status(-1, EX_SECURITY): 'requested shared memory region when not registered/focused'
10-14 16:13:13.201  8024  8062 I OpenXR_Actions: -------- xrStopHapticFeedback ----------
10-14 16:13:13.201  8024  8062 I OpenXR_Actions: xrStopHapticFeedback: ignoring feedback for unbound but attached action.
10-14 16:13:13.201  8024  8062 I OpenXR_Actions: -------- xrStopHapticFeedback ----------
10-14 16:13:13.201  8024  8062 I OpenXR_Actions: xrStopHapticFeedback: ignoring feedback for unbound but attached action.
10-14 16:13:13.202  8024  8163 I JniUtils: Creating temporary JNIEnv. This is a heavy operation and should be infrequent. To optimize, use JNI AttachCurrentThread on calling thread
10-14 16:13:13.222  8024  8062 I OpenXR_Actions: -------- xrStopHapticFeedback ----------
10-14 16:13:13.223  8024  8062 I OpenXR_Actions: xrStopHapticFeedback: ignoring feedback for unbound but attached action.
10-14 16:13:13.223  8024  8062 I OpenXR_Actions: -------- xrStopHapticFeedback ----------
10-14 16:13:13.223  8024  8062 I OpenXR_Actions: xrStopHapticFeedback: ignoring feedback for unbound but attached action.
10-14 16:13:13.223  8024  8163 I JniUtils: Creating temporary JNIEnv. This is a heavy operation and should be infrequent. To optimize, use JNI AttachCurrentThread on calling thread
10-14 16:13:13.236  7142  7225 E OsSdk   : error getting shared memory region, memory type: HeadTracker, failed with Status(-1, EX_SECURITY): 'requested shared memory region when not registered/focused'
10-14 16:13:13.243  8024  8062 I OpenXR_Actions: -------- xrStopHapticFeedback ----------
10-14 16:13:13.243  8024  8062 I OpenXR_Actions: xrStopHapticFeedback: ignoring feedback for unbound but attached action.
10-14 16:13:13.243  8024  8062 I OpenXR_Actions: -------- xrStopHapticFeedback ----------
10-14 16:13:13.243  8024  8062 I OpenXR_Actions: xrStopHapticFeedback: ignoring feedback for unbound but attached action.
10-14 16:13:13.244  8024  8163 I JniUtils: Creating temporary JNIEnv. This is a heavy operation and should be infrequent. To optimize, use JNI AttachCurrentThread on calling thread
10-14 16:13:13.264  8024  8062 I OpenXR_Actions: -------- xrStopHapticFeedback ----------
10-14 16:13:13.264  8024  8062 I OpenXR_Actions: xrStopHapticFeedback: ignoring feedback for unbound but attached action.
10-14 16:13:13.264  8024  8062 I OpenXR_Actions: -------- xrStopHapticFeedback ----------
10-14 16:13:13.264  8024  8062 I OpenXR_Actions: xrStopHapticFeedback: ignoring feedback for unbound but attached action.
10-14 16:13:13.265  8024  8163 I JniUtils: Creating temporary JNIEnv. This is a heavy operation and should be infrequent. To optimize, use JNI AttachCurrentThread on calling thread
10-14 16:13:13.281   874  1202 I chatty  : uid=1000(system) Binder:874_3 identical 5 lines
10-14 16:13:13.283  7142  7225 E OsSdk   : error getting shared memory region, memory type: HeadTracker, failed with Status(-1, EX_SECURITY): 'requested shared memory region when not registered/focused'
10-14 16:13:13.285  8024  8062 I OpenXR_Actions: -------- xrStopHapticFeedback ----------
10-14 16:13:13.285  8024  8062 I OpenXR_Actions: xrStopHapticFeedback: ignoring feedback for unbound but attached action.
10-14 16:13:13.285  8024  8062 I OpenXR_Actions: -------- xrStopHapticFeedback ----------
10-14 16:13:13.285  8024  8062 I OpenXR_Actions: xrStopHapticFeedback: ignoring feedback for unbound but attached action.
10-14 16:13:13.286  8024  8163 I JniUtils: Creating temporary JNIEnv. This is a heavy operation and should be infrequent. To optimize, use JNI AttachCurrentThread on calling thread
10-14 16:13:13.307  8024  8062 I OpenXR_Actions: -------- xrStopHapticFeedback ----------
10-14 16:13:13.307  8024  8062 I OpenXR_Actions: xrStopHapticFeedback: ignoring feedback for unbound but attached action.
10-14 16:13:13.307  8024  8062 I OpenXR_Actions: -------- xrStopHapticFeedback ----------
10-14 16:13:13.307  8024  8062 I OpenXR_Actions: xrStopHapticFeedback: ignoring feedback for unbound but attached action.
10-14 16:13:13.307  8024  8163 I JniUtils: Creating temporary JNIEnv. This is a heavy operation and should be infrequent. To optimize, use JNI AttachCurrentThread on calling thread
10-14 16:13:13.313   874  1202 W TrackingService: attachClient: found client in attached list
10-14 16:13:13.313  7142  7225 E OsSdk   : error getting shared memory region, memory type: HeadTracker, failed with Status(-1, EX_SECURITY): 'requested shared memory region when not registered/focused'
10-14 16:13:13.313   874   874 W TrackingService: attachClient: found client in attached list
10-14 16:13:13.314  7142  7225 E OsSdk   : error getting shared memory region, memory type: AnchorTracker, failed with Status(-1, EX_SECURITY): 'requested shared memory region when not registered/focused'
10-14 16:13:13.328  8024  8062 I OpenXR_Actions: -------- xrStopHapticFeedback ----------
10-14 16:13:13.328  8024  8062 I OpenXR_Actions: xrStopHapticFeedback: ignoring feedback for unbound but attached action.
10-14 16:13:13.328  8024  8062 I OpenXR_Actions: -------- xrStopHapticFeedback ----------
10-14 16:13:13.328  8024  8062 I OpenXR_Actions: xrStopHapticFeedback: ignoring feedback for unbound but attached action.
10-14 16:13:13.328  8024  8163 I JniUtils: Creating temporary JNIEnv. This is a heavy operation and should be infrequent. To optimize, use JNI AttachCurrentThread on calling thread
10-14 16:13:13.350  8024  8062 I OpenXR_Actions: -------- xrStopHapticFeedback ----------
10-14 16:13:13.350  8024  8062 I OpenXR_Actions: xrStopHapticFeedback: ignoring feedback for unbound but attached action.
10-14 16:13:13.350  8024  8062 I OpenXR_Actions: -------- xrStopHapticFeedback ----------
10-14 16:13:13.350  8024  8062 I OpenXR_Actions: xrStopHapticFeedback: ignoring feedback for unbound but attached action.
10-14 16:13:13.351  8024  8163 I JniUtils: Creating temporary JNIEnv. This is a heavy operation and should be infrequent. To optimize, use JNI AttachCurrentThread on calling thread
10-14 16:13:13.357  7142  7225 E OsSdk   : error getting shared memory region, memory type: HeadTracker, failed with Status(-1, EX_SECURITY): 'requested shared memory region when not registered/focused'
10-14 16:13:13.371  8024  8062 I OpenXR_Actions: -------- xrStopHapticFeedback ----------
10-14 16:13:13.371  8024  8062 I OpenXR_Actions: xrStopHapticFeedback: ignoring feedback for unbound but attached action.
10-14 16:13:13.371  8024  8062 I OpenXR_Actions: -------- xrStopHapticFeedback ----------
10-14 16:13:13.371  8024  8062 I OpenXR_Actions: xrStopHapticFeedback: ignoring feedback for unbound but attached action.
10-14 16:13:13.371  8024  8163 I JniUtils: Creating temporary JNIEnv. This is a heavy operation and should be infrequent. To optimize, use JNI AttachCurrentThread on calling thread
10-14 16:13:13.392  8024  8062 I OpenXR_Actions: -------- xrStopHapticFeedback ----------
10-14 16:13:13.392  8024  8062 I OpenXR_Actions: xrStopHapticFeedback: ignoring feedback for unbound but attached action.
10-14 16:13:13.392  8024  8062 I OpenXR_Actions: -------- xrStopHapticFeedback ----------
10-14 16:13:13.392  8024  8062 I OpenXR_Actions: xrStopHapticFeedback: ignoring feedback for unbound but attached action.
10-14 16:13:13.393  8024  8163 I JniUtils: Creating temporary JNIEnv. This is a heavy operation and should be infrequent. To optimize, use JNI AttachCurrentThread on calling thread
10-14 16:13:13.402  7142  7225 E OsSdk   : error getting shared memory region, memory type: HeadTracker, failed with Status(-1, EX_SECURITY): 'requested shared memory region when not registered/focused'
10-14 16:13:13.413  8024  8062 I OpenXR_Actions: -------- xrStopHapticFeedback ----------
10-14 16:13:13.413  8024  8062 I OpenXR_Actions: xrStopHapticFeedback: ignoring feedback for unbound but attached action.
10-14 16:13:13.413  8024  8062 I OpenXR_Actions: -------- xrStopHapticFeedback ----------
10-14 16:13:13.413  8024  8062 I OpenXR_Actions: xrStopHapticFeedback: ignoring feedback for unbound but attached action.
10-14 16:13:13.413  8024  8163 I JniUtils: Creating temporary JNIEnv. This is a heavy operation and should be infrequent. To optimize, use JNI AttachCurrentThread on calling thread
10-14 16:13:13.434  8024  8062 I OpenXR_Actions: -------- xrStopHapticFeedback ----------
10-14 16:13:13.435  8024  8062 I OpenXR_Actions: xrStopHapticFeedback: ignoring feedback for unbound but attached action.
10-14 16:13:13.435  8024  8062 I OpenXR_Actions: -------- xrStopHapticFeedback ----------
10-14 16:13:13.435  8024  8062 I OpenXR_Actions: xrStopHapticFeedback: ignoring feedback for unbound but attached action.
10-14 16:13:13.435  8024  8163 I JniUtils: Creating temporary JNIEnv. This is a heavy operation and should be infrequent. To optimize, use JNI AttachCurrentThread on calling thread
10-14 16:13:13.443  7142  7225 E OsSdk   : error getting shared memory region, memory type: HeadTracker, failed with Status(-1, EX_SECURITY): 'requested shared memory region when not registered/focused'
10-14 16:13:13.455  8024  8062 I OpenXR_Actions: -------- xrStopHapticFeedback ----------
10-14 16:13:13.455  8024  8062 I OpenXR_Actions: xrStopHapticFeedback: ignoring feedback for unbound but attached action.
10-14 16:13:13.455  8024  8062 I OpenXR_Actions: -------- xrStopHapticFeedback ----------
10-14 16:13:13.455  8024  8062 I OpenXR_Actions: xrStopHapticFeedback: ignoring feedback for unbound but attached action.
10-14 16:13:13.456  8024  8163 I JniUtils: Creating temporary JNIEnv. This is a heavy operation and should be infrequent. To optimize, use JNI AttachCurrentThread on calling thread
10-14 16:13:13.477  8024  8062 I OpenXR_Actions: -------- xrStopHapticFeedback ----------
10-14 16:13:13.477  8024  8062 I OpenXR_Actions: xrStopHapticFeedback: ignoring feedback for unbound but attached action.
10-14 16:13:13.477  8024  8062 I OpenXR_Actions: -------- xrStopHapticFeedback ----------
10-14 16:13:13.477  8024  8062 I OpenXR_Actions: xrStopHapticFeedback: ignoring feedback for unbound but attached action.
10-14 16:13:13.477  8024  8163 I JniUtils: Creating temporary JNIEnv. This is a heavy operation and should be infrequent. To optimize, use JNI AttachCurrentThread on calling thread
10-14 16:13:13.486  7142  7225 E OsSdk   : error getting shared memory region, memory type: HeadTracker, failed with Status(-1, EX_SECURITY): 'requested shared memory region when not registered/focused'
10-14 16:13:13.498  8024  8062 I OpenXR_Actions: -------- xrStopHapticFeedback ----------
10-14 16:13:13.498  8024  8062 I OpenXR_Actions: xrStopHapticFeedback: ignoring feedback for unbound but attached action.
10-14 16:13:13.498  8024  8062 I OpenXR_Actions: -------- xrStopHapticFeedback ----------
10-14 16:13:13.498  8024  8062 I OpenXR_Actions: xrStopHapticFeedback: ignoring feedback for unbound but attached action.
10-14 16:13:13.499  8024  8163 I JniUtils: Creating temporary JNIEnv. This is a heavy operation and should be infrequent. To optimize, use JNI AttachCurrentThread on calling thread
10-14 16:13:13.519  8024  8062 I OpenXR_Actions: -------- xrStopHapticFeedback ----------
10-14 16:13:13.519  8024  8062 I OpenXR_Actions: xrStopHapticFeedback: ignoring feedback for unbound but attached action.
10-14 16:13:13.519  8024  8062 I OpenXR_Actions: -------- xrStopHapticFeedback ----------
10-14 16:13:13.519  8024  8062 I OpenXR_Actions: xrStopHapticFeedback: ignoring feedback for unbound but attached action.
10-14 16:13:13.519  8024  8163 I JniUtils: Creating temporary JNIEnv. This is a heavy operation and should be infrequent. To optimize, use JNI AttachCurrentThread on calling thread
10-14 16:13:13.529   874   874 I chatty  : uid=1000(system) /system/bin/trackingservice identical 5 lines
10-14 16:13:13.529  7142  7225 E OsSdk   : error getting shared memory region, memory type: HeadTracker, failed with Status(-1, EX_SECURITY): 'requested shared memory region when not registered/focused'
10-14 16:13:13.540  8024  8062 I OpenXR_Actions: -------- xrStopHapticFeedback ----------
10-14 16:13:13.540  8024  8062 I OpenXR_Actions: xrStopHapticFeedback: ignoring feedback for unbound but attached action.
10-14 16:13:13.540  8024  8062 I OpenXR_Actions: -------- xrStopHapticFeedback ----------
10-14 16:13:13.540  8024  8062 I OpenXR_Actions: xrStopHapticFeedback: ignoring feedback for unbound but attached action.
10-14 16:13:13.541  8024  8163 I JniUtils: Creating temporary JNIEnv. This is a heavy operation and should be infrequent. To optimize, use JNI AttachCurrentThread on calling thread
10-14 16:13:13.561  8024  8062 I OpenXR_Actions: -------- xrStopHapticFeedback ----------
10-14 16:13:13.561  8024  8062 I OpenXR_Actions: xrStopHapticFeedback: ignoring feedback for unbound but attached action.
10-14 16:13:13.561  8024  8062 I OpenXR_Actions: -------- xrStopHapticFeedback ----------
10-14 16:13:13.561  8024  8062 I OpenXR_Actions: xrStopHapticFeedback: ignoring feedback for unbound but attached action.
10-14 16:13:13.562  8024  8163 I JniUtils: Creating temporary JNIEnv. This is a heavy operation and should be infrequent. To optimize, use JNI AttachCurrentThread on calling thread
10-14 16:13:13.574   874   874 W TrackingService: attachClient: found client in attached list
10-14 16:13:13.575  7142  7225 E OsSdk   : error getting shared memory region, memory type: HeadTracker, failed with Status(-1, EX_SECURITY): 'requested shared memory region when not registered/focused'
10-14 16:13:13.575   874  1202 W TrackingService: attachClient: found client in attached list
10-14 16:13:13.576  7142  7225 E OsSdk   : error getting shared memory region, memory type: AnchorTracker, failed with Status(-1, EX_SECURITY): 'requested shared memory region when not registered/focused'
10-14 16:13:13.583  8024  8062 I OpenXR_Actions: -------- xrStopHapticFeedback ----------
10-14 16:13:13.583  8024  8062 I OpenXR_Actions: xrStopHapticFeedback: ignoring feedback for unbound but attached action.
10-14 16:13:13.583  8024  8062 I OpenXR_Actions: -------- xrStopHapticFeedback ----------
10-14 16:13:13.583  8024  8062 I OpenXR_Actions: xrStopHapticFeedback: ignoring feedback for unbound but attached action.
10-14 16:13:13.583  8024  8163 I JniUtils: Creating temporary JNIEnv. This is a heavy operation and should be infrequent. To optimize, use JNI AttachCurrentThread on calling thread
10-14 16:13:13.605  8024  8062 I OpenXR_Actions: -------- xrStopHapticFeedback ----------
10-14 16:13:13.605  8024  8062 I OpenXR_Actions: xrStopHapticFeedback: ignoring feedback for unbound but attached action.
10-14 16:13:13.605  8024  8062 I OpenXR_Actions: -------- xrStopHapticFeedback ----------
10-14 16:13:13.605  8024  8062 I OpenXR_Actions: xrStopHapticFeedback: ignoring feedback for unbound but attached action.
10-14 16:13:13.605  8024  8163 I JniUtils: Creating temporary JNIEnv. This is a heavy operation and should be infrequent. To optimize, use JNI AttachCurrentThread on calling thread
10-14 16:13:13.622  7142  7225 E OsSdk   : error getting shared memory region, memory type: HeadTracker, failed with Status(-1, EX_SECURITY): 'requested shared memory region when not registered/focused'
10-14 16:13:13.625  8024  8062 I OpenXR_Actions: -------- xrStopHapticFeedback ----------
10-14 16:13:13.625  8024  8062 I OpenXR_Actions: xrStopHapticFeedback: ignoring feedback for unbound but attached action.
10-14 16:13:13.625  8024  8062 I OpenXR_Actions: -------- xrStopHapticFeedback ----------
10-14 16:13:13.625  8024  8062 I OpenXR_Actions: xrStopHapticFeedback: ignoring feedback for unbound but attached action.
10-14 16:13:13.626  8024  8163 I JniUtils: Creating temporary JNIEnv. This is a heavy operation and should be infrequent. To optimize, use JNI AttachCurrentThread on calling thread
10-14 16:13:13.648  8024  8062 I OpenXR_Actions: -------- xrStopHapticFeedback ----------
10-14 16:13:13.648  8024  8062 I OpenXR_Actions: xrStopHapticFeedback: ignoring feedback for unbound but attached action.
10-14 16:13:13.648  8024  8062 I OpenXR_Actions: -------- xrStopHapticFeedback ----------
10-14 16:13:13.648  8024  8062 I OpenXR_Actions: xrStopHapticFeedback: ignoring feedback for unbound but attached action.
10-14 16:13:13.648  8024  8163 I JniUtils: Creating temporary JNIEnv. This is a heavy operation and should be infrequent. To optimize, use JNI AttachCurrentThread on calling thread
10-14 16:13:13.666  7142  7225 E OsSdk   : error getting shared memory region, memory type: HeadTracker, failed with Status(-1, EX_SECURITY): 'requested shared memory region when not registered/focused'
10-14 16:13:13.668  8024  8062 I OpenXR_Actions: -------- xrStopHapticFeedback ----------
10-14 16:13:13.668  8024  8062 I OpenXR_Actions: xrStopHapticFeedback: ignoring feedback for unbound but attached action.
10-14 16:13:13.668  8024  8062 I OpenXR_Actions: -------- xrStopHapticFeedback ----------
10-14 16:13:13.668  8024  8062 I OpenXR_Actions: xrStopHapticFeedback: ignoring feedback for unbound but attached action.
10-14 16:13:13.669  8024  8163 I JniUtils: Creating temporary JNIEnv. This is a heavy operation and should be infrequent. To optimize, use JNI AttachCurrentThread on calling thread
10-14 16:13:13.690  8024  8062 I OpenXR_Actions: -------- xrStopHapticFeedback ----------
10-14 16:13:13.690  8024  8062 I OpenXR_Actions: xrStopHapticFeedback: ignoring feedback for unbound but attached action.
10-14 16:13:13.690  8024  8062 I OpenXR_Actions: -------- xrStopHapticFeedback ----------
10-14 16:13:13.690  8024  8062 I OpenXR_Actions: xrStopHapticFeedback: ignoring feedback for unbound but attached action.
10-14 16:13:13.690  8024  8163 I JniUtils: Creating temporary JNIEnv. This is a heavy operation and should be infrequent. To optimize, use JNI AttachCurrentThread on calling thread
10-14 16:13:13.712  7142  7225 E OsSdk   : error getting shared memory region, memory type: HeadTracker, failed with Status(-1, EX_SECURITY): 'requested shared memory region when not registered/focused'
10-14 16:13:13.712  8024  8062 I OpenXR_Actions: -------- xrStopHapticFeedback ----------
10-14 16:13:13.712  8024  8062 I OpenXR_Actions: xrStopHapticFeedback: ignoring feedback for unbound but attached action.
10-14 16:13:13.712  8024  8062 I OpenXR_Actions: -------- xrStopHapticFeedback ----------
10-14 16:13:13.712  8024  8062 I OpenXR_Actions: xrStopHapticFeedback: ignoring feedback for unbound but attached action.
10-14 16:13:13.713  8024  8163 I JniUtils: Creating temporary JNIEnv. This is a heavy operation and should be infrequent. To optimize, use JNI AttachCurrentThread on calling thread
10-14 16:13:13.733  8024  8062 I OpenXR_Actions: -------- xrStopHapticFeedback ----------
10-14 16:13:13.733  8024  8062 I OpenXR_Actions: xrStopHapticFeedback: ignoring feedback for unbound but attached action.
10-14 16:13:13.733  8024  8062 I OpenXR_Actions: -------- xrStopHapticFeedback ----------
10-14 16:13:13.733  8024  8062 I OpenXR_Actions: xrStopHapticFeedback: ignoring feedback for unbound but attached action.
10-14 16:13:13.733  8024  8163 I JniUtils: Creating temporary JNIEnv. This is a heavy operation and should be infrequent. To optimize, use JNI AttachCurrentThread on calling thread
10-14 16:13:13.754  7142  7225 E OsSdk   : error getting shared memory region, memory type: HeadTracker, failed with Status(-1, EX_SECURITY): 'requested shared memory region when not registered/focused'
10-14 16:13:13.754  8024  8062 I OpenXR_Actions: -------- xrStopHapticFeedback ----------
10-14 16:13:13.754  8024  8062 I OpenXR_Actions: xrStopHapticFeedback: ignoring feedback for unbound but attached action.
10-14 16:13:13.754  8024  8062 I OpenXR_Actions: -------- xrStopHapticFeedback ----------
10-14 16:13:13.754  8024  8062 I OpenXR_Actions: xrStopHapticFeedback: ignoring feedback for unbound but attached action.
10-14 16:13:13.755  8024  8163 I JniUtils: Creating temporary JNIEnv. This is a heavy operation and should be infrequent. To optimize, use JNI AttachCurrentThread on calling thread
10-14 16:13:13.776  8024  8062 I OpenXR_Actions: -------- xrStopHapticFeedback ----------
10-14 16:13:13.776  8024  8062 I OpenXR_Actions: xrStopHapticFeedback: ignoring feedback for unbound but attached action.
10-14 16:13:13.776  8024  8062 I OpenXR_Actions: -------- xrStopHapticFeedback ----------
10-14 16:13:13.776  8024  8062 I OpenXR_Actions: xrStopHapticFeedback: ignoring feedback for unbound but attached action.
10-14 16:13:13.776  8024  8163 I JniUtils: Creating temporary JNIEnv. This is a heavy operation and should be infrequent. To optimize, use JNI AttachCurrentThread on calling thread
10-14 16:13:13.795   874  1202 I chatty  : uid=1000(system) Binder:874_3 identical 5 lines
10-14 16:13:13.796  7142  7225 E OsSdk   : error getting shared memory region, memory type: HeadTracker, failed with Status(-1, EX_SECURITY): 'requested shared memory region when not registered/focused'
10-14 16:13:13.797  8024  8062 I OpenXR_Actions: -------- xrStopHapticFeedback ----------
10-14 16:13:13.797  8024  8062 I OpenXR_Actions: xrStopHapticFeedback: ignoring feedback for unbound but attached action.
10-14 16:13:13.797  8024  8062 I OpenXR_Actions: -------- xrStopHapticFeedback ----------
10-14 16:13:13.797  8024  8062 I OpenXR_Actions: xrStopHapticFeedback: ignoring feedback for unbound but attached action.
10-14 16:13:13.797  8024  8163 I JniUtils: Creating temporary JNIEnv. This is a heavy operation and should be infrequent. To optimize, use JNI AttachCurrentThread on calling thread
10-14 16:13:13.818  8024  8062 I OpenXR_Actions: -------- xrStopHapticFeedback ----------
10-14 16:13:13.818  8024  8062 I OpenXR_Actions: xrStopHapticFeedback: ignoring feedback for unbound but attached action.
10-14 16:13:13.818  8024  8062 I OpenXR_Actions: -------- xrStopHapticFeedback ----------
10-14 16:13:13.818  8024  8062 I OpenXR_Actions: xrStopHapticFeedback: ignoring feedback for unbound but attached action.
10-14 16:13:13.819  8024  8163 I JniUtils: Creating temporary JNIEnv. This is a heavy operation and should be infrequent. To optimize, use JNI AttachCurrentThread on calling thread
10-14 16:13:13.831   874  1202 W TrackingService: attachClient: found client in attached list
10-14 16:13:13.832  7142  7225 E OsSdk   : error getting shared memory region, memory type: HeadTracker, failed with Status(-1, EX_SECURITY): 'requested shared memory region when not registered/focused'
10-14 16:13:13.832   874   874 W TrackingService: attachClient: found client in attached list
10-14 16:13:13.833  7142  7225 E OsSdk   : error getting shared memory region, memory type: AnchorTracker, failed with Status(-1, EX_SECURITY): 'requested shared memory region when not registered/focused'
10-14 16:13:13.839  8024  8062 I OpenXR_Actions: -------- xrStopHapticFeedback ----------
10-14 16:13:13.839  8024  8062 I OpenXR_Actions: xrStopHapticFeedback: ignoring feedback for unbound but attached action.
10-14 16:13:13.839  8024  8062 I OpenXR_Actions: -------- xrStopHapticFeedback ----------
10-14 16:13:13.839  8024  8062 I OpenXR_Actions: xrStopHapticFeedback: ignoring feedback for unbound but attached action.
10-14 16:13:13.840  8024  8163 I JniUtils: Creating temporary JNIEnv. This is a heavy operation and should be infrequent. To optimize, use JNI AttachCurrentThread on calling thread
10-14 16:13:13.860  8024  8062 I OpenXR_Actions: -------- xrStopHapticFeedback ----------
10-14 16:13:13.861  8024  8062 I OpenXR_Actions: xrStopHapticFeedback: ignoring feedback for unbound but attached action.
10-14 16:13:13.861  8024  8062 I OpenXR_Actions: -------- xrStopHapticFeedback ----------
10-14 16:13:13.861  8024  8062 I OpenXR_Actions: xrStopHapticFeedback: ignoring feedback for unbound but attached action.
10-14 16:13:13.861  8024  8163 I JniUtils: Creating temporary JNIEnv. This is a heavy operation and should be infrequent. To optimize, use JNI AttachCurrentThread on calling thread
10-14 16:13:13.871  7142  7225 E OsSdk   : error getting shared memory region, memory type: HeadTracker, failed with Status(-1, EX_SECURITY): 'requested shared memory region when not registered/focused'
10-14 16:13:13.882  8024  8062 I OpenXR_Actions: -------- xrStopHapticFeedback ----------
10-14 16:13:13.882  8024  8062 I OpenXR_Actions: xrStopHapticFeedback: ignoring feedback for unbound but attached action.
10-14 16:13:13.882  8024  8062 I OpenXR_Actions: -------- xrStopHapticFeedback ----------
10-14 16:13:13.882  8024  8062 I OpenXR_Actions: xrStopHapticFeedback: ignoring feedback for unbound but attached action.
10-14 16:13:13.883  8024  8163 I JniUtils: Creating temporary JNIEnv. This is a heavy operation and should be infrequent. To optimize, use JNI AttachCurrentThread on calling thread
10-14 16:13:13.903  8024  8062 I OpenXR_Actions: -------- xrStopHapticFeedback ----------
10-14 16:13:13.903  8024  8062 I OpenXR_Actions: xrStopHapticFeedback: ignoring feedback for unbound but attached action.
10-14 16:13:13.903  8024  8062 I OpenXR_Actions: -------- xrStopHapticFeedback ----------
10-14 16:13:13.903  8024  8062 I OpenXR_Actions: xrStopHapticFeedback: ignoring feedback for unbound but attached action.
10-14 16:13:13.903  8024  8163 I JniUtils: Creating temporary JNIEnv. This is a heavy operation and should be infrequent. To optimize, use JNI AttachCurrentThread on calling thread
10-14 16:13:13.912  7142  7225 E OsSdk   : error getting shared memory region, memory type: HeadTracker, failed with Status(-1, EX_SECURITY): 'requested shared memory region when not registered/focused'
10-14 16:13:13.925  8024  8163 I JniUtils: Creating temporary JNIEnv. This is a heavy operation and should be infrequent. To optimize, use JNI AttachCurrentThread on calling thread
10-14 16:13:13.926  8024  8062 I OpenXR_Actions: -------- xrStopHapticFeedback ----------
10-14 16:13:13.926  8024  8062 I OpenXR_Actions: xrStopHapticFeedback: ignoring feedback for unbound but attached action.
10-14 16:13:13.926  8024  8062 I OpenXR_Actions: -------- xrStopHapticFeedback ----------
10-14 16:13:13.926  8024  8062 I OpenXR_Actions: xrStopHapticFeedback: ignoring feedback for unbound but attached action.
10-14 16:13:13.945  8024  8062 I OpenXR_Actions: -------- xrStopHapticFeedback ----------
10-14 16:13:13.945  8024  8062 I OpenXR_Actions: xrStopHapticFeedback: ignoring feedback for unbound but attached action.
10-14 16:13:13.945  8024  8062 I OpenXR_Actions: -------- xrStopHapticFeedback ----------
10-14 16:13:13.945  8024  8062 I OpenXR_Actions: xrStopHapticFeedback: ignoring feedback for unbound but attached action.
10-14 16:13:13.946  8024  8163 I JniUtils: Creating temporary JNIEnv. This is a heavy operation and should be infrequent. To optimize, use JNI AttachCurrentThread on calling thread
10-14 16:13:13.950  7142  7225 E OsSdk   : error getting shared memory region, memory type: HeadTracker, failed with Status(-1, EX_SECURITY): 'requested shared memory region when not registered/focused'
10-14 16:13:13.967  8024  8062 I OpenXR_Actions: -------- xrStopHapticFeedback ----------
10-14 16:13:13.967  8024  8062 I OpenXR_Actions: xrStopHapticFeedback: ignoring feedback for unbound but attached action.
10-14 16:13:13.967  8024  8062 I OpenXR_Actions: -------- xrStopHapticFeedback ----------
10-14 16:13:13.967  8024  8062 I OpenXR_Actions: xrStopHapticFeedback: ignoring feedback for unbound but attached action.
10-14 16:13:13.968  8024  8163 I JniUtils: Creating temporary JNIEnv. This is a heavy operation and should be infrequent. To optimize, use JNI AttachCurrentThread on calling thread
10-14 16:13:13.988  8024  8062 I OpenXR_Actions: -------- xrStopHapticFeedback ----------
10-14 16:13:13.988  8024  8062 I OpenXR_Actions: xrStopHapticFeedback: ignoring feedback for unbound but attached action.
10-14 16:13:13.988  8024  8062 I OpenXR_Actions: -------- xrStopHapticFeedback ----------
10-14 16:13:13.988  8024  8062 I OpenXR_Actions: xrStopHapticFeedback: ignoring feedback for unbound but attached action.
10-14 16:13:13.990  8024  8163 I JniUtils: Creating temporary JNIEnv. This is a heavy operation and should be infrequent. To optimize, use JNI AttachCurrentThread on calling thread
10-14 16:13:13.995  7142  7225 E OsSdk   : error getting shared memory region, memory type: HeadTracker, failed with Status(-1, EX_SECURITY): 'requested shared memory region when not registered/focused'
10-14 16:13:14.009  8024  8345 I VrApi   : FPS=49/72,Prd=63ms,Tear=0,Early=13,Stale=23,VSnc=0,Lat=-1,Fov=0,CPU4/GPU=4/4,2419/525MHz,OC=FF,TA=0/0/0,SP=N/N/N,Mem=2092MHz,Free=2074MB,PLS=0,Temp=31.2C/0.0C,TW=3.42ms,App=10.51ms,GD=0.00ms,CPU&GPU=28.02ms,LCnt=4(DR0,LM0),GPU%=1.00,CPU%=0.13(W0.19),DSF=1.00,CFL=19.58/21.49
10-14 16:13:14.010  8024  8062 I OpenXR_Actions: -------- xrStopHapticFeedback ----------
10-14 16:13:14.010  8024  8062 I OpenXR_Actions: xrStopHapticFeedback: ignoring feedback for unbound but attached action.
10-14 16:13:14.010  8024  8062 I OpenXR_Actions: -------- xrStopHapticFeedback ----------
10-14 16:13:14.010  8024  8062 I OpenXR_Actions: xrStopHapticFeedback: ignoring feedback for unbound but attached action.
10-14 16:13:14.011  8024  8163 I JniUtils: Creating temporary JNIEnv. This is a heavy operation and should be infrequent. To optimize, use JNI AttachCurrentThread on calling thread
10-14 16:13:14.031  8024  8062 I OpenXR_Actions: -------- xrStopHapticFeedback ----------
10-14 16:13:14.031  8024  8062 I OpenXR_Actions: xrStopHapticFeedback: ignoring feedback for unbound but attached action.
10-14 16:13:14.031  8024  8062 I OpenXR_Actions: -------- xrStopHapticFeedback ----------
10-14 16:13:14.031  8024  8062 I OpenXR_Actions: xrStopHapticFeedback: ignoring feedback for unbound but attached action.
10-14 16:13:14.032  8024  8163 I JniUtils: Creating temporary JNIEnv. This is a heavy operation and should be infrequent. To optimize, use JNI AttachCurrentThread on calling thread
10-14 16:13:14.040   874   874 I chatty  : uid=1000(system) /system/bin/trackingservice identical 5 lines
10-14 16:13:14.041  7142  7225 E OsSdk   : error getting shared memory region, memory type: HeadTracker, failed with Status(-1, EX_SECURITY): 'requested shared memory region when not registered/focused'
10-14 16:13:14.053  8024  8062 I OpenXR_Actions: -------- xrStopHapticFeedback ----------
10-14 16:13:14.053  8024  8062 I OpenXR_Actions: xrStopHapticFeedback: ignoring feedback for unbound but attached action.
10-14 16:13:14.053  8024  8062 I OpenXR_Actions: -------- xrStopHapticFeedback ----------
10-14 16:13:14.053  8024  8062 I OpenXR_Actions: xrStopHapticFeedback: ignoring feedback for unbound but attached action.
10-14 16:13:14.053  8024  8163 I JniUtils: Creating temporary JNIEnv. This is a heavy operation and should be infrequent. To optimize, use JNI AttachCurrentThread on calling thread
10-14 16:13:14.074  8024  8062 I OpenXR_Actions: -------- xrStopHapticFeedback ----------
10-14 16:13:14.074  8024  8062 I OpenXR_Actions: xrStopHapticFeedback: ignoring feedback for unbound but attached action.
10-14 16:13:14.074  8024  8062 I OpenXR_Actions: -------- xrStopHapticFeedback ----------
10-14 16:13:14.074  8024  8062 I OpenXR_Actions: xrStopHapticFeedback: ignoring feedback for unbound but attached action.
10-14 16:13:14.075  8024  8163 I JniUtils: Creating temporary JNIEnv. This is a heavy operation and should be infrequent. To optimize, use JNI AttachCurrentThread on calling thread
10-14 16:13:14.083   874   874 W TrackingService: attachClient: found client in attached list
10-14 16:13:14.084  7142  7225 E OsSdk   : error getting shared memory region, memory type: HeadTracker, failed with Status(-1, EX_SECURITY): 'requested shared memory region when not registered/focused'
10-14 16:13:14.084   874  1202 W TrackingService: attachClient: found client in attached list
10-14 16:13:14.085  7142  7225 E OsSdk   : error getting shared memory region, memory type: AnchorTracker, failed with Status(-1, EX_SECURITY): 'requested shared memory region when not registered/focused'
10-14 16:13:14.095  8024  8062 I OpenXR_Actions: -------- xrStopHapticFeedback ----------
10-14 16:13:14.095  8024  8062 I OpenXR_Actions: xrStopHapticFeedback: ignoring feedback for unbound but attached action.
10-14 16:13:14.095  8024  8062 I OpenXR_Actions: -------- xrStopHapticFeedback ----------
10-14 16:13:14.095  8024  8062 I OpenXR_Actions: xrStopHapticFeedback: ignoring feedback for unbound but attached action.
10-14 16:13:14.095  8024  8163 I JniUtils: Creating temporary JNIEnv. This is a heavy operation and should be infrequent. To optimize, use JNI AttachCurrentThread on calling thread
10-14 16:13:14.116  8024  8062 I OpenXR_Actions: -------- xrStopHapticFeedback ----------
10-14 16:13:14.116  8024  8062 I OpenXR_Actions: xrStopHapticFeedback: ignoring feedback for unbound but attached action.
10-14 16:13:14.116  8024  8062 I OpenXR_Actions: -------- xrStopHapticFeedback ----------
10-14 16:13:14.116  8024  8062 I OpenXR_Actions: xrStopHapticFeedback: ignoring feedback for unbound but attached action.
10-14 16:13:14.117  8024  8163 I JniUtils: Creating temporary JNIEnv. This is a heavy operation and should be infrequent. To optimize, use JNI AttachCurrentThread on calling thread
10-14 16:13:14.131  7142  7225 E OsSdk   : error getting shared memory region, memory type: HeadTracker, failed with Status(-1, EX_SECURITY): 'requested shared memory region when not registered/focused'
10-14 16:13:14.137  8024  8062 I OpenXR_Actions: -------- xrStopHapticFeedback ----------
10-14 16:13:14.137  8024  8062 I OpenXR_Actions: xrStopHapticFeedback: ignoring feedback for unbound but attached action.
10-14 16:13:14.137  8024  8062 I OpenXR_Actions: -------- xrStopHapticFeedback ----------
10-14 16:13:14.137  8024  8062 I OpenXR_Actions: xrStopHapticFeedback: ignoring feedback for unbound but attached action.
10-14 16:13:14.138  8024  8163 I JniUtils: Creating temporary JNIEnv. This is a heavy operation and should be infrequent. To optimize, use JNI AttachCurrentThread on calling thread
10-14 16:13:14.158  8024  8062 I OpenXR_Actions: -------- xrStopHapticFeedback ----------
10-14 16:13:14.158  8024  8062 I OpenXR_Actions: xrStopHapticFeedback: ignoring feedback for unbound but attached action.
10-14 16:13:14.158  8024  8062 I OpenXR_Actions: -------- xrStopHapticFeedback ----------
10-14 16:13:14.158  8024  8062 I OpenXR_Actions: xrStopHapticFeedback: ignoring feedback for unbound but attached action.
10-14 16:13:14.159  8024  8163 I JniUtils: Creating temporary JNIEnv. This is a heavy operation and should be infrequent. To optimize, use JNI AttachCurrentThread on calling thread
10-14 16:13:14.177  7142  7225 E OsSdk   : error getting shared memory region, memory type: HeadTracker, failed with Status(-1, EX_SECURITY): 'requested shared memory region when not registered/focused'
10-14 16:13:14.180  8024  8062 I OpenXR_Actions: -------- xrStopHapticFeedback ----------
10-14 16:13:14.180  8024  8062 I OpenXR_Actions: xrStopHapticFeedback: ignoring feedback for unbound but attached action.
10-14 16:13:14.180  8024  8062 I OpenXR_Actions: -------- xrStopHapticFeedback ----------
10-14 16:13:14.180  8024  8062 I OpenXR_Actions: xrStopHapticFeedback: ignoring feedback for unbound but attached action.
10-14 16:13:14.180  8024  8163 I JniUtils: Creating temporary JNIEnv. This is a heavy operation and should be infrequent. To optimize, use JNI AttachCurrentThread on calling thread
10-14 16:13:14.201  8024  8062 I OpenXR_Actions: -------- xrStopHapticFeedback ----------
10-14 16:13:14.201  8024  8062 I OpenXR_Actions: xrStopHapticFeedback: ignoring feedback for unbound but attached action.
10-14 16:13:14.201  8024  8062 I OpenXR_Actions: -------- xrStopHapticFeedback ----------
10-14 16:13:14.201  8024  8062 I OpenXR_Actions: xrStopHapticFeedback: ignoring feedback for unbound but attached action.
10-14 16:13:14.201  8024  8163 I JniUtils: Creating temporary JNIEnv. This is a heavy operation and should be infrequent. To optimize, use JNI AttachCurrentThread on calling thread
10-14 16:13:14.221   874  1202 I chatty  : uid=1000(system) Binder:874_3 identical 3 lines
10-14 16:13:14.222  7142  7225 E OsSdk   : error getting shared memory region, memory type: HeadTracker, failed with Status(-1, EX_SECURITY): 'requested shared memory region when not registered/focused'
10-14 16:13:14.222  8024  8163 I JniUtils: Creating temporary JNIEnv. This is a heavy operation and should be infrequent. To optimize, use JNI AttachCurrentThread on calling thread
10-14 16:13:14.223  8024  8062 I OpenXR_Actions: -------- xrStopHapticFeedback ----------
10-14 16:13:14.223  8024  8062 I OpenXR_Actions: xrStopHapticFeedback: ignoring feedback for unbound but attached action.
10-14 16:13:14.223  8024  8062 I OpenXR_Actions: -------- xrStopHapticFeedback ----------
10-14 16:13:14.223  8024  8062 I OpenXR_Actions: xrStopHapticFeedback: ignoring feedback for unbound but attached action.
10-14 16:13:14.243  8024  8062 I OpenXR_Actions: -------- xrStopHapticFeedback ----------
10-14 16:13:14.243  8024  8062 I OpenXR_Actions: xrStopHapticFeedback: ignoring feedback for unbound but attached action.
10-14 16:13:14.243  8024  8062 I OpenXR_Actions: -------- xrStopHapticFeedback ----------
10-14 16:13:14.243  8024  8062 I OpenXR_Actions: xrStopHapticFeedback: ignoring feedback for unbound but attached action.
10-14 16:13:14.243  2890  3159 I VrGuardianService: GuardianSDKServer::SetActiveHand
10-14 16:13:14.243  8024  8163 I JniUtils: Creating temporary JNIEnv. This is a heavy operation and should be infrequent. To optimize, use JNI AttachCurrentThread on calling thread
10-14 16:13:14.250  2890  3159 I VrGuardianService: GuardianSDKServer::SetGuardianHitDialog2 1
10-14 16:13:14.255  1770  3390 I Telemetry: App memory usage: PSS=20MB DalvikPSS=3 MB PrivateDirty=16MB PrivateClean=0MB
10-14 16:13:14.264  8024  8062 I OpenXR_Actions: -------- xrStopHapticFeedback ----------
10-14 16:13:14.264  8024  8062 I OpenXR_Actions: xrStopHapticFeedback: ignoring feedback for unbound but attached action.
10-14 16:13:14.264  8024  8062 I OpenXR_Actions: -------- xrStopHapticFeedback ----------
10-14 16:13:14.264  8024  8062 I OpenXR_Actions: xrStopHapticFeedback: ignoring feedback for unbound but attached action.
10-14 16:13:14.265  8024  8163 I JniUtils: Creating temporary JNIEnv. This is a heavy operation and should be infrequent. To optimize, use JNI AttachCurrentThread on calling thread
10-14 16:13:14.267   874  1202 W TrackingService: attachClient: found client in attached list
10-14 16:13:14.268  7142  7225 E OsSdk   : error getting shared memory region, memory type: HeadTracker, failed with Status(-1, EX_SECURITY): 'requested shared memory region when not registered/focused'
10-14 16:13:14.278  2292  8599 I chatty  : uid=10020(com.oculus.vrshell) ShellOverlayMai expire 8 lines
10-14 16:13:14.278   874  1202 D TrackingService: haptic socket already exists
10-14 16:13:14.278   874  1202 D TrackingService: getSocket: com.oculus.vrshell
10-14 16:13:14.286  8024  8062 I OpenXR_Actions: -------- xrStopHapticFeedback ----------
10-14 16:13:14.286  8024  8062 I OpenXR_Actions: xrStopHapticFeedback: ignoring feedback for unbound but attached action.
10-14 16:13:14.286  8024  8062 I OpenXR_Actions: -------- xrStopHapticFeedback ----------
10-14 16:13:14.286  8024  8062 I OpenXR_Actions: xrStopHapticFeedback: ignoring feedback for unbound but attached action.
10-14 16:13:14.286  8024  8163 I JniUtils: Creating temporary JNIEnv. This is a heavy operation and should be infrequent. To optimize, use JNI AttachCurrentThread on calling thread
10-14 16:13:14.306  8024  8062 I OpenXR_Actions: -------- xrStopHapticFeedback ----------
10-14 16:13:14.306  8024  8062 I OpenXR_Actions: xrStopHapticFeedback: ignoring feedback for unbound but attached action.
10-14 16:13:14.306  8024  8062 I OpenXR_Actions: -------- xrStopHapticFeedback ----------
10-14 16:13:14.306  8024  8062 I OpenXR_Actions: xrStopHapticFeedback: ignoring feedback for unbound but attached action.
10-14 16:13:14.307  8024  8163 I JniUtils: Creating temporary JNIEnv. This is a heavy operation and should be infrequent. To optimize, use JNI AttachCurrentThread on calling thread
10-14 16:13:14.312   874  1202 W TrackingService: attachClient: found client in attached list
10-14 16:13:14.313  7142  7225 E OsSdk   : error getting shared memory region, memory type: HeadTracker, failed with Status(-1, EX_SECURITY): 'requested shared memory region when not registered/focused'
10-14 16:13:14.328  8024  8062 I OpenXR_Actions: -------- xrStopHapticFeedback ----------
10-14 16:13:14.328  8024  8062 I OpenXR_Actions: xrStopHapticFeedback: ignoring feedback for unbound but attached action.
10-14 16:13:14.328  8024  8062 I OpenXR_Actions: -------- xrStopHapticFeedback ----------
10-14 16:13:14.328  8024  8062 I OpenXR_Actions: xrStopHapticFeedback: ignoring feedback for unbound but attached action.
10-14 16:13:14.329  8024  8163 I JniUtils: Creating temporary JNIEnv. This is a heavy operation and should be infrequent. To optimize, use JNI AttachCurrentThread on calling thread
10-14 16:13:14.349  8024  8062 I OpenXR_Actions: -------- xrStopHapticFeedback ----------
10-14 16:13:14.349  8024  8062 I OpenXR_Actions: xrStopHapticFeedback: ignoring feedback for unbound but attached action.
10-14 16:13:14.349  8024  8062 I OpenXR_Actions: -------- xrStopHapticFeedback ----------
10-14 16:13:14.349  8024  8062 I OpenXR_Actions: xrStopHapticFeedback: ignoring feedback for unbound but attached action.
10-14 16:13:14.350  8024  8163 I JniUtils: Creating temporary JNIEnv. This is a heavy operation and should be infrequent. To optimize, use JNI AttachCurrentThread on calling thread
10-14 16:13:14.359  7142  7225 E OsSdk   : error getting shared memory region, memory type: HeadTracker, failed with Status(-1, EX_SECURITY): 'requested shared memory region when not registered/focused'
10-14 16:13:14.360  7142  7225 E OsSdk   : error getting shared memory region, memory type: AnchorTracker, failed with Status(-1, EX_SECURITY): 'requested shared memory region when not registered/focused'
10-14 16:13:14.371  8024  8062 I OpenXR_Actions: -------- xrStopHapticFeedback ----------
10-14 16:13:14.371  8024  8062 I OpenXR_Actions: xrStopHapticFeedback: ignoring feedback for unbound but attached action.
10-14 16:13:14.371  8024  8062 I OpenXR_Actions: -------- xrStopHapticFeedback ----------
10-14 16:13:14.371  8024  8062 I OpenXR_Actions: xrStopHapticFeedback: ignoring feedback for unbound but attached action.
10-14 16:13:14.372  8024  8163 I JniUtils: Creating temporary JNIEnv. This is a heavy operation and should be infrequent. To optimize, use JNI AttachCurrentThread on calling thread
10-14 16:13:14.392  8024  8062 I OpenXR_Actions: -------- xrStopHapticFeedback ----------
10-14 16:13:14.392  8024  8062 I OpenXR_Actions: xrStopHapticFeedback: ignoring feedback for unbound but attached action.
10-14 16:13:14.392  8024  8062 I OpenXR_Actions: -------- xrStopHapticFeedback ----------
10-14 16:13:14.392  8024  8062 I OpenXR_Actions: xrStopHapticFeedback: ignoring feedback for unbound but attached action.
10-14 16:13:14.393  8024  8163 I JniUtils: Creating temporary JNIEnv. This is a heavy operation and should be infrequent. To optimize, use JNI AttachCurrentThread on calling thread
10-14 16:13:14.401  7142  7225 E OsSdk   : error getting shared memory region, memory type: HeadTracker, failed with Status(-1, EX_SECURITY): 'requested shared memory region when not registered/focused'
10-14 16:13:14.414  8024  8062 I OpenXR_Actions: -------- xrStopHapticFeedback ----------
10-14 16:13:14.414  8024  8062 I OpenXR_Actions: xrStopHapticFeedback: ignoring feedback for unbound but attached action.
