--------- beginning of system
10-14 16:11:54.146  1050  8003 I ActivityTaskManager: START u0 {flg=0x10000000 cmp=com.epicgames.PrototypeV3/com.epicgames.ue4.GameActivity} from uid 2000
10-14 16:11:54.175  1050  1083 I ActivityManager: Start proc 8024:com.epicgames.PrototypeV3/u0a110 for activity {com.epicgames.PrototypeV3/com.epicgames.ue4.GameActivity}
10-14 16:11:54.182  1050  5072 W ActivityManager: Package for pid 865: no process record found
10-14 16:11:54.842  1050  1076 W ActivityTaskManager: Activity top resumed state loss timeout for ActivityRecord{183aa98 u0 com.epicgames.PrototypeV3/com.epicgames.ue4.GameActivity t63}
10-14 16:11:54.842  1050  1076 W ActivityTaskManager: Activity pause timeout for ActivityRecord{183aa98 u0 com.epicgames.PrototypeV3/com.epicgames.ue4.GameActivity t63}
10-14 16:11:56.158  1050  3910 E WindowManager: App trying to use insecure INPUT_FEATURE_NO_INPUT_CHANNEL flag. Ignoring
--------- beginning of tracking
10-14 16:11:56.231   874   874 W TrackingService: attachClient: found client in attached list
10-14 16:11:56.375   874   874 I chatty  : uid=1000(system) /system/bin/trackingservice identical 4 lines
10-14 16:11:56.421   874   874 W TrackingService: attachClient: found client in attached list
10-14 16:11:56.422   874  1202 W TrackingService: attachClient: found client in attached list
10-14 16:11:56.841   874  1202 I chatty  : uid=1000(system) Binder:874_3 identical 12 lines
10-14 16:11:56.886   874  1202 W TrackingService: attachClient: found client in attached list
10-14 16:11:56.887   874   874 W TrackingService: attachClient: found client in attached list
10-14 16:11:57.803  1050  1593 E TaskPersister: File error accessing recents directory (directory doesn't exist?).
10-14 16:11:58.194   874   874 I chatty  : uid=1000(system) /system/bin/trackingservice identical 54 lines
10-14 16:11:58.235   874   874 W TrackingService: attachClient: found client in attached list
10-14 16:11:58.236   874  1202 W TrackingService: attachClient: found client in attached list
10-14 16:11:58.888   874  1202 I chatty  : uid=1000(system) Binder:874_3 identical 19 lines
10-14 16:11:58.932   874  1202 W TrackingService: attachClient: found client in attached list
10-14 16:11:58.933   874   874 W TrackingService: attachClient: found client in attached list
10-14 16:11:59.778  1050  5072 W ActivityManager: Permission Denial: Accessing service com.oculus.vrshell/.ShellOverlayService from pid=8024, uid=10110 requires com.oculus.vrshell.OVERLAY_HOST
10-14 16:11:59.964   874   874 I chatty  : uid=1000(system) /system/bin/trackingservice identical 33 lines
10-14 16:12:00.009   874   874 W TrackingService: attachClient: found client in attached list
10-14 16:12:00.010   874  1202 W TrackingService: attachClient: found client in attached list
10-14 16:12:00.481   874  1202 I chatty  : uid=1000(system) Binder:874_3 identical 12 lines
10-14 16:12:00.526   874  1202 W TrackingService: attachClient: found client in attached list
10-14 16:12:00.527   874   874 W TrackingService: attachClient: found client in attached list
10-14 16:12:02.874   874   874 I chatty  : uid=1000(system) /system/bin/trackingservice identical 75 lines
10-14 16:12:02.917   874   874 W TrackingService: attachClient: found client in attached list
10-14 16:12:02.918   874  1202 W TrackingService: attachClient: found client in attached list
10-14 16:12:03.305   874  1202 I chatty  : uid=1000(system) Binder:874_3 identical 12 lines
10-14 16:12:03.347   874  1202 W TrackingService: attachClient: found client in attached list
10-14 16:12:03.347   874   874 W TrackingService: attachClient: found client in attached list
10-14 16:12:03.545   874   874 I chatty  : uid=1000(system) /system/bin/trackingservice identical 5 lines
10-14 16:12:03.583   874   874 W TrackingService: attachClient: found client in attached list
10-14 16:12:03.585   874  1202 W TrackingService: attachClient: found client in attached list
10-14 16:12:03.755   874  1202 I chatty  : uid=1000(system) Binder:874_3 identical 5 lines
10-14 16:12:03.801   874  1202 W TrackingService: attachClient: found client in attached list
10-14 16:12:03.802   874   874 W TrackingService: attachClient: found client in attached list
10-14 16:12:04.015   874   874 I chatty  : uid=1000(system) /system/bin/trackingservice identical 5 lines
10-14 16:12:04.060   874   874 W TrackingService: attachClient: found client in attached list
10-14 16:12:04.061   874  1202 W TrackingService: attachClient: found client in attached list
10-14 16:12:04.273   874  1202 I chatty  : uid=1000(system) Binder:874_3 identical 5 lines
10-14 16:12:04.317   874  1202 W TrackingService: attachClient: found client in attached list
10-14 16:12:04.319   874   874 W TrackingService: attachClient: found client in attached list
10-14 16:12:04.772   874   874 I chatty  : uid=1000(system) /system/bin/trackingservice identical 12 lines
10-14 16:12:04.817   874   874 W TrackingService: attachClient: found client in attached list
10-14 16:12:04.818   874  1202 W TrackingService: attachClient: found client in attached list
10-14 16:12:05.021   874  1202 I chatty  : uid=1000(system) Binder:874_3 identical 5 lines
10-14 16:12:05.028   874  1202 W TrackingService: attachClient: found client in attached list
10-14 16:12:05.029   874   874 W TrackingService: attachClient: found client in attached list
10-14 16:12:05.393   874   874 I chatty  : uid=1000(system) /system/bin/trackingservice identical 12 lines
10-14 16:12:05.436   874   874 W TrackingService: attachClient: found client in attached list
10-14 16:12:05.437   874  1202 W TrackingService: attachClient: found client in attached list
10-14 16:12:05.451   742   918 I SyncBossHAL: [info   ] syncboss_hal_powerstate.c(50): Reporting powerstate event: PROX_ON
10-14 16:12:05.452  1050  1341 I PowerManagerService: Waking up from Asleep (uid=1000, reason=WAKE_REASON_UNKNOWN, details=VrPwMng:leave-standby)...
10-14 16:12:05.452  1050  1050 W UsageStatsService: Event reported without a package name, eventType:15
10-14 16:12:05.454  1050  1091 I DisplayPowerController: Blocking screen on until initial contents have been drawn.
10-14 16:12:05.454  1050  1091 D ActivityTaskManager: Top Process State changed to PROCESS_STATE_TOP
10-14 16:12:05.455   865  1352 D SensorClientUtils: Cancelling delayed transition to SLEEP
10-14 16:12:05.456   865  1352 D SensorClientUtils: Received transition request to RUNNING current is SLEEP
10-14 16:12:05.456   865  1352 D SensorClientUtils: Executing transition from SLEEP to STANDBY
10-14 16:12:05.456   865  1352 D SensorClientUtils: Setting power state to STANDBY
10-14 16:12:05.456   874   874 D SensorClientUtils: Cancelling delayed transition to SLEEP
10-14 16:12:05.456   874   874 D SensorClientUtils: Received transition request to RUNNING current is SLEEP
10-14 16:12:05.456   874  1202 D SensorClientUtils: Cancelling delayed transition to SLEEP
10-14 16:12:05.456   874   874 D SensorClientUtils: Executing transition from SLEEP to STANDBY
10-14 16:12:05.456   874   874 D SensorClientUtils: Setting power state to STANDBY
10-14 16:12:05.456   874  1202 D SensorClientUtils: Received transition request to RUNNING current is SLEEP
10-14 16:12:05.456   874  1202 D SensorClientUtils: Executing transition from SLEEP to STANDBY
10-14 16:12:05.456   874  1202 D SensorClientUtils: Setting power state to STANDBY
10-14 16:12:05.479  1050  5072 E AppOps  : startOperation
10-14 16:12:05.479  1050  5072 E AppOps  : java.lang.SecurityException: Specified package MrSystemService under uid 1000 but it is really -1
10-14 16:12:05.479  1050  5072 E AppOps  : 	at com.android.server.appop.AppOpsService.verifyAndGetIsPrivileged(AppOpsService.java:2654)
10-14 16:12:05.479  1050  5072 E AppOps  : 	at com.android.server.appop.AppOpsService.startOperation(AppOpsService.java:2235)
10-14 16:12:05.479  1050  5072 E AppOps  : 	at android.app.AppOpsManager.startOpNoThrow(AppOpsManager.java:5469)
10-14 16:12:05.479  1050  5072 E AppOps  : 	at android.app.AppOpsManager.startOpNoThrow(AppOpsManager.java:5450)
10-14 16:12:05.479  1050  5072 E AppOps  : 	at com.android.server.power.Notifier.onWakeLockAcquired(Notifier.java:224)
10-14 16:12:05.479  1050  5072 E AppOps  : 	at com.android.server.power.PowerManagerService.notifyWakeLockAcquiredLocked(PowerManagerService.java:1270)
10-14 16:12:05.479  1050  5072 E AppOps  : 	at com.android.server.power.PowerManagerService.acquireWakeLockInternal(PowerManagerService.java:1105)
10-14 16:12:05.479  1050  5072 E AppOps  : 	at com.android.server.power.PowerManagerService.access$3900(PowerManagerService.java:116)
10-14 16:12:05.479  1050  5072 E AppOps  : 	at com.android.server.power.PowerManagerService$BinderService.acquireWakeLock(PowerManagerService.java:4333)
10-14 16:12:05.479  1050  5072 E AppOps  : 	at android.os.IPowerManager$Stub.onTransact(IPowerManager.java:349)
10-14 16:12:05.479  1050  5072 E AppOps  : 	at android.os.Binder.execTransactInternal(Binder.java:1021)
10-14 16:12:05.479  1050  5072 E AppOps  : 	at android.os.Binder.execTransact(Binder.java:994)
10-14 16:12:05.481   874   874 D OVRRemoteService: ControllerGlue: setting expected mode to Streaming
10-14 16:12:05.481   874   874 D OVRRemoteService: ControllerGlue: Setting current mode to Streaming
10-14 16:12:05.481   874   874 D OVRRemoteService: ControllerGlue: leave mode Disabled
10-14 16:12:05.481   874   874 D OVRRemoteService: ControllerGlue: Setting mode to Streaming
10-14 16:12:05.481   874   874 D OVRRemoteService: ControllerGlue: enter mode Streaming
10-14 16:12:05.481   874  3214 W TrackingService: attachClient: found client in attached list
10-14 16:12:05.482   742   742 D SensorService: ControllerProvider: acquiring StreamingSession
10-14 16:12:05.482   742   742 D SensorService: SyncbossEventHandler: starting all streams
10-14 16:12:05.488   742  8174 D SensorService: SyncbossEventHandler::producerThreadFunc() start
10-14 16:12:05.488   742  8174 W SensorService: Data for sensor type HMD_IMU dropped because of failure to update clock drift from vsync. 1 drops in the last 0s.
10-14 16:12:05.489   865  1352 D SensorClientUtils: Executing transition from STANDBY to RUNNING
10-14 16:12:05.489   865  1352 D SensorClientUtils: Setting power state to RUNNING
10-14 16:12:05.489   874  1039 I TrackingService: [ vision_manager] SLEEP -> STANDBY transition time: 7 ms
10-14 16:12:05.489   874  1039 I TrackingService: [            iad] SLEEP -> STANDBY transition time: 0 ms
10-14 16:12:05.492   742   742 I SyncBossHAL: [info   ] syncboss_hal_impl_input.c(296): Restoring blocklist to property values: 2444 - 2476
10-14 16:12:05.494  1050  1630 W ContextImpl: Calling a method in the system process without a qualified user: android.app.ContextImpl.sendBroadcast:1057 com.android.server.audio.AudioService.setMicrophoneMuteNoCallerCheck:2893 com.android.server.audio.AudioService.setMicrophoneMute:2879 android.media.IAudioService$Stub.onTransact:1112 android.os.Binder.execTransactInternal:1021 
10-14 16:12:05.497   742   742 I SyncBossHAL: [info   ] syncboss_hal_impl_input.c(304): No AFH behavior specified, enabled by default
10-14 16:12:05.497   742   742 I SyncBossHAL: [info   ] syncboss_hal_impl_input.c(344): Input device auto-whitelisting disabled
10-14 16:12:05.502   874  1039 I TrackingService: [           bolt] SLEEP -> STANDBY transition time: 12 ms
10-14 16:12:05.502   742   742 D SensorService: ControllerProvider: acquiring StreamingClient impl; approx # alive: 1
10-14 16:12:05.502   742   742 D libsensorscommon: ControllerProvider: acquiring StreamingClient hidl
10-14 16:12:05.504   874  8183 D OVRRemoteService: processStateChange([PairedControllerInfo JEDI 729165a0fe4054d7 disconnected mcnt=0])
10-14 16:12:05.504   874  8183 D OVRRemoteService: processStateChange([PairedControllerInfo JEDI 86557c336c360320 disconnected mcnt=0])
10-14 16:12:05.504   874   874 D OVRRemoteService: [controller] SLEEP -> STANDBY
10-14 16:12:05.504   874   874 D SensorClientUtils: Executing transition from STANDBY to RUNNING
10-14 16:12:05.504   874   874 D SensorClientUtils: Setting power state to RUNNING
10-14 16:12:05.504   874   874 D OVRRemoteService: [controller] STANDBY -> RUNNING
10-14 16:12:05.507   742  8173 D SensorService: stateChangeNotifierFunc(): Reporting controller info. Change token: 17, paired=2 connected=0
10-14 16:12:05.507   874  8183 D OVRRemoteService: processStateChange([PairedControllerInfo JEDI 86557c336c360320 disconnected update-required mcnt=0])
10-14 16:12:05.507   874  8183 D OVRRemoteService: processStateChange([PairedControllerInfo JEDI 729165a0fe4054d7 disconnected update-required mcnt=0])
10-14 16:12:05.524   874   874 W TrackingService: attachClient: found client in attached list
10-14 16:12:05.525  1050  1076 I DisplayManagerService: Display device changed state: "Built-in Screen", ON
10-14 16:12:05.543  1050  1091 I DisplayPowerController: Unblocked screen on after 89 ms
10-14 16:12:05.571   874   874 W TrackingService: attachClient: found client in attached list
10-14 16:12:05.602   874   874 D TrackingService: getSharedMemory: com.epicgames.PrototypeV3, HeadTracker
10-14 16:12:05.606   874   874 W TrackingService: attachClient: found client in attached list
10-14 16:12:05.650   874  1039 I TrackingService: [            iot] SLEEP -> STANDBY transition time: 148 ms
10-14 16:12:05.651   874  8209 D TrackingService: starting IOT motion thread, imu batch dispatch enabled=false
10-14 16:12:05.651   874   874 W TrackingService: attachClient: found client in attached list
10-14 16:12:05.654   874  1039 I TrackingService: ConstellationTrackingGlue: setEnableExtendedDeadreckoning to false
10-14 16:12:05.654   874  1039 I TrackingService: [  constellation] SLEEP -> STANDBY transition time: 3 ms
10-14 16:12:05.654   874  1039 I TrackingService: [           hand] SLEEP -> STANDBY transition time: 0 ms
10-14 16:12:05.655   874  1039 I TrackingService: [         object] SLEEP -> STANDBY transition time: 1 ms
10-14 16:12:05.655   874  1039 I TrackingService: [     controller] SLEEP -> STANDBY transition time: 0 ms
10-14 16:12:05.655   874  1039 I TrackingService: [ExposureControl] SLEEP -> STANDBY transition time: 0 ms
10-14 16:12:05.655   742   742 D SensorService: ControllerProvider: acquiring StreamingClient impl; approx # alive: 2
10-14 16:12:05.655   874  1202 D TrackingService: setPowerState: STANDBY
10-14 16:12:05.655   874  1202 D SensorClientUtils: Executing transition from STANDBY to RUNNING
10-14 16:12:05.655   742   742 D libsensorscommon: ControllerProvider: acquiring StreamingClient hidl
10-14 16:12:05.655   874  1202 D SensorClientUtils: Setting power state to RUNNING
10-14 16:12:05.655   874  8183 D OVRRemoteService: processStateChange([PairedControllerInfo JEDI 86557c336c360320 disconnected update-required mcnt=0])
10-14 16:12:05.655   874  1039 I TrackingService: [ vision_manager] STANDBY -> RUNNING transition time: 0 ms
10-14 16:12:05.655   874  8183 D OVRRemoteService: processStateChange([PairedControllerInfo JEDI 729165a0fe4054d7 disconnected update-required mcnt=0])
10-14 16:12:05.656   874  1039 I TrackingService: [            iad] STANDBY -> RUNNING transition time: 0 ms
10-14 16:12:05.656   874  1039 I TrackingService: [           bolt] STANDBY -> RUNNING transition time: 0 ms
10-14 16:12:05.656   874  8211 D RemoteService: RemoteService - Registering status callback
10-14 16:12:05.658   742   742 I FrameSetDispatcher: [HEADSET] Client thread started
10-14 16:12:05.658   742   742 I CameraClientManager: [HEADSET] Added client - started clients: 1
10-14 16:12:05.688   874   874 W TrackingService: attachClient: found client in attached list
10-14 16:12:05.689   874   874 W TrackingService: attachClient: found client in attached list
10-14 16:12:05.696   742  8174 W SensorService: Data for sensor type HMD_MAG dropped because of failure to update clock drift from vsync. 1 drops in the last 0s.
10-14 16:12:05.735   874   874 W TrackingService: attachClient: found client in attached list
10-14 16:12:05.776   874   874 I chatty  : uid=1000(system) /system/bin/trackingservice identical 1 line
10-14 16:12:05.821   874   874 W TrackingService: attachClient: found client in attached list
10-14 16:12:05.838   742   742 I HollywoodCameraProvider: [HollywoodCameraProvider] Set cameras to 10 bpp (format 0x00000007)
10-14 16:12:05.842  1050  1091 W PowerManagerService: Screen on took 390 ms
10-14 16:12:05.843   742   884 W SyncBossHAL: [warning] pulsar_manager_type_info.c(23): Unexpected pulsar hardware type received: 0.  Cannot retrieve type info (old unsupported device?)
10-14 16:12:05.850   742   884 I chatty  : uid=1000(system) sb_pulsar identical 14 lines
10-14 16:12:05.850   742   884 W SyncBossHAL: [warning] pulsar_manager_type_info.c(23): Unexpected pulsar hardware type received: 0.  Cannot retrieve type info (old unsupported device?)
10-14 16:12:05.850   742   884 I SyncBossHAL: [info   ] pulsar_manager.c(792): No IRLED tracked controllers connected/ready
10-14 16:12:05.864   874   874 W TrackingService: attachClient: found client in attached list
10-14 16:12:05.894  1651  8214 W ContextImpl: Calling a method in the system process without a qualified user: android.app.ContextImpl.sendBroadcast:1057 android.content.ContextWrapper.sendBroadcast:448 X.nk.A00:133 X.nW.A00:17 X.nW.handleMessage:91 
10-14 16:12:05.895   874  1039 I TrackingService: [            iot] STANDBY -> RUNNING transition time: 239 ms
10-14 16:12:05.898   742   742 I FrameSetDispatcher: [CONTROLLER] Client thread started
10-14 16:12:05.898   742   742 I CameraClientManager: [CONTROLLER] Added client - started clients: 1
10-14 16:12:05.903   874   874 W TrackingService: attachClient: found client in attached list
10-14 16:12:05.903   874  1039 I TrackingService: ConstellationTrackingGlue: setEnableExtendedDeadreckoning to false
10-14 16:12:05.903   874  1039 I TrackingService: [  constellation] STANDBY -> RUNNING transition time: 8 ms
10-14 16:12:05.904  1651  8197 W ContextImpl: Calling a method in the system process without a qualified user: android.app.ContextImpl.sendBroadcast:1057 android.content.ContextWrapper.sendBroadcast:448 X.nk.A00:133 X.nW.A00:17 X.nW.handleMessage:91 
10-14 16:12:05.904   874   874 D TrackingService: getSharedMemory: com.oculus.systemdriver#1372, HeadTracker
10-14 16:12:05.905   874  1039 I TrackingService: [           hand] STANDBY -> RUNNING transition time: 1 ms
10-14 16:12:05.908   742   742 I FrameSetDispatcher: [HEADSET] Client thread started
10-14 16:12:05.908   742   742 I CameraClientManager: [HEADSET] Added client - started clients: 2
10-14 16:12:05.909   874  1039 I TrackingService: [         object] STANDBY -> RUNNING transition time: 3 ms
10-14 16:12:05.909   874  1039 I TrackingService: [     controller] STANDBY -> RUNNING transition time: 0 ms
10-14 16:12:05.913   874   874 W TrackingService: attachClient: found client in attached list
10-14 16:12:05.917   874  1039 I TrackingService: Setting initial exposure: 0.005000, initial gain: 3.000000
10-14 16:12:05.919   742   742 I FrameSetDispatcher: [HEADSET] Client thread started
10-14 16:12:05.919   742   742 I CameraClientManager: [HEADSET] Added client - started clients: 3
10-14 16:12:05.920   874  1039 I TrackingService: [ExposureControl] STANDBY -> RUNNING transition time: 11 ms
10-14 16:12:05.920   874  1202 D TrackingService: setPowerState: RUNNING
10-14 16:12:05.940   742   881 I SyncBossHAL: [info   ] syncboss_hal_impl_input.c(1060): Pulsar connected devices state change: 9
10-14 16:12:05.958   874  1202 W TrackingService: attachClient: found client in attached list
10-14 16:12:05.962   874  1202 W TrackingService: attachClient: found client in attached list
10-14 16:12:05.970   742  8221 W libsensorscommon: frameset capture timestamp out of spec by -1590040.00 ms. FrameType=CONTROLLER, observed=1590080000000 expected=40000000. FrameSyncPeriod is: 40.00 ms
10-14 16:12:05.970   874  1202 W TrackingService: attachClient: found client in attached list
10-14 16:12:05.971   874  1202 D TrackingService: getSharedMemory: com.oculus.systemdriver, Controller
10-14 16:12:05.973   742   881 I SyncBossHAL: [info   ] syncboss_hal_impl_input.c(1060): Pulsar connected devices state change: 10
10-14 16:12:05.987   874  1202 W TrackingService: attachClient: found client in attached list
10-14 16:12:05.988   874  1202 D TrackingService: getSharedMemory: com.oculus.mrservice#1770, HeadTracker
10-14 16:12:06.011   874  1202 W TrackingService: attachClient: found client in attached list
10-14 16:12:06.012   742   884 I SyncBossHAL: [info   ] pulsar_manager.c(388): 729165a0xxxxxxxx: Configuring IR LED to ontime = 34, period = 40000
10-14 16:12:06.017   742   884 I SyncBossHAL: [info   ] pulsar_manager.c(337): Finished getting cache data for controller
10-14 16:12:06.017   742   884 I SyncBossHAL:     id            : 729165a0xxxxxxxx
10-14 16:12:06.017   742   884 I SyncBossHAL:     pulsar_type   : 0x09011401
10-14 16:12:06.017   742   884 I SyncBossHAL:     connection id : 0x9
10-14 16:12:06.017   742   884 I SyncBossHAL:     fw ver        : 1.9.0
10-14 16:12:06.017   742   884 I SyncBossHAL:     spl ver       : 1.5.1
10-14 16:12:06.017   742   884 I SyncBossHAL:     serial        : 1WMHCR70112121
10-14 16:12:06.017   742   884 I SyncBossHAL:     handedness    : right
10-14 16:12:06.017   742   884 I SyncBossHAL:     battery state : 100%
10-14 16:12:06.017   742   884 I SyncBossHAL: [info   ] pulsar_manager.c(354): Jedi-specific cache data:
10-14 16:12:06.017   742   884 I SyncBossHAL:     captouch ver  : 1.9.0
10-14 16:12:06.021   742  8173 D SensorService: stateChangeNotifierFunc(): Reporting controller info. Change token: 18, paired=2 connected=1
10-14 16:12:06.021   874  8183 D OVRRemoteService: processStateChange([PairedControllerInfo JEDI 729165a0fe4054d7 connected mcnt=0])
10-14 16:12:06.022   874  8183 D OVRRemoteService: processStateChange([PairedControllerInfo JEDI 86557c336c360320 disconnected update-required mcnt=0])
10-14 16:12:06.023   874   874 W TrackingService: attachClient: found client in attached list
10-14 16:12:06.024   874   874 D TrackingService: getSharedMemory: com.oculus.guardian#2890, HeadTracker
10-14 16:12:06.025   874   874 W TrackingService: attachClient: found client in attached list
10-14 16:12:06.025   874   874 D TrackingService: getSharedMemory: com.oculus.guardian, Controller
10-14 16:12:06.026   874   874 W TrackingService: attachClient: found client in attached list
10-14 16:12:06.026   874   874 D TrackingService: getSharedMemory: com.oculus.guardian, AnchorTracker
10-14 16:12:06.031   742   742 D SensorService: Found paired controllers: 2
10-14 16:12:06.033   874  8210 I TrackingService: Registering primary controller 729165a0fe4054d7 in slot 0
10-14 16:12:06.034   874  8210 D TrackingService: TrackingDataPostProcessor: Hand autotransition v2 GK enabled: 1
10-14 16:12:06.034   874  8210 D TrackingService: registerRemote: 729165a0fe4054d7
10-14 16:12:06.048   874  8210 W TrackingService: Attempted to control leds, but gatekeeper is disabled. Skipping operation.
10-14 16:12:06.057   874   874 D TrackingService: getSharedMemory: com.epicgames.PrototypeV3, Controller
10-14 16:12:06.061   874   874 W TrackingService: attachClient: found client in attached list
10-14 16:12:06.077   742  8174 I SyncBossInput: [info   ] [jedi (right) 729165a0xxxxxxxx]: 1635347 [info   ] {APP }: Connected
10-14 16:12:06.092   742   884 I SyncBossHAL: [info   ] pulsar_manager.c(388): 86557c33xxxxxxxx: Configuring IR LED to ontime = 34, period = 40000
10-14 16:12:06.096   874  8210 D TrackingService: [HANDTRACKING] Controller 729165a0fe4054d7 in hand: Y, valid: Y
10-14 16:12:06.101   874   874 W TrackingService: attachClient: found client in attached list
10-14 16:12:06.101   742   884 I SyncBossHAL: [info   ] pulsar_manager.c(337): Finished getting cache data for controller
10-14 16:12:06.101   742   884 I SyncBossHAL:     id            : 86557c33xxxxxxxx
10-14 16:12:06.101   742   884 I SyncBossHAL:     pulsar_type   : 0x09001401
10-14 16:12:06.101   742   884 I SyncBossHAL:     connection id : 0xa
10-14 16:12:06.101   742   884 I SyncBossHAL:     fw ver        : 1.9.0
10-14 16:12:06.101   742   884 I SyncBossHAL:     spl ver       : 1.5.1
10-14 16:12:06.101   742   884 I SyncBossHAL:     serial        : 1WMHCLE3D42127
10-14 16:12:06.101   742   884 I SyncBossHAL:     handedness    : left
10-14 16:12:06.101   742   884 I SyncBossHAL:     battery state : 90%
10-14 16:12:06.101   742   884 I SyncBossHAL: [info   ] pulsar_manager.c(354): Jedi-specific cache data:
10-14 16:12:06.101   742   884 I SyncBossHAL:     captouch ver  : 1.9.0
10-14 16:12:06.105   742  8173 D SensorService: stateChangeNotifierFunc(): Reporting controller info. Change token: 19, paired=2 connected=2
10-14 16:12:06.105   874  8183 D OVRRemoteService: processStateChange([PairedControllerInfo JEDI 729165a0fe4054d7 connected mcnt=0])
10-14 16:12:06.105   874  8183 D OVRRemoteService: processStateChange([PairedControllerInfo JEDI 86557c336c360320 connected mcnt=0])
10-14 16:12:06.106   742   884 I SyncBossHAL: [info   ] pulsar_manager.c(857): Setting transmit power for all connected controllers to -4 dBm
10-14 16:12:06.112   742  1002 D SensorService: Found paired controllers: 2
10-14 16:12:06.113   742  8213 E FrameSetDispatcher: [HEADSET] Client pid=874 (874): Failed to read from receive FMQ for 1 packets in 5000ms.
10-14 16:12:06.113   742  8213 E FrameSetDispatcher: This probably means this client is taking more than 33 ms to process the frame.
10-14 16:12:06.113   742  8213 E FrameSetDispatcher: Retrying.
10-14 16:12:06.113   874  8210 I TrackingService: Registering primary controller 86557c336c360320 in slot 1
10-14 16:12:06.117   742   884 I SyncBossHAL: [info   ] pulsar_manager.c(857): Setting transmit power for all connected controllers to -4 dBm
10-14 16:12:06.119   874  8210 D TrackingService: TrackingDataPostProcessor: Hand autotransition v2 GK enabled: 1
10-14 16:12:06.119   874  8210 D TrackingService: registerRemote: 86557c336c360320
10-14 16:12:06.126   742  8174 I SyncBossInput: [info   ] [jedi (right) 729165a0xxxxxxxx]: 1635348 [info   ] {THDG}: active_seek -> active_connected
10-14 16:12:06.132   874  8210 W TrackingService: Attempted to control leds, but gatekeeper is disabled. Skipping operation.
10-14 16:12:06.133   874  8210 D TrackingService: [HANDTRACKING] Controller 86557c336c360320 in hand: Y, valid: Y
10-14 16:12:06.151   874   874 W TrackingService: attachClient: found client in attached list
10-14 16:12:06.165  1050  1215 E WindowManager: App trying to use insecure INPUT_FEATURE_NO_INPUT_CHANNEL flag. Ignoring
10-14 16:12:06.174   742  8174 I SyncBossInput: [info   ] [jedi ( left) 86557c33xxxxxxxx]: 1635911 [info   ] {THDG}: active_seek -> active_connected
10-14 16:12:06.184   874   874 W TrackingService: attachClient: found client in attached list
10-14 16:12:06.184   874  1202 W TrackingService: attachClient: found client in attached list
10-14 16:12:06.185   874   874 D TrackingService: getSharedMemory: com.oculus.systemdriver, Controller
10-14 16:12:06.192   874  1202 W TrackingService: attachClient: found client in attached list
10-14 16:12:06.196   874   874 D TrackingService: getSharedMemory: com.oculus.vrshell, HeadTracker
10-14 16:12:06.199   874  1202 W TrackingService: attachClient: found client in attached list
10-14 16:12:06.200   874  1202 D TrackingService: getSharedMemory: com.oculus.guardian, Controller
10-14 16:12:06.235   874  1202 D TrackingService: getSharedMemory: com.oculus.vrshell, Controller
10-14 16:12:06.241   874  1202 W TrackingService: attachClient: found client in attached list
10-14 16:12:06.242   874   874 W TrackingService: attachClient: found client in attached list
10-14 16:12:06.395  1050  1642 I ActivityTaskManager: START u0 {act=android.intent.action.MAIN cmp=com.oculus.os.clearactivity/.ClearActivity (has extras)} from uid 10020
10-14 16:12:06.414  1050  1642 W ActivityTaskManager: startActivity called from non-Activity context; forcing Intent.FLAG_ACTIVITY_NEW_TASK for: Intent { act=android.intent.action.MAIN flg=0x800000 cmp=com.oculus.os.clearactivity/.ClearActivity (has extras) }
10-14 16:12:06.476  1050  1083 I ActivityManager: Start proc 8293:com.oculus.os.clearactivity/u0a72 for activity {com.oculus.os.clearactivity/com.oculus.os.clearactivity.ClearActivity}
10-14 16:12:06.508   874   874 I chatty  : uid=1000(system) /system/bin/trackingservice identical 7 lines
10-14 16:12:06.553   874   874 W TrackingService: attachClient: found client in attached list
10-14 16:12:06.564  1050  2506 E WindowManager: App trying to use insecure INPUT_FEATURE_NO_INPUT_CHANNEL flag. Ignoring
10-14 16:12:06.599   742  8174 I SyncBossInput: [info   ] [jedi (right) 729165a0xxxxxxxx]: 1635965 [info   ] {HPTH}: Set haptics frequency to 0x2201
10-14 16:12:06.601   874   874 W TrackingService: attachClient: found client in attached list
10-14 16:12:06.634   742  8174 I SyncBossInput: [info   ] [jedi ( left) 86557c33xxxxxxxx]: 1636531 [info   ] {HPTH}: Set haptics frequency to 0x215D
10-14 16:12:06.646   874  1202 W TrackingService: attachClient: found client in attached list
10-14 16:12:06.738   874  1202 I chatty  : uid=1000(system) Binder:874_3 identical 2 lines
10-14 16:12:06.769  1651  8284 W ContextImpl: Calling a method in the system process without a qualified user: android.app.ContextImpl.sendBroadcast:1057 android.content.ContextWrapper.sendBroadcast:448 X.nk.A00:133 X.nW.A00:17 X.nW.handleMessage:91 
10-14 16:12:06.784   874  1202 W TrackingService: attachClient: found client in attached list
10-14 16:12:06.788   874   874 W TrackingService: attachClient: found client in attached list
10-14 16:12:06.924   874   874 I chatty  : uid=1000(system) /system/bin/trackingservice identical 3 lines
10-14 16:12:06.965   874   874 W TrackingService: attachClient: found client in attached list
10-14 16:12:07.011   874  1202 W TrackingService: attachClient: found client in attached list
10-14 16:12:07.044   742  8174 I SyncBossHAL: [info   ] syncboss_hal_input_controller.c(194): Controller 729165a0xxxxxxxx battery level changed: 0% -> 100%
10-14 16:12:07.049   742  8173 D SensorService: stateChangeNotifierFunc(): Reporting controller info. Change token: 20, paired=2 connected=2
10-14 16:12:07.049   874  8183 D OVRRemoteService: processStateChange([PairedControllerInfo JEDI 729165a0fe4054d7 connected mcnt=0])
10-14 16:12:07.050   874  8183 D OVRRemoteService: processStateChange([PairedControllerInfo JEDI 86557c336c360320 connected mcnt=0])
10-14 16:12:07.057   874  1202 W TrackingService: attachClient: found client in attached list
10-14 16:12:07.061   874   874 W TrackingService: attachClient: found client in attached list
10-14 16:12:07.084   742  8174 I SyncBossHAL: [info   ] syncboss_hal_input_controller.c(194): Controller 86557c33xxxxxxxx battery level changed: 0% -> 90%
10-14 16:12:07.090   742  8173 D SensorService: stateChangeNotifierFunc(): Reporting controller info. Change token: 21, paired=2 connected=2
10-14 16:12:07.090   874  8183 D OVRRemoteService: processStateChange([PairedControllerInfo JEDI 729165a0fe4054d7 connected mcnt=0])
10-14 16:12:07.090   874  8183 D OVRRemoteService: processStateChange([PairedControllerInfo JEDI 86557c336c360320 connected mcnt=0])
10-14 16:12:07.107   874   874 W TrackingService: attachClient: found client in attached list
10-14 16:12:07.121  1050  1081 W VoiceInteractionManagerService: no available voice interaction services found for user 0
10-14 16:12:07.257  1651  8282 W ContextImpl: Calling a method in the system process without a qualified user: android.app.ContextImpl.sendBroadcast:1057 android.content.ContextWrapper.sendBroadcast:448 X.nk.A00:133 X.nW.A00:17 X.nW.handleMessage:91 
10-14 16:12:07.334   874   874 I chatty  : uid=1000(system) /system/bin/trackingservice identical 6 lines
10-14 16:12:07.351  1050  1818 I ActivityTaskManager: START u0 {act=com.oculus.os.clearactivity.FINISH cmp=com.oculus.os.clearactivity/.ClearActivity (has extras)} from uid 10020
10-14 16:12:07.351  1050  1818 W ActivityTaskManager: startActivity called from non-Activity context; forcing Intent.FLAG_ACTIVITY_NEW_TASK for: Intent { act=com.oculus.os.clearactivity.FINISH flg=0x800000 cmp=com.oculus.os.clearactivity/.ClearActivity (has extras) }
10-14 16:12:07.371   874   874 W TrackingService: attachClient: found client in attached list
10-14 16:12:07.411   874  3214 W TrackingService: attachClient: found client in attached list
10-14 16:12:07.412   874  3214 D TrackingService: getSharedMemory: com.epicgames.PrototypeV3, Controller
10-14 16:12:07.420   874   874 W TrackingService: attachClient: found client in attached list
10-14 16:12:07.491   874   874 I chatty  : uid=1000(system) /system/bin/trackingservice identical 2 lines
10-14 16:12:07.531   874   874 W TrackingService: attachClient: found client in attached list
10-14 16:12:07.571   874  1202 W TrackingService: attachClient: found client in attached list
10-14 16:12:07.572   874   874 W TrackingService: attachClient: found client in attached list
10-14 16:12:07.660   874   874 I chatty  : uid=1000(system) /system/bin/trackingservice identical 2 lines
10-14 16:12:07.704   874   874 W TrackingService: attachClient: found client in attached list
10-14 16:12:07.746   874  1202 W TrackingService: attachClient: found client in attached list
10-14 16:12:07.811  1651  8333 W ContextImpl: Calling a method in the system process without a qualified user: android.app.ContextImpl.sendBroadcast:1057 android.content.ContextWrapper.sendBroadcast:448 X.nk.A00:133 X.nW.A00:17 X.nW.handleMessage:91 
10-14 16:12:07.834  1050  1818 I ActivityTaskManager: Activity reported stop, but no longer stopping: ActivityRecord{183aa98 u0 com.epicgames.PrototypeV3/com.epicgames.ue4.GameActivity t63}
10-14 16:12:08.331   874  1202 I chatty  : uid=1000(system) Binder:874_3 identical 16 lines
10-14 16:12:08.332   874  1202 W TrackingService: attachClient: found client in attached list
10-14 16:12:08.380   874   874 W TrackingService: attachClient: found client in attached list
10-14 16:12:08.425   874   874 I chatty  : uid=1000(system) /system/bin/trackingservice identical 1 line
10-14 16:12:08.471   874   874 W TrackingService: attachClient: found client in attached list
10-14 16:12:08.517   874  1202 W TrackingService: attachClient: found client in attached list
10-14 16:12:08.561   874   874 W TrackingService: attachClient: found client in attached list
10-14 16:12:08.602   874   874 I chatty  : uid=1000(system) /system/bin/trackingservice identical 2 lines
10-14 16:12:08.651   874   874 W TrackingService: attachClient: found client in attached list
10-14 16:12:08.686   874  1202 W TrackingService: attachClient: found client in attached list
10-14 16:12:08.730   874  1202 W TrackingService: attachClient: found client in attached list
10-14 16:12:08.781   874   874 W TrackingService: attachClient: found client in attached list
10-14 16:12:08.905   874   874 I chatty  : uid=1000(system) /system/bin/trackingservice identical 4 lines
10-14 16:12:08.950   874   874 W TrackingService: attachClient: found client in attached list
10-14 16:12:08.991   874  1202 W TrackingService: attachClient: found client in attached list
10-14 16:12:09.291   874  1202 I chatty  : uid=1000(system) Binder:874_3 identical 8 lines
10-14 16:12:09.339   874  1202 W TrackingService: attachClient: found client in attached list
10-14 16:12:09.352   874   874 W TrackingService: attachClient: found client in attached list
10-14 16:12:09.354   874   874 I chatty  : uid=1000(system) /system/bin/trackingservice identical 1 line
10-14 16:12:09.389   874   874 W TrackingService: attachClient: found client in attached list
10-14 16:12:09.431   874  3214 W TrackingService: attachClient: found client in attached list
10-14 16:12:09.471   874   874 W TrackingService: attachClient: found client in attached list
10-14 16:12:09.822   874   874 I chatty  : uid=1000(system) /system/bin/trackingservice identical 11 lines
10-14 16:12:09.861   874   874 W TrackingService: attachClient: found client in attached list
10-14 16:12:09.901   874  3214 W TrackingService: attachClient: found client in attached list
10-14 16:12:09.947   874   874 W TrackingService: attachClient: found client in attached list
10-14 16:12:09.993   874  3214 W TrackingService: attachClient: found client in attached list
10-14 16:12:09.993   874  8210 D TrackingService: [HANDTRACKING] Controller 729165a0fe4054d7 in hand: N, valid: Y
10-14 16:12:09.994   874  8210 D TrackingService: [HANDTRACKING] Controller 86557c336c360320 in hand: N, valid: Y
10-14 16:12:10.036   742   918 I SyncBossHAL: [info   ] syncboss_hal_powerstate.c(50): Reporting powerstate event: PROX_OFF
10-14 16:12:10.037   874  3214 W TrackingService: attachClient: found client in attached list
10-14 16:12:10.048   865  1352 D SensorClientUtils: Received transition request to STANDBY current is RUNNING
10-14 16:12:10.048   865  1352 D SensorClientUtils: Executing transition from RUNNING to STANDBY
10-14 16:12:10.051   874  3214 D SensorClientUtils: Received transition request to STANDBY current is RUNNING
10-14 16:12:10.051   874  3214 D SensorClientUtils: Executing transition from RUNNING to STANDBY
10-14 16:12:10.053   874  3214 D SensorClientUtils: Received transition request to STANDBY current is RUNNING
10-14 16:12:10.053   874  3214 D SensorClientUtils: Executing transition from RUNNING to STANDBY
10-14 16:12:10.084   874  3214 W TrackingService: attachClient: found client in attached list
10-14 16:12:10.415  1050  1593 E TaskPersister: File error accessing recents directory (directory doesn't exist?).
10-14 16:12:10.575   874  3214 I chatty  : uid=1000(system) Binder:874_4 identical 13 lines
10-14 16:12:10.621   874  3214 W TrackingService: attachClient: found client in attached list
10-14 16:12:10.622   874   874 W TrackingService: attachClient: found client in attached list
10-14 16:12:11.660   874   874 I chatty  : uid=1000(system) /system/bin/trackingservice identical 30 lines
10-14 16:12:11.706   874   874 W TrackingService: attachClient: found client in attached list
10-14 16:12:11.733   742   918 I SyncBossHAL: [info   ] syncboss_hal_powerstate.c(50): Reporting powerstate event: PROX_ON
10-14 16:12:11.734   865  1352 D SensorClientUtils: Received transition request to RUNNING current is STANDBY
10-14 16:12:11.734   865  1352 D SensorClientUtils: Executing transition from STANDBY to RUNNING
10-14 16:12:11.735   874   874 D SensorClientUtils: Received transition request to RUNNING current is STANDBY
10-14 16:12:11.735   874   874 D SensorClientUtils: Executing transition from STANDBY to RUNNING
10-14 16:12:11.735   874   874 D SensorClientUtils: Received transition request to RUNNING current is STANDBY
10-14 16:12:11.735   874   874 D SensorClientUtils: Executing transition from STANDBY to RUNNING
10-14 16:12:11.752   874   874 W TrackingService: attachClient: found client in attached list
10-14 16:12:13.495   874   874 I chatty  : uid=1000(system) /system/bin/trackingservice identical 52 lines
10-14 16:12:13.540   874   874 W TrackingService: attachClient: found client in attached list
10-14 16:12:13.580   874  3214 W TrackingService: attachClient: found client in attached list
10-14 16:12:13.623   874   874 W TrackingService: attachClient: found client in attached list
10-14 16:12:13.662   874  3214 W TrackingService: attachClient: found client in attached list
10-14 16:12:13.670   874   874 W TrackingService: attachClient: found client in attached list
10-14 16:12:13.703   874   874 I chatty  : uid=1000(system) /system/bin/trackingservice identical 2 lines
10-14 16:12:13.744   874   874 W TrackingService: attachClient: found client in attached list
10-14 16:12:13.784   874  3214 W TrackingService: attachClient: found client in attached list
10-14 16:12:13.831   874  3214 I chatty  : uid=1000(system) Binder:874_4 identical 1 line
10-14 16:12:13.871   874  3214 W TrackingService: attachClient: found client in attached list
10-14 16:12:13.917   874   874 W TrackingService: attachClient: found client in attached list
10-14 16:12:13.961   874   874 I chatty  : uid=1000(system) /system/bin/trackingservice identical 1 line
10-14 16:12:13.962   874   874 W TrackingService: attachClient: found client in attached list
10-14 16:12:14.006   874  3214 W TrackingService: attachClient: found client in attached list
10-14 16:12:14.053   874  3214 I chatty  : uid=1000(system) Binder:874_4 identical 1 line
10-14 16:12:14.081   874  3214 W TrackingService: attachClient: found client in attached list
10-14 16:12:14.129   874   874 W TrackingService: attachClient: found client in attached list
10-14 16:12:14.172   874  1202 W TrackingService: attachClient: found client in attached list
10-14 16:12:14.261   874  1202 I chatty  : uid=1000(system) Binder:874_3 identical 3 lines
10-14 16:12:14.308   874  1202 W TrackingService: attachClient: found client in attached list
10-14 16:12:14.353   874   874 W TrackingService: attachClient: found client in attached list
10-14 16:12:14.454   874   874 I chatty  : uid=1000(system) /system/bin/trackingservice identical 4 lines
10-14 16:12:14.491   874   874 W TrackingService: attachClient: found client in attached list
10-14 16:12:14.535   874  1202 W TrackingService: attachClient: found client in attached list
10-14 16:12:14.581   874  1202 W TrackingService: attachClient: found client in attached list
10-14 16:12:14.625   874   874 W TrackingService: attachClient: found client in attached list
10-14 16:12:14.819   874   874 I chatty  : uid=1000(system) /system/bin/trackingservice identical 6 lines
10-14 16:12:14.865   874   874 W TrackingService: attachClient: found client in attached list
10-14 16:12:14.882   874  1202 W TrackingService: attachClient: found client in attached list
10-14 16:12:14.976   874  1202 I chatty  : uid=1000(system) Binder:874_3 identical 3 lines
10-14 16:12:15.021   874  1202 W TrackingService: attachClient: found client in attached list
10-14 16:12:15.061   874   874 W TrackingService: attachClient: found client in attached list
10-14 16:12:15.138   874   874 I chatty  : uid=1000(system) /system/bin/trackingservice identical 2 lines
10-14 16:12:15.145   874   874 W TrackingService: attachClient: found client in attached list
10-14 16:12:15.147   874  1202 W TrackingService: attachClient: found client in attached list
10-14 16:12:15.382   874  1202 I chatty  : uid=1000(system) Binder:874_3 identical 6 lines
10-14 16:12:15.384   874  1202 W TrackingService: attachClient: found client in attached list
10-14 16:12:15.431   874   874 W TrackingService: attachClient: found client in attached list
10-14 16:12:15.473   874   874 W TrackingService: attachClient: found client in attached list
10-14 16:12:15.515   874  1202 W TrackingService: attachClient: found client in attached list
10-14 16:12:15.538   874  8210 D TrackingService: [HANDTRACKING] Controller 729165a0fe4054d7 in hand: Y, valid: Y
10-14 16:12:15.561   874  1202 W TrackingService: attachClient: found client in attached list
10-14 16:12:15.605   874  1202 W TrackingService: attachClient: found client in attached list
10-14 16:12:15.645   874   874 W TrackingService: attachClient: found client in attached list
10-14 16:12:15.646   874   874 W TrackingService: attachClient: found client in attached list
10-14 16:12:15.658   874  8210 D TrackingService: [HANDTRACKING] Controller 86557c336c360320 in hand: Y, valid: Y
10-14 16:12:15.677   874   874 W TrackingService: attachClient: found client in attached list
10-14 16:12:15.717   874  1202 W TrackingService: attachClient: found client in attached list
10-14 16:12:15.733   874  3214 W TrackingService: attachClient: found client in attached list
10-14 16:12:15.765   874  3214 W TrackingService: attachClient: found client in attached list
10-14 16:12:15.812   874  1202 W TrackingService: attachClient: found client in attached list
10-14 16:12:15.992   874  1202 I chatty  : uid=1000(system) Binder:874_3 identical 6 lines
10-14 16:12:15.999   874  1202 W TrackingService: attachClient: found client in attached list
10-14 16:12:16.042   874  3214 W TrackingService: attachClient: found client in attached list
10-14 16:12:16.043   874  1202 W TrackingService: attachClient: found client in attached list
10-14 16:12:16.085   874  3214 W TrackingService: attachClient: found client in attached list
10-14 16:12:16.130   874  3214 W TrackingService: attachClient: found client in attached list
10-14 16:12:16.177   874  1202 W TrackingService: attachClient: found client in attached list
10-14 16:12:16.221   874  1202 I chatty  : uid=1000(system) Binder:874_3 identical 1 line
10-14 16:12:16.263   874  1202 W TrackingService: attachClient: found client in attached list
10-14 16:12:16.302   874  3214 W TrackingService: attachClient: found client in attached list
10-14 16:12:16.304   874  3214 W TrackingService: attachClient: found client in attached list
10-14 16:12:16.318   874  1202 W TrackingService: attachClient: found client in attached list
10-14 16:12:16.371   874  1202 I chatty  : uid=1000(system) Binder:874_3 identical 2 lines
10-14 16:12:16.418   874  1202 W TrackingService: attachClient: found client in attached list
10-14 16:12:16.464   874  3214 W TrackingService: attachClient: found client in attached list
10-14 16:12:16.604   874  3214 I chatty  : uid=1000(system) Binder:874_4 identical 5 lines
10-14 16:12:16.650   874  3214 W TrackingService: attachClient: found client in attached list
10-14 16:12:16.692   874   874 W TrackingService: attachClient: found client in attached list
10-14 16:12:16.781   874   874 I chatty  : uid=1000(system) /system/bin/trackingservice identical 3 lines
10-14 16:12:16.823   874   874 W TrackingService: attachClient: found client in attached list
10-14 16:12:16.863   874  3214 W TrackingService: attachClient: found client in attached list
10-14 16:12:16.910   874  3214 I chatty  : uid=1000(system) Binder:874_4 identical 1 line
10-14 16:12:16.931   874  3214 W TrackingService: attachClient: found client in attached list
10-14 16:12:16.977   874   874 W TrackingService: attachClient: found client in attached list
10-14 16:12:16.979   874  3214 W TrackingService: attachClient: found client in attached list
10-14 16:12:17.116   874  3214 I chatty  : uid=1000(system) Binder:874_4 identical 3 lines
10-14 16:12:17.161   874  3214 W TrackingService: attachClient: found client in attached list
10-14 16:12:17.207   874  1202 W TrackingService: attachClient: found client in attached list
10-14 16:12:17.256   874  1202 I chatty  : uid=1000(system) Binder:874_3 identical 2 lines
10-14 16:12:17.301   874  1202 W TrackingService: attachClient: found client in attached list
10-14 16:12:17.347   874  3214 W TrackingService: attachClient: found client in attached list
10-14 16:12:17.377   874  3214 I chatty  : uid=1000(system) Binder:874_4 identical 1 line
10-14 16:12:17.421   874  3214 W TrackingService: attachClient: found client in attached list
10-14 16:12:17.468   874  1202 W TrackingService: attachClient: found client in attached list
10-14 16:12:17.639   874  1202 I chatty  : uid=1000(system) Binder:874_3 identical 5 lines
10-14 16:12:17.682   874  1202 W TrackingService: attachClient: found client in attached list
10-14 16:12:17.725   874  3214 W TrackingService: attachClient: found client in attached list
10-14 16:12:17.764   874  1202 W TrackingService: attachClient: found client in attached list
10-14 16:12:17.766   874  1202 W TrackingService: attachClient: found client in attached list
10-14 16:12:17.817   874  3214 W TrackingService: attachClient: found client in attached list
10-14 16:12:17.863   874  3214 I chatty  : uid=1000(system) Binder:874_4 identical 1 line
10-14 16:12:17.897   874  3214 W TrackingService: attachClient: found client in attached list
10-14 16:12:17.942   874  1202 W TrackingService: attachClient: found client in attached list
10-14 16:12:18.035   874  1202 I chatty  : uid=1000(system) Binder:874_3 identical 2 lines
10-14 16:12:18.037   874  1202 W TrackingService: attachClient: found client in attached list
10-14 16:12:18.070   874  3214 W TrackingService: attachClient: found client in attached list
10-14 16:12:18.201   874  3214 I chatty  : uid=1000(system) Binder:874_4 identical 3 lines
10-14 16:12:18.248   874  3214 W TrackingService: attachClient: found client in attached list
10-14 16:12:18.290   874  1202 W TrackingService: attachClient: found client in attached list
10-14 16:12:18.292   874  1202 W TrackingService: attachClient: found client in attached list
10-14 16:12:18.319   874  3214 W TrackingService: attachClient: found client in attached list
10-14 16:12:18.405   874  3214 I chatty  : uid=1000(system) Binder:874_4 identical 2 lines
10-14 16:12:18.451   874  3214 W TrackingService: attachClient: found client in attached list
10-14 16:12:18.491   874  1202 W TrackingService: attachClient: found client in attached list
10-14 16:12:18.537   874  1202 I chatty  : uid=1000(system) Binder:874_3 identical 1 line
10-14 16:12:18.539   874  1202 W TrackingService: attachClient: found client in attached list
10-14 16:12:18.586   874  3214 W TrackingService: attachClient: found client in attached list
10-14 16:12:18.632   874  3214 I chatty  : uid=1000(system) Binder:874_4 identical 1 line
10-14 16:12:18.678   874  3214 W TrackingService: attachClient: found client in attached list
10-14 16:12:18.722   874  1202 W TrackingService: attachClient: found client in attached list
10-14 16:12:18.769   874  1202 I chatty  : uid=1000(system) Binder:874_3 identical 1 line
10-14 16:12:18.817   874  1202 W TrackingService: attachClient: found client in attached list
10-14 16:12:18.819   874  3214 W TrackingService: attachClient: found client in attached list
