10-14 18:12:32.796   874  1211 E [CT]    : SubmapRecords: findSubmapId found 2 submap records hold the same query krHandle
10-14 18:12:32.796   874  1211 W [CT]    : Vega:SubmapPublisherBase: Reference cannot be found when constructing relative submap transformation, this means not candidate submap is in VIO states, are you moving very fast or sending too few submaps to VIO?
10-14 18:12:32.796   874  1211 W [CT]    : Vega:SubmapPublisherBase: Reference cannot be found when constructing relative submap transformation, this means not candidate submap is in VIO states, are you moving very fast or sending too few submaps to VIO?
10-14 18:12:32.796   874  1211 W [CT]    : Vega:SubmapPublisher: [Throttled count=102] Force publishing an ill-conditioned point.
10-14 18:12:32.823   874 14411 I [CT]    : VegaTrackTracker: Starting map tracking on map. SubmapId Submap id = 0, version = 91483079 Active contexts: 1
10-14 18:12:32.823   874 14411 I [CT]    : VegaTrackTracker: Starting map tracking on map. SubmapId Submap id = 2, version = 989459617 Active contexts: 2
10-14 18:12:32.872   874 14411 W [CT]    : VEGA:MAP_TRACKING_HM: Validation failed after 0.04 seconds of bad frames. Switching from Validating to NoTracking
10-14 18:12:32.872   874 14411 W [CT]    : VEGA:MAP_TRACKING_HM: Validation failed after 0.04 seconds of bad frames. Switching from Validating to NoTracking
10-14 18:12:32.904   874 14411 I [CT]    : TrackedMapContext: Stop tracking map with ID Submap id = 2, version = 989459617 at index: 2 in contexts: 3
10-14 18:12:32.904   874 14411 I [CT]    : TrackedMapContext: Stop tracking map with ID Submap id = 0, version = 91483079 at index: 1 in contexts: 2
10-14 18:12:33.601  2890  3062 W OsSdk   : Requested historical tracking state too far in the past; oldest: 8819.855093s, requested: 8804.836605s
10-14 18:12:33.754   874  1211 I [CT]    : VIPER: InternalAnchorHealthMonitor: Anchors: 2 | Persistent anchors: 1 | Anchors never observed: 1
10-14 18:12:33.754   874  1211 I [CT]    :   (min/avg/max) Anchor landmarks: (0|0.5|1) | Covisible keyframes: (0|0|0) | Times since observation: (0|0|0)
10-14 18:12:33.794 15108 15142 I chatty  : uid=10111(com.epicgames.PrototypeV3) expire 172 lines
10-14 18:12:33.941   874 14411 W [CT]    : TIMESTAMPCHECKER: Nominal rate wrong. Estimated data rate: 25, Nominal is 30.000300003000028
10-14 18:12:34.134 15108 15337 I chatty  : uid=10111(com.epicgames.PrototypeV3) expire 2 lines
10-14 18:12:34.516   874 14411 I [CT]    : VIPER: Mode=SuperVega,Status=6DoF,TRACKING,Inl=28,Mem=62.9,Jit=0.2mm,Issues(Cam/min=0.0,IMU/min=0.0),Exp=(14.0ms,g=15.0,I=50,Ir=238.7)(14.0ms,g=15.0,I=78,Ir=375.5)(14.0ms,g=15.0,I=82,Ir=393.8)(14.0ms,g=15.0,I=73,Ir=348.8)
10-14 18:12:34.516   874 14411 W [CT]    : VIPER: Images too dark, Environment trending to dark, 
10-14 18:12:34.536  1372  2252 I PerformanceManager_V0: SetClockLevels: Apply pending clock request change: 3,3 -> 2,3
10-14 18:12:34.536  1372  2248 I Clocks  : ReleaseClocks - start
10-14 18:12:34.537  1372  2248 I Clocks  : ReleaseClocks - end (0.3 ms)
10-14 18:12:34.537  1372  2248 I Clocks  : LockClocks( cpu=2, gpu=3 ) - start
10-14 18:12:34.537  1372  2248 I Clocks  : CPU levels [0, 4]
10-14 18:12:34.537  1372  2248 I Clocks  : GPU levels [0, 5]
10-14 18:12:34.537  1372  2248 I Clocks  : LockClocks( cpu=2, gpu=3 ) - end (0.4 ms)
10-14 18:12:34.700 15108 15133 I chatty  : uid=10111(com.epicgames.PrototypeV3) expire 1 line
10-14 18:12:34.701 15108 15474 I chatty  : uid=10111(com.epicgames.PrototypeV3) expire 3 lines
10-14 18:12:34.906 15108 15341 I chatty  : uid=10111(com.epicgames.PrototypeV3) expire 85 lines
10-14 18:12:34.909 15108 15142 I chatty  : uid=10111(com.epicgames.PrototypeV3) expire 176 lines
10-14 18:12:35.004 15108 15337 I chatty  : uid=10111(com.epicgames.PrototypeV3) expire 3 lines
10-14 18:12:35.867  1770  3390 I Telemetry: App memory usage: PSS=41MB DalvikPSS=17 MB PrivateDirty=36MB PrivateClean=1MB
10-14 18:12:35.981   874 14411 W [CT]    : TIMESTAMPCHECKER: Nominal rate wrong. Estimated data rate: 25, Nominal is 30.000300003000028
10-14 18:12:36.091 15108 15341 I chatty  : uid=10111(com.epicgames.PrototypeV3) expire 85 lines
10-14 18:12:36.103 15108 15142 I chatty  : uid=10111(com.epicgames.PrototypeV3) expire 348 lines
10-14 18:12:36.371   874 14384 I [CT]    : CONSTELLATION:IMU_STATUS: 729165a0fe4054d7 (R): [FusionTracked=1.000, OutputTracked=1.000, OutputValid=1.000] [AccelSat=0.000, GyroSat=0.000] 
10-14 18:12:36.513  1372  2252 E TREX    : Interface 'FaceEyeTrackingServerInterface,1' was not found.
10-14 18:12:36.520   874 14417 I [CT]    : CONSTELLATION:VISION_STATUS: 729165a0fe4054d7 (R): BlobDetection:[#BlobsDetected=(23.14, 1.85)]Matching:[MatchSuccess=1.000, MatchCost=(0.00104, 0.00000), #MatchedBlobs=(11.41, 0.69), #MatchedLeds=(6.31, 0.46), RematchM=0.000, SkipRefine=0.000] MatchMethod:[Prox=1.000, ConstBrute=0.000, UnconstBrute=0.000] MatchResets[AnomBlobSize=0.000, SharedMatch=0.000, DenseReacq=0.000] | Fusion:[FusionError=0.000, ImuFromCamMs=(8.286, 1.121), RematchF=0.000] FusionUpdates:[Successful=1.000, Reliable=1.000, TightFusion=1.000, FullPose=0.000, StaticPrior=0.000, StaticForHandTrans=0.000, PoseUpdateMD=(0.0000, 0.0000)] FusionResets[6DoFReset=0.000, ResetSuccess=0.000] FusionStatus[HasPosition=1.000, HasVelocity=1.000] 
10-14 18:12:36.635   874  1211 W [CT]    : VEGA_MAP_BUILDER: Resolved a potential TrackToMapPointAssosiation conflict between tracks 13959217 (index = 213, version = 49) and 8061075 (index = 123, version = 147)
10-14 18:12:36.666   874 14350 I [CT]    : boltlib: DSP utilization: 8.31 % (415 / 5002 ms)
10-14 18:12:36.717   874 14411 W [CT]    : SVEGA: getMap is not supported.
10-14 18:12:37.185   584   617 I SyncBossFW: 8821277 [info   ] {PERF}: cpu load cur=0.4627 min=0.0510 max=0.4855 avg=0.2223
10-14 18:12:37.274 15108 15341 I chatty  : uid=10111(com.epicgames.PrototypeV3) expire 83 lines
10-14 18:12:37.722 15108 15133 I chatty  : uid=10111(com.epicgames.PrototypeV3) expire 1 line
10-14 18:12:37.723 15108 15479 I chatty  : uid=10111(com.epicgames.PrototypeV3) expire 3 lines
10-14 18:12:37.934 15108 15144 I chatty  : uid=10111(com.epicgames.PrototypeV3) expire 1 line
10-14 18:12:37.982   874 14411 W [CT]    : TIMESTAMPCHECKER: Nominal rate wrong. Estimated data rate: 25, Nominal is 30.000300003000028
10-14 18:12:38.003 15108 15337 I chatty  : uid=10111(com.epicgames.PrototypeV3) expire 2 lines
10-14 18:12:38.074   874  1211 I [CT]    : Vega:SubmapPublisher: Tracking parent no change: frame movement above thresh -> Publish
10-14 18:12:38.074   874  1211 I [CT]    : Vega:SubmapPublisher: Start to publish submaps, found candidates:  3
10-14 18:12:38.074   874  1211 E [CT]    : SubmapRecords: findSubmapId found 2 submap records hold the same query krHandle
10-14 18:12:38.075   874  1211 W [CT]    : Vega:SubmapPublisherBase: Reference cannot be found when constructing relative submap transformation, this means not candidate submap is in VIO states, are you moving very fast or sending too few submaps to VIO?
10-14 18:12:38.075   874  1211 W [CT]    : Vega:SubmapPublisherBase: Reference cannot be found when constructing relative submap transformation, this means not candidate submap is in VIO states, are you moving very fast or sending too few submaps to VIO?
10-14 18:12:38.103   874 14411 I [CT]    : VegaTrackTracker: Starting map tracking on map. SubmapId Submap id = 0, version = 898464334 Active contexts: 1
10-14 18:12:38.103   874 14411 I [CT]    : VegaTrackTracker: Starting map tracking on map. SubmapId Submap id = 2, version = 105051141 Active contexts: 2
10-14 18:12:38.117   874 14411 I [CT]    : VIPER: Mode=SuperVega,Status=6DoF,TRACKING,Inl=32,Mem=62.8,Jit=0.3mm,Issues(Cam/min=0.0,IMU/min=0.0),Exp=(14.0ms,g=15.0,I=59,Ir=280.9)(14.0ms,g=15.0,I=80,Ir=381.6)(14.0ms,g=15.0,I=79,Ir=379.0)(14.0ms,g=15.0,I=61,Ir=294.6)
10-14 18:12:38.117   874 14411 W [CT]    : VIPER: Images too dark, Environment trending to dark, 
10-14 18:12:38.155   874 14411 W [CT]    : VEGA:MAP_TRACKING_HM: Validation failed after 0.04 seconds of bad frames. Switching from Validating to NoTracking
10-14 18:12:38.155   874 14411 W [CT]    : VEGA:MAP_TRACKING_HM: Validation failed after 0.04 seconds of bad frames. Switching from Validating to NoTracking
10-14 18:12:38.184   874 14411 I [CT]    : TrackedMapContext: Stop tracking map with ID Submap id = 2, version = 105051141 at index: 2 in contexts: 3
10-14 18:12:38.184   874 14411 I [CT]    : TrackedMapContext: Stop tracking map with ID Submap id = 0, version = 898464334 at index: 1 in contexts: 2
10-14 18:12:38.316   874  1211 I [CT]    : Vega:MapBuilderBase: Created keyRig with frameID 2795 and uid f8bc34b9
10-14 18:12:38.321   874  1211 I [CT]    : KEYPOINT_CACHE: New keyrig added has 200 corners and 56 tracks to immature points that will be used to extract descriptors and insert into the index.
10-14 18:12:38.323   874  1213 I [CT]    : VIPER:DEEP_DESCRIPTOR: Computing Deep Descriptors using IC orientation.
10-14 18:12:38.324   874  1211 I [CT]    : MapCullingTask: Culled 0 L1 nodes, 1 individual keyrigs, and 0 individual points
10-14 18:12:38.325   874  1211 I [CT]    : VegaBAOptimize: Num points adjusted: 178 fixed: 0 Num residuals in-in: 821 in-out: 0 out-in: 0 fixed (out-out): 0 outside ROI: 0 total: 822
10-14 18:12:38.325   874  1211 I [CT]    : VegaBAOptimize: Total: neighbor 3 L1s, adjust 2 L1s. KRs 23  Points 178  Cameras 92  OutsideFixedKR 2  AdjustKR 21  Imus 5
10-14 18:12:38.434 15108 15341 I chatty  : uid=10111(com.epicgames.PrototypeV3) expire 83 lines
10-14 18:12:38.442 15108 15142 I chatty  : uid=10111(com.epicgames.PrototypeV3) expire 340 lines
10-14 18:12:38.560  1372  2252 I PerformanceManager_V0: SetClockLevels: Apply pending clock request change: 2,3 -> 3,3
10-14 18:12:38.560  1372  2248 I Clocks  : ReleaseClocks - start
10-14 18:12:38.560  1372  2248 I Clocks  : ReleaseClocks - end (0.3 ms)
10-14 18:12:38.560  1372  2248 I Clocks  : LockClocks( cpu=3, gpu=3 ) - start
10-14 18:12:38.561  1372  2248 I Clocks  : CPU levels [0, 4]
10-14 18:12:38.561  1372  2248 I Clocks  : GPU levels [0, 5]
10-14 18:12:38.561  1372  2248 I Clocks  : LockClocks( cpu=3, gpu=3 ) - end (0.4 ms)
10-14 18:12:38.639  2890  3062 W OsSdk   : Requested historical tracking state too far in the past; oldest: 8824.894305s, requested: 8804.836605s
10-14 18:12:39.035   874  1211 I [CT]    : Vega:SubmapPublisher: Tracking parent no change: frame movement above thresh -> Publish
10-14 18:12:39.036   874  1211 I [CT]    : Vega:SubmapPublisher: Start to publish submaps, found candidates:  3
10-14 18:12:39.036   874  1211 E [CT]    : SubmapRecords: findSubmapId found 2 submap records hold the same query krHandle
10-14 18:12:39.036   874  1211 W [CT]    : Vega:SubmapPublisherBase: Reference cannot be found when constructing relative submap transformation, this means not candidate submap is in VIO states, are you moving very fast or sending too few submaps to VIO?
10-14 18:12:39.036   874  1211 W [CT]    : Vega:SubmapPublisherBase: Reference cannot be found when constructing relative submap transformation, this means not candidate submap is in VIO states, are you moving very fast or sending too few submaps to VIO?
10-14 18:12:39.061  1372  2252 I PerformanceManager_V0: SetClockLevels: Apply pending clock request change: 3,3 -> 4,3
10-14 18:12:39.061  1372  2248 I Clocks  : ReleaseClocks - start
10-14 18:12:39.062  1372  2248 I Clocks  : ReleaseClocks - end (0.8 ms)
10-14 18:12:39.062  1372  2248 I Clocks  : LockClocks( cpu=4, gpu=3 ) - start
10-14 18:12:39.062  1372  2248 I Clocks  : CPU levels [0, 4]
10-14 18:12:39.062  1372  2248 I Clocks  : GPU levels [0, 5]
10-14 18:12:39.062  1372  2248 I Clocks  : LockClocks( cpu=4, gpu=3 ) - end (0.3 ms)
10-14 18:12:39.063   874 14411 I [CT]    : VegaTrackTracker: Starting map tracking on map. SubmapId Submap id = 0, version = 216017902 Active contexts: 1
10-14 18:12:39.063   874 14411 I [CT]    : VegaTrackTracker: Starting map tracking on map. SubmapId Submap id = 2, version = 1018813163 Active contexts: 2
10-14 18:12:39.114   874 14411 W [CT]    : VEGA:MAP_TRACKING_HM: Validation failed after 0.04 seconds of bad frames. Switching from Validating to NoTracking
10-14 18:12:39.114   874 14411 W [CT]    : VEGA:MAP_TRACKING_HM: Validation failed after 0.04 seconds of bad frames. Switching from Validating to NoTracking
10-14 18:12:39.144   874 14411 I [CT]    : TrackedMapContext: Stop tracking map with ID Submap id = 2, version = 1018813163 at index: 2 in contexts: 3
10-14 18:12:39.144   874 14411 I [CT]    : TrackedMapContext: Stop tracking map with ID Submap id = 0, version = 216017902 at index: 1 in contexts: 2
10-14 18:12:39.749 15108 15341 I chatty  : uid=10111(com.epicgames.PrototypeV3) expire 85 lines
10-14 18:12:40.003 15108 15337 I chatty  : uid=10111(com.epicgames.PrototypeV3) expire 3 lines
10-14 18:12:40.022   874 14411 W [CT]    : TIMESTAMPCHECKER: Nominal rate wrong. Estimated data rate: 25, Nominal is 30.000300003000028
10-14 18:12:40.236   874  1211 I [CT]    : Vega:MapBuilderBase: Created keyRig with frameID 2843 and uid 6c961ccf
10-14 18:12:40.241   874 14417 I [CT]    : CONSTELLATION:VISION_STATUS: 86557c336c360320 (L): BlobDetection:[#BlobsDetected=(22.96, 2.00)]Matching:[MatchSuccess=1.000, MatchCost=(0.00090, 0.00000), #MatchedBlobs=(11.19, 0.72), #MatchedLeds=(6.24, 0.53), RematchM=0.000, SkipRefine=0.000] MatchMethod:[Prox=1.000, ConstBrute=0.000, UnconstBrute=0.000] MatchResets[AnomBlobSize=0.000, SharedMatch=0.000, DenseReacq=0.000] | Fusion:[FusionError=0.000, ImuFromCamMs=(8.782, 0.490), RematchF=0.000] FusionUpdates:[Successful=1.000, Reliable=1.000, TightFusion=1.000, FullPose=0.000, StaticPrior=0.000, StaticForHandTrans=0.008, PoseUpdateMD=(0.0000, 0.0000)] FusionResets[6DoFReset=0.000, ResetSuccess=0.000] FusionStatus[HasPosition=1.000, HasVelocity=1.000] 
10-14 18:12:40.243   874  1211 I [CT]    : KEYPOINT_CACHE: New keyrig added has 123 corners and 80 tracks to immature points that will be used to extract descriptors and insert into the index.
10-14 18:12:40.245   874  1213 I [CT]    : VIPER:DEEP_DESCRIPTOR: Computing Deep Descriptors using IC orientation.
10-14 18:12:40.245   874  1211 I [CT]    : MapCullingTask: Culled 0 L1 nodes, 1 individual keyrigs, and 2 individual points
10-14 18:12:40.246   874  1211 I [CT]    : VegaBAOptimize: Num points adjusted: 186 fixed: 0 Num residuals in-in: 746 in-out: 0 out-in: 0 fixed (out-out): 0 outside ROI: 0 total: 747
10-14 18:12:40.247   874  1211 I [CT]    : VegaBAOptimize: Total: neighbor 3 L1s, adjust 2 L1s. KRs 23  Points 186  Cameras 92  OutsideFixedKR 2  AdjustKR 21  Imus 4
10-14 18:12:40.278   874 14384 I [CT]    : CONSTELLATION:IMU_STATUS: 86557c336c360320 (L): [FusionTracked=1.000, OutputTracked=1.000, OutputValid=1.000] [AccelSat=0.000, GyroSat=0.000] 
10-14 18:12:40.475   874  1211 I [CT]    : Vega:SubmapPublisher: Tracking parent no change: frame movement above thresh -> Publish
10-14 18:12:40.475   874  1211 I [CT]    : Vega:SubmapPublisher: Start to publish submaps, found candidates:  3
10-14 18:12:40.475   874  1211 E [CT]    : SubmapRecords: findSubmapId found 2 submap records hold the same query krHandle
10-14 18:12:40.475   874  1211 W [CT]    : Vega:SubmapPublisherBase: Reference cannot be found when constructing relative submap transformation, this means not candidate submap is in VIO states, are you moving very fast or sending too few submaps to VIO?
10-14 18:12:40.475   874  1211 W [CT]    : Vega:SubmapPublisherBase: Reference cannot be found when constructing relative submap transformation, this means not candidate submap is in VIO states, are you moving very fast or sending too few submaps to VIO?
10-14 18:12:40.504   874 14411 I [CT]    : VegaTrackTracker: Starting map tracking on map. SubmapId Submap id = 0, version = 184822167 Active contexts: 1
10-14 18:12:40.504   874 14411 I [CT]    : VegaTrackTracker: Starting map tracking on map. SubmapId Submap id = 2, version = 1498824360 Active contexts: 2
10-14 18:12:40.553   874 14411 W [CT]    : VEGA:MAP_TRACKING_HM: Validation failed after 0.04 seconds of bad frames. Switching from Validating to NoTracking
10-14 18:12:40.553   874 14411 W [CT]    : VEGA:MAP_TRACKING_HM: Validation failed after 0.04 seconds of bad frames. Switching from Validating to NoTracking
10-14 18:12:40.584   874 14411 I [CT]    : TrackedMapContext: Stop tracking map with ID Submap id = 2, version = 1498824360 at index: 2 in contexts: 3
10-14 18:12:40.584   874 14411 I [CT]    : TrackedMapContext: Stop tracking map with ID Submap id = 0, version = 184822167 at index: 1 in contexts: 2
10-14 18:12:40.969 15108 15142 I chatty  : uid=10111(com.epicgames.PrototypeV3) expire 169 lines
10-14 18:12:40.974 15108 15341 I chatty  : uid=10111(com.epicgames.PrototypeV3) expire 169 lines
10-14 18:12:41.666   874 14350 I [CT]    : boltlib: DSP utilization: 8.77 % (438 / 5000 ms)
10-14 18:12:41.716   874 14411 I [CT]    : VIPER: Mode=SuperVega,Status=6DoF,TRACKING,Inl=31,Mem=62.8,Jit=0.6mm,Issues(Cam/min=0.0,IMU/min=0.0),Exp=(14.0ms,g=15.0,I=52,Ir=249.5)(14.0ms,g=15.0,I=80,Ir=382.4)(14.0ms,g=15.0,I=81,Ir=390.3)(14.0ms,g=15.0,I=69,Ir=331.2)
10-14 18:12:41.716   874 14411 W [CT]    : VIPER: Images too dark, Environment trending to dark, 
10-14 18:12:42.062   874 14411 W [CT]    : TIMESTAMPCHECKER: Nominal rate wrong. Estimated data rate: 25, Nominal is 30.000300003000028
10-14 18:12:42.147 15108 15142 I chatty  : uid=10111(com.epicgames.PrototypeV3) expire 169 lines
10-14 18:12:42.398   874  1211 I [CT]    : Vega:SubmapPublisher: Tracking parent no change: frame movement above thresh -> Publish
10-14 18:12:42.398   874  1211 I [CT]    : Vega:SubmapPublisher: Start to publish submaps, found candidates:  3
10-14 18:12:42.398   874  1211 E [CT]    : SubmapRecords: findSubmapId found 2 submap records hold the same query krHandle
10-14 18:12:42.398   874  1211 W [CT]    : Vega:SubmapPublisherBase: Reference cannot be found when constructing relative submap transformation, this means not candidate submap is in VIO states, are you moving very fast or sending too few submaps to VIO?
10-14 18:12:42.398   874  1211 W [CT]    : Vega:SubmapPublisherBase: Reference cannot be found when constructing relative submap transformation, this means not candidate submap is in VIO states, are you moving very fast or sending too few submaps to VIO?
10-14 18:12:42.424   874 14411 I [CT]    : VegaTrackTracker: Starting map tracking on map. SubmapId Submap id = 0, version = 490631100 Active contexts: 1
10-14 18:12:42.424   874 14411 I [CT]    : VegaTrackTracker: Starting map tracking on map. SubmapId Submap id = 2, version = 1103658769 Active contexts: 2
10-14 18:12:42.473   874 14411 W [CT]    : VEGA:MAP_TRACKING_HM: Validation failed after 0.04 seconds of bad frames. Switching from Validating to NoTracking
10-14 18:12:42.473   874 14411 W [CT]    : VEGA:MAP_TRACKING_HM: Validation failed after 0.04 seconds of bad frames. Switching from Validating to NoTracking
10-14 18:12:42.504   874 14411 I [CT]    : TrackedMapContext: Stop tracking map with ID Submap id = 2, version = 1103658769 at index: 2 in contexts: 3
10-14 18:12:42.504   874 14411 I [CT]    : TrackedMapContext: Stop tracking map with ID Submap id = 0, version = 490631100 at index: 1 in contexts: 2
10-14 18:12:43.004 15108 15337 I chatty  : uid=10111(com.epicgames.PrototypeV3) expire 2 lines
10-14 18:12:43.114   874 14411 W [CT]    : VIO_HAS_TRACKING: Bad tracking: large covariance-weighted vision correction : 100.59383 > 90
10-14 18:12:43.114   874 14411 W [CT]    : VEGA:PERCEPTUAL_HM: Bad tracking: tracker health is bad
10-14 18:12:43.114   874 14411 I [CT]    : VEGA:PERCEPTUAL_HM: Perceptual HM: bad tracking while exposing 6DoF. Delaying switch to 3DoF for 0.266666666 seconds.
10-14 18:12:43.114   874 14411 I [CT]    : VegaTracker: [Throttled count=4] VegaTracker::track returned 345 track measurement(s) 126 track-to-landmark association(s) and 4 closed track ID(s) while reporting poor tracking quality. (isTrackerHealthy = false, isMapTrackingHealthy = true)
10-14 18:12:43.122   874  1211 I [CT]    : Vega:SubmapPublisher: Tracking parent no change: frame movement above thresh -> Publish
10-14 18:12:43.122   874  1211 I [CT]    : Vega:SubmapPublisher: Start to publish submaps, found candidates:  3
10-14 18:12:43.122   874  1211 E [CT]    : SubmapRecords: findSubmapId found 2 submap records hold the same query krHandle
10-14 18:12:43.122   874  1211 W [CT]    : Vega:SubmapPublisherBase: Reference cannot be found when constructing relative submap transformation, this means not candidate submap is in VIO states, are you moving very fast or sending too few submaps to VIO?
10-14 18:12:43.122   874  1211 W [CT]    : Vega:SubmapPublisherBase: Reference cannot be found when constructing relative submap transformation, this means not candidate submap is in VIO states, are you moving very fast or sending too few submaps to VIO?
10-14 18:12:43.122   874  1211 W [CT]    : Vega:SubmapPublisher: [Throttled count=167] Force publishing an ill-conditioned point.
10-14 18:12:43.142   874 14411 I [CT]    : VIPER: Image mean intensities (per camera): 48.66, 80.98, 86.37, 75.12
10-14 18:12:43.143   874 14411 I [CT]    : VegaTrackTracker: Starting map tracking on map. SubmapId Submap id = 0, version = 1092214038 Active contexts: 1
10-14 18:12:43.143   874 14411 I [CT]    : VegaTrackTracker: Starting map tracking on map. SubmapId Submap id = 2, version = 1311924606 Active contexts: 2
10-14 18:12:43.145   874 14411 I [CT]    : VegaTracker: [Throttled count=4] Performing big search to recover from bad map tracking or new reloc.
10-14 18:12:43.193   874 14411 W [CT]    : VEGA:MAP_TRACKING_HM: Validation failed after 0.04 seconds of bad frames. Switching from Validating to NoTracking
10-14 18:12:43.193   874 14411 W [CT]    : VEGA:MAP_TRACKING_HM: Validation failed after 0.04 seconds of bad frames. Switching from Validating to NoTracking
10-14 18:12:43.224   874 14411 I [CT]    : TrackedMapContext: Stop tracking map with ID Submap id = 2, version = 1311924606 at index: 2 in contexts: 3
10-14 18:12:43.224   874 14411 I [CT]    : TrackedMapContext: Stop tracking map with ID Submap id = 0, version = 1092214038 at index: 1 in contexts: 2
10-14 18:12:43.391 15108 15142 I chatty  : uid=10111(com.epicgames.PrototypeV3) expire 171 lines
10-14 18:12:43.396 15108 15341 I chatty  : uid=10111(com.epicgames.PrototypeV3) expire 170 lines
10-14 18:12:43.679  2890  3062 W OsSdk   : Requested historical tracking state too far in the past; oldest: 8829.933546s, requested: 8804.836605s
10-14 18:12:44.102   874 14411 W [CT]    : TIMESTAMPCHECKER: Nominal rate wrong. Estimated data rate: 25, Nominal is 30.000300003000028
10-14 18:12:44.714 15108 15142 I chatty  : uid=10111(com.epicgames.PrototypeV3) expire 169 lines
10-14 18:12:44.858  2890  3849 I Telemetry: App memory usage: PSS=55MB DalvikPSS=19 MB PrivateDirty=49MB PrivateClean=2MB
10-14 18:12:45.004 15108 15337 I chatty  : uid=10111(com.epicgames.PrototypeV3) expire 3 lines
10-14 18:12:45.313   874 14411 I [CT]    : VIPER: Mode=SuperVega,Status=6DoF,TRACKING,Inl=32,Mem=62.8,Jit=0.1mm,Issues(Cam/min=0.0,IMU/min=0.0),Exp=(14.0ms,g=15.0,I=52,Ir=249.5)(14.0ms,g=15.0,I=85,Ir=405.6)(14.0ms,g=15.0,I=89,Ir=427.0)(11.6ms,g=14.0,I=74,Ir=458.5)
10-14 18:12:45.313   874 14411 W [CT]    : VIPER: Images too dark, Environment trending to dark, 
10-14 18:12:45.996 15108 15142 I chatty  : uid=10111(com.epicgames.PrototypeV3) expire 169 lines
10-14 18:12:46.000 15108 15341 I chatty  : uid=10111(com.epicgames.PrototypeV3) expire 168 lines
10-14 18:12:46.102   874 14411 W [CT]    : TIMESTAMPCHECKER: Nominal rate wrong. Estimated data rate: 25, Nominal is 30.000300003000028
10-14 18:12:46.313   874 14411 W [CT]    : VIO_HAS_TRACKING: Bad tracking: large covariance-weighted vision correction : 165.13423 > 90
10-14 18:12:46.313   874 14411 W [CT]    : VEGA:PERCEPTUAL_HM: Bad tracking: tracker health is bad
10-14 18:12:46.313   874 14411 I [CT]    : VEGA:PERCEPTUAL_HM: Perceptual HM: bad tracking while exposing 6DoF. Delaying switch to 3DoF for 0.266666666 seconds.
10-14 18:12:46.314   874 14411 I [CT]    : VegaTracker: VegaTracker::track returned 328 track measurement(s) 125 track-to-landmark association(s) and 0 closed track ID(s) while reporting poor tracking quality. (isTrackerHealthy = false, isMapTrackingHealthy = true)
10-14 18:12:46.341   874 14411 I [CT]    : VIPER: Image mean intensities (per camera): 53.52, 85.99, 90.05, 74.52
10-14 18:12:46.344   874 14411 I [CT]    : VegaTracker: Performing big search to recover from bad map tracking or new reloc.
10-14 18:12:46.373   874 14384 I [CT]    : CONSTELLATION:IMU_STATUS: 729165a0fe4054d7 (R): [FusionTracked=1.000, OutputTracked=1.000, OutputValid=1.000] [AccelSat=0.000, GyroSat=0.000] 
10-14 18:12:46.466   874 14412 I [CT]    : NIMBLE:HLOG: NimbleTelemetryAggregator::populateTelemetry
10-14 18:12:46.469   874 14412 I chatty  : uid=1000(system) TelCollector identical 3 lines
10-14 18:12:46.520   874 14417 I chatty  : uid=1000(system) CtrllrCam expire 1 line
10-14 18:12:46.523  1372  2252 E TREX    : Interface 'FaceEyeTrackingServerInterface,1' was not found.
10-14 18:12:46.582   874 14411 I chatty  : uid=1000(system) IOTcam expire 4 lines
10-14 18:12:46.666   874 14350 I chatty  : uid=1000(system) BoltWorkerThrea expire 1 line
10-14 18:12:47.175 15108 15142 I chatty  : uid=10111(com.epicgames.PrototypeV3) expire 339 lines
10-14 18:12:47.205  1372  2252 I PerformanceManager_V0: SetClockLevels: Apply pending clock request change: 4,3 -> 3,3
10-14 18:12:47.206  1372  2248 I Clocks  : ReleaseClocks - start
10-14 18:12:47.206  1372  2248 I Clocks  : ReleaseClocks - end (0.3 ms)
10-14 18:12:47.206  1372  2248 I Clocks  : LockClocks( cpu=3, gpu=3 ) - start
10-14 18:12:47.206  1372  2248 I Clocks  : CPU levels [0, 4]
10-14 18:12:47.206  1372  2248 I Clocks  : GPU levels [0, 5]
10-14 18:12:47.206  1372  2248 I Clocks  : LockClocks( cpu=3, gpu=3 ) - end (0.4 ms)
10-14 18:12:47.981  1050  1082 W ActivityManager: Stopping service due to app idle: u0a71 -1m10s42ms com.oculus.appsafety/.AppSafetyService
10-14 18:12:47.985  3306  3306 D AppSafetyService: Service stopping
10-14 18:12:48.004 15108 15337 I chatty  : uid=10111(com.epicgames.PrototypeV3) expire 1 line
10-14 18:12:48.136 15108 15144 I chatty  : uid=10111(com.epicgames.PrototypeV3) expire 1 line
10-14 18:12:48.353 15108 15341 I chatty  : uid=10111(com.epicgames.PrototypeV3) expire 85 lines
10-14 18:12:48.674   874  1211 I [CT]    : Vega:SubmapPublisher: Tracking parent no change: frame movement above thresh -> Publish
10-14 18:12:48.675   874  1211 I [CT]    : Vega:SubmapPublisher: Start to publish submaps, found candidates:  3
10-14 18:12:48.675   874  1211 E [CT]    : SubmapRecords: findSubmapId found 2 submap records hold the same query krHandle
10-14 18:12:48.675   874  1211 W [CT]    : Vega:SubmapPublisherBase: Reference cannot be found when constructing relative submap transformation, this means not candidate submap is in VIO states, are you moving very fast or sending too few submaps to VIO?
10-14 18:12:48.675   874  1211 W [CT]    : Vega:SubmapPublisherBase: Reference cannot be found when constructing relative submap transformation, this means not candidate submap is in VIO states, are you moving very fast or sending too few submaps to VIO?
10-14 18:12:48.679  2890  3062 W OsSdk   : Requested historical tracking state too far in the past; oldest: 8834.936953s, requested: 8804.836605s
10-14 18:12:48.704   874 14411 I [CT]    : VegaTrackTracker: Starting map tracking on map. SubmapId Submap id = 0, version = 1368882184 Active contexts: 1
10-14 18:12:48.704   874 14411 I [CT]    : VegaTrackTracker: Starting map tracking on map. SubmapId Submap id = 2, version = 575254566 Active contexts: 2
10-14 18:12:48.754   874 14411 W [CT]    : VEGA:MAP_TRACKING_HM: Validation failed after 0.04 seconds of bad frames. Switching from Validating to NoTracking
10-14 18:12:48.754   874 14411 W [CT]    : VEGA:MAP_TRACKING_HM: Validation failed after 0.04 seconds of bad frames. Switching from Validating to NoTracking
10-14 18:12:48.759  2890  3062 I GuardianSystem: world updating because worldfromanchor threshold passed
10-14 18:12:48.784   874 14411 I [CT]    : TrackedMapContext: Stop tracking map with ID Submap id = 2, version = 575254566 at index: 2 in contexts: 3
10-14 18:12:48.784   874 14411 I [CT]    : TrackedMapContext: Stop tracking map with ID Submap id = 0, version = 1368882184 at index: 1 in contexts: 2
10-14 18:12:48.914   874 14411 I [CT]    : VIPER: Mode=SuperVega,Status=6DoF,TRACKING,Inl=32,Mem=62.3,Jit=0.1mm,Issues(Cam/min=0.0,IMU/min=0.0),Exp=(14.0ms,g=15.0,I=54,Ir=258.6)(14.0ms,g=15.0,I=88,Ir=423.2)(14.0ms,g=15.0,I=97,Ir=465.2)(11.5ms,g=14.0,I=75,Ir=468.2)
10-14 18:12:48.915   874 14411 W [CT]    : VIPER: Images too dark, Environment trending to dark, 
10-14 18:12:48.916   874  1211 I [CT]    : VIPER: InternalAnchorHealthMonitor: Anchors: 2 | Persistent anchors: 1 | Anchors never observed: 1
10-14 18:12:48.916   874  1211 I [CT]    :   (min/avg/max) Anchor landmarks: (0|0.5|1) | Covisible keyframes: (0|0|0) | Times since observation: (0|0|0)
10-14 18:12:49.004 15108 15337 I chatty  : uid=10111(com.epicgames.PrototypeV3) expire 2 lines
10-14 18:12:49.210  1372  2252 I PerformanceManager_V0: SetClockLevels: Apply pending clock request change: 3,3 -> 2,3
10-14 18:12:49.211  1372  2248 I Clocks  : ReleaseClocks - start
10-14 18:12:49.211  1372  2248 I Clocks  : ReleaseClocks - end (0.3 ms)
10-14 18:12:49.211  1372  2248 I Clocks  : LockClocks( cpu=2, gpu=3 ) - start
10-14 18:12:49.211  1372  2248 I Clocks  : CPU levels [0, 4]
10-14 18:12:49.211  1372  2248 I Clocks  : GPU levels [0, 5]
10-14 18:12:49.211  1372  2248 I Clocks  : LockClocks( cpu=2, gpu=3 ) - end (0.3 ms)
10-14 18:12:49.542 15108 15341 I chatty  : uid=10111(com.epicgames.PrototypeV3) expire 85 lines
10-14 18:12:49.555 15108 15142 I chatty  : uid=10111(com.epicgames.PrototypeV3) expire 340 lines
10-14 18:12:49.560  2890  2890 W guardianservice: type=1400 audit(0.0:10102): avc: denied " {" read" } for " name="u:object_r:vendor_board_init_prop:s0" dev="tmpfs" ino=17099 scontext=u:r:priv_app:s0:c512,c768 tcontext=u:object_r:vendor_board_init_prop:s0 tclass=file permissive=0
10-14 18:12:49.560  2890  2890 W guardianservice: type=1400 audit(0.0:10103): avc: denied " {" read" } for " name="u:object_r:vendor_board_init_prop:s0" dev="tmpfs" ino=17099 scontext=u:r:priv_app:s0:c512,c768 tcontext=u:object_r:vendor_board_init_prop:s0 tclass=file permissive=0
10-14 18:12:49.569  2890  3060 E libc    : Access denied finding property "ro.vendor.product.model_extended"
10-14 18:12:49.570  2890  3060 E libc    : Access denied finding property "ro.vendor.product.model_extended"
10-14 18:12:49.878   874  1211 I [CT]    : Vega:SubmapPublisher: Tracking parent no change: frame movement above thresh -> Publish
10-14 18:12:49.878   874  1211 I [CT]    : Vega:SubmapPublisher: Start to publish submaps, found candidates:  3
10-14 18:12:49.878   874  1211 E [CT]    : SubmapRecords: findSubmapId found 2 submap records hold the same query krHandle
10-14 18:12:49.878   874  1211 W [CT]    : Vega:SubmapPublisherBase: Reference cannot be found when constructing relative submap transformation, this means not candidate submap is in VIO states, are you moving very fast or sending too few submaps to VIO?
10-14 18:12:49.878   874  1211 W [CT]    : Vega:SubmapPublisherBase: Reference cannot be found when constructing relative submap transformation, this means not candidate submap is in VIO states, are you moving very fast or sending too few submaps to VIO?
10-14 18:12:49.904   874 14411 I [CT]    : VegaTrackTracker: Starting map tracking on map. SubmapId Submap id = 0, version = 1413021009 Active contexts: 1
10-14 18:12:49.904   874 14411 I [CT]    : VegaTrackTracker: Starting map tracking on map. SubmapId Submap id = 2, version = 1972627750 Active contexts: 2
10-14 18:12:49.953   874 14411 W [CT]    : VEGA:MAP_TRACKING_HM: Validation failed after 0.04 seconds of bad frames. Switching from Validating to NoTracking
10-14 18:12:49.953   874 14411 W [CT]    : VEGA:MAP_TRACKING_HM: Validation failed after 0.04 seconds of bad frames. Switching from Validating to NoTracking
10-14 18:12:49.984   874 14411 I [CT]    : TrackedMapContext: Stop tracking map with ID Submap id = 2, version = 1972627750 at index: 2 in contexts: 3
10-14 18:12:49.984   874 14411 I [CT]    : TrackedMapContext: Stop tracking map with ID Submap id = 0, version = 1413021009 at index: 1 in contexts: 2
10-14 18:12:50.102   874 14411 W [CT]    : TIMESTAMPCHECKER: Nominal rate wrong. Estimated data rate: 25, Nominal is 30.000300003000028
10-14 18:12:50.241   874 14417 I [CT]    : CONSTELLATION:VISION_STATUS: 86557c336c360320 (L): BlobDetection:[#BlobsDetected=(23.20, 0.58)]Matching:[MatchSuccess=1.000, MatchCost=(0.00098, 0.00000), #MatchedBlobs=(11.27, 0.46), #MatchedLeds=(6.23, 0.31), RematchM=0.000, SkipRefine=0.000] MatchMethod:[Prox=1.000, ConstBrute=0.000, UnconstBrute=0.000] MatchResets[AnomBlobSize=0.000, SharedMatch=0.000, DenseReacq=0.000] | Fusion:[FusionError=0.000, ImuFromCamMs=(8.574, 0.795), RematchF=0.000] FusionUpdates:[Successful=1.000, Reliable=1.000, TightFusion=1.000, FullPose=0.000, StaticPrior=0.000, StaticForHandTrans=0.040, PoseUpdateMD=(0.0000, 0.0000)] FusionResets[6DoFReset=0.000, ResetSuccess=0.000] FusionStatus[HasPosition=1.000, HasVelocity=1.000] 
10-14 18:12:50.280   874 14384 I [CT]    : CONSTELLATION:IMU_STATUS: 86557c336c360320 (L): [FusionTracked=1.000, OutputTracked=1.000, OutputValid=1.000] [AccelSat=0.000, GyroSat=0.000] 
10-14 18:12:50.725 15108 15341 I chatty  : uid=10111(com.epicgames.PrototypeV3) expire 85 lines
10-14 18:12:51.004 15108 15337 I chatty  : uid=10111(com.epicgames.PrototypeV3) expire 2 lines
10-14 18:12:51.666   874 14350 I [CT]    : boltlib: DSP utilization: 8.44 % (421 / 5000 ms)
10-14 18:12:51.910 15108 15341 I chatty  : uid=10111(com.epicgames.PrototypeV3) expire 79 lines
10-14 18:12:51.923 15108 15142 I chatty  : uid=10111(com.epicgames.PrototypeV3) expire 348 lines
10-14 18:12:52.142   874 14411 W [CT]    : TIMESTAMPCHECKER: Nominal rate wrong. Estimated data rate: 25, Nominal is 30.000300003000028
10-14 18:12:52.278   874  1211 I [CT]    : Vega:SubmapPublisher: Tracking parent no change: frame movement above thresh -> Publish
10-14 18:12:52.278   874  1211 I [CT]    : Vega:SubmapPublisher: Start to publish submaps, found candidates:  3
10-14 18:12:52.278   874  1211 E [CT]    : SubmapRecords: findSubmapId found 2 submap records hold the same query krHandle
10-14 18:12:52.278   874  1211 W [CT]    : Vega:SubmapPublisherBase: Reference cannot be found when constructing relative submap transformation, this means not candidate submap is in VIO states, are you moving very fast or sending too few submaps to VIO?
10-14 18:12:52.278   874  1211 W [CT]    : Vega:SubmapPublisherBase: Reference cannot be found when constructing relative submap transformation, this means not candidate submap is in VIO states, are you moving very fast or sending too few submaps to VIO?
10-14 18:12:52.304   874 14411 I [CT]    : VegaTrackTracker: Starting map tracking on map. SubmapId Submap id = 0, version = 203123852 Active contexts: 1
10-14 18:12:52.304   874 14411 I [CT]    : VegaTrackTracker: Starting map tracking on map. SubmapId Submap id = 2, version = 1935306154 Active contexts: 2
10-14 18:12:52.354   874 14411 W [CT]    : VEGA:MAP_TRACKING_HM: Validation failed after 0.04 seconds of bad frames. Switching from Validating to NoTracking
10-14 18:12:52.354   874 14411 W [CT]    : VEGA:MAP_TRACKING_HM: Validation failed after 0.04 seconds of bad frames. Switching from Validating to NoTracking
10-14 18:12:52.385   874 14411 I [CT]    : TrackedMapContext: Stop tracking map with ID Submap id = 2, version = 1935306154 at index: 2 in contexts: 3
10-14 18:12:52.386   874 14411 I [CT]    : TrackedMapContext: Stop tracking map with ID Submap id = 0, version = 203123852 at index: 1 in contexts: 2
10-14 18:12:52.516   874 14411 I [CT]    : VIPER: Mode=SuperVega,Status=6DoF,TRACKING,Inl=34,Mem=62.4,Jit=0.1mm,Issues(Cam/min=0.0,IMU/min=0.0),Exp=(14.0ms,g=15.0,I=52,Ir=249.1)(14.0ms,g=15.0,I=78,Ir=375.2)(14.0ms,g=15.0,I=81,Ir=386.6)(14.0ms,g=15.0,I=66,Ir=316.4)
10-14 18:12:52.516   874 14411 W [CT]    : VIPER: Images too dark, Environment trending to dark, 
10-14 18:12:53.007 15108 15337 I chatty  : uid=10111(com.epicgames.PrototypeV3) expire 2 lines
10-14 18:12:53.009 15108 15341 I chatty  : uid=10111(com.epicgames.PrototypeV3) expire 37 lines
10-14 18:12:53.515  1372 15247 I VrRuntimeService: DestroySwapChain: swapchain=266
10-14 18:12:53.515  1372 15247 I VrRuntimeService: DestroySwapChain: swapchain=267
10-14 18:12:53.532 15108 15334 I chatty  : uid=10111(com.epicgames.PrototypeV3) expire 1 line
10-14 18:12:53.533  1372 15247 I VrRuntimeService: RuntimeServiceSDKServer::EnableRendering: 0x0, 0, com.epicgames.PrototypeV3
10-14 18:12:53.533  1372 15247 I ClientMgr: ClientMgr::EnableRendering 15108:com.epicgames.PrototypeV3 : type 0 comp-id 11: disable
10-14 18:12:53.533  1372 15247 I VrRuntimeServer: DisableCompositorClient: 11
10-14 18:12:53.533  1372 15247 I TimeWarpClientMgr: Disable client 11
10-14 18:12:53.533  1372 15247 I TimeWarpClientMgr: DisableClient: frame flush required: 1
10-14 18:12:53.540  1372 15247 I UnifiedTelemetryWrapper: Stopped UT session render:com.epicgames.PrototypeV3
10-14 18:12:53.540  1372  2252 I ClientMgr: Non-overlay clients rendering status has changed: prev=51, curr=52, enabled=0
10-14 18:12:53.540  1372  2252 I TimeWarpClientMgr: Enable client 0
10-14 18:12:53.540  1372  2252 I VrRuntimeServer: EnableCompositorClient client(0): layer placement(2147483643) flags(8) sm(0x72e1ff8160)
10-14 18:12:53.611 15108 15343 I chatty  : uid=10111(com.epicgames.PrototypeV3) expire 2 lines
10-14 18:12:53.613  2890  2937 I RuntimeIPCServerMgr: HandleClientDisconnect: Client: com.epicgames.PrototypeV3:com.epicgames.PrototypeV3:15108, Server: com.oculus.guardian:com.oculus.vrguardianservice (guardianserver)
10-14 18:12:53.613  1372  1388 I RuntimeIPCServerMgr: HandleClientDisconnect: Client: com.epicgames.PrototypeV3:com.epicgames.PrototypeV3:15108, Server: com.oculus.systemdriver:com.oculus.vrruntimeservice (RuntimeServiceServer)
10-14 18:12:53.613  1372 15247 I VrRuntimeService: RuntimeIPC: IPC_SYSTEM_EVENT_CLIENT_DISCONNECTED_EXT: com.epicgames.PrototypeV3
10-14 18:12:53.613  1372 15247 I ClientMgr: ClientMgr::DestroyClient: 15108:com.epicgames.PrototypeV3
10-14 18:12:53.613  1372 15247 I ClientMgr: ClientMgr::DestroyClient: Remove 15108:com.epicgames.PrototypeV3 as focused client.
10-14 18:12:53.613  1372 15247 I ClientMgr: FocusedClient changed.
10-14 18:12:53.613  1372 15247 W ClientMgr: ClientMgr::SetFocusedClient: No focused client
10-14 18:12:53.613  1372 15247 I ClientMgr: Releasing clocks.
10-14 18:12:53.613  1372 15247 I ClientMgr: SetFocusedPackageName - packageName  processName  clientId 0 clientPid 0
10-14 18:12:53.613  1372 15247 I ClientMgr: ClientMgr::DestroyClient: non-deferred ShutdownResources: 2513 == 2513 
10-14 18:12:53.613  1372 15247 I VrRuntimeServer: UnRegisterCompositorClient client(11)
10-14 18:12:53.613  1372 15247 I ClientMgr: RemoveClient: com.epicgames.PrototypeV3:com.epicgames.PrototypeV3:15108
10-14 18:12:53.614   874   874 I TrackingService: Unregistering client by ITrackingService.unregisterClient
10-14 18:12:53.614   874   874 I TrackingService: Failed to unregister client because client not found in registered list
10-14 18:12:53.614   874   874 I chatty  : uid=1000(system) /system/bin/trackingservice identical 4 lines
10-14 18:12:53.614   874   874 I TrackingService: Failed to unregister client because client not found in registered list
10-14 18:12:53.614   874   874 D TrackingService: unregister: com.epicgames.PrototypeV3
10-14 18:12:53.614  1651  4425 W SessionController: Failed to stop session (com.oculus.systemdriver:render_process_unknown) because the sessionName does not exist.
10-14 18:12:53.614  1372 15247 I UnifiedTelemetryWrapper: Stopped UT session render_process_unknown
10-14 18:12:53.616  1372 15247 I UnifiedTelemetryWrapper: Stopped UT session lifetime:com.epicgames.PrototypeV3
10-14 18:12:53.637  1478  1478 V AvrcpMediaPlayerList: onPlaybackConfigChanged(): Configs list size=5
10-14 18:12:53.637  1478  1478 V AvrcpMediaPlayerList: onPlaybackConfigChanged(): Configs list size=4
10-14 18:12:53.640  2890  3062 I GuardianSystem: runtimeServiceSDKClient_.ActiveClientDestroyedEventData: package=[com.epicgames.PrototypeV3], process=[com.epicgames.PrototypeV3]
10-14 18:12:53.640  2890  3062 I GuardianSystem: OnDestroyActiveClient: com.epicgames.PrototypeV3
10-14 18:12:53.640  2890  3062 I GuardianSystem: OnDestroyActiveClient: Clearing return package because owning client was destroyed: com.epicgames.PrototypeV3
10-14 18:12:53.640  2890  3062 I GuardianSystem: GuardianSystem::GuardianCmd CMD_CLEAR_RETURN_PACKAGE
10-14 18:12:53.679  2890  3062 W OsSdk   : Requested historical tracking state too far in the past; oldest: 8839.940392s, requested: 8804.836605s
10-14 18:12:53.721   730  5065 D msm8974_platform: platform_split_snd_device: snd_device(2) num devices(1) new_snd_devices(0)
10-14 18:12:53.721   730  5065 D ACDB-LOADER: ACDB -> send_audvoltable
10-14 18:12:53.721   730  5065 D ACDB-LOADER: ACDB -> ACDB_CMD_GET_AUDPROC_INSTANCE_GAIN_DEP_STEP_TABLE_SIZE
10-14 18:12:53.721   730  5065 D         : Failed to fetch the lookup information of the device 0000000F 
10-14 18:12:53.721   730  5065 D ACDB-LOADER: Error: ACDB_CMD_GET_AUDPROC_INSTANCE_GAIN_DEP_STEP_TABLE_SIZE Returned = -19
10-14 18:12:53.721   730  5065 D ACDB-LOADER: ACDB -> ACDB_CMD_GET_AUDPROC_INSTANCE_GAIN_DEP_STEP_TABLE, vol index 0
10-14 18:12:53.721   730  5065 D         : Failed to fetch the lookup information of the device 0000000F 
10-14 18:12:53.721   730  5065 D ACDB-LOADER: Error: ACDB AudProc vol returned = -19
10-14 18:12:53.721   730  5065 D ACDB-LOADER: ACDB -> AUDIO_SET_VOL_CAL cal type = 40
10-14 18:12:53.722   730  5065 D msm8974_platform: platform_split_snd_device: snd_device(2) num devices(1) new_snd_devices(0)
10-14 18:12:53.833   874 14411 W [CT]    : VIO_HAS_TRACKING: Bad tracking: large covariance-weighted vision correction : 103.44605 > 90
10-14 18:12:53.834   874 14411 W [CT]    : VEGA:PERCEPTUAL_HM: Bad tracking: tracker health is bad
10-14 18:12:53.834   874 14411 I [CT]    : VEGA:PERCEPTUAL_HM: Perceptual HM: bad tracking while exposing 6DoF. Delaying switch to 3DoF for 0.266666666 seconds.
10-14 18:12:53.834   874 14411 I [CT]    : VegaTracker: VegaTracker::track returned 323 track measurement(s) 121 track-to-landmark association(s) and 13 closed track ID(s) while reporting poor tracking quality. (isTrackerHealthy = false, isMapTrackingHealthy = true)
10-14 18:12:53.862   874 14411 I [CT]    : VIPER: Image mean intensities (per camera): 51.47, 77.57, 80.46, 64.53
10-14 18:12:53.864   874 14411 I [CT]    : VegaTracker: Performing big search to recover from bad map tracking or new reloc.
10-14 18:12:54.113   874 14411 W [CT]    : VIO_HAS_TRACKING: Bad tracking: large covariance-weighted vision correction : 107.154434 > 90
10-14 18:12:54.113   874 14411 W [CT]    : VEGA:PERCEPTUAL_HM: Bad tracking: tracker health is bad
10-14 18:12:54.113   874 14411 I [CT]    : VEGA:PERCEPTUAL_HM: Perceptual HM: bad tracking while exposing 6DoF. Delaying switch to 3DoF for 0.266666666 seconds.
10-14 18:12:54.142   874 14411 W [CT]    : TIMESTAMPCHECKER: Nominal rate wrong. Estimated data rate: 25, Nominal is 30.000300003000028
10-14 18:12:54.314   874  1211 W [CT]    : VEGA_MAP_BUILDER: Resolved a potential TrackToMapPointAssosiation conflict between tracks 13566014 (index = 207, version = 62) and 4587692 (index = 70, version = 172)
10-14 18:12:54.551 15108 15142 D UE4     : 0x00000000BCBCF264 libUE4.so(0x0000000007348264)!FVulkanDynamicRHI::RHICreateStructuredBuffer(unsigned int, unsigned int, unsigned int, ERHIAccess, FRHIResourceCreateInfo&)  []
10-14 18:12:54.551 15108 15142 D UE4     : 0x00000000BE4015F0 libUE4.so(0x0000000008B7A5F0)!FDynamicRHI::CreateStructuredBuffer_RenderThread(FRHICommandListImmediate&, unsigned int, unsigned int, unsigned int, ERHIAccess, FRHIResourceCreateInfo&)  []
10-14 18:12:54.551 15108 15142 D UE4     : 0x00000000BE5B5C90 libUE4.so(0x0000000008D2EC90)!FRWBufferStructured::Initialize(unsigned int, unsigned int, unsigned int, char16_t const*, bool, bool)  []
10-14 18:12:54.551 15108 15142 D UE4     : 0x00000000BE5B5B24 libUE4.so(0x0000000008D2EB24)!bool ResizeResourceIfNeeded<FRWBufferStructured>(FRHICommandList&, FRWBufferStructured&, unsigned int, char16_t const*)  []
10-14 18:12:54.551 15108 15142 D UE4     : 0x00000000BF29FC04 libUE4.so(0x0000000009A18C04)!void UpdateGPUSceneInternal<FRWBufferStructured>(FRHICommandListImmediate&, FScene&)  []
10-14 18:12:54.551 15108 15142 D UE4     : 0x00000000BF5AEEE4 libUE4.so(0x0000000009D27EE4)!FMobileSceneRenderer::InitViews(FRHICommandListImmediate&)  []
10-14 18:12:54.551 15108 15142 D UE4     : 
10-14 18:12:54.551 15108 15142 D UE4     : 
10-14 18:12:54.586 15108 15142 D UE4     : [2022.10.14-17.12.54:586][513]LogVulkanRHI: Warning:  ** LEAK 002 [00033000-00010000] 65536  MultiBuf 
10-14 18:12:54.586 15108 15142 D UE4     : 
10-14 18:12:54.586 15108 15142 D UE4     : 0x00000000BCC3E024 libUE4.so(0x00000000073B7024)!FAndroidPlatformStackWalk::CaptureStackBackTrace(unsigned long long*, unsigned int, void*)  []
10-14 18:12:54.586 15108 15142 D UE4     : 0x00000000BCB5CA90 libUE4.so(0x00000000072D5A90)!VulkanRHI::FVulkanSubresourceAllocator::TryAllocate2(VulkanRHI::FVulkanAllocation&, FVulkanEvictable*, unsigned int, unsigned int, VulkanRHI::EVulkanAllocationMetaType, char const*, unsigned int)  []
10-14 18:12:54.586 15108 15142 D UE4     : 0x00000000BCB624BC libUE4.so(0x00000000072DB4BC)!VulkanRHI::FMemoryManager::AllocateBufferPooled(VulkanRHI::FVulkanAllocation&, FVulkanEvictable*, unsigned int, unsigned int, unsigned int, VulkanRHI::EVulkanAllocationMetaType, char const*, unsigned int)  []
10-14 18:12:54.586 15108 15142 D UE4     : 0x00000000BCB32714 libUE4.so(0x00000000072AB714)!FVulkanResourceMultiBuffer::FVulkanResourceMultiBuffer(FVulkanDevice*, unsigned int, unsigned int, unsigned int, FRHIResourceCreateInfo&, FRHICommandListImmediate*)  []
10-14 18:12:54.586 15108 15142 D UE4     : 0x00000000BCBCF264 libUE4.so(0x0000000007348264)!FVulkanDynamicRHI::RHICreateStructuredBuffer(unsigned int, unsigned int, unsigned int, ERHIAccess, FRHIResourceCreateInfo&)  []
10-14 18:12:54.586 15108 15142 D UE4     : 0x00000000BE4015F0 libUE4.so(0x0000000008B7A5F0)!FDynamicRHI::CreateStructuredBuffer_RenderThread(FRHICommandListImmediate&, unsigned int, unsigned int, unsigned int, ERHIAccess, FRHIResourceCreateInfo&)  []
10-14 18:12:54.586 15108 15142 D UE4     : 0x00000000BE5B5C90 libUE4.so(0x0000000008D2EC90)!FRWBufferStructured::Initialize(unsigned int, unsigned int, unsigned int, char16_t const*, bool, bool)  []
10-14 18:12:54.586 15108 15142 D UE4     : 0x00000000BE5B5B24 libUE4.so(0x0000000008D2EB24)!bool ResizeResourceIfNeeded<FRWBufferStructured>(FRHICommandList&, FRWBufferStructured&, unsigned int, char16_t const*)  []
10-14 18:12:54.587 15108 15142 D UE4     : 0x00000000BF2A25AC libUE4.so(0x0000000009A1B5AC)!void UploadDynamicPrimitiveShaderDataForViewInternal<FRWBufferStructured>(FRHICommandListImmediate&, FScene&, FViewInfo&)  []
10-14 18:12:54.587 15108 15142 D UE4     : 0x00000000BF5AEF10 libUE4.so(0x0000000009D27F10)!FMobileSceneRenderer::InitViews(FRHICommandListImmediate&)  []
10-14 18:12:54.587 15108 15142 D UE4     : 
10-14 18:12:54.587 15108 15142 D UE4     : 
10-14 18:12:54.622 15108 15142 D UE4     : [2022.10.14-17.12.54:622][513]LogVulkanRHI: Warning:  ** LEAK 003 [00043000-00010000] 65536  MultiBuf 
10-14 18:12:54.622 15108 15142 D UE4     : 
10-14 18:12:54.622 15108 15142 D UE4     : 0x00000000BCC3E024 libUE4.so(0x00000000073B7024)!FAndroidPlatformStackWalk::CaptureStackBackTrace(unsigned long long*, unsigned int, void*)  []
10-14 18:12:54.622 15108 15142 D UE4     : 0x00000000BCB5CA90 libUE4.so(0x00000000072D5A90)!VulkanRHI::FVulkanSubresourceAllocator::TryAllocate2(VulkanRHI::FVulkanAllocation&, FVulkanEvictable*, unsigned int, unsigned int, VulkanRHI::EVulkanAllocationMetaType, char const*, unsigned int)  []
10-14 18:12:54.622 15108 15142 D UE4     : 0x00000000BCB624BC libUE4.so(0x00000000072DB4BC)!VulkanRHI::FMemoryManager::AllocateBufferPooled(VulkanRHI::FVulkanAllocation&, FVulkanEvictable*, unsigned int, unsigned int, unsigned int, VulkanRHI::EVulkanAllocationMetaType, char const*, unsigned int)  []
10-14 18:12:54.622 15108 15142 D UE4     : 0x00000000BCB32714 libUE4.so(0x00000000072AB714)!FVulkanResourceMultiBuffer::FVulkanResourceMultiBuffer(FVulkanDevice*, unsigned int, unsigned int, unsigned int, FRHIResourceCreateInfo&, FRHICommandListImmediate*)  []
10-14 18:12:54.622 15108 15142 D UE4     : 0x00000000BCBCF264 libUE4.so(0x0000000007348264)!FVulkanDynamicRHI::RHICreateStructuredBuffer(unsigned int, unsigned int, unsigned int, ERHIAccess, FRHIResourceCreateInfo&)  []
10-14 18:12:54.622 15108 15142 D UE4     : 0x00000000BE4015F0 libUE4.so(0x0000000008B7A5F0)!FDynamicRHI::CreateStructuredBuffer_RenderThread(FRHICommandListImmediate&, unsigned int, unsigned int, unsigned int, ERHIAccess, FRHIResourceCreateInfo&)  []
10-14 18:12:54.622 15108 15142 D UE4     : 0x00000000BE5B5C90 libUE4.so(0x0000000008D2EC90)!FRWBufferStructured::Initialize(unsigned int, unsigned int, unsigned int, char16_t const*, bool, bool)  []
