--------- beginning of system
10-17 20:42:19.549  1056  1606 I ActivityTaskManager: START u0 {flg=0x10000000 cmp=com.epicgames.PrototypeV3/com.epicgames.ue4.GameActivity} from uid 2000
10-17 20:42:19.588  1056  1090 I ActivityManager: Start proc 11652:com.epicgames.PrototypeV3/u0a114 for activity {com.epicgames.PrototypeV3/com.epicgames.ue4.GameActivity}
10-17 20:42:19.632  1056  1072 I DisplayManagerService: Display device removed: DisplayDeviceInfo{"com.oculus.android_panel_app.AndroidPanelLayer-#main": uniqueId="virtual:com.oculus.systemux,10026,com.oculus.android_panel_app.AndroidPanelLayer-#main,1", 1000 x 625, modeId 106, defaultModeId 106, supportedModes [{id=106, width=1000, height=625, fps=60.0}], colorMode 0, supportedColorModes [0], HdrCapabilities null, density 200, 200.0 x 200.0 dpi, appVsyncOff 0, presDeadline 16666666, touch NONE, rotation 0, type VIRTUAL, state ON, owner com.oculus.systemux (uid 10026), FLAG_PRIVATE, FLAG_NEVER_BLANK, FLAG_OWN_CONTENT_ONLY}
--------- beginning of tracking
10-17 20:42:19.668   851  1040 W TrackingService: attachClient: found client in attached list
10-17 20:42:19.671   851  1040 D TrackingService: getSharedMemory: com.oculus.mrservice#1789, HeadTracker
--------- beginning of main
10-17 20:42:19.735  3153  3227 I [SEO] ShellEnvSwapChainApi: Destroying SwapChain:0xc5c32ec0
10-17 20:42:19.736  3153  3227 I [SEO] ShellEnvSwapChainApi: Destroying SwapChain:0xc76e7bc0
10-17 20:42:19.737  3153  3227 I [SEO] ShellEnvSwapChainApi: Destroying SwapChain:0xc5c32740
10-17 20:42:19.737  3153  3227 I [SEO] SystemDialogController: Reset
10-17 20:42:19.737  3153  3227 I [SEO] DialogControllerManager: Reset resetReason:5
10-17 20:42:19.737  3153  3227 I [SEO] ShellApp: LeaveVrMode - Finished
10-17 20:42:19.740  3448  3448 V LifecycleAwareViewModelStore: LifecycleAwareViewModelStore destroyed
10-17 20:42:19.740  3448  3448 V LifecycleAwarePanelApp: PanelApp lifecycle moved to final state: DESTROYED
10-17 20:42:19.740  3448  3448 I AndroidPanelApp: Destroyed
10-17 20:42:19.743  3448  3448 D [SUI] AnytimeUIPanelAppBase: Releasing viewModel DynamicAppsViewModel refCount: 1
10-17 20:42:19.743  3448  3448 D [SUI] AnytimeUIPanelAppBase: Releasing viewModel SharingViewModel refCount: 0
10-17 20:42:19.743  3448  3448 D [SUI] SharingViewModel: Destroying ViewModel
10-17 20:42:19.745  3448  3448 D [SUI] SharingViewModel: clearAbuseReportRecordingTimer
10-17 20:42:19.745  3448  3448 D [SUI] BarView: Destroying BarView
10-17 20:42:19.745  3448  3448 D [SUI] SocialViewModel: removeObserver(): -$$Lambda$SystemStatusView$hvdttGlyfUmlGZJVTLPJRt2c5Fk
10-17 20:42:19.745  3448  3448 D [SUI] AnytimeUIPanelAppBase: Releasing viewModel SocialViewModel refCount: 1
10-17 20:42:19.746  3448  3448 D [SUI] AnytimeUIPanelAppBase: Releasing viewModel SystemStatusViewModel refCount: 0
10-17 20:42:19.746  3448  3448 D [SUI] AnytimeUIPanelAppBase: Releasing viewModel BarViewModel refCount: 1
10-17 20:42:19.746  3448  3448 D [SUI] StatusViewModel: Destroying ViewModel
10-17 20:42:19.747  3448  3448 D [SUI] AnytimeUIPanelAppBase: Releasing viewModel ActiveCallBarViewModel refCount: 0
10-17 20:42:19.747  3448  3448 D [SUI] AnytimeUIPanelAppBase: Releasing viewModel SocialViewModel refCount: 0
10-17 20:42:19.747  3448  3448 D [SUI] SocialViewModel: Destroying ViewModel
10-17 20:42:19.748  3448  3448 I PresenceAPK(ServicePresenceClient): ServicePresenceClient close
10-17 20:42:19.748  3448  3448 I PresenceAPK(GroupManager): removeListener with id SystemCallGroup
10-17 20:42:19.748  3448  3448 I PresenceAPK(ServiceApiManager): onApiNotReady
10-17 20:42:19.748  3448  3448 D PresenceAPK(ServicePresenceClient): Calling onServiceDown
10-17 20:42:19.748  3448  3448 I PresenceAPK(GroupManager): disconnected
10-17 20:42:19.749  3448  3448 D [SUI] MessengerCallViewModel: removeObserver
10-17 20:42:19.749  3448  3448 D [SUI] AnytimeUIPanelAppBase: Releasing viewModel MessengerCallViewModel refCount: 0
10-17 20:42:19.749  3448  3448 D HyperspaceClient: destroy - start
10-17 20:42:19.780  1931 10980 I CompositorVR: SetSchedFifo( tid=3334, pol=2, pri=0 ) succeeded
10-17 20:42:19.794 11652 11715 I chatty  : uid=10114(com.epicgames.PrototypeV3) expire 4 lines
10-17 20:42:19.796 11652 11716 I chatty  : uid=10114(com.epicgames.PrototypeV3) expire 4 lines
10-17 20:42:19.799 11652 11719 I chatty  : uid=10114(com.epicgames.PrototypeV3) expire 6 lines
10-17 20:42:19.832   851  1221 E [CT]    : VegaMapSaver: master key rig has zero energy edges!
10-17 20:42:19.855  3448 11391 I RuntimeIPCClientMgr: RuntimeIPCClientMgr::DisconnectFromServer: 0, Client: com.oculus.systemux:com.oculus.systemux:SystemUX:3448, Server: com.oculus.presence:com.oculus.presence (PubSubServer)
10-17 20:42:19.856  2502  3105 I RuntimeIPCServerMgr: HandleClientDisconnect: Client: com.oculus.systemux:com.oculus.systemux:SystemUX:3448, Server: com.oculus.presence:com.oculus.presence (PubSubServer)
10-17 20:42:19.857  3448 11391 I RuntimeIPCClient: RuntimeIPCClient: Shutdown: Client: com.oculus.systemux:com.oculus.systemux:SystemUX:3448, Server: com.oculus.presence:com.oculus.presence (PubSubServer)
10-17 20:42:19.857  3448 11391 I RuntimeIPCApi: ipc_Shutdown
10-17 20:42:19.857  3448 11391 I RuntimeIPCServiceClient: Shutdown: Refs still outstanding: 3, com.oculus.systemux:SystemUX
10-17 20:42:19.857  3448 11391 I RuntimeIPCClientMgr: RuntimeIPCClientMgr::DisconnectFromServer: 0, Client: com.oculus.systemux:com.oculus.systemux:SystemUX:3448, Server: com.oculus.presence:com.oculus.presence (PresenceServer)
10-17 20:42:19.858  2502  3105 I RuntimeIPCServerMgr: HandleClientDisconnect: Client: com.oculus.systemux:com.oculus.systemux:SystemUX:3448, Server: com.oculus.presence:com.oculus.presence (PresenceServer)
10-17 20:42:19.858  3448 11391 I RuntimeIPCClient: RuntimeIPCClient: Shutdown: Client: com.oculus.systemux:com.oculus.systemux:SystemUX:3448, Server: com.oculus.presence:com.oculus.presence (PresenceServer)
10-17 20:42:19.858  3448 11391 I RuntimeIPCApi: ipc_Shutdown
10-17 20:42:19.858  3448 11391 I RuntimeIPCServiceClient: Shutdown: Refs still outstanding: 2, com.oculus.systemux:SystemUX
10-17 20:42:19.858  3448  3448 D HyperspaceClient: destroy - end
10-17 20:42:19.859  3448  3448 D HyperspaceClient: release instance, refcount: 0
10-17 20:42:19.859  3448  3448 D [SUI] MessengerCallViewModel: released hyperspace client
10-17 20:42:19.859  3448  3448 D [SUI] MessengerCallViewModel: destroyed MessengerCallViewModel
10-17 20:42:19.859  3448  3448 D [SUI] MessengerCallBarViewModel: destroyed MessengerCallBarViewModel
10-17 20:42:19.860  3448  3448 D [SUI] DynamicAppsView: Destroying DynamicAppsView on AUI bar
10-17 20:42:19.860  3448  3448 D [SUI] MessengerCallViewModel: removeObserver
10-17 20:42:19.860  3448  3448 D [SUI] AnytimeUIPanelAppBase: Releasing viewModel DynamicAppsViewModel refCount: 0
10-17 20:42:19.860  3448  3448 E [SUI] AnytimeUIPanelAppBase: Social view model already destroyed
10-17 20:42:19.860  3448  3448 D [SUI] DynamicAppsViewModel: Destroying DynamicAppsViewModel
10-17 20:42:19.860  3448  3448 E [SUI] AnytimeUIPanelAppBase: Release ViewModel called on already destroyed ViewModelnull
10-17 20:42:19.860  3448  3448 D [SUI] AnytimeUIPanelAppBase: Releasing viewModel BarViewModel refCount: 0
10-17 20:42:19.860  3448  3448 D [SUI] BarViewModel: Destroying BarViewModel
10-17 20:42:19.860  3448  3448 D [SUI] AnytimeUIPanelAppBase: Releasing viewModel SettingsViewModel refCount: 0
10-17 20:42:19.861  3448  3448 D [SUI] SettingsViewModel: Destroying ViewModel
10-17 20:42:19.864  3448  3448 D [SUI] AnytimeUIPanelAppBase: Releasing viewModel StatusViewModel refCount: 2
10-17 20:42:19.872  3448  3448 E [SUI] AnytimeUIPanelAppBase: Social view model already destroyed
10-17 20:42:19.872  3448  3448 D [SUI] AnytimeUIPanelAppBase: Releasing viewModel StatusViewModel refCount: 1
10-17 20:42:19.872  3448  3448 I [SUI] AnytimeUIAndroidPanelApp: Destroyed AUI PanelApp, isInOverlay: false, instanceCount: 0
10-17 20:42:19.872  3448  3448 D [SUI] AirlinkUtils: Destroying AirlinkUtils...
10-17 20:42:19.873  3448  3448 D [SUI] AnytimeUIPanelAppBase: Releasing viewModel StatusViewModel refCount: 0
10-17 20:42:19.873  3448  3448 D [SUI] StatusViewModel: Destroying ViewModel
10-17 20:42:19.874  3448  3448 I PresenceAPK(ServicePresenceClient): ServicePresenceClient close
10-17 20:42:19.874  3448  3448 I PresenceAPK(GroupManager): removeListener with id AnchoredHomeGroup
10-17 20:42:19.874  3448  3448 I PresenceAPK(ServiceApiManager): onApiNotReady
10-17 20:42:19.874  3448  3448 D PresenceAPK(ServicePresenceClient): Calling onServiceDown
10-17 20:42:19.874  3448  3448 I PresenceAPK(GroupManager): disconnected
10-17 20:42:19.883  1056  4118 I DisplayManagerService: Display device removed: DisplayDeviceInfo{"com.oculus.android_panel_app.AndroidPanelLayer-#main": uniqueId="virtual:com.oculus.systemux,10026,com.oculus.android_panel_app.AndroidPanelLayer-#main,0", 800 x 110, modeId 103, defaultModeId 103, supportedModes [{id=103, width=800, height=110, fps=60.0}], colorMode 0, supportedColorModes [0], HdrCapabilities null, density 200, 200.0 x 200.0 dpi, appVsyncOff 0, presDeadline 16666666, touch NONE, rotation 0, type VIRTUAL, state ON, owner com.oculus.systemux (uid 10026), FLAG_PRIVATE, FLAG_NEVER_BLANK, FLAG_OWN_CONTENT_ONLY}
10-17 20:42:19.883  3153  3165 E BufferQueueProducer: [SurfaceTexture-21-3153-53] dequeueBuffer: BufferQueue has been abandoned
10-17 20:42:19.883   763   763 E CompositionEngine: ANativeWindow::dequeueBuffer failed for display [com.oculus.android_panel_app.AndroidPanelLayer-#main] with error: -19
10-17 20:42:19.883   763   763 W SurfaceFlinger: Dequeuing buffer for display [com.oculus.android_panel_app.AndroidPanelLayer-#main] failed, bailing out of client composition for this frame
10-17 20:42:19.906  2077  2143 I Clay    : xrPollEvent: REFERENCE_SPACE_CHANGE_PENDING
10-17 20:42:19.906  1931  3145 I VrRuntimeService: DestroySwapChain: swapchain=239
10-17 20:42:19.906  1931  3145 I VrRuntimeService: DestroySwapChain: swapchain=238
10-17 20:42:19.906  1931  2875 I SwapChain: DestroyAndroidSurfaceSwapChain: 0x794f54a000: Destroying SurfaceTexture 0x2aa6 Surface 0x2ab6
10-17 20:42:19.907  1931  3145 I VrRuntimeServer: DestroyTextureSwapChain: result destroyswapchain 1
10-17 20:42:19.907  1931  3145 I VrRuntimeService: DestroySwapChain: swapchain=235
10-17 20:42:19.907  1931  2875 I SwapChain: DestroyAndroidSurfaceSwapChain: 0x78f1b45000: Destroying SurfaceTexture 0x2a6a Surface 0x2a7a
10-17 20:42:19.907  1931  3145 I VrRuntimeServer: DestroyTextureSwapChain: result destroyswapchain 1
10-17 20:42:19.907  1931  3145 I VrRuntimeService: DestroySwapChain: swapchain=242
10-17 20:42:19.907  1931  3145 I VrRuntimeServer: DestroyTextureSwapChain: result destroyswapchain 1
10-17 20:42:19.907  1931  3145 I VrRuntimeService: DestroySwapChain: swapchain=234
10-17 20:42:19.908  1931  3145 I VrRuntimeService: DestroySwapChain: swapchain=236
10-17 20:42:19.908  1931  3145 I VrRuntimeServer: DestroyTextureSwapChain: result destroyswapchain 1
10-17 20:42:19.914  1931 10980 I SwapChain: DestroyAndroidSurfaceSwapChain: 0x78f1abd000: Destroying SurfaceTexture 0x29ea Surface 0x29da
10-17 20:42:19.914  1931 10980 I SwapChain: DestroyAndroidSurfaceSwapChain: 0x794f5d0000: Destroying SurfaceTexture 0x2ae6 Surface 0x2af6
10-17 20:42:19.964  1639 11682 W ContextImpl: Calling a method in the system process without a qualified user: android.app.ContextImpl.sendBroadcast:1057 android.content.ContextWrapper.sendBroadcast:448 X.o0.A00:133 X.nZ.A00:17 X.nZ.handleMessage:91 
10-17 20:42:20.002  1639 11738 W ContextImpl: Calling a method in the system process without a qualified user: android.app.ContextImpl.sendBroadcast:1057 android.content.ContextWrapper.sendBroadcast:448 X.o0.A00:133 X.nZ.A00:17 X.nZ.handleMessage:91 
10-17 20:42:20.101 11652 11739 I chatty  : uid=10114(com.epicgames.PrototypeV3) expire 156 lines
10-17 20:42:20.101 11652 11740 I chatty  : uid=10114(com.epicgames.PrototypeV3) expire 12 lines
10-17 20:42:20.184   851  1221 I [CT]    : VIPER: InternalAnchorHealthMonitor: Anchors: 2 | Persistent anchors: 1 | Anchors never observed: 1
10-17 20:42:20.184   851  1221 I [CT]    :   (min/avg/max) Anchor landmarks: (0|0.5|1) | Covisible keyframes: (0|0|0) | Times since observation: (0|0|0)
10-17 20:42:20.199 11652 11742 I chatty  : uid=10114(com.epicgames.PrototypeV3) expire 1 line
10-17 20:42:20.202   890   890 E adbd    : failed to connect to socket 'tcp:6666': Connection refused
10-17 20:42:20.264  1056  4118 E WindowManager: App trying to use insecure INPUT_FEATURE_NO_INPUT_CHANNEL flag. Ignoring
10-17 20:42:20.275  1931  1931 I ClientMgr: FocusedClient changed.
10-17 20:42:20.275  1931  1931 W ClientMgr: ClientMgr::SetFocusedClient: No focused client
10-17 20:42:20.275  1931  1931 I ClientMgr: Releasing clocks.
10-17 20:42:20.275  1931  1931 I ClientMgr: SetFocusedPackageName - packageName  processName  clientId 0 clientPid 0
10-17 20:42:20.276 11652 11717 I chatty  : uid=10114(com.epicgames.PrototypeV3) expire 5 lines
10-17 20:42:20.276  3448  3448 D [SUI] ActivityManagerUtilsHelper: onFocusedWindowChanged: Instance: com.oculus.panelapp.anytimeui.utils.ActivityManagerUtilsHelper@79e813a, topWindowUid: 10114, focusedApp: com.epicgames.PrototypeV3, previousApp: com.oculus.vrshell
10-17 20:42:20.277  3448  3448 D [SUI] ActivityManagerUtilsHelper: onFocusedWindowChanged: Instance: com.oculus.panelapp.anytimeui.utils.ActivityManagerUtilsHelper@239bdce, topWindowUid: 10114, focusedApp: com.epicgames.PrototypeV3, previousApp: com.oculus.vrshell
10-17 20:42:20.277  3448  3448 D [SUI] ActivityManagerUtilsHelper: onFocusedWindowChanged: Instance: com.oculus.panelapp.anytimeui.utils.ActivityManagerUtilsHelper@2d1bfb1, topWindowUid: 10114, focusedApp: com.epicgames.PrototypeV3, previousApp: com.oculus.vrshell
10-17 20:42:20.277  2147  2147 I OVRMediaServiceManager: Sending onAppStart (com.oculus.shellenv) to SocialPlatform (com.oculus.socialplatform)
10-17 20:42:20.286  1056  1088 I ActivityTaskManager: Displayed com.epicgames.PrototypeV3/com.epicgames.ue4.GameActivity: +734ms
10-17 20:42:20.296  2147  2633 W OVRLibrary: null cursor received for query content://com.oculus.ocms.library/apps/com.epicgames.PrototypeV3
10-17 20:42:20.298  2286  2286 D KeyboardInputMethodService: onFinishInput
10-17 20:42:20.314  2147  2147 E OVRMediaServiceManager: LivestreamingManager Not initialized
10-17 20:42:20.850   851 10951 W [CT]    : TIMESTAMPCHECKER: Nominal rate wrong. Estimated data rate: 25, Nominal is 30.000300003000028
10-17 20:42:20.921  3153  3153 D [SEO] ShellEnvOverlayService: onUnbind()
10-17 20:42:20.929  2077  2143 I Clay    : BaseApp: Entering hibernation in 30 frames
10-17 20:42:20.929  2077  2143 I Clay    : BaseApp: Hibernate transition Pending
10-17 20:42:20.962  2077  2143 I Clay    : EnvironmentSystem: computed visibility changed from Hidden to Unload (reason: Paused)
10-17 20:42:20.963  2077  2143 I Clay    : EnvironmentSystem: Visibility is Unload, discarding cached scene: 'apk://com.environment.matrixloadingvoid/assets/scene.zip'
10-17 20:42:20.963  2077  2143 I Clay    : EnvironmentSystem: Scene loaded
10-17 20:42:20.964  2077  2143 I Clay    : SharedHomeSystem::_onEnvironmentActivated
10-17 20:42:20.964  2077  2143 I Clay    : EnvironmentStateSystem: Clearing IR due to pausing
10-17 20:42:20.964  2077  2143 I Clay    : EnvironmentSystem: setCurrentEnvironment from 'apk://com.environment.matrixloadingvoid/assets/scene.zip' to ''. Computed visibility: Unload (reason: Paused)
10-17 20:42:20.976  1931  1931 D VrRuntimeService: onForegroundActivitiesChanged: pid=2077, uid=10014, hasForegroundActivities=false
10-17 20:42:21.144   851  1221 I [CT]    : Vega:MapBuilderBase: Created keyRig with frameID 8592 and uid ddfcd1f1
10-17 20:42:21.152   851  1221 I [CT]    : KEYPOINT_CACHE: New keyrig added has 138 corners and 121 tracks to immature points that will be used to extract descriptors and insert into the index.
10-17 20:42:21.154   851  1223 I [CT]    : VIPER:DEEP_DESCRIPTOR: Computing Deep Descriptors using IC orientation.
10-17 20:42:21.154   851  1221 I [CT]    : MapCullingTask: Culled 0 L1 nodes, 1 individual keyrigs, and 0 individual points
10-17 20:42:21.155   851  1221 I [CT]    : VegaBAOptimize: Num points adjusted: 326 fixed: 0 Num residuals in-in: 804 in-out: 0 out-in: 0 fixed (out-out): 0 outside ROI: 0 total: 805
10-17 20:42:21.155   851  1221 I [CT]    : VegaBAOptimize: Total: neighbor 3 L1s, adjust 2 L1s. KRs 23  Points 326  Cameras 92  OutsideFixedKR 2  AdjustKR 21  Imus 4
10-17 20:42:21.186 11652 11739 I chatty  : uid=10114(com.epicgames.PrototypeV3) expire 761 lines
10-17 20:42:21.192   851  1221 I [CT]    : VEGA_LOCALIZER: New descriptors added - Regular: 166, Immature: 30, Resampled by OrphanDescriptors: 0
10-17 20:42:21.259   851 10013 I [CT]    : CONSTELLATION:IMU_STATUS: 729165a0fe4054d7 (R): [FusionTracked=1.000, OutputTracked=1.000, OutputValid=1.000] [AccelSat=0.000, GyroSat=0.000] 
10-17 20:42:21.455 11652 11652 I chatty  : uid=10114(com.epicgames.PrototypeV3) expire 2 lines
10-17 20:42:21.465 11652 11767 I chatty  : uid=10114(com.epicgames.PrototypeV3) expire 1 line
10-17 20:42:21.465 11652 11768 I chatty  : uid=10114(com.epicgames.PrototypeV3) expire 1 line
10-17 20:42:21.468   805   888 I RuntimeIPCService: CreateBrokerConnection: 11652:com.epicgames.PrototypeV3:com.epicgames.PrototypeV3
10-17 20:42:21.470   805  1294 W IPCDataChannelServer: datachannel_test: Connected: 1912449384, com.epicgames.PrototypeV3:com.epicgames.PrototypeV3:11652
10-17 20:42:21.472  1931  1931 D VrRuntimeService: onStartCommand
10-17 20:42:21.472  1931  1950 W IPCDataChannelServer: datachannel_test: Connected: 1912449384, com.epicgames.PrototypeV3:com.epicgames.PrototypeV3:11652
10-17 20:42:21.472  1931  1950 D RuntimeIPCServerMgr: RegisterClient: Client: com.epicgames.PrototypeV3:com.epicgames.PrototypeV3:11652, Server: com.oculus.systemdriver:com.oculus.vrruntimeservice (gkcache)
10-17 20:42:21.473  1931  1950 I IPCSharedMemory: CreateSharedMemory: Allocated shared memory fd 67 (ipcStateReadWrite)
10-17 20:42:21.473  1931  1950 I IPCSharedMemory: CreateSharedMemory: Allocated shared memory fd 270 (ipcReadOnlyState)
10-17 20:42:21.473  1931  1950 I RuntimeIPCServerMgr: Event buffer size (server): 8192
10-17 20:42:21.474  1931  1950 I IPCSharedMemory: CreateSharedMemory: Allocated shared memory fd 235 (ipcEventBuffer)
10-17 20:42:21.474  1931  1950 I IPCSharedMemory: CreateSharedMemory: Allocated shared memory fd 277 (ipcEventBuffer_Private)
10-17 20:42:21.474  1931  1950 I RuntimeIPCServerMgr: HandleClientConnect SUCCESS: Client: com.epicgames.PrototypeV3:com.epicgames.PrototypeV3:11652, Server: com.oculus.systemdriver:com.oculus.vrruntimeservice (gkcache)
10-17 20:42:21.474  1931 11771 I GkCacheQuerierServer: Client 1912449384 from com.epicgames.PrototypeV3:11652 connected.
10-17 20:42:21.474  1931  1950 I RuntimeIPCServerMgr: GetServerStatesConfig -> {MaxBufferSize=32768, MaxEntries=64}
10-17 20:42:21.475  1931  1950 I RuntimeIPCServerMgr: GetServerStatesConfig -> {MaxBufferSize=32768, MaxEntries=64}
10-17 20:42:21.489  1931  1931 D VrRuntimeService: onStartCommand
10-17 20:42:21.490  1931  1950 D RuntimeIPCServerMgr: RegisterClient: Client: com.epicgames.PrototypeV3:com.epicgames.PrototypeV3:11652, Server: com.oculus.systemdriver:com.oculus.vrruntimeservice (HapticsServer)
10-17 20:42:21.490  1931  1950 I IPCSharedMemory: CreateSharedMemory: Allocated shared memory fd 276 (ipcStateReadWrite)
10-17 20:42:21.490  1931  1950 I IPCSharedMemory: CreateSharedMemory: Allocated shared memory fd 280 (ipcReadOnlyState)
10-17 20:42:21.490  1931  1950 I RuntimeIPCServerMgr: Event buffer size (server): 8192
10-17 20:42:21.490  1931  1950 I IPCSharedMemory: CreateSharedMemory: Allocated shared memory fd 292 (ipcEventBuffer)
10-17 20:42:21.490  1931  1950 I IPCSharedMemory: CreateSharedMemory: Allocated shared memory fd 294 (ipcEventBuffer_Private)
10-17 20:42:21.491  1931  1950 I RuntimeIPCServerMgr: HandleClientConnect SUCCESS: Client: com.epicgames.PrototypeV3:com.epicgames.PrototypeV3:11652, Server: com.oculus.systemdriver:com.oculus.vrruntimeservice (HapticsServer)
10-17 20:42:21.492  1931  1950 I RuntimeIPCServerMgr: GetServerStatesConfig -> {MaxBufferSize=32768, MaxEntries=64}
10-17 20:42:21.495   845  1034 E CalibrationProvider: loadCalibration(LDISP_SN) failed: Calibration store didn't load any info
10-17 20:42:21.495   845  1034 E CalibrationProvider: loadCalibration(RDISP_SN) failed: Calibration store didn't load any info
10-17 20:42:21.500   845  1034 E CalibrationProvider: loadCalibration(LDISP_SN) failed: Calibration store didn't load any info
10-17 20:42:21.500   845  1034 E CalibrationProvider: loadCalibration(RDISP_SN) failed: Calibration store didn't load any info
10-17 20:42:21.508 11652 11739 I chatty  : uid=10114(com.epicgames.PrototypeV3) expire 236 lines
10-17 20:42:21.603 11652 11750 I chatty  : uid=10114(com.epicgames.PrototypeV3) expire 10 lines
10-17 20:42:21.606 11652 11749 I chatty  : uid=10114(com.epicgames.PrototypeV3) expire 98 lines
10-17 20:42:21.614 11652 11739 I chatty  : uid=10114(com.epicgames.PrototypeV3) expire 66 lines
10-17 20:42:21.615 11652 11750 I chatty  : uid=10114(com.epicgames.PrototypeV3) expire 132 lines
10-17 20:42:21.651  3187  3239 I StateMachine: StateMachine::Update ForceShow: stopForceShow -> ForceShowOff
10-17 20:42:21.701 11652 11739 I chatty  : uid=10114(com.epicgames.PrototypeV3) expire 254 lines
10-17 20:42:21.702 11652 11749 I chatty  : uid=10114(com.epicgames.PrototypeV3) expire 8 lines
10-17 20:42:21.708   851 10962 I [CT]    : CONSTELLATION:VISION_STATUS: 729165a0fe4054d7 (R): BlobDetection:[#BlobsDetected=(19.52, 0.31)]Matching:[MatchSuccess=1.000, MatchCost=(0.00190, 0.00000), #MatchedBlobs=(12.51, 0.31), #MatchedLeds=(7.00, 0.00), RematchM=0.000, SkipRefine=0.000] MatchMethod:[Prox=1.000, ConstBrute=0.000, UnconstBrute=0.000] MatchResets[AnomBlobSize=0.000, SharedMatch=0.000, DenseReacq=0.000] | Fusion:[FusionError=0.000, ImuFromCamMs=(7.430, 0.357), RematchF=0.000] FusionUpdates:[Successful=0.000, Reliable=0.000, TightFusion=0.000, FullPose=0.000, StaticPrior=1.000, StaticForHandTrans=1.000, PoseUpdateMD=(0.0000, 0.0000)] FusionResets[6DoFReset=0.000, ResetSuccess=0.000] FusionStatus[HasPosition=1.000, HasVelocity=1.000] 
10-17 20:42:21.709   851 10962 I [CT]    : CONSTELLATION:VISION_STATUS: 86557c336c360320 (L): BlobDetection:[#BlobsDetected=(19.52, 0.31)]Matching:[MatchSuccess=1.000, MatchCost=(0.00346, 0.00000), #MatchedBlobs=(5.99, 0.01), #MatchedLeds=(4.00, 0.00), RematchM=0.000, SkipRefine=0.000] MatchMethod:[Prox=1.000, ConstBrute=0.000, UnconstBrute=0.000] MatchResets[AnomBlobSize=0.000, SharedMatch=0.000, DenseReacq=0.000] | Fusion:[FusionError=0.000, ImuFromCamMs=(7.478, 0.461), RematchF=0.000] FusionUpdates:[Successful=0.000, Reliable=0.000, TightFusion=0.000, FullPose=0.000, StaticPrior=1.000, StaticForHandTrans=1.000, PoseUpdateMD=(0.0000, 0.0000)] FusionResets[6DoFReset=0.000, ResetSuccess=0.000] FusionStatus[HasPosition=1.000, HasVelocity=1.000] 
10-17 20:42:21.728 11652 11747 I chatty  : uid=10114(com.epicgames.PrototypeV3) expire 1 line
10-17 20:42:21.855   851  9985 I [CT]    : boltlib: DSP utilization: 11.05 % (552 / 5003 ms)
10-17 20:42:21.937  2077  2143 I Clay    : BaseApp: Hibernate transition Hibernate
10-17 20:42:21.938  2077  2143 I Clay    : SoundSystem: setPaused(true), m_paused=false
10-17 20:42:21.938  2077  2143 D         : PlayerBase::stop() from IPlayer
10-17 20:42:21.938  2077  2143 D AudioTrack: stop(15): called with 1850304 frames delivered
10-17 20:42:21.939  1462  1462 V AvrcpMediaPlayerList: onPlaybackConfigChanged(): Configs list size=3
10-17 20:42:21.977   736  4123 D msm8974_platform: platform_split_snd_device: snd_device(2) num devices(1) new_snd_devices(0)
10-17 20:42:21.977   736  4123 D ACDB-LOADER: ACDB -> send_audvoltable
10-17 20:42:21.977   736  4123 D ACDB-LOADER: ACDB -> ACDB_CMD_GET_AUDPROC_INSTANCE_GAIN_DEP_STEP_TABLE_SIZE
10-17 20:42:21.977   736  4123 D         : Failed to fetch the lookup information of the device 0000000F 
10-17 20:42:21.977   736  4123 D ACDB-LOADER: Error: ACDB_CMD_GET_AUDPROC_INSTANCE_GAIN_DEP_STEP_TABLE_SIZE Returned = -19
10-17 20:42:21.977   736  4123 D ACDB-LOADER: ACDB -> ACDB_CMD_GET_AUDPROC_INSTANCE_GAIN_DEP_STEP_TABLE, vol index 0
10-17 20:42:21.977   736  4123 D         : Failed to fetch the lookup information of the device 0000000F 
10-17 20:42:21.977   736  4123 D ACDB-LOADER: Error: ACDB AudProc vol returned = -19
10-17 20:42:21.977   736  4123 D ACDB-LOADER: ACDB -> AUDIO_SET_VOL_CAL cal type = 40
10-17 20:42:21.977   736   736 D msm8974_platform: platform_split_snd_device: snd_device(2) num devices(1) new_snd_devices(0)
10-17 20:42:22.023   851 10951 W [CT]    : SVEGA: getMap is not supported.
10-17 20:42:22.206   890   890 E adbd    : failed to connect to socket 'tcp:6666': Connection refused
10-17 20:42:22.240  3187  3239 W OsSdk   : Requested historical tracking state too far in the past; oldest: 2388.843954s, requested: 2358.299556s
10-17 20:42:22.288  1931  1931 D VrRuntimeService: onStartCommand
10-17 20:42:22.289  1931  1950 D RuntimeIPCServerMgr: RegisterClient: Client: com.epicgames.PrototypeV3:com.epicgames.PrototypeV3:11652, Server: com.oculus.systemdriver:com.oculus.vrruntimeservice (RuntimeServiceServer)
10-17 20:42:22.289  1931  1950 I IPCSharedMemory: CreateSharedMemory: Allocated shared memory fd 297 (ipcStateReadWrite)
10-17 20:42:22.289  1931  1950 I IPCSharedMemory: CreateSharedMemory: Allocated shared memory fd 298 (ipcReadOnlyState)
10-17 20:42:22.289  1931  1950 I RuntimeIPCServerMgr: Event buffer size (server): 8192
10-17 20:42:22.289  1931  1950 I IPCSharedMemory: CreateSharedMemory: Allocated shared memory fd 302 (ipcEventBuffer)
10-17 20:42:22.290  1931  1950 I IPCSharedMemory: CreateSharedMemory: Allocated shared memory fd 304 (ipcEventBuffer_Private)
10-17 20:42:22.290  1931  1950 I RuntimeIPCServerMgr: HandleClientConnect SUCCESS: Client: com.epicgames.PrototypeV3:com.epicgames.PrototypeV3:11652, Server: com.oculus.systemdriver:com.oculus.vrruntimeservice (RuntimeServiceServer)
10-17 20:42:22.290  1931 11793 I VrRuntimeService: RuntimeIPC: IPC_SYSTEM_EVENT_CLIENT_CONNECTED_EXT: com.epicgames.PrototypeV3:11652, Version: 2.0, Custom: 1.0
10-17 20:42:22.290  1931 11793 I VrRuntimeService: RuntimeIPC: SendPrimaryPackageChangeEvent: PostClientEvent SUCCESS: com.epicgames.PrototypeV3:com.epicgames.PrototypeV3:11652, com.oculus.shellenv, com.oculus.shellenv
10-17 20:42:22.290  1931  1950 I RuntimeIPCServerMgr: GetServerStatesConfig -> {MaxBufferSize=32768, MaxEntries=64}
10-17 20:42:22.291  1931 11793 I VrRuntimeService: RuntimeServiceSDKServer::RegisterClient: com.epicgames.PrototypeV3
10-17 20:42:22.291  1931 11793 D TrustedSignatureVerifier: Checking app signature for com.epicgames.PrototypeV3
10-17 20:42:22.291  1931 11793 I ClientMgr@: IsTrustedClient( com.epicgames.PrototypeV3 )= false
10-17 20:42:22.292  1931 11793 I ClientMgr: ClientMgr::CreateClient: 11652:com.epicgames.PrototypeV3
10-17 20:42:22.292  1931 11793 I ClientMgr: CliengMgr: Client session placement = 0
10-17 20:42:22.292  1931 11793 I CompositorClientMgr: Register client 13
10-17 20:42:22.292  1931 11793 I VrRuntimeServer: RegisterCompositorClient client(13)
10-17 20:42:22.293  1931 11793 I ClientMgr: ClientMgr: Client:com.epicgames.PrototypeV3 isOsApp=false
10-17 20:42:22.293  1931 11793 I ClientMgr: SharedMemoryDebug: InitResources MapMemory (VrRuntimeService_PrivateReadWrite_com.epicgames.PrototypeV3) size = 34848 ; flags = 3
10-17 20:42:22.293  1931 11793 I SharedMemoryServer: SharedMemoryServer::MapMemory: SharedMemoryDebug: Allocated shared memory fd 306 (VrRuntimeService_PrivateReadWrite_com.epicgames.PrototypeV3) (size: 34848)
10-17 20:42:22.294  1931 11793 I ServiceInputManager: HANDTRACKING Initial input state override: 0
10-17 20:42:22.294  1931 11793 I PTKService: PTKServiceClient Init
10-17 20:42:22.294  1931 11793 I ipcLoader_static: RuntimeIPC: Loader: IPC Service API Loader Version: 31 Sep  6 2022 02:18:15
10-17 20:42:22.294  1931 11793 I RuntimeIPCApi: ipc_Initialize
10-17 20:42:22.294  1931 11793 I RuntimeIPCServiceClient: Init: Already initialized: com.oculus.vrruntimeservice, 5
10-17 20:42:22.295  2286  2286 I [OAO] ShellOverlayService: onStartCommand(): Intent { cmp=com.oculus.vrshell/.ShellOverlayService }
10-17 20:42:22.295  2286  6528 D RuntimeIPCServerMgr: RegisterClient: Client: com.oculus.systemdriver:com.oculus.vrruntimeservice:1931, Server: com.oculus.vrshell:com.oculus.vrshell:Overlay (ptkserviceserver)
10-17 20:42:22.296  2286  6528 I IPCSharedMemory: CreateSharedMemory: Allocated shared memory fd 194 (ipcStateReadWrite)
10-17 20:42:22.296  2286  6528 I IPCSharedMemory: CreateSharedMemory: Allocated shared memory fd 196 (ipcReadOnlyState)
10-17 20:42:22.296  2286  6528 I RuntimeIPCServerMgr: Event buffer size (server): 8192
10-17 20:42:22.296  2286  6528 I IPCSharedMemory: CreateSharedMemory: Allocated shared memory fd 197 (ipcEventBuffer)
10-17 20:42:22.296  2286  6528 I IPCSharedMemory: CreateSharedMemory: Allocated shared memory fd 198 (ipcEventBuffer_Private)
10-17 20:42:22.297  2286  6528 I RuntimeIPCServerMgr: HandleClientConnect SUCCESS: Client: com.oculus.systemdriver:com.oculus.vrruntimeservice:1931, Server: com.oculus.vrshell:com.oculus.vrshell:Overlay (ptkserviceserver)
10-17 20:42:22.298  2286  6528 I RuntimeIPCServerMgr: GetServerStatesConfig -> {MaxBufferSize=32768, MaxEntries=64}
10-17 20:42:22.298  1931 11793 I RuntimeIPCClient: GetServerStatesConfig returned maxEntries=64, maxBuffSize=32768
10-17 20:42:22.298  1931 11793 I RuntimeIPCClient: Event buffer size (client): 8192
10-17 20:42:22.298  1931 11793 I RuntimeIPCClient: TryToGetIPCResourcesFromServer: RPC_CONNECTOR_CONNECT_TO_SERVER SUCCESS: Client: com.oculus.systemdriver:com.oculus.vrruntimeservice:1931, Server: com.oculus.vrshell:com.oculus.vrshell:Overlay (ptkserviceserver)
10-17 20:42:22.298  1931 11793 I RuntimeIPCClient: EnsureServerConnection: SUCCESS. Client: com.oculus.systemdriver:com.oculus.vrruntimeservice:1931, Server: com.oculus.vrshell:com.oculus.vrshell:Overlay (ptkserviceserver)
10-17 20:42:22.298  1931 11793 I RuntimeIPCClientMgr: ConnectToServer: SUCCESS: Client: com.oculus.systemdriver:com.oculus.vrruntimeservice:1931, Server: com.oculus.vrshell:com.oculus.vrshell:Overlay (ptkserviceserver)
10-17 20:42:22.298  1931 11793 I RuntimeIPCClientMgr: GetClientOptions
10-17 20:42:22.301  2286  3182 I RuntimeIPCServerMgr: GetServerStatesConfig -> {MaxBufferSize=32768, MaxEntries=64}
10-17 20:42:22.301  1931 11793 I RuntimeIPCClient: GetServerStatesConfig returned maxEntries=64, maxBuffSize=32768
10-17 20:42:22.301  1931 11793 I RuntimeIPCClient: InitServerStateBuffer: SUCCESS. 0, Client: com.oculus.systemdriver:com.oculus.vrruntimeservice:1931, Server: com.oculus.vrshell:com.oculus.vrshell:Overlay (ptkserviceserver)
10-17 20:42:22.301  1931 11793 I RuntimeIPCClientMgr: RuntimeIPCClientMgr::DisconnectFromServer: 0, Client: com.oculus.systemdriver:com.oculus.vrruntimeservice:1931, Server: com.oculus.vrshell:com.oculus.vrshell:Overlay (ptkserviceserver)
10-17 20:42:22.301  2286  3182 I RuntimeIPCServerMgr: HandleClientDisconnect: Client: com.oculus.systemdriver:com.oculus.vrruntimeservice:1931, Server: com.oculus.vrshell:com.oculus.vrshell:Overlay (ptkserviceserver)
10-17 20:42:22.301  1931 11793 I RuntimeIPCClient: RuntimeIPCClient: Shutdown: Client: com.oculus.systemdriver:com.oculus.vrruntimeservice:1931, Server: com.oculus.vrshell:com.oculus.vrshell:Overlay (ptkserviceserver)
10-17 20:42:22.301  1931 11793 I RuntimeIPCApi: ipc_Shutdown
10-17 20:42:22.301  1931 11793 I RuntimeIPCServiceClient: Shutdown: Refs still outstanding: 5, com.oculus.vrruntimeservice
10-17 20:42:22.301  1931 11793 I ClientMgr: AddClient: com.epicgames.PrototypeV3:com.epicgames.PrototypeV3:11652
10-17 20:42:22.301  1931 11793 I ClientMgr: CreateClient: Sending PrimaryPackageChangeEvent outside of normal operation for Guardian.
10-17 20:42:22.301  1931 11793 I VrRuntimeService: RuntimeIPC: SendPrimaryPackageChangeEvent: PostClientEvent SUCCESS: com.oculus.guardian:com.oculus.vrguardianservice:3187, com.epicgames.PrototypeV3, com.epicgames.PrototypeV3
10-17 20:42:22.307  1931 11793 I UnifiedTelemetryWrapper: Started UT session lifetime:com.epicgames.PrototypeV3
10-17 20:42:22.309  1931 11793 I VrRuntimeService: RuntimeServiceSDKServer::GetSharedMemoryFileDescriptor: SharedMemoryDebug: 1912449384
10-17 20:42:22.309  1931 11793 I VrRuntimeService: GetSharedMemoryFileDescriptor: SharedMemoryDebug: SharedMemoryType_PublicReadOnly: 49 (6328)
10-17 20:42:22.310  1931 11793 I VrRuntimeService: RuntimeServiceSDKServer::GetSharedMemoryFileDescriptor: SharedMemoryDebug: 1912449384
10-17 20:42:22.310  1931 11793 I VrRuntimeService: GetSharedMemoryFileDescriptor: SharedMemoryDebug: SharedMemoryType_PrivateReadWrite: 306 (34848)
10-17 20:42:22.319  3187  3239 I GuardianSystem: runtimeServiceSDKClient_.PackageChangeEvent: package=[com.epicgames.PrototypeV3], process=[com.epicgames.PrototypeV3]
10-17 20:42:22.319  3187  3239 I GuardianSystem: SetCurrentProcessName: com.epicgames.PrototypeV3, previous ProcessName: com.oculus.shellenv
10-17 20:42:22.319  3187  3239 I GuardianSystem: SetCurrentProcessName: Return package changed: com.epicgames.PrototypeV3
10-17 20:42:22.421  1931  1999 D RuntimeIPCServerMgr: FinalizeClientState. Client: Client: com.epicgames.PrototypeV3:com.epicgames.PrototypeV3:11652, Server: com.oculus.systemdriver:com.oculus.vrruntimeservice (RuntimeServiceServer)
10-17 20:42:22.628  1056  1072 W ActivityManager: Permission Denial: Accessing service com.oculus.vrshell/.ShellOverlayService from pid=11652, uid=10114 requires com.oculus.vrshell.OVERLAY_HOST
10-17 20:42:22.630  2286  3182 W IPCDataChannelServer: datachannel_test: Connected: 1912449384, com.epicgames.PrototypeV3:com.epicgames.PrototypeV3:11652
10-17 20:42:22.630  2286  3182 D RuntimeIPCServerMgr: RegisterClient: Client: com.epicgames.PrototypeV3:com.epicgames.PrototypeV3:11652, Server: com.oculus.vrshell:com.oculus.vrshell:Overlay (ptkserviceserver)
10-17 20:42:22.630  2286  3182 I IPCSharedMemory: CreateSharedMemory: Allocated shared memory fd 194 (ipcStateReadWrite)
10-17 20:42:22.631  2286  3182 I IPCSharedMemory: CreateSharedMemory: Allocated shared memory fd 196 (ipcReadOnlyState)
10-17 20:42:22.631  2286  3182 I RuntimeIPCServerMgr: Event buffer size (server): 8192
10-17 20:42:22.631  2286  3182 I IPCSharedMemory: CreateSharedMemory: Allocated shared memory fd 197 (ipcEventBuffer)
10-17 20:42:22.631  2286  3182 I IPCSharedMemory: CreateSharedMemory: Allocated shared memory fd 198 (ipcEventBuffer_Private)
10-17 20:42:22.632  2286  3182 I RuntimeIPCServerMgr: HandleClientConnect SUCCESS: Client: com.epicgames.PrototypeV3:com.epicgames.PrototypeV3:11652, Server: com.oculus.vrshell:com.oculus.vrshell:Overlay (ptkserviceserver)
10-17 20:42:22.632  2286  3182 I RuntimeIPCServerMgr: GetServerStatesConfig -> {MaxBufferSize=32768, MaxEntries=64}
10-17 20:42:22.633  2286  6528 I RuntimeIPCServerMgr: GetServerStatesConfig -> {MaxBufferSize=32768, MaxEntries=64}
10-17 20:42:22.638  3187  3187 D VrGuardianService: onStartCommand
10-17 20:42:22.639  3187  3187 D VrGuardianUserService: onStartCommandIntent { cmp=com.oculus.guardian/com.oculus.vrguardianservice.VrGuardianUserService }
10-17 20:42:22.639  3187  3187 D VrGuardianUserService: maybeSubscribeDeviceConfig
10-17 20:42:22.639  3187  3187 D VrGuardianUserService: onStartCommand null user = 0
10-17 20:42:22.639  3187  3187 D VrGuardianService: setCurrentUser() called with: userId = [0]
10-17 20:42:22.639  3187  3187 I VrGuardianService: nativeSetCurrentUser userid = 0
10-17 20:42:22.639  3187  3187 I GuardianSystem: GuardianSystem::SetCurrentUser: 0 
10-17 20:42:22.639  3187  3285 W IPCDataChannelServer: datachannel_test: Connected: 1912449384, com.epicgames.PrototypeV3:com.epicgames.PrototypeV3:11652
10-17 20:42:22.640  3187  3285 D RuntimeIPCServerMgr: RegisterClient: Client: com.epicgames.PrototypeV3:com.epicgames.PrototypeV3:11652, Server: com.oculus.guardian:com.oculus.vrguardianservice (guardianserver)
10-17 20:42:22.640  3187  3285 I IPCSharedMemory: CreateSharedMemory: Allocated shared memory fd 171 (ipcStateReadWrite)
10-17 20:42:22.640  3187  3285 I IPCSharedMemory: CreateSharedMemory: Allocated shared memory fd 174 (ipcReadOnlyState)
10-17 20:42:22.640  3187  3285 I RuntimeIPCServerMgr: Event buffer size (server): 8192
10-17 20:42:22.640  3187  3285 I IPCSharedMemory: CreateSharedMemory: Allocated shared memory fd 175 (ipcEventBuffer)
10-17 20:42:22.641  3187  3285 I IPCSharedMemory: CreateSharedMemory: Allocated shared memory fd 176 (ipcEventBuffer_Private)
10-17 20:42:22.641  3187  3285 I RuntimeIPCServerMgr: HandleClientConnect SUCCESS: Client: com.epicgames.PrototypeV3:com.epicgames.PrototypeV3:11652, Server: com.oculus.guardian:com.oculus.vrguardianservice (guardianserver)
10-17 20:42:22.641  3187 11796 W REFLECT : Broadcasting 1912449384, com.epicgames.PrototypeV3, com.epicgames.PrototypeV3
10-17 20:42:22.642  3187  3285 I RuntimeIPCServerMgr: GetServerStatesConfig -> {MaxBufferSize=32768, MaxEntries=64}
10-17 20:42:22.659  2629  2652 W PublicLibraryProvider: Cannot find entitlement for com.epicgames.PrototypeV3
10-17 20:42:22.659  1931 11793 I VrRuntimeService: RuntimeServiceSDKServer::IsExperimental120HzSupportEnabled
10-17 20:42:22.661   845  1034 E CalibrationProvider: loadCalibration(LDISP_SN) failed: Calibration store didn't load any info
10-17 20:42:22.662   845  1034 E CalibrationProvider: loadCalibration(RDISP_SN) failed: Calibration store didn't load any info
10-17 20:42:22.662   845  1034 E CalibrationProvider: loadCalibration(LDISP_SN) failed: Calibration store didn't load any info
10-17 20:42:22.662   845  1034 E CalibrationProvider: loadCalibration(RDISP_SN) failed: Calibration store didn't load any info
10-17 20:42:22.707   736  4123 I audio_hw_primary: getting vr mode to 0
10-17 20:42:22.708   756  1902 I AudioPolicyManagerCustom: VR mode is 0, switch to primary output if request is for fast|raw
10-17 20:42:22.709   756  1902 W AudioFlinger: createTrack_l(): mismatch between requested flags (00000104) and output flags (00000006)
10-17 20:42:22.709   756  1902 D AudioFlinger: Client defaulted notificationFrames to 882 for frameCount 1772
10-17 20:42:22.710   756  1902 D AF::TrackHandle: OpPlayAudio: track:98 uid:10114 pkg:com.epicgames.PrototypeV3 usage:1 not muted
10-17 20:42:22.721 11652 11801 I chatty  : uid=10114(com.epicgames.PrototypeV3) expire 1 line
10-17 20:42:22.722  1462  1462 V AvrcpMediaPlayerList: onPlaybackConfigChanged(): Configs list size=5
10-17 20:42:22.726 11652 11800 I chatty  : uid=10114(com.epicgames.PrototypeV3) expire 1 line
10-17 20:42:22.740 11652 11739 I chatty  : uid=10114(com.epicgames.PrototypeV3) expire 202 lines
10-17 20:42:22.748   736  4123 D msm8974_platform: platform_split_snd_device: snd_device(2) num devices(1) new_snd_devices(0)
10-17 20:42:22.748   736  4123 D ACDB-LOADER: ACDB -> send_audvoltable
10-17 20:42:22.748   736  4123 D ACDB-LOADER: ACDB -> ACDB_CMD_GET_AUDPROC_INSTANCE_GAIN_DEP_STEP_TABLE_SIZE
10-17 20:42:22.748   736  4123 D         : Failed to fetch the lookup information of the device 0000000F 
10-17 20:42:22.748   736  4123 D ACDB-LOADER: Error: ACDB_CMD_GET_AUDPROC_INSTANCE_GAIN_DEP_STEP_TABLE_SIZE Returned = -19
10-17 20:42:22.748   736  4123 D ACDB-LOADER: ACDB -> ACDB_CMD_GET_AUDPROC_INSTANCE_GAIN_DEP_STEP_TABLE, vol index 1
10-17 20:42:22.748   736  4123 D         : Failed to fetch the lookup information of the device 0000000F 
10-17 20:42:22.748   736  4123 D ACDB-LOADER: Error: ACDB AudProc vol returned = -19
10-17 20:42:22.748   736  4123 D ACDB-LOADER: ACDB -> AUDIO_SET_VOL_CAL cal type = 40
10-17 20:42:22.748   736   736 D msm8974_platform: platform_split_snd_device: snd_device(2) num devices(1) new_snd_devices(0)
10-17 20:42:22.748   736   736 D ACDB-LOADER: ACDB -> send_audvoltable
10-17 20:42:22.748   736   736 D ACDB-LOADER: ACDB -> ACDB_CMD_GET_AUDPROC_INSTANCE_GAIN_DEP_STEP_TABLE_SIZE
10-17 20:42:22.748   736   736 D         : Failed to fetch the lookup information of the device 0000000F 
10-17 20:42:22.748   736   736 D ACDB-LOADER: Error: ACDB_CMD_GET_AUDPROC_INSTANCE_GAIN_DEP_STEP_TABLE_SIZE Returned = -19
10-17 20:42:22.748   736   736 D ACDB-LOADER: ACDB -> ACDB_CMD_GET_AUDPROC_INSTANCE_GAIN_DEP_STEP_TABLE, vol index 8
10-17 20:42:22.748   736   736 D         : Failed to fetch the lookup information of the device 0000000F 
10-17 20:42:22.748   736   736 D ACDB-LOADER: Error: ACDB AudProc vol returned = -19
10-17 20:42:22.748   736   736 D ACDB-LOADER: ACDB -> AUDIO_SET_VOL_CAL cal type = 40
10-17 20:42:22.850   851 10951 W [CT]    : TIMESTAMPCHECKER: Nominal rate wrong. Estimated data rate: 25, Nominal is 30.000300003000028
10-17 20:42:23.063   851 10951 I [CT]    : VIPER: Mode=SuperVega,Status=6DoF,TRACKING,Inl=31,Mem=80.0,Jit=0.2mm,Issues(Cam/min=0.0,IMU/min=0.0),Exp=(14.0ms,g=15.0,I=17,Ir=82.2)(14.0ms,g=15.0,I=91,Ir=434.7)(14.0ms,g=15.0,I=86,Ir=410.6)(14.0ms,g=15.0,I=39,Ir=188.7)
10-17 20:42:23.064   851 10951 W [CT]    : VIPER: Images too dark, Environment trending to dark, 
10-17 20:42:23.298  1931 11793 I VrRuntimeService: CreateSwapChain: 1912449384
10-17 20:42:23.298  1931 11793 I VrRuntimeService: CreateSwapChain: api:vk 2 0x2b 1440 1584 1 3 2 0 35
10-17 20:42:23.302  1931 11793 I VrRuntimeServer: CreateTextureSwapChain: result importswapchaingles 1
10-17 20:42:23.355 11652 11652 I chatty  : uid=10114(com.epicgames.PrototypeV3) expire 2 lines
10-17 20:42:23.357 11652 11808 I chatty  : uid=10114(com.epicgames.PrototypeV3) expire 6 lines
10-17 20:42:23.383  1931 11793 I VrRuntimeService: CreateSwapChain: 1912449384
10-17 20:42:23.383  1931 11793 I VrRuntimeService: CreateSwapChain: api:vk 2 0x81 1440 1584 1 3 2 0 50
10-17 20:42:23.386  1931 11793 I VrRuntimeServer: CreateTextureSwapChain: result importswapchaingles 1
10-17 20:42:23.641  1056  1553 E TaskPersister: File error accessing recents directory (directory doesn't exist?).
10-17 20:42:24.025   851  1221 W [CT]    : VEGA_MAP_BUILDER: Resolved a potential TrackToMapPointAssosiation conflict between tracks 6815873 (index = 104, version = 129) and 6815871 (index = 104, version = 127)
10-17 20:42:24.240 11652 11812 I chatty  : uid=10114(com.epicgames.PrototypeV3) expire 3 lines
10-17 20:42:24.667   849 11671 W [CT]    : BOLTDEPTH: BoltDepthSystem: onPause: The depth system had been paused already
10-17 20:42:24.839  3448  3463 W System  : A resource failed to call release. 
10-17 20:42:24.840  3448  3463 W System  : A resource failed to call release. 
10-17 20:42:24.840  3448  3463 I [SUI] LibraryPanelApp: GCing LibraryPanelApp
10-17 20:42:24.843  3448  3463 W System  : A resource failed to call release. 
10-17 20:42:24.844  3448  3463 I chatty  : uid=10026(com.oculus.systemux) FinalizerDaemon identical 3 lines
10-17 20:42:24.850   851 10951 W [CT]    : TIMESTAMPCHECKER: Nominal rate wrong. Estimated data rate: 25, Nominal is 30.000300003000028
10-17 20:42:25.270   851 10013 I [CT]    : CONSTELLATION:IMU_STATUS: 86557c336c360320 (L): [FusionTracked=1.000, OutputTracked=1.000, OutputValid=1.000] [AccelSat=0.000, GyroSat=0.000] 
10-17 20:42:25.933  2077  2097 W System  : A resource failed to call release. 
10-17 20:42:25.934  2077  2097 I chatty  : uid=10014(com.oculus.shellenv) FinalizerDaemon identical 2 lines
10-17 20:42:25.934  2077  2097 W System  : A resource failed to call release. 
10-17 20:42:25.955  3153  3162 W System  : A resource failed to call release. 
10-17 20:42:25.955  3153  3162 I chatty  : uid=10020(com.oculus.vrshell) FinalizerDaemon identical 7 lines
10-17 20:42:25.955  3153  3162 W System  : A resource failed to call release. 
10-17 20:42:26.185  3187  3187 D VrGuardianUserService: onStartCommandIntent { act=FOREGROUND_CLIENT cmp=com.oculus.guardian/com.oculus.vrguardianservice.VrGuardianUserService (has extras) }
10-17 20:42:26.186  3187  3187 D VrGuardianUserService: maybeSubscribeDeviceConfig
10-17 20:42:26.186  3187  3187 D VrGuardianUserService: onStartCommand FOREGROUND_CLIENT user = 0
10-17 20:42:26.186  3187  3187 D VrGuardianService: setCurrentUser() called with: userId = [0]
10-17 20:42:26.186  3187  3187 I VrGuardianService: nativeSetCurrentUser userid = 0
10-17 20:42:26.186  3187  3187 I GuardianSystem: GuardianSystem::SetCurrentUser: 0 
10-17 20:42:26.193  3187  3285 I RuntimeIPCServerMgr: GetServerStatesConfig -> {MaxBufferSize=32768, MaxEntries=64}
10-17 20:42:26.200 11652 11825 I chatty  : uid=10114(com.epicgames.PrototypeV3) expire 6 lines
10-17 20:42:26.204   851  1040 D TrackingService: getSharedMemory: com.epicgames.PrototypeV3#11652, HeadTracker
10-17 20:42:26.204   845  1034 E CalibrationProvider: loadCalibration(LDISP_SN) failed: Calibration store didn't load any info
10-17 20:42:26.205   845  1034 E CalibrationProvider: loadCalibration(RDISP_SN) failed: Calibration store didn't load any info
10-17 20:42:26.206   845  1034 E CalibrationProvider: loadCalibration(LDISP_SN) failed: Calibration store didn't load any info
10-17 20:42:26.206   845  1034 E CalibrationProvider: loadCalibration(RDISP_SN) failed: Calibration store didn't load any info
10-17 20:42:26.208  3187  3187 D VrGuardianUserService: onStartCommandIntent { act=FOREGROUND_CLIENT cmp=com.oculus.guardian/com.oculus.vrguardianservice.VrGuardianUserService (has extras) }
10-17 20:42:26.208  3187  3187 D VrGuardianUserService: maybeSubscribeDeviceConfig
10-17 20:42:26.209  3187  3187 D VrGuardianUserService: onStartCommand FOREGROUND_CLIENT user = 0
10-17 20:42:26.209  3187  3187 D VrGuardianService: setCurrentUser() called with: userId = [0]
10-17 20:42:26.209  3187  3187 I VrGuardianService: nativeSetCurrentUser userid = 0
10-17 20:42:26.209  3187  3187 I GuardianSystem: GuardianSystem::SetCurrentUser: 0 
10-17 20:42:26.209  1931 11793 I VrRuntimeService: RuntimeServiceSDKServer::EnableRendering: 0x78f1c40ec0, 2, com.epicgames.PrototypeV3
10-17 20:42:26.209  1931 11793 I ClientMgr: EnableRendering2: Calling SetFocusedClient: 1912449384
10-17 20:42:26.210  1931 11793 I ClientMgr: FocusedClient changed.
10-17 20:42:26.210  1931 11793 I ClientMgr: ClientMgr::SetFocusedClient: 11652:com.epicgames.PrototypeV3 type 0
10-17 20:42:26.210  1931 11793 I ClientMgr: SetFocusedPackageName - packageName com.epicgames.PrototypeV3 processName com.epicgames.PrototypeV3 clientId 1912449384 clientPid 11652
10-17 20:42:26.210  1931 11793 I VrRuntimeService: RuntimeIPC: SendFocusChangeEventToAllClients: PostClientEvent SUCCESS: com.epicgames.PrototypeV3:com.epicgames.PrototypeV3:11652, com.epicgames.PrototypeV3, com.epicgames.PrototypeV3
10-17 20:42:26.210  1931 11793 I VrRuntimeService: RuntimeIPC: SendFocusChangeEventToAllClients: PostClientEvent SUCCESS: com.oculus.guardian:com.oculus.vrguardianservice:3187, com.epicgames.PrototypeV3, com.epicgames.PrototypeV3
10-17 20:42:26.210  1931 11793 I VrRuntimeService: RuntimeIPC: SendFocusChangeEventToAllClients: PostClientEvent SUCCESS: com.oculus.vrshell:com.oculus.vrshell:3153, com.epicgames.PrototypeV3, com.epicgames.PrototypeV3
10-17 20:42:26.210  1931 11793 I VrRuntimeService: RuntimeIPC: SendFocusChangeEventToAllClients: PostClientEvent SUCCESS: com.oculus.shellenv:com.oculus.shellenv:2077, com.epicgames.PrototypeV3, com.epicgames.PrototypeV3
10-17 20:42:26.210  1931 11793 I VrRuntimeService: RuntimeIPC: SendFocusChangeEventToAllClients: PostClientEvent SUCCESS: com.oculus.mrservice:com.oculus.mrservice:1789, com.epicgames.PrototypeV3, com.epicgames.PrototypeV3
10-17 20:42:26.210  1931 11793 I VrRuntimeService: RuntimeIPC: SendFocusChangeEventToAllClients: PostClientEvent SUCCESS: com.oculus.vrshell:com.oculus.vrshell:Overlay:2286, com.epicgames.PrototypeV3, com.epicgames.PrototypeV3
10-17 20:42:26.210  1931 11793 E TREX    : Interface version 1 was not found. Check debug build for more information.
10-17 20:42:26.210  1931 11793 I ClientMgr: ClientMgr::EnableRendering 11652:com.epicgames.PrototypeV3 : type 0 comp-id 13: enable
10-17 20:42:26.210  1931 11793 I CompositorVR: CheckDebuggerConnected: debugger 0
10-17 20:42:26.210  1931 11793 I VrRuntimeServer: SysProp debug mode is disabled on Server side
10-17 20:42:26.211  1931  3048 I ClientMgr: Non-overlay clients rendering status has changed: prev=40, curr=41, enabled=1
10-17 20:42:26.211  1931  3048 I ClientMgr: Primary Client is not valid.
10-17 20:42:26.211  1931  3048 I ClientMgr: Primary client determined to be the current enabled client 1912449384
10-17 20:42:26.211  1931  3048 I ClientMgr: ClientMgr::SetPrimaryCompositorClient: 11652:com.epicgames.PrototypeV3
10-17 20:42:26.212  1931  3048 W ClientMgr: ClientMgr::GetClientPermissionFlagsById: Client missing proper permissions: com.epicgames.PrototypeV3, 2
10-17 20:42:26.212  1931  3048 I CompositorClientMgr: Enable client 13
10-17 20:42:26.212  1931  3048 I VrRuntimeServer: EnableCompositorClient client(13): layer placement(0) flags(1) sm(0x794aa30010)
10-17 20:42:26.212  1931  3048 I ClientMgr: SetPrimaryPackageName - packageName com.epicgames.PrototypeV3 processName com.epicgames.PrototypeV3 clientId 1912449384 clientPid 11652
10-17 20:42:26.212  1931  3048 I ServiceInputManager: ServiceInputManager::SetPrimaryPackageName 'com.epicgames.PrototypeV3' 'com.epicgames.PrototypeV3'  updated AnytimeUI processname 1
10-17 20:42:26.212  1931  3048 I VrRuntimeService: RuntimeIPC: SendPrimaryPackageChangeEvent: PostClientEvent SUCCESS: com.epicgames.PrototypeV3:com.epicgames.PrototypeV3:11652, com.epicgames.PrototypeV3, com.epicgames.PrototypeV3
