10-10 19:14:53.368  2171  2948 I OpenXR  : PostSessionStateChange: XR_SESSION_STATE_SYNCHRONIZED -> XR_SESSION_STATE_STOPPING
10-10 19:14:53.368  2171  2948 I [OAO] VrPlatformOpenXr: xrPollEvent: received XR_TYPE_EVENT_DATA_SESSION_STATE_CHANGED: 6 for session 0x2 at time 14741.190370
10-10 19:14:53.368  2171  2948 I [OAO] VrPlatformOpenXr: Session state changed XR_SESSION_STATE_STOPPING
10-10 19:14:53.368  2171  2948 I [OAO] VrPlatformOpenXr: EndSession state XR_SESSION_STATE_STOPPING    focused:0
10-10 19:14:53.368  2171  2948 I [OAO] VrPlatformOpenXr: EndSession calling MrServiceClient EndSession
10-10 19:14:53.368   861  3125 E CalibrationProvider: loadCalibration(RDISP_SN) failed: Calibration store didn't load any info
10-10 19:14:53.368  3631  3692 I Distortion: SetLensPositions - iad=0.0629849, left offset=-0.00026837,-0.00102733, right offset=0.000147536,-0.00104481
10-10 19:14:53.368  3631  3692 I Distortion: Initializing Mesh Decenter Correction
10-10 19:14:53.368   875 18361 D TrackingService: getSharedMemory: com.oculus.vrshell#3631, Controller
10-10 19:14:53.369  3631 18823 I InputDevice_TrackedRemote: REMOTE: Hand=2 IndexAnalog=0.00 GripAnalog=0.00 Buttons=0x00000000
10-10 19:14:53.369  3631 18823 I InputDevice_TrackedRemote: REMOTE: Hand=1 IndexAnalog=0.00 GripAnalog=0.00 Buttons=0x00000000
10-10 19:14:53.369  3631 18823 I InputDeviceManager: HANDTRACKING Pointer filter profile changed to: 0
10-10 19:14:53.369  3631 18823 I InputDeviceManager: HANDTRACKING Pointer filter profile changed to: 0
10-10 19:14:53.369  3631 18823 I InputDeviceManager: HANDTRACKING Root pose filter profile changed for (version, freq) to (2, 1) from (1,2)
10-10 19:14:53.369  1700  3263 I [CT]    : MIXEDREALITY: MrFeatureStatus: Client status changed from Started to Paused.
10-10 19:14:53.369   861  3125 E CalibrationProvider: loadCalibration(LDISP_SN) failed: Calibration store didn't load any info
10-10 19:14:53.369  1700  3263 I [CT]    : MIXEDREALITY: MrFeatureStatus: Target status Paused, CurrentStatus: Started
10-10 19:14:53.369  1700  3263 I [CT]    : MIXEDREALITY: MrFeatureStatus: Operation chain: Pause
10-10 19:14:53.369  1700  3263 I [CT]    : MIXEDREALITY: MrFeatureStatus: Global status changed from Started to Paused.
10-10 19:14:53.369  1700  3263 I [CT]    : MIXEDREALITY: MrServiceController: Queuing command linked to operation Pause for feature 0
10-10 19:14:53.369  2171  2171 D [OAO] BaseOverlayService: detachServiceWindowView
10-10 19:14:53.369   861  3125 E CalibrationProvider: loadCalibration(RDISP_SN) failed: Calibration store didn't load any info
10-10 19:14:53.370  3631  3692 I Distortion: SetLensPositions - iad=0.0629849, left offset=-0.00026837,-0.00102733, right offset=0.000147536,-0.00104481
10-10 19:14:53.370  3631  3692 I Distortion: Created custom distortion mesh.
10-10 19:14:53.370  3631  3692 I PhaseSync: PhaseSync::PhaseSync PaddingLowerLimit 0.350000 StandardDeviations 2.000000 PaddingUpperLimit 0.750000 on instance 17
10-10 19:14:53.370  3631  3692 I VrRuntimeClient: PhaseSync Instance created
10-10 19:14:53.370  1343  3678 I VrRuntimeService: RuntimeServiceSDKServer::EnableRendering: 0x0, 0, com.oculus.vrshell
10-10 19:14:53.370  1343  3678 I ClientMgr: EnableRendering2: invalid clientWindow, testing uid/pid
10-10 19:14:53.370  1343  3678 I ClientMgr: EnableRendering2: matched uid: 10020 and pid: 3631 
10-10 19:14:53.370  1343  3678 I ClientMgr: EnableRendering2: Calling SetFocusedClient: 2720395890
10-10 19:14:53.370  1343  3678 I ClientMgr: ClientMgr::SetFocusedClient: 3631:com.oculus.vrshell type 1
10-10 19:14:53.370  1343  3678 I ClientMgr: SetFocusedPackageName - packageName com.oculus.vrshell processName com.oculus.vrshell clientId 2720395890 clientPid 3631
10-10 19:14:53.370  1343  3678 I ClientMgr: ClientMgr::EnableRendering 3631:com.oculus.vrshell : type 1 comp-id 6: enable
10-10 19:14:53.370  1343  3678 I TimeWarpClientMgr: Enable client 6
10-10 19:14:53.370  1343  3678 I VrRuntimeServer: EnableCompositorClient client(6): layer placement(2147483647) flags(0) sm(0x7c8c6c6010)
10-10 19:14:53.370  1343  3678 I CompositorVR: CheckDebuggerConnected: debugger 0
10-10 19:14:53.370  1343  3678 I VrRuntimeServer: SysProp debug mode is disabled on Server side
10-10 19:14:53.372  1700  3063 I [CT]    : MIXEDREALITY: MrServiceView: renderIteration: (every 10 seconds), screen is: ON, PT is: ON, ID is: OFF
10-10 19:14:53.373  1343 17308 I CompositorVR: LatchWarpClients: Multiple Primary Clients detected. Skipping frames for 18
10-10 19:14:53.373  1343 17308 I CompositorVR: WarpToScreen: Skipping frames for 18
10-10 19:14:53.374  1700  3063 I [CT]    : MIXEDREALITY: MrServiceController: Executing passthroughPause on model
10-10 19:14:53.374  1700  3063 I [CT]    : MIXEDREALITY: MrServiceModel: passthroughPause()
10-10 19:14:53.374  1700  3063 I [CT]    : MIXEDREALITY: MrServiceModel: passthroughPause: Paused Passthrough
10-10 19:14:53.374  1700  3063 I [CT]    : MIXEDREALITY: VrApiSupport: renderIteration: Display refresh rate changed, new value: 90.
10-10 19:14:53.375  1700  3063 I [CT]    : MIXEDREALITY: MrRuntimeImpl: onDisplayRefreshRateChanged: Display rate changed from 72 to 90.
10-10 19:14:53.375  1700  3063 I [CT]    : MIXEDREALITY: MrRuntimeImpl: Force telemetry to be sent now.
10-10 19:14:53.375  1700  3063 I [CT]    : MIXEDREALITY: MrRuntimeImpl: Reset telemetry such to start collecting data using the new refresh rate.
10-10 19:14:53.375  1700  3063 I [CT]    : MIXEDREALITY: MrRuntimeImpl: setSessionInitTime: Session initialization timer was set to 14741.197551299 ns.
10-10 19:14:53.375  1700  3063 I [CT]    : MIXEDREALITY: MrRuntimeImpl: setSessionInitTime: Reset session duration timer after 74.647501326 seconds.
10-10 19:14:53.375  1700  3063 I [CT]    : MIXEDREALITY: MrRuntimeImpl: setSessionInitTime: Session initialization timer was set to 14741.197591872 ns.
10-10 19:14:53.375  1700  3063 I [CT]    : MIXEDREALITY: MrRuntimeImpl: setSessionInitTime: Reset session duration timer after 74.647501065 seconds.
10-10 19:14:53.375  1700  3063 I [CT]    : MIXEDREALITY: MrServiceModel: commitLayerState: PassthroughMode: none.
10-10 19:14:53.375  1700  3063 I [CT]    : MIXEDREALITY: MrRuntimeImpl: onPause: Capability 0 on device 2.
10-10 19:14:53.375  2171  2948 I [OAO] VrPlatformOpenXr: EndSession MrServiceClient EndSession passed
10-10 19:14:53.375  2171  2948 I [OAO] VrPlatformOpenXr: EndSession calling xrEndSession
10-10 19:14:53.375   872  3061 I [CT]    : MIXEDREALITY: MrSystemServiceIPCServer: MrSystemServiceIPCServer::ChangeMrCapabilityStatus from 2237214189, request was 0/0
10-10 19:14:53.375  2171  2948 I OpenXR  : ------------ xrEndSession [start] -----------
10-10 19:14:53.375  2171  2948 I XrRuntimeUtils: XrRuntimeUtils::EndSession
10-10 19:14:53.375   872  3061 I [CT]    : MIXEDREALITY: ServiceLogic: Stopping: Passthrough
10-10 19:14:53.375   872  3061 I [CT]    : MIXEDREALITY: MrRuntimeCompute: onStop: Passthrough.
10-10 19:14:53.375   872  3061 I [CT]    : MIXEDREALITY: MrRuntimeCompute: onStop: All capabilities are off, pausing stereo pipeline.
10-10 19:14:53.375   872  3061 I [CT]    : MIXEDREALITY: ServiceLogic: sendMrEngine: Pause
10-10 19:14:53.376   872  3061 I [CT]    : MIXEDREALITY: ServiceLogic: Thread mrsyssvc:camera has tid -1
10-10 19:14:53.377  2171  2948 D VrApi   : targetSDKVersion 29
10-10 19:14:53.381  2171  2948 I VrRuntimeClient: DEVICE MODEL NUMBER = Quest 2
10-10 19:14:53.381  2171  2948 I VrRuntimeClient: DEVICE BUILD NAME = user-44041400838600000
10-10 19:14:53.381  2171  2948 I VrRuntimeClient: DEVICE BUILD TYPE = user
10-10 19:14:53.381  2171  2948 I VrRuntimeClient: DEVICE OS VERSION = 10
10-10 19:14:53.381  2171  2948 I VrRuntimeClient: API LOADER VERSION = 1.0.22
10-10 19:14:53.381  2171  2948 I VrRuntimeClient: RUNTIME API VERSION = 1.0.24
10-10 19:14:53.381  2171  2948 I VrRuntimeClient: RUNTIME VERSION = 44.0.0.179.377 Sep 21 2022 20:21:39 RELEASE
10-10 19:14:53.381  2171  2948 I VrRuntimeClient: APP NAME = Oculus App Runtime
10-10 19:14:53.381  2171  2948 I VrRuntimeClient: APP VERSION = 44.0.0.179.379 versionCode 401350480 internalVersionName 44.0.0.179.379.023bee8327ef 2022_09_22_16_23
10-10 19:14:53.381  2171  2948 I VrRuntimeClient: APP VR TYPE = vr_only
10-10 19:14:53.381  2171  2948 I VrRuntimeClient: APP MODE TYPE = VR
10-10 19:14:53.381  2171  2948 I VrRuntimeClient: APP PACKAGE NAME = com.oculus.vrshell
10-10 19:14:53.381  2171  2948 I VrRuntimeClient: APP ACTIVITY CLASS = com.oculus.vrshell.ShellOverlayService
10-10 19:14:53.382  1048  1578 E InputDispatcher: Window handle Window{c21cb1c u0 com.oculus.vrshell} has no registered input channel
10-10 19:14:53.382  1048  1578 E InputDispatcher: Window handle Window{c21cb1c u0 com.oculus.vrshell} has no registered input channel
10-10 19:14:53.382  2171  2948 D BatteryReceiver: Unregistering battery receiver
10-10 19:14:53.382  1700  3063 I [CT]    : MIXEDREALITY: MrRuntimeImpl: onPause: Capability 1 on device 2.
10-10 19:14:53.382  2171  2948 I Sensor  : OSSDKTRACKING Shutdown tracking
10-10 19:14:53.382   872  3061 I [CT]    : MIXEDREALITY: MrSystemServiceIPCServer: MrSystemServiceIPCServer::ChangeMrCapabilityStatus from 2237214189, request was 1/0
10-10 19:14:53.382   872  3061 I [CT]    : MIXEDREALITY: ServiceLogic: Stopping: Playspace
10-10 19:14:53.382   872  3061 I [CT]    : MIXEDREALITY: MrRuntimeCompute: onStop: Playspace.
10-10 19:14:53.382   872  3061 I [CT]    : MIXEDREALITY: MrRuntimeCompute: onStop: All capabilities are off, pausing stereo pipeline.
10-10 19:14:53.382  2171  2948 I LogTimer: CPUTIME: VrRuntimeClient_EndSession took 6.7430 ms
10-10 19:14:53.382   872  3061 I [CT]    : MIXEDREALITY: ServiceLogic: sendMrEngine: Pause
10-10 19:14:53.382   872  3061 I [CT]    : MIXEDREALITY: ServiceLogic: Thread mrsyssvc:camera has tid -1
10-10 19:14:53.383  1700  3063 I [CT]    : MIXEDREALITY: MrServiceView: renderIteration: onPause(). (PT and ID are currently paused)
10-10 19:14:53.383  1700  3063 W OsSdk   : Requested historical tracking state too far in the past; oldest: 14740.922134s, requested: 14725.497202s
10-10 19:14:53.384  1343 17308 I CompositorVR: WarpToScreen: Skipping frames for 18
10-10 19:14:53.386  1343  3678 I UnifiedTelemetryWrapper: Started UT session render:com.oculus.vrshell
10-10 19:14:53.387  3631  3692 I VrApi   : OVR::Stats thread started
10-10 19:14:53.387  3631  3692 I XrRuntimeUtils: XrRuntimeUtils::BeginSession
10-10 19:14:53.387  3631  3692 I XrRuntimeSystem_Client: BeginSession
10-10 19:14:53.387  3631  3692 I OpenXR  : ------------ xrBeginSession [end] -----------
10-10 19:14:53.387  1700  3714 I [CT]    : MIXEDREALITY: MrFeatureStatus: Client status changed from Paused to Started.
10-10 19:14:53.387  1700  3714 I [CT]    : MIXEDREALITY: MrFeatureStatus: Target status Started, CurrentStatus: Paused
10-10 19:14:53.387  1700  3714 I [CT]    : MIXEDREALITY: MrFeatureStatus: Operation chain: Start
10-10 19:14:53.387  1700  3714 I [CT]    : MIXEDREALITY: MrFeatureStatus: Global status changed from Paused to Started.
10-10 19:14:53.387  1700  3714 I [CT]    : MIXEDREALITY: MrServiceController: Queuing command linked to operation Start for feature 0
10-10 19:14:53.387  3631  3692 I [SEO] VrPlatformOpenXr: VrPlatformOpenXr::SetPropInhibitHandleHomeKey inhibit:1
10-10 19:14:53.387  3631  3692 I OpenXR_DeviceSettings: ------------ xrSetDeviceSettingBooleanFB -----------
10-10 19:14:53.387  3631  3692 I ClientInputSettings: SetInhibitHandleHomeKey = true for com.oculus.vrshell
10-10 19:14:53.387  3631  3692 I ClientInputInterface: SetInhibitHandleHomeKey 1 for process com.oculus.vrshell 3631
10-10 19:14:53.387  3631  3692 I [SEO] VrPlatformOpenXr: VrPlatformOpenXr::SetPropInhibitHandleHomeKey result = 0
10-10 19:14:53.387  3631  3692 I [SEO] Compositor: EnterVrMode with eye buffer: 1440x1584 : 3
10-10 19:14:53.387  3631  3692 I [SEO] AudioMixer: Enabling AudioPlayer.
10-10 19:14:53.388  3631  3692 I [SEO] AudioEngine: virtual void AudioLibrary::AudioEngine::EnablePlayer()
10-10 19:14:53.388  3631  3692 D         : PlayerBase::PlayerBase()
10-10 19:14:53.389  3631  3692 D         : TrackPlayerBase::TrackPlayerBase()
10-10 19:14:53.389  3631  3692 I libOpenSLES: Emulating old channel mask behavior (ignoring positional mask 0x3, using default mask 0x3 based on channel count of 2)
10-10 19:14:53.389  1343 17308 I ScreenCaptureBase: GlobalInhibitState changed to 0
10-10 19:14:53.390  1343 17308 I CompositorVR: SetSchedFifo( tid=3063, pol=5, pri=1 ) succeeded
10-10 19:14:53.390  1343 17308 I CompositorVR: SetClientSurfaceSecureFlag: secure=0
10-10 19:14:53.390  2022  2455 W OVRLibrary: null cursor received for query content://com.oculus.ocms.library/apps/com.oculus.vrshell
10-10 19:14:53.392   735   735 I audio_hw_primary: getting vr mode to 0
10-10 19:14:53.393   759   970 I AudioPolicyManagerCustom: VR mode is 0, switch to primary output if request is for fast|raw
10-10 19:14:53.393 16116 16116 W VRLifecycleManager: onHeadsetMounted
10-10 19:14:53.393   759   970 W AudioFlinger: createTrack_l(): mismatch between requested flags (00000104) and output flags (00000006)
10-10 19:14:53.394   759   970 D AudioFlinger: Client defaulted notificationFrames to 192 for frameCount 384
10-10 19:14:53.395  2171  2171 D [OAO] BaseOverlayService: setOverlayInputFocus : completed - inputFocus=false shouldSupportIME=false actionTaken:true
10-10 19:14:53.395  1343 17308 I CompositorVR: WarpToScreen: Skipping frames for 18
10-10 19:14:53.396  3631 18827 D VrApi   : targetSDKVersion 29
10-10 19:14:53.397  1700  3063 I [CT]    : MIXEDREALITY: MrServiceController: Executing passthroughStart on model
10-10 19:14:53.397  1700  3063 I [CT]    : MIXEDREALITY: MrServiceModel: passthroughStart()
10-10 19:14:53.397  1700  3063 I [CT]    : MIXEDREALITY: MrServiceModel: passthroughStart: Started Passthrough
10-10 19:14:53.399  1700  3063 I [CT]    : MIXEDREALITY: MrServiceView: renderIteration: Nothing to render, hibernating the rendering thread since ID is off.
10-10 19:14:53.402  1700  3063 I [CT]    : MIXEDREALITY: MrServiceModel: Hibernating caller (most likely rendering thread) due to commandQueue being empty.
10-10 19:14:53.403  3631 18827 I JniUtils: ovr_GetCurrentPackageSignature 
10-10 19:14:53.404  3631 18827 I Metrics : device name = Oculus Quest 2
10-10 19:14:53.405  1613  1613 D OculusNotificationListenerService: Notification posted: 0|android|0|com.android.server.wm.AlertWindowNotification - com.oculus.vrshell|1000
10-10 19:14:53.405  2171  2948 I VrApi   : OVR::Stats thread stopped
10-10 19:14:53.405  2171  2948 I InputDeviceManager: ovrInputDeviceManager::~ovrInputDeviceManager
10-10 19:14:53.405  2171  2948 I InputDevice_TrackedRemote: OSSDKTRACKING shutting down Haptics
10-10 19:14:53.405  2171  2948 I InputDevice_TrackedRemote: OSSDKTRACKING shutting down Haptics
10-10 19:14:53.405  2171  2948 I OSHandDataQuerier: OSSDKTRACKING shutting down HandsTracker
10-10 19:14:53.405  2171  2948 I OSHandDataQuerier: OSSDKTRACKING shutting down HandsTracker
10-10 19:14:53.407  1343 17308 I CompositorVR: WarpToScreen: Skipping frames for 18
10-10 19:14:53.408  2171  2171 D [OAO] VrBroadcastReceiver: action: com.oculus.vrshell.intent.action.NOTIFICATION_WAKE
10-10 19:14:53.410  2171 18639 I ClientInputThread_Internal: InputThreadRun ShutdownRequest received
10-10 19:14:53.413  1613  1613 D OculusNotificationListenerService: Notification removed: 0|android|0|com.android.server.wm.AlertWindowNotification - com.oculus.vrshell|1000
10-10 19:14:53.414  2171  2948 D InputHooksJava: Disabling Java Input Hooks
10-10 19:14:53.415  2171  2948 I ClientInputTrackedKeyboardManager: TRACKEDKEYBOARD ClearTrackedObjectManager called on client
10-10 19:14:53.415  2171  2948 I RuntimeIPCClientMgr: RuntimeIPCClientMgr::DisconnectFromServer: Remaining refs: 3, Client: com.oculus.vrshell:com.oculus.vrshell:Overlay:2171, Server: com.oculus.vrshell:com.oculus.vrshell:Overlay (ptkserviceserver)
10-10 19:14:53.415  2171  2948 I RuntimeIPCApi: ipc_Shutdown
10-10 19:14:53.415  2171  2948 I RuntimeIPCServiceClient: Shutdown: Refs still outstanding: 16, com.oculus.vrshell:Overlay
10-10 19:14:53.415  1343  2871 I VrRuntimeService: RuntimeServiceSDKServer::EnableRendering: 0x0, 0, com.oculus.vrshell:Overlay
10-10 19:14:53.415  1343  2871 I ClientMgr: ClientMgr::EnableRendering 2171:com.oculus.vrshell : type 1 comp-id 4: disable
10-10 19:14:53.415  1343  2871 I VrRuntimeServer: DisableCompositorClient: 4
10-10 19:14:53.415  1343  2871 I TimeWarpClientMgr: Disable client 4
10-10 19:14:53.415  1343  2871 I TimeWarpClientMgr: DisableClient: frame flush required: 1
10-10 19:14:53.418  1343 17308 I CompositorVR: WarpToScreen: Skipping frames for 18
10-10 19:14:53.420   759   970 D AF::TrackHandle: OpPlayAudio: track:133 uid:10020 pkg:com.oculus.vrshell usage:1 not muted
10-10 19:14:53.424  3631  3692 I AudioTrack: createTrack_l(6881395): AUDIO_OUTPUT_FLAG_FAST successful; frameCount 0 -> 384
10-10 19:14:53.429  1343 17308 I CompositorVR: LatchWarpClients: Multiple Primary Clients detected. Skipping frames for 18
10-10 19:14:53.429  1343 17308 I CompositorVR: WarpToScreen: Skipping frames for 18
10-10 19:14:53.430  1410  1410 V AvrcpMediaPlayerList: onPlaybackConfigChanged(): Configs list size=8
10-10 19:14:53.431  1343  2871 I UnifiedTelemetryWrapper: Stopped UT session render:com.oculus.vrshell:Overlay
10-10 19:14:53.431  2171 18649 I FenceChecker: FenceChecker::MainLoop - ended
10-10 19:14:53.432  2171  2948 I VrRuntimeClient: PhaseSync Instance deleted
10-10 19:14:53.432  2171  2948 I OpenXR  : PostSessionStateChange: XR_SESSION_STATE_STOPPING -> XR_SESSION_STATE_IDLE
10-10 19:14:53.432  2171  2171 D VrNotificationAnalytics: logNotificationPosted: key(0|android|0|com.android.server.wm.AlertWindowNotification - com.oculus.vrshell|1000), type(third_party), isToast(false)
10-10 19:14:53.432  2171  2948 I OpenXR  : ------------ xrEndSession [end] -----------
10-10 19:14:53.432  2171  2948 I [OAO] VrPlatformOpenXr: EndSession xrEndSession passed
10-10 19:14:53.432  2171  2948 I [OAO] VrPlatformOpenXr: xrPollEvent: received XR_TYPE_EVENT_DATA_SESSION_STATE_CHANGED: 1 for session 0x2 at time 14741.254570
10-10 19:14:53.432  2171  2948 I [OAO] VrPlatformOpenXr: Session state changed XR_SESSION_STATE_IDLE
10-10 19:14:53.432  2171  2948 I OpenXR  : PostSessionStateChange: XR_SESSION_STATE_IDLE -> XR_SESSION_STATE_READY
10-10 19:14:53.432  2171  2948 I [OAO] VrPlatformOpenXr: xrPollEvent: received XR_TYPE_EVENT_DATA_SESSION_STATE_CHANGED: 2 for session 0x2 at time 14741.254742
10-10 19:14:53.432  2171  2948 I [OAO] VrPlatformOpenXr: Session state changed XR_SESSION_STATE_READY
10-10 19:14:53.434  2171  2171 I [OAO] VrNotificationListenerService: onNotificationPosted() - key = 0|android|0|com.android.server.wm.AlertWindowNotification - com.oculus.vrshell|1000, type = third_party, isToast = false, isBlocked with reason = true Blocked by does not contain all markers for a toast notification
10-10 19:14:53.434  2171  2171 D [OAO] VrNotificationService: VrNotificationService onStartCommand() Intent { cmp=com.oculus.vrshell/.VrNotificationService }
10-10 19:14:53.434  2171  2171 I [OAO] VrNotificationListenerService: onNotificationRemoved() - key = 0|android|0|com.android.server.wm.AlertWindowNotification - com.oculus.vrshell|1000, type = third_party
10-10 19:14:53.434  2171  2171 D VrNotificationAnalytics: logNotificationRemoved(third_party)
10-10 19:14:53.437  3631 18830 D         : PlayerBase::stop() from IPlayer
10-10 19:14:53.437  3631 18830 D AudioTrack: stop(111): called with 0 frames delivered
10-10 19:14:53.439  1410  1410 V AvrcpMediaPlayerList: onPlaybackConfigChanged(): Configs list size=8
10-10 19:14:53.439  2022  2022 E OVRMediaServiceManager: LivestreamingManager Not initialized
10-10 19:14:53.440  1343 17308 I CompositorVR: WarpToScreen: Skipping frames for 18
10-10 19:14:53.440  1410  1410 V AvrcpMediaPlayerList: onPlaybackConfigChanged(): Configs list size=8
10-10 19:14:53.441  3631  3692 D [SEO] ShellApplication: requestAudioFocus, transientFocus=false
10-10 19:14:53.441  3631  3692 W AudioManager: Use of stream types is deprecated for operations other than volume control
10-10 19:14:53.441  3631  3692 W AudioManager: See the documentation of requestAudioFocus() for what to use instead with android.media.AudioAttributes to qualify your playback use case
10-10 19:14:53.441  1048  4016 I MediaFocusControl: requestAudioFocus() from uid/pid 10020/3631 clientId=android.media.AudioManager@aa3ebdbcom.oculus.vrshell.ShellAudioFocusHandler@a5678 callingPack=com.oculus.vrshell req=1 flags=0x0 sdk=29
10-10 19:14:53.442  3631  3692 I [SEO] AudioSystem: Got audio focus : 1
10-10 19:14:53.442  2171  2948 I [OAO] VrPlatformOpenXr: EndSession passed message polling. count:1  count<maxRetryCount:1  sessionState:2
10-10 19:14:53.442  2171  2948 I [OAO] VrPlatformOpenXr: EndSession end
10-10 19:14:53.443  3631  3692 I [SEO] EnvironmentManagerUtilities: Skipping entitlement check for sideloaded environment apk://com.environment.matrixloadingvoid/assets/scene.zip.
10-10 19:14:53.443  3631  3692 I [SEO] LocalSpace: ResetNextFrame
10-10 19:14:53.443  3631  3692 I [SEO] SystemAssistant: OnModeChanged from ImmersiveAppFocused to FullShell
10-10 19:14:53.444   735   884 D msm8974_platform: platform_split_snd_device: snd_device(2) num devices(1) new_snd_devices(0)
10-10 19:14:53.444   735   884 D ACDB-LOADER: ACDB -> send_audvoltable
10-10 19:14:53.444   735   884 D ACDB-LOADER: ACDB -> ACDB_CMD_GET_AUDPROC_INSTANCE_GAIN_DEP_STEP_TABLE_SIZE
10-10 19:14:53.444   735   884 D         : Failed to fetch the lookup information of the device 0000000F 
10-10 19:14:53.444   735   884 D ACDB-LOADER: Error: ACDB_CMD_GET_AUDPROC_INSTANCE_GAIN_DEP_STEP_TABLE_SIZE Returned = -19
10-10 19:14:53.444   735   884 D ACDB-LOADER: ACDB -> ACDB_CMD_GET_AUDPROC_INSTANCE_GAIN_DEP_STEP_TABLE, vol index 12
10-10 19:14:53.444   735   884 D         : Failed to fetch the lookup information of the device 0000000F 
10-10 19:14:53.444   735   884 D ACDB-LOADER: Error: ACDB AudProc vol returned = -19
10-10 19:14:53.444   735   884 D ACDB-LOADER: ACDB -> AUDIO_SET_VOL_CAL cal type = 40
10-10 19:14:53.444  3631  3692 I [SEO] LocalSpace: EnterVrMode: Setting local pose state.
10-10 19:14:53.445  1343 17308 I CompositorVR: SetSchedFifo( tid=3053, pol=2, pri=0 ) succeeded
10-10 19:14:53.445  1343 17308 I CompositorVR: SetSchedFifo( tid=3791, pol=2, pri=0 ) succeeded
10-10 19:14:53.445  1343 17308 I CompositorVR: SetSchedFifo( tid=3814, pol=2, pri=0 ) succeeded
10-10 19:14:53.448  3631  3692 I ipcLoader_static: RuntimeIPC: Loader: IPC Service API Loader Version: 31 Sep  5 2022 22:42:43
10-10 19:14:53.448  3631  3692 I RuntimeIPCApi: ipc_Initialize
10-10 19:14:53.448  3631  3692 I RuntimeIPCServiceClient: Init: Already initialized: com.oculus.vrshell, 16
10-10 19:14:53.449  1676  9563 D RuntimeIPCServerMgr: RegisterClient: Client: com.oculus.vrshell:com.oculus.vrshell:3631, Server: com.oculus.os.dialoghost:com.oculus.os.dialoghost (DialogHostService)
10-10 19:14:53.449  1676  9563 I IPCSharedMemory: CreateSharedMemory: Allocated shared memory fd 42 (ipcStateReadWrite)
10-10 19:14:53.450  2022  2022 I OVRMediaService: onStartCommand Received message type: overlay_input_focus_change, caller package: com.oculus.vrshell, app identify: AppIdentity{uid=10020, packageNames=[com.oculus.vrshell], sha1=MxZgtt071YLz39PLrkVGckZooCE, sha2=3C-DTjwZQjeLFPB2yCzRq1nqZWa_9HMLIEfpjvyfna8, version=null, domain=null}
10-10 19:14:53.450  1676  9563 I IPCSharedMemory: CreateSharedMemory: Allocated shared memory fd 43 (ipcReadOnlyState)
10-10 19:14:53.450  1676  9563 I RuntimeIPCServerMgr: Event buffer size (server): 8192
10-10 19:14:53.450  1676  9563 I IPCSharedMemory: CreateSharedMemory: Allocated shared memory fd 44 (ipcEventBuffer)
10-10 19:14:53.451  1676  9563 I IPCSharedMemory: CreateSharedMemory: Allocated shared memory fd 45 (ipcEventBuffer_Private)
10-10 19:14:53.451  1343 17308 I CompositorVR: WarpToScreen: Skipping frames for 18
10-10 19:14:53.452  1676  9563 I RuntimeIPCServerMgr: HandleClientConnect SUCCESS: Client: com.oculus.vrshell:com.oculus.vrshell:3631, Server: com.oculus.os.dialoghost:com.oculus.os.dialoghost (DialogHostService)
10-10 19:14:53.453  2171  2948 I [OAO] AudioMixer: Disabling AudioPlayer.
10-10 19:14:53.459  1676  9563 I RuntimeIPCServerMgr: GetServerStatesConfig -> {MaxBufferSize=32768, MaxEntries=64}
10-10 19:14:53.459  3631  3692 I RuntimeIPCClient: GetServerStatesConfig returned maxEntries=64, maxBuffSize=32768
10-10 19:14:53.459  3631  3692 I RuntimeIPCClient: Event buffer size (client): 8192
10-10 19:14:53.459  3631  3692 I RuntimeIPCClient: TryToGetIPCResourcesFromServer: RPC_CONNECTOR_CONNECT_TO_SERVER SUCCESS: Client: com.oculus.vrshell:com.oculus.vrshell:3631, Server: com.oculus.os.dialoghost:com.oculus.os.dialoghost (DialogHostService)
10-10 19:14:53.459  3631  3692 I RuntimeIPCClient: EnsureServerConnection: SUCCESS. Client: com.oculus.vrshell:com.oculus.vrshell:3631, Server: com.oculus.os.dialoghost:com.oculus.os.dialoghost (DialogHostService)
10-10 19:14:53.459  2022  2022 I OVRMediaService: Received OVERLAY_INPUT_FOCUS_CHANGE. is focused: true
10-10 19:14:53.459  3631  3692 I RuntimeIPCClientMgr: ConnectToServer: SUCCESS: Client: com.oculus.vrshell:com.oculus.vrshell:3631, Server: com.oculus.os.dialoghost:com.oculus.os.dialoghost (DialogHostService)
10-10 19:14:53.459  3631  3692 I [SEO] OsDialogProvider: dialogHostClient.InitClient SUCCESS
10-10 19:14:53.459  3631  3692 I OpenXR_Hands: ------------ xrGetHandMeshFB -----------
10-10 19:14:53.459  3631  3692 I OpenXR_Hands: ------------ xrGetHandMeshFB -----------
10-10 19:14:53.459  3631  3692 D VrRuntimeClient: loadDriverResource - resourceName: 'hand_left' 
10-10 19:14:53.462  3631  3692 I OpenXR_Hands: ------------ xrGetHandMeshFB -----------
10-10 19:14:53.462  3631  3692 I OpenXR_Hands: ------------ xrGetHandMeshFB -----------
10-10 19:14:53.462  3631  3692 D VrRuntimeClient: loadDriverResource - resourceName: 'hand_right' 
10-10 19:14:53.462  1343 17308 I CompositorVR: WarpToScreen: Skipping frames for 18
10-10 19:14:53.463  2022  2022 I OVRMediaService: onStartCommand Received message type: overlay_input_focus_change, caller package: com.oculus.vrshell, app identify: AppIdentity{uid=10020, packageNames=[com.oculus.vrshell], sha1=MxZgtt071YLz39PLrkVGckZooCE, sha2=3C-DTjwZQjeLFPB2yCzRq1nqZWa_9HMLIEfpjvyfna8, version=null, domain=null}
10-10 19:14:53.465  3631  3692 I [SEO] LocalSpace: Reset - initialRawFromLocalPose: quat(-0.010604, -0.990694, -0.135367, 0.009392), translation(0.597093, 0.282098, 0.345417)
10-10 19:14:53.465  3631  3692 I [SEO] LocalSpace: Applying VRAPI Reorient, the reorient reason is 3
10-10 19:14:53.465  1343  3678 I VrRuntimeService: RuntimeServiceSDKServer::RecenterLocalSpace
10-10 19:14:53.465  1343  3678 I VrRuntimeService: RuntimeServiceSDKServer::RecenterLocalSpaceInternal
10-10 19:14:53.465  1343  3678 I VrRuntimeServer: UpdateLocalSpace: Src: 2, Version: 61, VersionUser: 3, RawFloorHeightOld: -1.097370, RawFloorHeightNew: -1.097370
10-10 19:14:53.466  2022  2022 I OVRMediaService: Received OVERLAY_INPUT_FOCUS_CHANGE. is focused: false
10-10 19:14:53.468  3282 17641 I RuntimeIPCClientMgr: RuntimeIPCClientMgr::DisconnectFromServer: 0, Client: com.oculus.systemux:com.oculus.systemux:SystemUX:3282, Server: com.oculus.presence:com.oculus.presence (PubSubServer)
10-10 19:14:53.468  2355  2395 I RuntimeIPCServerMgr: HandleClientDisconnect: Client: com.oculus.systemux:com.oculus.systemux:SystemUX:3282, Server: com.oculus.presence:com.oculus.presence (PubSubServer)
10-10 19:14:53.469  3282 17641 I RuntimeIPCClient: RuntimeIPCClient: Shutdown: Client: com.oculus.systemux:com.oculus.systemux:SystemUX:3282, Server: com.oculus.presence:com.oculus.presence (PubSubServer)
10-10 19:14:53.469  3282 17641 I RuntimeIPCApi: ipc_Shutdown
10-10 19:14:53.469  3282 17641 I RuntimeIPCServiceClient: Shutdown: Refs still outstanding: 3, com.oculus.systemux:SystemUX
10-10 19:14:53.469  3282 17641 I RuntimeIPCClientMgr: RuntimeIPCClientMgr::DisconnectFromServer: 0, Client: com.oculus.systemux:com.oculus.systemux:SystemUX:3282, Server: com.oculus.presence:com.oculus.presence (PresenceServer)
10-10 19:14:53.469  2355  2395 I RuntimeIPCServerMgr: HandleClientDisconnect: Client: com.oculus.systemux:com.oculus.systemux:SystemUX:3282, Server: com.oculus.presence:com.oculus.presence (PresenceServer)
10-10 19:14:53.470  3322  3357 I Clay    : Local user with id 106765628877334 does have a custom avatar
10-10 19:14:53.470  3322  3357 I Clay    : xrPollEvent: REFERENCE_SPACE_CHANGE_PENDING
10-10 19:14:53.470  3282 17641 I RuntimeIPCClient: RuntimeIPCClient: Shutdown: Client: com.oculus.systemux:com.oculus.systemux:SystemUX:3282, Server: com.oculus.presence:com.oculus.presence (PresenceServer)
10-10 19:14:53.470  3282 17641 I RuntimeIPCApi: ipc_Shutdown
10-10 19:14:53.470  3282 17641 I RuntimeIPCServiceClient: Shutdown: Refs still outstanding: 2, com.oculus.systemux:SystemUX
10-10 19:14:53.471  3282  3282 D HyperspaceClient: destroy - end
10-10 19:14:53.471  3282  3282 D HyperspaceClient: release instance, refcount: 0
10-10 19:14:53.471  3282  3282 D [SUI] MessengerCallViewModel: released hyperspace client
10-10 19:14:53.471  3282  3282 D [SUI] MessengerCallViewModel: destroyed MessengerCallViewModel
10-10 19:14:53.471  3282  3282 D [SUI] MessengerCallBarViewModel: destroyed MessengerCallBarViewModel
10-10 19:14:53.471  3282  3282 D [SUI] DynamicAppsView: Destroying DynamicAppsView on AUI bar
10-10 19:14:53.472  3282  3282 D [SUI] MessengerCallViewModel: removeObserver
10-10 19:14:53.472  3282  3282 D [SUI] AnytimeUIPanelAppBase: Releasing viewModel DynamicAppsViewModel refCount: 0
10-10 19:14:53.472  3282  3282 E [SUI] AnytimeUIPanelAppBase: Social view model already destroyed
10-10 19:14:53.472  3282  3282 D [SUI] DynamicAppsViewModel: Destroying DynamicAppsViewModel
10-10 19:14:53.472  3282  3282 E [SUI] AnytimeUIPanelAppBase: Release ViewModel called on already destroyed ViewModelnull
10-10 19:14:53.472  3282  3282 D [SUI] AnytimeUIPanelAppBase: Releasing viewModel BarViewModel refCount: 0
10-10 19:14:53.472  3282  3282 D [SUI] BarViewModel: Destroying BarViewModel
10-10 19:14:53.472  3282  3282 D [SUI] AnytimeUIPanelAppBase: Releasing viewModel SettingsViewModel refCount: 0
10-10 19:14:53.472  3282  3282 D [SUI] SettingsViewModel: Destroying ViewModel
10-10 19:14:53.473  1343 17308 I CompositorVR: WarpToScreen: Skipping frames for 18
10-10 19:14:53.474  3631  3692 I [SEO] SystemTaskBar: Create PanelApp
10-10 19:14:53.474  3282  3282 D [SUI] AnytimeUIPanelAppBase: Releasing viewModel StatusViewModel refCount: 2
10-10 19:14:53.474  3631  3692 I [SEO] PanelAppLaunchInfo: PanelAppLaunchInfo componentString:com.oculus.systemux/com.oculus.panelapp.anytimeui.AnytimeUIAndroidPanelService packageName:com.oculus.systemux serviceName:com.oculus.panelapp.anytimeui.AnytimeUIAndroidPanelService componentName:com.oculus.systemux/com.oculus.panelapp.anytimeui.AnytimeUIAndroidPanelService
10-10 19:14:53.474  3631  3692 I [SEO] HostPlatform: Retrieving component launch information for package (com.oculus.systemux) and service (com.oculus.panelapp.anytimeui.AnytimeUIAndroidPanelService)
10-10 19:14:53.477  3631  3692 I [SEO] HostPlatform: Is valid panel service component for package (com.oculus.systemux) and service (com.oculus.panelapp.anytimeui.AnytimeUIAndroidPanelService) - true
10-10 19:14:53.477  3631  3692 I [SEO] ShellApp: CreatePanelApp( com.oculus.systemux/com.oculus.panelapp.anytimeui.AnytimeUIAndroidPanelService )
10-10 19:14:53.477  3631  3692 I [SEO] ShellApp: Environment:
10-10 19:14:53.477  3631  3692 I [SEO] PanelAppHost: PanelAppHost constructor, panel 55 (com.oculus.systemux/com.oculus.panelapp.anytimeui.AnytimeUIAndroidPanelService)
10-10 19:14:53.477  3631  3692 I [SEO] PanelAppHost: Panel app 55 (com.oculus.systemux/com.oculus.panelapp.anytimeui.AnytimeUIAndroidPanelService) changing state from startup to foreground
10-10 19:14:53.478  1343  3405 I VrRuntimeService: CreateAndroidSurfaceSwapChain: 1766745297
10-10 19:14:53.478  1343  3405 I VrRuntimeService: CreateAndroidSurfaceSwapChain: 131072 1 32856 65536 65536 1 1 1 0 3
10-10 19:14:53.478  1343  2655 I SwapChain_Surface: CreateAndroidSurfaceSwapChainGLES: 0x7c2fc6a000: SurfaceTexture 0x2ee2 Surface 0x2ec2
10-10 19:14:53.478  1343  3405 I VrRuntimeServer: CreateAndroidSurfaceSwapChain: result surface 0x7c2fc6a000
10-10 19:14:53.480  1343  3405 I VrRuntimeService: CreateAndroidSurfaceSwapChain: 1766745297
10-10 19:14:53.480  1343  3405 I VrRuntimeService: CreateAndroidSurfaceSwapChain: 131072 1 32856 65536 65536 1 1 1 0 3
10-10 19:14:53.480  1343  2655 I SwapChain_Surface: CreateAndroidSurfaceSwapChainGLES: 0x7c2fd0b000: SurfaceTexture 0x2e5a Surface 0x2e4a
10-10 19:14:53.481  1343  3405 I VrRuntimeServer: CreateAndroidSurfaceSwapChain: result surface 0x7c2fd0b000
10-10 19:14:53.482  3631  3692 I [SEO] PanelAppHost: Passing env var _oc_analytics_session_id = b49f145b-1fb5-4dc9-913c-d5b4400cbcdd
10-10 19:14:53.482  3631  3692 I [SEO] PanelAppHost: Passing env var _oc_userid = 106765628877334
10-10 19:14:53.482  3631  3692 I [SEO] PanelAppHost: Passing env var _oc_shell_version_name = 44.0.0.179.379
10-10 19:14:53.482  3631  3692 I [SEO] PanelAppHost: Passing env var _oc_shell_version_code = 401350480
10-10 19:14:53.482  3631  3692 I [SEO] PanelAppHost: Passing env var _oc_shell_automation_enabled = false
10-10 19:14:53.482  3631  3692 I [SEO] PanelAppHost: Passing env var _oc_shell_view_id_debugging_enabled = false
10-10 19:14:53.482  3631  3692 I [SEO] PanelAppHost: Passing env var _oc_shell_pixel_density = 20
10-10 19:14:53.482  3631  3692 I [SEO] PanelAppHost: Passing env var _oc_shell_render_scale = 1.250000
10-10 19:14:53.482  3631  3692 I [SEO] PanelAppHost: Passing env var _oc_shell_ux_policy = {"panelBackgroundLayerOriginDepths":{"far":0.2,"mid":0.1,"near":0.015}}
10-10 19:14:53.482  3631  3692 I [SEO] PanelAppHost: Passing env var _oc_shell_panel_session_id = b49f145b-1fb5-4dc9-913c-d5b4400cbcdd-55
10-10 19:14:53.482  3631  3692 I [SEO] PanelAppHost: Passing env var _oc_shell_back_navigation_enabled = false
10-10 19:14:53.482  3631  3692 I [SEO] PanelAppHost: Passing env var _oc_shell_feature_sets = appmenu-v1,appmenu-v2,cooperativeState-v2,destinationUi-v2,dragDrop-v1,layerClipping-v1,layerClipping-v2,layerOptions-v1,layerTranslate-v1,multiapp-v1,multiapp-v2,multiapp-v3,multitasking-v1,recoverInstances-v1,shellPanelAdaptability-v1,systemActionBackgroundPanels-v1,systemThemeSetting-v1,system-reauth-v1,system-ux-file-picker-v1,vrNotificationsBootLoad-v1,controlBar-v1,theaterScreen,copresence-v1,copresenceVersion-v1,vrLibraryAppLock-v1
10-10 19:14:53.482  3631  3692 I [SEO] PanelAppHost: Passing env var _oc_launch_timestamp = 14741299
10-10 19:14:53.482  3631  3692 I [SEO] PanelAppHost: Passing env var _oc_shell_host = vrshell
10-10 19:14:53.482  3631  3692 I [SEO] PanelAppHost: Passing env var _oc_shell_panel_id = 55
10-10 19:14:53.482  3631  3692 I [SEO] PanelAppHost: Calling sendPanelLaunchIntent for panel app 55 (com.oculus.systemux/com.oculus.panelapp.anytimeui.AnytimeUIAndroidPanelService)
10-10 19:14:53.482  3631  3692 D [SEO] ShellApplication: sendApkPanelLaunchIntent: packageName=com.oculus.systemux, serviceClassName=com.oculus.panelapp.anytimeui.AnytimeUIAndroidPanelService
10-10 19:14:53.484  3631  3692 D [SEO] PanelServiceConnection: getSystemProcessUidForCurrentUser: 'android' systemUid = 1000
10-10 19:14:53.484  3631  3692 D [SEO] ShellApplication: bindService Intent { cmp=com.oculus.systemux/com.oculus.panelapp.anytimeui.AnytimeUIAndroidPanelService }
10-10 19:14:53.485  1343 17308 I CompositorVR: WarpToScreen: Skipping frames for 18
10-10 19:14:53.488  3631  3692 D [SEO] ShellApplication: notify OS to set com.oculus.systemux/com.oculus.panelapp.anytimeui.AnytimeUIAndroidPanelService to FOREGROUND
10-10 19:14:53.489  1343 17308 I CompositorVR: SetSchedFifo( tid=3063, pol=2, pri=0 ) succeeded
10-10 19:14:53.496  1343 17308 I CompositorVR: WarpToScreen: Skipping frames for 18
10-10 19:14:53.499  2962  3053 I GuardianSystem: UpdateSystem: Responding to local space version number change.
10-10 19:14:53.499  2962  3053 I GuardianSurfaceMgr: ForceShowSurfaceBounds: Soft fade out: currentTime 14741.32, ForceShowTime 14742.32, ForceShowFadeTime 14743.32
10-10 19:14:53.499  2962  3053 I GuardianSystem: ForceShowGuardian: false, 1.00
10-10 19:14:53.506  3282  3282 E [SUI] AnytimeUIPanelAppBase: Social view model already destroyed
10-10 19:14:53.506  3282  3282 D [SUI] AnytimeUIPanelAppBase: Releasing viewModel StatusViewModel refCount: 1
10-10 19:14:53.507  3282  3282 I [SUI] AnytimeUIAndroidPanelApp: Destroyed AUI PanelApp, isInOverlay: true, instanceCount: 0
10-10 19:14:53.507  3282  3282 D [SUI] AirlinkUtils: Destroying AirlinkUtils...
10-10 19:14:53.507  1343 17308 I CompositorVR: WarpToScreen: Skipping frames for 18
10-10 19:14:53.508  3631  3692 I [SEO] DesktopFocusManager: Focused panel changed from 54 to 0
10-10 19:14:53.509  3631  3692 I ClientInputTrackedKeyboardManager: TRACKEDKEYBOARD created PTKServiceClient
10-10 19:14:53.509  3282  3282 D [SUI] AnytimeUIPanelAppBase: Releasing viewModel StatusViewModel refCount: 0
10-10 19:14:53.509  3631  3692 I PTKService: PTKServiceClient Init
10-10 19:14:53.509  3631  3692 I ipcLoader_static: RuntimeIPC: Loader: IPC Service API Loader Version: 31 Sep  5 2022 22:44:20
10-10 19:14:53.509  3631  3692 I RuntimeIPCApi: ipc_Initialize
10-10 19:14:53.509  3631  3692 I RuntimeIPCServiceClient: Init: Already initialized: com.oculus.vrshell, 17
10-10 19:14:53.509  3282  3282 D [SUI] StatusViewModel: Destroying ViewModel
10-10 19:14:53.510  2171  2171 I [OAO] ShellOverlayService: onStartCommand(): Intent { cmp=com.oculus.vrshell/.ShellOverlayService }
10-10 19:14:53.511  3282  3282 I PresenceAPK(ServicePresenceClient): ServicePresenceClient close
10-10 19:14:53.511  3631  3692 I [SEO] InputManager: Adding controller deviceId = 2
10-10 19:14:53.511  3282  3282 I PresenceAPK(GroupManager): removeListener with id AnchoredHomeGroup
10-10 19:14:53.511  3282  3282 I PresenceAPK(ServiceApiManager): onApiNotReady
10-10 19:14:53.511  3282  3282 D PresenceAPK(ServicePresenceClient): Calling onServiceDown
10-10 19:14:53.512  3282  3282 I PresenceAPK(GroupManager): disconnected
10-10 19:14:53.512  3631  3692 I [SEO] ModelCache: Load controller model
10-10 19:14:53.512  3631  3692 I [SEO] ModelCache: Load controller model
10-10 19:14:53.512  3631  3692 I [SEO] InputManager: Adding controller deviceId = 1
10-10 19:14:53.513  3631  3692 I [SEO] ModelCache: Load controller model
10-10 19:14:53.513  3631  3692 I [SEO] ModelCache: Load controller model
10-10 19:14:53.513  3631  3692 I [SEO] InputManager: Switching primary device (id -1 to 1).
10-10 19:14:53.513  3631  3692 I [SEO] InputManager: Switching secondary device (id to 2).
10-10 19:14:53.514  3322  3357 I Clay    : EnvironmentSystem: setCurrentEnvironment from '' to 'apk://com.environment.matrixloadingvoid/assets/scene.zip'. Computed visibility: Visible (reason: <none>)
10-10 19:14:53.514  2962  3709 I VrGuardianService: GuardianSDKServer::SetGuardianHitDialog2 0
10-10 19:14:53.514  1676  9563 I RuntimeIPCServerMgr: GetServerStatesConfig -> {MaxBufferSize=32768, MaxEntries=64}
10-10 19:14:53.514  3631  3692 I RuntimeIPCClient: GetServerStatesConfig returned maxEntries=64, maxBuffSize=32768
10-10 19:14:53.515  3631  3692 I RuntimeIPCClient: InitServerStateBuffer: SUCCESS. 1, Client: com.oculus.vrshell:com.oculus.vrshell:3631, Server: com.oculus.os.dialoghost:com.oculus.os.dialoghost (DialogHostService)
10-10 19:14:53.515  3631  3692 I [SEO] PanelAppOSLifecycleNotificationManager: Sending frameState isForeground:0 to OS for app com.oculus.systemux/com.oculus.panelapp.controlbar.ControlBarPanelService
10-10 19:14:53.515  3631  3692 I [SEO] PanelAppOSLifecycleNotificationManager: Sending frameState isForeground:0 to OS for app com.oculus.systemux/com.oculus.panelapp.library.LibraryPanelService
10-10 19:14:53.518  1343 17308 I CompositorVR: WarpToScreen: Skipping frames for 18
10-10 19:14:53.525  3322  3357 I Clay    : Failed retrieving controller model id
10-10 19:14:53.525  1048  6399 E InputDispatcher: Window handle Window{5cf25a0 u0 com.oculus.systemux} has no registered input channel
10-10 19:14:53.525  3322  3357 I Clay    : Failed retrieving controller model id
10-10 19:14:53.526  3322  3357 I Clay    : EnvironmentSystem: Loading 'apk://com.environment.matrixloadingvoid/assets/scene.zip' as asset package
10-10 19:14:53.526  3631  3692 I [SEO] ShellEnvHomeController: copresence: received setCollisionShapes
10-10 19:14:53.527  3631 18836 I FenceChecker: FenceChecker::MainLoop - started
10-10 19:14:53.529  1048  4016 I DisplayManagerService: Display device removed: DisplayDeviceInfo{"com.oculus.android_panel_app.AndroidPanelLayer-#main": uniqueId="virtual:com.oculus.systemux,10026,com.oculus.android_panel_app.AndroidPanelLayer-#main,0", 800 x 110, modeId 253, defaultModeId 253, supportedModes [{id=253, width=800, height=110, fps=60.0}], colorMode 0, supportedColorModes [0], HdrCapabilities null, density 200, 200.0 x 200.0 dpi, appVsyncOff 0, presDeadline 16666666, touch NONE, rotation 0, type VIRTUAL, state ON, owner com.oculus.systemux (uid 10026), FLAG_PRIVATE, FLAG_NEVER_BLANK, FLAG_OWN_CONTENT_ONLY}
10-10 19:14:53.529  1343 17308 I CompositorVR: WarpToScreen: Skipping frames for 18
10-10 19:14:53.529  3631  3692 I OpenXR  : PostSessionStateChange: XR_SESSION_STATE_READY -> XR_SESSION_STATE_SYNCHRONIZED
10-10 19:14:53.529  3631  3692 I [SEO] VrPlatformOpenXr: xrPollEvent: received XR_TYPE_EVENT_DATA_REFERENCE_SPACE_CHANGE_PENDING event
10-10 19:14:53.529  3631  3692 I OpenXR  : PostSessionStateChange: XR_SESSION_STATE_SYNCHRONIZED -> XR_SESSION_STATE_VISIBLE
10-10 19:14:53.529  3631  3692 I OpenXR  : PostSessionStateChange: XR_SESSION_STATE_VISIBLE -> XR_SESSION_STATE_FOCUSED
10-10 19:14:53.529  3631  3692 I [SEO] VrPlatformOpenXr: xrPollEvent: received XR_TYPE_EVENT_DATA_DISPLAY_REFRESH_RATE_CHANGED_FB event: fromRate 72.000000 -> toRate 90.000000
10-10 19:14:53.529  3631  3692 I [SEO] VrPlatformOpenXr: xrPollEvent: received XR_TYPE_EVENT_DATA_SESSION_STATE_CHANGED: 3 for session 0x2 at time 14741.351975
10-10 19:14:53.529  3631  3692 I [SEO] VrPlatformOpenXr: Session state changed XR_SESSION_STATE_SYNCHRONIZED
10-10 19:14:53.529  3631  3692 I [SEO] VrPlatformOpenXr: xrPollEvent: received XR_TYPE_EVENT_DATA_SESSION_STATE_CHANGED: 4 for session 0x2 at time 14741.352006
10-10 19:14:53.529  3631  3692 I [SEO] VrPlatformOpenXr: Session state changed XR_SESSION_STATE_VISIBLE
10-10 19:14:53.529  3631  3692 I [SEO] VrPlatformOpenXr: xrPollEvent: received XR_TYPE_EVENT_DATA_SESSION_STATE_CHANGED: 5 for session 0x2 at time 14741.352013
10-10 19:14:53.529  3631  3692 I [SEO] VrPlatformOpenXr: Session state changed XR_SESSION_STATE_FOCUSED
10-10 19:14:53.530  3282  3282 D NotificationView: Toast hover exited
10-10 19:14:53.536  3631  3692 I [SEO] ShellEnvHomeController: copresence: processing currentCollisionShapes
10-10 19:14:53.537  3631  3692 I [SEO] ShellEnvHomeController: Theaterscreen transform node set for the env size x: 4.660000, y: 2.621250
10-10 19:14:53.537  3631  3692 I [SEO] LocalSpace: New Space: quat(-0.104546, 0.000257, 0.002442, 0.994517), translation(0.000000, 1.708470, 0.000000) - Prior Space: quat(-0.104546, 0.000257, 0.002442, 0.994517), translation(0.000000, 1.708470, 0.000000)
10-10 19:14:53.537  3631  3692 I [SEO] LocalSpace: Local space version from 56 to 57, local space user version from 2 to 2.
10-10 19:14:53.540  2962  3053 I StateMachine: StateMachine::Update ForceShow: forceShowForTime -> ForceShowOnForTime
10-10 19:14:53.540  1343 17308 I CompositorVR: WarpToScreen: Skipping frames for 18
10-10 19:14:53.543  3631  3692 I [SEO] SystemUXController: OnReorient(reason: 3)
10-10 19:14:53.547  1048  1064 I DisplayManagerService: Display device removed: DisplayDeviceInfo{"com.oculus.android_panel_app.AndroidPanelLayer-toast": uniqueId="virtual:com.oculus.systemux,10026,com.oculus.android_panel_app.AndroidPanelLayer-toast,0", 525 x 80, modeId 261, defaultModeId 261, supportedModes [{id=261, width=525, height=80, fps=60.0}], colorMode 0, supportedColorModes [0], HdrCapabilities null, density 200, 200.0 x 200.0 dpi, appVsyncOff 0, presDeadline 16666666, touch NONE, rotation 0, type VIRTUAL, state ON, owner com.oculus.systemux (uid 10026), FLAG_PRIVATE, FLAG_NEVER_BLANK, FLAG_OWN_CONTENT_ONLY}
10-10 19:14:53.551  1343 17308 I CompositorVR: WarpToScreen: Skipping frames for 18
10-10 19:14:53.553  3282  3282 D CppPanelService: onDestroy()
10-10 19:14:53.553  3282  3282 D [SUI] NotificationBroadcastReceiver: action: com.oculus.intent.action.NOTIF_CHANGE
10-10 19:14:53.553  3282  3282 E BackgroundThreadExecutor: Refusing to execute task because BackgroundThreadExecutor instance is destroyed: com.oculus.panelapp.anytimeui.tablet.notifications.core.-$$Lambda$NotificationManagerSourceHandler$HybXWBXsqdbvph6F5RgmzU3_G5A@4f0a243
10-10 19:14:53.553  3282  3282 D [SUI] NotificationBroadcastReceiver: action: com.oculus.intent.action.NOTIF_CHANGE
10-10 19:14:53.553  3282  3282 E BackgroundThreadExecutor: Refusing to execute task because BackgroundThreadExecutor instance is destroyed: com.oculus.panelapp.anytimeui.tablet.notifications.core.-$$Lambda$NotificationManagerSourceHandler$HybXWBXsqdbvph6F5RgmzU3_G5A@eb7b0c0
10-10 19:14:53.553  3282  3282 D CppPanelService: PanelService()
10-10 19:14:53.553  3282  3282 D CppPanelService: onBind()
10-10 19:14:53.554  3631  3631 D [SEO] PanelServiceConnection: onSeviceConnected - component name (ComponentInfo{com.oculus.systemux/com.oculus.panelapp.anytimeui.AnytimeUIAndroidPanelService}), panel app id (55)
10-10 19:14:53.554  3631  3631 D [SEO] ShellApplication: notify OS to set com.oculus.systemux/com.oculus.panelapp.anytimeui.AnytimeUIAndroidPanelService to FOREGROUND
10-10 19:14:53.556  3631  3692 I [SEO] TelemetryProvider: aui_reorient system 0 0 0 com.oculus.shellenv
10-10 19:14:53.557  3631  3631 I [SEO] PanelServiceConnection: verifyFirstPartyUID(Debug Signatures=false, uid=10026) => apkSignatureResult=SigCertInfo(isTrusted=true, packageNames=[com.oculus.systemux], fingerprint sha1=98a1809f3c3e79170e5df8135b500ecfa39df1be, fingerprint sha256=012f8165c191efe8fb0d6d4606aa4abac14d77d1d97d5340860c9f81045aa157, signature=308205cf308203b7a0030201020204097e91c1300d06092a864886f70d01010b0500308197310b3009060355040613025553311330110603550408130a43616c69666f726e6961311330110603550407130a4d656e6c6f205061726b31233021060355040a131a46616365626f6f6b20546563686e6f6c6f676965732c204c4c4331233021060355040b131a46616365626f6f6b20546563686e6f6c6f676965732c204c4c43311430120603550403130b4f63756c75732041707073301e170d3139303730343131333935315a170d3436313131393131333935315a308197310b3009060355040613025553311330110603550408130a43616c69666f726e6961311330110603550407130a4d656e6c6f205061726b31233021060355040a131a46616365626f6f6b20546563686e6f6c6f676965732c204c4c4331233021060355040b131a46616365626f6f6b20546563686e6f6c6f676965732c204c4c43311430120603550403130b4f63756c7573204170707330820222300d06092a864886f70d01010105000382020f003082020a0282020100b815642a5c201c8da044905dafbb06c05fddb75449cc75a716a0434da0493a52a4d60643532c237e76cb41d2c32a5e4474f12b37f632a809b5a5ceb8c6289ecf828e736b4ec452b1c2757bd0b5ed13eff5a7a47ab2ef6cdf60a8d749e9e8603f30d12b5db8f734c57578a2a4ce5ff5737c1f02c629d2dcb4f82726674663a699de94463ff370fa9eb48158831bf0b68bd6ec84293182d52e860bdd81bb9ce9cdd6a77fea0df25004da34d3cce7a31069646aa4628fba9ccb0952163793be9a4edf49a53f83179c2f44d8c87d6c129e8d590af0f3fced26201ee43b31fccd93b497cd198c5cd1f98d64c4f7ad79ca47278c02652d5dc072a99807e22f473f7bae4da2bafcae48cd49ad55a764b8d39f329f6175eac9074307deff48b1c4a6e19b748766617768c31a17feae8478eb7f9ebfb61af2b9f5a692b636342d7ebc53d7146626b51801b5a0a102e281475decdefb8683d0ca2843dc7aaeb6759bcab0dcba38db44f5d7f797a1c9c02dd159c0e3c72b14dc882d31c24ad8abee4ce0f7f0205e05efef551e2551a61e96636ed5dfd7435d3d24f5a130a12f10452cc954aa770d5d95e3e0cb9d7b05c5506a7947f8ff3437b3d82274fdaa156d85bfb7fbcb4fa5557080fedab86520b71d3d533e7bb3e7e3ebe9712b68e755d700b0afbf7595ffa80a6b3d90bfe599769138ee6515df415e32c0abed2b8e4aea1f47351f490203010001a321301f301d0603551d0e04160414a3c939e6b71c43bc9193f773c0351be1aff311f9300d06092a864886f70d01010b050003820201004e4c865231f2a3583c6af9488ecf9aa96b1ee84e2d7bfad00581537dc70c54ecfcf360e563d018efa4cdd77bf6fc4c9f1a20ebd4215cf1538686d4089bdcc8adb6ae4497ead14b0c18efd52ce93357019973e94e16b3326c60885b1bdc5f9cad1098f16732935876d8d19bda3ceeaaa69a83c4e2231710c6735f88abdfffe3dfa2be3f18f894923441b4e4a9c9664ed6294c16d7c073547063bfdbbefad184a001f1dce2feffdc96d10eb16a3bfbcd382cd297ca3b4edb7ebacd1a9931a1368a5157ceaebbca5b39bd5db5461a340db8ec076d38a94bcdd042bfb51388158ba97a49b631c1762fa746c7bb36eaf15cae23fa993cfb052e824f2ae173ea27b50a6cca91eb955f4faf131514757e5a3ecae9df6d23771279b7742f28fb9ce394eb9e03926f550716f1312355a5efdc479d8347b516cff55cb14307c81280142cacf2fd6562a2baacbfc97869272b1c51abf79121de8bab227e001313d4115eb9b33a332ebb34e290f14b5352ef1038f7a5f3740c9d1136b3526de4331deb4fa529c36a17c04c3e64d4f6ebda73d6e6e18281e3948fd11e685eab6611be1bc62839bce5962715e7f6537e6c083bcd3538d17407b26c850cd6b3f5e2149fdef027a6cfb7ed0f93c928aca14927b10c6a3f104ba1b10413af8b1868b84a004e5ddd065fff26a7bb3c818bb5a2d69aedf9441ef9033efae3ef52282a96f66d4b4ff3f2)
