10-14 16:13:15.559   846  3444 V C2Store : in ~ComponentModule
10-14 16:13:15.559   846  3444 V C2Store : unloading dll
10-14 16:13:15.565  1372  8219 I CompositorVR: WarpToScreen: Skipping frames for 10
10-14 16:13:15.566  3232  3232 D [SUI] SystemUXFunnelLogServerLogger: VPV Event: oculus_impressions_tile_vpved LogInfo{duration=250, mLogId='com.oculus.explore', mContentType=APP, mPosX=0, mPosy=0, mGlobalPos=0, mSurface=AUI, mSubSurface=null, mClickEventType=null}
10-14 16:13:15.566  3232  3232 D [SUI] SystemUXFunnelLogServerLogger: VPV Event: oculus_impressions_tile_vpved LogInfo{duration=250, mLogId='com.oculus.store', mContentType=APP, mPosX=1, mPosy=0, mGlobalPos=1, mSurface=AUI, mSubSurface=null, mClickEventType=null}
10-14 16:13:15.566  3232  3232 D [SUI] SystemUXFunnelLogServerLogger: VPV Event: oculus_impressions_tile_vpved LogInfo{duration=250, mLogId='messenger_system_app', mContentType=APP, mPosX=2, mPosy=0, mGlobalPos=2, mSurface=AUI, mSubSurface=null, mClickEventType=null}
10-14 16:13:15.567  3232  3232 D [SUI] SystemUXFunnelLogServerLogger: VPV Event: oculus_impressions_tile_vpved LogInfo{duration=250, mLogId='share_system_app', mContentType=APP, mPosX=3, mPosy=0, mGlobalPos=3, mSurface=AUI, mSubSurface=null, mClickEventType=null}
10-14 16:13:15.576  1372  8219 I CompositorVR: WarpToScreen: Skipping frames for 10
10-14 16:13:15.581   874  1035 W TrackingService: attachClient: found client in attached list
10-14 16:13:15.584  7142  7225 E OsSdk   : error getting shared memory region, memory type: HeadTracker, failed with Status(-1, EX_SECURITY): 'requested shared memory region when not registered/focused'
10-14 16:13:15.587  1372  8219 I CompositorVR: WarpToScreen: Skipping frames for 10
10-14 16:13:15.609  1372  8219 I chatty  : uid=10025(com.oculus.systemdriver) OVR::TimeWarp identical 2 lines
10-14 16:13:15.621  1372  8219 I CompositorVR: WarpToScreen: Skipping frames for 10
10-14 16:13:15.629  7142  7225 E OsSdk   : error getting shared memory region, memory type: HeadTracker, failed with Status(-1, EX_SECURITY): 'requested shared memory region when not registered/focused'
10-14 16:13:15.632  1372  8219 I CompositorVR: WarpToScreen: Skipping frames for 10
10-14 16:13:15.643  1372  8219 I CompositorVR: WarpToScreen: Skipping frames for 10
10-14 16:13:15.648  2033  8724 D CCodec  : allocate(c2.android.vorbis.decoder)
10-14 16:13:15.649   846  3444 V C2Store : in init
10-14 16:13:15.649   846  3444 V C2Store : loading dll
10-14 16:13:15.651  2033  8724 I CCodec  : Created component [c2.android.vorbis.decoder]
10-14 16:13:15.652  2033  8724 D CCodecConfig: read media type: audio/vorbis
10-14 16:13:15.654  1372  8219 I CompositorVR: WarpToScreen: Skipping frames for 10
10-14 16:13:15.658  2033  8724 D ReflectedParamUpdater: extent() != 1 for single value type: algo.buffers.max-count.values
10-14 16:13:15.664  2033  8724 D ReflectedParamUpdater: extent() != 1 for single value type: output.subscribed-indices.values
10-14 16:13:15.664  2033  8724 D ReflectedParamUpdater: extent() != 1 for single value type: input.buffers.allocator-ids.values
10-14 16:13:15.664  2033  8724 D ReflectedParamUpdater: extent() != 1 for single value type: output.buffers.allocator-ids.values
10-14 16:13:15.664  2033  8724 D ReflectedParamUpdater: extent() != 1 for single value type: algo.buffers.allocator-ids.values
10-14 16:13:15.664  2033  8724 D ReflectedParamUpdater: extent() != 1 for single value type: output.buffers.pool-ids.values
10-14 16:13:15.664  2033  8724 D ReflectedParamUpdater: extent() != 1 for single value type: algo.buffers.pool-ids.values
10-14 16:13:15.665  2033  8724 I CCodecConfig: query failed after returning 7 values (BAD_INDEX)
10-14 16:13:15.665  2033  8724 D CCodecConfig: c2 config diff is Dict {
10-14 16:13:15.665  2033  8724 D CCodecConfig:   c2::u32 coded.bitrate.value = 64000
10-14 16:13:15.665  2033  8724 D CCodecConfig:   c2::u32 input.buffers.max-size.value = 32768
10-14 16:13:15.665  2033  8724 D CCodecConfig:   c2::u32 input.delay.value = 0
10-14 16:13:15.665  2033  8724 D CCodecConfig:   string input.media-type.value = "audio/vorbis"
10-14 16:13:15.665  2033  8724 D CCodecConfig:   string output.media-type.value = "audio/raw"
10-14 16:13:15.665  2033  8724 D CCodecConfig:   c2::u32 raw.channel-count.value = 1
10-14 16:13:15.665  2033  8724 D CCodecConfig:   c2::u32 raw.sample-rate.value = 48000
10-14 16:13:15.665  2033  8724 D CCodecConfig: }
10-14 16:13:15.665  2033  8724 D CCodecConfig: no c2 equivalents for durationUs
10-14 16:13:15.665  1372  8219 I CompositorVR: WarpToScreen: Skipping frames for 10
10-14 16:13:15.665  2033  8724 D CCodecConfig: no c2 equivalents for csd-1
10-14 16:13:15.665  2033  8724 D CCodecConfig: no c2 equivalents for track-id
10-14 16:13:15.665  2033  8724 D CCodecConfig: no c2 equivalents for channel-mask
10-14 16:13:15.665  2033  8724 D CCodecConfig: c2 config diff is   c2::u32 raw.channel-count.value = 2
10-14 16:13:15.665  2033  8724 D CCodecConfig:   c2::u32 raw.sample-rate.value = 44100
10-14 16:13:15.666  2033  8724 W Codec2Client: query -- param skipped: index = 1107298332.
10-14 16:13:15.666  2033  8724 D CCodec  : setup formats input: AMessage(what = 0x00000000) = {
10-14 16:13:15.666  2033  8724 D CCodec  :   int32_t channel-count = 2
10-14 16:13:15.666  2033  8724 D CCodec  :   int32_t max-input-size = 32768
10-14 16:13:15.666  2033  8724 D CCodec  :   string mime = "audio/vorbis"
10-14 16:13:15.666  2033  8724 D CCodec  :   int32_t sample-rate = 44100
10-14 16:13:15.666  2033  8724 D CCodec  : } and output: AMessage(what = 0x00000000) = {
10-14 16:13:15.666  2033  8724 D CCodec  :   int32_t channel-count = 2
10-14 16:13:15.666  2033  8724 D CCodec  :   string mime = "audio/raw"
10-14 16:13:15.666  2033  8724 D CCodec  :   int32_t sample-rate = 44100
10-14 16:13:15.666  2033  8724 D CCodec  :   int32_t channel-mask = 3
10-14 16:13:15.666  2033  8724 D CCodec  : }
10-14 16:13:15.668   846  3444 V C2Store : in ~ComponentModule
10-14 16:13:15.668   846  3444 V C2Store : unloading dll
10-14 16:13:15.675  7142  7225 E OsSdk   : error getting shared memory region, memory type: HeadTracker, failed with Status(-1, EX_SECURITY): 'requested shared memory region when not registered/focused'
10-14 16:13:15.675   874  1035 I chatty  : uid=1000(system) Binder:874_2 identical 3 lines
10-14 16:13:15.676  7142  7225 E OsSdk   : error getting shared memory region, memory type: AnchorTracker, failed with Status(-1, EX_SECURITY): 'requested shared memory region when not registered/focused'
10-14 16:13:15.676  1372  8219 I CompositorVR: WarpToScreen: Skipping frames for 10
10-14 16:13:15.687  1372  8219 I CompositorVR: WarpToScreen: Skipping frames for 10
10-14 16:13:15.688  2033  8727 D CCodec  : allocate(c2.android.vorbis.decoder)
10-14 16:13:15.688   846  3444 V C2Store : in init
10-14 16:13:15.688   846  3444 V C2Store : loading dll
10-14 16:13:15.693  2033  8727 I CCodec  : Created component [c2.android.vorbis.decoder]
10-14 16:13:15.694  2033  8727 D CCodecConfig: read media type: audio/vorbis
10-14 16:13:15.695  2033  8727 D ReflectedParamUpdater: extent() != 1 for single value type: algo.buffers.max-count.values
10-14 16:13:15.696  2033  8727 D ReflectedParamUpdater: extent() != 1 for single value type: output.subscribed-indices.values
10-14 16:13:15.696  2033  8727 D ReflectedParamUpdater: extent() != 1 for single value type: input.buffers.allocator-ids.values
10-14 16:13:15.696  2033  8727 D ReflectedParamUpdater: extent() != 1 for single value type: output.buffers.allocator-ids.values
10-14 16:13:15.696  2033  8727 D ReflectedParamUpdater: extent() != 1 for single value type: algo.buffers.allocator-ids.values
10-14 16:13:15.696  2033  8727 D ReflectedParamUpdater: extent() != 1 for single value type: output.buffers.pool-ids.values
10-14 16:13:15.696  2033  8727 D ReflectedParamUpdater: extent() != 1 for single value type: algo.buffers.pool-ids.values
10-14 16:13:15.697  2033  8727 I CCodecConfig: query failed after returning 7 values (BAD_INDEX)
10-14 16:13:15.697  2033  8727 D CCodecConfig: c2 config diff is Dict {
10-14 16:13:15.697  2033  8727 D CCodecConfig:   c2::u32 coded.bitrate.value = 64000
10-14 16:13:15.697  2033  8727 D CCodecConfig:   c2::u32 input.buffers.max-size.value = 32768
10-14 16:13:15.697  2033  8727 D CCodecConfig:   c2::u32 input.delay.value = 0
10-14 16:13:15.697  2033  8727 D CCodecConfig:   string input.media-type.value = "audio/vorbis"
10-14 16:13:15.697  2033  8727 D CCodecConfig:   string output.media-type.value = "audio/raw"
10-14 16:13:15.697  2033  8727 D CCodecConfig:   c2::u32 raw.channel-count.value = 1
10-14 16:13:15.697  2033  8727 D CCodecConfig:   c2::u32 raw.sample-rate.value = 48000
10-14 16:13:15.697  2033  8727 D CCodecConfig: }
10-14 16:13:15.697  2033  8727 D CCodecConfig: no c2 equivalents for durationUs
10-14 16:13:15.697  2033  8727 D CCodecConfig: no c2 equivalents for csd-1
10-14 16:13:15.697  2033  8727 D CCodecConfig: no c2 equivalents for track-id
10-14 16:13:15.697  2033  8727 D CCodecConfig: no c2 equivalents for channel-mask
10-14 16:13:15.697  2033  8727 D CCodecConfig: c2 config diff is   c2::u32 raw.channel-count.value = 2
10-14 16:13:15.697  2033  8727 D CCodecConfig:   c2::u32 raw.sample-rate.value = 44100
10-14 16:13:15.697  2033  8727 W Codec2Client: query -- param skipped: index = 1107298332.
10-14 16:13:15.697  2033  8727 D CCodec  : setup formats input: AMessage(what = 0x00000000) = {
10-14 16:13:15.697  2033  8727 D CCodec  :   int32_t channel-count = 2
10-14 16:13:15.697  2033  8727 D CCodec  :   int32_t max-input-size = 32768
10-14 16:13:15.697  2033  8727 D CCodec  :   string mime = "audio/vorbis"
10-14 16:13:15.697  2033  8727 D CCodec  :   int32_t sample-rate = 44100
10-14 16:13:15.697  2033  8727 D CCodec  : } and output: AMessage(what = 0x00000000) = {
10-14 16:13:15.697  2033  8727 D CCodec  :   int32_t channel-count = 2
10-14 16:13:15.697  2033  8727 D CCodec  :   string mime = "audio/raw"
10-14 16:13:15.697  2033  8727 D CCodec  :   int32_t sample-rate = 44100
10-14 16:13:15.697  2033  8727 D CCodec  :   int32_t channel-mask = 3
10-14 16:13:15.697  2033  8727 D CCodec  : }
10-14 16:13:15.698  1372  8219 I CompositorVR: WarpToScreen: Skipping frames for 10
10-14 16:13:15.703  2033  8727 W Codec2Client: query -- param skipped: index = 1342179345.
10-14 16:13:15.703  2033  8727 W Codec2Client: query -- param skipped: index = 2415921170.
10-14 16:13:15.704  2033  8727 D CCodecBufferChannel: [c2.android.vorbis.decoder#353] Created input block pool with allocatorID 16 => poolID 33 - OK (0)
10-14 16:13:15.705  2033  8727 I CCodecBufferChannel: [c2.android.vorbis.decoder#353] Created output block pool with allocatorID 16 => poolID 52 - OK
10-14 16:13:15.705  2033  8727 D CCodecBufferChannel: [c2.android.vorbis.decoder#353] Configured output block pool ids 52 => OK
10-14 16:13:15.706   846  8728 D SimpleC2Component: Using output block pool with poolID 52 => got 52 - 0
10-14 16:13:15.707  2033  8727 D CCodecBufferChannel: [c2.android.vorbis.decoder#353] Discard frames from previous generation.
10-14 16:13:15.707  2033  8727 D CCodecBufferChannel: [c2.android.vorbis.decoder#353] Discard frames from previous generation.
10-14 16:13:15.709  1372  8219 I CompositorVR: WarpToScreen: Skipping frames for 10
10-14 16:13:15.711  2033  8727 D CCodecBufferChannel: [c2.android.vorbis.decoder#353] Discard frames from previous generation.
10-14 16:13:15.714   846  3444 D BufferPoolAccessor: Destruction - bufferpool2 0x2c2d267830 cached: 0/0M, 0/0% in use; allocs: 0, 0% recycled; transfers: 0, 0% unfetced
10-14 16:13:15.715   846  3444 V C2Store : in ~ComponentModule
10-14 16:13:15.715   846  3444 V C2Store : unloading dll
10-14 16:13:15.721  1372  8219 I CompositorVR: WarpToScreen: Skipping frames for 10
10-14 16:13:15.721   874  1035 W TrackingService: attachClient: found client in attached list
10-14 16:13:15.722  7142  7225 E OsSdk   : error getting shared memory region, memory type: HeadTracker, failed with Status(-1, EX_SECURITY): 'requested shared memory region when not registered/focused'
10-14 16:13:15.732  1372  8219 I CompositorVR: WarpToScreen: Skipping frames for 10
10-14 16:13:15.739  2033  8731 D CCodec  : allocate(c2.android.vorbis.decoder)
10-14 16:13:15.739   846  3444 V C2Store : in init
10-14 16:13:15.740   846  3444 V C2Store : loading dll
10-14 16:13:15.742  2033  8731 I CCodec  : Created component [c2.android.vorbis.decoder]
10-14 16:13:15.742  2033  8731 D CCodecConfig: read media type: audio/vorbis
10-14 16:13:15.743  1372  8219 I CompositorVR: WarpToScreen: Skipping frames for 10
10-14 16:13:15.744  2033  8731 D ReflectedParamUpdater: extent() != 1 for single value type: algo.buffers.max-count.values
10-14 16:13:15.744  2033  8731 D ReflectedParamUpdater: extent() != 1 for single value type: output.subscribed-indices.values
10-14 16:13:15.744  2033  8731 D ReflectedParamUpdater: extent() != 1 for single value type: input.buffers.allocator-ids.values
10-14 16:13:15.744  2033  8731 D ReflectedParamUpdater: extent() != 1 for single value type: output.buffers.allocator-ids.values
10-14 16:13:15.744  2033  8731 D ReflectedParamUpdater: extent() != 1 for single value type: algo.buffers.allocator-ids.values
10-14 16:13:15.744  2033  8731 D ReflectedParamUpdater: extent() != 1 for single value type: output.buffers.pool-ids.values
10-14 16:13:15.744  2033  8731 D ReflectedParamUpdater: extent() != 1 for single value type: algo.buffers.pool-ids.values
10-14 16:13:15.745  2033  8731 I CCodecConfig: query failed after returning 7 values (BAD_INDEX)
10-14 16:13:15.745  2033  8731 D CCodecConfig: c2 config diff is Dict {
10-14 16:13:15.745  2033  8731 D CCodecConfig:   c2::u32 coded.bitrate.value = 64000
10-14 16:13:15.745  2033  8731 D CCodecConfig:   c2::u32 input.buffers.max-size.value = 32768
10-14 16:13:15.745  2033  8731 D CCodecConfig:   c2::u32 input.delay.value = 0
10-14 16:13:15.745  2033  8731 D CCodecConfig:   string input.media-type.value = "audio/vorbis"
10-14 16:13:15.745  2033  8731 D CCodecConfig:   string output.media-type.value = "audio/raw"
10-14 16:13:15.745  2033  8731 D CCodecConfig:   c2::u32 raw.channel-count.value = 1
10-14 16:13:15.745  2033  8731 D CCodecConfig:   c2::u32 raw.sample-rate.value = 48000
10-14 16:13:15.745  2033  8731 D CCodecConfig: }
10-14 16:13:15.745  2033  8731 D CCodecConfig: no c2 equivalents for durationUs
10-14 16:13:15.745  2033  8731 D CCodecConfig: no c2 equivalents for csd-1
10-14 16:13:15.745  2033  8731 D CCodecConfig: no c2 equivalents for track-id
10-14 16:13:15.745  2033  8731 D CCodecConfig: no c2 equivalents for channel-mask
10-14 16:13:15.745  2033  8731 D CCodecConfig: c2 config diff is   c2::u32 raw.channel-count.value = 2
10-14 16:13:15.745  2033  8731 D CCodecConfig:   c2::u32 raw.sample-rate.value = 44100
10-14 16:13:15.746  2033  8731 W Codec2Client: query -- param skipped: index = 1107298332.
10-14 16:13:15.746  2033  8731 D CCodec  : setup formats input: AMessage(what = 0x00000000) = {
10-14 16:13:15.746  2033  8731 D CCodec  :   int32_t channel-count = 2
10-14 16:13:15.746  2033  8731 D CCodec  :   int32_t max-input-size = 32768
10-14 16:13:15.746  2033  8731 D CCodec  :   string mime = "audio/vorbis"
10-14 16:13:15.746  2033  8731 D CCodec  :   int32_t sample-rate = 44100
10-14 16:13:15.746  2033  8731 D CCodec  : } and output: AMessage(what = 0x00000000) = {
10-14 16:13:15.746  2033  8731 D CCodec  :   int32_t channel-count = 2
10-14 16:13:15.746  2033  8731 D CCodec  :   string mime = "audio/raw"
10-14 16:13:15.746  2033  8731 D CCodec  :   int32_t sample-rate = 44100
10-14 16:13:15.746  2033  8731 D CCodec  :   int32_t channel-mask = 3
10-14 16:13:15.746  2033  8731 D CCodec  : }
10-14 16:13:15.749   846  3444 V C2Store : in ~ComponentModule
10-14 16:13:15.749   846  3444 V C2Store : unloading dll
10-14 16:13:15.754  1372  8219 I CompositorVR: WarpToScreen: Skipping frames for 10
10-14 16:13:15.765   874   874 W TrackingService: attachClient: found client in attached list
10-14 16:13:15.765  1372  8219 I CompositorVR: WarpToScreen: Skipping frames for 10
10-14 16:13:15.766  7142  7225 E OsSdk   : error getting shared memory region, memory type: HeadTracker, failed with Status(-1, EX_SECURITY): 'requested shared memory region when not registered/focused'
10-14 16:13:15.770  2033  8734 D CCodec  : allocate(c2.android.vorbis.decoder)
10-14 16:13:15.770   846  3444 V C2Store : in init
10-14 16:13:15.771   846  3444 V C2Store : loading dll
10-14 16:13:15.773  2033  8734 I CCodec  : Created component [c2.android.vorbis.decoder]
10-14 16:13:15.773  2033  8734 D CCodecConfig: read media type: audio/vorbis
10-14 16:13:15.775  2033  8734 D ReflectedParamUpdater: extent() != 1 for single value type: algo.buffers.max-count.values
10-14 16:13:15.775  2033  8734 D ReflectedParamUpdater: extent() != 1 for single value type: output.subscribed-indices.values
10-14 16:13:15.775  2033  8734 D ReflectedParamUpdater: extent() != 1 for single value type: input.buffers.allocator-ids.values
10-14 16:13:15.775  2033  8734 D ReflectedParamUpdater: extent() != 1 for single value type: output.buffers.allocator-ids.values
10-14 16:13:15.775  2033  8734 D ReflectedParamUpdater: extent() != 1 for single value type: algo.buffers.allocator-ids.values
10-14 16:13:15.775  2033  8734 D ReflectedParamUpdater: extent() != 1 for single value type: output.buffers.pool-ids.values
10-14 16:13:15.775  2033  8734 D ReflectedParamUpdater: extent() != 1 for single value type: algo.buffers.pool-ids.values
10-14 16:13:15.776  1372  8219 I CompositorVR: WarpToScreen: Skipping frames for 10
10-14 16:13:15.776  2033  8734 I CCodecConfig: query failed after returning 7 values (BAD_INDEX)
10-14 16:13:15.776  2033  8734 D CCodecConfig: c2 config diff is Dict {
10-14 16:13:15.776  2033  8734 D CCodecConfig:   c2::u32 coded.bitrate.value = 64000
10-14 16:13:15.776  2033  8734 D CCodecConfig:   c2::u32 input.buffers.max-size.value = 32768
10-14 16:13:15.776  2033  8734 D CCodecConfig:   c2::u32 input.delay.value = 0
10-14 16:13:15.776  2033  8734 D CCodecConfig:   string input.media-type.value = "audio/vorbis"
10-14 16:13:15.776  2033  8734 D CCodecConfig:   string output.media-type.value = "audio/raw"
10-14 16:13:15.776  2033  8734 D CCodecConfig:   c2::u32 raw.channel-count.value = 1
10-14 16:13:15.776  2033  8734 D CCodecConfig:   c2::u32 raw.sample-rate.value = 48000
10-14 16:13:15.776  2033  8734 D CCodecConfig: }
10-14 16:13:15.777  2033  8734 D CCodecConfig: no c2 equivalents for durationUs
10-14 16:13:15.777  2033  8734 D CCodecConfig: no c2 equivalents for csd-1
10-14 16:13:15.777  2033  8734 D CCodecConfig: no c2 equivalents for track-id
10-14 16:13:15.777  2033  8734 D CCodecConfig: no c2 equivalents for channel-mask
10-14 16:13:15.777  2033  8734 D CCodecConfig: c2 config diff is   c2::u32 raw.channel-count.value = 2
10-14 16:13:15.777  2033  8734 D CCodecConfig:   c2::u32 raw.sample-rate.value = 44100
10-14 16:13:15.777  2033  8734 W Codec2Client: query -- param skipped: index = 1107298332.
10-14 16:13:15.777  2033  8734 D CCodec  : setup formats input: AMessage(what = 0x00000000) = {
10-14 16:13:15.777  2033  8734 D CCodec  :   int32_t channel-count = 2
10-14 16:13:15.777  2033  8734 D CCodec  :   int32_t max-input-size = 32768
10-14 16:13:15.777  2033  8734 D CCodec  :   string mime = "audio/vorbis"
10-14 16:13:15.777  2033  8734 D CCodec  :   int32_t sample-rate = 44100
10-14 16:13:15.777  2033  8734 D CCodec  : } and output: AMessage(what = 0x00000000) = {
10-14 16:13:15.777  2033  8734 D CCodec  :   int32_t channel-count = 2
10-14 16:13:15.777  2033  8734 D CCodec  :   string mime = "audio/raw"
10-14 16:13:15.777  2033  8734 D CCodec  :   int32_t sample-rate = 44100
10-14 16:13:15.777  2033  8734 D CCodec  :   int32_t channel-mask = 3
10-14 16:13:15.777  2033  8734 D CCodec  : }
10-14 16:13:15.783  2033  8734 W Codec2Client: query -- param skipped: index = 1342179345.
10-14 16:13:15.783  2033  8734 W Codec2Client: query -- param skipped: index = 2415921170.
10-14 16:13:15.783  2033  8734 D CCodecBufferChannel: [c2.android.vorbis.decoder#471] Created input block pool with allocatorID 16 => poolID 34 - OK (0)
10-14 16:13:15.784  2033  8734 I CCodecBufferChannel: [c2.android.vorbis.decoder#471] Created output block pool with allocatorID 16 => poolID 53 - OK
10-14 16:13:15.784  2033  8734 D CCodecBufferChannel: [c2.android.vorbis.decoder#471] Configured output block pool ids 53 => OK
10-14 16:13:15.785   846  8735 D SimpleC2Component: Using output block pool with poolID 53 => got 53 - 0
10-14 16:13:15.787  1372  8219 I CompositorVR: WarpToScreen: Skipping frames for 10
10-14 16:13:15.796  3232  8703 I ipcLoader_static: RuntimeIPC: Loader: IPC Service API Loader Version: 31 Sep  5 2022 22:42:23
10-14 16:13:15.797  3232  8703 I RuntimeIPCApi: ipc_Initialize
10-14 16:13:15.797  3232  8703 I RuntimeIPCServiceClient: Init: Already initialized: com.oculus.systemux:SystemUX, 3
10-14 16:13:15.799  1372  8219 I CompositorVR: WarpToScreen: Skipping frames for 10
10-14 16:13:15.799  2443  2459 D RuntimeIPCServerMgr: RegisterClient: Client: com.oculus.systemux:com.oculus.systemux:SystemUX:3232, Server: com.oculus.presence:com.oculus.presence (PubSubServer)
10-14 16:13:15.799  2443  2459 I IPCSharedMemory: CreateSharedMemory: Allocated shared memory fd 113 (ipcStateReadWrite)
10-14 16:13:15.800  2443  2459 I IPCSharedMemory: CreateSharedMemory: Allocated shared memory fd 114 (ipcReadOnlyState)
10-14 16:13:15.800  2443  2459 I RuntimeIPCServerMgr: Event buffer size (server): 8192
10-14 16:13:15.800  2443  2459 I IPCSharedMemory: CreateSharedMemory: Allocated shared memory fd 117 (ipcEventBuffer)
10-14 16:13:15.800  2443  2459 I IPCSharedMemory: CreateSharedMemory: Allocated shared memory fd 118 (ipcEventBuffer_Private)
10-14 16:13:15.801  2443  2459 I RuntimeIPCServerMgr: HandleClientConnect SUCCESS: Client: com.oculus.systemux:com.oculus.systemux:SystemUX:3232, Server: com.oculus.presence:com.oculus.presence (PubSubServer)
10-14 16:13:15.803  2443  2459 I RuntimeIPCServerMgr: GetServerStatesConfig -> {MaxBufferSize=32768, MaxEntries=64}
10-14 16:13:15.803  3232  8703 I RuntimeIPCClient: GetServerStatesConfig returned maxEntries=64, maxBuffSize=32768
10-14 16:13:15.803  3232  8703 I RuntimeIPCClient: Event buffer size (client): 8192
10-14 16:13:15.803  3232  8703 I RuntimeIPCClient: TryToGetIPCResourcesFromServer: RPC_CONNECTOR_CONNECT_TO_SERVER SUCCESS: Client: com.oculus.systemux:com.oculus.systemux:SystemUX:3232, Server: com.oculus.presence:com.oculus.presence (PubSubServer)
10-14 16:13:15.803  3232  8703 I RuntimeIPCClient: EnsureServerConnection: SUCCESS. Client: com.oculus.systemux:com.oculus.systemux:SystemUX:3232, Server: com.oculus.presence:com.oculus.presence (PubSubServer)
10-14 16:13:15.803  3232  8703 I RuntimeIPCClientMgr: ConnectToServer: SUCCESS: Client: com.oculus.systemux:com.oculus.systemux:SystemUX:3232, Server: com.oculus.presence:com.oculus.presence (PubSubServer)
10-14 16:13:15.810  1372  8219 I CompositorVR: WarpToScreen: Skipping frames for 10
10-14 16:13:15.812   874   874 W TrackingService: attachClient: found client in attached list
10-14 16:13:15.812  7142  7225 E OsSdk   : error getting shared memory region, memory type: HeadTracker, failed with Status(-1, EX_SECURITY): 'requested shared memory region when not registered/focused'
10-14 16:13:15.821  1372  8219 I CompositorVR: WarpToScreen: Skipping frames for 10
10-14 16:13:15.832  1372  8219 I chatty  : uid=10025(com.oculus.systemdriver) OVR::TimeWarp identical 1 line
10-14 16:13:15.843  1372  8219 I CompositorVR: WarpToScreen: Skipping frames for 10
10-14 16:13:15.851   874  1035 W TrackingService: attachClient: found client in attached list
10-14 16:13:15.851  7142  7225 E OsSdk   : error getting shared memory region, memory type: HeadTracker, failed with Status(-1, EX_SECURITY): 'requested shared memory region when not registered/focused'
10-14 16:13:15.854  1372  8219 I CompositorVR: WarpToScreen: Skipping frames for 10
10-14 16:13:15.876  1372  8219 I chatty  : uid=10025(com.oculus.systemdriver) OVR::TimeWarp identical 2 lines
10-14 16:13:15.888  1372  8219 I CompositorVR: WarpToScreen: Skipping frames for 10
10-14 16:13:15.896  7142  7225 E OsSdk   : error getting shared memory region, memory type: HeadTracker, failed with Status(-1, EX_SECURITY): 'requested shared memory region when not registered/focused'
10-14 16:13:15.899  1372  8219 I CompositorVR: WarpToScreen: Skipping frames for 10
10-14 16:13:15.905  3232  8703 D HyperspaceClientJni: initHyperspacePresenceServiceClient finished
10-14 16:13:15.906  3232  8703 D HyperspaceClientJni: initInternal - finish
10-14 16:13:15.906  3232  8703 I HyperspaceClient: Service connection changed: true
10-14 16:13:15.906  3232  8703 D HyperspaceClientJni: initHyperspacePresenceServiceClientCallsInfoChangedCallback
10-14 16:13:15.906  2443  3748 I RuntimeIPCServerMgr: GetServerStatesConfig -> {MaxBufferSize=32768, MaxEntries=64}
10-14 16:13:15.906  3232  8703 I RuntimeIPCClient: GetServerStatesConfig returned maxEntries=64, maxBuffSize=32768
10-14 16:13:15.906  3232  8703 I RuntimeIPCClient: InitServerStateBuffer: SUCCESS. 2, Client: com.oculus.systemux:com.oculus.systemux:SystemUX:3232, Server: com.oculus.presence:com.oculus.presence (PubSubServer)
10-14 16:13:15.906  3232  3232 D HyperspaceClient: onCallsInfoChanged: []
10-14 16:13:15.910  1372  8219 I CompositorVR: WarpToScreen: Skipping frames for 10
10-14 16:13:15.932  1372  8219 I chatty  : uid=10025(com.oculus.systemdriver) OVR::TimeWarp identical 2 lines
10-14 16:13:15.942  1651  8737 W ContextImpl: Calling a method in the system process without a qualified user: android.app.ContextImpl.sendBroadcast:1057 android.content.ContextWrapper.sendBroadcast:448 X.nk.A00:133 X.nW.A00:17 X.nW.handleMessage:91 
10-14 16:13:15.943  1372  8219 I CompositorVR: WarpToScreen: Skipping frames for 10
10-14 16:13:15.944  7142  7225 E OsSdk   : error getting shared memory region, memory type: HeadTracker, failed with Status(-1, EX_SECURITY): 'requested shared memory region when not registered/focused'
10-14 16:13:15.945   874  1035 I chatty  : uid=1000(system) Binder:874_2 identical 3 lines
10-14 16:13:15.945  7142  7225 E OsSdk   : error getting shared memory region, memory type: AnchorTracker, failed with Status(-1, EX_SECURITY): 'requested shared memory region when not registered/focused'
10-14 16:13:15.954  1372  8219 I CompositorVR: WarpToScreen: Skipping frames for 10
10-14 16:13:15.956   874  1035 W TrackingService: attachClient: found client in attached list
10-14 16:13:15.957  7142  7225 E OsSdk   : error getting shared memory region, memory type: HeadTracker, failed with Status(-1, EX_SECURITY): 'requested shared memory region when not registered/focused'
10-14 16:13:15.966  1372  8219 I CompositorVR: WarpToScreen: Skipping frames for 10
10-14 16:13:15.977  1372  8219 I chatty  : uid=10025(com.oculus.systemdriver) OVR::TimeWarp identical 1 line
10-14 16:13:15.988  1372  8219 I CompositorVR: WarpToScreen: Skipping frames for 10
10-14 16:13:15.998   874   874 W TrackingService: attachClient: found client in attached list
10-14 16:13:15.999  7142  7225 E OsSdk   : error getting shared memory region, memory type: HeadTracker, failed with Status(-1, EX_SECURITY): 'requested shared memory region when not registered/focused'
10-14 16:13:15.999  1372  8219 I CompositorVR: WarpToScreen: Skipping frames for 10
10-14 16:13:16.010  1372  8219 I CompositorVR: WarpToScreen: Skipping frames for 10
10-14 16:13:16.011  8024  8345 I VrApi   : FPS=49/72,Prd=63ms,Tear=0,Early=13,Stale=23,VSnc=0,Lat=-1,Fov=0,CPU4/GPU=4/4,2419/525MHz,OC=FF,TA=0/0/0,SP=N/N/N,Mem=2092MHz,Free=2074MB,PLS=0,Temp=31.2C/0.0C,TW=3.42ms,App=10.51ms,GD=0.00ms,CPU&GPU=28.02ms,LCnt=4(DR0,LM0),GPU%=1.00,CPU%=0.13(W0.19),DSF=1.00,CFL=19.58/21.49
10-14 16:13:16.021  1372  8219 I CompositorVR: WarpToScreen: Skipping frames for 10
10-14 16:13:16.032  1372  8219 I CompositorVR: WarpToScreen: Skipping frames for 10
10-14 16:13:16.041   874  1035 W TrackingService: attachClient: found client in attached list
10-14 16:13:16.041  7142  7225 E OsSdk   : error getting shared memory region, memory type: HeadTracker, failed with Status(-1, EX_SECURITY): 'requested shared memory region when not registered/focused'
10-14 16:13:16.044  1372  8219 I CompositorVR: WarpToScreen: Skipping frames for 10
10-14 16:13:16.046   874  8176 I [CT]    : boltlib: DSP utilization: 7.76 % (387 / 5000 ms)
10-14 16:13:16.055  1372  8219 I CompositorVR: WarpToScreen: Skipping frames for 10
10-14 16:13:16.063   874  8233 I [CT]    : CONSTELLATION:VISION_STATUS: 729165a0fe4054d7 (R): BlobDetection:[#BlobsDetected=(22.59, 11.87)]Matching:[MatchSuccess=1.000, MatchCost=(0.00258, 0.00000), #MatchedBlobs=(12.04, 2.14), #MatchedLeds=(7.00, 0.85), RematchM=0.000, SkipRefine=0.000] MatchMethod:[Prox=1.000, ConstBrute=0.000, UnconstBrute=0.000] MatchResets[AnomBlobSize=0.000, SharedMatch=0.000, DenseReacq=0.000] | Fusion:[FusionError=0.000, ImuFromCamMs=(8.031, 0.820), RematchF=0.000] FusionUpdates:[Successful=1.000, Reliable=1.000, TightFusion=1.000, FullPose=0.000, StaticPrior=0.000, StaticForHandTrans=0.096, PoseUpdateMD=(0.0000, 0.0000)] FusionResets[6DoFReset=0.000, ResetSuccess=0.000] FusionStatus[HasPosition=1.000, HasVelocity=1.000] 
10-14 16:13:16.066  1372  8219 I CompositorVR: WarpToScreen: Skipping frames for 10
10-14 16:13:16.077  1372  8219 I CompositorVR: WarpToScreen: Skipping frames for 10
10-14 16:13:16.085   874   874 W TrackingService: attachClient: found client in attached list
10-14 16:13:16.087  7142  7225 E OsSdk   : error getting shared memory region, memory type: HeadTracker, failed with Status(-1, EX_SECURITY): 'requested shared memory region when not registered/focused'
10-14 16:13:16.088  1372  8219 I CompositorVR: WarpToScreen: Skipping frames for 10
10-14 16:13:16.099  1372  8219 I CompositorVR: WarpToScreen: Skipping frames for 10
10-14 16:13:16.102  2702  8680 I Telemetry: App memory usage: PSS=54MB DalvikPSS=1 MB PrivateDirty=35MB PrivateClean=2MB
10-14 16:13:16.105   874  8210 I [CT]    : CONSTELLATION:IMU_STATUS: 729165a0fe4054d7 (R): [FusionTracked=1.000, OutputTracked=1.000, OutputValid=1.000] [AccelSat=0.000, GyroSat=0.000] 
10-14 16:13:16.108  1651  8738 W ContextImpl: Calling a method in the system process without a qualified user: android.app.ContextImpl.sendBroadcast:1057 android.content.ContextWrapper.sendBroadcast:448 X.nk.A00:133 X.nW.A00:17 X.nW.handleMessage:91 
10-14 16:13:16.110  1372  8219 I CompositorVR: WarpToScreen: Skipping frames for 10
10-14 16:13:16.121  1372  8219 I CompositorVR: WarpToScreen: Skipping frames for 10
10-14 16:13:16.131   874   874 I chatty  : uid=1000(system) /system/bin/trackingservice identical 1 line
10-14 16:13:16.131  7142  7225 E OsSdk   : error getting shared memory region, memory type: HeadTracker, failed with Status(-1, EX_SECURITY): 'requested shared memory region when not registered/focused'
10-14 16:13:16.133  1372  8219 I CompositorVR: WarpToScreen: Skipping frames for 10
10-14 16:13:16.137  8024  8359 D UE4     : [2022.10.14-15.13.16:137][629]LogTcpMessaging: Lost node 'D3CABBB14039BEA591857B940DE3555B' on connection '127.0.0.1:51923'...
10-14 16:13:16.143   874  8210 I [CT]    : CONSTELLATION:IMU_STATUS: 86557c336c360320 (L): [FusionTracked=1.000, OutputTracked=1.000, OutputValid=1.000] [AccelSat=0.000, GyroSat=0.000] 
10-14 16:13:16.143   874  8233 I [CT]    : CONSTELLATION:VISION_STATUS: 86557c336c360320 (L): BlobDetection:[#BlobsDetected=(22.58, 11.86)]Matching:[MatchSuccess=1.000, MatchCost=(0.00228, 0.00000), #MatchedBlobs=(10.25, 7.22), #MatchedLeds=(6.74, 0.83), RematchM=0.000, SkipRefine=0.000] MatchMethod:[Prox=1.000, ConstBrute=0.000, UnconstBrute=0.000] MatchResets[AnomBlobSize=0.000, SharedMatch=0.000, DenseReacq=0.000] | Fusion:[FusionError=0.000, ImuFromCamMs=(8.328, 1.134), RematchF=0.104] FusionUpdates:[Successful=1.000, Reliable=0.976, TightFusion=0.992, FullPose=0.008, StaticPrior=0.000, StaticForHandTrans=0.140, PoseUpdateMD=(1.0894, 0.0969)] FusionResets[6DoFReset=0.000, ResetSuccess=0.000] FusionStatus[HasPosition=1.000, HasVelocity=1.000] 
10-14 16:13:16.144  1372  8219 I CompositorVR: WarpToScreen: Skipping frames for 10
10-14 16:13:16.148   874   874 W TrackingService: attachClient: found client in attached list
10-14 16:13:16.149  7142  7225 E OsSdk   : error getting shared memory region, memory type: HeadTracker, failed with Status(-1, EX_SECURITY): 'requested shared memory region when not registered/focused'
10-14 16:13:16.149   874  1202 W TrackingService: attachClient: found client in attached list
10-14 16:13:16.150  7142  7225 E OsSdk   : error getting shared memory region, memory type: AnchorTracker, failed with Status(-1, EX_SECURITY): 'requested shared memory region when not registered/focused'
10-14 16:13:16.155  1372  8219 I CompositorVR: WarpToScreen: Skipping frames for 10
10-14 16:13:16.156  2033  8672 I Telemetry: App memory usage: PSS=209MB DalvikPSS=0 MB PrivateDirty=183MB PrivateClean=16MB
10-14 16:13:16.157  2033  8672 I VrApi   : FPS=40/90,Prd=27ms,Tear=0,Early=0,Stale=3,VSnc=0,Lat=-1,Fov=0,CPU4/GPU=4/4,2419/525MHz,OC=FF,TA=0/70/0,SP=N/F/N,Mem=2092MHz,Free=1951MB,PLS=0,Temp=31.2C/0.0C,TW=1.62ms,App=2.69ms,GD=0.14ms,CPU&GPU=0.00ms,LCnt=2(DR13,LM2),GPU%=0.67,CPU%=0.25(W0.30),DSF=1.00,CFL=14.76/28.11
10-14 16:13:16.166  1372  8219 I CompositorVR: WarpToScreen: Skipping frames for 10
10-14 16:13:16.177  1372  8219 I chatty  : uid=10025(com.oculus.systemdriver) OVR::TimeWarp identical 1 line
10-14 16:13:16.188  1372  8219 I CompositorVR: WarpToScreen: Skipping frames for 10
10-14 16:13:16.191   874  1202 W TrackingService: attachClient: found client in attached list
10-14 16:13:16.192  7142  7225 E OsSdk   : error getting shared memory region, memory type: HeadTracker, failed with Status(-1, EX_SECURITY): 'requested shared memory region when not registered/focused'
10-14 16:13:16.199  1372  8219 I CompositorVR: WarpToScreen: Skipping frames for 10
10-14 16:13:16.222  1372  8219 I chatty  : uid=10025(com.oculus.systemdriver) OVR::TimeWarp identical 2 lines
10-14 16:13:16.233  1372  8219 I CompositorVR: WarpToScreen: Skipping frames for 10
10-14 16:13:16.237   874  1035 W TrackingService: attachClient: found client in attached list
10-14 16:13:16.238  7142  7225 E OsSdk   : error getting shared memory region, memory type: HeadTracker, failed with Status(-1, EX_SECURITY): 'requested shared memory region when not registered/focused'
10-14 16:13:16.244  1372  8219 I CompositorVR: WarpToScreen: Skipping frames for 10
10-14 16:13:16.253  1372  2252 E TREX    : Interface 'FaceEyeTrackingServerInterface,1' was not found.
10-14 16:13:16.255  1372  8219 I CompositorVR: WarpToScreen: Skipping frames for 10
10-14 16:13:16.256   874  8226 W [CT]    : SVEGA: getMap is not supported.
10-14 16:13:16.266  1372  8219 I CompositorVR: WarpToScreen: Skipping frames for 10
10-14 16:13:16.277  1372  8219 I CompositorVR: WarpToScreen: Skipping frames for 10
10-14 16:13:16.283  7142  7225 E OsSdk   : error getting shared memory region, memory type: HeadTracker, failed with Status(-1, EX_SECURITY): 'requested shared memory region when not registered/focused'
10-14 16:13:16.289  1372  8219 I CompositorVR: WarpToScreen: Skipping frames for 10
10-14 16:13:16.300  1372  8219 I CompositorVR: WarpToScreen: Skipping frames for 10
10-14 16:13:16.304  2890  3062 I GuardianControllerCollisionTracker: Guardian Controller Collision: Magnitude: 22.767, Duration: -1.000 sec, TimeStamp: 1662.674438 sec
10-14 16:13:16.311  1372  8219 I CompositorVR: WarpToScreen: Skipping frames for 10
10-14 16:13:16.322  1372  8219 I CompositorVR: WarpToScreen: Skipping frames for 10
10-14 16:13:16.324   874  1035 I chatty  : uid=1000(system) Binder:874_2 identical 2 lines
10-14 16:13:16.325  7142  7225 E OsSdk   : error getting shared memory region, memory type: HeadTracker, failed with Status(-1, EX_SECURITY): 'requested shared memory region when not registered/focused'
10-14 16:13:16.333  1372  8219 I CompositorVR: WarpToScreen: Skipping frames for 10
10-14 16:13:16.344  1372  8219 I chatty  : uid=10025(com.oculus.systemdriver) OVR::TimeWarp identical 1 line
10-14 16:13:16.355  1372  8219 I CompositorVR: WarpToScreen: Skipping frames for 10
10-14 16:13:16.360   874  1035 W TrackingService: attachClient: found client in attached list
10-14 16:13:16.361  7142  7225 E OsSdk   : error getting shared memory region, memory type: HeadTracker, failed with Status(-1, EX_SECURITY): 'requested shared memory region when not registered/focused'
10-14 16:13:16.366  1372  8219 I CompositorVR: WarpToScreen: Skipping frames for 10
10-14 16:13:16.389  1372  8219 I chatty  : uid=10025(com.oculus.systemdriver) OVR::TimeWarp identical 2 lines
10-14 16:13:16.400  1372  8219 I CompositorVR: WarpToScreen: Skipping frames for 10
10-14 16:13:16.406   874  1202 W TrackingService: attachClient: found client in attached list
10-14 16:13:16.407  7142  7225 E OsSdk   : error getting shared memory region, memory type: HeadTracker, failed with Status(-1, EX_SECURITY): 'requested shared memory region when not registered/focused'
10-14 16:13:16.407   874  1035 W TrackingService: attachClient: found client in attached list
10-14 16:13:16.407  7142  7225 E OsSdk   : error getting shared memory region, memory type: AnchorTracker, failed with Status(-1, EX_SECURITY): 'requested shared memory region when not registered/focused'
10-14 16:13:16.411  1372  8219 I CompositorVR: WarpToScreen: Skipping frames for 10
10-14 16:13:16.444  1372  8219 I chatty  : uid=10025(com.oculus.systemdriver) OVR::TimeWarp identical 3 lines
10-14 16:13:16.456  1372  8219 I CompositorVR: WarpToScreen: Skipping frames for 10
10-14 16:13:16.456  7142  7225 E OsSdk   : error getting shared memory region, memory type: HeadTracker, failed with Status(-1, EX_SECURITY): 'requested shared memory region when not registered/focused'
10-14 16:13:16.467  1372  8219 I CompositorVR: WarpToScreen: Skipping frames for 10
10-14 16:13:16.489  1372  8219 I chatty  : uid=10025(com.oculus.systemdriver) OVR::TimeWarp identical 2 lines
10-14 16:13:16.500  1372  8219 I CompositorVR: WarpToScreen: Skipping frames for 10
10-14 16:13:16.501   874  1035 I chatty  : uid=1000(system) Binder:874_2 identical 2 lines
10-14 16:13:16.502  7142  7225 E OsSdk   : error getting shared memory region, memory type: HeadTracker, failed with Status(-1, EX_SECURITY): 'requested shared memory region when not registered/focused'
10-14 16:13:16.511  1372  8219 I CompositorVR: WarpToScreen: Skipping frames for 10
10-14 16:13:16.517  2890  3062 I GuardianControllerCollisionTracker: Guardian Controller Collision: Magnitude: 9.069, Duration: -1.000 sec, TimeStamp: 1662.887329 sec
10-14 16:13:16.522  1372  8219 I CompositorVR: WarpToScreen: Skipping frames for 10
10-14 16:13:16.528  2890  3062 I GuardianControllerCollisionTracker: Guardian Controller Collision: Magnitude: 55.840, Duration: 0.002 sec, TimeStamp: 1662.916992 sec
10-14 16:13:16.534  1372  8219 I CompositorVR: WarpToScreen: Skipping frames for 10
10-14 16:13:16.541   874  1035 W TrackingService: attachClient: found client in attached list
10-14 16:13:16.544  7142  7225 E OsSdk   : error getting shared memory region, memory type: HeadTracker, failed with Status(-1, EX_SECURITY): 'requested shared memory region when not registered/focused'
10-14 16:13:16.545  1372  8219 I CompositorVR: WarpToScreen: Skipping frames for 10
10-14 16:13:16.550  2890  3062 I GuardianControllerCollisionTracker: Guardian Controller Collision: Magnitude: 20.156, Duration: -1.000 sec, TimeStamp: 1662.917725 sec
10-14 16:13:16.556  1372  8219 I CompositorVR: WarpToScreen: Skipping frames for 10
10-14 16:13:16.567  1372  8219 I chatty  : uid=10025(com.oculus.systemdriver) OVR::TimeWarp identical 1 line
10-14 16:13:16.578  1372  8219 I CompositorVR: WarpToScreen: Skipping frames for 10
10-14 16:13:16.585   874  1202 W TrackingService: attachClient: found client in attached list
10-14 16:13:16.585  7142  7225 E OsSdk   : error getting shared memory region, memory type: HeadTracker, failed with Status(-1, EX_SECURITY): 'requested shared memory region when not registered/focused'
10-14 16:13:16.589  1372  8219 I CompositorVR: WarpToScreen: Skipping frames for 10
10-14 16:13:16.612  1372  8219 I chatty  : uid=10025(com.oculus.systemdriver) OVR::TimeWarp identical 2 lines
10-14 16:13:16.623  1372  8219 I CompositorVR: WarpToScreen: Skipping frames for 10
10-14 16:13:16.630   874  1202 W TrackingService: attachClient: found client in attached list
10-14 16:13:16.630  7142  7225 E OsSdk   : error getting shared memory region, memory type: HeadTracker, failed with Status(-1, EX_SECURITY): 'requested shared memory region when not registered/focused'
10-14 16:13:16.634  1372  8219 I CompositorVR: WarpToScreen: Skipping frames for 10
10-14 16:13:16.656  1372  8219 I chatty  : uid=10025(com.oculus.systemdriver) OVR::TimeWarp identical 2 lines
10-14 16:13:16.667  1372  8219 I CompositorVR: WarpToScreen: Skipping frames for 10
10-14 16:13:16.674   874  1035 W TrackingService: attachClient: found client in attached list
10-14 16:13:16.675  7142  7225 E OsSdk   : error getting shared memory region, memory type: HeadTracker, failed with Status(-1, EX_SECURITY): 'requested shared memory region when not registered/focused'
10-14 16:13:16.675   874  1202 W TrackingService: attachClient: found client in attached list
10-14 16:13:16.676  7142  7225 E OsSdk   : error getting shared memory region, memory type: AnchorTracker, failed with Status(-1, EX_SECURITY): 'requested shared memory region when not registered/focused'
10-14 16:13:16.678  1372  8219 I CompositorVR: WarpToScreen: Skipping frames for 10
10-14 16:13:16.701  1372  8219 I chatty  : uid=10025(com.oculus.systemdriver) OVR::TimeWarp identical 2 lines
10-14 16:13:16.712  1372  8219 I CompositorVR: WarpToScreen: Skipping frames for 10
10-14 16:13:16.719   874  1202 W TrackingService: attachClient: found client in attached list
10-14 16:13:16.720  7142  7225 E OsSdk   : error getting shared memory region, memory type: HeadTracker, failed with Status(-1, EX_SECURITY): 'requested shared memory region when not registered/focused'
10-14 16:13:16.723  1372  8219 I CompositorVR: WarpToScreen: Skipping frames for 10
10-14 16:13:16.734  1372  8219 I chatty  : uid=10025(com.oculus.systemdriver) OVR::TimeWarp identical 1 line
10-14 16:13:16.745  1372  8219 I CompositorVR: WarpToScreen: Skipping frames for 10
10-14 16:13:16.754  1372  2252 I PerformanceManager_V0: SetClockLevels: Apply pending clock request change: 4,4 -> 3,4
10-14 16:13:16.754  1372  2248 I Clocks  : ReleaseClocks - start
10-14 16:13:16.755  1372  2248 I Clocks  : ReleaseClocks - end (0.4 ms)
10-14 16:13:16.755  1372  2248 I Clocks  : LockClocks( cpu=3, gpu=4 ) - start
10-14 16:13:16.755  1372  2248 I Clocks  : CPU levels [0, 4]
10-14 16:13:16.755  1372  2248 I Clocks  : GPU levels [0, 5]
10-14 16:13:16.755  1372  2248 I Clocks  : LockClocks( cpu=3, gpu=4 ) - end (0.6 ms)
10-14 16:13:16.756  1372  8219 I CompositorVR: WarpToScreen: Skipping frames for 10
10-14 16:13:16.765   874  1035 W TrackingService: attachClient: found client in attached list
10-14 16:13:16.765  7142  7225 E OsSdk   : error getting shared memory region, memory type: HeadTracker, failed with Status(-1, EX_SECURITY): 'requested shared memory region when not registered/focused'
10-14 16:13:16.767  1372  8219 I CompositorVR: WarpToScreen: Skipping frames for 10
10-14 16:13:16.790  1372  8219 I chatty  : uid=10025(com.oculus.systemdriver) OVR::TimeWarp identical 2 lines
10-14 16:13:16.801  1372  8219 I CompositorVR: WarpToScreen: Skipping frames for 10
10-14 16:13:16.809   874  1035 W TrackingService: attachClient: found client in attached list
10-14 16:13:16.809  7142  7225 E OsSdk   : error getting shared memory region, memory type: HeadTracker, failed with Status(-1, EX_SECURITY): 'requested shared memory region when not registered/focused'
10-14 16:13:16.812  1372  8219 I CompositorVR: WarpToScreen: Skipping frames for 10
10-14 16:13:16.834  1372  8219 I chatty  : uid=10025(com.oculus.systemdriver) OVR::TimeWarp identical 2 lines
10-14 16:13:16.846  1372  8219 I CompositorVR: WarpToScreen: Skipping frames for 10
10-14 16:13:16.852   874  1202 W TrackingService: attachClient: found client in attached list
10-14 16:13:16.853  7142  7225 E OsSdk   : error getting shared memory region, memory type: HeadTracker, failed with Status(-1, EX_SECURITY): 'requested shared memory region when not registered/focused'
10-14 16:13:16.857  1372  8219 I CompositorVR: WarpToScreen: Skipping frames for 10
10-14 16:13:16.862  2890  3062 I GuardianControllerCollisionTracker: Guardian Controller Collision: Magnitude: 32.573, Duration: -1.000 sec, TimeStamp: 1663.236816 sec
10-14 16:13:16.868  1372  8219 I CompositorVR: WarpToScreen: Skipping frames for 10
10-14 16:13:16.879  1372  8219 I chatty  : uid=10025(com.oculus.systemdriver) OVR::TimeWarp identical 1 line
10-14 16:13:16.890  1372  8219 I CompositorVR: WarpToScreen: Skipping frames for 10
10-14 16:13:16.891  8024  8360 D UE4     : [2022.10.14-15.13.16:891][629]LogTcpMessaging: Lost node '96A5E515401C06DCB13914A941D69C38' on connection '127.0.0.1:53301'...
10-14 16:13:16.892   874  1202 I chatty  : uid=1000(system) Binder:874_3 identical 1 line
10-14 16:13:16.892  7142  7225 E OsSdk   : error getting shared memory region, memory type: HeadTracker, failed with Status(-1, EX_SECURITY): 'requested shared memory region when not registered/focused'
10-14 16:13:16.901  1372  8219 I CompositorVR: WarpToScreen: Skipping frames for 10
10-14 16:13:16.923  1372  8219 I chatty  : uid=10025(com.oculus.systemdriver) OVR::TimeWarp identical 2 lines
10-14 16:13:16.935  1372  8219 I CompositorVR: WarpToScreen: Skipping frames for 10
10-14 16:13:16.936   874  1202 W TrackingService: attachClient: found client in attached list
10-14 16:13:16.937  7142  7225 E OsSdk   : error getting shared memory region, memory type: HeadTracker, failed with Status(-1, EX_SECURITY): 'requested shared memory region when not registered/focused'
10-14 16:13:16.937   874  1035 W TrackingService: attachClient: found client in attached list
10-14 16:13:16.938  7142  7225 E OsSdk   : error getting shared memory region, memory type: AnchorTracker, failed with Status(-1, EX_SECURITY): 'requested shared memory region when not registered/focused'
10-14 16:13:16.946  1372  8219 I CompositorVR: WarpToScreen: Skipping frames for 10
10-14 16:13:16.951  2890  3062 I GuardianControllerCollisionTracker: Guardian Controller Collision: Magnitude: 7.457, Duration: -1.000 sec, TimeStamp: 1663.327148 sec
10-14 16:13:16.957  1372  8219 I CompositorVR: WarpToScreen: Skipping frames for 10
10-14 16:13:16.962  2890  3062 I StateMachine: StateMachine::Update ForceShow: stopForceShow -> ForceShowOff
10-14 16:13:16.963  1372  3061 I VrRuntimeService: RuntimeServiceSDKServer::SetGuardianSystemState: 3012784263
10-14 16:13:16.963  2890  3062 I GuardianSystem: UpdateGuardianSystemState: Flags changed: 532480, 524288, SYSTEM_GUARDIAN_VISIBLE,SYSTEM_GUARDIAN_VALID to SYSTEM_GUARDIAN_VALID
10-14 16:13:16.968  1372  8219 I CompositorVR: WarpToScreen: Skipping frames for 10
10-14 16:13:16.979  1372  8219 I CompositorVR: WarpToScreen: Skipping frames for 10
10-14 16:13:16.983  7142  7225 E OsSdk   : error getting shared memory region, memory type: HeadTracker, failed with Status(-1, EX_SECURITY): 'requested shared memory region when not registered/focused'
10-14 16:13:16.990  1372  8219 I CompositorVR: WarpToScreen: Skipping frames for 10
10-14 16:13:17.001  1372  8219 I CompositorVR: WarpToScreen: Skipping frames for 10
10-14 16:13:17.001  2033  8672 I VrApi   : FPS=84/90,Prd=19ms,Tear=0,Early=26,Stale=7,VSnc=0,Lat=-1,Fov=0,CPU4/GPU=4/4,2419/525MHz,OC=FF,TA=0/70/0,SP=N/F/N,Mem=2092MHz,Free=1951MB,PLS=0,Temp=31.2C/0.0C,TW=1.71ms,App=5.01ms,GD=0.12ms,CPU&GPU=8.22ms,LCnt=3(DR15,LM2),GPU%=0.64,CPU%=0.11(W0.14),DSF=1.00,CFL=14.62/19.98
10-14 16:13:17.012  1372  8219 I CompositorVR: WarpToScreen: Skipping frames for 10
10-14 16:13:17.024  1372  8219 I CompositorVR: WarpToScreen: Skipping frames for 10
10-14 16:13:17.027  7142  7225 E OsSdk   : error getting shared memory region, memory type: HeadTracker, failed with Status(-1, EX_SECURITY): 'requested shared memory region when not registered/focused'
10-14 16:13:17.031  8024  8062 D UE4     : [2022.10.14-15.13.17:031][629]LogCore: Display: AppLifetime: Application will deactivate
10-14 16:13:17.032  8024  8062 D UE4     : [GameActivity] Unregistering volume receiver
10-14 16:13:17.033  8024  8062 D UE4     : [GameActivity] Unregistering battery receiver
10-14 16:13:17.033  8024  8062 D UE4     : [GameActivity] Unregistering headset receiver
10-14 16:13:17.034  8024  8062 D UE4     : [2022.10.14-15.13.17:034][629]LogCore: Display: AppLifetime: Application will enter background
10-14 16:13:17.034  8024  8062 D UE4     : [2022.10.14-15.13.17:034][629]LogTemp: Android pause audio
10-14 16:13:17.034  8024  8062 D UE4     : [2022.10.14-15.13.17:034][629]LogAudioMixerAndroid: Display: Suspending android audio renderer
10-14 16:13:17.034  8024  8062 D         : PlayerBase::pause() from IPlayer
10-14 16:13:17.034  8024  8063 D UE4     : [2022.10.14-15.13.17:034][629]LogAndroid: Blocking renderer on invalid window.
10-14 16:13:17.035  8024  8063 D UE4     : [2022.10.14-15.13.17:034][629]LogAndroid: Waiting for renderer to encounter blocking command.
10-14 16:13:17.035  1372  8219 I CompositorVR: WarpToScreen: Skipping frames for 10
10-14 16:13:17.035  8024  8163 D UE4     : [2022.10.14-15.13.17:035][629]LogAndroid: Blocking renderer
10-14 16:13:17.035  8024  8163 D UE4     : [2022.10.14-15.13.17:035][629]LogAndroid: RendererBlock release window callback
