10-10 19:14:53.562  3282  5094 I CppPanelService: verifyVrShellUID(Debug Signatures=false, uid=10020) => apkSignatureResult=SigCertInfo(isTrusted=true, packageNames=[com.oculus.vrshell], fingerprint sha1=331660b6dd3bd582f3dfd3cbae4546724668a021, fingerprint sha256=dc2f834e3c1942378b14f076c82cd1ab59ea6566bff4730b2047e98efc9f9daf, signature=3082038d30820275a00302010202041303858a300d06092a864886f70d01010b05003077310b3009060355040613025553310b3009060355040813024341311330110603550407130a4d656e6c6f205061726b31173015060355040a130e4f63756c75732056522c204c4c4331173015060355040b130e4f63756c75732056522c204c4c43311430120603550403130b4f63756c75732041707073301e170d3134313033303231343032315a170d3432303331373231343032315a3077310b3009060355040613025553310b3009060355040813024341311330110603550407130a4d656e6c6f205061726b31173015060355040a130e4f63756c75732056522c204c4c4331173015060355040b130e4f63756c75732056522c204c4c43311430120603550403130b4f63756c7573204170707330820122300d06092a864886f70d01010105000382010f003082010a0282010100a34c7fbd96dea95d811f21a0d760cabca85f2df5dbe19b62aca7a3e3e0b6e48f7e173345f2753c458d639cc2e222eeee4cfb5e89ac1c5060044414056709a43a7f1a6f1e4f2c3d708c48912634be08ad6da1fff92d9c0d4b85e4bc8a8b1c27de84c04eb1e6577c10693500af46beaf7bd2ce72a06a46f4e565859f242cecbef1a431ae8096db712cebe73840bacc64de6b99077ba1ca8c20e5d0b4870bd161f087abbf568dfef58e604068ca6f7cdea183c8681c306bc30cb223e7c5ce3a2fcf00d13e158475b3700ef62dcca46c57baecca4d91052e20b861a1a085d5fc8e99aed8c4a9cfd550d01e54ef5062133befcf7f9ea6a5a1d1575a72cd82279f34030203010001a321301f301d0603551d0e04160414ec7ccdaf8ccdc6dd1b87d4b561582ad8ec397b80300d06092a864886f70d01010b0500038201010014c557ecddc17ba8b979618036e7093b8e7307f624644532c31239f4dc83fd9424267ca7670fa9f78689cbc5bfd8a6312fdc214bd159d614a8753ceec0f2b2d9166217895b13c992e1d10ca625a3153dacfa51dbdb7fde139bd59510f5add29f88be3826b445ce7386dcf06577be72fbdf118fa81179091fad275981409e02d40422d8e86df5827a2c496a4b905b4825c3f1ba0af4cf509bf9b0d4d608cf0b4320ac60d1a8cbcc384de24f11a4c93c0fc5b887cbd6855871af1b1ef729c51a8a123efc6a627b6494e81a264587443b9156ad17772863c2f9685fae9c72a552b333f8ef2822bce5d4d178e45b3a8dd4e321924f6a5ba43f732971a9e74cbf0433), time=3 ms
10-10 19:14:53.562  3282  3282 D CppPanelService: BEGIN: Initializing panel application via MSG_CREATE_PANEL_APP.
10-10 19:14:53.562  3282  3282 I AndroidPanelApp: Created
10-10 19:14:53.563  1343 17308 I CompositorVR: WarpToScreen: Skipping frames for 18
10-10 19:14:53.563  3282  3282 V LifecycleAwareViewModelStore: LifecycleAwareViewModelStore created
10-10 19:14:53.563  3282  3282 V LifecycleAwarePanelApp: PanelApp initial lifecycle started and moved from state INITIALIZED to state RESUMED
10-10 19:14:53.565  3282  3282 I [SUI] ConsumerConfiguration: Setting SystemUX Configuration and Policy Settings.
10-10 19:14:53.567  3282  3282 D [SUI] AnytimeUIBroadcastReceiver: requestCaptureState being sent
10-10 19:14:53.567  3282 18838 D QuickPromotionController: Initialized and enabled.
10-10 19:14:53.567  3282 18838 D QuickPromotionController: Fetching Quick Promotions for all surfaces.
10-10 19:14:53.567  3282 18838 D QuickPromotionController: Initialized and enabled.
10-10 19:14:53.567  3282 18838 D QuickPromotionController: Set access token.
10-10 19:14:53.568  3282 18838 D QuickPromotionController: Fetched Quick Promotions for all surfaces.
10-10 19:14:53.571  3282  3282 D [SUI] StatusViewModel: Constructing ViewModel
10-10 19:14:53.574  1343 17308 I CompositorVR: WarpToScreen: Skipping frames for 18
10-10 19:14:53.575  3282  3282 I android_os_HwBinder: HwBinder: Starting thread pool for getting: vendor.oculus.hardware.battery@1.0::IBattery/default
10-10 19:14:53.578  3282  3282 D [SUI] StatusViewModel: Initializing wifi status BroadcastReceiver
10-10 19:14:53.579  2022  2022 I OVRMediaService: onStartCommand Received message type: com.oculus.horizon.GET_CAPTURE_STATE_ACTION, caller package: no_app_identity, app identify: null
10-10 19:14:53.583  1343  2771 I PerformanceManager_V0: SetClockLevels: Apply pending clock request change: 4,4 -> 4,3
10-10 19:14:53.583  1343  2761 I Clocks  : ReleaseClocks - start
10-10 19:14:53.583  3282  3282 D [SUI] StatusViewModel: Initialized wifi status BroadcastReceiver
10-10 19:14:53.585  1343  2761 I Clocks  : ReleaseClocks - end (1.2 ms)
10-10 19:14:53.585  1343  2761 I Clocks  : LockClocks( cpu=4, gpu=3 ) - start
10-10 19:14:53.585  1343 17308 I CompositorVR: WarpToScreen: Skipping frames for 18
10-10 19:14:53.586  2022  2444 W DeviceConfigUtil: Try to get config param "oculus_shared_social:oculus_messenger_reauth_removal" before Device Config has subscribed to the service.
10-10 19:14:53.586  1343  2761 I Clocks  : CPU levels [0, 4]
10-10 19:14:53.586  1343  2761 I Clocks  : GPU levels [0, 5]
10-10 19:14:53.586  1343  2761 I Clocks  : LockClocks( cpu=4, gpu=3 ) - end (1.8 ms)
10-10 19:14:53.587  3282  3282 D [SUI] AnytimeUIPanelAppBase: Acquiring viewModel StatusViewModel refCount: 1
10-10 19:14:53.587  3282  3282 D [SUI] AirlinkUtils: Initializing AirlinkUtils...
10-10 19:14:53.587  3282  3282 D [SUI] AirlinkUtils: Initializing wifi status BroadcastReceiver
10-10 19:14:53.588  1343  3052 I VrRuntimeService: RuntimeServiceSDKServer::SetGuardianSystemState: 593440871
10-10 19:14:53.589  2962  3053 I GuardianSystem: UpdateGuardianSystemState: Flags changed: 524288, 532480, SYSTEM_GUARDIAN_VALID to SYSTEM_GUARDIAN_VISIBLE,SYSTEM_GUARDIAN_VALID
10-10 19:14:53.592  3282  3282 D OsSdk   : XrspBroker: setALEnabled 0
10-10 19:14:53.592  3282  3282 I [SUI] XrspBrokerHelper: Set AirLink Enabled Secured: 0
10-10 19:14:53.592   909  4709 D xrspd   : setALEnabled 0
10-10 19:14:53.592   909  4709 D xrspd   : setAlinkEnabledCallback disabled, already using usb, ignoring
10-10 19:14:53.592  3282  3282 I [SUI] AnytimeUIAndroidPanelApp: Creating AUI PanelApp, isInOverlay: false, instanceCount: 1
10-10 19:14:53.594  2022  2022 I FileCapture: broadcast capture state to AUI running = false, with mode -1
10-10 19:14:53.595  3631  3631 D [SEO] ShellControlBroadcastReceiver: onReceive with MainActivity native pointer 3632381840, action com.oculus.systemactivities.CAPTURE_STATE_UPDATE
10-10 19:14:53.595  3631  3631 D [SEO] ShellApplication: isTrustedAppLaunch early exit. Not a trusted action.com.oculus.systemactivities.CAPTURE_STATE_UPDATE
10-10 19:14:53.595  3631  3631 D [SEO] ShellControlBroadcastReceiver: isLaunchAction = false, isTrustedAppLaunch = false
10-10 19:14:53.595  3631  3631 D [SEO] ShellControlBroadcastReceiver: IsCaptureStateUpdateAction
10-10 19:14:53.596  1343 17308 I CompositorVR: WarpToScreen: Skipping frames for 18
10-10 19:14:53.597  3282  3282 D [SUI] ActivityManagerUtilsHelper: Enabling the activity listener capability with initial foreground package com.oculus.shellenv
10-10 19:14:53.598  2962  3053 W GuardianOpenXrMgr: @@@ wait frame retry=10 dtWait=0.000001 dtFrame=0.269730 submittedFrameIndex=87999
10-10 19:14:53.604  3282  3282 D [SUI] AnytimeUIBroadcastReceiver: requestCaptureState being sent
10-10 19:14:53.607  1343 17308 I CompositorVR: WarpToScreen: Skipping frames for 18
10-10 19:14:53.608  2171  2171 D DeviceHelper: isScreenOn = true
10-10 19:14:53.608  3282  3282 D [SUI] SocialViewModel: Constructing ViewModel
10-10 19:14:53.609  2171  2171 D [OAO] ShellOverlayBroadcastReceiver: onReceive with ShellOverlayService native pointer 3823295872, action com.oculus.systemactivities.CAPTURE_STATE_UPDATE
10-10 19:14:53.612  1343 17308 I CompositorVR: SetSchedFifo( tid=3053, pol=5, pri=1 ) succeeded
10-10 19:14:53.612  1343 17308 I CompositorVR: SetSchedFifo( tid=3791, pol=5, pri=1 ) succeeded
10-10 19:14:53.612  1343 17308 I CompositorVR: SetSchedFifo( tid=3814, pol=5, pri=1 ) succeeded
10-10 19:14:53.618  2171 18645 I [OAO] AudioMixer: Notifying VrThread to shutdown.
10-10 19:14:53.618  1343 17308 I CompositorVR: WarpToScreen: Skipping frames for 18
10-10 19:14:53.619  2171  2948 I [OAO] AudioMixer: Successful shutdown.
10-10 19:14:53.619  2171  2948 I [OAO] AudioEngine: virtual void AudioLibrary::AudioEngine::DisablePlayer()
10-10 19:14:53.619  2171  2948 I [OAO] AudioEngine: Setting ShuttingDown.
10-10 19:14:53.623  3282  3282 D [SUI] AnytimeUIPanelAppBase: Acquiring viewModel SocialViewModel refCount: 1
10-10 19:14:53.623  3282  3282 D [SUI] DynamicAppsViewModel: Initializing pinned apps
10-10 19:14:53.623  3282  3282 D [SUI] AnytimeUIPanelAppBase: Acquiring viewModel DynamicAppsViewModel refCount: 1
10-10 19:14:53.623  3282  3282 D [SUI] SharingViewModel: Constructing ViewModel
10-10 19:14:53.627  2022  2022 I OVRMediaServiceManager: Metacam is not enabled.
10-10 19:14:53.628  3282  3282 D [SUI] SharingViewModel: clearAbuseReportRecordingTimer
10-10 19:14:53.628  3282  3282 D [SUI] AnytimeUIPanelAppBase: Acquiring viewModel SharingViewModel refCount: 1
10-10 19:14:53.628  3282  3282 I AndroidPanelApp: HideLayer(#main, shape: 1, shouldMinimizeLayer: false)
10-10 19:14:53.629  2022  2022 I OVRMediaService: onStartCommand Received message type: com.oculus.horizon.GET_CAPTURE_STATE_ACTION, caller package: no_app_identity, app identify: null
10-10 19:14:53.629  1343 17308 I CompositorVR: WarpToScreen: Skipping frames for 18
10-10 19:14:53.631  1048 10396 I DisplayManagerService: Display device added: DisplayDeviceInfo{"com.oculus.android_panel_app.AndroidPanelLayer-#main": uniqueId="virtual:com.oculus.systemux,10026,com.oculus.android_panel_app.AndroidPanelLayer-#main,0", 800 x 1250, modeId 262, defaultModeId 262, supportedModes [{id=262, width=800, height=1250, fps=60.0}], colorMode 0, supportedColorModes [0], HdrCapabilities null, density 200, 200.0 x 200.0 dpi, appVsyncOff 0, presDeadline 16666666, touch NONE, rotation 0, type VIRTUAL, state OFF, owner com.oculus.systemux (uid 10026), FLAG_PRIVATE, FLAG_NEVER_BLANK, FLAG_OWN_CONTENT_ONLY}
10-10 19:14:53.638  2171 18645 I [OAO] AudioMixer: Notifying VrThread to shutdown.
10-10 19:14:53.638  2171 18645 I [OAO] AudioEngine: Fading final buffer
10-10 19:14:53.640  1581 18834 W ContextImpl: Calling a method in the system process without a qualified user: android.app.ContextImpl.sendBroadcast:1057 android.content.ContextWrapper.sendBroadcast:448 X.nk.A00:133 X.nW.A00:17 X.nW.handleMessage:91 
10-10 19:14:53.641  1343 17308 I CompositorVR: WarpToScreen: Skipping frames for 18
10-10 19:14:53.652  1343 17308 I CompositorVR: WarpToScreen: Skipping frames for 18
10-10 19:14:53.655  3282  3282 D [SUI] BarViewModel: Constructing BarViewModel
10-10 19:14:53.655  3282  3282 D [SUI] AnytimeUIPanelAppBase: Acquiring viewModel BarViewModel refCount: 1
10-10 19:14:53.655  3282  3282 D [SUI] SettingsViewModel: Constructing ViewModel
10-10 19:14:53.658  2171 18645 I [OAO] AudioEngine: Notifying VrThread to shutdown.
10-10 19:14:53.658  2171 18645 D         : PlayerBase::stop() from IPlayer
10-10 19:14:53.658  2171 18645 D AudioTrack: stop(109): called with 768960 frames delivered
10-10 19:14:53.658  2171  2948 I [OAO] AudioEngine: Stopping player
10-10 19:14:53.660  3282  3282 D [SUI] AnytimeUIPanelAppBase: Acquiring viewModel StatusViewModel refCount: 2
10-10 19:14:53.661  2171  2948 D         : PlayerBase::stop() from IPlayer
10-10 19:14:53.662  1410  1410 V AvrcpMediaPlayerList: onPlaybackConfigChanged(): Configs list size=9
10-10 19:14:53.663  1343 17308 I CompositorVR: WarpToScreen: Skipping frames for 18
10-10 19:14:53.664  2171  2948 D [OAO] ShellApplication: setOverlayInputFocus: inputFocus=false shouldSupportIME=false
10-10 19:14:53.664  2171  2948 D [OAO] BaseOverlayService: setOverlayInputFocus : entrypoint - inputFocus=false shouldSupportIME=false
10-10 19:14:53.664  2171  2948 I [OAO] SystemAssistant: OnModeChanged from FullShell to ImmersiveAppFocused
10-10 19:14:53.664  2171  2171 D [OAO] BaseOverlayService: detachServiceWindowView
10-10 19:14:53.664  2171  2171 D [OAO] BaseOverlayService: setOverlayInputFocus : completed - inputFocus=false shouldSupportIME=false actionTaken:false
10-10 19:14:53.664  3282  3282 D [SUI] AnytimeUIPanelAppBase: Acquiring viewModel SettingsViewModel refCount: 1
10-10 19:14:53.664  3282  3282 D [SUI] AnytimeUIPanelAppBase: Acquiring viewModel StatusViewModel refCount: 3
10-10 19:14:53.664  3282  3282 D [SUI] ActiveCallBarViewModel: Constructing ActiveCallBarViewModel
10-10 19:14:53.664  2171  2948 I [OAO] ShellOverlayApp: Start sleep timeout. Now:14741.487061, Timeout:14743.487061
10-10 19:14:53.664  3282  3282 I [SUI] PartiesCallBarViewModel: new ServicePresenceClient
10-10 19:14:53.666  1410  1410 V AvrcpMediaPlayerList: onPlaybackConfigChanged(): Configs list size=8
10-10 19:14:53.667  3282  3282 I PresenceAPK(ServiceApiManager): Trying to bind to presence service API.
10-10 19:14:53.671  1048  1067 W InputReader: Device has associated, but no associated display id.
10-10 19:14:53.674  1343 17308 I CompositorVR: WarpToScreen: Skipping frames for 18
10-10 19:14:53.674  3322  3357 I Clay    : EnvironmentSystem::update: setting scene background audio for scene zip 'apk://com.environment.matrixloadingvoid/assets/scene.zip'
10-10 19:14:53.674  3322  3357 I Clay    : EnvironmentAudioSystem::setSceneBackgroundLoop: set scene audio: apk://com.environment.matrixloadingvoid/assets/scene.zip
10-10 19:14:53.675  3322  3357 I Clay    : EnvironmentSystem: Scene loaded
10-10 19:14:53.675  3322  3357 I Clay    : SharedHomeSystem::_onEnvironmentActivated
10-10 19:14:53.685  1343 17308 I CompositorVR: WarpToScreen: Skipping frames for 18
10-10 19:14:53.685  1048  1069 W InputReader: Device has associated, but no associated display id.
10-10 19:14:53.685  1048  1069 I ActivityTaskManager: Override config changes=20005df8 {0.0 ?mcc?mnc ?localeList ?layoutDir sw640dp w640dp h1000dp 200dpi lrg port ?uimode ?night -touch qwerty/v/v -nav/h winConfig={ mBounds=Rect(0, 0 - 800, 1250) mAppBounds=Rect(0, 0 - 800, 1250) mWindowingMode=fullscreen mDisplayWindowingMode=fullscreen mActivityType=undefined mAlwaysOnTop=undefined mRotation=ROTATION_0}} for displayId=201
10-10 19:14:53.688  3631  3692 I [SEO] ShellEnvHomeController: copresence: received setCollisionShapes
10-10 19:14:53.690  3282  3282 D PresenceAPK(PresenceClient): setEventListener id=SystemCallGroup
10-10 19:14:53.690  3282  3282 I PresenceAPK(GroupManager): addListener for id SystemCallGroup
10-10 19:14:53.690  3282  3282 D [SUI] MessengerCallBarViewModel: constructing MessengerCallBarViewModel
10-10 19:14:53.690  3282  3282 D [SUI] MessengerCallViewModel: constructing MessengerCallViewModel, instance count:25
10-10 19:14:53.693  3282  3282 D HyperspaceClient: acquire instance, refcount: 1
10-10 19:14:53.693  3282  3282 D [SUI] MessengerCallViewModel: hyperspace client created
10-10 19:14:53.693  3282  3282 D [SUI] AnytimeUIPanelAppBase: Acquiring viewModel MessengerCallViewModel refCount: 1
10-10 19:14:53.693  3282  3282 D [SUI] MessengerCallViewModel: registerObserver
10-10 19:14:53.693  3282 18847 D HyperspaceClientJni: initInternal - start
10-10 19:14:53.693  3282 18847 D HyperspaceClientJni: startHyperspacePresenceServiceClient
10-10 19:14:53.693  3282 18847 D HyperspaceClientJni: initHyperspacePresenceServiceClient begin
10-10 19:14:53.693  3282 18847 I ipcLoader_static: RuntimeIPC: Loader: IPC Service API Loader Version: 31 Sep  5 2022 22:42:23
10-10 19:14:53.693  3282 18847 I RuntimeIPCApi: ipc_Initialize
10-10 19:14:53.693  3282 18847 I RuntimeIPCServiceClient: Init: Already initialized: com.oculus.systemux:SystemUX, 2
10-10 19:14:53.693  3282  3282 D [SUI] AnytimeUIPanelAppBase: Acquiring viewModel ActiveCallBarViewModel refCount: 1
10-10 19:14:53.695  3631  3692 I [SEO] ShellEnvHomeController: copresence: processing currentCollisionShapes
10-10 19:14:53.695  3631  3692 I [SEO] ShellEnvHomeController: Theaterscreen transform node set for the env size x: 4.660000, y: 2.621250
10-10 19:14:53.695  3282  3282 D [SUI] OnboardingTutorial: Initialize Onboarding Tutorial
10-10 19:14:53.696  1343 17308 I CompositorVR: WarpToScreen: Skipping frames for 18
10-10 19:14:53.696  3282  3282 D [SUI] OnboardingTutorial: Step is: NOT_BRAND_NEW_USER
10-10 19:14:53.696  3282  3282 D [SUI] OnboardingTutorial: Not a first time user; skipping the tutorial
10-10 19:14:53.696  3282  3282 D [SUI] SystemStatusView: Initializing System Status
10-10 19:14:53.696  3282  3282 D [SUI] AnytimeUIPanelAppBase: Acquiring viewModel SocialViewModel refCount: 2
10-10 19:14:53.696  3282  3282 D [SUI] StatusViewModel: Constructing ViewModel
10-10 19:14:53.700  2355  2395 D RuntimeIPCServerMgr: RegisterClient: Client: com.oculus.systemux:com.oculus.systemux:SystemUX:3282, Server: com.oculus.presence:com.oculus.presence (PresenceServer)
10-10 19:14:53.701  2355  2395 I IPCSharedMemory: CreateSharedMemory: Allocated shared memory fd 106 (ipcStateReadWrite)
10-10 19:14:53.701  3631  3631 D [SEO] ShellControlBroadcastReceiver: onReceive with MainActivity native pointer 3632381840, action com.oculus.systemactivities.CAPTURE_STATE_UPDATE
10-10 19:14:53.701  3282  3282 I android_os_HwBinder: HwBinder: Starting thread pool for getting: vendor.oculus.hardware.battery@1.0::IBattery/default
10-10 19:14:53.701  3631  3631 D [SEO] ShellApplication: isTrustedAppLaunch early exit. Not a trusted action.com.oculus.systemactivities.CAPTURE_STATE_UPDATE
10-10 19:14:53.701  3631  3631 D [SEO] ShellControlBroadcastReceiver: isLaunchAction = false, isTrustedAppLaunch = false
10-10 19:14:53.701  3631  3631 D [SEO] ShellControlBroadcastReceiver: IsCaptureStateUpdateAction
10-10 19:14:53.701  2355  2395 I IPCSharedMemory: CreateSharedMemory: Allocated shared memory fd 107 (ipcReadOnlyState)
10-10 19:14:53.701  2355  2395 I RuntimeIPCServerMgr: Event buffer size (server): 8192
10-10 19:14:53.701  2355  2395 I IPCSharedMemory: CreateSharedMemory: Allocated shared memory fd 108 (ipcEventBuffer)
10-10 19:14:53.702  1581  1600 I nifiedtelemetr: Background young concurrent copying GC freed 32859(2302KB) AllocSpace objects, 14(480KB) LOS objects, 42% free, 3399KB/5930KB, paused 124us total 134.862ms
10-10 19:14:53.702  2355  2395 I IPCSharedMemory: CreateSharedMemory: Allocated shared memory fd 112 (ipcEventBuffer_Private)
10-10 19:14:53.703  2022  2022 I FileCapture: broadcast capture state to AUI running = false, with mode -1
10-10 19:14:53.704  2355  2395 I RuntimeIPCServerMgr: HandleClientConnect SUCCESS: Client: com.oculus.systemux:com.oculus.systemux:SystemUX:3282, Server: com.oculus.presence:com.oculus.presence (PresenceServer)
10-10 19:14:53.704  2355  2395 I RuntimeIPCServerMgr: GetServerStatesConfig -> {MaxBufferSize=32768, MaxEntries=64}
10-10 19:14:53.705  3282 18847 I RuntimeIPCClient: GetServerStatesConfig returned maxEntries=64, maxBuffSize=32768
10-10 19:14:53.705  3282 18847 I RuntimeIPCClient: Event buffer size (client): 8192
10-10 19:14:53.705  3282 18847 I RuntimeIPCClient: TryToGetIPCResourcesFromServer: RPC_CONNECTOR_CONNECT_TO_SERVER SUCCESS: Client: com.oculus.systemux:com.oculus.systemux:SystemUX:3282, Server: com.oculus.presence:com.oculus.presence (PresenceServer)
10-10 19:14:53.705  3282 18847 I RuntimeIPCClient: EnsureServerConnection: SUCCESS. Client: com.oculus.systemux:com.oculus.systemux:SystemUX:3282, Server: com.oculus.presence:com.oculus.presence (PresenceServer)
10-10 19:14:53.705  3282 18847 I RuntimeIPCClientMgr: ConnectToServer: SUCCESS: Client: com.oculus.systemux:com.oculus.systemux:SystemUX:3282, Server: com.oculus.presence:com.oculus.presence (PresenceServer)
10-10 19:14:53.706  3282 18847 I ipcLoader_static: RuntimeIPC: Loader: IPC Service API Loader Version: 31 Sep  5 2022 22:42:23
10-10 19:14:53.706  3282 18847 I RuntimeIPCApi: ipc_Initialize
10-10 19:14:53.706  3282 18847 I RuntimeIPCServiceClient: Init: Already initialized: com.oculus.systemux:SystemUX, 3
10-10 19:14:53.707  1343 17308 I CompositorVR: WarpToScreen: Skipping frames for 18
10-10 19:14:53.707   735   884 D msm8974_platform: platform_split_snd_device: snd_device(2) num devices(1) new_snd_devices(0)
10-10 19:14:53.707   735   884 D ACDB-LOADER: ACDB -> send_audvoltable
10-10 19:14:53.707   735   884 D ACDB-LOADER: ACDB -> ACDB_CMD_GET_AUDPROC_INSTANCE_GAIN_DEP_STEP_TABLE_SIZE
10-10 19:14:53.708   735   884 D         : Failed to fetch the lookup information of the device 0000000F 
10-10 19:14:53.708   735   884 D ACDB-LOADER: Error: ACDB_CMD_GET_AUDPROC_INSTANCE_GAIN_DEP_STEP_TABLE_SIZE Returned = -19
10-10 19:14:53.708   735   884 D ACDB-LOADER: ACDB -> ACDB_CMD_GET_AUDPROC_INSTANCE_GAIN_DEP_STEP_TABLE, vol index 11
10-10 19:14:53.708   735   884 D         : Failed to fetch the lookup information of the device 0000000F 
10-10 19:14:53.708   735   884 D ACDB-LOADER: Error: ACDB AudProc vol returned = -19
10-10 19:14:53.708   735   884 D ACDB-LOADER: ACDB -> AUDIO_SET_VOL_CAL cal type = 40
10-10 19:14:53.708  2171  2171 D DeviceHelper: isScreenOn = true
10-10 19:14:53.708  2171  2171 D [OAO] ShellOverlayBroadcastReceiver: onReceive with ShellOverlayService native pointer 3823295872, action com.oculus.systemactivities.CAPTURE_STATE_UPDATE
10-10 19:14:53.713  3282 18849 D CCodec  : allocate(c2.android.raw.decoder)
10-10 19:14:53.714  1613  1613 D ControllerNotifications: Enabling notifications
10-10 19:14:53.714   858  7423 V C2Store : in init
10-10 19:14:53.714   858  7423 V C2Store : loading dll
10-10 19:14:53.715  2171  2948 I [OAO] VrPlatformOpenXr: xrPollEvent: received XR_TYPE_EVENT_DATA_REFERENCE_SPACE_CHANGE_PENDING event
10-10 19:14:53.716  2355  2396 D RuntimeIPCServerMgr: RegisterClient: Client: com.oculus.systemux:com.oculus.systemux:SystemUX:3282, Server: com.oculus.presence:com.oculus.presence (PubSubServer)
10-10 19:14:53.716  1613  1613 I ControllerNotifications: Updating input notifications based on state ConnectedBatteryNormal
10-10 19:14:53.719  1343 17308 I CompositorVR: WarpToScreen: Skipping frames for 18
10-10 19:14:53.727  3282 18849 I CCodec  : Created component [c2.android.raw.decoder]
10-10 19:14:53.728  3282 18849 D CCodecConfig: read media type: audio/raw
10-10 19:14:53.729  3282  3282 D [SUI] StatusViewModel: Initializing wifi status BroadcastReceiver
10-10 19:14:53.730  1343 17308 I CompositorVR: WarpToScreen: Skipping frames for 18
10-10 19:14:53.731  3282  3282 D [SUI] StatusViewModel: Initialized wifi status BroadcastReceiver
10-10 19:14:53.732  2355  2396 I IPCSharedMemory: CreateSharedMemory: Allocated shared memory fd 114 (ipcStateReadWrite)
10-10 19:14:53.732  2355  2396 I IPCSharedMemory: CreateSharedMemory: Allocated shared memory fd 115 (ipcReadOnlyState)
10-10 19:14:53.732  2355  2396 I RuntimeIPCServerMgr: Event buffer size (server): 8192
10-10 19:14:53.739  3282  3282 D [SUI] AnytimeUIPanelAppBase: Acquiring viewModel BarViewModel refCount: 2
10-10 19:14:53.740  3282  3282 D [SUI] AnytimeUIPanelAppBase: Acquiring viewModel SystemStatusViewModel refCount: 1
10-10 19:14:53.740  3282  3282 D [SUI] SocialViewModel: registerObserver(): -$$Lambda$SystemStatusView$hvdttGlyfUmlGZJVTLPJRt2c5Fk
10-10 19:14:53.740  2355  2396 I IPCSharedMemory: CreateSharedMemory: Allocated shared memory fd 118 (ipcEventBuffer)
10-10 19:14:53.740  3282  3282 D [SUI] SystemStatusView: Initialized System Status
10-10 19:14:53.740  3282  3282 D [SUI] AnytimeUIPanelAppBase: Acquiring viewModel DynamicAppsViewModel refCount: 2
10-10 19:14:53.740  3282  3282 D [SUI] DynamicAppsView: Initializing DynamicAppsView on AUI bar
10-10 19:14:53.741  1343 17308 I CompositorVR: WarpToScreen: Skipping frames for 18
10-10 19:14:53.741  3282  3282 D [SUI] BarView: Initialized parties call bar
10-10 19:14:53.741  3282  3282 D [SUI] MessengerCallViewModel: registerObserver
10-10 19:14:53.741  3282  3282 D [SUI] BarView: Initialized messenger call bar
10-10 19:14:53.741  3282  3282 V [SUI] BarView: Subscribing to notifications badge live data
10-10 19:14:53.741  3282  3282 V [SUI] BarView: Notifs badge count: 0, Messenger badge count 0
10-10 19:14:53.741  3282 18849 D ReflectedParamUpdater: extent() != 1 for single value type: algo.buffers.max-count.values
10-10 19:14:53.741  3282  3282 D [SUI] BarView: Initialized BarView
10-10 19:14:53.741  3282 18849 D ReflectedParamUpdater: extent() != 1 for single value type: output.subscribed-indices.values
10-10 19:14:53.742  3282 18849 D ReflectedParamUpdater: extent() != 1 for single value type: input.buffers.allocator-ids.values
10-10 19:14:53.742  2355  2396 I IPCSharedMemory: CreateSharedMemory: Allocated shared memory fd 119 (ipcEventBuffer_Private)
10-10 19:14:53.742  3282 18849 D ReflectedParamUpdater: extent() != 1 for single value type: output.buffers.allocator-ids.values
10-10 19:14:53.743  3282 18849 D ReflectedParamUpdater: extent() != 1 for single value type: algo.buffers.allocator-ids.values
10-10 19:14:53.743  3282 18849 D ReflectedParamUpdater: extent() != 1 for single value type: output.buffers.pool-ids.values
10-10 19:14:53.743  3282 18849 D ReflectedParamUpdater: extent() != 1 for single value type: algo.buffers.pool-ids.values
10-10 19:14:53.744  2022  2022 I OVRMediaServiceManager: Metacam is not enabled.
10-10 19:14:53.745  2355  2396 I RuntimeIPCServerMgr: HandleClientConnect SUCCESS: Client: com.oculus.systemux:com.oculus.systemux:SystemUX:3282, Server: com.oculus.presence:com.oculus.presence (PubSubServer)
10-10 19:14:53.747  3282 18849 I CCodecConfig: query failed after returning 8 values (BAD_INDEX)
10-10 19:14:53.747  3282 18849 D CCodecConfig: c2 config diff is Dict {
10-10 19:14:53.747  3282 18849 D CCodecConfig:   c2::u32 coded.bitrate.value = 64000
10-10 19:14:53.747  3282 18849 D CCodecConfig:   c2::u32 input.buffers.max-size.value = 65536
10-10 19:14:53.747  3282 18849 D CCodecConfig:   c2::u32 input.delay.value = 0
10-10 19:14:53.747  3282 18849 D CCodecConfig:   string input.media-type.value = "audio/raw"
10-10 19:14:53.747  3282 18849 D CCodecConfig:   string output.media-type.value = "audio/raw"
10-10 19:14:53.747  3282 18849 D CCodecConfig:   c2::u32 raw.channel-count.value = 2
10-10 19:14:53.747  3282 18849 D CCodecConfig:   c2::u32 raw.pcm-encoding.value = 0
10-10 19:14:53.747  3282 18849 D CCodecConfig:   c2::u32 raw.sample-rate.value = 44100
10-10 19:14:53.747  3282 18849 D CCodecConfig: }
10-10 19:14:53.747  3282 18849 D CCodecConfig: no c2 equivalents for durationUs
10-10 19:14:53.747  3282 18849 D CCodecConfig: no c2 equivalents for track-id
10-10 19:14:53.747  3282 18849 D CCodecConfig: no c2 equivalents for bits-per-sample
10-10 19:14:53.747  3282 18849 D CCodecConfig: no c2 equivalents for channel-mask
10-10 19:14:53.747  3282 18849 D CCodecConfig: c2 config diff is   c2::u32 raw.channel-count.value = 1
10-10 19:14:53.747  3282 18849 D CCodecConfig:   c2::u32 raw.sample-rate.value = 48000
10-10 19:14:53.748  3282 18849 W Codec2Client: query -- param skipped: index = 1107298332.
10-10 19:14:53.748  3282 18849 D CCodec  : setup formats input: AMessage(what = 0x00000000) = {
10-10 19:14:53.748  3282 18849 D CCodec  :   int32_t channel-count = 1
10-10 19:14:53.748  3282 18849 D CCodec  :   int32_t max-input-size = 65536
10-10 19:14:53.748  3282 18849 D CCodec  :   string mime = "audio/raw"
10-10 19:14:53.748  3282 18849 D CCodec  :   int32_t pcm-encoding = 2
10-10 19:14:53.748  3282 18849 D CCodec  :   int32_t sample-rate = 48000
10-10 19:14:53.748  3282 18849 D CCodec  : } and output: AMessage(what = 0x00000000) = {
10-10 19:14:53.748  3282 18849 D CCodec  :   int32_t channel-count = 1
10-10 19:14:53.748  3282 18849 D CCodec  :   string mime = "audio/raw"
10-10 19:14:53.748  3282 18849 D CCodec  :   int32_t pcm-encoding = 2
10-10 19:14:53.748  3282 18849 D CCodec  :   int32_t sample-rate = 48000
10-10 19:14:53.748  3282 18849 D CCodec  :   int32_t channel-mask = 0
10-10 19:14:53.748  3282 18849 D CCodec  : }
10-10 19:14:53.748  3282 18849 W Codec2Client: query -- param skipped: index = 1342179345.
10-10 19:14:53.748  3282 18849 W Codec2Client: query -- param skipped: index = 2415921170.
10-10 19:14:53.749  3282 18849 D CCodecBufferChannel: [c2.android.raw.decoder#269] Created input block pool with allocatorID 16 => poolID 41 - OK (0)
10-10 19:14:53.750  3282 18849 I CCodecBufferChannel: [c2.android.raw.decoder#269] Created output block pool with allocatorID 16 => poolID 141 - OK
10-10 19:14:53.750  3282 18849 D CCodecBufferChannel: [c2.android.raw.decoder#269] Configured output block pool ids 141 => OK
10-10 19:14:53.750  2022 18421 D BufferPoolAccessor: bufferpool2 0x7c0ea6c820 : 0(0 size) total buffers - 0(0 size) used buffers - 0/5 (recycle/alloc) - 4/976 (fetch/transfer)
10-10 19:14:53.751  2022 18421 D BufferPoolAccessor: Destruction - bufferpool2 0x7c0ea6c820 cached: 0/0M, 0/0% in use; allocs: 5, 0% recycled; transfers: 976, 100% unfetced
10-10 19:14:53.751  1048  4016 I DisplayManagerService: Display device removed: DisplayDeviceInfo{"com.oculus.android_panel_app.AndroidPanelLayer-#main": uniqueId="virtual:com.oculus.systemux,10026,com.oculus.android_panel_app.AndroidPanelLayer-#main,0", 800 x 1250, modeId 262, defaultModeId 262, supportedModes [{id=262, width=800, height=1250, fps=60.0}], colorMode 0, supportedColorModes [0], HdrCapabilities null, density 200, 200.0 x 200.0 dpi, appVsyncOff 0, presDeadline 16666666, touch NONE, rotation 0, type VIRTUAL, state OFF, owner com.oculus.systemux (uid 10026), FLAG_PRIVATE, FLAG_NEVER_BLANK, FLAG_OWN_CONTENT_ONLY}
10-10 19:14:53.752  1343 17308 I CompositorVR: WarpToScreen: Skipping frames for 18
10-10 19:14:53.762  3282 18838 D NotificationsBadgeLiveData: MessageBadgeData, pullAndCheckNotifs, old data source notif count: 1, oc chats count: 0, messenger count: 0
10-10 19:14:53.762  1048 13764 I DisplayManagerService: Display device added: DisplayDeviceInfo{"com.oculus.android_panel_app.AndroidPanelLayer-#main": uniqueId="virtual:com.oculus.systemux,10026,com.oculus.android_panel_app.AndroidPanelLayer-#main,0", 800 x 110, modeId 263, defaultModeId 263, supportedModes [{id=263, width=800, height=110, fps=60.0}], colorMode 0, supportedColorModes [0], HdrCapabilities null, density 200, 200.0 x 200.0 dpi, appVsyncOff 0, presDeadline 16666666, touch NONE, rotation 0, type VIRTUAL, state OFF, owner com.oculus.systemux (uid 10026), FLAG_PRIVATE, FLAG_NEVER_BLANK, FLAG_OWN_CONTENT_ONLY}
10-10 19:14:53.763  1343 17308 I CompositorVR: WarpToScreen: Skipping frames for 18
10-10 19:14:53.767   858 18853 D SimpleC2Component: Using output block pool with poolID 141 => got 141 - 0
10-10 19:14:53.771  3282  3282 D [SUI] SettingsAssistantJsonBuilder: Registering legacy settings
10-10 19:14:53.771  3282  3282 D [SUI] SettingsAssistantJsonBuilder: Not registering settings service settings. Blocked by GK
10-10 19:14:53.771  3282  3282 D [SUI] SettingsAssistantJsonBuilder: Settings JSON: {"settings":[{"id":"about","type":"void","mutable":false,"queryable":false,"route":"systemux:\/\/settings\/about"},{"id":"auto sleep","type":"void","mutable":false,"queryable":false,"route":"systemux:\/\/settings\/power?setting=auto_sleep_time","parent":"power"},{"id":"auto wake","type":"void","mutable":false,"queryable":false,"route":"systemux:\/\/settings\/power?setting=auto_wake","parent":"power"},{"id":"bluetooth pairing","type":"void","mutable":false,"queryable":false,"route":"systemux:\/\/settings\/bluetooth?setting=bluetooth_pairing","parent":"bluetooth"},{"id":"boundary color","type":"void","mutable":false,"queryable":false,"route":"systemux:\/\/settings\/guardian_general?setting=guardian_customization_boundary_color_config","parent":"guardian"},{"id":"bug report","type":"void","mutable":false,"queryable":false,"route":"systemux:\/\/bug_report","parent":"about"},{"id":"controllers","type":"void","mutable":false,"queryable":false,"route":"systemux:\/\/settings\/controllers"},{"id":"display","type":"void","mutable":false,"queryable":false,"route":"systemux:\/\/settings\/display"},{"id":"do not disturb","type":"void","mutable":false,"queryable":false,"route":"systemux:\/\/settings\/do_not_disturb?setting=do_not_disturb","parent":"do not disturb"},{"id":"environment","type":"void","mutable":false,"queryable":false,"route":"systemux:\/\/settings\/environment"},{"id":"experimental","type":"void","mutable":false,"queryable":false,"route":"systemux:\/\/settings\/experiments"},{"id":"floor level","type":"void","mutable":false,"queryable":false,"route":"systemux:\/\/guardian\/guardian-adjust-floor","parent":"guardian"},{"id":"glanceable boundary","type":"void","mutable":false,"queryable":false,"route":"systemux:\/\/settings\/guardian_roomscale?setting=guardian_enable_glanceable_bounds","parent":"guardian"},{"id":"guardian","type":"void","mutable":false,"queryable":false,"route":"systemux:\/\/settings\/guardian_general"},{"id":"guardian history","type":"void","mutable":false,"queryable":false,"route":"systemux:\/\/settings\/guardian_general?setting=guardian_clear_history","parent":"guardian"},{"id":"guardian passthrough","type":"void","mutable":false,"queryable":false,"route":"systemux:\/\/settings\/guardian_general?setting=passthrough_on_demand","parent":"guardian"},{"id":"hand tracking","type":"void","mutable":false,"queryable":false,"route":"systemux:\/\/settings\/hands?setting=hands_hand_tracking","parent":"hands"},{"id":"health and safety","type":"void","mutable":false,"queryable":false,"route":"systemux:\/\/health_and_safety_video","parent":"about"},{"id":"language","type":"void","mutable":false,"queryable":false,"route":"systemux:\/\/settings\/language_and_region?setting=language","parent":"language and region"},{"id":"long press","type":"void","mutable":false,"queryable":false,"route":"systemux:\/\/settings\/controllers?setting=controllers_oculus_button_long_press","parent":"controllers"},{"id":"mac address","type":"void","mutable":false,"queryable":false,"route":"systemux:\/\/settings\/about?setting=about_mac_address","parent":"about"},{"id":"microphone","type":"void","mutable":false,"queryable":false,"route":"systemux:\/\/settings\/sound?setting=microphone","parent":"sound"},{"id":"night shift","type":"void","mutable":false,"queryable":false,"route":"systemux:\/\/settings\/display?setting=night_shift","parent":"display"},{"id":"notifications","type":"void","mutable":false,"queryable":false,"route":"systemux:\/\/settings\/notifications"},{"id":"os version","type":"void","mutable":false,"queryable":false,"route":"systemux:\/\/settings\/software_update?setting=os_version","parent":"about"},{"id":"permissions","type":"void","mutable":false,"queryable":false,"route":"systemux:\/\/settings\/permissions"},{"id":"power","type":"void","mutable":false,"queryable":false,"route":"systemux:\/\/settings\/power"},{"id":"privacy policy","type":"void","mutable":false,"queryable":false,"route":"systemux:\/\/settings\/about?setting=about_privacy_policy",
10-10 19:14:53.774  1343 17308 I CompositorVR: WarpToScreen: Skipping frames for 18
10-10 19:14:53.776   826  1444 D MediaBufferGroup: creating MemoryDealer
10-10 19:14:53.778  3282  3282 D [SUI] AnytimeUIAndroidPanelApp: Stored settings in pref store in 6021823 ns
10-10 19:14:53.782  3282  3282 I PresenceAPK(ServiceApiManager): Trying to bind to presence service API.
10-10 19:14:53.784  2355  2396 I RuntimeIPCServerMgr: GetServerStatesConfig -> {MaxBufferSize=32768, MaxEntries=64}
10-10 19:14:53.784  3282 18847 I RuntimeIPCClient: GetServerStatesConfig returned maxEntries=64, maxBuffSize=32768
10-10 19:14:53.784  3282 18847 I RuntimeIPCClient: Event buffer size (client): 8192
10-10 19:14:53.784  3282 18847 I RuntimeIPCClient: TryToGetIPCResourcesFromServer: RPC_CONNECTOR_CONNECT_TO_SERVER SUCCESS: Client: com.oculus.systemux:com.oculus.systemux:SystemUX:3282, Server: com.oculus.presence:com.oculus.presence (PubSubServer)
10-10 19:14:53.784  3282 18847 I RuntimeIPCClient: EnsureServerConnection: SUCCESS. Client: com.oculus.systemux:com.oculus.systemux:SystemUX:3282, Server: com.oculus.presence:com.oculus.presence (PubSubServer)
10-10 19:14:53.784  3282 18847 I RuntimeIPCClientMgr: ConnectToServer: SUCCESS: Client: com.oculus.systemux:com.oculus.systemux:SystemUX:3282, Server: com.oculus.presence:com.oculus.presence (PubSubServer)
10-10 19:14:53.785  1343 17308 I CompositorVR: WarpToScreen: Skipping frames for 18
10-10 19:14:53.791  3282 18847 D HyperspaceClientJni: initHyperspacePresenceServiceClient finished
10-10 19:14:53.791  3282 18847 D HyperspaceClientJni: initInternal - finish
10-10 19:14:53.791  3282 18847 I HyperspaceClient: Service connection changed: true
10-10 19:14:53.791  3282 18847 D HyperspaceClientJni: initHyperspacePresenceServiceClientCallsInfoChangedCallback
10-10 19:14:53.792  2355  3107 I RuntimeIPCServerMgr: GetServerStatesConfig -> {MaxBufferSize=32768, MaxEntries=64}
10-10 19:14:53.792  3282 18847 I RuntimeIPCClient: GetServerStatesConfig returned maxEntries=64, maxBuffSize=32768
10-10 19:14:53.792  3282 18847 I RuntimeIPCClient: InitServerStateBuffer: SUCCESS. 2, Client: com.oculus.systemux:com.oculus.systemux:SystemUX:3282, Server: com.oculus.presence:com.oculus.presence (PubSubServer)
10-10 19:14:53.794   858  1797 D BufferPoolAccessor: Destruction - bufferpool2 0x3593ab3a30 cached: 0/0M, 0/0% in use; allocs: 0, 0% recycled; transfers: 0, 0% unfetced
10-10 19:14:53.794   858  1797 V C2Store : in ~ComponentModule
10-10 19:14:53.794   858  1797 V C2Store : unloading dll
10-10 19:14:53.796  1343 17308 I CompositorVR: WarpToScreen: Skipping frames for 18
10-10 19:14:53.807  1343 17308 I CompositorVR: WarpToScreen: Skipping frames for 18
10-10 19:14:53.810  1048  1067 W InputReader: Device has associated, but no associated display id.
10-10 19:14:53.819  1343 17308 I CompositorVR: WarpToScreen: Skipping frames for 18
10-10 19:14:53.821  1048  1069 W InputReader: Device has associated, but no associated display id.
10-10 19:14:53.821  1048  1069 I ActivityTaskManager: Override config changes=20005df8 {0.0 ?mcc?mnc ?localeList ?layoutDir sw88dp w640dp h88dp 200dpi nrml long land ?uimode ?night -touch qwerty/v/v -nav/h winConfig={ mBounds=Rect(0, 0 - 800, 110) mAppBounds=Rect(0, 0 - 800, 110) mWindowingMode=fullscreen mDisplayWindowingMode=fullscreen mActivityType=undefined mAlwaysOnTop=undefined mRotation=ROTATION_0}} for displayId=202
10-10 19:14:53.826  3282  3282 D PresenceAPK(PresenceClient): setEventListener id=AnchoredHomeGroup
10-10 19:14:53.826  3282  3282 I PresenceAPK(GroupManager): addListener for id AnchoredHomeGroup
10-10 19:14:53.826  3282  3282 I PanelService: BEGIN: nativeInitializePanelInstance - Configure and set up thread polling.
10-10 19:14:53.826  3282  3282 I PanelService: BEGIN: Call hosted app's Configure method.
10-10 19:14:53.826  3282  3282 I PanelService: END: Call hosted app's Configure method.
10-10 19:14:53.826  3282  3282 I PanelService: END: nativeInitializePanelInstance - Add fd 41 to looper with error code 1
10-10 19:14:53.826  3282  3282 D CppPanelService: END: Initializing panel application via MSG_CREATE_PANEL_APP.
10-10 19:14:53.827  3282  3282 I [SUI] AnytimeUIAndroidPanelApp: Bar visibility changed to true
10-10 19:14:53.828  3282  3282 I [SUI] AnytimeUIAndroidPanelApp: updateGuardianConfig - 1 - 0.44444448
10-10 19:14:53.828  3282  3282 I [SUI] AnytimeUIAndroidPanelApp: updateGuardianConfig - 2 - 0.21500002
10-10 19:14:53.828  3282  3282 I [SUI] AnytimeUIAndroidPanelApp: updateGuardianConfig - 5 - 0.05
10-10 19:14:53.828  3282  3282 I [SUI] AnytimeUIAndroidPanelApp: updateGuardianConfig - 6 - 0.49999997
10-10 19:14:53.828  3282  3282 I [SUI] AnytimeUIAndroidPanelApp: updateGuardianConfig - 7 - 0.4
10-10 19:14:53.828  3282  3282 I [SUI] AnytimeUIAndroidPanelApp: updateGuardianConfig - 8 - 0.0
10-10 19:14:53.828  3282  3282 I [SUI] AnytimeUIAndroidPanelApp: updateGuardianConfig - 10 - 0.0
10-10 19:14:53.828  3282  3282 I [SUI] AnytimeUIAndroidPanelApp: updateGuardianConfig - 12 - 0.0
10-10 19:14:53.828  3282  3282 I [SUI] AnytimeUIAndroidPanelApp: updateGuardianConfig - 13 - 0.5
10-10 19:14:53.828  3282  3282 I [SUI] AnytimeUIAndroidPanelApp: updateGuardianConfig - 14 - 0.0
10-10 19:14:53.828  3282  3282 I [SUI] AnytimeUIAndroidPanelApp: updateGuardianConfig - 15 - 0.0
10-10 19:14:53.828  3282  3282 I [SUI] AnytimeUIAndroidPanelApp: updateGuardianConfig - 16 - 0.0
10-10 19:14:53.828  3282  3282 I [SUI] AnytimeUIAndroidPanelApp: updateGuardianConfig - 17 - 0.0
10-10 19:14:53.828  3282  3282 I [SUI] AnytimeUIAndroidPanelApp: updateGuardianConfig - 18 - 0.5
10-10 19:14:53.828  3282  3282 I [SUI] AnytimeUIAndroidPanelApp: updateGuardianConfig - 19 - 0.0
10-10 19:14:53.828  3282  3282 I [SUI] AnytimeUIAndroidPanelApp: updateGuardianConfig - 20 - 0.0
10-10 19:14:53.828  3282  3282 I [SUI] AnytimeUIAndroidPanelApp: updateGuardianConfig - 21 - 0.0
10-10 19:14:53.828  3282  3282 I [SUI] AnytimeUIAndroidPanelApp: updateGuardianConfig - 22 - 0.0
10-10 19:14:53.828  3282  3282 I [SUI] AnytimeUIAndroidPanelApp: updateGuardianConfig - 23 - 2.0
10-10 19:14:53.828  3282  3282 I [SUI] AnytimeUIAndroidPanelApp: updateGuardianConfig - 24 - 0.25
10-10 19:14:53.828  3282  3282 I [SUI] AnytimeUIAndroidPanelApp: updateGuardianConfig - 26 - 0.0
10-10 19:14:53.828  3282  3282 I [SUI] AnytimeUIAndroidPanelApp: updateGuardianConfig - 28 - 1.0
10-10 19:14:53.828  3282  3282 I AndroidPanelApp: Processing pending hide layer for layer #main.
10-10 19:14:53.828  3282  3282 I AndroidPanelApp: Processing pending show layer info for layer #main with width 800 and height 110.
10-10 19:14:53.828  3282  3282 I AndroidPanelApp: layerSupersample no changes
10-10 19:14:53.830  1343 17308 I CompositorVR: WarpToScreen: Skipping frames for 18
10-10 19:14:53.832  3282  3282 D [SUI] AnytimeUIBroadcastReceiver: action: com.oculus.systemactivities.CAPTURE_STATE_UPDATE
10-10 19:14:53.832  3282  3282 I [SUI] AnytimeUIBroadcastReceiver: handleCaptureStateUpdate: captureToDisk false, captureEnabled false, isCapturingAbuseReport false, abuseRecordingUUID null
10-10 19:14:53.833  3282  3282 D [SUI] ActivityManagerUtilsHelper: onFocusedWindowChanged: Instance: com.oculus.panelapp.anytimeui.utils.ActivityManagerUtilsHelper@6545d85, topWindowUid: 10020, focusedApp: com.oculus.vrshell, previousApp: null
10-10 19:14:53.833  3282  3282 D [SUI] AnytimeUIBroadcastReceiver: action: com.oculus.systemactivities.LOCAL_STREAM_STATE_UPDATE
10-10 19:14:53.833  3282  3282 D [SUI] ScreenCaptureUtil: onLocalStreamStateUpdate(isCaptureRunning = false)
10-10 19:14:53.833  3282  3282 I chatty  : uid=10026 com.oculus.systemux:SystemUX identical 19 lines
10-10 19:14:53.833  3282  3282 D [SUI] ScreenCaptureUtil: onLocalStreamStateUpdate(isCaptureRunning = false)
10-10 19:14:53.833  3282  3282 I PresenceAPK(ServiceApiManager): onServiceConnected componentName=ComponentInfo{com.oculus.presence/com.oculus.presence.service.PresenceService}
10-10 19:14:53.834  3282  3282 I PresenceAPK(ServiceApiManager): setting apiStatusListener
10-10 19:14:53.834  3282  3282 D [SUI] AnytimeUIBroadcastReceiver: action: com.oculus.systemactivities.CAPTURE_STATE_UPDATE
10-10 19:14:53.834  3282  3824 I PresenceAPK(ServiceApiManager): onApiReady
10-10 19:14:53.835  3282  3282 I [SUI] AnytimeUIBroadcastReceiver: handleCaptureStateUpdate: captureToDisk false, captureEnabled false, isCapturingAbuseReport false, abuseRecordingUUID null
10-10 19:14:53.837  3282  3282 D [SUI] AnytimeUIBroadcastReceiver: action: com.oculus.systemactivities.LOCAL_STREAM_STATE_UPDATE
10-10 19:14:53.837  3282  3282 D [SUI] ScreenCaptureUtil: onLocalStreamStateUpdate(isCaptureRunning = false)
10-10 19:14:53.837  3282  3282 D [SUI] ScreenCaptureUtil: onLocalStreamStateUpdate(isCaptureRunning = false)
10-10 19:14:53.837  3282  3282 V [SUI] BarView: Notifs badge count: 1, Messenger badge count 0
10-10 19:14:53.837  3282  3282 D HyperspaceClient: onCallsInfoChanged: []
10-10 19:14:53.837  3282  3282 I PresenceAPK(ServiceApiManager): onServiceConnected componentName=ComponentInfo{com.oculus.presence/com.oculus.presence.service.PresenceService}
10-10 19:14:53.840  3282  3282 I PresenceAPK(ServiceApiManager): setting apiStatusListener
10-10 19:14:53.840  3282  5094 I PresenceAPK(ServiceApiManager): onApiReady
10-10 19:14:53.841  1343 17308 I CompositorVR: WarpToScreen: Skipping frames for 18
10-10 19:14:53.850  3322 18857 D CCodec  : allocate(c2.android.vorbis.decoder)
10-10 19:14:53.850  1343  2771 I PerformanceManager_V0: SetClockLevels: Apply pending clock request change: 4,3 -> 4,4
10-10 19:14:53.850  1343  2761 I Clocks  : ReleaseClocks - start
10-10 19:14:53.850   858  1797 V C2Store : in init
10-10 19:14:53.850   858  1797 V C2Store : loading dll
10-10 19:14:53.852  1343 17308 I CompositorVR: WarpToScreen: Skipping frames for 18
10-10 19:14:53.853  1343  2761 I Clocks  : ReleaseClocks - end (3.2 ms)
10-10 19:14:53.853  1343  2761 I Clocks  : LockClocks( cpu=4, gpu=4 ) - start
10-10 19:14:53.854  1343  2761 I Clocks  : CPU levels [0, 4]
10-10 19:14:53.854  1343  2761 I Clocks  : GPU levels [0, 5]
10-10 19:14:53.855  1343  2761 I Clocks  : LockClocks( cpu=4, gpu=4 ) - end (1.4 ms)
10-10 19:14:53.860  3322 18857 I CCodec  : Created component [c2.android.vorbis.decoder]
10-10 19:14:53.861  3322 18857 D CCodecConfig: read media type: audio/vorbis
10-10 19:14:53.863  1343 17308 I CompositorVR: WarpToScreen: Skipping frames for 18
10-10 19:14:53.863  3631  3692 I [SEO] PanelRenderLayer: ResetSurface #main 0 x 0 - shape:0 stereo:0
10-10 19:14:53.864  3631  3692 I [SEO] PanelAppHost: Setting panel layer visibility of layer "#main" to invisible, panel 55 (com.oculus.systemux/com.oculus.panelapp.anytimeui.AnytimeUIAndroidPanelService)
10-10 19:14:53.864  3631  3692 I [SEO] PanelAppHost: Resize layer #main to size 800 x 110 shape: 1 stereo: 0, panel 55 (com.oculus.systemux/com.oculus.panelapp.anytimeui.AnytimeUIAndroidPanelService)
10-10 19:14:53.864  3631  3692 I [SEO] PanelRenderLayer: ResetSurface #main 800 x 110 - shape:1 stereo:0
10-10 19:14:53.865  3322 18857 D ReflectedParamUpdater: extent() != 1 for single value type: algo.buffers.max-count.values
10-10 19:14:53.865  3282  3282 I AndroidPanelApp: Processing next frame action "layerShow" for layer "#main"
10-10 19:14:53.865  3322 18857 D ReflectedParamUpdater: extent() != 1 for single value type: output.subscribed-indices.values
10-10 19:14:53.865  3322 18857 D ReflectedParamUpdater: extent() != 1 for single value type: input.buffers.allocator-ids.values
10-10 19:14:53.865  3322 18857 D ReflectedParamUpdater: extent() != 1 for single value type: output.buffers.allocator-ids.values
10-10 19:14:53.865  3322 18857 D ReflectedParamUpdater: extent() != 1 for single value type: algo.buffers.allocator-ids.values
10-10 19:14:53.865  3322 18857 D ReflectedParamUpdater: extent() != 1 for single value type: output.buffers.pool-ids.values
10-10 19:14:53.865  3322 18857 D ReflectedParamUpdater: extent() != 1 for single value type: algo.buffers.pool-ids.values
10-10 19:14:53.866  3322 18857 I CCodecConfig: query failed after returning 7 values (BAD_INDEX)
10-10 19:14:53.866  1048  1069 I DisplayManagerService: Display device changed state: "com.oculus.android_panel_app.AndroidPanelLayer-#main", ON
10-10 19:14:53.866  3322 18857 D CCodecConfig: c2 config diff is Dict {
10-10 19:14:53.866  3322 18857 D CCodecConfig:   c2::u32 coded.bitrate.value = 64000
10-10 19:14:53.866  3322 18857 D CCodecConfig:   c2::u32 input.buffers.max-size.value = 32768
10-10 19:14:53.866  3322 18857 D CCodecConfig:   c2::u32 input.delay.value = 0
10-10 19:14:53.866  3322 18857 D CCodecConfig:   string input.media-type.value = "audio/vorbis"
10-10 19:14:53.866  3322 18857 D CCodecConfig:   string output.media-type.value = "audio/raw"
10-10 19:14:53.866  3322 18857 D CCodecConfig:   c2::u32 raw.channel-count.value = 1
10-10 19:14:53.866  3322 18857 D CCodecConfig:   c2::u32 raw.sample-rate.value = 48000
10-10 19:14:53.866  3322 18857 D CCodecConfig: }
10-10 19:14:53.867  3322 18857 D CCodecConfig: no c2 equivalents for durationUs
10-10 19:14:53.867  3322 18857 D CCodecConfig: no c2 equivalents for csd-1
10-10 19:14:53.867  3322 18857 D CCodecConfig: no c2 equivalents for track-id
10-10 19:14:53.867  3322 18857 D CCodecConfig: no c2 equivalents for channel-mask
10-10 19:14:53.873  3282  3824 I PresenceAPK(ServicePresenceClient): calling onServiceUp
10-10 19:14:53.874  1343 17308 I CompositorVR: WarpToScreen: Skipping frames for 18
10-10 19:14:53.874  3282  5094 I PresenceAPK(ServicePresenceClient): calling onServiceUp
10-10 19:14:53.883  1343  1343 D VrRuntimeService: onForegroundActivitiesChanged: pid=17498, uid=10109, hasForegroundActivities=false
10-10 19:14:53.884  3282 18838 W OVRLibrary: null cursor received for query content://com.oculus.ocms.library/apps/com.oculus.shellenv
10-10 19:14:53.885  3322 18857 D CCodecConfig: c2 config diff is   c2::u32 raw.channel-count.value = 2
10-10 19:14:53.885  3322 18857 D CCodecConfig:   c2::u32 raw.sample-rate.value = 44100
10-10 19:14:53.885  3322 18857 W Codec2Client: query -- param skipped: index = 1107298332.
10-10 19:14:53.885  3322 18857 D CCodec  : setup formats input: AMessage(what = 0x00000000) = {
10-10 19:14:53.885  3322 18857 D CCodec  :   int32_t channel-count = 2
10-10 19:14:53.885  3322 18857 D CCodec  :   int32_t max-input-size = 32768
10-10 19:14:53.885  3322 18857 D CCodec  :   string mime = "audio/vorbis"
10-10 19:14:53.885  3322 18857 D CCodec  :   int32_t sample-rate = 44100
10-10 19:14:53.885  3322 18857 D CCodec  : } and output: AMessage(what = 0x00000000) = {
10-10 19:14:53.885  3322 18857 D CCodec  :   int32_t channel-count = 2
10-10 19:14:53.885  3322 18857 D CCodec  :   string mime = "audio/raw"
10-10 19:14:53.885  3322 18857 D CCodec  :   int32_t sample-rate = 44100
10-10 19:14:53.885  3322 18857 D CCodec  :   int32_t channel-mask = 3
10-10 19:14:53.885  3322 18857 D CCodec  : }
10-10 19:14:53.886   875  1035 W TrackingService: attachClient: found client in attached list
10-10 19:14:53.886   875  1035 D TrackingService: getSharedMemory: com.oculus.systemdriver, HeadTracker
10-10 19:14:53.886  1343 17308 I CompositorVR: WarpToScreen: Skipping frames for 18
10-10 19:14:53.889   858  1797 V C2Store : in ~ComponentModule
