10-10 19:14:53.065 17498 17529 D UE4     : [2022.10.10-18.14.53:065][626]LogAndroidEvents: Display: LogAndroidEvents::DequeueAppEvent : 6, [width=-1, height=-1], APP_EVENT_STATE_ON_PAUSE
10-10 19:14:53.065 17498 17529 D UE4     : FAppEventManager::Tick processing, 6
10-10 19:14:53.065 17498 17529 D UE4     : [2022.10.10-18.14.53:065][626]LogVulkanRHI: FVulkanPipelineStateCacheManager: skipped saving because we only save if the PSOFC based one failed to load.
10-10 19:14:53.065 17498 17529 D UE4     : [2022.10.10-18.14.53:065][626]LogAndroidEvents: Display: LogAndroidEvents::DequeueAppEvent : 15, [width=-1, height=-1], APP_EVENT_RUN_CALLBACK
10-10 19:14:53.065 17498 17529 D UE4     : FAppEventManager::Tick processing, 15
10-10 19:14:53.065 17498 17529 D UE4     : [2022.10.10-18.14.53:065][626]LogAndroidEvents: Display: Event thread callback running.
10-10 19:14:53.065 17498 17529 D UE4     : [2022.10.10-18.14.53:065][626]LogAndroid: performing app backgrounding callback. 0xad4c5210
10-10 19:14:53.067 17498 17643 E OsSdk   : error getting shared memory region, memory type: Controller, failed with Status(-1, EX_SECURITY): 'requested shared memory region when not registered/focused'
10-10 19:14:53.068   875 18361 I chatty  : uid=1000(system) Binder:875_5 identical 7 lines
10-10 19:14:53.068   875 18361 W TrackingService: attachClient: found client in attached list
10-10 19:14:53.069 17498 17643 E OsSdk   : error getting shared memory region, memory type: Controller, failed with Status(-1, EX_SECURITY): 'requested shared memory region when not registered/focused'
10-10 19:14:53.072   759   971 D AF::RecordHandle: OpRecordAudio: track:58 uid:10014 pkg:com.oculus.shellenv usage:0 muted
10-10 19:14:53.073   759  1137 D AF::TrackHandle: OpPlayAudio: track:132 uid:10026 pkg:com.oculus.systemux usage:10 not muted
10-10 19:14:53.073   759 10362 D AF::TrackHandle: OpPlayAudio: track:129 uid:10109 pkg:com.epicgames.PrototypeV3 usage:1 muted
10-10 19:14:53.073   759   759 D AF::RecordHandle: OpRecordAudio: track:127 uid:10032 pkg:com.oculus.horizon usage:0 not muted
10-10 19:14:53.073  3282  3282 D [SUI] ActivityManagerUtilsHelper: onForegroundActivitiesChanged: Instance: com.oculus.panelapp.anytimeui.utils.ActivityManagerUtilsHelper@2895472, Pid: 3631, Tid: 10020, foregroundActivities: true, foreground app: com.oculus.vrshell, previous app: com.epicgames.PrototypeV3
10-10 19:14:53.074  3282  3282 D [SUI] ActivityManagerUtilsHelper: onForegroundActivitiesChanged: Instance: com.oculus.panelapp.anytimeui.utils.ActivityManagerUtilsHelper@b88fc02, Pid: 3631, Tid: 10020, foregroundActivities: true, foreground app: com.oculus.vrshell, previous app: com.epicgames.PrototypeV3
10-10 19:14:53.074  1343  1343 D VrRuntimeService: onForegroundActivitiesChanged: pid=3631, uid=10020, hasForegroundActivities=true
10-10 19:14:53.075 17498 17643 I JniUtils: Creating temporary JNIEnv. This is a heavy operation and should be infrequent. To optimize, use JNI AttachCurrentThread on calling thread
10-10 19:14:53.075   759   971 D AF::RecordHandle: OpRecordAudio: track:58 uid:10014 pkg:com.oculus.shellenv usage:0 muted
10-10 19:14:53.076   759   970 D AF::TrackHandle: OpPlayAudio: track:59 uid:10014 pkg:com.oculus.shellenv usage:1 muted
10-10 19:14:53.076   759  1137 D AF::RecordHandle: OpRecordAudio: track:127 uid:10032 pkg:com.oculus.horizon usage:0 not muted
10-10 19:14:53.083  2962  3135 I VrGuardianService: GuardianSDKServer::GuardianCmd: 14
10-10 19:14:53.083  2962  3135 I GuardianSystem: GuardianSystem::GuardianCmd CMD_CLEAR_RETURN_PACKAGE
10-10 19:14:53.083   735   735 D msm8974_platform: platform_split_snd_device: snd_device(2) num devices(1) new_snd_devices(0)
10-10 19:14:53.083   735   735 D ACDB-LOADER: ACDB -> send_audvoltable
10-10 19:14:53.083   759  1408 D AF::TrackHandle: OpPlayAudio: track:131 uid:10020 pkg:com.oculus.vrshell usage:1 not muted
10-10 19:14:53.083   735   735 D ACDB-LOADER: ACDB -> ACDB_CMD_GET_AUDPROC_INSTANCE_GAIN_DEP_STEP_TABLE_SIZE
10-10 19:14:53.083   735   735 D         : Failed to fetch the lookup information of the device 0000000F 
10-10 19:14:53.083   735   735 D ACDB-LOADER: Error: ACDB_CMD_GET_AUDPROC_INSTANCE_GAIN_DEP_STEP_TABLE_SIZE Returned = -19
10-10 19:14:53.083   735   735 D ACDB-LOADER: ACDB -> ACDB_CMD_GET_AUDPROC_INSTANCE_GAIN_DEP_STEP_TABLE, vol index 9
10-10 19:14:53.083   735   735 D         : Failed to fetch the lookup information of the device 0000000F 
10-10 19:14:53.083   735   735 D ACDB-LOADER: Error: ACDB AudProc vol returned = -19
10-10 19:14:53.083   735   735 D ACDB-LOADER: ACDB -> AUDIO_SET_VOL_CAL cal type = 40
10-10 19:14:53.084  1048  4016 I ActivityTaskManager: START u0 {act=android.intent.action.MAIN cat=[android.intent.category.LAUNCHER] flg=0x14000000 pkg=com.oculus.shellenv cmp=com.oculus.shellenv/.ShellEnvActivity (has extras)} from uid 10020
10-10 19:14:53.087 17498 17498 D SystemActivitiesReceiver: SystemActivityReceiver.onReceive intent:Intent { act=com.oculus.system_activity flg=0x10 pkg=com.epicgames.PrototypeV3 (has extras) }
10-10 19:14:53.087 17498 17498 D SystemActivitiesReceiver: fromPackageName: 'com.oculus.vrshell'
10-10 19:14:53.087 17498 17498 D SystemActivitiesReceiver: command: '{"Command":"exitToHome","PlatformUIVersion":4,"ToPackage":"com.epicgames.PrototypeV3"}'
10-10 19:14:53.087 17498 17498 D SystemActivitiesReceiver: uri: ''
10-10 19:14:53.089 17498 17498 D TrustedSignatureVerifier: Checking app signature for com.oculus.vrshell
10-10 19:14:53.089 17498 17498 D TrustedSignatureVerifier: Package com.oculus.vrshell trusted due to RELEASE signature.
10-10 19:14:53.089 17498 17498 D SystemActivitiesReceiver: App is trusted
10-10 19:14:53.089 17498 17498 I SystemActivitiesEvents: nativeSystemActivityIntent in 'com.epicgames.PrototypeV3': 'com.oculus.vrshell' '{"Command":"exitToHome","PlatformUIVersion":4,"ToPackage":"com.epicgames.PrototypeV3"}' ''
10-10 19:14:53.089 17498 17498 I SystemActivitiesEvents: SYSTEM_ACTIVITY_EVENT_EXIT_TO_HOME: finish() - exit to Home
10-10 19:14:53.089 17498 17498 W mes.PrototypeV: Attempt to remove non-JNI local reference, dumping thread
10-10 19:14:53.089 17498 17498 I chatty  : uid=10109(com.epicgames.PrototypeV3) identical 5 lines
10-10 19:14:53.097  2171  2948 I chatty  : uid=10020(com.oculus.vrshell) ShellOverlayVR expire 10 lines
10-10 19:14:53.099  3631  3631 I chatty  : uid=10020(com.oculus.vrshell) ShellMain expire 3 lines
10-10 19:14:53.113  3282  3282 W OVRLibrary: null cursor received for query content://com.oculus.ocms.library/apps/com.oculus.vrshell
10-10 19:14:53.113   759  1137 D AF::TrackHandle: OpPlayAudio: track:129 uid:10109 pkg:com.epicgames.PrototypeV3 usage:1 muted
10-10 19:14:53.113   759 10362 D AF::RecordHandle: OpRecordAudio: track:127 uid:10032 pkg:com.oculus.horizon usage:0 not muted
10-10 19:14:53.113   759   759 D AF::RecordHandle: OpRecordAudio: track:58 uid:10014 pkg:com.oculus.shellenv usage:0 not muted
10-10 19:14:53.113   759   970 D AF::TrackHandle: OpPlayAudio: track:131 uid:10020 pkg:com.oculus.vrshell usage:1 not muted
10-10 19:14:53.114  1048  6399 W InputReader: Device has associated, but no associated display id.
10-10 19:14:53.115   759   971 D AF::TrackHandle: OpPlayAudio: track:132 uid:10026 pkg:com.oculus.systemux usage:10 not muted
10-10 19:14:53.116   759   759 D AF::RecordHandle: OpRecordAudio: track:58 uid:10014 pkg:com.oculus.shellenv usage:0 not muted
10-10 19:14:53.116   759  1408 D AF::TrackHandle: OpPlayAudio: track:59 uid:10014 pkg:com.oculus.shellenv usage:1 not muted
10-10 19:14:53.116   759 10362 D AF::RecordHandle: OpRecordAudio: track:127 uid:10032 pkg:com.oculus.horizon usage:0 not muted
10-10 19:14:53.120  3282  3282 D [SUI] ActivityManagerUtilsHelper: onForegroundActivitiesChanged: Instance: com.oculus.panelapp.anytimeui.utils.ActivityManagerUtilsHelper@7b1573a, Pid: 3631, Tid: 10020, foregroundActivities: true, foreground app: com.oculus.shellenv, previous app: com.epicgames.PrototypeV3
10-10 19:14:53.126  3282  3282 D [SUI] ActivityManagerUtilsHelper: onForegroundActivitiesChanged: Instance: com.oculus.panelapp.anytimeui.utils.ActivityManagerUtilsHelper@e05b275, Pid: 3631, Tid: 10020, foregroundActivities: true, foreground app: com.oculus.shellenv, previous app: com.epicgames.PrototypeV3
10-10 19:14:53.127  3282  3282 D [SUI] ActivityManagerUtilsHelper: onForegroundActivitiesChanged: Instance: com.oculus.panelapp.anytimeui.utils.ActivityManagerUtilsHelper@f9e83d6, Pid: 3631, Tid: 10020, foregroundActivities: true, foreground app: com.oculus.shellenv, previous app: com.epicgames.PrototypeV3
10-10 19:14:53.127  3282  3282 D [SUI] ActivityManagerUtilsHelper: onForegroundActivitiesChanged: Instance: com.oculus.panelapp.anytimeui.utils.ActivityManagerUtilsHelper@2a09229, Pid: 3631, Tid: 10020, foregroundActivities: true, foreground app: com.oculus.shellenv, previous app: com.epicgames.PrototypeV3
10-10 19:14:53.128  3282  3282 D [SUI] ActivityManagerUtilsHelper: onForegroundActivitiesChanged: Instance: com.oculus.panelapp.anytimeui.utils.ActivityManagerUtilsHelper@62b50a1, Pid: 3631, Tid: 10020, foregroundActivities: true, foreground app: com.oculus.shellenv, previous app: com.epicgames.PrototypeV3
10-10 19:14:53.128  3282  3282 D [SUI] ActivityManagerUtilsHelper: onForegroundActivitiesChanged: Instance: com.oculus.panelapp.anytimeui.utils.ActivityManagerUtilsHelper@8dc9597, Pid: 3631, Tid: 10020, foregroundActivities: true, foreground app: com.oculus.shellenv, previous app: com.epicgames.PrototypeV3
10-10 19:14:53.130  3282  3282 D CppPanelService: onDestroy()
10-10 19:14:53.131  3282  3282 D [SUI] ActivityManagerUtilsHelper: onForegroundActivitiesChanged: Instance: com.oculus.panelapp.anytimeui.utils.ActivityManagerUtilsHelper@2895472, Pid: 3322, Tid: 10014, foregroundActivities: true, foreground app: com.oculus.shellenv, previous app: com.oculus.vrshell
10-10 19:14:53.131  3282  3282 I PanelService: VR Shell socket closed(ECONNRESET); shutting down fd: 53
10-10 19:14:53.131  3282  3282 I PanelService: Quitting application via hardExit flag. Shutting down fd 53.
10-10 19:14:53.131  3282  3282 V LifecycleAwareViewModelStore: LifecycleAwareViewModelStore destroyed
10-10 19:14:53.131  3282  3282 V LifecycleAwarePanelApp: PanelApp lifecycle moved to final state: DESTROYED
10-10 19:14:53.131  3282  3282 I AndroidPanelApp: Destroyed
10-10 19:14:53.131  3282  3282 D [SUI] PauseDestinationView: Destroying PauseDestinationView
10-10 19:14:53.132  3282  3282 D [SUI] AnytimeUIPanelAppBase: Releasing viewModel SharingViewModel refCount: 0
10-10 19:14:53.132  3282  3282 D [SUI] SharingViewModel: Destroying ViewModel
10-10 19:14:53.138  3282  3282 D [SUI] SharingViewModel: clearAbuseReportRecordingTimer
10-10 19:14:53.138  3282  3282 D [SUI] PauseDestinationViewModel: Destroying PauseDestinationViewModel
10-10 19:14:53.138  3282  3282 D [SUI] GraphQLExecutor: Destroying
10-10 19:14:53.138  3282  3282 D [SUI] GraphQLExecutor: Destroying
10-10 19:14:53.138  1343  1343 D VrRuntimeService: onForegroundActivitiesChanged: pid=3322, uid=10014, hasForegroundActivities=true
10-10 19:14:53.138  3282  3282 I PresenceAPK(ServicePresenceClient): ServicePresenceClient close
10-10 19:14:53.138  3282  3282 I PresenceAPK(GroupManager): removeListener with id AnchoredHomeGroup
10-10 19:14:53.138  3282  3282 I PresenceAPK(ServiceApiManager): onApiNotReady
10-10 19:14:53.139  3282  3282 D PresenceAPK(ServicePresenceClient): Calling onServiceDown
10-10 19:14:53.139  3282  3282 I PresenceAPK(GroupManager): disconnected
10-10 19:14:53.145  1048  1578 I DisplayManagerService: Display device removed: DisplayDeviceInfo{"com.oculus.android_panel_app.AndroidPanelLayer-#main": uniqueId="virtual:com.oculus.systemux,10026,com.oculus.android_panel_app.AndroidPanelLayer-#main,1", 1000 x 625, modeId 258, defaultModeId 258, supportedModes [{id=258, width=1000, height=625, fps=60.0}], colorMode 0, supportedColorModes [0], HdrCapabilities null, density 200, 200.0 x 200.0 dpi, appVsyncOff 0, presDeadline 16666666, touch NONE, rotation 0, type VIRTUAL, state ON, owner com.oculus.systemux (uid 10026), FLAG_PRIVATE, FLAG_NEVER_BLANK, FLAG_OWN_CONTENT_ONLY}
10-10 19:14:53.145  1343  2871 I VrRuntimeService: DestroySwapChain: swapchain=455
10-10 19:14:53.146  1048  6399 E InputDispatcher: Window handle Window{bf7751f u0 com.oculus.systemux} has no registered input channel
10-10 19:14:53.155  3282  3282 D [SUI] ActivityManagerUtilsHelper: onForegroundActivitiesChanged: Instance: com.oculus.panelapp.anytimeui.utils.ActivityManagerUtilsHelper@b88fc02, Pid: 3322, Tid: 10014, foregroundActivities: true, foreground app: com.oculus.shellenv, previous app: com.oculus.vrshell
10-10 19:14:53.155  3631  3692 I chatty  : uid=10020(com.oculus.vrshell) ShellMainVR expire 6 lines
10-10 19:14:53.168  3322  3322 D ActivityLifecycleListener: onActivityResumed
10-10 19:14:53.168  3322  4614 D ActivityLifecycleListener: activity=com.oculus.shellenv.ShellEnvActivity@621f9a9, resumed=true
10-10 19:14:53.168  3322  4614 D ActivityLifecycleListener: Activity ready after 0ms
10-10 19:14:53.168  3322  4614 I OpenXR  : nativeOnActivityReady
10-10 19:14:53.169  3631  3631 D [SEO] ShellEnvOverlayService: onStartCommand() with action com.oculus.vrshell.SHELL_ENV_NEW_INTENT
10-10 19:14:53.169  3631  3631 E [SEO] ShellApplication: Failed to verify identity of calling application for app launch flow. Bundle is missing handshake binder!
10-10 19:14:53.169  3631  3631 W [SEO] IntentParser: Got intent with null or empty value for key "intent_cmd"
10-10 19:14:53.170  3631  3692 I [SEO] ShellApp: 0xc51f7c00 msg: intent
10-10 19:14:53.170  3631  3692 I [SEO] ShellApp: Ignoring empty launch intent action com.oculus.vrshell.SHELL_ENV_NEW_INTENT
10-10 19:14:53.187  3282  3282 W OVRLibrary: null cursor received for query content://com.oculus.ocms.library/apps/com.oculus.shellenv
10-10 19:14:53.188  1343 17308 I CompositorVR: SetSchedFifo( tid=17649, pol=2, pri=0 ) succeeded
10-10 19:14:53.188  3282  3282 D [SUI] AnytimeUIAndroidPanelApp: Received appStatus from VrShell: [{"name":"com.oculus.systemux\/com.oculus.panelapp.destinationui.DestinationUiPanelService","panels":[{"panelId":16,"state":"Focused"}]}]
10-10 19:14:53.189  3282 18339 W OVRLibrary: null cursor received for query content://com.oculus.ocms.library/apps/com.oculus.vrshell
10-10 19:14:53.201  3322  3357 I Clay    : BaseApp: Hibernate transition Unhibernate
10-10 19:14:53.201  3322  3357 I Clay    : copresence: microphone state transition, unpaused
10-10 19:14:53.201  3322  3357 I Clay    : SoundSystem: setPaused(false), m_paused=true
10-10 19:14:53.202  1410  1410 V AvrcpMediaPlayerList: onPlaybackConfigChanged(): Configs list size=7
10-10 19:14:53.210  3322  3357 I Clay    : EnvironmentSystem: computed visibility changed from Unload to Visible (reason: <none>)
10-10 19:14:53.211  3282  3282 W OVRLibrary: null cursor received for query content://com.oculus.ocms.library/apps/paused_app
10-10 19:14:53.211  3282  3282 D NotificationView: Toast hover entered
10-10 19:14:53.211  3322  3357 I OpenXR  : PostSessionStateChange: XR_SESSION_STATE_IDLE -> XR_SESSION_STATE_READY
10-10 19:14:53.215  3322  3357 I Clay    : xrPollEvent: DISPLAY_REFRESH_RATE_CHANGED_FB: 90.000000 -> 72.000000
10-10 19:14:53.215  3322  3357 I Clay    : xrPollEvent: SESSION_STATE_CHANGED: READY
10-10 19:14:53.215  3322  3357 I Clay    : Entering VR mode: cpu=-1, gpu=-1, perf threads: main=3357, gpu=unset
10-10 19:14:53.215  3322  3357 I OpenXR  : ------------ xrBeginSession [start] -----------
10-10 19:14:53.215  3322  3357 I VrRuntimeClient: Tracing is disabled
10-10 19:14:53.215  3322  3357 I VrRuntimeClient: SysProp debug mode is disabled on Client side
10-10 19:14:53.217  3322  3357 D VrApi   : targetSDKVersion 29
10-10 19:14:53.219  3282 18747 W OVRLibrary: null cursor received for query content://com.oculus.ocms.library/apps/com.oculus.shellenv
10-10 19:14:53.220  3322  3357 I VrRuntimeClient: DEVICE MODEL NUMBER = Quest 2
10-10 19:14:53.220  3322  3357 I VrRuntimeClient: DEVICE BUILD NAME = user-44041400838600000
10-10 19:14:53.220  3322  3357 I VrRuntimeClient: DEVICE BUILD TYPE = user
10-10 19:14:53.220  3322  3357 I VrRuntimeClient: DEVICE OS VERSION = 10
10-10 19:14:53.220  3322  3357 I VrRuntimeClient: API LOADER VERSION = 1.0.22
10-10 19:14:53.220  3322  3357 I VrRuntimeClient: RUNTIME API VERSION = 1.0.24
10-10 19:14:53.220  3322  3357 I VrRuntimeClient: RUNTIME VERSION = 44.0.0.179.377 Sep 22 2022 16:37:53 RELEASE
10-10 19:14:53.220  3322  3357 I VrRuntimeClient: APP NAME = ShellEnv
10-10 19:14:53.220  3322  3357 I VrRuntimeClient: APP VERSION = 44.0.0.179.377 versionCode 401349906 internalVersionName 44.0.0.179.377.023bee8327ef 2022_09_22_16_47
10-10 19:14:53.220  3322  3357 I VrRuntimeClient: APP VR TYPE = vr_only
10-10 19:14:53.220  3322  3357 I VrRuntimeClient: APP MODE TYPE = VR
10-10 19:14:53.220  3322  3357 I VrRuntimeClient: APP PACKAGE NAME = com.oculus.shellenv
10-10 19:14:53.220  3322  3357 I VrRuntimeClient: APP ACTIVITY CLASS = com.oculus.shellenv.ShellEnvActivity
10-10 19:14:53.220  3322  3357 I Sensor  : OSSDKTRACKING Initializing head tracking
10-10 19:14:53.220  3322  3357 I Sensor  : OSSDKTRACKING Head tracker != nullpointer 0x7c8a137af8, 1
10-10 19:14:53.220  3322  3357 I Sensor  : OSSDKTRACKING Initializing controller tracking
10-10 19:14:53.220  3322  3357 I Sensor  : OSSDKTRACKING Controller tracker != nullpointer 0x7bf84a6f10, 1
10-10 19:14:53.220  3322  3357 D BatteryReceiver: Registering battery receiver
10-10 19:14:53.223  3322  3357 D HeadsetReceiver: getCurrentHeadsetState: false
10-10 19:14:53.223  3322  3357 I DeviceStatus: nativeHeadsetEvent(0)
10-10 19:14:53.224  3322  3357 I VrRuntimeClient: SetCompositorClientFeatureFlag ClientFeatureFlag 0 
10-10 19:14:53.224  3322  3357 I LogTimer: CPUTIME: VrRuntimeClient_BeginSession took 9.0790 ms
10-10 19:14:53.224  3282  3282 D [SUI] AnytimeUIAndroidPanelApp: Received appStatus from VrShell: []
10-10 19:14:53.224  3322  3357 I ClientInputInterface: DEADRECKONING SetControllerTrackingExtendedDeadreckoning 0
10-10 19:14:53.224  3322  3357 I ClientInputSettings: HANDTRACKING package name is com.oculus.shellenv
10-10 19:14:53.225   735   735 D msm8974_platform: platform_split_snd_device: snd_device(2) num devices(1) new_snd_devices(0)
10-10 19:14:53.225   735   735 D ACDB-LOADER: ACDB -> send_audvoltable
10-10 19:14:53.225   735   735 D ACDB-LOADER: ACDB -> ACDB_CMD_GET_AUDPROC_INSTANCE_GAIN_DEP_STEP_TABLE_SIZE
10-10 19:14:53.225   735   735 D         : Failed to fetch the lookup information of the device 0000000F 
10-10 19:14:53.225   735   735 D ACDB-LOADER: Error: ACDB_CMD_GET_AUDPROC_INSTANCE_GAIN_DEP_STEP_TABLE_SIZE Returned = -19
10-10 19:14:53.225   735   735 D ACDB-LOADER: ACDB -> ACDB_CMD_GET_AUDPROC_INSTANCE_GAIN_DEP_STEP_TABLE, vol index 11
10-10 19:14:53.225   735   735 D         : Failed to fetch the lookup information of the device 0000000F 
10-10 19:14:53.225   735   735 D ACDB-LOADER: Error: ACDB AudProc vol returned = -19
10-10 19:14:53.225   735   735 D ACDB-LOADER: ACDB -> AUDIO_SET_VOL_CAL cal type = 40
10-10 19:14:53.226  3322  3357 I ClientInputSettings: HANDTRACKING: Manifest Permission request for com.oculus.shellenv
10-10 19:14:53.227  3322  3357 I ClientInputSettings: HANDTRACKING:  'com.oculus.shellenv' Is hands or controller.
10-10 19:14:53.227  3322  3357 I ClientInputSettings: HANDTRACKING: feature flag set to 2
10-10 19:14:53.227  3322  3357 I ClientInputInterface: HANDTRACKING sethandmanifest 2
10-10 19:14:53.227  3322  3357 I InputHooks_Internal: Enabling Native Input Hooks
10-10 19:14:53.227  3322  3357 I InputDeviceManager: ovrInputDeviceManager::Initialize
10-10 19:14:53.227  3322  3357 I Distortion: Initializing Mesh Decenter Correction
10-10 19:14:53.228   875   875 W TrackingService: attachClient: found client in attached list
10-10 19:14:53.229   861  3125 E CalibrationProvider: loadCalibration(LDISP_SN) failed: Calibration store didn't load any info
10-10 19:14:53.229   861  3125 E CalibrationProvider: loadCalibration(RDISP_SN) failed: Calibration store didn't load any info
10-10 19:14:53.229   875   875 D TrackingService: getSharedMemory: com.oculus.shellenv#3322, Controller
10-10 19:14:53.229  3322  3357 I Distortion: SetLensPositions - iad=0.0629849, left offset=-0.00026837,-0.00102733, right offset=0.000147536,-0.00104481
10-10 19:14:53.229  3322  3357 I Distortion: Initializing Mesh Decenter Correction
10-10 19:14:53.229  3322 18814 I InputDevice_TrackedRemote: REMOTE: Hand=2 IndexAnalog=0.00 GripAnalog=0.00 Buttons=0x00000000
10-10 19:14:53.229  3322 18814 I InputDevice_TrackedRemote: REMOTE: Hand=1 IndexAnalog=0.00 GripAnalog=0.00 Buttons=0x00000000
10-10 19:14:53.229  3322 18814 I InputDeviceManager: HANDTRACKING Pointer filter profile changed to: 0
10-10 19:14:53.229  3322 18814 I InputDeviceManager: HANDTRACKING Pointer filter profile changed to: 0
10-10 19:14:53.229  3322 18814 I InputDeviceManager: HANDTRACKING Root pose filter profile changed for (version, freq) to (2, 1) from (1,2)
10-10 19:14:53.229   861  3125 E CalibrationProvider: loadCalibration(LDISP_SN) failed: Calibration store didn't load any info
10-10 19:14:53.230   861  3125 E CalibrationProvider: loadCalibration(RDISP_SN) failed: Calibration store didn't load any info
10-10 19:14:53.230  3322  3357 I Distortion: SetLensPositions - iad=0.0629849, left offset=-0.00026837,-0.00102733, right offset=0.000147536,-0.00104481
10-10 19:14:53.230  3322  3357 I Distortion: Created custom distortion mesh.
10-10 19:14:53.230  3322  3357 I PhaseSync: PhaseSync::PhaseSync PaddingLowerLimit 0.350000 StandardDeviations 2.000000 PaddingUpperLimit 0.750000 on instance 17
10-10 19:14:53.230  3322  3357 I VrRuntimeClient: PhaseSync Instance created
10-10 19:14:53.230  3322  3357 D VrRuntimeClient: pokeGuardianUserServiceForThisClient: com.oculus.shellenv:10014
10-10 19:14:53.239  3322  3357 D VrRuntimeClient: VrRuntimeClient: getClientWindow: activity client
10-10 19:14:53.239  2962  2962 D VrGuardianUserService: onStartCommandIntent { act=FOREGROUND_CLIENT cmp=com.oculus.guardian/com.oculus.vrguardianservice.VrGuardianUserService (has extras) }
10-10 19:14:53.239  2962  2962 D VrGuardianUserService: maybeSubscribeDeviceConfig
10-10 19:14:53.239  1343  3405 I VrRuntimeService: RuntimeServiceSDKServer::EnableRendering: 0x7c2fda2440, 1, com.oculus.shellenv
10-10 19:14:53.239  1343  3405 I ClientMgr: ClientMgr::EnableRendering 3322:com.oculus.shellenv : type 0 comp-id 5: enable
10-10 19:14:53.239  1343  3405 I CompositorVR: CheckDebuggerConnected: debugger 0
10-10 19:14:53.239  1343  3405 I VrRuntimeServer: SysProp debug mode is disabled on Server side
10-10 19:14:53.240  2962  2962 D VrGuardianUserService: onStartCommand FOREGROUND_CLIENT user = 0
10-10 19:14:53.240  2962  2962 D VrGuardianService: setCurrentUser() called with: userId = [0]
10-10 19:14:53.240  2962  2962 I VrGuardianService: nativeSetCurrentUser userid = 0
10-10 19:14:53.240  2962  2962 I GuardianSystem: GuardianSystem::SetCurrentUser: 0 
10-10 19:14:53.242  3282 18339 W OVRLibrary: null cursor received for query content://com.oculus.ocms.library/apps/paused_app
10-10 19:14:53.246  1343  3405 I UnifiedTelemetryWrapper: Started UT session render:com.oculus.shellenv
10-10 19:14:53.249  3322  3357 I ScreenCaptureHelper: Advertising com.oculus.shellenv as streamable
10-10 19:14:53.249  3322  3357 I VrApi   : OVR::Stats thread started
10-10 19:14:53.249  3322  3357 I XrRuntimeUtils: XrRuntimeUtils::BeginSession
10-10 19:14:53.249  3322  3357 I XrRuntimeSystem_Client: BeginSession
10-10 19:14:53.249  3322  3357 I OpenXR  : ------------ xrBeginSession [end] -----------
10-10 19:14:53.250  3322  3357 I Clay    : Setting CPU/GPU levels= 25/75
10-10 19:14:53.250  3322  3357 I VrRuntimeClient: Client has lost focus.
10-10 19:14:53.251  1343  2771 I ClientMgr: Non-overlay clients rendering status has changed: prev=53, curr=54, enabled=2
10-10 19:14:53.253  3322 18821 I FenceChecker: FenceChecker::MainLoop - started
10-10 19:14:53.253  1343  2771 D VrRuntimeService: ForegroundAppInfo = {uid=10014 pid=3322 packageName=com.oculus.shellenv processName=com.oculus.shellenv
10-10 19:14:53.253  1343  2771 I ClientMgr: GetForegroundClientId: Found foreground uid 10014.
10-10 19:14:53.253  1343  2771 I ClientMgr: Primary client determined to be foreground client: com.oculus.shellenv.
10-10 19:14:53.253  1343  2771 I ClientMgr: ClientMgr::SetPrimaryCompositorClient: 3322:com.oculus.shellenv
10-10 19:14:53.253  1343  2771 W ClientMgr: ClientMgr::GetClientPermissionFlagsById: Client missing proper permissions: com.oculus.shellenv, 2
10-10 19:14:53.253  1343  2771 I TimeWarpClientMgr: Enable client 5
10-10 19:14:53.253  1343  2771 I VrRuntimeServer: EnableCompositorClient client(5): layer placement(0) flags(1) sm(0x7c8cb06010)
10-10 19:14:53.253  1343  2771 I ClientMgr: SetPrimaryPackageName - packageName com.oculus.shellenv processName com.oculus.shellenv clientId 1766745297 clientPid 3322
10-10 19:14:53.253  1343  2771 I ServiceInputManager: ServiceInputManager::SetPrimaryPackageName 'com.oculus.shellenv' 'com.oculus.shellenv'  updated AnytimeUI processname 0
10-10 19:14:53.253  1343  2771 I VrRuntimeService: RuntimeIPC: SendPrimaryPackageChangeEvent: PostClientEvent SUCCESS: com.epicgames.PrototypeV3:com.epicgames.PrototypeV3:17498, com.oculus.shellenv, com.oculus.shellenv
10-10 19:14:53.253  1343  2771 I VrRuntimeService: RuntimeIPC: SendPrimaryPackageChangeEvent: PostClientEvent SUCCESS: com.oculus.shellenv:com.oculus.shellenv:3322, com.oculus.shellenv, com.oculus.shellenv
10-10 19:14:53.253  1343  2771 I VrRuntimeService: RuntimeIPC: SendPrimaryPackageChangeEvent: PostClientEvent SUCCESS: com.oculus.vrshell:com.oculus.vrshell:3631, com.oculus.shellenv, com.oculus.shellenv
10-10 19:14:53.253  1343  2771 I VrRuntimeService: RuntimeIPC: SendPrimaryPackageChangeEvent: PostClientEvent SUCCESS: com.oculus.mrservice:com.oculus.mrservice:1700, com.oculus.shellenv, com.oculus.shellenv
10-10 19:14:53.253  1343  2771 I VrRuntimeService: RuntimeIPC: SendPrimaryPackageChangeEvent: PostClientEvent SUCCESS: com.oculus.vrshell:com.oculus.vrshell:Overlay:2171, com.oculus.shellenv, com.oculus.shellenv
10-10 19:14:53.253  1343  2771 I VrRuntimeService: RuntimeIPC: SendPrimaryPackageChangeEvent: PostClientEvent SUCCESS: com.oculus.guardian:com.oculus.vrguardianservice:2962, com.oculus.shellenv, com.oculus.shellenv
10-10 19:14:53.253  1343  2771 D VrRuntimeService: sendPrimaryPackageChangeBroadcast
10-10 19:14:53.255  3631  3631 D [SEO] BaseOverlayService: screenStateReceiver Received broadcast: com.oculus.vrshell.intent.action.PRIMARY_PACKAGE_CHANGED
10-10 19:14:53.255  1343  2771 I AADT    : SetAADTLutDataX: 0
10-10 19:14:53.255  1343  2771 I AADT    : SetAADTLutDataY: 0
10-10 19:14:53.255  1343  2771 I ServiceInputManager: DEADRECKONING deadReckoning mode on ClientMgr from server is 0
10-10 19:14:53.255  1343  2771 I TimeWarpClientMgr: Enable client 0
10-10 19:14:53.255  1343  2771 I VrRuntimeServer: EnableCompositorClient client(0): layer placement(2147483643) flags(8) sm(0x7c3964b160)
10-10 19:14:53.255  3322  3357 I OpenXR  : PostSessionStateChange: XR_SESSION_STATE_READY -> XR_SESSION_STATE_SYNCHRONIZED
10-10 19:14:53.256  2171  2171 D [OAO] BaseOverlayService: screenStateReceiver Received broadcast: com.oculus.vrshell.intent.action.PRIMARY_PACKAGE_CHANGED
10-10 19:14:53.256  2171  2171 I [OAO] ShellOverlayServiceJNI: NativeSendOverlayCommand
10-10 19:14:53.256  3322  3357 I Clay    : xrPollEvent: SESSION_STATE_CHANGED: SYNCHRONIZED
10-10 19:14:53.256  2171  2171 I [OAO] ShellOverlayServiceJNI: NativeWake
10-10 19:14:53.256  2171  2171 I [OAO] ShellOverlayMain: WakeVrThread
10-10 19:14:53.256  2171  2171 I [OAO] ShellOverlayMain: WakeVrThread - notifying vr thread
10-10 19:14:53.257  1343 17308 I CompositorVR: LatchWarpClients: Multiple Primary Clients detected. Skipping frames for 18
10-10 19:14:53.258  3631  3631 D [SEO] ShellEnvOverlayService: Message Handler: onResume
10-10 19:14:53.258  3631  3692 I [SEO] ShellApp: 0xc51f7c00 msg: resume
10-10 19:14:53.258  1343 17308 I CompositorVR: SetSchedFifo( tid=3357, pol=3, pri=0 ) succeeded
10-10 19:14:53.258  3631  3692 I [SEO] ShellApp: ---------- ShellApp::EnterVrMode() ----------
10-10 19:14:53.258  3631  3692 D [SEO] ShellApplication: setOverlayInputFocus: inputFocus=true shouldSupportIME=true
10-10 19:14:53.258  3631  3692 D [SEO] BaseOverlayService: setOverlayInputFocus : entrypoint - inputFocus=true shouldSupportIME=true
10-10 19:14:53.258  3631  3631 D [SEO] BaseOverlayService: attachServiceWindowView shouldSupportIME:true
10-10 19:14:53.258  3631  3692 I [SEO] ShellTransitionState: Logging ShellTransitionState to dumpsys: {"state":"Foregrounding","timeMillis":"14741080"}
10-10 19:14:53.258  3631  3692 I [SEO] VrPlatformOpenXr: Setting clock levels to cpu=2, gpu=4
10-10 19:14:53.258  3631  3692 I [SEO] VrPlatformOpenXr: Setting perf thread tids to main=3692, render=unset
10-10 19:14:53.258  3631  3692 I OpenXR  : ------------ xrBeginSession [start] -----------
10-10 19:14:53.258  3631  3692 I VrRuntimeClient: Tracing is disabled
10-10 19:14:53.258  1343 17308 I CompositorVR: SetSchedFifo( tid=18821, pol=3, pri=0 ) succeeded
10-10 19:14:53.258  3631  3692 I VrRuntimeClient: SysProp debug mode is disabled on Client side
10-10 19:14:53.258  1343 17308 I AADT    : SetAADTLutDataX. Thread. SizeX: 0
10-10 19:14:53.258  1343 17308 I AADT    : SetAADTLutDataY. Thread. SizeY: 0
10-10 19:14:53.262  2962  3053 I GuardianSystem: runtimeServiceSDKClient_.ForceShowGuardianEvent
10-10 19:14:53.262  2962  3053 I GuardianSystem: ForceShowGuardian: false, 0.00
10-10 19:14:53.262  2962  3053 I GuardianSystem: runtimeServiceSDKClient_.PackageChangeEvent: package=[com.oculus.shellenv], process=[com.oculus.shellenv]
10-10 19:14:53.262  2962  3053 I GuardianSystem: SetCurrentProcessName: com.oculus.shellenv, previous ProcessName: com.epicgames.PrototypeV3
10-10 19:14:53.263  3631  3692 D VrApi   : targetSDKVersion 29
10-10 19:14:53.263  2022  2022 I OVRMediaService: onStartCommand Received message type: set_package_name, caller package: no_app_identity, app identify: null
10-10 19:14:53.263  2022  2022 I OVRMediaService: Got package name intent (com.oculus.shellenv)
10-10 19:14:53.265  1343  2771 I Vsync   : Adjusting vsync display refresh rate 72.000000 -> 90.000000
10-10 19:14:53.266  1048 13764 W AppOps  : Noting op not finished: uid 10020 pkg com.oculus.vrshell code 24 time=1665425693071 duration=-1
10-10 19:14:53.266  3322 18819 D VrApi   : targetSDKVersion 29
10-10 19:14:53.267  1343 17308 I CompositorVR: WarpToScreen: Skipping frames for 18
10-10 19:14:53.267  1048 13764 E WindowManager: App trying to use insecure INPUT_FEATURE_NO_INPUT_CHANNEL flag. Ignoring
10-10 19:14:53.267  1343  1343 D VrRuntimeService: onForegroundActivitiesChanged: pid=3631, uid=10020, hasForegroundActivities=false
10-10 19:14:53.269  2022  2022 I OVRMediaServiceManager: Sending onAppStart (com.oculus.shellenv) to SocialPlatform (com.oculus.socialplatform.infra)
10-10 19:14:53.270  3631  3692 I VrRuntimeClient: DEVICE MODEL NUMBER = Quest 2
10-10 19:14:53.270  2171  2948 I [OAO] ShellOverlayApp: 0xc55eec20 msg: overlayCommand:
10-10 19:14:53.270  2171  2948 I [OAO] ShellOverlayApp: command = primaryPackageChanged
10-10 19:14:53.270  2171  2948 I [OAO] ShellOverlayApp: Process_OverlayCommand command : primaryPackageChanged
10-10 19:14:53.270  3631  3692 I VrRuntimeClient: DEVICE BUILD NAME = user-44041400838600000
10-10 19:14:53.270  3631  3692 I VrRuntimeClient: DEVICE BUILD TYPE = user
10-10 19:14:53.270  3631  3692 I VrRuntimeClient: DEVICE OS VERSION = 10
10-10 19:14:53.270  3631  3692 I VrRuntimeClient: API LOADER VERSION = 1.0.22
10-10 19:14:53.270  3631  3692 I VrRuntimeClient: RUNTIME API VERSION = 1.0.24
10-10 19:14:53.270  3631  3692 I VrRuntimeClient: RUNTIME VERSION = 44.0.0.179.377 Sep 21 2022 20:21:39 RELEASE
10-10 19:14:53.270  3631  3692 I VrRuntimeClient: APP NAME = Oculus App Runtime
10-10 19:14:53.270  3631  3692 I VrRuntimeClient: APP VERSION = 44.0.0.179.379 versionCode 401350480 internalVersionName 44.0.0.179.379.023bee8327ef 2022_09_22_16_23
10-10 19:14:53.270  3631  3692 I VrRuntimeClient: APP VR TYPE = vr_only
10-10 19:14:53.270  3631  3692 I VrRuntimeClient: APP MODE TYPE = VR
10-10 19:14:53.270  3631  3692 I VrRuntimeClient: APP PACKAGE NAME = com.oculus.vrshell
10-10 19:14:53.270  3631  3692 I VrRuntimeClient: APP ACTIVITY CLASS = com.oculus.vrshell.ShellApplication
10-10 19:14:53.270  3631  3692 I Sensor  : OSSDKTRACKING Initializing head tracking
10-10 19:14:53.270  3631  3692 I Sensor  : OSSDKTRACKING Head tracker != nullpointer 0xc34fc488, 1
10-10 19:14:53.270  3631  3692 I Sensor  : OSSDKTRACKING Initializing controller tracking
10-10 19:14:53.270  2171  2948 I [OAO] ShellOverlayApp: UpdatePrimaryPackage forceSilentUpdate:0
10-10 19:14:53.270  3631  3692 I Sensor  : OSSDKTRACKING Controller tracker != nullpointer 0xc34fc490, 1
10-10 19:14:53.270  3631  3692 D BatteryReceiver: Registering battery receiver
10-10 19:14:53.270  2171  2948 I [OAO] ShellOverlayApp: UpdatePrimaryPackage Requested for PackageName:com.oculus.shellenv
10-10 19:14:53.270  2171  2948 I [OAO] ShellOverlayApp: UpdatePrimaryPackage - Previous package:[com.oculus.shellenv] immersive app changed:1
10-10 19:14:53.270  2171  2948 I [OAO] OverlayFlowController: OnPrimaryPackageChange primaryPackage:com.oculus.shellenv immersiveAppChanged:1 forceSilentUpdate:0
10-10 19:14:53.270  2171  2948 I [OAO] OverlayFlowController: Non system primary client change: ready to sleep
10-10 19:14:53.270  2171  2948 I [OAO] OverlayFlowController: Reset resetReason : ReturnToShellHome
10-10 19:14:53.270  2171  2948 I [OAO] OverlayFlowController: Reset resetting current flow : OverlayDesktopFlow
10-10 19:14:53.270  2171  2948 I [OAO] OverlayDesktopFlow: Deactivated
10-10 19:14:53.270  2171  2948 I [OAO] DesktopPanelController: Backgrounded desktop Tablet with reason flowDeactivation
10-10 19:14:53.270  2171  2948 I [OAO] OverlayDesktopFlow: OverlayDesktopFlow Reset
10-10 19:14:53.270  2171  2948 I [OAO] DesktopPanelControllerAnalytics: DesktopPanelControllerAnalytics flushing telemetry
10-10 19:14:53.270  2171  2948 I [OAO] DesktopPanelControllerAnalytics: FlushPendingDesktopMetrics Tablet
10-10 19:14:53.270  2171  2948 I [OAO] DesktopPanelControllerAnalytics: DesktopPanelControllerAnalytics flushing telemetry
10-10 19:14:53.270  2171  2948 I [OAO] SystemAssistant: OnModeChanged from Paused to FullShell
10-10 19:14:53.271  1343 17308 I SwapChain: DestroyAndroidSurfaceSwapChain: 0x7c16724000: Destroying SurfaceTexture 0x2eca Surface 0x2e9a
10-10 19:14:53.272  1343  1343 I ClientMgr: FocusedWindowChanged: falling back to client with same uid: 10020, and pid: 3631
10-10 19:14:53.275  2962  3053 I StateMachine: StateMachine::Update ForceShow: stopForceShow -> ForceShowOff
10-10 19:14:53.279  1343  3052 I VrRuntimeService: RuntimeServiceSDKServer::SetGuardianSystemState: 593440871
10-10 19:14:53.280  1343 17308 I CompositorVR: WarpToScreen: Skipping frames for 18
10-10 19:14:53.284  2171  2948 I [OAO] SystemAssistant: Assistant panel is not active. Command [hide-attention-instant] could not be sent
10-10 19:14:53.285  2171  2948 I [OAO] PanelAppHost: PanelAppHost destructor, panel 13 (com.oculus.systemux/com.oculus.panelapp.anytimeui.AnytimeUIAndroidPanelService)
10-10 19:14:53.285  2171  2948 I [OAO] PanelAppHost: Panel app 13 (com.oculus.systemux/com.oculus.panelapp.anytimeui.AnytimeUIAndroidPanelService) changing state from foreground to shutdown
10-10 19:14:53.286  2171  2948 D [OAO] ShellApplication: Unbinding service for panel app id 13
10-10 19:14:53.290   892  1217 D VrApiService: refresh-rate changed to 90Hz
10-10 19:14:53.290  1343  2771 I VrRuntimeServer: DisableCompositorClient: 0
10-10 19:14:53.290  1343  2771 I TimeWarpClientMgr: Disable client 0
10-10 19:14:53.290  1343  2771 I TimeWarpClientMgr: DisableClient: frame flush required: 1
10-10 19:14:53.291  1343  1343 I ClientMgr: FocusedClient changed.
10-10 19:14:53.291  1343  1343 I ClientMgr: ClientMgr::SetFocusedClient: 3631:com.oculus.vrshell type 1
10-10 19:14:53.291  1343  1343 I ClientMgr: SetFocusedPackageName - packageName com.oculus.vrshell processName com.oculus.vrshell clientId 2720395890 clientPid 3631
10-10 19:14:53.291  1343  1343 I VrRuntimeService: RuntimeIPC: SendFocusChangeEventToAllClients: PostClientEvent SUCCESS: com.epicgames.PrototypeV3:com.epicgames.PrototypeV3:17498, com.oculus.vrshell, com.oculus.vrshell
10-10 19:14:53.291  1343  1343 I VrRuntimeService: RuntimeIPC: SendFocusChangeEventToAllClients: PostClientEvent SUCCESS: com.oculus.shellenv:com.oculus.shellenv:3322, com.oculus.vrshell, com.oculus.vrshell
10-10 19:14:53.291  1343  1343 I VrRuntimeService: RuntimeIPC: SendFocusChangeEventToAllClients: PostClientEvent SUCCESS: com.oculus.vrshell:com.oculus.vrshell:3631, com.oculus.vrshell, com.oculus.vrshell
10-10 19:14:53.291  1343  1343 I VrRuntimeService: RuntimeIPC: SendFocusChangeEventToAllClients: PostClientEvent SUCCESS: com.oculus.mrservice:com.oculus.mrservice:1700, com.oculus.vrshell, com.oculus.vrshell
10-10 19:14:53.291  1343  1343 I VrRuntimeService: RuntimeIPC: SendFocusChangeEventToAllClients: PostClientEvent SUCCESS: com.oculus.vrshell:com.oculus.vrshell:Overlay:2171, com.oculus.vrshell, com.oculus.vrshell
10-10 19:14:53.291  1343  1343 I VrRuntimeService: RuntimeIPC: SendFocusChangeEventToAllClients: PostClientEvent SUCCESS: com.oculus.guardian:com.oculus.vrguardianservice:2962, com.oculus.vrshell, com.oculus.vrshell
10-10 19:14:53.291  2962  3053 I GuardianSystem: UpdateGuardianSystemState: Flags changed: 532480, 524288, SYSTEM_GUARDIAN_VISIBLE,SYSTEM_GUARDIAN_VALID to SYSTEM_GUARDIAN_VALID
10-10 19:14:53.292   752   960 I SDM     : HWCDisplayBuiltIn::Validate: Validate +++ enable cac = 0
10-10 19:14:53.294  1343 17308 I CompositorVR: LatchWarpClients: Multiple Primary Clients detected. Skipping frames for 18
10-10 19:14:53.294  1343 17308 I CompositorVR: WarpToScreen: Skipping frames for 18
10-10 19:14:53.303  3631  3631 D [SEO] BaseOverlayService: setOverlayInputFocus : completed - inputFocus=true shouldSupportIME=true actionTaken:true
10-10 19:14:53.307  2171  2948 I [OAO] SwapChainApiOpenXr: Destroying SwapChain:0xe3e79c00
10-10 19:14:53.308  1343  2871 I VrRuntimeService: DestroySwapChain: swapchain=447
10-10 19:14:53.308  1343  2655 I SwapChain: DestroyAndroidSurfaceSwapChain: 0x7c2fd0b000: Destroying SurfaceTexture 0x2d92 Surface 0x2d82
10-10 19:14:53.308  1343  2871 I VrRuntimeServer: DestroyTextureSwapChain: result destroyswapchain 1
10-10 19:14:53.308  1343 17308 I CompositorVR: WarpToScreen: Skipping frames for 18
10-10 19:14:53.309  3282  3282 I PanelService: VR Shell socket closed(ECONNRESET); shutting down fd: 41
10-10 19:14:53.310  3282  3282 I PanelService: Quitting application via hardExit flag. Shutting down fd 41.
10-10 19:14:53.311  1048  1074 I ActivityTaskManager: Displayed com.oculus.shellenv/.ShellEnvActivity: +223ms
10-10 19:14:53.313  3282  3282 V LifecycleAwareViewModelStore: LifecycleAwareViewModelStore destroyed
10-10 19:14:53.313  3282  3282 V LifecycleAwarePanelApp: PanelApp lifecycle moved to final state: DESTROYED
10-10 19:14:53.313  3282  3282 I AndroidPanelApp: Destroyed
10-10 19:14:53.314  1343 17308 I Vsync   : Vsync 25354:  1 x 11.13 ms (71.82 Hz, at 14741.136)
10-10 19:14:53.319  1343 17308 I CompositorVR: WarpToScreen: Skipping frames for 18
10-10 19:14:53.325  1343 17308 I Vsync   : Vsync 25355:  1 x 11.14 ms (71.82 Hz, at 14741.148)
10-10 19:14:53.331  1343 17308 I CompositorVR: WarpToScreen: Skipping frames for 18
10-10 19:14:53.337  2171  2948 I [OAO] SwapChainApiOpenXr: Destroying SwapChain:0xbe7002c0
10-10 19:14:53.338  1343  2871 I VrRuntimeService: DestroySwapChain: swapchain=453
10-10 19:14:53.338  1343  2871 I VrRuntimeServer: DestroyTextureSwapChain: result destroyswapchain 1
10-10 19:14:53.340  1343 17308 I CompositorVR: WarpToScreen: Skipping frames for 18
10-10 19:14:53.340  3322  3357 I Clay    : xrPollEvent: DISPLAY_REFRESH_RATE_CHANGED_FB: 72.000000 -> 90.000000
10-10 19:14:53.343  3631  3692 D HeadsetReceiver: getCurrentHeadsetState: false
10-10 19:14:53.343  3631  3692 I DeviceStatus: nativeHeadsetEvent(0)
10-10 19:14:53.343  3282  3282 D [SUI] AnytimeUIPanelAppBase: Releasing viewModel DynamicAppsViewModel refCount: 1
10-10 19:14:53.343  3282  3282 D [SUI] AnytimeUIPanelAppBase: Releasing viewModel SharingViewModel refCount: 0
10-10 19:14:53.343  3282  3282 D [SUI] SharingViewModel: Destroying ViewModel
10-10 19:14:53.344  3322 18819 I JniUtils: ovr_GetCurrentPackageSignature 
10-10 19:14:53.344  2171  2948 I [OAO] SwapChainApiOpenXr: Destroying SwapChain:0xe3e79730
10-10 19:14:53.344  1343  2871 I VrRuntimeService: DestroySwapChain: swapchain=446
10-10 19:14:53.344  1343  2655 I SwapChain: DestroyAndroidSurfaceSwapChain: 0x7c2fc6a000: Destroying SurfaceTexture 0x2efa Surface 0x2eea
10-10 19:14:53.345  1343  2871 I VrRuntimeServer: DestroyTextureSwapChain: result destroyswapchain 1
10-10 19:14:53.345  3322 18819 I Metrics : device name = Oculus Quest 2
10-10 19:14:53.346  2171  2948 I [OAO] SystemDialogController: Reset
10-10 19:14:53.346  2171  2948 I [OAO] DialogControllerManager: Reset resetReason:6
10-10 19:14:53.346  2171  2948 I [OAO] OverlayFlowController: Reset - Resetting lastNonSystemPackageName to empty
10-10 19:14:53.346  2171  2948 I [OAO] OverlayFlowController: OnPrimaryPackageChange Setting lastNonSystemPackageName = com.oculus.shellenv
10-10 19:14:53.346  2171  2948 I [OAO] OsDialogProvider: dialogHostClient disconnected
10-10 19:14:53.346  2171  2948 I RuntimeIPCClientMgr: RuntimeIPCClientMgr::DisconnectFromServer: 0, Client: com.oculus.vrshell:com.oculus.vrshell:Overlay:2171, Server: com.oculus.os.dialoghost:com.oculus.os.dialoghost (DialogHostService)
10-10 19:14:53.347  1676  9563 I RuntimeIPCServerMgr: HandleClientDisconnect: Client: com.oculus.vrshell:com.oculus.vrshell:Overlay:2171, Server: com.oculus.os.dialoghost:com.oculus.os.dialoghost (DialogHostService)
10-10 19:14:53.348  2171  2948 I RuntimeIPCClient: RuntimeIPCClient: Shutdown: Client: com.oculus.vrshell:com.oculus.vrshell:Overlay:2171, Server: com.oculus.os.dialoghost:com.oculus.os.dialoghost (DialogHostService)
10-10 19:14:53.349  2171  2948 I RuntimeIPCApi: ipc_Shutdown
10-10 19:14:53.349  2171  2948 I RuntimeIPCServiceClient: Shutdown: Refs still outstanding: 17, com.oculus.vrshell:Overlay
10-10 19:14:53.349  2171  2948 I [OAO] OverlaySystemUxOsDialogFlow: OverlaySystemUxOsDialogFlow UpdatePrimaryPackage isVrShellPackage:1 isSystemPackage:0
10-10 19:14:53.349  2171  2948 I [OAO] OverlayGuardianPtodFlow: OverlayGuardianPtodFlow UpdatePrimaryPackage lastNonSystemPackage:com.oculus.shellenv isVrShellPackage1
10-10 19:14:53.349  2171  2948 I [OAO] OverlayGuardianFlow: OverlayGuardianFlow UpdatePrimaryPackage lastNonSystemPackage:com.oculus.shellenv isVrShellPackage1
10-10 19:14:53.349  2171  2948 I VrRuntimeClient: Client has lost focus.
10-10 19:14:53.350  2171  2948 I OpenXR  : PostSessionStateChange: XR_SESSION_STATE_FOCUSED -> XR_SESSION_STATE_VISIBLE
10-10 19:14:53.350  2171  2948 I [OAO] VrPlatformOpenXr: xrPollEvent: received XR_TYPE_EVENT_DATA_DISPLAY_REFRESH_RATE_CHANGED_FB event: fromRate 72.000000 -> toRate 90.000000
10-10 19:14:53.350  2171  2948 I [OAO] VrPlatformOpenXr: xrPollEvent: received XR_TYPE_EVENT_DATA_SESSION_STATE_CHANGED: 4 for session 0x2 at time 14741.172271
10-10 19:14:53.350  2171  2948 I [OAO] VrPlatformOpenXr: Session state changed XR_SESSION_STATE_VISIBLE
10-10 19:14:53.350  2171  2948 I [OAO] ShellOverlayApp: ResolveInteractionState: change from InputFocus to None
10-10 19:14:53.350  2171  2948 I [OAO] ShellOverlayApp: LeaveVrMode: Interaction state from InputFocus to None
10-10 19:14:53.350  2171  2948 I [OAO] ShellTransitionState: Logging ShellTransitionState to dumpsys: {"state":"Backgrounding","timeMillis":"14741172"}
10-10 19:14:53.350  2171  2948 I [OAO] ShellOverlayApp: EmptyFrame: Pushing an empty frame
10-10 19:14:53.350  3631  3692 I VrRuntimeClient: SetCompositorClientFeatureFlag ClientFeatureFlag 0 
10-10 19:14:53.350 16116 16181 W REFLECT : RuntimeIPC: !IsClientValid: MarkerPoint
10-10 19:14:53.350  3631  3692 I LogTimer: CPUTIME: VrRuntimeClient_BeginSession took 92.4657 ms
10-10 19:14:53.351 16116 16181 E QplClient: (com.oculus.socialplatform) MarkerPoint failed!
10-10 19:14:53.351  3631  3692 I ClientInputInterface: DEADRECKONING SetControllerTrackingExtendedDeadreckoning 0
10-10 19:14:53.351  3631  3692 I ClientInputSettings: HANDTRACKING package name is com.oculus.vrshell
10-10 19:14:53.351  3282  3282 D [SUI] SharingViewModel: clearAbuseReportRecordingTimer
10-10 19:14:53.351  1343 17308 I CompositorVR: WarpToScreen: Skipping frames for 18
10-10 19:14:53.351  3282  3282 D [SUI] BarView: Destroying BarView
10-10 19:14:53.351  3282  3282 D [SUI] SocialViewModel: removeObserver(): -$$Lambda$SystemStatusView$hvdttGlyfUmlGZJVTLPJRt2c5Fk
10-10 19:14:53.351  3282  3282 D [SUI] AnytimeUIPanelAppBase: Releasing viewModel SocialViewModel refCount: 1
10-10 19:14:53.351  3282  3282 D [SUI] AnytimeUIPanelAppBase: Releasing viewModel SystemStatusViewModel refCount: 0
10-10 19:14:53.351  3282  3282 D [SUI] AnytimeUIPanelAppBase: Releasing viewModel BarViewModel refCount: 1
10-10 19:14:53.352  3282  3282 D [SUI] StatusViewModel: Destroying ViewModel
10-10 19:14:53.353  2022  2022 E OVRMediaServiceManager: LivestreamingManager Not initialized
10-10 19:14:53.355  2022  2022 I OVRMediaServiceManager: Sending onAppStart (com.oculus.shellenv) to SocialPlatform (com.oculus.socialplatform.infra)
10-10 19:14:53.356  3282  3282 D [SUI] AnytimeUIPanelAppBase: Releasing viewModel ActiveCallBarViewModel refCount: 0
10-10 19:14:53.356  3282  3282 D [SUI] AnytimeUIPanelAppBase: Releasing viewModel SocialViewModel refCount: 0
10-10 19:14:53.356  3282  3282 D [SUI] SocialViewModel: Destroying ViewModel
10-10 19:14:53.361  2171  2948 I [OAO] VrPlatformOpenXr: VrPlatformOpenXr::SetPropInhibitHandleHomeKey inhibit:0
10-10 19:14:53.361  2171  2948 I OpenXR_DeviceSettings: ------------ xrSetDeviceSettingBooleanFB -----------
10-10 19:14:53.361  2171  2948 I ClientInputSettings: SetInhibitHandleHomeKey = false for com.oculus.vrshell
10-10 19:14:53.361  2171  2948 I ClientInputInterface: SetInhibitHandleHomeKey 0 for process com.oculus.vrshell 2171
10-10 19:14:53.361  2171  2948 I [OAO] VrPlatformOpenXr: VrPlatformOpenXr::SetPropInhibitHandleHomeKey result = 0
10-10 19:14:53.362  1343 17308 I CompositorVR: WarpToScreen: Skipping frames for 18
10-10 19:14:53.362  2171  2948 I [OAO] SwapChainApiOpenXr: Destroying SwapChain:0xc25a2c60
10-10 19:14:53.363  3282  3282 I PresenceAPK(ServicePresenceClient): ServicePresenceClient close
10-10 19:14:53.364  3282  3282 I PresenceAPK(GroupManager): removeListener with id SystemCallGroup
10-10 19:14:53.364  3282  3282 I PresenceAPK(ServiceApiManager): onApiNotReady
10-10 19:14:53.364  3282  3282 D PresenceAPK(ServicePresenceClient): Calling onServiceDown
10-10 19:14:53.364  3282  3282 I PresenceAPK(GroupManager): disconnected
10-10 19:14:53.364  1343  2871 I VrRuntimeService: DestroySwapChain: swapchain=458
10-10 19:14:53.365  2171  2948 I [OAO] SwapChainApiOpenXr: Destroying SwapChain:0xe3e7a220
10-10 19:14:53.365  1343  2871 I VrRuntimeService: DestroySwapChain: swapchain=448
10-10 19:14:53.365  2171  2948 I [OAO] DragDropController: OnBackground
10-10 19:14:53.365  3631  3692 I ClientInputSettings: HANDTRACKING: Manifest Permission request for com.oculus.vrshell
10-10 19:14:53.365  2171  2948 I [OAO] DesktopPanelControllerAnalytics: DesktopPanelControllerAnalytics flushing telemetry
10-10 19:14:53.365  2171  2948 I [OAO] VrPlatformOpenXr: RequestEndSession state XR_SESSION_STATE_VISIBLE    focused:0
10-10 19:14:53.366  2171  2948 D [OAO] ShellApplication: setOverlayInputFocus: inputFocus=false shouldSupportIME=false
10-10 19:14:53.366  2171  2948 D [OAO] BaseOverlayService: setOverlayInputFocus : entrypoint - inputFocus=false shouldSupportIME=false
10-10 19:14:53.366  3631  3692 I ClientInputSettings: HANDTRACKING:  'com.oculus.vrshell' Is hands or controller.
10-10 19:14:53.367  3631  3692 I ClientInputSettings: HANDTRACKING: feature flag set to 2
10-10 19:14:53.367  3631  3692 I ClientInputInterface: HANDTRACKING sethandmanifest 2
10-10 19:14:53.367  3631  3692 D InputHooksJava: Enabling Java Input Hooks
10-10 19:14:53.367  3631  3692 W InputHooksJava: Unable to enable input hooks on a non-Activity Context
10-10 19:14:53.367  2171  2948 I OpenXR  : ------------ RequestExitSession [start] -----------
10-10 19:14:53.367  2171  2948 I OpenXR  : ------------ RequestExitSession [end] -----------
10-10 19:14:53.367  3631  3692 I InputDeviceManager: ovrInputDeviceManager::Initialize
10-10 19:14:53.367  3631  3692 I Distortion: Initializing Mesh Decenter Correction
10-10 19:14:53.367  2171  2948 I OpenXR  : PostSessionStateChange: XR_SESSION_STATE_VISIBLE -> XR_SESSION_STATE_SYNCHRONIZED
10-10 19:14:53.367   875 18361 W TrackingService: attachClient: found client in attached list
10-10 19:14:53.368  3282  3282 D [SUI] MessengerCallViewModel: removeObserver
10-10 19:14:53.368  3282  3282 D [SUI] AnytimeUIPanelAppBase: Releasing viewModel MessengerCallViewModel refCount: 0
10-10 19:14:53.368  2171  2948 I [OAO] VrPlatformOpenXr: xrPollEvent: received XR_TYPE_EVENT_DATA_SESSION_STATE_CHANGED: 3 for session 0x2 at time 14741.189673
10-10 19:14:53.368  2171  2948 I [OAO] VrPlatformOpenXr: Session state changed XR_SESSION_STATE_SYNCHRONIZED
10-10 19:14:53.368   861  3125 E CalibrationProvider: loadCalibration(LDISP_SN) failed: Calibration store didn't load any info
10-10 19:14:53.368  3282  3282 D HyperspaceClient: destroy - start
