10-17 20:42:43.968  2077 12009 D ReflectedParamUpdater: extent() != 1 for single value type: output.buffers.allocator-ids.values
10-17 20:42:43.968  2077 12009 D ReflectedParamUpdater: extent() != 1 for single value type: algo.buffers.allocator-ids.values
10-17 20:42:43.968  2077 12009 D ReflectedParamUpdater: extent() != 1 for single value type: output.buffers.pool-ids.values
10-17 20:42:43.968  2077 12009 D ReflectedParamUpdater: extent() != 1 for single value type: algo.buffers.pool-ids.values
10-17 20:42:43.969  2077 12009 I CCodecConfig: query failed after returning 7 values (BAD_INDEX)
10-17 20:42:43.969  2077 12009 D CCodecConfig: c2 config diff is Dict {
10-17 20:42:43.969  2077 12009 D CCodecConfig:   c2::u32 coded.bitrate.value = 64000
10-17 20:42:43.969  2077 12009 D CCodecConfig:   c2::u32 input.buffers.max-size.value = 32768
10-17 20:42:43.969  2077 12009 D CCodecConfig:   c2::u32 input.delay.value = 0
10-17 20:42:43.969  2077 12009 D CCodecConfig:   string input.media-type.value = "audio/vorbis"
10-17 20:42:43.969  2077 12009 D CCodecConfig:   string output.media-type.value = "audio/raw"
10-17 20:42:43.969  2077 12009 D CCodecConfig:   c2::u32 raw.channel-count.value = 1
10-17 20:42:43.969  2077 12009 D CCodecConfig:   c2::u32 raw.sample-rate.value = 48000
10-17 20:42:43.969  2077 12009 D CCodecConfig: }
10-17 20:42:43.969  2077 12009 D CCodecConfig: no c2 equivalents for durationUs
10-17 20:42:43.969  2077 12009 D CCodecConfig: no c2 equivalents for csd-1
10-17 20:42:43.969  2077 12009 D CCodecConfig: no c2 equivalents for track-id
10-17 20:42:43.969  2077 12009 D CCodecConfig: no c2 equivalents for channel-mask
10-17 20:42:43.970  2077 12009 D CCodecConfig: c2 config diff is   c2::u32 raw.channel-count.value = 2
10-17 20:42:43.970  2077 12009 D CCodecConfig:   c2::u32 raw.sample-rate.value = 44100
10-17 20:42:43.970  2077 12009 W Codec2Client: query -- param skipped: index = 1107298332.
10-17 20:42:43.970  2077 12009 D CCodec  : setup formats input: AMessage(what = 0x00000000) = {
10-17 20:42:43.970  2077 12009 D CCodec  :   int32_t channel-count = 2
10-17 20:42:43.970  2077 12009 D CCodec  :   int32_t max-input-size = 32768
10-17 20:42:43.970  2077 12009 D CCodec  :   string mime = "audio/vorbis"
10-17 20:42:43.970  2077 12009 D CCodec  :   int32_t sample-rate = 44100
10-17 20:42:43.970  2077 12009 D CCodec  : } and output: AMessage(what = 0x00000000) = {
10-17 20:42:43.970  2077 12009 D CCodec  :   int32_t channel-count = 2
10-17 20:42:43.970  2077 12009 D CCodec  :   string mime = "audio/raw"
10-17 20:42:43.970  2077 12009 D CCodec  :   int32_t sample-rate = 44100
10-17 20:42:43.970  2077 12009 D CCodec  :   int32_t channel-mask = 3
10-17 20:42:43.970  2077 12009 D CCodec  : }
10-17 20:42:43.974   842  1022 V C2Store : in ~ComponentModule
10-17 20:42:43.975   842  1022 V C2Store : unloading dll
10-17 20:42:44.005  2077 12015 D CCodec  : allocate(c2.android.vorbis.decoder)
10-17 20:42:44.005   842  1022 V C2Store : in init
10-17 20:42:44.005   842  1022 V C2Store : loading dll
10-17 20:42:44.006  3448 11982 I ipcLoader_static: RuntimeIPC: Loader: IPC Service API Loader Version: 31 Sep  3 2022 22:16:47
10-17 20:42:44.006  3448 11982 I RuntimeIPCApi: ipc_Initialize
10-17 20:42:44.006  3448 11982 I RuntimeIPCServiceClient: Init: Already initialized: com.oculus.systemux:SystemUX, 3
10-17 20:42:44.008  2502  3105 D RuntimeIPCServerMgr: RegisterClient: Client: com.oculus.systemux:com.oculus.systemux:SystemUX:3448, Server: com.oculus.presence:com.oculus.presence (PubSubServer)
10-17 20:42:44.008  2502  3105 I IPCSharedMemory: CreateSharedMemory: Allocated shared memory fd 116 (ipcStateReadWrite)
10-17 20:42:44.008  2077 12015 I CCodec  : Created component [c2.android.vorbis.decoder]
10-17 20:42:44.008  2077 12015 D CCodecConfig: read media type: audio/vorbis
10-17 20:42:44.009  2502  3105 I IPCSharedMemory: CreateSharedMemory: Allocated shared memory fd 117 (ipcReadOnlyState)
10-17 20:42:44.009  2502  3105 I RuntimeIPCServerMgr: Event buffer size (server): 8192
10-17 20:42:44.009  2502  3105 I IPCSharedMemory: CreateSharedMemory: Allocated shared memory fd 120 (ipcEventBuffer)
10-17 20:42:44.009  2502  3105 I IPCSharedMemory: CreateSharedMemory: Allocated shared memory fd 121 (ipcEventBuffer_Private)
10-17 20:42:44.010  2502  3105 I RuntimeIPCServerMgr: HandleClientConnect SUCCESS: Client: com.oculus.systemux:com.oculus.systemux:SystemUX:3448, Server: com.oculus.presence:com.oculus.presence (PubSubServer)
10-17 20:42:44.012  2077 12015 D ReflectedParamUpdater: extent() != 1 for single value type: algo.buffers.max-count.values
10-17 20:42:44.013  2077 12015 D ReflectedParamUpdater: extent() != 1 for single value type: output.subscribed-indices.values
10-17 20:42:44.013  2077 12015 D ReflectedParamUpdater: extent() != 1 for single value type: input.buffers.allocator-ids.values
10-17 20:42:44.013  2077 12015 D ReflectedParamUpdater: extent() != 1 for single value type: output.buffers.allocator-ids.values
10-17 20:42:44.013  2077 12015 D ReflectedParamUpdater: extent() != 1 for single value type: algo.buffers.allocator-ids.values
10-17 20:42:44.013  2077 12015 D ReflectedParamUpdater: extent() != 1 for single value type: output.buffers.pool-ids.values
10-17 20:42:44.013  2077 12015 D ReflectedParamUpdater: extent() != 1 for single value type: algo.buffers.pool-ids.values
10-17 20:42:44.014  2077 12015 I CCodecConfig: query failed after returning 7 values (BAD_INDEX)
10-17 20:42:44.014  2077 12015 D CCodecConfig: c2 config diff is Dict {
10-17 20:42:44.014  2077 12015 D CCodecConfig:   c2::u32 coded.bitrate.value = 64000
10-17 20:42:44.014  2077 12015 D CCodecConfig:   c2::u32 input.buffers.max-size.value = 32768
10-17 20:42:44.014  2077 12015 D CCodecConfig:   c2::u32 input.delay.value = 0
10-17 20:42:44.014  2077 12015 D CCodecConfig:   string input.media-type.value = "audio/vorbis"
10-17 20:42:44.014  2077 12015 D CCodecConfig:   string output.media-type.value = "audio/raw"
10-17 20:42:44.014  2077 12015 D CCodecConfig:   c2::u32 raw.channel-count.value = 1
10-17 20:42:44.014  2077 12015 D CCodecConfig:   c2::u32 raw.sample-rate.value = 48000
10-17 20:42:44.014  2077 12015 D CCodecConfig: }
10-17 20:42:44.014  2502  3105 I RuntimeIPCServerMgr: GetServerStatesConfig -> {MaxBufferSize=32768, MaxEntries=64}
10-17 20:42:44.014  3448 11982 I RuntimeIPCClient: GetServerStatesConfig returned maxEntries=64, maxBuffSize=32768
10-17 20:42:44.015  3448 11982 I RuntimeIPCClient: Event buffer size (client): 8192
10-17 20:42:44.015  3448 11982 I RuntimeIPCClient: TryToGetIPCResourcesFromServer: RPC_CONNECTOR_CONNECT_TO_SERVER SUCCESS: Client: com.oculus.systemux:com.oculus.systemux:SystemUX:3448, Server: com.oculus.presence:com.oculus.presence (PubSubServer)
10-17 20:42:44.015  3448 11982 I RuntimeIPCClient: EnsureServerConnection: SUCCESS. Client: com.oculus.systemux:com.oculus.systemux:SystemUX:3448, Server: com.oculus.presence:com.oculus.presence (PubSubServer)
10-17 20:42:44.015  3448 11982 I RuntimeIPCClientMgr: ConnectToServer: SUCCESS: Client: com.oculus.systemux:com.oculus.systemux:SystemUX:3448, Server: com.oculus.presence:com.oculus.presence (PubSubServer)
10-17 20:42:44.015  3448 11982 W REFLECT : RuntimeIPC: DeferredConnectEvent not valid: 0, 16777245
10-17 20:42:44.015  2077 12015 D CCodecConfig: no c2 equivalents for durationUs
10-17 20:42:44.015  2077 12015 D CCodecConfig: no c2 equivalents for csd-1
10-17 20:42:44.015  2077 12015 D CCodecConfig: no c2 equivalents for track-id
10-17 20:42:44.015  2077 12015 D CCodecConfig: no c2 equivalents for channel-mask
10-17 20:42:44.015  2077 12015 D CCodecConfig: c2 config diff is   c2::u32 raw.channel-count.value = 2
10-17 20:42:44.015  2077 12015 D CCodecConfig:   c2::u32 raw.sample-rate.value = 44100
10-17 20:42:44.015  2077 12015 W Codec2Client: query -- param skipped: index = 1107298332.
10-17 20:42:44.015  2077 12015 D CCodec  : setup formats input: AMessage(what = 0x00000000) = {
10-17 20:42:44.015  2077 12015 D CCodec  :   int32_t channel-count = 2
10-17 20:42:44.015  2077 12015 D CCodec  :   int32_t max-input-size = 32768
10-17 20:42:44.015  2077 12015 D CCodec  :   string mime = "audio/vorbis"
10-17 20:42:44.015  2077 12015 D CCodec  :   int32_t sample-rate = 44100
10-17 20:42:44.015  2077 12015 D CCodec  : } and output: AMessage(what = 0x00000000) = {
10-17 20:42:44.015  2077 12015 D CCodec  :   int32_t channel-count = 2
10-17 20:42:44.015  2077 12015 D CCodec  :   string mime = "audio/raw"
10-17 20:42:44.015  2077 12015 D CCodec  :   int32_t sample-rate = 44100
10-17 20:42:44.015  2077 12015 D CCodec  :   int32_t channel-mask = 3
10-17 20:42:44.015  2077 12015 D CCodec  : }
10-17 20:42:44.020  2077 12015 W Codec2Client: query -- param skipped: index = 1342179345.
10-17 20:42:44.020  2077 12015 W Codec2Client: query -- param skipped: index = 2415921170.
10-17 20:42:44.020  2077 12015 D CCodecBufferChannel: [c2.android.vorbis.decoder#501] Created input block pool with allocatorID 16 => poolID 46 - OK (0)
10-17 20:42:44.021  2077 12015 I CCodecBufferChannel: [c2.android.vorbis.decoder#501] Created output block pool with allocatorID 16 => poolID 78 - OK
10-17 20:42:44.021  2077 12015 D CCodecBufferChannel: [c2.android.vorbis.decoder#501] Configured output block pool ids 78 => OK
10-17 20:42:44.033   842 12016 D SimpleC2Component: Using output block pool with poolID 78 => got 78 - 0
10-17 20:42:44.047  3448  3448 W [SUI] AsyncQueryHandlerBase: Callback reference is null
10-17 20:42:44.072   851 10962 I [CT]    : CONSTELLATION: R: Successfully reinitialized 6DoF filter. Keep Cov and Calib States = Y. Keep velocity state and covariance = N
10-17 20:42:44.113   851 10013 I [CT]    : INPUT_TRACKING:Behavior:NearHeadMoving: [Right] state transition: Active -> Transition
10-17 20:42:44.120  3448 11982 D HyperspaceClientJni: initHyperspacePresenceServiceClient finished
10-17 20:42:44.120  3448 11982 D HyperspaceClientJni: initInternal - finish
10-17 20:42:44.120  3448 11982 I HyperspaceClient: Service connection changed: true
10-17 20:42:44.120  3448 11982 D HyperspaceClientJni: initHyperspacePresenceServiceClientCallsInfoChangedCallback
10-17 20:42:44.121  2502  3477 I RuntimeIPCServerMgr: GetServerStatesConfig -> {MaxBufferSize=32768, MaxEntries=64}
10-17 20:42:44.121  3448 11982 I RuntimeIPCClient: GetServerStatesConfig returned maxEntries=64, maxBuffSize=32768
10-17 20:42:44.121  3448 11982 I RuntimeIPCClient: InitServerStateBuffer: SUCCESS. 2, Client: com.oculus.systemux:com.oculus.systemux:SystemUX:3448, Server: com.oculus.presence:com.oculus.presence (PubSubServer)
10-17 20:42:44.121  3448  3448 D HyperspaceClient: onCallsInfoChanged: []
10-17 20:42:44.159  1639 12018 W ContextImpl: Calling a method in the system process without a qualified user: android.app.ContextImpl.sendBroadcast:1057 android.content.ContextWrapper.sendBroadcast:448 X.o0.A00:133 X.nZ.A00:17 X.nZ.handleMessage:91 
10-17 20:42:44.193   851 10013 I [CT]    : INPUT_TRACKING:Behavior:NearHeadMoving: [Right] state transition: Transition -> Init
10-17 20:42:44.193   851 10013 I [CT]    : INPUT_TRACKING:Behavior:NearHeadMoving: [Right] deactivated
10-17 20:42:44.193   851 10013 I [CT]    : INPUT_TRACKING:ControllerMotionModel: [Right] t = 2408.733s, behavior transition: NearHeadMoving -> None
10-17 20:42:44.195   851 10013 I [CT]    : INPUT_TRACKING:Behavior:NearHeadMoving: [Right] state transition: Init -> InRange
10-17 20:42:44.217   851 10013 I [CT]    : INPUT_TRACKING:Behavior:NearHeadMoving: [Right] state transition: InRange -> Init
10-17 20:42:44.219   851 10013 I [CT]    : INPUT_TRACKING:Behavior:NearHeadMoving: [Right] state transition: Init -> TorsoInitialized
10-17 20:42:44.296  1639 12020 W ContextImpl: Calling a method in the system process without a qualified user: android.app.ContextImpl.sendBroadcast:1057 android.content.ContextWrapper.sendBroadcast:448 X.o0.A00:133 X.nZ.A00:17 X.nZ.handleMessage:91 
10-17 20:42:44.430   851  1221 I [CT]    : Vega:MapBuilderBase: Created keyRig with frameID 9174 and uid cb262af9
