10-14 16:13:17.035  8024  8163 D UE4     : [2022.10.14-15.13.17:035][629]LogVulkanRHI: Destroy swapchain ... 
10-14 16:13:17.036  1478  1478 V AvrcpMediaPlayerList: onPlaybackConfigChanged(): Configs list size=9
10-14 16:13:17.038  8024  8063 D UE4     : LogAndroidEvents::EnqueueAppEvent : 13, [width=-1, height=-1], tid = 8063, APP_EVENT_STATE_APP_SUSPENDED
10-14 16:13:17.038  8024  8063 D UE4     : Case APP_CMD_TERM_WINDOW, tid = 8063
10-14 16:13:17.038  8024  8063 D UE4     : [2022.10.14-15.13.17:038][629]LogAndroid: Case APP_CMD_TERM_WINDOW
10-14 16:13:17.038  8024  8063 D UE4     : LogAndroidEvents::EnqueueAppEvent : 3, [width=-1, height=-1], tid = 8063, APP_EVENT_STATE_WINDOW_DESTROYED
10-14 16:13:17.039  8024  8062 I OpenXR  : PostSessionStateChange: XR_SESSION_STATE_VISIBLE -> XR_SESSION_STATE_SYNCHRONIZED
10-14 16:13:17.041  8024  8062 I OpenXR  : PostSessionStateChange: XR_SESSION_STATE_SYNCHRONIZED -> XR_SESSION_STATE_STOPPING
10-14 16:13:17.041  8024  8062 I OpenXR  : ------------ xrEndSession [start] -----------
10-14 16:13:17.041  8024  8062 I XrRuntimeUtils: XrRuntimeUtils::EndSession
10-14 16:13:17.046  1372  8219 I CompositorVR: WarpToScreen: Skipping frames for 10
10-14 16:13:17.046  8024  8062 D VrApi   : targetSDKVersion 28
10-14 16:13:17.050  8024  8345 I VrApi   : FPS=49/72,Prd=63ms,Tear=0,Early=13,Stale=23,VSnc=0,Lat=-1,Fov=0,CPU4/GPU=4/4,2419/525MHz,OC=FF,TA=0/0/0,SP=N/N/N,Mem=2092MHz,Free=2074MB,PLS=0,Temp=31.2C/0.0C,TW=3.42ms,App=10.51ms,GD=0.00ms,CPU&GPU=28.02ms,LCnt=4(DR0,LM0),GPU%=1.00,CPU%=0.13(W0.19),DSF=1.00,CFL=19.58/21.49
10-14 16:13:17.056  8024  8024 V UE4     : [GameApp] App in background
10-14 16:13:17.056  8024  8024 D UE4     : [GameActivity] ==============> GameActive.onStop complete!
10-14 16:13:17.057  8024  8063 D UE4     : [2022.10.14-15.13.17:056][629]LogAndroid: Case APP_CMD_STOP
10-14 16:13:17.057  8024  8062 I VrRuntimeClient: DEVICE MODEL NUMBER = Quest
10-14 16:13:17.057  8024  8063 D UE4     : LogAndroidEvents::EnqueueAppEvent : 8, [width=-1, height=-1], tid = 8063, APP_EVENT_STATE_ON_STOP
10-14 16:13:17.057  8024  8062 I VrRuntimeClient: DEVICE BUILD NAME = user-44041400838600000
10-14 16:13:17.057  8024  8062 I VrRuntimeClient: DEVICE BUILD TYPE = user
10-14 16:13:17.057  8024  8062 I VrRuntimeClient: DEVICE OS VERSION = 10
10-14 16:13:17.057  8024  8062 I VrRuntimeClient: API LOADER VERSION = 1.0.17
10-14 16:13:17.057  8024  8062 I VrRuntimeClient: RUNTIME API VERSION = 1.0.24
10-14 16:13:17.057  8024  8062 I VrRuntimeClient: RUNTIME VERSION = 44.0.0.179.377 Sep 21 2022 20:21:39 RELEASE
10-14 16:13:17.057  8024  8062 I VrRuntimeClient: APP NAME = PrototypeV3
10-14 16:13:17.057  8024  8062 I VrRuntimeClient: APP VERSION = 1.0 versionCode 1 internalVersionName <none>
10-14 16:13:17.057  8024  8062 I VrRuntimeClient: APP VR TYPE = <none>
10-14 16:13:17.057  8024  8062 I VrRuntimeClient: APP MODE TYPE = VR
10-14 16:13:17.057  8024  8062 I VrRuntimeClient: APP PACKAGE NAME = com.epicgames.PrototypeV3
10-14 16:13:17.057  8024  8062 I VrRuntimeClient: APP ACTIVITY CLASS = com.epicgames.ue4.GameActivity
10-14 16:13:17.057  8024  8062 D BatteryReceiver: Unregistering battery receiver
10-14 16:13:17.057  1372  8219 I CompositorVR: WarpToScreen: Skipping frames for 10
10-14 16:13:17.058  8024  8062 I Sensor  : OSSDKTRACKING Shutdown tracking
10-14 16:13:17.058  8024  8062 I LogTimer: CPUTIME: VrRuntimeClient_EndSession took 16.5085 ms
10-14 16:13:17.059  8024  8024 D UE4     : [GameActivity] onDestroy: destroy memoryHandlerThread
10-14 16:13:17.060  8024  8063 D UE4     : [2022.10.14-15.13.17:059][629]LogAndroid: Case APP_CMD_INPUT_CHANGED
10-14 16:13:17.060  8024  8063 D UE4     : [2022.10.14-15.13.17:060][629]LogAndroid: Case APP_CMD_DESTROY
10-14 16:13:17.060  8024  8063 D UE4     : LogAndroidEvents::EnqueueAppEvent : 15, [width=-1, height=-1], tid = 8063, APP_EVENT_RUN_CALLBACK
10-14 16:13:17.060  8024  8063 D UE4     : LogAndroidEvents::EnqueueAppEvent : 5, [width=-1, height=-1], tid = 8063, APP_EVENT_STATE_ON_DESTROY
10-14 16:13:17.062  8024  8063 I mes.PrototypeV: System.exit called, status: 0
10-14 16:13:17.062  8024  8063 I AndroidRuntime: VM exiting with result code 0, cleanup skipped.
10-14 16:13:17.068  1372  8219 I CompositorVR: WarpToScreen: Skipping frames for 10
10-14 16:13:17.069  7142  7225 E OsSdk   : error getting shared memory region, memory type: HeadTracker, failed with Status(-1, EX_SECURITY): 'requested shared memory region when not registered/focused'
10-14 16:13:17.079  1372  8219 I CompositorVR: WarpToScreen: Skipping frames for 10
10-14 16:13:17.102  1372  8219 I chatty  : uid=10025(com.oculus.systemdriver) OVR::TimeWarp identical 2 lines
10-14 16:13:17.113  1372  8219 I CompositorVR: WarpToScreen: Skipping frames for 10
10-14 16:13:17.114  7142  7225 E OsSdk   : error getting shared memory region, memory type: HeadTracker, failed with Status(-1, EX_SECURITY): 'requested shared memory region when not registered/focused'
10-14 16:13:17.117  1372  8219 I CompositorVR: SetSchedFifo( tid=3062, pol=2, pri=0 ) succeeded
10-14 16:13:17.117  1372  8219 I CompositorVR: SetSchedFifo( tid=3796, pol=2, pri=0 ) succeeded
10-14 16:13:17.117  1372  8219 I CompositorVR: SetSchedFifo( tid=3852, pol=2, pri=0 ) succeeded
10-14 16:13:17.122   730  5065 D msm8974_platform: platform_split_snd_device: snd_device(22) num devices(1) new_snd_devices(0)
10-14 16:13:17.124  1372  8219 I CompositorVR: WarpToScreen: Skipping frames for 10
10-14 16:13:17.133  2292  2600 I [OAO] ShellOverlayApp: Sleep timeout exceeded. Timeout:1663.520811, Now:1663.532102. Sleeping... 
10-14 16:13:17.133  2292  2600 I [OAO] ShellOverlayApp: WaitForWake: VrThread entering waiting state
10-14 16:13:17.135  1372  8219 I CompositorVR: WarpToScreen: Skipping frames for 10
10-14 16:13:17.146  1372  8219 I CompositorVR: WarpToScreen: Skipping frames for 10
10-14 16:13:17.157  2890  3062 I GuardianControllerCollisionTracker: Guardian Controller Collision: Magnitude: 26.563, Duration: -1.000 sec, TimeStamp: 1663.515259 sec
10-14 16:13:17.157  1372  8219 I CompositorVR: WarpToScreen: Skipping frames for 10
10-14 16:13:17.158   874  1035 I chatty  : uid=1000(system) Binder:874_2 identical 5 lines
10-14 16:13:17.159  7142  7225 E OsSdk   : error getting shared memory region, memory type: HeadTracker, failed with Status(-1, EX_SECURITY): 'requested shared memory region when not registered/focused'
10-14 16:13:17.168  1372  8219 I CompositorVR: WarpToScreen: Skipping frames for 10
10-14 16:13:17.177  2890  8136 W RuntimeIPCServerMgr: RPCClientHandler::MainLoop: Error reading pipe: Client: com.epicgames.PrototypeV3:com.epicgames.PrototypeV3:8024, Server: com.oculus.guardian:com.oculus.vrguardianservice (guardianserver)
10-14 16:13:17.178  2292  8135 W RuntimeIPCServerMgr: RPCClientHandler::MainLoop: Error reading pipe: Client: com.epicgames.PrototypeV3:com.epicgames.PrototypeV3:8024, Server: com.oculus.vrshell:com.oculus.vrshell:Overlay (ptkserviceserver)
10-14 16:13:17.179  1372  8131 W RuntimeIPCServerMgr: RPCClientHandler::MainLoop: Error reading pipe: Client: com.epicgames.PrototypeV3:com.epicgames.PrototypeV3:8024, Server: com.oculus.systemdriver:com.oculus.vrruntimeservice (RuntimeServiceServer)
10-14 16:13:17.179  1372  8131 I VrRuntimeService: RuntimeIPC: IPC_SYSTEM_EVENT_CLIENT_DISCONNECTED_EXT: com.epicgames.PrototypeV3
10-14 16:13:17.179  1372  8131 I ClientMgr: ClientMgr::DestroyClient: 8024:com.epicgames.PrototypeV3
10-14 16:13:17.179  1372  8131 I ClientMgr: ClientMgr::DestroyClient: 8024:com.epicgames.PrototypeV3 is enabled for rendering on destroy.
10-14 16:13:17.179  1372  8131 I ClientMgr: ClientMgr::EnableRendering 8024:com.epicgames.PrototypeV3 : type 0 comp-id 10: disable
10-14 16:13:17.179  1372  8131 I VrRuntimeServer: DisableCompositorClient: 10
10-14 16:13:17.179  1372  8131 I TimeWarpClientMgr: Disable client 10
10-14 16:13:17.179  1372  8131 I TimeWarpClientMgr: DisableClient: frame flush required: 1
10-14 16:13:17.179  1372  8110 W RuntimeIPCServerMgr: RPCClientHandler::MainLoop: Error reading pipe: Client: com.epicgames.PrototypeV3:com.epicgames.PrototypeV3:8024, Server: com.oculus.systemdriver:com.oculus.vrruntimeservice (gkcache)
10-14 16:13:17.179  1372  8219 I CompositorVR: WarpToScreen: Skipping frames for 10
10-14 16:13:17.184  1372  8131 I ClientMgr: ClientMgr::DestroyClient Destroying 2 swapchain(s) for 8024:com.epicgames.PrototypeV3.
10-14 16:13:17.184  1372  8131 I ClientMgr: ClientMgr::DestroyClient: non-deferred ShutdownResources: 3486 == 3486 
10-14 16:13:17.184  1372  8131 I VrRuntimeServer: UnRegisterCompositorClient client(10)
10-14 16:13:17.184  1372  8131 I ClientMgr: RemoveClient: com.epicgames.PrototypeV3:com.epicgames.PrototypeV3:8024
10-14 16:13:17.186  1372  8131 I UnifiedTelemetryWrapper: Stopped UT session render:com.epicgames.PrototypeV3
10-14 16:13:17.187  1372  8131 I UnifiedTelemetryWrapper: Stopped UT session lifetime:com.epicgames.PrototypeV3
10-14 16:13:17.189  1372  2252 I ClientMgr: Non-overlay clients rendering status has changed: prev=18, curr=19, enabled=1
10-14 16:13:17.189  1372  2252 I ClientMgr: Primary client determined to be the current enabled client -1422892593
10-14 16:13:17.198  2890  3062 I GuardianSystem: runtimeServiceSDKClient_.ActiveClientDestroyedEventData: package=[com.epicgames.PrototypeV3], process=[com.epicgames.PrototypeV3]
10-14 16:13:17.198  2890  3062 I GuardianSystem: OnDestroyActiveClient: com.epicgames.PrototypeV3
10-14 16:13:17.204   874  1035 W TrackingService: attachClient: found client in attached list
10-14 16:13:17.204   874  8226 W [CT]    : TIMESTAMPCHECKER: Nominal rate wrong. Estimated data rate: 25, Nominal is 30.000300003000028
10-14 16:13:17.205  7142  7225 E OsSdk   : error getting shared memory region, memory type: HeadTracker, failed with Status(-1, EX_SECURITY): 'requested shared memory region when not registered/focused'
10-14 16:13:17.205   874  1202 W TrackingService: attachClient: found client in attached list
10-14 16:13:17.207  7142  7225 E OsSdk   : error getting shared memory region, memory type: AnchorTracker, failed with Status(-1, EX_SECURITY): 'requested shared memory region when not registered/focused'
10-14 16:13:17.213  1050  1144 W InputDispatcher: channel 'ebb883c com.epicgames.PrototypeV3/com.epicgames.ue4.GameActivity (server)' ~ Consumer closed input channel or an error occurred.  events=0x9
10-14 16:13:17.213  1050  1144 E InputDispatcher: channel 'ebb883c com.epicgames.PrototypeV3/com.epicgames.ue4.GameActivity (server)' ~ Channel is unrecoverably broken and will be disposed!
10-14 16:13:17.214   794  4041 W IPCDataChannelAndroidBinder: binder_test2: RuntimeIPC: ConnectionDiedInfo: onBinderDied: 1, com.epicgames.PrototypeV3:com.epicgames.PrototypeV3:8024
10-14 16:13:17.214   794  4041 W IPCDataChannelServer: datachannel_test: Disconnected: 3143949911, com.epicgames.PrototypeV3:com.epicgames.PrototypeV3:8024
10-14 16:13:17.214   794  4041 E IPCThreadState: attemptIncStrongHandle(57): Not supported
10-14 16:13:17.214  1372  1390 W IPCDataChannelAndroidBinder: binder_test2: RuntimeIPC: ConnectionDiedInfo: onBinderDied: 1, com.epicgames.PrototypeV3:com.epicgames.PrototypeV3:8024
10-14 16:13:17.214  1372  1390 W IPCDataChannelServer: datachannel_test: Disconnected: 3143949911, com.epicgames.PrototypeV3:com.epicgames.PrototypeV3:8024
10-14 16:13:17.214  1372  1390 E IPCThreadState: attemptIncStrongHandle(34): Not supported
10-14 16:13:17.214   794   844 I RuntimeIPCService: DestroyBrokerConnection: com.epicgames.PrototypeV3:com.epicgames.PrototypeV3:8024
10-14 16:13:17.214   794   844 E IPCThreadState: attemptIncStrongHandle(56): Not supported
10-14 16:13:17.214  2292  2651 W IPCDataChannelAndroidBinder: binder_test2: RuntimeIPC: ConnectionDiedInfo: onBinderDied: 1, com.epicgames.PrototypeV3:com.epicgames.PrototypeV3:8024
10-14 16:13:17.214  2292  2651 W IPCDataChannelServer: datachannel_test: Disconnected: 3143949911, com.epicgames.PrototypeV3:com.epicgames.PrototypeV3:8024
10-14 16:13:17.214  2292  2651 E IPCThreadState: attemptIncStrongHandle(117): Not supported
10-14 16:13:17.216  2890  3308 W IPCDataChannelAndroidBinder: binder_test2: RuntimeIPC: ConnectionDiedInfo: onBinderDied: 1, com.epicgames.PrototypeV3:com.epicgames.PrototypeV3:8024
10-14 16:13:17.216  2890  3308 W IPCDataChannelServer: datachannel_test: Disconnected: 3143949911, com.epicgames.PrototypeV3:com.epicgames.PrototypeV3:8024
10-14 16:13:17.216  1050  4262 D ConnectivityService: ConnectivityService NetworkRequestInfo binderDied(NetworkRequest [ LISTEN id=19, [ Transports: CELLULAR|WIFI|BLUETOOTH|ETHERNET|VPN Capabilities: INTERNET&NOT_RESTRICTED&TRUSTED&NOT_VPN&VALIDATED&FOREGROUND Uid: 10110] ], android.os.BinderProxy@a64780b)
10-14 16:13:17.216  2890  3308 E IPCThreadState: attemptIncStrongHandle(71): Not supported
10-14 16:13:17.216  1050  3910 I ActivityManager: Process com.epicgames.PrototypeV3 (pid 8024) has died: cch CRE 
10-14 16:13:17.216   874  1202 I TrackingService: Unregistering client 'com.epicgames.PrototypeV3#8024' by binder death
10-14 16:13:17.216   874  1202 I TrackingService: Unregistering client 'com.epicgames.PrototypeV3' by binder death
10-14 16:13:17.217  1050  7011 I WindowManager: WIN DEATH: Window{ebb883c u0 com.epicgames.PrototypeV3/com.epicgames.ue4.GameActivity}
10-14 16:13:17.217  1050  7011 W InputDispatcher: Attempted to unregister already unregistered input channel 'ebb883c com.epicgames.PrototypeV3/com.epicgames.ue4.GameActivity (server)'
10-14 16:13:17.217  1478  1478 V AvrcpMediaPlayerList: onPlaybackConfigChanged(): Configs list size=8
10-14 16:13:17.217  1478  1478 V AvrcpMediaPlayerList: onPlaybackConfigChanged(): Configs list size=7
10-14 16:13:17.224  2120  2120 I Zygote  : Process 8024 exited cleanly (0)
10-14 16:13:17.232  1050  1076 W ActivityManager: setHasOverlayUi called on unknown pid: 8024
10-14 16:13:17.244   874  8226 I [CT]    : VIPER: Environment brightness changed from 0 to 2
10-14 16:13:17.252   874  1202 W TrackingService: attachClient: found client in attached list
10-14 16:13:17.253  7142  7225 E OsSdk   : error getting shared memory region, memory type: HeadTracker, failed with Status(-1, EX_SECURITY): 'requested shared memory region when not registered/focused'
10-14 16:13:17.264  1050  1084 I libprocessgroup: Successfully killed process cgroup uid 10110 pid 8024 in 47ms
10-14 16:13:17.277  2890  3062 I GuardianSystem: Environment Status changed: 97 to 98
10-14 16:13:17.292  7142  7225 E OsSdk   : error getting shared memory region, memory type: HeadTracker, failed with Status(-1, EX_SECURITY): 'requested shared memory region when not registered/focused'
10-14 16:13:17.311  1372  2252 I PerformanceManager_V0: SetClockLevels: Apply pending clock request change: 3,4 -> 3,3
10-14 16:13:17.311  1372  2248 I Clocks  : ReleaseClocks - start
10-14 16:13:17.312  1372  2248 I Clocks  : ReleaseClocks - end (0.4 ms)
10-14 16:13:17.312  1372  2248 I Clocks  : LockClocks( cpu=3, gpu=3 ) - start
10-14 16:13:17.312  1372  2248 I Clocks  : CPU levels [0, 4]
10-14 16:13:17.312  1372  2248 I Clocks  : GPU levels [0, 5]
10-14 16:13:17.312  1372  2248 I Clocks  : LockClocks( cpu=3, gpu=3 ) - end (0.4 ms)
10-14 16:13:17.334  7142  7225 E OsSdk   : error getting shared memory region, memory type: HeadTracker, failed with Status(-1, EX_SECURITY): 'requested shared memory region when not registered/focused'
10-14 16:13:17.412   874  1202 I chatty  : uid=1000(system) Binder:874_3 identical 4 lines
10-14 16:13:17.413  7142  7225 I chatty  : uid=10033(com.oculus.xrstreamingclient) SlamAnchorMem identical 2 lines
10-14 16:13:17.451   874  1202 W TrackingService: attachClient: found client in attached list
10-14 16:13:17.452  7142  7225 E OsSdk   : error getting shared memory region, memory type: HeadTracker, failed with Status(-1, EX_SECURITY): 'requested shared memory region when not registered/focused'
10-14 16:13:17.452   874  1035 W TrackingService: attachClient: found client in attached list
10-14 16:13:17.453  7142  7225 E OsSdk   : error getting shared memory region, memory type: AnchorTracker, failed with Status(-1, EX_SECURITY): 'requested shared memory region when not registered/focused'
10-14 16:13:17.501  7142  7225 E OsSdk   : error getting shared memory region, memory type: HeadTracker, failed with Status(-1, EX_SECURITY): 'requested shared memory region when not registered/focused'
10-14 16:13:17.532   874  8210 I [CT]    : CONSTELLATION: L: Detected static IMU, no button event and has tracked position => Applying constant controller pose.
10-14 16:13:17.541  7142  7225 E OsSdk   : error getting shared memory region, memory type: HeadTracker, failed with Status(-1, EX_SECURITY): 'requested shared memory region when not registered/focused'
10-14 16:13:17.545   874  8210 I [CT]    : CONSTELLATION: R: Detected static IMU, no button event and has tracked position => Applying constant controller pose.
10-14 16:13:17.585  7142  7225 E OsSdk   : error getting shared memory region, memory type: HeadTracker, failed with Status(-1, EX_SECURITY): 'requested shared memory region when not registered/focused'
10-14 16:13:17.619   874  1211 I [CT]    : Vega:MapBuilderBase: Created keyRig with frameID 1790 and uid 0b0c1e52
10-14 16:13:17.624   874  1211 I [CT]    : KEYPOINT_CACHE: New keyrig added has 129 corners and 85 tracks to immature points that will be used to extract descriptors and insert into the index.
10-14 16:13:17.626   874  1213 I [CT]    : VIPER:DEEP_DESCRIPTOR: Computing Deep Descriptors using IC orientation.
10-14 16:13:17.626  7142  7225 E OsSdk   : error getting shared memory region, memory type: HeadTracker, failed with Status(-1, EX_SECURITY): 'requested shared memory region when not registered/focused'
10-14 16:13:17.630   874  1211 I [CT]    : MapCullingTask: Culled 0 L1 nodes, 1 individual keyrigs, and 2 individual points
10-14 16:13:17.631   874  1211 I [CT]    : VegaBAOptimize: Num points adjusted: 189 fixed: 0 Num residuals in-in: 608 in-out: 0 out-in: 0 fixed (out-out): 0 outside ROI: 0 total: 609
10-14 16:13:17.631   874  1211 I [CT]    : VegaBAOptimize: Total: neighbor 3 L1s, adjust 2 L1s. KRs 23  Points 189  Cameras 92  OutsideFixedKR 2  AdjustKR 21  Imus 5
10-14 16:13:17.671   874  1035 I chatty  : uid=1000(system) Binder:874_2 identical 5 lines
10-14 16:13:17.672  7142  7225 E OsSdk   : error getting shared memory region, memory type: HeadTracker, failed with Status(-1, EX_SECURITY): 'requested shared memory region when not registered/focused'
10-14 16:13:17.716   874  1035 W TrackingService: attachClient: found client in attached list
10-14 16:13:17.716  7142  7225 E OsSdk   : error getting shared memory region, memory type: HeadTracker, failed with Status(-1, EX_SECURITY): 'requested shared memory region when not registered/focused'
10-14 16:13:17.717   874  1202 W TrackingService: attachClient: found client in attached list
10-14 16:13:17.717  7142  7225 E OsSdk   : error getting shared memory region, memory type: AnchorTracker, failed with Status(-1, EX_SECURITY): 'requested shared memory region when not registered/focused'
10-14 16:13:17.723  7142  7225 E OsSdk   : error getting shared memory region, memory type: HeadTracker, failed with Status(-1, EX_SECURITY): 'requested shared memory region when not registered/focused'
10-14 16:13:17.879   874  1202 I chatty  : uid=1000(system) Binder:874_3 identical 5 lines
10-14 16:13:17.880  7142  7225 I chatty  : uid=10033(com.oculus.xrstreamingclient) SlamAnchorMem identical 4 lines
10-14 16:13:17.923   874  1202 W TrackingService: attachClient: found client in attached list
10-14 16:13:17.924  7142  7225 E OsSdk   : error getting shared memory region, memory type: HeadTracker, failed with Status(-1, EX_SECURITY): 'requested shared memory region when not registered/focused'
10-14 16:13:17.924   874  1035 W TrackingService: attachClient: found client in attached list
10-14 16:13:17.925  7142  7225 E OsSdk   : error getting shared memory region, memory type: AnchorTracker, failed with Status(-1, EX_SECURITY): 'requested shared memory region when not registered/focused'
10-14 16:13:17.970  7142  7225 E OsSdk   : error getting shared memory region, memory type: HeadTracker, failed with Status(-1, EX_SECURITY): 'requested shared memory region when not registered/focused'
10-14 16:13:18.002  2033  8672 I VrApi   : FPS=91/90,Prd=35ms,Tear=0,Early=63,Stale=0,VSnc=0,Lat=-1,Fov=0,CPU4/GPU=3/3,2419/490MHz,OC=FF,TA=0/70/0,SP=N/F/N,Mem=2092MHz,Free=1951MB,PLS=0,Temp=31.2C/0.0C,TW=1.80ms,App=5.00ms,GD=0.00ms,CPU&GPU=7.68ms,LCnt=2(DR0,LM0),GPU%=0.66,CPU%=0.11(W0.14),DSF=1.00,CFL=14.67/19.74
10-14 16:13:18.012  7142  7225 E OsSdk   : error getting shared memory region, memory type: HeadTracker, failed with Status(-1, EX_SECURITY): 'requested shared memory region when not registered/focused'
10-14 16:13:18.018   874  8226 I [CT]    : VIPER: Mode=SuperVega,Status=6DoF,TRACKING,Inl=33,Mem=72.3,Jit=0.2mm,Issues(Cam/min=0.0,IMU/min=0.0),Exp=(14.0ms,g=15.0,I=20,Ir=96.5)(14.0ms,g=15.0,I=78,Ir=372.4)(14.0ms,g=15.0,I=76,Ir=365.7)(14.0ms,g=15.0,I=71,Ir=341.2)
10-14 16:13:18.018   874  8226 W [CT]    : VIPER: Images too dark, Environment trending to dark, 
10-14 16:13:18.058  7142  7225 E OsSdk   : error getting shared memory region, memory type: HeadTracker, failed with Status(-1, EX_SECURITY): 'requested shared memory region when not registered/focused'
10-14 16:13:18.104  7142  7225 E OsSdk   : error getting shared memory region, memory type: HeadTracker, failed with Status(-1, EX_SECURITY): 'requested shared memory region when not registered/focused'
10-14 16:13:18.142   925   925 E adbd    : failed to connect to socket 'tcp:6666': Connection refused
10-14 16:13:18.149   874  1035 I chatty  : uid=1000(system) Binder:874_2 identical 5 lines
10-14 16:13:18.150  7142  7225 E OsSdk   : error getting shared memory region, memory type: HeadTracker, failed with Status(-1, EX_SECURITY): 'requested shared memory region when not registered/focused'
10-14 16:13:18.195   874  1035 W TrackingService: attachClient: found client in attached list
10-14 16:13:18.195  7142  7225 E OsSdk   : error getting shared memory region, memory type: HeadTracker, failed with Status(-1, EX_SECURITY): 'requested shared memory region when not registered/focused'
10-14 16:13:18.196   874  1202 W TrackingService: attachClient: found client in attached list
10-14 16:13:18.196  7142  7225 E OsSdk   : error getting shared memory region, memory type: AnchorTracker, failed with Status(-1, EX_SECURITY): 'requested shared memory region when not registered/focused'
10-14 16:13:18.241  7142  7225 E OsSdk   : error getting shared memory region, memory type: HeadTracker, failed with Status(-1, EX_SECURITY): 'requested shared memory region when not registered/focused'
10-14 16:13:18.286  3232  8692 E memtrack: Couldn't load memtrack module
10-14 16:13:18.286  3232  8692 W android.os.Debug: failed to get memory consumption info: -1
10-14 16:13:18.288  7142  7225 E OsSdk   : error getting shared memory region, memory type: HeadTracker, failed with Status(-1, EX_SECURITY): 'requested shared memory region when not registered/focused'
10-14 16:13:18.421   874  1202 I chatty  : uid=1000(system) Binder:874_3 identical 5 lines
10-14 16:13:18.421  7142  7225 I chatty  : uid=10033(com.oculus.xrstreamingclient) SlamAnchorMem identical 3 lines
10-14 16:13:18.463   874  1202 W TrackingService: attachClient: found client in attached list
10-14 16:13:18.464  7142  7225 E OsSdk   : error getting shared memory region, memory type: HeadTracker, failed with Status(-1, EX_SECURITY): 'requested shared memory region when not registered/focused'
10-14 16:13:18.464   874  1035 W TrackingService: attachClient: found client in attached list
10-14 16:13:18.465  7142  7225 E OsSdk   : error getting shared memory region, memory type: AnchorTracker, failed with Status(-1, EX_SECURITY): 'requested shared memory region when not registered/focused'
10-14 16:13:18.501  7142  7225 E OsSdk   : error getting shared memory region, memory type: HeadTracker, failed with Status(-1, EX_SECURITY): 'requested shared memory region when not registered/focused'
10-14 16:13:18.681   874  1035 I chatty  : uid=1000(system) Binder:874_2 identical 5 lines
10-14 16:13:18.681  7142  7225 I chatty  : uid=10033(com.oculus.xrstreamingclient) SlamAnchorMem identical 4 lines
10-14 16:13:18.726   874  1035 W TrackingService: attachClient: found client in attached list
10-14 16:13:18.728  7142  7225 E OsSdk   : error getting shared memory region, memory type: HeadTracker, failed with Status(-1, EX_SECURITY): 'requested shared memory region when not registered/focused'
10-14 16:13:18.728   874  1202 W TrackingService: attachClient: found client in attached list
10-14 16:13:18.729  7142  7225 E OsSdk   : error getting shared memory region, memory type: AnchorTracker, failed with Status(-1, EX_SECURITY): 'requested shared memory region when not registered/focused'
10-14 16:13:18.759  1372  2252 I PerformanceManager_V0: SetClockLevels: Apply pending clock request change: 3,3 -> 2,3
10-14 16:13:18.759  1372  2248 I Clocks  : ReleaseClocks - start
10-14 16:13:18.759  1372  2248 I Clocks  : ReleaseClocks - end (0.2 ms)
10-14 16:13:18.759  1372  2248 I Clocks  : LockClocks( cpu=2, gpu=3 ) - start
10-14 16:13:18.760  1372  2248 I Clocks  : CPU levels [0, 4]
10-14 16:13:18.760  1372  2248 I Clocks  : GPU levels [0, 5]
10-14 16:13:18.760  1372  2248 I Clocks  : LockClocks( cpu=2, gpu=3 ) - end (0.6 ms)
10-14 16:13:18.775  7142  7225 E OsSdk   : error getting shared memory region, memory type: HeadTracker, failed with Status(-1, EX_SECURITY): 'requested shared memory region when not registered/focused'
10-14 16:13:18.816  7142  7225 I chatty  : uid=10033(com.oculus.xrstreamingclient) SlamAnchorMem identical 1 line
10-14 16:13:18.862  7142  7225 E OsSdk   : error getting shared memory region, memory type: HeadTracker, failed with Status(-1, EX_SECURITY): 'requested shared memory region when not registered/focused'
10-14 16:13:18.894   925   925 E adbd    : failed to connect to socket 'tcp:6666': Connection refused
10-14 16:13:18.907  7142  7225 E OsSdk   : error getting shared memory region, memory type: HeadTracker, failed with Status(-1, EX_SECURITY): 'requested shared memory region when not registered/focused'
10-14 16:13:18.951   874  1202 I chatty  : uid=1000(system) Binder:874_3 identical 5 lines
10-14 16:13:18.951  7142  7225 I chatty  : uid=10033(com.oculus.xrstreamingclient) SlamAnchorMem identical 1 line
10-14 16:13:18.992   874  1202 W TrackingService: attachClient: found client in attached list
10-14 16:13:18.993  7142  7225 E OsSdk   : error getting shared memory region, memory type: HeadTracker, failed with Status(-1, EX_SECURITY): 'requested shared memory region when not registered/focused'
10-14 16:13:18.993   874  1035 W TrackingService: attachClient: found client in attached list
10-14 16:13:18.994  7142  7225 E OsSdk   : error getting shared memory region, memory type: AnchorTracker, failed with Status(-1, EX_SECURITY): 'requested shared memory region when not registered/focused'
10-14 16:13:19.001  2033  8672 I VrApi   : FPS=90/90,Prd=30ms,Tear=0,Early=0,Stale=0,VSnc=0,Lat=-1,Fov=0,CPU4/GPU=3/3,2419/490MHz,OC=FF,TA=0/70/0,SP=N/F/N,Mem=2092MHz,Free=1951MB,PLS=0,Temp=31.2C/0.0C,TW=1.81ms,App=5.52ms,GD=0.00ms,CPU&GPU=7.37ms,LCnt=2(DR0,LM0),GPU%=0.68,CPU%=0.10(W0.11),DSF=1.00,CFL=14.63/20.17
10-14 16:13:19.039  7142  7225 E OsSdk   : error getting shared memory region, memory type: HeadTracker, failed with Status(-1, EX_SECURITY): 'requested shared memory region when not registered/focused'
10-14 16:13:19.047  7142  7225 E OsSdk   : error getting shared memory region, memory type: HeadTracker, failed with Status(-1, EX_SECURITY): 'requested shared memory region when not registered/focused'
10-14 16:13:19.059   874  1211 I [CT]    : Vega:SubmapPublisher: Tracking parent no change: frame movement above thresh -> Publish
10-14 16:13:19.059   874  1211 I [CT]    : Vega:SubmapPublisher: Start to publish submaps, found candidates:  3
10-14 16:13:19.059   874  1211 E [CT]    : SubmapRecords: findSubmapId found 2 submap records hold the same query krHandle
10-14 16:13:19.059   874  1211 W [CT]    : Vega:SubmapPublisherBase: Reference cannot be found when constructing relative submap transformation, this means not candidate submap is in VIO states, are you moving very fast or sending too few submaps to VIO?
10-14 16:13:19.059   874  1211 W [CT]    : Vega:SubmapPublisherBase: Reference cannot be found when constructing relative submap transformation, this means not candidate submap is in VIO states, are you moving very fast or sending too few submaps to VIO?
10-14 16:13:19.059   874  1211 W [CT]    : Vega:SubmapPublisher: [Throttled count=109] Force publishing an ill-conditioned point.
10-14 16:13:19.086   874  8226 I [CT]    : VegaTrackTracker: Starting map tracking on map. SubmapId Submap id = 2, version = 11137526 Active contexts: 1
10-14 16:13:19.086   874  8226 I [CT]    : VegaTrackTracker: Starting map tracking on map. SubmapId Submap id = 3, version = 1515085314 Active contexts: 2
10-14 16:13:19.089  7142  7225 E OsSdk   : error getting shared memory region, memory type: HeadTracker, failed with Status(-1, EX_SECURITY): 'requested shared memory region when not registered/focused'
10-14 16:13:19.132   874  1035 I chatty  : uid=1000(system) Binder:874_2 identical 4 lines
10-14 16:13:19.134  7142  7225 E OsSdk   : error getting shared memory region, memory type: HeadTracker, failed with Status(-1, EX_SECURITY): 'requested shared memory region when not registered/focused'
10-14 16:13:19.138   874  8226 W [CT]    : VEGA:MAP_TRACKING_HM: Validation failed after 0.04 seconds of bad frames. Switching from Validating to NoTracking
10-14 16:13:19.138   874  8226 W [CT]    : VEGA:MAP_TRACKING_HM: Validation failed after 0.04 seconds of bad frames. Switching from Validating to NoTracking
10-14 16:13:19.165  1050  1593 E TaskPersister: File error accessing recents directory (directory doesn't exist?).
10-14 16:13:19.166   874  8226 I [CT]    : TrackedMapContext: Stop tracking map with ID Submap id = 3, version = 1515085314 at index: 2 in contexts: 3
10-14 16:13:19.166   874  8226 I [CT]    : TrackedMapContext: Stop tracking map with ID Submap id = 2, version = 11137526 at index: 1 in contexts: 2
10-14 16:13:19.175   874  1035 W TrackingService: attachClient: found client in attached list
10-14 16:13:19.175  7142  7225 E OsSdk   : error getting shared memory region, memory type: HeadTracker, failed with Status(-1, EX_SECURITY): 'requested shared memory region when not registered/focused'
10-14 16:13:19.205   874  8226 W [CT]    : TIMESTAMPCHECKER: Nominal rate wrong. Estimated data rate: 25, Nominal is 30.000300003000028
10-14 16:13:19.214   742   918 I SyncBossHAL: [info   ] syncboss_hal_powerstate.c(50): Reporting powerstate event: PROX_OFF
10-14 16:13:19.215  1050  1341 D VrPowerManagerService: processing message: sensor changed
10-14 16:13:19.216  1050  1341 I VrPowerManagerService: transition from HEADSET_MOUNTED to HEADSET_UNMOUNTED
10-14 16:13:19.217   865  1352 D SensorClientUtils: Received transition request to STANDBY current is RUNNING
10-14 16:13:19.217   865  1352 D SensorClientUtils: Executing transition from RUNNING to STANDBY
10-14 16:13:19.217   874  1035 D SensorClientUtils: Received transition request to STANDBY current is RUNNING
10-14 16:13:19.217   874  1035 D SensorClientUtils: Executing transition from RUNNING to STANDBY
10-14 16:13:19.217  1372  1372 D VrRuntimeService: Received broadcast: com.oculus.intent.action.MOUNT_STATE_CHANGED
10-14 16:13:19.217  1372  1372 D VrRuntimeService: mounted state: false
10-14 16:13:19.218  2702  2702 D [SEO] BaseOverlayService: screenStateReceiver Received broadcast: com.oculus.intent.action.MOUNT_STATE_CHANGED
10-14 16:13:19.219  2443  2919 W PresenceAPKNative(hyperspace_controller_module): is_mounted: 0
10-14 16:13:19.219   874  1035 D SensorClientUtils: Received transition request to STANDBY current is RUNNING
10-14 16:13:19.219   874  1035 D SensorClientUtils: Executing transition from RUNNING to STANDBY
10-14 16:13:19.220  1680  1851 D VrPowerManagerClient: Headset state: 2
10-14 16:13:19.222   874  1035 W TrackingService: attachClient: found client in attached list
10-14 16:13:19.222  2292  2292 D [OAO] BaseOverlayService: screenStateReceiver Received broadcast: com.oculus.intent.action.MOUNT_STATE_CHANGED
10-14 16:13:19.222  1680  1851 V ControllerNotifications: Handling unmount notification
10-14 16:13:19.222  2292  2292 D [OAO] ShellOverlayService: onMountStateChanged: false
10-14 16:13:19.222  2292  2292 I [OAO] ShellOverlayServiceJNI: NativeSendOverlayCommand
10-14 16:13:19.222  2292  2292 I [OAO] ShellOverlayServiceJNI: NativeWake
10-14 16:13:19.222  2292  2292 I [OAO] ShellOverlayMain: WakeVrThread
10-14 16:13:19.222  2292  2292 I [OAO] ShellOverlayMain: WakeVrThread - notifying vr thread
10-14 16:13:19.223  2702  2981 I VrRuntimeClient: UpdateEvents: HMT was UNmounted
10-14 16:13:19.223  2702  2981 I [SEO] VrPlatformOpenXr: xrPollEvent: received XR_TYPE_EVENT_DATA_MOUNT_STATE_CHANGED_FB event: isMounted 0
10-14 16:13:19.223  3232  3232 D [SUI] AnytimeUIBroadcastReceiver: action: com.oculus.intent.action.MOUNT_STATE_CHANGED
10-14 16:13:19.224  1770  1770 I [CT]    : MIXEDREALITY: MrService: MountStateChanged: false
10-14 16:13:19.225  2578  2578 W VRLifecycleSessionManager: No apps were active so skipping session.
10-14 16:13:19.225  2578  2578 W VRLifecycleManager: onHeadsetUnmounted
10-14 16:13:19.225  2578  2578 W VRLifecycleManager: onHeadsetUnmounted
10-14 16:13:19.225  7142  7225 E OsSdk   : error getting shared memory region, memory type: HeadTracker, failed with Status(-1, EX_SECURITY): 'requested shared memory region when not registered/focused'
10-14 16:13:19.225   874  1202 W TrackingService: attachClient: found client in attached list
10-14 16:13:19.226  2292  2600 I [OAO] ShellOverlayApp: VrThread woke up
10-14 16:13:19.226  2292  2600 I [OAO] ShellOverlayApp: 0xc565fc20 msg: overlayCommand:
10-14 16:13:19.226  2292  2600 I [OAO] ShellOverlayApp: command = mountStateChanged
10-14 16:13:19.226  2292  2600 I [OAO] ShellOverlayApp: state = 0
10-14 16:13:19.226  2292  2600 I [OAO] ShellOverlayApp: Process_OverlayCommand command : mountStateChanged
10-14 16:13:19.226  2292  2600 I [OAO] ShellOverlayApp: mountStateChanged message received
10-14 16:13:19.226  2292  2600 I [OAO] ShellOverlayApp: ResolveDeviceState: change from Awake to WaitingForSleep
10-14 16:13:19.226  2292  2600 I [OAO] ShellOverlayApp: ResolveDeviceState: isWakingOrUnlockingIntoWake : 0
10-14 16:13:19.226  2292  2600 I [OAO] ShellOverlayApp: ResolveDeviceState: interactionState : None
10-14 16:13:19.226  2292  2600 I [OAO] ShellOverlayApp: Start sleep timeout. Now:1665.625387, Timeout:1667.625387
10-14 16:13:19.226  2033  2111 I VrRuntimeClient: UpdateEvents: HMT was UNmounted
10-14 16:13:19.227   730  1181 W DeviceHAL: Error from HAL Device in function get_mic_mute: Function not implemented
10-14 16:13:19.227   730  1181 W DeviceHAL: Error from HAL Device in function get_mic_mute: Function not implemented
10-14 16:13:19.228   730  1181 D audio_hw_primary: adev_set_mic_mute state 0
10-14 16:13:19.228   730  1181 W DeviceHAL: Error from HAL Device in function set_mic_mute: Function not implemented
10-14 16:13:19.229  7142  7225 E OsSdk   : error getting shared memory region, memory type: AnchorTracker, failed with Status(-1, EX_SECURITY): 'requested shared memory region when not registered/focused'
10-14 16:13:19.229   730  1181 W DeviceHAL: Error from HAL Device in function set_mic_mute: Function not implemented
10-14 16:13:19.229  2113  2113 I VRLifecycleSessionManager: Stored session info.
10-14 16:13:19.229  1050  1645 E AudioSystem-JNI: Command failed for android_media_AudioSystem_muteMicrophone: -38
10-14 16:13:19.230  1372  2252 I UnifiedTelemetryWrapper: Stopped UT session don
10-14 16:13:19.231  2702  2981 I [SEO] ShellApp: HMD Mount State Changed - unmounted - duration in prior state 1648.435648s
10-14 16:13:19.231  2702  2981 I [SEO] DragDropController: OnBackground
10-14 16:13:19.232  2702  2981 I [SEO] ShellFrameAnalytics: Shell Heartbeat focusedPanelTimeSpent: {"0":4376,"13":89} visibleTimeSpent: {"13":89,"15":3931,"9":89} inputTimeSpent: {"controller":4465} inputClickCount: {} mouseMoveTimeSpent: 0 mouseScrollTimeSpent: 0 physicalKeyboardConnectedTimeSpent: 0 physicalKeyboardTrackedTimeSpent: 0 quickActionsMenuActivations: 0 quickActionsMenuTimeSpent: 0 quickActionsMenuSessionLengths: [] quickActionsMenuSelections: {} handTrackingOptIn: 0 handTrackingAutoTransition: 1
10-14 16:13:19.232  2033  2111 I Clay    : EnvironmentSystem: computed visibility changed from Visible to Hidden (reason: LayerRendering)
10-14 16:13:19.232  2033  2111 I Clay    : EnvironmentSystem: environment path not valid, resetting to default scene: isValid=false  packageFilename=
10-14 16:13:19.232  2033  2111 I Clay    : xrPollEvent: MOUNT_STATE_CHANGED_FB: isMounted 0
10-14 16:13:19.235  2113  2113 W VRLifecycleManager: onHeadsetUnmounted
10-14 16:13:19.236  2890  3062 I StateMachine: StateMachine::Update GuardianInitializationStateMachine: unmountEvent -> Unmounted_Black
10-14 16:13:19.236  2890  3062 I GuardianSystem: Headset was unmounted
10-14 16:13:19.243  2033  2111 I Clay    : copresence: microphone state transition, paused
10-14 16:13:19.249  3232  3232 D [SUI] AnytimeUIBroadcastReceiver: action: com.oculus.systemactivities.CAPTURE_STATE_UPDATE
10-14 16:13:19.249  3232  3232 I [SUI] AnytimeUIBroadcastReceiver: handleCaptureStateUpdate: captureToDisk false, captureEnabled false, isCapturingAbuseReport false, abuseRecordingUUID null
10-14 16:13:19.250  2113  2113 I FileCapture: broadcast capture state to AUI running = false, with mode -1
10-14 16:13:19.250  2113  2113 I PlatformPluginManager: setHeadsetMountState: false
10-14 16:13:19.250  2113  2113 I OVRPlatform: [AudioManager] SetHeadsetMounted: false
10-14 16:13:19.250  2113  2113 I OVRPlatform: [AudioManager] Current headsetMounted_ false
10-14 16:13:19.250  2113  2113 I OVRPlatform: [AudioManager] Current headphoneStatus_: DISCONNECTED
10-14 16:13:19.250   874  8226 W [CT]    : FrameToFrameTrackerHelper: Low ratio of valid tracks for available capacity (148/300=0.49<0.50). Verify corner detection and track creation!
10-14 16:13:19.257  2943  2943 D MVanServiceReceiver: MVanServiceReceiver Action: com.oculus.intent.action.MOUNT_STATE_CHANGED
10-14 16:13:19.262  2702  2702 D [SEO] ShellControlBroadcastReceiver: onReceive with MainActivity native pointer 3635923632, action com.oculus.systemactivities.CAPTURE_STATE_UPDATE
10-14 16:13:19.262  2702  2702 D [SEO] ShellApplication: isTrustedAppLaunch early exit. Not a trusted action.com.oculus.systemactivities.CAPTURE_STATE_UPDATE
10-14 16:13:19.262  2702  2702 D [SEO] ShellControlBroadcastReceiver: isLaunchAction = false, isTrustedAppLaunch = false
10-14 16:13:19.262  2702  2702 D [SEO] ShellControlBroadcastReceiver: IsCaptureStateUpdateAction
10-14 16:13:19.268  2292  2292 D DeviceHelper: isScreenOn = true
10-14 16:13:19.268  2292  2292 D [OAO] ShellOverlayBroadcastReceiver: onReceive with ShellOverlayService native pointer 3636137728, action com.oculus.systemactivities.CAPTURE_STATE_UPDATE
10-14 16:13:19.271   874  1202 W TrackingService: attachClient: found client in attached list
10-14 16:13:19.272  7142  7225 E OsSdk   : error getting shared memory region, memory type: HeadTracker, failed with Status(-1, EX_SECURITY): 'requested shared memory region when not registered/focused'
10-14 16:13:19.299   874  1211 I [CT]    : Vega:MapBuilderBase: Created keyRig with frameID 1832 and uid c216b70b
10-14 16:13:19.299   874  8210 D TrackingService: [HANDTRACKING] Controller 86557c336c360320 in hand: N, valid: Y
10-14 16:13:19.301   874  1211 W [CT]    : VEGA_MAP_BUILDER: Resolved a potential TrackToMapPointAssosiation conflict between tracks 4522099 (index = 69, version = 115) and 14483475 (index = 221, version = 19)
10-14 16:13:19.302   874  1211 I [CT]    : KEYPOINT_CACHE: New keyrig added has 44 corners and 72 tracks to immature points that will be used to extract descriptors and insert into the index.
10-14 16:13:19.304   874  1213 I [CT]    : VIPER:DEEP_DESCRIPTOR: Computing Deep Descriptors using IC orientation.
10-14 16:13:19.306   874  1211 I [CT]    : MapCullingTask: Culled 0 L1 nodes, 1 individual keyrigs, and 4 individual points
10-14 16:13:19.307   874  1211 I [CT]    : VegaBAOptimize: Num points adjusted: 189 fixed: 0 Num residuals in-in: 524 in-out: 0 out-in: 0 fixed (out-out): 0 outside ROI: 0 total: 525
10-14 16:13:19.307   874  1211 I [CT]    : VegaBAOptimize: Total: neighbor 3 L1s, adjust 2 L1s. KRs 23  Points 189  Cameras 92  OutsideFixedKR 2  AdjustKR 21  Imus 4
