10-14 18:12:55.601  3232 15354 I RuntimeIPCClientMgr: RuntimeIPCClientMgr::DisconnectFromServer: 0, Client: com.oculus.systemux:com.oculus.systemux:SystemUX:3232, Server: com.oculus.presence:com.oculus.presence (PubSubServer)
10-14 18:12:55.602  2702  2981 I [SEO] PanelAppHost: Passing env var _oc_analytics_session_id = dd5ffd37-9ef8-47ee-a4aa-47ed678ab739
10-14 18:12:55.602  2702  2981 I [SEO] PanelAppHost: Passing env var _oc_userid = 106765628877334
10-14 18:12:55.602  2702  2981 I [SEO] PanelAppHost: Passing env var _oc_shell_version_name = 44.0.0.179.379
10-14 18:12:55.602  2702  2981 I [SEO] PanelAppHost: Passing env var _oc_shell_version_code = 401350480
10-14 18:12:55.602  2702  2981 I [SEO] PanelAppHost: Passing env var _oc_shell_automation_enabled = false
10-14 18:12:55.602  2702  2981 I [SEO] PanelAppHost: Passing env var _oc_shell_view_id_debugging_enabled = false
10-14 18:12:55.602  2702  2981 I [SEO] PanelAppHost: Passing env var _oc_shell_pixel_density = 20
10-14 18:12:55.602  2702  2981 I [SEO] PanelAppHost: Passing env var _oc_shell_render_scale = 1.250000
10-14 18:12:55.602  2702  2981 I [SEO] PanelAppHost: Passing env var _oc_shell_ux_policy = {"panelBackgroundLayerOriginDepths":{"far":0.2,"mid":0.1,"near":0.015}}
10-14 18:12:55.602  2702  2981 I [SEO] PanelAppHost: Passing env var _oc_shell_panel_session_id = dd5ffd37-9ef8-47ee-a4aa-47ed678ab739-25
10-14 18:12:55.602  2702  2981 I [SEO] PanelAppHost: Passing env var _oc_shell_back_navigation_enabled = false
10-14 18:12:55.602  2702  2981 I [SEO] PanelAppHost: Passing env var _oc_shell_feature_sets = appmenu-v1,appmenu-v2,cooperativeState-v2,destinationUi-v2,dragDrop-v1,layerClipping-v1,layerClipping-v2,layerOptions-v1,layerTranslate-v1,multiapp-v1,multiapp-v2,multiapp-v3,multitasking-v1,recoverInstances-v1,shellPanelAdaptability-v1,systemActionBackgroundPanels-v1,systemThemeSetting-v1,system-reauth-v1,system-ux-file-picker-v1,vrNotificationsBootLoad-v1,controlBar-v1,theaterScreen,copresence-v1,copresenceVersion-v1,vrLibraryAppLock-v1
10-14 18:12:55.602  2702  2981 I [SEO] PanelAppHost: Passing env var _oc_launch_timestamp = 8842139
10-14 18:12:55.602  2702  2981 I [SEO] PanelAppHost: Passing env var _oc_shell_host = vrshell
10-14 18:12:55.602  2443  2459 I RuntimeIPCServerMgr: HandleClientDisconnect: Client: com.oculus.systemux:com.oculus.systemux:SystemUX:3232, Server: com.oculus.presence:com.oculus.presence (PubSubServer)
10-14 18:12:55.602  2702  2981 I [SEO] PanelAppHost: Passing env var _oc_shell_panel_id = 25
10-14 18:12:55.602  2702  2981 I [SEO] PanelAppHost: Calling sendPanelLaunchIntent for panel app 25 (com.oculus.systemux/com.oculus.panelapp.anytimeui.AnytimeUIAndroidPanelService)
10-14 18:12:55.602  2702  2981 D [SEO] ShellApplication: sendApkPanelLaunchIntent: packageName=com.oculus.systemux, serviceClassName=com.oculus.panelapp.anytimeui.AnytimeUIAndroidPanelService
10-14 18:12:55.603  2702  2981 D [SEO] PanelServiceConnection: getSystemProcessUidForCurrentUser: 'android' systemUid = 1000
10-14 18:12:55.603  2702  2981 D [SEO] ShellApplication: bindService Intent { cmp=com.oculus.systemux/com.oculus.panelapp.anytimeui.AnytimeUIAndroidPanelService }
10-14 18:12:55.603  3232 15354 I RuntimeIPCClient: RuntimeIPCClient: Shutdown: Client: com.oculus.systemux:com.oculus.systemux:SystemUX:3232, Server: com.oculus.presence:com.oculus.presence (PubSubServer)
10-14 18:12:55.603  3232 15354 I RuntimeIPCApi: ipc_Shutdown
10-14 18:12:55.603  3232 15354 I RuntimeIPCServiceClient: Shutdown: Refs still outstanding: 3, com.oculus.systemux:SystemUX
10-14 18:12:55.603  3232 15354 I RuntimeIPCClientMgr: RuntimeIPCClientMgr::DisconnectFromServer: 0, Client: com.oculus.systemux:com.oculus.systemux:SystemUX:3232, Server: com.oculus.presence:com.oculus.presence (PresenceServer)
10-14 18:12:55.603  2443  2459 I RuntimeIPCServerMgr: HandleClientDisconnect: Client: com.oculus.systemux:com.oculus.systemux:SystemUX:3232, Server: com.oculus.presence:com.oculus.presence (PresenceServer)
10-14 18:12:55.605  2890  3062 I StateMachine: StateMachine::Update ForceShow: forceShowForTime -> ForceShowOnForTime
10-14 18:12:55.605  2702  2981 D [SEO] ShellApplication: notify OS to set com.oculus.systemux/com.oculus.panelapp.anytimeui.AnytimeUIAndroidPanelService to FOREGROUND
10-14 18:12:55.607  2702  2981 I ClientInputTrackedKeyboardManager: TRACKEDKEYBOARD created PTKServiceClient
10-14 18:12:55.607  2702  2981 I PTKService: PTKServiceClient Init
10-14 18:12:55.607  2702  2981 I ipcLoader_static: RuntimeIPC: Loader: IPC Service API Loader Version: 31 Sep  5 2022 22:44:20
10-14 18:12:55.607  2702  2981 I RuntimeIPCApi: ipc_Initialize
10-14 18:12:55.607  2702  2981 I RuntimeIPCServiceClient: Init: Already initialized: com.oculus.vrshell, 17
10-14 18:12:55.608  2292  2292 I [OAO] ShellOverlayService: onStartCommand(): Intent { cmp=com.oculus.vrshell/.ShellOverlayService }
10-14 18:12:55.608  3232 15354 I RuntimeIPCClient: RuntimeIPCClient: Shutdown: Client: com.oculus.systemux:com.oculus.systemux:SystemUX:3232, Server: com.oculus.presence:com.oculus.presence (PresenceServer)
10-14 18:12:55.609  3232 15354 I RuntimeIPCApi: ipc_Shutdown
10-14 18:12:55.609  3232 15354 I RuntimeIPCServiceClient: Shutdown: Refs still outstanding: 2, com.oculus.systemux:SystemUX
10-14 18:12:55.609  3232  3232 D HyperspaceClient: destroy - end
10-14 18:12:55.609  3232  3232 D HyperspaceClient: release instance, refcount: 0
10-14 18:12:55.609  2702  2981 I [SEO] InputManager: Adding controller deviceId = 2
10-14 18:12:55.609  3232  3232 D [SUI] MessengerCallViewModel: released hyperspace client
10-14 18:12:55.609  3232  3232 D [SUI] MessengerCallViewModel: destroyed MessengerCallViewModel
10-14 18:12:55.609  3232  3232 D [SUI] MessengerCallBarViewModel: destroyed MessengerCallBarViewModel
10-14 18:12:55.609  3232  3232 D [SUI] DynamicAppsView: Destroying DynamicAppsView on AUI bar
10-14 18:12:55.609  3232  3232 D [SUI] MessengerCallViewModel: removeObserver
10-14 18:12:55.609  3232  3232 D [SUI] AnytimeUIPanelAppBase: Releasing viewModel DynamicAppsViewModel refCount: 0
10-14 18:12:55.609  3232  3232 E [SUI] AnytimeUIPanelAppBase: Social view model already destroyed
10-14 18:12:55.610  3232  3232 D [SUI] DynamicAppsViewModel: Destroying DynamicAppsViewModel
10-14 18:12:55.610  3232  3232 E [SUI] AnytimeUIPanelAppBase: Release ViewModel called on already destroyed ViewModelnull
10-14 18:12:55.610  3232  3232 D [SUI] AnytimeUIPanelAppBase: Releasing viewModel BarViewModel refCount: 0
10-14 18:12:55.610  3232  3232 D [SUI] BarViewModel: Destroying BarViewModel
10-14 18:12:55.610  3232  3232 D [SUI] AnytimeUIPanelAppBase: Releasing viewModel SettingsViewModel refCount: 0
10-14 18:12:55.610  3232  3232 D [SUI] SettingsViewModel: Destroying ViewModel
10-14 18:12:55.610  2702  2981 I [SEO] ModelCache: Load controller model
10-14 18:12:55.610  2702  2981 I [SEO] ModelCache: Load controller model
10-14 18:12:55.610  2702  2981 I [SEO] InputManager: Adding controller deviceId = 1
10-14 18:12:55.611  2702  2981 I [SEO] ModelCache: Load controller model
10-14 18:12:55.611  2702  2981 I [SEO] ModelCache: Load controller model
10-14 18:12:55.611  3232  3232 D [SUI] AnytimeUIPanelAppBase: Releasing viewModel StatusViewModel refCount: 2
10-14 18:12:55.611  2702  2981 I [SEO] InputManager: Switching primary device (id -1 to 2).
10-14 18:12:55.611  2702  2981 I [SEO] InputManager: Switching secondary device (id to 1).
10-14 18:12:55.612  2702  2981 I [SEO] SystemUXController: OnReorient(reason: 3)
10-14 18:12:55.615  2702  2981 I [SEO] TelemetryProvider: aui_reorient system 0 0 0 com.oculus.shellenv
10-14 18:12:55.615  1737  4065 I RuntimeIPCServerMgr: GetServerStatesConfig -> {MaxBufferSize=32768, MaxEntries=64}
10-14 18:12:55.615  2702  2981 I RuntimeIPCClient: GetServerStatesConfig returned maxEntries=64, maxBuffSize=32768
10-14 18:12:55.615  2702  2981 I RuntimeIPCClient: InitServerStateBuffer: SUCCESS. 1, Client: com.oculus.vrshell:com.oculus.vrshell:2702, Server: com.oculus.os.dialoghost:com.oculus.os.dialoghost (DialogHostService)
10-14 18:12:55.615  2702  2981 I [SEO] PanelAppOSLifecycleNotificationManager: Sending frameState isForeground:1 to OS for app com.oculus.systemux/com.oculus.panelapp.anytimeui.AnytimeUIAndroidPanelService
10-14 18:12:55.615  2033  2111 I Clay    : Failed retrieving controller model id
10-14 18:12:55.616  2033  2111 I Clay    : Failed retrieving controller model id
10-14 18:12:55.616  2033  2111 I Clay    : EnvironmentSystem: setCurrentEnvironment from '' to 'apk://com.environment.matrixloadingvoid/assets/scene.zip'. Computed visibility: Hidden (reason: LayerRendering)
10-14 18:12:55.616  2033  2111 I Clay    : OpenXR: set refresh-rate: 90.000000Hz
10-14 18:12:55.616  2702  2981 I [SEO] LocalSpace: Reset - initialRawFromLocalPose: quat(0.001554, -0.981153, -0.015631, -0.192591), translation(0.508830, 0.657152, 0.428283)
10-14 18:12:55.616  2702  2981 I [SEO] LocalSpace: Applying VRAPI Reorient, the reorient reason is 3
10-14 18:12:55.616  1372  2980 I VrRuntimeService: RuntimeServiceSDKServer::RecenterLocalSpace
10-14 18:12:55.616  1372  2980 I VrRuntimeService: RuntimeServiceSDKServer::RecenterLocalSpaceInternal
10-14 18:12:55.616  1372  2980 I VrRuntimeServer: UpdateLocalSpace: Src: 2, Version: 37, VersionUser: 0, RawFloorHeightOld: -1.119420, RawFloorHeightNew: -1.119420
10-14 18:12:55.617  2113  2113 I OVRMediaService: Received OVERLAY_INPUT_FOCUS_CHANGE. is focused: true
10-14 18:12:55.623  3232  3232 E [SUI] AnytimeUIPanelAppBase: Social view model already destroyed
10-14 18:12:55.624  3232  3232 D [SUI] AnytimeUIPanelAppBase: Releasing viewModel StatusViewModel refCount: 1
10-14 18:12:55.624  3232  3232 I [SUI] AnytimeUIAndroidPanelApp: Destroyed AUI PanelApp, isInOverlay: true, instanceCount: 0
10-14 18:12:55.624  3232  3232 D [SUI] AirlinkUtils: Destroying AirlinkUtils...
10-14 18:12:55.625  2033  2111 I Clay    : EnvironmentSystem: computed visibility changed from Hidden to Visible (reason: <none>)
10-14 18:12:55.625  2033  2111 I Clay    : EnvironmentSystem: Loading 'apk://com.environment.matrixloadingvoid/assets/scene.zip' as asset package
10-14 18:12:55.625  3232  3232 D [SUI] AnytimeUIPanelAppBase: Releasing viewModel StatusViewModel refCount: 0
10-14 18:12:55.625  2033  2111 I Clay    : Local user with id 106765628877334 does have a custom avatar
10-14 18:12:55.625  3232  3232 D [SUI] StatusViewModel: Destroying ViewModel
10-14 18:12:55.625  2033  2111 I Clay    : xrPollEvent: REFERENCE_SPACE_CHANGE_PENDING
10-14 18:12:55.625  2702  2981 I [SEO] VrPlatformOpenXr: xrPollEvent: received XR_TYPE_EVENT_DATA_REFERENCE_SPACE_CHANGE_PENDING event
10-14 18:12:55.627  2702  2981 I [SEO] LocalSpace: New Space: quat(0.025067, -0.000038, -0.001510, -0.999685), translation(0.000000, 1.774891, 0.000000) - Prior Space: quat(0.025067, -0.000038, -0.001510, -0.999685), translation(0.000000, 1.774891, 0.000000)
10-14 18:12:55.627  2702  2981 I [SEO] LocalSpace: Local space version from 21 to 22, local space user version from 0 to 0.
10-14 18:12:55.627  3232  3232 I PresenceAPK(ServicePresenceClient): ServicePresenceClient close
10-14 18:12:55.628  3232  3232 I PresenceAPK(GroupManager): removeListener with id AnchoredHomeGroup
10-14 18:12:55.628  2702  2981 I [SEO] SystemUXController: OnReorient(reason: 3)
10-14 18:12:55.628  3232  3232 I PresenceAPK(ServiceApiManager): onApiNotReady
10-14 18:12:55.628  3232  3232 D PresenceAPK(ServicePresenceClient): Calling onServiceDown
10-14 18:12:55.628  3232  3232 I PresenceAPK(GroupManager): disconnected
10-14 18:12:55.635  1372 14408 I TimeWarpProgs: [0x73c8fb9ef8] Built layerProgram 0:0x100000048082:0x0 in 6.0 ms
10-14 18:12:55.636  2292  2600 I [OAO] VrPlatformOpenXr: xrPollEvent: received XR_TYPE_EVENT_DATA_REFERENCE_SPACE_CHANGE_PENDING event
10-14 18:12:55.641  2702  2981 I [SEO] TelemetryProvider: aui_reorient system 0 0 0 com.oculus.shellenv
10-14 18:12:55.648  1050  1818 I DisplayManagerService: Display device removed: DisplayDeviceInfo{"com.oculus.android_panel_app.AndroidPanelLayer-#main": uniqueId="virtual:com.oculus.systemux,10026,com.oculus.android_panel_app.AndroidPanelLayer-#main,0", 800 x 110, modeId 127, defaultModeId 127, supportedModes [{id=127, width=800, height=110, fps=60.0}], colorMode 0, supportedColorModes [0], HdrCapabilities null, density 200, 200.0 x 200.0 dpi, appVsyncOff 0, presDeadline 16666666, touch NONE, rotation 0, type VIRTUAL, state ON, owner com.oculus.systemux (uid 10026), FLAG_PRIVATE, FLAG_NEVER_BLANK, FLAG_OWN_CONTENT_ONLY}
10-14 18:12:55.650  3232  3232 D [SUI] ActivityManagerUtilsHelper: onFocusedWindowChanged: Instance: com.oculus.panelapp.anytimeui.utils.ActivityManagerUtilsHelper@3a67687, topWindowUid: 10020, focusedApp: com.oculus.vrshell, previousApp: com.oculus.shellenv
10-14 18:12:55.651  3232  3232 D [SUI] NotificationBroadcastReceiver: action: com.oculus.intent.action.NOTIF_CHANGE
10-14 18:12:55.651  3232  3232 D CppPanelService: PanelService()
10-14 18:12:55.651  3232  3232 D CppPanelService: onBind()
10-14 18:12:55.651  1372  3061 I VrRuntimeService: RuntimeServiceSDKServer::SetGuardianSystemState: 3012784263
10-14 18:12:55.651  2890  3062 I GuardianSystem: UpdateGuardianSystemState: Flags changed: 524288, 532480, SYSTEM_GUARDIAN_VALID to SYSTEM_GUARDIAN_VISIBLE,SYSTEM_GUARDIAN_VALID
10-14 18:12:55.651  2890  3062 I GuardianSystem: UpdateSystem: Responding to local space version number change.
10-14 18:12:55.652  2890  3062 I GuardianSurfaceMgr: ForceShowSurfaceBounds: Soft fade out: currentTime 8842.20, ForceShowTime 8843.20, ForceShowFadeTime 8844.20
10-14 18:12:55.652  2890  3062 I GuardianSystem: ForceShowGuardian: false, 1.00
10-14 18:12:55.652  2702  2702 D [SEO] PanelServiceConnection: onSeviceConnected - component name (ComponentInfo{com.oculus.systemux/com.oculus.panelapp.anytimeui.AnytimeUIAndroidPanelService}), panel app id (25)
10-14 18:12:55.652  2702  2702 D [SEO] ShellApplication: notify OS to set com.oculus.systemux/com.oculus.panelapp.anytimeui.AnytimeUIAndroidPanelService to FOREGROUND
10-14 18:12:55.653  2702  2702 I [SEO] PanelServiceConnection: verifyFirstPartyUID(Debug Signatures=false, uid=10026) => apkSignatureResult=SigCertInfo(isTrusted=true, packageNames=[com.oculus.systemux], fingerprint sha1=98a1809f3c3e79170e5df8135b500ecfa39df1be, fingerprint sha256=012f8165c191efe8fb0d6d4606aa4abac14d77d1d97d5340860c9f81045aa157, signature=308205cf308203b7a0030201020204097e91c1300d06092a864886f70d01010b0500308197310b3009060355040613025553311330110603550408130a43616c69666f726e6961311330110603550407130a4d656e6c6f205061726b31233021060355040a131a46616365626f6f6b20546563686e6f6c6f676965732c204c4c4331233021060355040b131a46616365626f6f6b20546563686e6f6c6f676965732c204c4c43311430120603550403130b4f63756c75732041707073301e170d3139303730343131333935315a170d3436313131393131333935315a308197310b3009060355040613025553311330110603550408130a43616c69666f726e6961311330110603550407130a4d656e6c6f205061726b31233021060355040a131a46616365626f6f6b20546563686e6f6c6f676965732c204c4c4331233021060355040b131a46616365626f6f6b20546563686e6f6c6f676965732c204c4c43311430120603550403130b4f63756c7573204170707330820222300d06092a864886f70d01010105000382020f003082020a0282020100b815642a5c201c8da044905dafbb06c05fddb75449cc75a716a0434da0493a52a4d60643532c237e76cb41d2c32a5e4474f12b37f632a809b5a5ceb8c6289ecf828e736b4ec452b1c2757bd0b5ed13eff5a7a47ab2ef6cdf60a8d749e9e8603f30d12b5db8f734c57578a2a4ce5ff5737c1f02c629d2dcb4f82726674663a699de94463ff370fa9eb48158831bf0b68bd6ec84293182d52e860bdd81bb9ce9cdd6a77fea0df25004da34d3cce7a31069646aa4628fba9ccb0952163793be9a4edf49a53f83179c2f44d8c87d6c129e8d590af0f3fced26201ee43b31fccd93b497cd198c5cd1f98d64c4f7ad79ca47278c02652d5dc072a99807e22f473f7bae4da2bafcae48cd49ad55a764b8d39f329f6175eac9074307deff48b1c4a6e19b748766617768c31a17feae8478eb7f9ebfb61af2b9f5a692b636342d7ebc53d7146626b51801b5a0a102e281475decdefb8683d0ca2843dc7aaeb6759bcab0dcba38db44f5d7f797a1c9c02dd159c0e3c72b14dc882d31c24ad8abee4ce0f7f0205e05efef551e2551a61e96636ed5dfd7435d3d24f5a130a12f10452cc954aa770d5d95e3e0cb9d7b05c5506a7947f8ff3437b3d82274fdaa156d85bfb7fbcb4fa5557080fedab86520b71d3d533e7bb3e7e3ebe9712b68e755d700b0afbf7595ffa80a6b3d90bfe599769138ee6515df415e32c0abed2b8e4aea1f47351f490203010001a321301f301d0603551d0e04160414a3c939e6b71c43bc9193f773c0351be1aff311f9300d06092a864886f70d01010b050003820201004e4c865231f2a3583c6af9488ecf9aa96b1ee84e2d7bfad00581537dc70c54ecfcf360e563d018efa4cdd77bf6fc4c9f1a20ebd4215cf1538686d4089bdcc8adb6ae4497ead14b0c18efd52ce93357019973e94e16b3326c60885b1bdc5f9cad1098f16732935876d8d19bda3ceeaaa69a83c4e2231710c6735f88abdfffe3dfa2be3f18f894923441b4e4a9c9664ed6294c16d7c073547063bfdbbefad184a001f1dce2feffdc96d10eb16a3bfbcd382cd297ca3b4edb7ebacd1a9931a1368a5157ceaebbca5b39bd5db5461a340db8ec076d38a94bcdd042bfb51388158ba97a49b631c1762fa746c7bb36eaf15cae23fa993cfb052e824f2ae173ea27b50a6cca91eb955f4faf131514757e5a3ecae9df6d23771279b7742f28fb9ce394eb9e03926f550716f1312355a5efdc479d8347b516cff55cb14307c81280142cacf2fd6562a2baacbfc97869272b1c51abf79121de8bab227e001313d4115eb9b33a332ebb34e290f14b5352ef1038f7a5f3740c9d1136b3526de4331deb4fa529c36a17c04c3e64d4f6ebda73d6e6e18281e3948fd11e685eab6611be1bc62839bce5962715e7f6537e6c083bcd3538d17407b26c850cd6b3f5e2149fdef027a6cfb7ed0f93c928aca14927b10c6a3f104ba1b10413af8b1868b84a004e5ddd065fff26a7bb3c818bb5a2d69aedf9441ef9033efae3ef52282a96f66d4b4ff3f2)
10-14 18:12:55.655  3232  3737 I CppPanelService: verifyVrShellUID(Debug Signatures=false, uid=10020) => apkSignatureResult=SigCertInfo(isTrusted=true, packageNames=[com.oculus.vrshell], fingerprint sha1=331660b6dd3bd582f3dfd3cbae4546724668a021, fingerprint sha256=dc2f834e3c1942378b14f076c82cd1ab59ea6566bff4730b2047e98efc9f9daf, signature=3082038d30820275a00302010202041303858a300d06092a864886f70d01010b05003077310b3009060355040613025553310b3009060355040813024341311330110603550407130a4d656e6c6f205061726b31173015060355040a130e4f63756c75732056522c204c4c4331173015060355040b130e4f63756c75732056522c204c4c43311430120603550403130b4f63756c75732041707073301e170d3134313033303231343032315a170d3432303331373231343032315a3077310b3009060355040613025553310b3009060355040813024341311330110603550407130a4d656e6c6f205061726b31173015060355040a130e4f63756c75732056522c204c4c4331173015060355040b130e4f63756c75732056522c204c4c43311430120603550403130b4f63756c7573204170707330820122300d06092a864886f70d01010105000382010f003082010a0282010100a34c7fbd96dea95d811f21a0d760cabca85f2df5dbe19b62aca7a3e3e0b6e48f7e173345f2753c458d639cc2e222eeee4cfb5e89ac1c5060044414056709a43a7f1a6f1e4f2c3d708c48912634be08ad6da1fff92d9c0d4b85e4bc8a8b1c27de84c04eb1e6577c10693500af46beaf7bd2ce72a06a46f4e565859f242cecbef1a431ae8096db712cebe73840bacc64de6b99077ba1ca8c20e5d0b4870bd161f087abbf568dfef58e604068ca6f7cdea183c8681c306bc30cb223e7c5ce3a2fcf00d13e158475b3700ef62dcca46c57baecca4d91052e20b861a1a085d5fc8e99aed8c4a9cfd550d01e54ef5062133befcf7f9ea6a5a1d1575a72cd82279f34030203010001a321301f301d0603551d0e04160414ec7ccdaf8ccdc6dd1b87d4b561582ad8ec397b80300d06092a864886f70d01010b0500038201010014c557ecddc17ba8b979618036e7093b8e7307f624644532c31239f4dc83fd9424267ca7670fa9f78689cbc5bfd8a6312fdc214bd159d614a8753ceec0f2b2d9166217895b13c992e1d10ca625a3153dacfa51dbdb7fde139bd59510f5add29f88be3826b445ce7386dcf06577be72fbdf118fa81179091fad275981409e02d40422d8e86df5827a2c496a4b905b4825c3f1ba0af4cf509bf9b0d4d608cf0b4320ac60d1a8cbcc384de24f11a4c93c0fc5b887cbd6855871af1b1ef729c51a8a123efc6a627b6494e81a264587443b9156ad17772863c2f9685fae9c72a552b333f8ef2822bce5d4d178e45b3a8dd4e321924f6a5ba43f732971a9e74cbf0433), time=1 ms
10-14 18:12:55.655  3232  3232 D CppPanelService: BEGIN: Initializing panel application via MSG_CREATE_PANEL_APP.
10-14 18:12:55.656  3232  3232 I AndroidPanelApp: Created
10-14 18:12:55.656  3232  3232 V LifecycleAwareViewModelStore: LifecycleAwareViewModelStore created
10-14 18:12:55.656  3232  3232 V LifecycleAwarePanelApp: PanelApp initial lifecycle started and moved from state INITIALIZED to state RESUMED
10-14 18:12:55.658  3232  3232 I [SUI] ConsumerConfiguration: Setting SystemUX Configuration and Policy Settings.
10-14 18:12:55.659  3232  3232 D [SUI] AnytimeUIBroadcastReceiver: requestCaptureState being sent
10-14 18:12:55.660  2890  3062 W GuardianOpenXrMgr: @@@ wait frame retry=10 dtWait=0.000001 dtFrame=37.402374 submittedFrameIndex=88566
10-14 18:12:55.660  3232 15542 D QuickPromotionController: Initialized and enabled.
10-14 18:12:55.660  3232 15542 D QuickPromotionController: Fetching Quick Promotions for all surfaces.
10-14 18:12:55.660  3232 15542 D QuickPromotionController: Initialized and enabled.
10-14 18:12:55.660  3232 15542 D QuickPromotionController: Set access token.
10-14 18:12:55.660  3232  3232 D [SUI] StatusViewModel: Constructing ViewModel
10-14 18:12:55.660  3232 15542 D QuickPromotionController: Fetched Quick Promotions for all surfaces.
10-14 18:12:55.661  2113  2113 I OVRMediaService: onStartCommand Received message type: com.oculus.horizon.GET_CAPTURE_STATE_ACTION, caller package: no_app_identity, app identify: null
10-14 18:12:55.664  3232  3232 I android_os_HwBinder: HwBinder: Starting thread pool for getting: vendor.oculus.hardware.battery@1.0::IBattery/default
10-14 18:12:55.671  3232  3232 D [SUI] StatusViewModel: Initializing wifi status BroadcastReceiver
10-14 18:12:55.673  3232  3232 D [SUI] StatusViewModel: Initialized wifi status BroadcastReceiver
10-14 18:12:55.675  1770  3150 I [CT]    : MIXEDREALITY: VrApiSupport: renderIteration: Display refresh rate changed, new value: 90.
10-14 18:12:55.675  1770  3150 I [CT]    : MIXEDREALITY: MrRuntimeImpl: onDisplayRefreshRateChanged: Display rate changed from 72 to 90.
10-14 18:12:55.675  1770  3150 I [CT]    : MIXEDREALITY: MrRuntimeImpl: Force telemetry to be sent now.
10-14 18:12:55.675  1770  3150 I [CT]    : MIXEDREALITY: MrRuntimeImpl: Reset telemetry such to start collecting data using the new refresh rate.
10-14 18:12:55.675  1770  3150 I [CT]    : MIXEDREALITY: MrRuntimeImpl: setSessionInitTime: Session initialization timer was set to 8842.218939228 ns.
10-14 18:12:55.675  1770  3150 I [CT]    : MIXEDREALITY: MrRuntimeImpl: setSessionInitTime: Reset session duration timer after 41.37265738 seconds.
10-14 18:12:55.676  1770  3150 I [CT]    : MIXEDREALITY: MrRuntimeImpl: setSessionInitTime: Session initialization timer was set to 8842.219015165 ns.
10-14 18:12:55.676  1770  3150 I [CT]    : MIXEDREALITY: MrRuntimeImpl: setSessionInitTime: Reset session duration timer after 41.372774463 seconds.
10-14 18:12:55.676  1770  3150 I [CT]    : MIXEDREALITY: MrServiceView: renderIteration: Nothing to render, hibernating the rendering thread since ID is off.
10-14 18:12:55.676  1770  3150 I [CT]    : MIXEDREALITY: MrServiceModel: Hibernating caller (most likely rendering thread) due to commandQueue being empty.
10-14 18:12:55.677  3232  3232 D [SUI] AnytimeUIPanelAppBase: Acquiring viewModel StatusViewModel refCount: 1
10-14 18:12:55.677  3232  3232 D [SUI] AirlinkUtils: Initializing AirlinkUtils...
10-14 18:12:55.678  1372 14408 I CompositorVR: SetSchedFifo( tid=3062, pol=5, pri=1 ) succeeded
10-14 18:12:55.678  3232  3232 D [SUI] AirlinkUtils: Initializing wifi status BroadcastReceiver
10-14 18:12:55.678  1372 14408 I CompositorVR: SetSchedFifo( tid=3796, pol=5, pri=1 ) succeeded
10-14 18:12:55.678  1372 14408 I CompositorVR: SetSchedFifo( tid=3852, pol=5, pri=1 ) succeeded
10-14 18:12:55.683  3232  3232 D OsSdk   : XrspBroker: setALEnabled 0
10-14 18:12:55.683  3232  3232 I [SUI] XrspBrokerHelper: Set AirLink Enabled Secured: 0
10-14 18:12:55.683   926  3307 D xrspd   : setALEnabled 0
10-14 18:12:55.683  3232  3232 I [SUI] AnytimeUIAndroidPanelApp: Creating AUI PanelApp, isInOverlay: false, instanceCount: 1
10-14 18:12:55.683   926  3307 D xrspd   : setAlinkEnabledCallback disabled, already using usb, ignoring
10-14 18:12:55.687  3232  3232 D [SUI] ActivityManagerUtilsHelper: Enabling the activity listener capability with initial foreground package com.oculus.shellenv
10-14 18:12:55.688  3232  3232 D [SUI] AnytimeUIBroadcastReceiver: requestCaptureState being sent
10-14 18:12:55.688  3232  3232 D [SUI] SocialViewModel: Constructing ViewModel
10-14 18:12:55.689  3232  3232 D [SUI] AnytimeUIPanelAppBase: Acquiring viewModel SocialViewModel refCount: 1
10-14 18:12:55.689  3232  3232 D [SUI] DynamicAppsViewModel: Initializing pinned apps
10-14 18:12:55.689  3232  3232 D [SUI] AnytimeUIPanelAppBase: Acquiring viewModel DynamicAppsViewModel refCount: 1
10-14 18:12:55.689  3232  3232 D [SUI] SharingViewModel: Constructing ViewModel
10-14 18:12:55.691  3232  3232 D [SUI] SharingViewModel: clearAbuseReportRecordingTimer
10-14 18:12:55.691  3232  3232 D [SUI] AnytimeUIPanelAppBase: Acquiring viewModel SharingViewModel refCount: 1
10-14 18:12:55.691  3232  3232 I AndroidPanelApp: HideLayer(#main, shape: 1, shouldMinimizeLayer: false)
10-14 18:12:55.691  1050  1818 I DisplayManagerService: Display device added: DisplayDeviceInfo{"com.oculus.android_panel_app.AndroidPanelLayer-#main": uniqueId="virtual:com.oculus.systemux,10026,com.oculus.android_panel_app.AndroidPanelLayer-#main,0", 800 x 1250, modeId 128, defaultModeId 128, supportedModes [{id=128, width=800, height=1250, fps=60.0}], colorMode 0, supportedColorModes [0], HdrCapabilities null, density 200, 200.0 x 200.0 dpi, appVsyncOff 0, presDeadline 16666666, touch NONE, rotation 0, type VIRTUAL, state OFF, owner com.oculus.systemux (uid 10026), FLAG_PRIVATE, FLAG_NEVER_BLANK, FLAG_OWN_CONTENT_ONLY}
10-14 18:12:55.693  2113  2113 I FileCapture: broadcast capture state to AUI running = false, with mode -1
10-14 18:12:55.708  3232  3232 D [SUI] BarViewModel: Constructing BarViewModel
10-14 18:12:55.708  3232  3232 D [SUI] AnytimeUIPanelAppBase: Acquiring viewModel BarViewModel refCount: 1
10-14 18:12:55.708  3232  3232 D [SUI] SettingsViewModel: Constructing ViewModel
10-14 18:12:55.710  3232 15555 D CCodec  : allocate(c2.android.raw.decoder)
10-14 18:12:55.711   846  1877 V C2Store : in init
10-14 18:12:55.711   846  1877 V C2Store : loading dll
10-14 18:12:55.715  3232  3232 D [SUI] AnytimeUIPanelAppBase: Acquiring viewModel StatusViewModel refCount: 2
10-14 18:12:55.718  3232 15555 I CCodec  : Created component [c2.android.raw.decoder]
10-14 18:12:55.721  3232 15555 D CCodecConfig: read media type: audio/raw
10-14 18:12:55.723  3232 15555 D ReflectedParamUpdater: extent() != 1 for single value type: algo.buffers.max-count.values
10-14 18:12:55.723  3232 15555 D ReflectedParamUpdater: extent() != 1 for single value type: output.subscribed-indices.values
10-14 18:12:55.723  3232 15555 D ReflectedParamUpdater: extent() != 1 for single value type: input.buffers.allocator-ids.values
10-14 18:12:55.723  3232 15555 D ReflectedParamUpdater: extent() != 1 for single value type: output.buffers.allocator-ids.values
10-14 18:12:55.723  3232 15555 D ReflectedParamUpdater: extent() != 1 for single value type: algo.buffers.allocator-ids.values
10-14 18:12:55.724  3232 15555 D ReflectedParamUpdater: extent() != 1 for single value type: output.buffers.pool-ids.values
10-14 18:12:55.724  3232 15555 D ReflectedParamUpdater: extent() != 1 for single value type: algo.buffers.pool-ids.values
10-14 18:12:55.724  3232 15555 I CCodecConfig: query failed after returning 8 values (BAD_INDEX)
10-14 18:12:55.724  3232 15555 D CCodecConfig: c2 config diff is Dict {
10-14 18:12:55.724  3232 15555 D CCodecConfig:   c2::u32 coded.bitrate.value = 64000
10-14 18:12:55.724  3232 15555 D CCodecConfig:   c2::u32 input.buffers.max-size.value = 65536
10-14 18:12:55.724  3232 15555 D CCodecConfig:   c2::u32 input.delay.value = 0
10-14 18:12:55.724  3232 15555 D CCodecConfig:   string input.media-type.value = "audio/raw"
10-14 18:12:55.724  3232 15555 D CCodecConfig:   string output.media-type.value = "audio/raw"
10-14 18:12:55.724  3232 15555 D CCodecConfig:   c2::u32 raw.channel-count.value = 2
10-14 18:12:55.724  3232 15555 D CCodecConfig:   c2::u32 raw.pcm-encoding.value = 0
10-14 18:12:55.724  3232 15555 D CCodecConfig:   c2::u32 raw.sample-rate.value = 44100
10-14 18:12:55.724  3232 15555 D CCodecConfig: }
10-14 18:12:55.725  3232 15555 D CCodecConfig: no c2 equivalents for durationUs
10-14 18:12:55.725  3232 15555 D CCodecConfig: no c2 equivalents for track-id
10-14 18:12:55.725  3232 15555 D CCodecConfig: no c2 equivalents for bits-per-sample
10-14 18:12:55.725  3232 15555 D CCodecConfig: no c2 equivalents for channel-mask
10-14 18:12:55.725  3232 15555 D CCodecConfig: c2 config diff is   c2::u32 raw.channel-count.value = 1
10-14 18:12:55.725  3232 15555 D CCodecConfig:   c2::u32 raw.sample-rate.value = 48000
10-14 18:12:55.725  3232 15555 W Codec2Client: query -- param skipped: index = 1107298332.
10-14 18:12:55.725  3232 15555 D CCodec  : setup formats input: AMessage(what = 0x00000000) = {
10-14 18:12:55.725  3232 15555 D CCodec  :   int32_t channel-count = 1
10-14 18:12:55.725  3232 15555 D CCodec  :   int32_t max-input-size = 65536
10-14 18:12:55.725  3232 15555 D CCodec  :   string mime = "audio/raw"
10-14 18:12:55.725  3232 15555 D CCodec  :   int32_t pcm-encoding = 2
10-14 18:12:55.725  3232 15555 D CCodec  :   int32_t sample-rate = 48000
10-14 18:12:55.725  3232 15555 D CCodec  : } and output: AMessage(what = 0x00000000) = {
10-14 18:12:55.725  3232 15555 D CCodec  :   int32_t channel-count = 1
10-14 18:12:55.725  3232 15555 D CCodec  :   string mime = "audio/raw"
10-14 18:12:55.725  3232 15555 D CCodec  :   int32_t pcm-encoding = 2
10-14 18:12:55.725  3232 15555 D CCodec  :   int32_t sample-rate = 48000
10-14 18:12:55.725  3232 15555 D CCodec  :   int32_t channel-mask = 0
10-14 18:12:55.725  3232 15555 D CCodec  : }
10-14 18:12:55.726  3232 15555 W Codec2Client: query -- param skipped: index = 1342179345.
10-14 18:12:55.726  3232 15555 W Codec2Client: query -- param skipped: index = 2415921170.
10-14 18:12:55.726  3232 15555 D CCodecBufferChannel: [c2.android.raw.decoder#327] Created input block pool with allocatorID 16 => poolID 26 - OK (0)
10-14 18:12:55.728  3232  3305 D BufferPoolAccessor: bufferpool2 0x7331fe7e20 : 0(0 size) total buffers - 0(0 size) used buffers - 0/5 (recycle/alloc) - 4/8 (fetch/transfer)
10-14 18:12:55.728  3232  3305 D BufferPoolAccessor: Destruction - bufferpool2 0x7331fe7e20 cached: 0/0M, 0/0% in use; allocs: 5, 0% recycled; transfers: 8, 50% unfetced
10-14 18:12:55.728  3232 15555 I CCodecBufferChannel: [c2.android.raw.decoder#327] Created output block pool with allocatorID 16 => poolID 94 - OK
10-14 18:12:55.728  3232 15555 D CCodecBufferChannel: [c2.android.raw.decoder#327] Configured output block pool ids 94 => OK
10-14 18:12:55.729  1050  1074 W InputReader: Device has associated, but no associated display id.
10-14 18:12:55.732   846 15557 D SimpleC2Component: Using output block pool with poolID 94 => got 94 - 0
10-14 18:12:55.734  2702  2702 D [SEO] ShellControlBroadcastReceiver: onReceive with MainActivity native pointer 3635923632, action com.oculus.systemactivities.CAPTURE_STATE_UPDATE
10-14 18:12:55.734  2702  2702 D [SEO] ShellApplication: isTrustedAppLaunch early exit. Not a trusted action.com.oculus.systemactivities.CAPTURE_STATE_UPDATE
10-14 18:12:55.734  2702  2702 D [SEO] ShellControlBroadcastReceiver: isLaunchAction = false, isTrustedAppLaunch = false
10-14 18:12:55.734  2702  2702 D [SEO] ShellControlBroadcastReceiver: IsCaptureStateUpdateAction
10-14 18:12:55.739  3232  3232 D [SUI] AnytimeUIPanelAppBase: Acquiring viewModel SettingsViewModel refCount: 1
10-14 18:12:55.739  3232  3232 D [SUI] AnytimeUIPanelAppBase: Acquiring viewModel StatusViewModel refCount: 3
10-14 18:12:55.739  3232  3232 D [SUI] ActiveCallBarViewModel: Constructing ActiveCallBarViewModel
10-14 18:12:55.739  3232  3232 I [SUI] PartiesCallBarViewModel: new ServicePresenceClient
10-14 18:12:55.739  3232  3232 I PresenceAPK(ServiceApiManager): Trying to bind to presence service API.
10-14 18:12:55.740  1050  1076 W InputReader: Device has associated, but no associated display id.
10-14 18:12:55.740  1050  1076 I ActivityTaskManager: Override config changes=20005df8 {0.0 ?mcc?mnc ?localeList ?layoutDir sw640dp w640dp h1000dp 200dpi lrg port ?uimode ?night -touch qwerty/v/v -nav/h winConfig={ mBounds=Rect(0, 0 - 800, 1250) mAppBounds=Rect(0, 0 - 800, 1250) mWindowingMode=fullscreen mDisplayWindowingMode=fullscreen mActivityType=undefined mAlwaysOnTop=undefined mRotation=ROTATION_0}} for displayId=67
10-14 18:12:55.743  3232  3262 I [SUI] AnytimeUIAndroidPanelApp: GCing AnytimeUIAndroidPanelApp
10-14 18:12:55.743  3232  3262 W System  : A resource failed to call release. 
10-14 18:12:55.743  3232  3262 I chatty  : uid=10026(com.oculus.systemux) FinalizerDaemon identical 5 lines
10-14 18:12:55.743  3232  3262 W System  : A resource failed to call release. 
10-14 18:12:55.746  1478  1478 V AvrcpMediaPlayerList: onPlaybackConfigChanged(): Configs list size=4
10-14 18:12:55.747  2292  2292 D DeviceHelper: isScreenOn = true
10-14 18:12:55.747  3232  3232 D PresenceAPK(PresenceClient): setEventListener id=SystemCallGroup
10-14 18:12:55.747  3232  3232 I PresenceAPK(GroupManager): addListener for id SystemCallGroup
10-14 18:12:55.747  3232  3232 D [SUI] MessengerCallBarViewModel: constructing MessengerCallBarViewModel
10-14 18:12:55.747  3232  3232 D [SUI] MessengerCallViewModel: constructing MessengerCallViewModel, instance count:10
10-14 18:12:55.747  2292  2292 D [OAO] ShellOverlayBroadcastReceiver: onReceive with ShellOverlayService native pointer 3636137728, action com.oculus.systemactivities.CAPTURE_STATE_UPDATE
10-14 18:12:55.747  3232  3232 D HyperspaceClient: acquire instance, refcount: 1
10-14 18:12:55.747  3232  3232 D [SUI] MessengerCallViewModel: hyperspace client created
10-14 18:12:55.747  3232  3232 D [SUI] AnytimeUIPanelAppBase: Acquiring viewModel MessengerCallViewModel refCount: 1
10-14 18:12:55.747  3232  3232 D [SUI] MessengerCallViewModel: registerObserver
10-14 18:12:55.747  3232  3232 D [SUI] AnytimeUIPanelAppBase: Acquiring viewModel ActiveCallBarViewModel refCount: 1
10-14 18:12:55.747  3232 15558 D HyperspaceClientJni: initInternal - start
10-14 18:12:55.747  3232 15558 D HyperspaceClientJni: startHyperspacePresenceServiceClient
10-14 18:12:55.748  3232 15558 D HyperspaceClientJni: initHyperspacePresenceServiceClient begin
10-14 18:12:55.748  3232 15558 I ipcLoader_static: RuntimeIPC: Loader: IPC Service API Loader Version: 31 Sep  5 2022 22:42:23
10-14 18:12:55.748  3232 15558 I RuntimeIPCApi: ipc_Initialize
10-14 18:12:55.748  3232 15558 I RuntimeIPCServiceClient: Init: Already initialized: com.oculus.systemux:SystemUX, 2
10-14 18:12:55.748   810  1000 D MediaBufferGroup: creating MemoryDealer
10-14 18:12:55.749  3232  3232 D [SUI] OnboardingTutorial: Initialize Onboarding Tutorial
10-14 18:12:55.750  3232  3232 D [SUI] OnboardingTutorial: Step is: NOT_BRAND_NEW_USER
10-14 18:12:55.750  3232  3232 D [SUI] OnboardingTutorial: Not a first time user; skipping the tutorial
10-14 18:12:55.750  3232  3232 D [SUI] SystemStatusView: Initializing System Status
10-14 18:12:55.750  3232  3232 D [SUI] AnytimeUIPanelAppBase: Acquiring viewModel SocialViewModel refCount: 2
10-14 18:12:55.750  2113  2113 I OVRMediaServiceManager: Metacam is not enabled.
10-14 18:12:55.750  3232  3232 D [SUI] StatusViewModel: Constructing ViewModel
10-14 18:12:55.750  2443  2459 D RuntimeIPCServerMgr: RegisterClient: Client: com.oculus.systemux:com.oculus.systemux:SystemUX:3232, Server: com.oculus.presence:com.oculus.presence (PresenceServer)
10-14 18:12:55.751  2443  2459 I IPCSharedMemory: CreateSharedMemory: Allocated shared memory fd 100 (ipcStateReadWrite)
10-14 18:12:55.751  2443  2459 I IPCSharedMemory: CreateSharedMemory: Allocated shared memory fd 101 (ipcReadOnlyState)
10-14 18:12:55.751  2443  2459 I RuntimeIPCServerMgr: Event buffer size (server): 8192
10-14 18:12:55.752  2113  2113 I OVRMediaService: onStartCommand Received message type: com.oculus.horizon.GET_CAPTURE_STATE_ACTION, caller package: no_app_identity, app identify: null
10-14 18:12:55.752  3232  3232 I android_os_HwBinder: HwBinder: Starting thread pool for getting: vendor.oculus.hardware.battery@1.0::IBattery/default
10-14 18:12:55.754  2443  2459 I IPCSharedMemory: CreateSharedMemory: Allocated shared memory fd 110 (ipcEventBuffer)
10-14 18:12:55.754  2443  2459 I IPCSharedMemory: CreateSharedMemory: Allocated shared memory fd 111 (ipcEventBuffer_Private)
10-14 18:12:55.754  2443  2459 I RuntimeIPCServerMgr: HandleClientConnect SUCCESS: Client: com.oculus.systemux:com.oculus.systemux:SystemUX:3232, Server: com.oculus.presence:com.oculus.presence (PresenceServer)
10-14 18:12:55.755  2443  2459 I RuntimeIPCServerMgr: GetServerStatesConfig -> {MaxBufferSize=32768, MaxEntries=64}
10-14 18:12:55.755  3232 15558 I RuntimeIPCClient: GetServerStatesConfig returned maxEntries=64, maxBuffSize=32768
10-14 18:12:55.755  3232 15558 I RuntimeIPCClient: Event buffer size (client): 8192
10-14 18:12:55.755  3232 15558 I RuntimeIPCClient: TryToGetIPCResourcesFromServer: RPC_CONNECTOR_CONNECT_TO_SERVER SUCCESS: Client: com.oculus.systemux:com.oculus.systemux:SystemUX:3232, Server: com.oculus.presence:com.oculus.presence (PresenceServer)
10-14 18:12:55.755  3232 15558 I RuntimeIPCClient: EnsureServerConnection: SUCCESS. Client: com.oculus.systemux:com.oculus.systemux:SystemUX:3232, Server: com.oculus.presence:com.oculus.presence (PresenceServer)
10-14 18:12:55.755  3232 15558 I RuntimeIPCClientMgr: ConnectToServer: SUCCESS: Client: com.oculus.systemux:com.oculus.systemux:SystemUX:3232, Server: com.oculus.presence:com.oculus.presence (PresenceServer)
10-14 18:12:55.760  3232  3232 D [SUI] StatusViewModel: Initializing wifi status BroadcastReceiver
10-14 18:12:55.760  3232  3232 D [SUI] StatusViewModel: Initialized wifi status BroadcastReceiver
10-14 18:12:55.762  2033  2111 I Clay    : EnvironmentSystem::update: setting scene background audio for scene zip 'apk://com.environment.matrixloadingvoid/assets/scene.zip'
10-14 18:12:55.762  2033  2111 I Clay    : EnvironmentAudioSystem::setSceneBackgroundLoop: set scene audio: apk://com.environment.matrixloadingvoid/assets/scene.zip
10-14 18:12:55.762  3232  3232 D [SUI] AnytimeUIPanelAppBase: Acquiring viewModel BarViewModel refCount: 2
10-14 18:12:55.762  3232  3232 D [SUI] AnytimeUIPanelAppBase: Acquiring viewModel SystemStatusViewModel refCount: 1
10-14 18:12:55.762  3232  3232 D [SUI] SocialViewModel: registerObserver(): -$$Lambda$SystemStatusView$hvdttGlyfUmlGZJVTLPJRt2c5Fk
10-14 18:12:55.762  2033  2111 I Clay    : EnvironmentSystem: Scene loaded
10-14 18:12:55.762  3232  3232 D [SUI] SystemStatusView: Initialized System Status
10-14 18:12:55.763  2033  2111 I Clay    : SharedHomeSystem::_onEnvironmentActivated
10-14 18:12:55.763  3232  3232 D [SUI] AnytimeUIPanelAppBase: Acquiring viewModel DynamicAppsViewModel refCount: 2
10-14 18:12:55.763  3232  3232 D [SUI] DynamicAppsView: Initializing DynamicAppsView on AUI bar
10-14 18:12:55.763   846   846 D BufferPoolAccessor: Destruction - bufferpool2 0x2c2d25ca30 cached: 0/0M, 0/0% in use; allocs: 0, 0% recycled; transfers: 0, 0% unfetced
10-14 18:12:55.763  3232  3232 D [SUI] BarView: Initialized parties call bar
10-14 18:12:55.763  3232  3232 D [SUI] MessengerCallViewModel: registerObserver
10-14 18:12:55.763  3232  3232 D [SUI] BarView: Initialized messenger call bar
10-14 18:12:55.763  3232  3232 V [SUI] BarView: Subscribing to notifications badge live data
10-14 18:12:55.763  3232  3232 V [SUI] BarView: Notifs badge count: 0, Messenger badge count 0
10-14 18:12:55.763  3232  3232 D [SUI] BarView: Initialized BarView
10-14 18:12:55.763   846   846 V C2Store : in ~ComponentModule
10-14 18:12:55.763   846   846 V C2Store : unloading dll
10-14 18:12:55.766  1050  2506 I DisplayManagerService: Display device removed: DisplayDeviceInfo{"com.oculus.android_panel_app.AndroidPanelLayer-#main": uniqueId="virtual:com.oculus.systemux,10026,com.oculus.android_panel_app.AndroidPanelLayer-#main,0", 800 x 1250, modeId 128, defaultModeId 128, supportedModes [{id=128, width=800, height=1250, fps=60.0}], colorMode 0, supportedColorModes [0], HdrCapabilities null, density 200, 200.0 x 200.0 dpi, appVsyncOff 0, presDeadline 16666666, touch NONE, rotation 0, type VIRTUAL, state OFF, owner com.oculus.systemux (uid 10026), FLAG_PRIVATE, FLAG_NEVER_BLANK, FLAG_OWN_CONTENT_ONLY}
10-14 18:12:55.769  2113  2113 I FileCapture: broadcast capture state to AUI running = false, with mode -1
10-14 18:12:55.771  1050  2506 I DisplayManagerService: Display device added: DisplayDeviceInfo{"com.oculus.android_panel_app.AndroidPanelLayer-#main": uniqueId="virtual:com.oculus.systemux,10026,com.oculus.android_panel_app.AndroidPanelLayer-#main,0", 800 x 110, modeId 129, defaultModeId 129, supportedModes [{id=129, width=800, height=110, fps=60.0}], colorMode 0, supportedColorModes [0], HdrCapabilities null, density 200, 200.0 x 200.0 dpi, appVsyncOff 0, presDeadline 16666666, touch NONE, rotation 0, type VIRTUAL, state OFF, owner com.oculus.systemux (uid 10026), FLAG_PRIVATE, FLAG_NEVER_BLANK, FLAG_OWN_CONTENT_ONLY}
10-14 18:12:55.771  1651 15539 W ContextImpl: Calling a method in the system process without a qualified user: android.app.ContextImpl.sendBroadcast:1057 android.content.ContextWrapper.sendBroadcast:448 X.nk.A00:133 X.nW.A00:17 X.nW.handleMessage:91 
10-14 18:12:55.777  3232 15542 D NotificationsBadgeLiveData: MessageBadgeData, pullAndCheckNotifs, old data source notif count: 0, oc chats count: 0, messenger count: 0
10-14 18:12:55.778  3232  3232 D [SUI] SettingsAssistantJsonBuilder: Registering legacy settings
10-14 18:12:55.778  3232  3232 D [SUI] SettingsAssistantJsonBuilder: Not registering settings service settings. Blocked by GK
10-14 18:12:55.779  3232  3232 D [SUI] SettingsAssistantJsonBuilder: Settings JSON: {"settings":[{"id":"about","type":"void","mutable":false,"queryable":false,"route":"systemux:\/\/settings\/about"},{"id":"auto sleep","type":"void","mutable":false,"queryable":false,"route":"systemux:\/\/settings\/power?setting=auto_sleep_time","parent":"power"},{"id":"auto wake","type":"void","mutable":false,"queryable":false,"route":"systemux:\/\/settings\/power?setting=auto_wake","parent":"power"},{"id":"bluetooth pairing","type":"void","mutable":false,"queryable":false,"route":"systemux:\/\/settings\/bluetooth?setting=bluetooth_pairing","parent":"bluetooth"},{"id":"boundary color","type":"void","mutable":false,"queryable":false,"route":"systemux:\/\/settings\/guardian_general?setting=guardian_customization_boundary_color_config","parent":"guardian"},{"id":"bug report","type":"void","mutable":false,"queryable":false,"route":"systemux:\/\/bug_report","parent":"about"},{"id":"controllers","type":"void","mutable":false,"queryable":false,"route":"systemux:\/\/settings\/controllers"},{"id":"display","type":"void","mutable":false,"queryable":false,"route":"systemux:\/\/settings\/display"},{"id":"do not disturb","type":"void","mutable":false,"queryable":false,"route":"systemux:\/\/settings\/do_not_disturb?setting=do_not_disturb","parent":"do not disturb"},{"id":"environment","type":"void","mutable":false,"queryable":false,"route":"systemux:\/\/settings\/environment"},{"id":"experimental","type":"void","mutable":false,"queryable":false,"route":"systemux:\/\/settings\/experiments"},{"id":"floor level","type":"void","mutable":false,"queryable":false,"route":"systemux:\/\/guardian\/guardian-adjust-floor","parent":"guardian"},{"id":"glanceable boundary","type":"void","mutable":false,"queryable":false,"route":"systemux:\/\/settings\/guardian_roomscale?setting=guardian_enable_glanceable_bounds","parent":"guardian"},{"id":"guardian","type":"void","mutable":false,"queryable":false,"route":"systemux:\/\/settings\/guardian_general"},{"id":"guardian history","type":"void","mutable":false,"queryable":false,"route":"systemux:\/\/settings\/guardian_general?setting=guardian_clear_history","parent":"guardian"},{"id":"guardian passthrough","type":"void","mutable":false,"queryable":false,"route":"systemux:\/\/settings\/guardian_general?setting=passthrough_on_demand","parent":"guardian"},{"id":"hand tracking","type":"void","mutable":false,"queryable":false,"route":"systemux:\/\/settings\/hands?setting=hands_hand_tracking","parent":"hands"},{"id":"health and safety","type":"void","mutable":false,"queryable":false,"route":"systemux:\/\/health_and_safety_video","parent":"about"},{"id":"language","type":"void","mutable":false,"queryable":false,"route":"systemux:\/\/settings\/language_and_region?setting=language","parent":"language and region"},{"id":"long press","type":"void","mutable":false,"queryable":false,"route":"systemux:\/\/settings\/controllers?setting=controllers_oculus_button_long_press","parent":"controllers"},{"id":"mac address","type":"void","mutable":false,"queryable":false,"route":"systemux:\/\/settings\/about?setting=about_mac_address","parent":"about"},{"id":"microphone","type":"void","mutable":false,"queryable":false,"route":"systemux:\/\/settings\/sound?setting=microphone","parent":"sound"},{"id":"night shift","type":"void","mutable":false,"queryable":false,"route":"systemux:\/\/settings\/display?setting=night_shift","parent":"display"},{"id":"notifications","type":"void","mutable":false,"queryable":false,"route":"systemux:\/\/settings\/notifications"},{"id":"os version","type":"void","mutable":false,"queryable":false,"route":"systemux:\/\/settings\/software_update?setting=os_version","parent":"about"},{"id":"permissions","type":"void","mutable":false,"queryable":false,"route":"systemux:\/\/settings\/permissions"},{"id":"power","type":"void","mutable":false,"queryable":false,"route":"systemux:\/\/settings\/power"},{"id":"privacy policy","type":"void","mutable":false,"queryable":false,"route":"systemux:\/\/settings\/about?setting=about_privacy_policy",
10-14 18:12:55.781  3232  3232 D [SUI] AnytimeUIAndroidPanelApp: Stored settings in pref store in 2451302 ns
10-14 18:12:55.784  3232  3232 I PresenceAPK(ServiceApiManager): Trying to bind to presence service API.
10-14 18:12:55.785  1050  1074 W InputReader: Device has associated, but no associated display id.
10-14 18:12:55.789  2702  2981 I [SEO] ShellEnvHomeController: copresence: received setCollisionShapes
10-14 18:12:55.792  1050  1076 W InputReader: Device has associated, but no associated display id.
10-14 18:12:55.792  1050  1076 I ActivityTaskManager: Override config changes=20005df8 {0.0 ?mcc?mnc ?localeList ?layoutDir sw88dp w640dp h88dp 200dpi nrml long land ?uimode ?night -touch qwerty/v/v -nav/h winConfig={ mBounds=Rect(0, 0 - 800, 110) mAppBounds=Rect(0, 0 - 800, 110) mWindowingMode=fullscreen mDisplayWindowingMode=fullscreen mActivityType=undefined mAlwaysOnTop=undefined mRotation=ROTATION_0}} for displayId=68
10-14 18:12:55.794  2702  2702 D [SEO] ShellControlBroadcastReceiver: onReceive with MainActivity native pointer 3635923632, action com.oculus.systemactivities.CAPTURE_STATE_UPDATE
10-14 18:12:55.794  2702  2702 D [SEO] ShellApplication: isTrustedAppLaunch early exit. Not a trusted action.com.oculus.systemactivities.CAPTURE_STATE_UPDATE
10-14 18:12:55.794  2702  2702 D [SEO] ShellControlBroadcastReceiver: isLaunchAction = false, isTrustedAppLaunch = false
10-14 18:12:55.794  2702  2702 D [SEO] ShellControlBroadcastReceiver: IsCaptureStateUpdateAction
10-14 18:12:55.795  2702  2981 I [SEO] ShellEnvHomeController: copresence: processing currentCollisionShapes
10-14 18:12:55.795  2702  2981 I [SEO] ShellEnvHomeController: Theaterscreen transform node set for the env size x: 4.660000, y: 2.621250
10-14 18:12:55.800  3232  3232 D PresenceAPK(PresenceClient): setEventListener id=AnchoredHomeGroup
10-14 18:12:55.800  3232  3232 I PresenceAPK(GroupManager): addListener for id AnchoredHomeGroup
10-14 18:12:55.800  3232  3232 I PanelService: BEGIN: nativeInitializePanelInstance - Configure and set up thread polling.
10-14 18:12:55.800  3232  3232 I PanelService: BEGIN: Call hosted app's Configure method.
10-14 18:12:55.800  3232  3232 I PanelService: END: Call hosted app's Configure method.
10-14 18:12:55.800  3232  3232 I PanelService: END: nativeInitializePanelInstance - Add fd 35 to looper with error code 1
10-14 18:12:55.800  3232  3232 D CppPanelService: END: Initializing panel application via MSG_CREATE_PANEL_APP.
10-14 18:12:55.801  3232  3232 I [SUI] AnytimeUIAndroidPanelApp: Bar visibility changed to true
10-14 18:12:55.801  3232  3232 I [SUI] AnytimeUIAndroidPanelApp: updateGuardianConfig - 1 - 0.44444448
10-14 18:12:55.801  3232  3232 I [SUI] AnytimeUIAndroidPanelApp: updateGuardianConfig - 2 - 0.21500002
10-14 18:12:55.801  3232  3232 I [SUI] AnytimeUIAndroidPanelApp: updateGuardianConfig - 5 - 0.05
10-14 18:12:55.801  3232  3232 I [SUI] AnytimeUIAndroidPanelApp: updateGuardianConfig - 6 - 0.49999997
10-14 18:12:55.801  3232  3232 I [SUI] AnytimeUIAndroidPanelApp: updateGuardianConfig - 7 - 0.4
10-14 18:12:55.801  3232  3232 I [SUI] AnytimeUIAndroidPanelApp: updateGuardianConfig - 8 - 0.0
10-14 18:12:55.801  3232  3232 I [SUI] AnytimeUIAndroidPanelApp: updateGuardianConfig - 10 - 0.0
10-14 18:12:55.801  3232  3232 I [SUI] AnytimeUIAndroidPanelApp: updateGuardianConfig - 12 - 0.0
10-14 18:12:55.801  3232  3232 I [SUI] AnytimeUIAndroidPanelApp: updateGuardianConfig - 13 - 0.5
10-14 18:12:55.801  3232  3232 I [SUI] AnytimeUIAndroidPanelApp: updateGuardianConfig - 14 - 0.0
10-14 18:12:55.801  3232  3232 I [SUI] AnytimeUIAndroidPanelApp: updateGuardianConfig - 15 - 0.0
10-14 18:12:55.801  3232  3232 I [SUI] AnytimeUIAndroidPanelApp: updateGuardianConfig - 16 - 0.0
10-14 18:12:55.801  3232  3232 I [SUI] AnytimeUIAndroidPanelApp: updateGuardianConfig - 17 - 0.0
10-14 18:12:55.801  3232  3232 I [SUI] AnytimeUIAndroidPanelApp: updateGuardianConfig - 18 - 0.5
10-14 18:12:55.801  3232  3232 I [SUI] AnytimeUIAndroidPanelApp: updateGuardianConfig - 19 - 0.0
