10-10 19:14:51.308   875 18361 W TrackingService: attachClient: found client in attached list
10-10 19:14:51.310   875  1035 W TrackingService: attachClient: found client in attached list
10-10 19:14:51.318   875  1035 I chatty  : uid=1000(system) Binder:875_1 identical 1 line
10-10 19:14:51.320   875  1035 W TrackingService: attachClient: found client in attached list
10-10 19:14:51.322   875 18361 W TrackingService: attachClient: found client in attached list
10-10 19:14:51.354   875 18361 I chatty  : uid=1000(system) Binder:875_5 identical 9 lines
10-10 19:14:51.364   875 18361 W TrackingService: attachClient: found client in attached list
10-10 19:14:51.372   875  1035 W TrackingService: attachClient: found client in attached list
10-10 19:14:51.392   875  1035 I chatty  : uid=1000(system) Binder:875_1 identical 6 lines
10-10 19:14:51.399   875  1035 W TrackingService: attachClient: found client in attached list
10-10 19:14:51.407   875   875 W TrackingService: attachClient: found client in attached list
10-10 19:14:51.454   875   875 I chatty  : uid=1000(system) /system/bin/trackingservice identical 14 lines
10-10 19:14:51.462   875   875 W TrackingService: attachClient: found client in attached list
10-10 19:14:51.464   875  1035 W TrackingService: attachClient: found client in attached list
10-10 19:14:51.526   875  1035 I chatty  : uid=1000(system) Binder:875_1 identical 15 lines
10-10 19:14:51.529   875  1035 W TrackingService: attachClient: found client in attached list
10-10 19:14:51.538   875   875 W TrackingService: attachClient: found client in attached list
10-10 19:14:51.541   875   875 I chatty  : uid=1000(system) /system/bin/trackingservice identical 1 line
10-10 19:14:51.548   875   875 W TrackingService: attachClient: found client in attached list
10-10 19:14:51.550   875  1035 W TrackingService: attachClient: found client in attached list
10-10 19:14:51.577   875  1035 I chatty  : uid=1000(system) Binder:875_1 identical 7 lines
10-10 19:14:51.580   875  1035 W TrackingService: attachClient: found client in attached list
10-10 19:14:51.581   875   875 W TrackingService: attachClient: found client in attached list
10-10 19:14:51.582   875   875 I chatty  : uid=1000(system) /system/bin/trackingservice identical 1 line
10-10 19:14:51.588   875   875 W TrackingService: attachClient: found client in attached list
10-10 19:14:51.591   875  1035 W TrackingService: attachClient: found client in attached list
10-10 19:14:51.607   875  1035 I chatty  : uid=1000(system) Binder:875_1 identical 4 lines
10-10 19:14:51.608   875  1035 W TrackingService: attachClient: found client in attached list
10-10 19:14:51.610   875   875 W TrackingService: attachClient: found client in attached list
10-10 19:14:51.636   875   875 I chatty  : uid=1000(system) /system/bin/trackingservice identical 8 lines
10-10 19:14:51.643   875   875 W TrackingService: attachClient: found client in attached list
10-10 19:14:51.646   875  1035 W TrackingService: attachClient: found client in attached list
10-10 19:14:51.667   875  1035 I chatty  : uid=1000(system) Binder:875_1 identical 3 lines
10-10 19:14:51.669   875  1035 W TrackingService: attachClient: found client in attached list
10-10 19:14:51.671   875   875 W TrackingService: attachClient: found client in attached list
10-10 19:14:51.684   875   875 I chatty  : uid=1000(system) /system/bin/trackingservice identical 3 lines
10-10 19:14:51.687   875   875 W TrackingService: attachClient: found client in attached list
10-10 19:14:51.690   875  1035 W TrackingService: attachClient: found client in attached list
10-10 19:14:51.704   875   875 W TrackingService: attachClient: found client in attached list
10-10 19:14:51.733   875   875 I chatty  : uid=1000(system) /system/bin/trackingservice identical 9 lines
10-10 19:14:51.736   875   875 W TrackingService: attachClient: found client in attached list
10-10 19:14:51.738   875  1035 W TrackingService: attachClient: found client in attached list
10-10 19:14:51.773   875  1035 I chatty  : uid=1000(system) Binder:875_1 identical 9 lines
10-10 19:14:51.777   875  1035 W TrackingService: attachClient: found client in attached list
10-10 19:14:51.778   875 18361 W TrackingService: attachClient: found client in attached list
10-10 19:14:51.944   875 18361 I chatty  : uid=1000(system) Binder:875_5 identical 49 lines
10-10 19:14:51.950   875 18361 W TrackingService: attachClient: found client in attached list
10-10 19:14:51.953   875  1035 W TrackingService: attachClient: found client in attached list
10-10 19:14:51.985   875  1035 I chatty  : uid=1000(system) Binder:875_1 identical 10 lines
10-10 19:14:51.992   875  1035 W TrackingService: attachClient: found client in attached list
10-10 19:14:51.994   875   875 W TrackingService: attachClient: found client in attached list
10-10 19:14:51.999   875   875 I chatty  : uid=1000(system) /system/bin/trackingservice identical 2 lines
10-10 19:14:52.008   875   875 W TrackingService: attachClient: found client in attached list
10-10 19:14:52.012   875  1035 W TrackingService: attachClient: found client in attached list
10-10 19:14:52.025   875  1035 I chatty  : uid=1000(system) Binder:875_1 identical 4 lines
10-10 19:14:52.027   875  1035 W TrackingService: attachClient: found client in attached list
10-10 19:14:52.029   875   875 W TrackingService: attachClient: found client in attached list
10-10 19:14:52.036   875   875 I chatty  : uid=1000(system) /system/bin/trackingservice identical 2 lines
10-10 19:14:52.039   875   875 W TrackingService: attachClient: found client in attached list
10-10 19:14:52.041   875  1035 W TrackingService: attachClient: found client in attached list
10-10 19:14:52.055   875  1035 I chatty  : uid=1000(system) Binder:875_1 identical 3 lines
10-10 19:14:52.057   875  1035 W TrackingService: attachClient: found client in attached list
10-10 19:14:52.064   875   875 W TrackingService: attachClient: found client in attached list
10-10 19:14:52.104   875   875 I chatty  : uid=1000(system) /system/bin/trackingservice identical 14 lines
10-10 19:14:52.105   875   875 W TrackingService: attachClient: found client in attached list
10-10 19:14:52.116   875  1035 W TrackingService: attachClient: found client in attached list
10-10 19:14:52.120   875   875 W TrackingService: attachClient: found client in attached list
10-10 19:14:52.146   875   875 I chatty  : uid=1000(system) /system/bin/trackingservice identical 11 lines
10-10 19:14:52.147   875   875 W TrackingService: attachClient: found client in attached list
10-10 19:14:52.148   875 18361 W TrackingService: attachClient: found client in attached list
10-10 19:14:52.187   875 18361 I chatty  : uid=1000(system) Binder:875_5 identical 10 lines
10-10 19:14:52.188   875 18361 W TrackingService: attachClient: found client in attached list
10-10 19:14:52.189   875   875 W TrackingService: attachClient: found client in attached list
10-10 19:14:52.220   875   875 I chatty  : uid=1000(system) /system/bin/trackingservice identical 9 lines
10-10 19:14:52.229   875   875 W TrackingService: attachClient: found client in attached list
10-10 19:14:52.230   875  1035 W TrackingService: attachClient: found client in attached list
10-10 19:14:52.232   875   875 W TrackingService: attachClient: found client in attached list
10-10 19:14:52.246   875   875 I chatty  : uid=1000(system) /system/bin/trackingservice identical 5 lines
10-10 19:14:52.257   875   875 W TrackingService: attachClient: found client in attached list
10-10 19:14:52.259   875  1035 W TrackingService: attachClient: found client in attached list
10-10 19:14:52.312   875  1035 I chatty  : uid=1000(system) Binder:875_1 identical 15 lines
10-10 19:14:52.313   875  1035 W TrackingService: attachClient: found client in attached list
10-10 19:14:52.315   875 18361 W TrackingService: attachClient: found client in attached list
10-10 19:14:52.316   875 18361 I chatty  : uid=1000(system) Binder:875_5 identical 1 line
10-10 19:14:52.326   875 18361 W TrackingService: attachClient: found client in attached list
10-10 19:14:52.327   875  1035 W TrackingService: attachClient: found client in attached list
10-10 19:14:52.328   875 18361 W TrackingService: attachClient: found client in attached list
10-10 19:14:52.330   875  1035 W TrackingService: attachClient: found client in attached list
10-10 19:14:52.418   875  1035 I chatty  : uid=1000(system) Binder:875_1 identical 29 lines
10-10 19:14:52.427   875  1035 W TrackingService: attachClient: found client in attached list
10-10 19:14:52.428   875 18361 W TrackingService: attachClient: found client in attached list
10-10 19:14:52.431   875 18361 I chatty  : uid=1000(system) Binder:875_5 identical 3 lines
10-10 19:14:52.432   875 18361 W TrackingService: attachClient: found client in attached list
10-10 19:14:52.440   875  1035 W TrackingService: attachClient: found client in attached list
10-10 19:14:52.443   875  1035 I chatty  : uid=1000(system) Binder:875_1 identical 2 lines
10-10 19:14:52.443   875  1035 W TrackingService: attachClient: found client in attached list
10-10 19:14:52.456   875 18361 W TrackingService: attachClient: found client in attached list
10-10 19:14:52.484   875 18361 I chatty  : uid=1000(system) Binder:875_5 identical 11 lines
10-10 19:14:52.495   875 18361 W TrackingService: attachClient: found client in attached list
10-10 19:14:52.496   875   875 W TrackingService: attachClient: found client in attached list
10-10 19:14:52.497   875   875 W TrackingService: attachClient: found client in attached list
10-10 19:14:52.498   875 18361 W TrackingService: attachClient: found client in attached list
10-10 19:14:52.511   875 18361 I chatty  : uid=1000(system) Binder:875_5 identical 4 lines
10-10 19:14:52.522   875 18361 W TrackingService: attachClient: found client in attached list
10-10 19:14:52.523   875  1035 W TrackingService: attachClient: found client in attached list
10-10 19:14:52.525   875  1035 I chatty  : uid=1000(system) Binder:875_1 identical 2 lines
10-10 19:14:52.535   875  1035 W TrackingService: attachClient: found client in attached list
10-10 19:14:52.537   875 18361 W TrackingService: attachClient: found client in attached list
10-10 19:14:52.539   875 18361 W TrackingService: attachClient: found client in attached list
10-10 19:14:52.539   875   875 W TrackingService: attachClient: found client in attached list
--------- beginning of main
10-10 19:14:52.551 17498 17529 I OpenXR_Actions: -------- xrStopHapticFeedback ----------
10-10 19:14:52.551 17498 17529 I OpenXR_Actions: -------- xrStopHapticFeedback ----------
10-10 19:14:52.552 17498 17643 E OsSdk   : error getting shared memory region, memory type: Controller, failed with Status(-1, EX_SECURITY): 'requested shared memory region when not registered/focused'
10-10 19:14:52.555 17498 17643 E OsSdk   : error getting shared memory region, memory type: Controller, failed with Status(-1, EX_SECURITY): 'requested shared memory region when not registered/focused'
10-10 19:14:52.560 17498 17643 I JniUtils: Creating temporary JNIEnv. This is a heavy operation and should be infrequent. To optimize, use JNI AttachCurrentThread on calling thread
10-10 19:14:52.565 17498 17643 E OsSdk   : error getting shared memory region, memory type: Controller, failed with Status(-1, EX_SECURITY): 'requested shared memory region when not registered/focused'
10-10 19:14:52.566 17498 17529 I OpenXR_Actions: -------- xrStopHapticFeedback ----------
10-10 19:14:52.566 17498 17529 I OpenXR_Actions: -------- xrStopHapticFeedback ----------
10-10 19:14:52.566 17498 17643 E OsSdk   : error getting shared memory region, memory type: Controller, failed with Status(-1, EX_SECURITY): 'requested shared memory region when not registered/focused'
10-10 19:14:52.571 17498 17643 E OsSdk   : error getting shared memory region, memory type: Controller, failed with Status(-1, EX_SECURITY): 'requested shared memory region when not registered/focused'
10-10 19:14:52.575 17498 17643 I JniUtils: Creating temporary JNIEnv. This is a heavy operation and should be infrequent. To optimize, use JNI AttachCurrentThread on calling thread
10-10 19:14:52.579 17498 17643 E OsSdk   : error getting shared memory region, memory type: Controller, failed with Status(-1, EX_SECURITY): 'requested shared memory region when not registered/focused'
10-10 19:14:52.581 17498 17529 I OpenXR_Actions: -------- xrStopHapticFeedback ----------
10-10 19:14:52.581 17498 17529 I OpenXR_Actions: -------- xrStopHapticFeedback ----------
10-10 19:14:52.581 17498 17643 E OsSdk   : error getting shared memory region, memory type: Controller, failed with Status(-1, EX_SECURITY): 'requested shared memory region when not registered/focused'
10-10 19:14:52.582   875   875 I chatty  : uid=1000(system) /system/bin/trackingservice identical 12 lines
10-10 19:14:52.584 17498 17643 E OsSdk   : error getting shared memory region, memory type: Controller, failed with Status(-1, EX_SECURITY): 'requested shared memory region when not registered/focused'
10-10 19:14:52.588 17498 17643 I JniUtils: Creating temporary JNIEnv. This is a heavy operation and should be infrequent. To optimize, use JNI AttachCurrentThread on calling thread
10-10 19:14:52.590   875   875 W TrackingService: attachClient: found client in attached list
10-10 19:14:52.591 17498 17643 E OsSdk   : error getting shared memory region, memory type: Controller, failed with Status(-1, EX_SECURITY): 'requested shared memory region when not registered/focused'
10-10 19:14:52.592   875  1037 W TrackingService: attachClient: found client in attached list
10-10 19:14:52.592 17498 17529 I OpenXR_Actions: -------- xrStopHapticFeedback ----------
10-10 19:14:52.592 17498 17529 I OpenXR_Actions: -------- xrStopHapticFeedback ----------
10-10 19:14:52.593 17498 17643 E OsSdk   : error getting shared memory region, memory type: Controller, failed with Status(-1, EX_SECURITY): 'requested shared memory region when not registered/focused'
10-10 19:14:52.595 17498 17643 E OsSdk   : error getting shared memory region, memory type: Controller, failed with Status(-1, EX_SECURITY): 'requested shared memory region when not registered/focused'
10-10 19:14:52.602 17498 17643 I JniUtils: Creating temporary JNIEnv. This is a heavy operation and should be infrequent. To optimize, use JNI AttachCurrentThread on calling thread
10-10 19:14:52.605 17498 17643 E OsSdk   : error getting shared memory region, memory type: Controller, failed with Status(-1, EX_SECURITY): 'requested shared memory region when not registered/focused'
10-10 19:14:52.606 17498 17643 E OsSdk   : error getting shared memory region, memory type: Controller, failed with Status(-1, EX_SECURITY): 'requested shared memory region when not registered/focused'
10-10 19:14:52.606 17498 17529 I OpenXR_Actions: -------- xrStopHapticFeedback ----------
10-10 19:14:52.606 17498 17529 I OpenXR_Actions: -------- xrStopHapticFeedback ----------
10-10 19:14:52.608 17498 17643 E OsSdk   : error getting shared memory region, memory type: Controller, failed with Status(-1, EX_SECURITY): 'requested shared memory region when not registered/focused'
10-10 19:14:52.609 17498 17643 E OsSdk   : error getting shared memory region, memory type: Controller, failed with Status(-1, EX_SECURITY): 'requested shared memory region when not registered/focused'
10-10 19:14:52.616 17498 17643 I JniUtils: Creating temporary JNIEnv. This is a heavy operation and should be infrequent. To optimize, use JNI AttachCurrentThread on calling thread
10-10 19:14:52.618   875  1037 I chatty  : uid=1000(system) Binder:875_2 identical 7 lines
10-10 19:14:52.619 17498 17643 E OsSdk   : error getting shared memory region, memory type: Controller, failed with Status(-1, EX_SECURITY): 'requested shared memory region when not registered/focused'
10-10 19:14:52.620   875  1037 W TrackingService: attachClient: found client in attached list
10-10 19:14:52.620 17498 17529 I OpenXR_Actions: -------- xrStopHapticFeedback ----------
10-10 19:14:52.620 17498 17529 I OpenXR_Actions: -------- xrStopHapticFeedback ----------
10-10 19:14:52.620 17498 17643 E OsSdk   : error getting shared memory region, memory type: Controller, failed with Status(-1, EX_SECURITY): 'requested shared memory region when not registered/focused'
10-10 19:14:52.620   875   875 W TrackingService: attachClient: found client in attached list
10-10 19:14:52.622   875  1037 W TrackingService: attachClient: found client in attached list
10-10 19:14:52.623 17498 17643 E OsSdk   : error getting shared memory region, memory type: Controller, failed with Status(-1, EX_SECURITY): 'requested shared memory region when not registered/focused'
10-10 19:14:52.630 17498 17643 I JniUtils: Creating temporary JNIEnv. This is a heavy operation and should be infrequent. To optimize, use JNI AttachCurrentThread on calling thread
10-10 19:14:52.633 17498 17643 E OsSdk   : error getting shared memory region, memory type: Controller, failed with Status(-1, EX_SECURITY): 'requested shared memory region when not registered/focused'
10-10 19:14:52.633 17498 17529 I OpenXR_Actions: -------- xrStopHapticFeedback ----------
10-10 19:14:52.634 17498 17529 I OpenXR_Actions: -------- xrStopHapticFeedback ----------
10-10 19:14:52.636 17498 17643 E OsSdk   : error getting shared memory region, memory type: Controller, failed with Status(-1, EX_SECURITY): 'requested shared memory region when not registered/focused'
10-10 19:14:52.642 17498 17643 E OsSdk   : error getting shared memory region, memory type: Controller, failed with Status(-1, EX_SECURITY): 'requested shared memory region when not registered/focused'
10-10 19:14:52.646 17498 17643 I JniUtils: Creating temporary JNIEnv. This is a heavy operation and should be infrequent. To optimize, use JNI AttachCurrentThread on calling thread
10-10 19:14:52.649 17498 17529 I OpenXR_Actions: -------- xrStopHapticFeedback ----------
10-10 19:14:52.649 17498 17529 I OpenXR_Actions: -------- xrStopHapticFeedback ----------
10-10 19:14:52.655 17498 17643 E OsSdk   : error getting shared memory region, memory type: Controller, failed with Status(-1, EX_SECURITY): 'requested shared memory region when not registered/focused'
10-10 19:14:52.662 17498 17643 E OsSdk   : error getting shared memory region, memory type: Controller, failed with Status(-1, EX_SECURITY): 'requested shared memory region when not registered/focused'
10-10 19:14:52.666 17498 17643 I JniUtils: Creating temporary JNIEnv. This is a heavy operation and should be infrequent. To optimize, use JNI AttachCurrentThread on calling thread
10-10 19:14:52.668 17498 17529 I OpenXR_Actions: -------- xrStopHapticFeedback ----------
10-10 19:14:52.668 17498 17529 I OpenXR_Actions: -------- xrStopHapticFeedback ----------
10-10 19:14:52.669 17498 17643 E OsSdk   : error getting shared memory region, memory type: Controller, failed with Status(-1, EX_SECURITY): 'requested shared memory region when not registered/focused'
10-10 19:14:52.674 17498 17643 E OsSdk   : error getting shared memory region, memory type: Controller, failed with Status(-1, EX_SECURITY): 'requested shared memory region when not registered/focused'
10-10 19:14:52.678 17498 17643 I JniUtils: Creating temporary JNIEnv. This is a heavy operation and should be infrequent. To optimize, use JNI AttachCurrentThread on calling thread
10-10 19:14:52.681 17498 17529 I OpenXR_Actions: -------- xrStopHapticFeedback ----------
10-10 19:14:52.681 17498 17529 I OpenXR_Actions: -------- xrStopHapticFeedback ----------
10-10 19:14:52.681 17498 17643 E OsSdk   : error getting shared memory region, memory type: Controller, failed with Status(-1, EX_SECURITY): 'requested shared memory region when not registered/focused'
10-10 19:14:52.686 17498 17643 E OsSdk   : error getting shared memory region, memory type: Controller, failed with Status(-1, EX_SECURITY): 'requested shared memory region when not registered/focused'
10-10 19:14:52.689 17498 17643 I JniUtils: Creating temporary JNIEnv. This is a heavy operation and should be infrequent. To optimize, use JNI AttachCurrentThread on calling thread
10-10 19:14:52.693 17498 17529 I OpenXR_Actions: -------- xrStopHapticFeedback ----------
10-10 19:14:52.693 17498 17529 I OpenXR_Actions: -------- xrStopHapticFeedback ----------
10-10 19:14:52.694 17498 17643 E OsSdk   : error getting shared memory region, memory type: Controller, failed with Status(-1, EX_SECURITY): 'requested shared memory region when not registered/focused'
10-10 19:14:52.696   875  1037 I chatty  : uid=1000(system) Binder:875_2 identical 20 lines
10-10 19:14:52.697 17498 17643 E OsSdk   : error getting shared memory region, memory type: Controller, failed with Status(-1, EX_SECURITY): 'requested shared memory region when not registered/focused'
10-10 19:14:52.700 17498 17643 I JniUtils: Creating temporary JNIEnv. This is a heavy operation and should be infrequent. To optimize, use JNI AttachCurrentThread on calling thread
10-10 19:14:52.703   875  1037 W TrackingService: attachClient: found client in attached list
10-10 19:14:52.704 17498 17643 E OsSdk   : error getting shared memory region, memory type: Controller, failed with Status(-1, EX_SECURITY): 'requested shared memory region when not registered/focused'
10-10 19:14:52.705   875 18361 W TrackingService: attachClient: found client in attached list
10-10 19:14:52.705 17498 17643 E OsSdk   : error getting shared memory region, memory type: Controller, failed with Status(-1, EX_SECURITY): 'requested shared memory region when not registered/focused'
10-10 19:14:52.706 17498 17529 E OsSdk   : error getting shared memory region, memory type: Controller, failed with Status(-1, EX_SECURITY): 'requested shared memory region when not registered/focused'
10-10 19:14:52.706   875 18361 I chatty  : uid=1000(system) Binder:875_5 identical 2 lines
10-10 19:14:52.707 17498 17529 E OsSdk   : error getting shared memory region, memory type: Controller, failed with Status(-1, EX_SECURITY): 'requested shared memory region when not registered/focused'
10-10 19:14:52.707 17498 17529 I OpenXR_Actions: -------- xrStopHapticFeedback ----------
10-10 19:14:52.707 17498 17529 I OpenXR_Actions: -------- xrStopHapticFeedback ----------
10-10 19:14:52.713 17498 17643 I JniUtils: Creating temporary JNIEnv. This is a heavy operation and should be infrequent. To optimize, use JNI AttachCurrentThread on calling thread
10-10 19:14:52.717   875 18361 W TrackingService: attachClient: found client in attached list
10-10 19:14:52.720 17498 17643 E OsSdk   : error getting shared memory region, memory type: Controller, failed with Status(-1, EX_SECURITY): 'requested shared memory region when not registered/focused'
10-10 19:14:52.720   875   875 W TrackingService: attachClient: found client in attached list
10-10 19:14:52.721 17498 17643 E OsSdk   : error getting shared memory region, memory type: Controller, failed with Status(-1, EX_SECURITY): 'requested shared memory region when not registered/focused'
10-10 19:14:52.721   875   875 W TrackingService: attachClient: found client in attached list
10-10 19:14:52.722 17498 17529 I OpenXR_Actions: -------- xrStopHapticFeedback ----------
10-10 19:14:52.722 17498 17529 I OpenXR_Actions: -------- xrStopHapticFeedback ----------
10-10 19:14:52.723 17498 17643 E OsSdk   : error getting shared memory region, memory type: Controller, failed with Status(-1, EX_SECURITY): 'requested shared memory region when not registered/focused'
10-10 19:14:52.723   875 18361 W TrackingService: attachClient: found client in attached list
10-10 19:14:52.724 17498 17643 E OsSdk   : error getting shared memory region, memory type: Controller, failed with Status(-1, EX_SECURITY): 'requested shared memory region when not registered/focused'
10-10 19:14:52.727 17498 17643 I JniUtils: Creating temporary JNIEnv. This is a heavy operation and should be infrequent. To optimize, use JNI AttachCurrentThread on calling thread
10-10 19:14:52.737 17498 17529 I OpenXR_Actions: -------- xrStopHapticFeedback ----------
10-10 19:14:52.737 17498 17529 I OpenXR_Actions: -------- xrStopHapticFeedback ----------
10-10 19:14:52.737 17498 17643 E OsSdk   : error getting shared memory region, memory type: Controller, failed with Status(-1, EX_SECURITY): 'requested shared memory region when not registered/focused'
10-10 19:14:52.740 17498 17643 E OsSdk   : error getting shared memory region, memory type: Controller, failed with Status(-1, EX_SECURITY): 'requested shared memory region when not registered/focused'
10-10 19:14:52.744 17498 17643 I JniUtils: Creating temporary JNIEnv. This is a heavy operation and should be infrequent. To optimize, use JNI AttachCurrentThread on calling thread
10-10 19:14:52.746 17498 17643 E OsSdk   : error getting shared memory region, memory type: Controller, failed with Status(-1, EX_SECURITY): 'requested shared memory region when not registered/focused'
10-10 19:14:52.747 17498 17643 E OsSdk   : error getting shared memory region, memory type: Controller, failed with Status(-1, EX_SECURITY): 'requested shared memory region when not registered/focused'
10-10 19:14:52.748 17498 17529 I OpenXR_Actions: -------- xrStopHapticFeedback ----------
10-10 19:14:52.748 17498 17529 I OpenXR_Actions: -------- xrStopHapticFeedback ----------
10-10 19:14:52.748 17498 17643 E OsSdk   : error getting shared memory region, memory type: Controller, failed with Status(-1, EX_SECURITY): 'requested shared memory region when not registered/focused'
10-10 19:14:52.749 17498 17643 E OsSdk   : error getting shared memory region, memory type: Controller, failed with Status(-1, EX_SECURITY): 'requested shared memory region when not registered/focused'
10-10 19:14:52.755 17498 17643 I JniUtils: Creating temporary JNIEnv. This is a heavy operation and should be infrequent. To optimize, use JNI AttachCurrentThread on calling thread
10-10 19:14:52.758   875 18361 I chatty  : uid=1000(system) Binder:875_5 identical 9 lines
10-10 19:14:52.759 17498 17643 E OsSdk   : error getting shared memory region, memory type: Controller, failed with Status(-1, EX_SECURITY): 'requested shared memory region when not registered/focused'
10-10 19:14:52.759   875 18361 W TrackingService: attachClient: found client in attached list
10-10 19:14:52.760 17498 17643 E OsSdk   : error getting shared memory region, memory type: Controller, failed with Status(-1, EX_SECURITY): 'requested shared memory region when not registered/focused'
10-10 19:14:52.761   875   875 W TrackingService: attachClient: found client in attached list
10-10 19:14:52.762 17498 17529 I OpenXR_Actions: -------- xrStopHapticFeedback ----------
10-10 19:14:52.762 17498 17529 I OpenXR_Actions: -------- xrStopHapticFeedback ----------
10-10 19:14:52.763 17498 17643 E OsSdk   : error getting shared memory region, memory type: Controller, failed with Status(-1, EX_SECURITY): 'requested shared memory region when not registered/focused'
10-10 19:14:52.763   875   875 I chatty  : uid=1000(system) /system/bin/trackingservice identical 1 line
10-10 19:14:52.764 17498 17643 E OsSdk   : error getting shared memory region, memory type: Controller, failed with Status(-1, EX_SECURITY): 'requested shared memory region when not registered/focused'
10-10 19:14:52.769 17498 17643 I JniUtils: Creating temporary JNIEnv. This is a heavy operation and should be infrequent. To optimize, use JNI AttachCurrentThread on calling thread
10-10 19:14:52.772   875   875 W TrackingService: attachClient: found client in attached list
10-10 19:14:52.775 17498 17643 E OsSdk   : error getting shared memory region, memory type: Controller, failed with Status(-1, EX_SECURITY): 'requested shared memory region when not registered/focused'
10-10 19:14:52.775   875 18361 W TrackingService: attachClient: found client in attached list
10-10 19:14:52.776 17498 17529 I OpenXR_Actions: -------- xrStopHapticFeedback ----------
10-10 19:14:52.776 17498 17529 I OpenXR_Actions: -------- xrStopHapticFeedback ----------
10-10 19:14:52.776 17498 17643 E OsSdk   : error getting shared memory region, memory type: Controller, failed with Status(-1, EX_SECURITY): 'requested shared memory region when not registered/focused'
10-10 19:14:52.778 17498 17643 E OsSdk   : error getting shared memory region, memory type: Controller, failed with Status(-1, EX_SECURITY): 'requested shared memory region when not registered/focused'
10-10 19:14:52.783 17498 17643 I JniUtils: Creating temporary JNIEnv. This is a heavy operation and should be infrequent. To optimize, use JNI AttachCurrentThread on calling thread
10-10 19:14:52.786 17498 17643 E OsSdk   : error getting shared memory region, memory type: Controller, failed with Status(-1, EX_SECURITY): 'requested shared memory region when not registered/focused'
10-10 19:14:52.787 17498 17643 E OsSdk   : error getting shared memory region, memory type: Controller, failed with Status(-1, EX_SECURITY): 'requested shared memory region when not registered/focused'
10-10 19:14:52.787 17498 17529 I OpenXR_Actions: -------- xrStopHapticFeedback ----------
10-10 19:14:52.787 17498 17529 I OpenXR_Actions: -------- xrStopHapticFeedback ----------
10-10 19:14:52.789 17498 17643 E OsSdk   : error getting shared memory region, memory type: Controller, failed with Status(-1, EX_SECURITY): 'requested shared memory region when not registered/focused'
10-10 19:14:52.791 17498 17643 E OsSdk   : error getting shared memory region, memory type: Controller, failed with Status(-1, EX_SECURITY): 'requested shared memory region when not registered/focused'
10-10 19:14:52.797 17498 17643 I JniUtils: Creating temporary JNIEnv. This is a heavy operation and should be infrequent. To optimize, use JNI AttachCurrentThread on calling thread
10-10 19:14:52.801 17498 17529 I OpenXR_Actions: -------- xrStopHapticFeedback ----------
10-10 19:14:52.801 17498 17529 I OpenXR_Actions: -------- xrStopHapticFeedback ----------
10-10 19:14:52.803 17498 17643 E OsSdk   : error getting shared memory region, memory type: Controller, failed with Status(-1, EX_SECURITY): 'requested shared memory region when not registered/focused'
10-10 19:14:52.808 17498 17643 E OsSdk   : error getting shared memory region, memory type: Controller, failed with Status(-1, EX_SECURITY): 'requested shared memory region when not registered/focused'
10-10 19:14:52.811 17498 17643 I JniUtils: Creating temporary JNIEnv. This is a heavy operation and should be infrequent. To optimize, use JNI AttachCurrentThread on calling thread
10-10 19:14:52.815 17498 17529 I OpenXR_Actions: -------- xrStopHapticFeedback ----------
10-10 19:14:52.815 17498 17529 I OpenXR_Actions: -------- xrStopHapticFeedback ----------
10-10 19:14:52.817 17498 17643 E OsSdk   : error getting shared memory region, memory type: Controller, failed with Status(-1, EX_SECURITY): 'requested shared memory region when not registered/focused'
10-10 19:14:52.822 17498 17643 E OsSdk   : error getting shared memory region, memory type: Controller, failed with Status(-1, EX_SECURITY): 'requested shared memory region when not registered/focused'
10-10 19:14:52.825 17498 17643 I JniUtils: Creating temporary JNIEnv. This is a heavy operation and should be infrequent. To optimize, use JNI AttachCurrentThread on calling thread
10-10 19:14:52.828 17498 17529 I OpenXR_Actions: -------- xrStopHapticFeedback ----------
10-10 19:14:52.828 17498 17529 I OpenXR_Actions: -------- xrStopHapticFeedback ----------
10-10 19:14:52.829 17498 17643 E OsSdk   : error getting shared memory region, memory type: Controller, failed with Status(-1, EX_SECURITY): 'requested shared memory region when not registered/focused'
10-10 19:14:52.834 17498 17643 E OsSdk   : error getting shared memory region, memory type: Controller, failed with Status(-1, EX_SECURITY): 'requested shared memory region when not registered/focused'
10-10 19:14:52.839 17498 17643 I JniUtils: Creating temporary JNIEnv. This is a heavy operation and should be infrequent. To optimize, use JNI AttachCurrentThread on calling thread
10-10 19:14:52.842 17498 17529 I OpenXR_Actions: -------- xrStopHapticFeedback ----------
10-10 19:14:52.842 17498 17529 I OpenXR_Actions: -------- xrStopHapticFeedback ----------
10-10 19:14:52.844 17498 17643 E OsSdk   : error getting shared memory region, memory type: Controller, failed with Status(-1, EX_SECURITY): 'requested shared memory region when not registered/focused'
10-10 19:14:52.849 17498 17643 E OsSdk   : error getting shared memory region, memory type: Controller, failed with Status(-1, EX_SECURITY): 'requested shared memory region when not registered/focused'
10-10 19:14:52.852 17498 17643 I JniUtils: Creating temporary JNIEnv. This is a heavy operation and should be infrequent. To optimize, use JNI AttachCurrentThread on calling thread
10-10 19:14:52.856 17498 17643 E OsSdk   : error getting shared memory region, memory type: Controller, failed with Status(-1, EX_SECURITY): 'requested shared memory region when not registered/focused'
10-10 19:14:52.856 17498 17529 I OpenXR_Actions: -------- xrStopHapticFeedback ----------
10-10 19:14:52.856 17498 17529 I OpenXR_Actions: -------- xrStopHapticFeedback ----------
10-10 19:14:52.856 17498 17643 E OsSdk   : error getting shared memory region, memory type: Controller, failed with Status(-1, EX_SECURITY): 'requested shared memory region when not registered/focused'
10-10 19:14:52.860 17498 17643 E OsSdk   : error getting shared memory region, memory type: Controller, failed with Status(-1, EX_SECURITY): 'requested shared memory region when not registered/focused'
10-10 19:14:52.867 17498 17643 I JniUtils: Creating temporary JNIEnv. This is a heavy operation and should be infrequent. To optimize, use JNI AttachCurrentThread on calling thread
10-10 19:14:52.869 17498 17643 E OsSdk   : error getting shared memory region, memory type: Controller, failed with Status(-1, EX_SECURITY): 'requested shared memory region when not registered/focused'
10-10 19:14:52.869 17498 17529 I OpenXR_Actions: -------- xrStopHapticFeedback ----------
10-10 19:14:52.869 17498 17529 I OpenXR_Actions: -------- xrStopHapticFeedback ----------
10-10 19:14:52.869 17498 17643 E OsSdk   : error getting shared memory region, memory type: Controller, failed with Status(-1, EX_SECURITY): 'requested shared memory region when not registered/focused'
10-10 19:14:52.871 17498 17643 E OsSdk   : error getting shared memory region, memory type: Controller, failed with Status(-1, EX_SECURITY): 'requested shared memory region when not registered/focused'
10-10 19:14:52.881 17498 17643 I JniUtils: Creating temporary JNIEnv. This is a heavy operation and should be infrequent. To optimize, use JNI AttachCurrentThread on calling thread
10-10 19:14:52.885 17498 17643 E OsSdk   : error getting shared memory region, memory type: Controller, failed with Status(-1, EX_SECURITY): 'requested shared memory region when not registered/focused'
10-10 19:14:52.885 17498 17529 I OpenXR_Actions: -------- xrStopHapticFeedback ----------
10-10 19:14:52.885 17498 17529 I OpenXR_Actions: -------- xrStopHapticFeedback ----------
10-10 19:14:52.886 17498 17643 E OsSdk   : error getting shared memory region, memory type: Controller, failed with Status(-1, EX_SECURITY): 'requested shared memory region when not registered/focused'
10-10 19:14:52.888 17498 17643 E OsSdk   : error getting shared memory region, memory type: Controller, failed with Status(-1, EX_SECURITY): 'requested shared memory region when not registered/focused'
10-10 19:14:52.895 17498 17643 I JniUtils: Creating temporary JNIEnv. This is a heavy operation and should be infrequent. To optimize, use JNI AttachCurrentThread on calling thread
10-10 19:14:52.898 17498 17643 E OsSdk   : error getting shared memory region, memory type: Controller, failed with Status(-1, EX_SECURITY): 'requested shared memory region when not registered/focused'
10-10 19:14:52.900 17498 17643 E OsSdk   : error getting shared memory region, memory type: Controller, failed with Status(-1, EX_SECURITY): 'requested shared memory region when not registered/focused'
10-10 19:14:52.900 17498 17529 I OpenXR_Actions: -------- xrStopHapticFeedback ----------
10-10 19:14:52.900 17498 17529 I OpenXR_Actions: -------- xrStopHapticFeedback ----------
10-10 19:14:52.900 17498 17643 E OsSdk   : error getting shared memory region, memory type: Controller, failed with Status(-1, EX_SECURITY): 'requested shared memory region when not registered/focused'
10-10 19:14:52.908 17498 17643 I JniUtils: Creating temporary JNIEnv. This is a heavy operation and should be infrequent. To optimize, use JNI AttachCurrentThread on calling thread
10-10 19:14:52.910 17498 17643 E OsSdk   : error getting shared memory region, memory type: Controller, failed with Status(-1, EX_SECURITY): 'requested shared memory region when not registered/focused'
10-10 19:14:52.910 17498 17529 I OpenXR_Actions: -------- xrStopHapticFeedback ----------
10-10 19:14:52.911 17498 17529 I OpenXR_Actions: -------- xrStopHapticFeedback ----------
10-10 19:14:52.911 17498 17643 E OsSdk   : error getting shared memory region, memory type: Controller, failed with Status(-1, EX_SECURITY): 'requested shared memory region when not registered/focused'
10-10 19:14:52.912 17498 17643 E OsSdk   : error getting shared memory region, memory type: Controller, failed with Status(-1, EX_SECURITY): 'requested shared memory region when not registered/focused'
10-10 19:14:52.922 17498 17643 I JniUtils: Creating temporary JNIEnv. This is a heavy operation and should be infrequent. To optimize, use JNI AttachCurrentThread on calling thread
10-10 19:14:52.924 17498 17643 E OsSdk   : error getting shared memory region, memory type: Controller, failed with Status(-1, EX_SECURITY): 'requested shared memory region when not registered/focused'
10-10 19:14:52.925 17498 17529 I OpenXR_Actions: -------- xrStopHapticFeedback ----------
10-10 19:14:52.925 17498 17529 I OpenXR_Actions: -------- xrStopHapticFeedback ----------
10-10 19:14:52.925 17498 17643 E OsSdk   : error getting shared memory region, memory type: Controller, failed with Status(-1, EX_SECURITY): 'requested shared memory region when not registered/focused'
10-10 19:14:52.928 17498 17643 E OsSdk   : error getting shared memory region, memory type: Controller, failed with Status(-1, EX_SECURITY): 'requested shared memory region when not registered/focused'
10-10 19:14:52.936 17498 17643 I JniUtils: Creating temporary JNIEnv. This is a heavy operation and should be infrequent. To optimize, use JNI AttachCurrentThread on calling thread
10-10 19:14:52.939 17498 17643 E OsSdk   : error getting shared memory region, memory type: Controller, failed with Status(-1, EX_SECURITY): 'requested shared memory region when not registered/focused'
10-10 19:14:52.939 17498 17529 I OpenXR_Actions: -------- xrStopHapticFeedback ----------
10-10 19:14:52.939 17498 17529 I OpenXR_Actions: -------- xrStopHapticFeedback ----------
10-10 19:14:52.940 17498 17643 E OsSdk   : error getting shared memory region, memory type: Controller, failed with Status(-1, EX_SECURITY): 'requested shared memory region when not registered/focused'
10-10 19:14:52.941 17498 17643 E OsSdk   : error getting shared memory region, memory type: Controller, failed with Status(-1, EX_SECURITY): 'requested shared memory region when not registered/focused'
10-10 19:14:52.950 17498 17643 I JniUtils: Creating temporary JNIEnv. This is a heavy operation and should be infrequent. To optimize, use JNI AttachCurrentThread on calling thread
10-10 19:14:52.952 17498 17643 E OsSdk   : error getting shared memory region, memory type: Controller, failed with Status(-1, EX_SECURITY): 'requested shared memory region when not registered/focused'
10-10 19:14:52.952   875 18361 I chatty  : uid=1000(system) Binder:875_5 identical 52 lines
10-10 19:14:52.952 17498 17529 I OpenXR_Actions: -------- xrStopHapticFeedback ----------
10-10 19:14:52.952 17498 17529 I OpenXR_Actions: -------- xrStopHapticFeedback ----------
10-10 19:14:52.953 17498 17643 E OsSdk   : error getting shared memory region, memory type: Controller, failed with Status(-1, EX_SECURITY): 'requested shared memory region when not registered/focused'
10-10 19:14:52.953   875 18361 W TrackingService: attachClient: found client in attached list
10-10 19:14:52.954   875   875 W TrackingService: attachClient: found client in attached list
10-10 19:14:52.955 17498 17643 E OsSdk   : error getting shared memory region, memory type: Controller, failed with Status(-1, EX_SECURITY): 'requested shared memory region when not registered/focused'
10-10 19:14:52.964 17498 17643 I JniUtils: Creating temporary JNIEnv. This is a heavy operation and should be infrequent. To optimize, use JNI AttachCurrentThread on calling thread
10-10 19:14:52.966 17498 17529 I OpenXR_Actions: -------- xrStopHapticFeedback ----------
10-10 19:14:52.966 17498 17529 I OpenXR_Actions: -------- xrStopHapticFeedback ----------
10-10 19:14:52.968 17498 17643 E OsSdk   : error getting shared memory region, memory type: Controller, failed with Status(-1, EX_SECURITY): 'requested shared memory region when not registered/focused'
10-10 19:14:52.977 17498 17643 E OsSdk   : error getting shared memory region, memory type: Controller, failed with Status(-1, EX_SECURITY): 'requested shared memory region when not registered/focused'
10-10 19:14:52.980  3282  3282 I [SUI] PauseDestinationView: maybeShowHomeOptionsTravelDialog isViewerInCall: false - isCopresenceEnabled: true - hasAnchoredHome: false - isViewerCallOwner: false
10-10 19:14:52.980  3282  3282 D [SUI] AnytimeUIPanelAppBase: ClickEventButtonId: AUI_DESTINATION_UI_V2_QUIT
10-10 19:14:52.980 17498 17643 I JniUtils: Creating temporary JNIEnv. This is a heavy operation and should be infrequent. To optimize, use JNI AttachCurrentThread on calling thread
10-10 19:14:52.980  3282  3282 D [SUI] LibraryLogger: Library Session ID Generated: e82cb84b-3763-48b4-bbdb-c4ebed41fd59
10-10 19:14:52.980  3282  3282 I [SUI] AnytimeUIPanelAppBase: actionPauseStateResult - quit
10-10 19:14:52.980  3282  3282 I [SUI] AnytimeUIPanelAppBase: actionQuitAndHide
10-10 19:14:52.981  3282  3282 D [SUI] AnytimeUIPanelAppBase: ClickEventButtonId: AUI_DESTINATION_UI_V2_QUIT
10-10 19:14:52.982 17498 17529 I OpenXR_Actions: -------- xrStopHapticFeedback ----------
10-10 19:14:52.982 17498 17529 I OpenXR_Actions: -------- xrStopHapticFeedback ----------
10-10 19:14:52.984 17498 17643 E OsSdk   : error getting shared memory region, memory type: Controller, failed with Status(-1, EX_SECURITY): 'requested shared memory region when not registered/focused'
10-10 19:14:52.988   875   875 I chatty  : uid=1000(system) /system/bin/trackingservice identical 8 lines
10-10 19:14:52.989 17498 17643 E OsSdk   : error getting shared memory region, memory type: Controller, failed with Status(-1, EX_SECURITY): 'requested shared memory region when not registered/focused'
10-10 19:14:52.993 17498 17643 I JniUtils: Creating temporary JNIEnv. This is a heavy operation and should be infrequent. To optimize, use JNI AttachCurrentThread on calling thread
10-10 19:14:52.994   875   875 W TrackingService: attachClient: found client in attached list
10-10 19:14:52.995 17498 17529 I OpenXR_Actions: -------- xrStopHapticFeedback ----------
10-10 19:14:52.995 17498 17529 I OpenXR_Actions: -------- xrStopHapticFeedback ----------
10-10 19:14:52.996 17498 17643 E OsSdk   : error getting shared memory region, memory type: Controller, failed with Status(-1, EX_SECURITY): 'requested shared memory region when not registered/focused'
10-10 19:14:52.996   875 18361 W TrackingService: attachClient: found client in attached list
10-10 19:14:52.999   875   875 W TrackingService: attachClient: found client in attached list
10-10 19:14:53.001 17498 17643 E OsSdk   : error getting shared memory region, memory type: Controller, failed with Status(-1, EX_SECURITY): 'requested shared memory region when not registered/focused'
10-10 19:14:53.006 17498 17643 I JniUtils: Creating temporary JNIEnv. This is a heavy operation and should be infrequent. To optimize, use JNI AttachCurrentThread on calling thread
10-10 19:14:53.008 17498 17529 I OpenXR_Actions: -------- xrStopHapticFeedback ----------
10-10 19:14:53.008 17498 17529 I OpenXR_Actions: -------- xrStopHapticFeedback ----------
10-10 19:14:53.012 17498 17643 E OsSdk   : error getting shared memory region, memory type: Controller, failed with Status(-1, EX_SECURITY): 'requested shared memory region when not registered/focused'
10-10 19:14:53.022 17498 17643 E OsSdk   : error getting shared memory region, memory type: Controller, failed with Status(-1, EX_SECURITY): 'requested shared memory region when not registered/focused'
10-10 19:14:53.025 17498 17643 I JniUtils: Creating temporary JNIEnv. This is a heavy operation and should be infrequent. To optimize, use JNI AttachCurrentThread on calling thread
10-10 19:14:53.027 17498 17529 I OpenXR_Actions: -------- xrStopHapticFeedback ----------
10-10 19:14:53.027 17498 17529 I OpenXR_Actions: -------- xrStopHapticFeedback ----------
10-10 19:14:53.028 17498 17643 E OsSdk   : error getting shared memory region, memory type: Controller, failed with Status(-1, EX_SECURITY): 'requested shared memory region when not registered/focused'
10-10 19:14:53.031 17498 17643 E OsSdk   : error getting shared memory region, memory type: Controller, failed with Status(-1, EX_SECURITY): 'requested shared memory region when not registered/focused'
10-10 19:14:53.032 17498 17627 I VrApi   : FPS=65/72,Prd=57ms,Tear=0,Early=6,Stale=11,VSnc=0,Lat=-1,Fov=0,CPU4/GPU=4/4,1478/525MHz,OC=FF,TA=0/0/0,SP=N/N/N,Mem=1555MHz,Free=2627MB,PLS=0,Temp=29.0C/0.0C,TW=3.49ms,App=7.81ms,GD=0.10ms,CPU&GPU=32.52ms,LCnt=6(DR0,LM2),GPU%=0.99,CPU%=0.36(W0.38),DSF=1.00,CFL=19.63/21.51
10-10 19:14:53.032 17498 17643 E OsSdk   : error getting shared memory region, memory type: Controller, failed with Status(-1, EX_SECURITY): 'requested shared memory region when not registered/focused'
10-10 19:14:53.035 17498 17643 I JniUtils: Creating temporary JNIEnv. This is a heavy operation and should be infrequent. To optimize, use JNI AttachCurrentThread on calling thread
10-10 19:14:53.041 17498 17529 I OpenXR_Actions: -------- xrStopHapticFeedback ----------
10-10 19:14:53.041 17498 17529 I OpenXR_Actions: -------- xrStopHapticFeedback ----------
10-10 19:14:53.042 17498 17643 E OsSdk   : error getting shared memory region, memory type: Controller, failed with Status(-1, EX_SECURITY): 'requested shared memory region when not registered/focused'
10-10 19:14:53.042   875   875 I chatty  : uid=1000(system) /system/bin/trackingservice identical 11 lines
10-10 19:14:53.043  1048  4958 I ActivityTaskManager: START u0 {act=android.intent.action.MAIN cat=[android.intent.category.LAUNCHER] flg=0x10010000 pkg=com.oculus.vrshell cmp=com.oculus.vrshell/.MainActivity (has extras)} from uid 10020
10-10 19:14:53.044   875   875 W TrackingService: attachClient: found client in attached list
10-10 19:14:53.046   875 18361 W TrackingService: attachClient: found client in attached list
10-10 19:14:53.047 17498 17643 E OsSdk   : error getting shared memory region, memory type: Controller, failed with Status(-1, EX_SECURITY): 'requested shared memory region when not registered/focused'
10-10 19:14:53.050 17498 17643 I JniUtils: Creating temporary JNIEnv. This is a heavy operation and should be infrequent. To optimize, use JNI AttachCurrentThread on calling thread
10-10 19:14:53.056 17498 17643 E OsSdk   : error getting shared memory region, memory type: Controller, failed with Status(-1, EX_SECURITY): 'requested shared memory region when not registered/focused'
10-10 19:14:53.057 17498 17643 E OsSdk   : error getting shared memory region, memory type: Controller, failed with Status(-1, EX_SECURITY): 'requested shared memory region when not registered/focused'
10-10 19:14:53.057 17498 17529 I OpenXR_Actions: -------- xrStopHapticFeedback ----------
10-10 19:14:53.057 17498 17529 I OpenXR_Actions: -------- xrStopHapticFeedback ----------
10-10 19:14:53.058 17498 17643 E OsSdk   : error getting shared memory region, memory type: Controller, failed with Status(-1, EX_SECURITY): 'requested shared memory region when not registered/focused'
10-10 19:14:53.061 17498 17643 I JniUtils: Creating temporary JNIEnv. This is a heavy operation and should be infrequent. To optimize, use JNI AttachCurrentThread on calling thread
10-10 19:14:53.062 17498 17498 D UE4     : [GameActivity] onPause: stop memory reporter runnable
10-10 19:14:53.062 17498 17498 D UE4     : [GameActivity] Unregistering sensor listeners
10-10 19:14:53.062 17498 17498 D ActivityLifecycleListener: onActivityPaused
10-10 19:14:53.062 17498 17498 I OpenXR  : nativeOnActivityPaused
10-10 19:14:53.062 17498 17530 D UE4     : Case APP_CMD_PAUSE
10-10 19:14:53.062 17498 17498 D UE4     : [GameActivity] ==============> GameActive.onPause complete!
10-10 19:14:53.062 17498 17530 D UE4     : [2022.10.10-18.14.53:062][625]LogAndroid: Case APP_CMD_PAUSE
10-10 19:14:53.063 17498 17530 D UE4     : LogAndroidEvents::EnqueueAppEvent : 6, [width=-1, height=-1], tid = 17530, APP_EVENT_STATE_ON_PAUSE
10-10 19:14:53.063 17498 17530 D UE4     : [2022.10.10-18.14.53:063][625]LogAndroid: event thread, suspending app, acquiring HW window lock.
10-10 19:14:53.063 17498 17530 D UE4     : LogAndroidEvents::EnqueueAppEvent : 15, [width=-1, height=-1], tid = 17530, APP_EVENT_RUN_CALLBACK
10-10 19:14:53.063 17498 17530 D UE4     : [2022.10.10-18.14.53:063][625]LogAndroid: AndroidEGL::  SuspendApp_EventThread, waiting for event manager to process. tid: 17530
10-10 19:14:53.064  1048 13764 W InputReader: Device has associated, but no associated display id.
