10-17 20:42:34.416  2502  3105 I IPCSharedMemory: CreateSharedMemory: Allocated shared memory fd 121 (ipcEventBuffer_Private)
10-17 20:42:34.417  2502  3105 I RuntimeIPCServerMgr: HandleClientConnect SUCCESS: Client: com.oculus.systemux:com.oculus.systemux:SystemUX:3448, Server: com.oculus.presence:com.oculus.presence (PubSubServer)
10-17 20:42:34.419  3448  3448 I chatty  : uid=10026 com.oculus.systemux:SystemUX expire 6 lines
10-17 20:42:34.421  2502  2530 I RuntimeIPCServerMgr: GetServerStatesConfig -> {MaxBufferSize=32768, MaxEntries=64}
10-17 20:42:34.421  3448 11864 I chatty  : uid=10026 com.oculus.systemux:SystemUX expire 2 lines
10-17 20:42:34.421  3448 11864 I RuntimeIPCClient: TryToGetIPCResourcesFromServer: RPC_CONNECTOR_CONNECT_TO_SERVER SUCCESS: Client: com.oculus.systemux:com.oculus.systemux:SystemUX:3448, Server: com.oculus.presence:com.oculus.presence (PubSubServer)
10-17 20:42:34.421  3448 11864 I RuntimeIPCClient: EnsureServerConnection: SUCCESS. Client: com.oculus.systemux:com.oculus.systemux:SystemUX:3448, Server: com.oculus.presence:com.oculus.presence (PubSubServer)
10-17 20:42:34.421  3448 11864 I RuntimeIPCClientMgr: ConnectToServer: SUCCESS: Client: com.oculus.systemux:com.oculus.systemux:SystemUX:3448, Server: com.oculus.presence:com.oculus.presence (PubSubServer)
10-17 20:42:34.421  3448 11864 W REFLECT : RuntimeIPC: DeferredConnectEvent not valid: 0, 16777243
10-17 20:42:34.423  1056  4118 I DisplayManagerService: Display device removed: DisplayDeviceInfo{"com.oculus.android_panel_app.AndroidPanelLayer-#main": uniqueId="virtual:com.oculus.systemux,10026,com.oculus.android_panel_app.AndroidPanelLayer-#main,0", 800 x 1250, modeId 109, defaultModeId 109, supportedModes [{id=109, width=800, height=1250, fps=60.0}], colorMode 0, supportedColorModes [0], HdrCapabilities null, density 200, 200.0 x 200.0 dpi, appVsyncOff 0, presDeadline 16666666, touch NONE, rotation 0, type VIRTUAL, state OFF, owner com.oculus.systemux (uid 10026), FLAG_PRIVATE, FLAG_NEVER_BLANK, FLAG_OWN_CONTENT_ONLY}
10-17 20:42:34.429  1056  4118 I DisplayManagerService: Display device added: DisplayDeviceInfo{"com.oculus.android_panel_app.AndroidPanelLayer-#main": uniqueId="virtual:com.oculus.systemux,10026,com.oculus.android_panel_app.AndroidPanelLayer-#main,0", 800 x 110, modeId 110, defaultModeId 110, supportedModes [{id=110, width=800, height=110, fps=60.0}], colorMode 0, supportedColorModes [0], HdrCapabilities null, density 200, 200.0 x 200.0 dpi, appVsyncOff 0, presDeadline 16666666, touch NONE, rotation 0, type VIRTUAL, state OFF, owner com.oculus.systemux (uid 10026), FLAG_PRIVATE, FLAG_NEVER_BLANK, FLAG_OWN_CONTENT_ONLY}
10-17 20:42:34.432  3448  3448 D [SUI] SettingsAssistantJsonBuilder: Registering legacy settings
10-17 20:42:34.432  3448  3448 D [SUI] SettingsAssistantJsonBuilder: Not registering settings service settings. Blocked by GK
10-17 20:42:34.433  3448 11864 D HyperspaceClientJni: initHyperspacePresenceServiceClient finished
10-17 20:42:34.433  3448  3448 D [SUI] SettingsAssistantJsonBuilder: Settings JSON: {"settings":[{"id":"about","type":"void","mutable":false,"queryable":false,"route":"systemux:\/\/settings\/about"},{"id":"auto sleep","type":"void","mutable":false,"queryable":false,"route":"systemux:\/\/settings\/power?setting=auto_sleep_time","parent":"power"},{"id":"auto wake","type":"void","mutable":false,"queryable":false,"route":"systemux:\/\/settings\/power?setting=auto_wake","parent":"power"},{"id":"bluetooth pairing","type":"void","mutable":false,"queryable":false,"route":"systemux:\/\/settings\/bluetooth?setting=bluetooth_pairing","parent":"bluetooth"},{"id":"boundary color","type":"void","mutable":false,"queryable":false,"route":"systemux:\/\/settings\/guardian_general?setting=guardian_customization_boundary_color_config","parent":"guardian"},{"id":"bug report","type":"void","mutable":false,"queryable":false,"route":"systemux:\/\/bug_report","parent":"about"},{"id":"controllers","type":"void","mutable":false,"queryable":false,"route":"systemux:\/\/settings\/controllers"},{"id":"display","type":"void","mutable":false,"queryable":false,"route":"systemux:\/\/settings\/display"},{"id":"do not disturb","type":"void","mutable":false,"queryable":false,"route":"systemux:\/\/settings\/do_not_disturb?setting=do_not_disturb","parent":"do not disturb"},{"id":"environment","type":"void","mutable":false,"queryable":false,"route":"systemux:\/\/settings\/environment"},{"id":"experimental","type":"void","mutable":false,"queryable":false,"route":"systemux:\/\/settings\/experiments"},{"id":"floor level","type":"void","mutable":false,"queryable":false,"route":"systemux:\/\/guardian\/guardian-adjust-floor","parent":"guardian"},{"id":"glanceable boundary","type":"void","mutable":false,"queryable":false,"route":"systemux:\/\/settings\/guardian_roomscale?setting=guardian_enable_glanceable_bounds","parent":"guardian"},{"id":"guardian","type":"void","mutable":false,"queryable":false,"route":"systemux:\/\/settings\/guardian_general"},{"id":"guardian history","type":"void","mutable":false,"queryable":false,"route":"systemux:\/\/settings\/guardian_general?setting=guardian_clear_history","parent":"guardian"},{"id":"guardian passthrough","type":"void","mutable":false,"queryable":false,"route":"systemux:\/\/settings\/guardian_general?setting=passthrough_on_demand","parent":"guardian"},{"id":"hand tracking","type":"void","mutable":false,"queryable":false,"route":"systemux:\/\/settings\/hands?setting=hands_hand_tracking","parent":"hands"},{"id":"health and safety","type":"void","mutable":false,"queryable":false,"route":"systemux:\/\/health_and_safety_video","parent":"about"},{"id":"language","type":"void","mutable":false,"queryable":false,"route":"systemux:\/\/settings\/language_and_region?setting=language","parent":"language and region"},{"id":"long press","type":"void","mutable":false,"queryable":false,"route":"systemux:\/\/settings\/controllers?setting=controllers_oculus_button_long_press","parent":"controllers"},{"id":"mac address","type":"void","mutable":false,"queryable":false,"route":"systemux:\/\/settings\/about?setting=about_mac_address","parent":"about"},{"id":"microphone","type":"void","mutable":false,"queryable":false,"route":"systemux:\/\/settings\/sound?setting=microphone","parent":"sound"},{"id":"night shift","type":"void","mutable":false,"queryable":false,"route":"systemux:\/\/settings\/display?setting=night_shift","parent":"display"},{"id":"notifications","type":"void","mutable":false,"queryable":false,"route":"systemux:\/\/settings\/notifications"},{"id":"os version","type":"void","mutable":false,"queryable":false,"route":"systemux:\/\/settings\/software_update?setting=os_version","parent":"about"},{"id":"permissions","type":"void","mutable":false,"queryable":false,"route":"systemux:\/\/settings\/permissions"},{"id":"power","type":"void","mutable":false,"queryable":false,"route":"systemux:\/\/settings\/power"},{"id":"privacy policy","type":"void","mutable":false,"queryable":false,"route":"systemux:\/\/settings\/about?setting=about_privacy_policy",
10-17 20:42:34.433  3448 11864 D HyperspaceClientJni: initInternal - finish
10-17 20:42:34.433  3448 11864 I HyperspaceClient: Service connection changed: true
10-17 20:42:34.433  3448 11864 D HyperspaceClientJni: initHyperspacePresenceServiceClientCallsInfoChangedCallback
10-17 20:42:34.435  3448  3448 D [SUI] AnytimeUIAndroidPanelApp: Stored settings in pref store in 2435417 ns
10-17 20:42:34.438  2502  3105 I RuntimeIPCServerMgr: GetServerStatesConfig -> {MaxBufferSize=32768, MaxEntries=64}
10-17 20:42:34.438  3448 11864 I RuntimeIPCClient: GetServerStatesConfig returned maxEntries=64, maxBuffSize=32768
10-17 20:42:34.438  3448 11864 I RuntimeIPCClient: InitServerStateBuffer: SUCCESS. 2, Client: com.oculus.systemux:com.oculus.systemux:SystemUX:3448, Server: com.oculus.presence:com.oculus.presence (PubSubServer)
10-17 20:42:34.439  3448  3448 I PresenceAPK(ServiceApiManager): Trying to bind to presence service API.
10-17 20:42:34.440  1056  4118 W ActivityManager: Unable to start service Intent { act=com.oculus.presence.StablePresenceService cmp=com.oculus.presence/.services.presence.PresenceService } U=0: not found
10-17 20:42:34.440  3448  3448 E PresenceAPK(ServiceApiManager): Enabling backward compatible mode for service directory
10-17 20:42:34.444   842 11863 D SimpleC2Component: Using output block pool with poolID 73 => got 73 - 0
10-17 20:42:34.445   817  3976 D MediaBufferGroup: creating MemoryDealer
10-17 20:42:34.450  1056  1080 W InputReader: Device has associated, but no associated display id.
10-17 20:42:34.457  1056  1082 W InputReader: Device has associated, but no associated display id.
10-17 20:42:34.457  1056  1082 I ActivityTaskManager: Override config changes=20005df8 {0.0 ?mcc?mnc ?localeList ?layoutDir sw88dp w640dp h88dp 200dpi nrml long land ?uimode ?night -touch qwerty/v/v -nav/h winConfig={ mBounds=Rect(0, 0 - 800, 110) mAppBounds=Rect(0, 0 - 800, 110) mWindowingMode=fullscreen mDisplayWindowingMode=fullscreen mActivityType=undefined mAlwaysOnTop=undefined mRotation=ROTATION_0}} for displayId=49
10-17 20:42:34.461  3448 11855 D NotificationsBadgeLiveData: MessageBadgeData, pullAndCheckNotifs, old data source notif count: 1, oc chats count: 0, messenger count: 0
10-17 20:42:34.462   842  3863 D BufferPoolAccessor: Destruction - bufferpool2 0x36e9612830 cached: 0/0M, 0/0% in use; allocs: 0, 0% recycled; transfers: 0, 0% unfetced
10-17 20:42:34.462  3448  3448 D PresenceAPK(PresenceClient): setEventListener id=AnchoredHomeGroup
10-17 20:42:34.462  3448  3448 I PresenceAPK(GroupManager): addListener for id AnchoredHomeGroup
10-17 20:42:34.462  3448  3448 I PanelService: BEGIN: nativeInitializePanelInstance - Configure and set up thread polling.
10-17 20:42:34.462  3448  3448 I PanelService: BEGIN: Call hosted app's Configure method.
10-17 20:42:34.462  3448  3448 I PanelService: END: Call hosted app's Configure method.
10-17 20:42:34.462  3448  3448 I PanelService: END: nativeInitializePanelInstance - Add fd 41 to looper with error code 1
10-17 20:42:34.462  3448  3448 D CppPanelService: END: Initializing panel application via MSG_CREATE_PANEL_APP.
10-17 20:42:34.462  3448  3448 I [SUI] AnytimeUIAndroidPanelApp: updateGuardianConfig - 1 - 0.44444448
10-17 20:42:34.462  3448  3448 I [SUI] AnytimeUIAndroidPanelApp: updateGuardianConfig - 2 - 0.21500002
10-17 20:42:34.462  3448  3448 I [SUI] AnytimeUIAndroidPanelApp: updateGuardianConfig - 5 - 0.05
10-17 20:42:34.462  3448  3448 I [SUI] AnytimeUIAndroidPanelApp: updateGuardianConfig - 6 - 0.49999997
10-17 20:42:34.462  3448  3448 I [SUI] AnytimeUIAndroidPanelApp: updateGuardianConfig - 7 - 0.4
10-17 20:42:34.462  3448  3448 I [SUI] AnytimeUIAndroidPanelApp: updateGuardianConfig - 8 - 0.0
10-17 20:42:34.462  3448  3448 I [SUI] AnytimeUIAndroidPanelApp: updateGuardianConfig - 10 - 0.0
10-17 20:42:34.462  3448  3448 I [SUI] AnytimeUIAndroidPanelApp: updateGuardianConfig - 12 - 0.0
10-17 20:42:34.462  3448  3448 I [SUI] AnytimeUIAndroidPanelApp: updateGuardianConfig - 13 - 0.5
10-17 20:42:34.462  3448  3448 I [SUI] AnytimeUIAndroidPanelApp: updateGuardianConfig - 14 - 0.0
10-17 20:42:34.462  3448  3448 I [SUI] AnytimeUIAndroidPanelApp: updateGuardianConfig - 15 - 0.0
10-17 20:42:34.462  3448  3448 I [SUI] AnytimeUIAndroidPanelApp: updateGuardianConfig - 16 - 0.0
10-17 20:42:34.462  3448  3448 I [SUI] AnytimeUIAndroidPanelApp: updateGuardianConfig - 17 - 0.0
10-17 20:42:34.462  3448  3448 I [SUI] AnytimeUIAndroidPanelApp: updateGuardianConfig - 18 - 0.5
10-17 20:42:34.462  3448  3448 I [SUI] AnytimeUIAndroidPanelApp: updateGuardianConfig - 19 - 0.0
10-17 20:42:34.462  3448  3448 I [SUI] AnytimeUIAndroidPanelApp: updateGuardianConfig - 20 - 0.0
10-17 20:42:34.462  3448  3448 I [SUI] AnytimeUIAndroidPanelApp: updateGuardianConfig - 21 - 0.0
10-17 20:42:34.462  3448  3448 I [SUI] AnytimeUIAndroidPanelApp: updateGuardianConfig - 22 - 1.0
10-17 20:42:34.462  3448  3448 I [SUI] AnytimeUIAndroidPanelApp: updateGuardianConfig - 23 - 1.0
10-17 20:42:34.462  3448  3448 I [SUI] AnytimeUIAndroidPanelApp: updateGuardianConfig - 24 - 0.25
10-17 20:42:34.462  3448  3448 I [SUI] AnytimeUIAndroidPanelApp: updateGuardianConfig - 26 - 0.0
10-17 20:42:34.462  3448  3448 I [SUI] AnytimeUIAndroidPanelApp: updateGuardianConfig - 28 - 1.0
10-17 20:42:34.462  3448  3448 I AndroidPanelApp: Processing pending hide layer for layer #main.
10-17 20:42:34.462  3448  3448 I AndroidPanelApp: Processing pending show layer info for layer #main with width 800 and height 110.
10-17 20:42:34.462  3448  3448 I AndroidPanelApp: layerSupersample no changes
10-17 20:42:34.463   842  3863 V C2Store : in ~ComponentModule
10-17 20:42:34.464   842  3863 V C2Store : unloading dll
10-17 20:42:34.469  3448  3448 D [SUI] AnytimeUIBroadcastReceiver: action: com.oculus.systemactivities.CAPTURE_STATE_UPDATE
10-17 20:42:34.469  3448  3448 I [SUI] AnytimeUIBroadcastReceiver: handleCaptureStateUpdate: captureToDisk false, captureEnabled false, isCapturingAbuseReport false, abuseRecordingUUID null
10-17 20:42:34.469  3448  3448 D [SUI] ActivityManagerUtilsHelper: onFocusedWindowChanged: Instance: com.oculus.panelapp.anytimeui.utils.ActivityManagerUtilsHelper@842b3a0, topWindowUid: 10114, focusedApp: com.epicgames.PrototypeV3, previousApp: null
10-17 20:42:34.488  3448  3448 W OVRLibrary: null cursor received for query content://com.oculus.ocms.library/apps/com.epicgames.PrototypeV3
10-17 20:42:34.489  3448  3448 D [SUI] DynamicAppsViewModel: Setting destination ui paused app - com.epicgames.PrototypeV3
10-17 20:42:34.489  3448  3448 D [SUI] AnytimeUIBroadcastReceiver: action: com.oculus.systemactivities.LOCAL_STREAM_STATE_UPDATE
10-17 20:42:34.489  3448  3448 D [SUI] ScreenCaptureUtil: onLocalStreamStateUpdate(isCaptureRunning = false)
10-17 20:42:34.489  3448  3448 I chatty  : uid=10026 com.oculus.systemux:SystemUX identical 4 lines
10-17 20:42:34.489  3448  3448 D [SUI] ScreenCaptureUtil: onLocalStreamStateUpdate(isCaptureRunning = false)
10-17 20:42:34.490  3448  3448 D [SUI] AnytimeUIBroadcastReceiver: action: com.oculus.systemactivities.CAPTURE_STATE_UPDATE
10-17 20:42:34.490  3448  3448 I [SUI] AnytimeUIBroadcastReceiver: handleCaptureStateUpdate: captureToDisk false, captureEnabled false, isCapturingAbuseReport false, abuseRecordingUUID null
10-17 20:42:34.490  3448  3448 I PresenceAPK(ServiceApiManager): onServiceConnected componentName=ComponentInfo{com.oculus.presence/com.oculus.presence.service.PresenceService}
10-17 20:42:34.491  3448  3448 I PresenceAPK(ServiceApiManager): setting apiStatusListener
10-17 20:42:34.491  3448  3448 D [SUI] AnytimeUIBroadcastReceiver: action: com.oculus.systemactivities.LOCAL_STREAM_STATE_UPDATE
10-17 20:42:34.491  3448 11445 I PresenceAPK(ServiceApiManager): onApiReady
10-17 20:42:34.491  3448  3448 D [SUI] ScreenCaptureUtil: onLocalStreamStateUpdate(isCaptureRunning = false)
10-17 20:42:34.491  3448  3448 D [SUI] ScreenCaptureUtil: onLocalStreamStateUpdate(isCaptureRunning = false)
10-17 20:42:34.495  3448  3448 D HyperspaceClient: onCallsInfoChanged: []
10-17 20:42:34.495  3448  3448 V [SUI] BarView: Notifs badge count: 1, Messenger badge count 0
10-17 20:42:34.495  3448  3448 I PresenceAPK(ServiceApiManager): onServiceConnected componentName=ComponentInfo{com.oculus.presence/com.oculus.presence.service.PresenceService}
10-17 20:42:34.495  3448  3448 I PresenceAPK(ServiceApiManager): setting apiStatusListener
10-17 20:42:34.496  3448  4896 I PresenceAPK(ServiceApiManager): onApiReady
10-17 20:42:34.507  3448  4896 I PresenceAPK(ServicePresenceClient): calling onServiceUp
10-17 20:42:34.509  3448 11855 W OVRLibrary: null cursor received for query content://com.oculus.ocms.library/apps/com.epicgames.PrototypeV3
10-17 20:42:34.510  3448 11445 I PresenceAPK(ServicePresenceClient): calling onServiceUp
10-17 20:42:34.531  3448  4896 I PresenceAPK(PresenceClient): onServiceUp
10-17 20:42:34.531  3448  4896 I PresenceAPK(GroupManager): onConnected
10-17 20:42:34.532  3448 11445 I PresenceAPK(PresenceClient): onServiceUp
10-17 20:42:34.532  3448 11445 I PresenceAPK(GroupManager): onConnected
10-17 20:42:34.532  3448  3465 I PresenceAPK(GroupManager): initialEnumerationFinished
10-17 20:42:34.532  3448  3465 I PresenceAPK(GroupManager): no reconnect groups
10-17 20:42:34.532  3448  3467 I PresenceAPK(GroupManager): initialEnumerationFinished
10-17 20:42:34.532  3448  3467 I PresenceAPK(GroupManager): no reconnect groups
10-17 20:42:34.570  2147  2622 I AuthLogger: Action succeeded: SYNC_ACCOUNTS, callingPackage: com.oculus.horizon, accountType: null, tokenType: null, extras: {}, duration: 238ms
10-17 20:42:34.594  3448  3448 W [SUI] AsyncQueryHandlerBase: Callback reference is null
10-17 20:42:34.596  1639 11874 W ContextImpl: Calling a method in the system process without a qualified user: android.app.ContextImpl.sendBroadcast:1057 android.content.ContextWrapper.sendBroadcast:448 X.o0.A00:133 X.nZ.A00:17 X.nZ.handleMessage:91 
10-17 20:42:34.659  1931  3048 I PerformanceManager_V0: SetClockLevels: Apply pending clock request change: 3,3 -> 4,3
10-17 20:42:34.660  1931  3044 I Clocks  : ReleaseClocks - start
10-17 20:42:34.660  1931  3044 I Clocks  : ReleaseClocks - end (0.4 ms)
10-17 20:42:34.660  1931  3044 I Clocks  : LockClocks( cpu=4, gpu=3 ) - start
10-17 20:42:34.660  1931  3044 I Clocks  : CPU levels [0, 4]
10-17 20:42:34.660  1931  3044 I Clocks  : GPU levels [0, 5]
10-17 20:42:34.661  1931  3044 I Clocks  : LockClocks( cpu=4, gpu=3 ) - end (0.6 ms)
10-17 20:42:34.798   851 10013 I [CT]    : CONSTELLATION: R: Detected IMU motion => Leaving static state.
10-17 20:42:34.825   851 10013 D TrackingService: [HANDTRACKING] Controller 729165a0fe4054d7 in hand: Y, valid: Y
10-17 20:42:34.891   851 10951 W [CT]    : TIMESTAMPCHECKER: Nominal rate wrong. Estimated data rate: 25, Nominal is 30.000300003000028
10-17 20:42:34.900 11652 11739 I chatty  : uid=10114(com.epicgames.PrototypeV3) expire 170 lines
10-17 20:42:34.908  3187  3239 I GuardianSystem: world updating because worldfromanchor threshold passed
10-17 20:42:34.909  1931  3238 I VrRuntimeService: RuntimeServiceSDKServer::SetGuardianPolygon: 2326310663, 282
10-17 20:42:34.909  1931  3238 I VrRuntimeServer: SetGuardianPolygon: 282
10-17 20:42:34.915 11652 11832 I chatty  : uid=10114(com.epicgames.PrototypeV3) expire 85 lines
10-17 20:42:35.002 11652 11828 I chatty  : uid=10114(com.epicgames.PrototypeV3) expire 4 lines
10-17 20:42:35.063   851  1221 I [CT]    : Vega:SubmapPublisher: Tracking parent no change: frame movement above thresh -> Publish
10-17 20:42:35.064   851  1221 I [CT]    : Vega:SubmapPublisher: Start to publish submaps, found candidates:  3
10-17 20:42:35.064   851  1221 E [CT]    : SubmapRecords: findSubmapId found 2 submap records hold the same query krHandle
10-17 20:42:35.064   851  1221 W [CT]    : Vega:SubmapPublisherBase: Reference cannot be found when constructing relative submap transformation, this means not candidate submap is in VIO states, are you moving very fast or sending too few submaps to VIO?
10-17 20:42:35.064   851  1221 W [CT]    : Vega:SubmapPublisherBase: Reference cannot be found when constructing relative submap transformation, this means not candidate submap is in VIO states, are you moving very fast or sending too few submaps to VIO?
10-17 20:42:35.081   851 10013 I [CT]    : CONSTELLATION: L: Detected IMU motion => Leaving static state.
10-17 20:42:35.092   851 10951 I [CT]    : VegaTrackTracker: Starting map tracking on map. SubmapId Submap id = 0, version = 884975654 Active contexts: 1
10-17 20:42:35.092   851 10951 I [CT]    : VegaTrackTracker: Starting map tracking on map. SubmapId Submap id = 2, version = 988085 Active contexts: 2
10-17 20:42:35.109   851 10962 W [CT]    : CONSTELLATION: L: LED Mahalanobis distance p50 = 2.72 too high. Fallback to full pose update.
10-17 20:42:35.142   851 10951 W [CT]    : VEGA:MAP_TRACKING_HM: Validation failed after 0.04 seconds of bad frames. Switching from Validating to NoTracking
10-17 20:42:35.142   851 10951 W [CT]    : VEGA:MAP_TRACKING_HM: Validation failed after 0.04 seconds of bad frames. Switching from Validating to NoTracking
10-17 20:42:35.173   851 10951 I [CT]    : TrackedMapContext: Stop tracking map with ID Submap id = 2, version = 988085 at index: 2 in contexts: 3
10-17 20:42:35.173   851 10951 I [CT]    : TrackedMapContext: Stop tracking map with ID Submap id = 0, version = 884975654 at index: 1 in contexts: 2
10-17 20:42:35.217   851 10013 I [CT]    : CONSTELLATION: L: Detected static IMU, no button event and has tracked position => Applying constant controller pose.
10-17 20:42:35.261  3187  3525 I Telemetry: App memory usage: PSS=42 MiB, PrivateDirty=32 MiB, PrivateClean=5 MiB, GPU=4.0/4.2 MiB (96% allocated)
10-17 20:42:35.271   851 10013 I [CT]    : CONSTELLATION:IMU_STATUS: 86557c336c360320 (L): [FusionTracked=1.000, OutputTracked=1.000, OutputValid=1.000] [AccelSat=0.000, GyroSat=0.000] 
10-17 20:42:35.305   851  1221 I [CT]    : VIPER: InternalAnchorHealthMonitor: Anchors: 2 | Persistent anchors: 1 | Anchors never observed: 1
10-17 20:42:35.305   851  1221 I [CT]    :   (min/avg/max) Anchor landmarks: (0|0.5|1) | Covisible keyframes: (0|0|0) | Times since observation: (0|0|0)
10-17 20:42:35.851  3187  3239 I StateMachine: StateMachine::Update GuardianInitializationStateMachine: finishedSettlingBlackEvent -> Valid_NoBlack
10-17 20:42:35.892  3187  3239 I GuardianSystem: ForceShowGuardian: false, 3.00
10-17 20:42:35.892  3187  3239 I StateMachine: StateMachine::Update ForceShow: forceShowForTime -> ForceShowOnForTime
10-17 20:42:35.893  1931  3238 I VrRuntimeService: RuntimeServiceSDKServer::SetGuardianSystemState: 2326310663
10-17 20:42:35.893  3187  3239 I GuardianSystem: UpdateGuardianSystemState: Flags changed: 524296, 532488, SYSTEM_ROOM_SCALE_ACTIVE,SYSTEM_GUARDIAN_VALID to SYSTEM_ROOM_SCALE_ACTIVE,SYSTEM_GUARDIAN_VISIBLE,SYSTEM_GUARDIAN_VALID
10-17 20:42:35.894  3187  3239 I GuardianSystem: UpdateGuardianSystemState: Flags2 changed: 32, 0, SYSTEM_2_SHOULD_PUSH_BLACK to NONE
10-17 20:42:35.899  1931  3048 I VrRuntimeServer: DisableCompositorClient: 0
10-17 20:42:35.899  1931  3048 I CompositorClientMgr: Disable client 0
10-17 20:42:35.899  1931  3048 I CompositorClientMgr: DisableClient: frame flush required: 1
10-17 20:42:35.902  3187  3239 W GuardianOpenXrMgr: @@@ wait frame retry=10 dtWait=0.000001 dtFrame=44.521667 submittedFrameIndex=22318
10-17 20:42:35.910  3187  3428 I GuardianWall: BuildFromPoints: Original: 282, New: 121, Triangles: 3094
10-17 20:42:35.911  1789  3334 I [CT]    : MIXEDREALITY: MrServiceView: renderIteration: (every 10 seconds), screen is: ON, PT is: OFF, ID is: OFF
10-17 20:42:35.911  1789  3334 I [CT]    : MIXEDREALITY: VrApiSupport: renderIteration: Display refresh rate changed, new value: 72.
10-17 20:42:35.911  1789  3334 I [CT]    : MIXEDREALITY: MrRuntimeImpl: onDisplayRefreshRateChanged: Display rate changed from 90 to 72.
10-17 20:42:35.911  1789  3334 I [CT]    : MIXEDREALITY: MrRuntimeImpl: Force telemetry to be sent now.
10-17 20:42:35.911  1789  3334 I [CT]    : MIXEDREALITY: MrRuntimeImpl: Reset telemetry such to start collecting data using the new refresh rate.
10-17 20:42:35.911  1789  3334 I [CT]    : MIXEDREALITY: MrRuntimeImpl: setSessionInitTime: Capability 0: timer set to 2402.799442101 ns, duration reset after 153.158493275 s.
10-17 20:42:35.911  1789  3334 I [CT]    : MIXEDREALITY: MrRuntimeImpl: setSessionInitTime: Capability 2: timer set to 2402.799464654 ns, duration reset after 153.931409994 s.
10-17 20:42:35.911  1789  3334 I [CT]    : MIXEDREALITY: MrServiceModel: commitLayerState: PassthroughMode: none.
10-17 20:42:35.912  3187  3428 I VrRuntimeClient: UpdateEvents: HMT was mounted
10-17 20:42:35.913  1789  3334 I VrRuntimeClient: UpdateEvents: HMT was mounted
10-17 20:42:35.913  1789  3334 I [CT]    : MIXEDREALITY: MrServiceModel: Hibernating caller (most likely rendering thread) due to commandQueue being empty.
10-17 20:42:35.917  1931 10980 I CompositorProgs: [0x79e26e1ef8] Built layerProgram 0:0x100000048002:0x0 in 2.5 ms
10-17 20:42:35.920  1931 10980 I CompositorVR: SetSchedFifo( tid=3334, pol=5, pri=1 ) succeeded
10-17 20:42:35.920  1931 10980 I CompositorVR: SetSchedFifo( tid=3239, pol=5, pri=1 ) succeeded
10-17 20:42:35.920  1931 10980 I CompositorVR: SetSchedFifo( tid=3428, pol=5, pri=1 ) succeeded
10-17 20:42:35.920  1931 10980 I CompositorVR: SetSchedFifo( tid=3529, pol=5, pri=1 ) succeeded
10-17 20:42:36.017  1931 10980 I CompositorVR: SetSchedFifo( tid=3334, pol=2, pri=0 ) succeeded
10-17 20:42:36.149  1931  3048 I PerformanceManager_V0: SetClockLevels: Apply pending clock request change: 4,3 -> 4,4
10-17 20:42:36.149  1931  3044 I Clocks  : ReleaseClocks - start
10-17 20:42:36.150  1931  3044 I Clocks  : ReleaseClocks - end (0.6 ms)
10-17 20:42:36.150  1931  3044 I Clocks  : LockClocks( cpu=4, gpu=4 ) - start
10-17 20:42:36.150  1931  3044 I Clocks  : CPU levels [0, 4]
10-17 20:42:36.150  1931  3044 I Clocks  : GPU levels [0, 5]
10-17 20:42:36.151  1931  3044 I Clocks  : LockClocks( cpu=4, gpu=4 ) - end (0.5 ms)
10-17 20:42:36.219  1931  3048 E TREX    : Interface version 1 was not found. Check debug build for more information.
10-17 20:42:36.265   851  1221 I [CT]    : Vega:MapBuilderBase: Created keyRig with frameID 8970 and uid d53239fd
10-17 20:42:36.270   851  1221 I [CT]    : KEYPOINT_CACHE: New keyrig added has 126 corners and 122 tracks to immature points that will be used to extract descriptors and insert into the index.
10-17 20:42:36.272   851  1223 I [CT]    : VIPER:DEEP_DESCRIPTOR: Computing Deep Descriptors using IC orientation.
10-17 20:42:36.272   851  1221 I [CT]    : MapCullingTask: Culled 0 L1 nodes, 1 individual keyrigs, and 2 individual points
10-17 20:42:36.273   851  1221 I [CT]    : VegaBAOptimize: Num points adjusted: 281 fixed: 0 Num residuals in-in: 783 in-out: 0 out-in: 0 fixed (out-out): 0 outside ROI: 0 total: 784
10-17 20:42:36.273   851  1221 I [CT]    : VegaBAOptimize: Total: neighbor 3 L1s, adjust 2 L1s. KRs 23  Points 281  Cameras 92  OutsideFixedKR 2  AdjustKR 21  Imus 4
10-17 20:42:36.313   851  1221 I [CT]    : VEGA_LOCALIZER: New descriptors added - Regular: 179, Immature: 0, Resampled by OrphanDescriptors: 0
10-17 20:42:36.385  2286  3081 I [OAO] ShellOverlayApp: Sleep timeout exceeded. Timeout:2403.264471, Now:2403.273091. Sleeping... 
10-17 20:42:36.385  2286  3081 I [OAO] ShellOverlayApp: WaitForWake: VrThread entering waiting state
10-17 20:42:36.549   583   610 I SyncBossFW: 2401091 [info   ] {PERF}: cpu load cur=0.4559 min=0.0517 max=0.4785 avg=0.3444
10-17 20:42:36.829   851 10013 I [CT]    : INPUT_TRACKING:Behavior:NearHeadMoving: [Right] state transition: TorsoInitialized -> InRange
10-17 20:42:36.892   851  9985 I [CT]    : boltlib: DSP utilization: 9.37 % (471 / 5032 ms)
10-17 20:42:36.931   851 10951 W [CT]    : TIMESTAMPCHECKER: Nominal rate wrong. Estimated data rate: 25, Nominal is 30.000300003000028
10-17 20:42:36.935 11652 11739 I chatty  : uid=10114(com.epicgames.PrototypeV3) expire 169 lines
10-17 20:42:36.936 11652 11832 I chatty  : uid=10114(com.epicgames.PrototypeV3) expire 167 lines
10-17 20:42:37.328  3187  3239 I GuardianControllerCollisionTracker: Guardian Controller Collision: Magnitude: 9.146, Duration: -1.000 sec, TimeStamp: 2404.194336 sec
10-17 20:42:37.421   851 10013 W [CT]    : CONSTELLATION: R: Lost position tracking, waiting for 6DoF reset: [#VisionUp=3807, #RelUp=0, VelNorm=0.003, CurTimeDur=0.20s, DurThresh=0.2s]
10-17 20:42:37.421   851 10013 I [CT]    : INPUT_TRACKING:Behavior:NearHeadMoving: [Right] state transition: InRange -> Active
10-17 20:42:37.421   851 10013 I [CT]    : INPUT_TRACKING:Behavior:NearHeadMoving: [Right] activated
10-17 20:42:37.421   851 10013 I [CT]    : INPUT_TRACKING:Behavior:NearHeadMoving: [Right] using reliablePoseInWorld
10-17 20:42:37.421   851 10013 I [CT]    : INPUT_TRACKING:ControllerMotionModel: [Right] t = 2401.961s, behavior transition: None -> NearHeadMoving
10-17 20:42:37.428   851 10962 I [CT]    : CONSTELLATION: R: Not reinitializing 6DoF filter yet (no valid pose from matching).
10-17 20:42:37.463   851 10951 I [CT]    : VIPER: Mode=SuperVega,Status=6DoF,TRACKING,Inl=38,Mem=79.8,Jit=0.3mm,Issues(Cam/min=0.0,IMU/min=0.0),Exp=(14.0ms,g=15.0,I=50,Ir=240.0)(14.0ms,g=15.0,I=65,Ir=313.5)(14.0ms,g=15.0,I=51,Ir=244.4)(14.0ms,g=15.0,I=64,Ir=306.2)
10-17 20:42:37.463   851 10951 W [CT]    : VIPER: Images too dark, Environment trending to dark, 
10-17 20:42:37.905   851 10013 I [CT]    : CONSTELLATION: L: Detected IMU motion => Leaving static state.
10-17 20:42:37.945   851 10013 D TrackingService: [HANDTRACKING] Controller 86557c336c360320 in hand: Y, valid: Y
10-17 20:42:38.766 11652 11739 I chatty  : uid=10114(com.epicgames.PrototypeV3) expire 167 lines
10-17 20:42:38.931   851 10951 W [CT]    : TIMESTAMPCHECKER: Nominal rate wrong. Estimated data rate: 25, Nominal is 30.000300003000028
10-17 20:42:38.955  2147  2603 W DeviceConfigUtil: Try to get config param "oculus_shared_social:oculus_messenger_reauth_removal" before Device Config has subscribed to the service.
10-17 20:42:39.002 11652 11828 I chatty  : uid=10114(com.epicgames.PrototypeV3) expire 2 lines
10-17 20:42:39.283  1689  1689 D ControllerNotifications: Enabling notifications
10-17 20:42:39.284  1689  1689 I ControllerNotifications: Updating input notifications based on state ConnectedBatteryNormal
10-17 20:42:39.428   851 10962 I [CT]    : CONSTELLATION: R: Not reinitializing 6DoF filter yet (no valid pose from matching).
10-17 20:42:39.628   851  1221 I [CT]    : Vega:MapBuilderBase: Created keyRig with frameID 9054 and uid 907c18ef
10-17 20:42:39.633   851  1221 I [CT]    : KEYPOINT_CACHE: New keyrig added has 117 corners and 116 tracks to immature points that will be used to extract descriptors and insert into the index.
10-17 20:42:39.635   851  1223 I [CT]    : VIPER:DEEP_DESCRIPTOR: Computing Deep Descriptors using IC orientation.
10-17 20:42:39.635   851  1221 I [CT]    : MapCullingTask: Culled 0 L1 nodes, 1 individual keyrigs, and 7 individual points
10-17 20:42:39.636   851  1221 I [CT]    : VegaBAOptimize: Num points adjusted: 287 fixed: 0 Num residuals in-in: 774 in-out: 0 out-in: 0 fixed (out-out): 0 outside ROI: 0 total: 775
10-17 20:42:39.636   851  1221 I [CT]    : VegaBAOptimize: Total: neighbor 3 L1s, adjust 2 L1s. KRs 23  Points 287  Cameras 92  OutsideFixedKR 2  AdjustKR 21  Imus 4
10-17 20:42:39.661   851  1221 I [CT]    : VEGA_LOCALIZER: New descriptors added - Regular: 136, Immature: 6, Resampled by OrphanDescriptors: 0
10-17 20:42:39.661   851  1221 W [CT]    : VegaMapVerifier: VERIFICATION WARNING: Primary child of L1 cluster with 0 points. This likely means something went wrong in cluster splitting.
10-17 20:42:39.857   851  1221 E [CT]    : VegaMapSaver: master key rig has zero energy edges!
10-17 20:42:39.857   851  1221 E [CT]    : VegaMapSaver: master key rig has zero map points!
10-17 20:42:39.862  3187  3239 I StateMachine: StateMachine::Update ForceShow: stopForceShow -> ForceShowOff
10-17 20:42:39.948   851  1221 E [CT]    : VegaMapSaver: master key rig has zero energy edges!
10-17 20:42:39.960  3187  3239 I GuardianControllerCollisionTracker: Guardian Controller Collision: Magnitude: 4.094, Duration: -1.000 sec, TimeStamp: 2406.816406 sec
10-17 20:42:40.600 11652 11742 I chatty  : uid=10114(com.epicgames.PrototypeV3) expire 1 line
10-17 20:42:40.736 11652 11739 I chatty  : uid=10114(com.epicgames.PrototypeV3) expire 227 lines
10-17 20:42:40.737 11652 11832 I chatty  : uid=10114(com.epicgames.PrototypeV3) expire 21 lines
10-17 20:42:40.823   851  1221 W [CT]    : VEGA_MAP_BUILDER: Resolved a potential TrackToMapPointAssosiation conflict between tracks 8257718 (index = 126, version = 182) and 8716437 (index = 133, version = 149)
10-17 20:42:40.931   851 10951 W [CT]    : TIMESTAMPCHECKER: Nominal rate wrong. Estimated data rate: 25, Nominal is 30.000300003000028
10-17 20:42:40.976  3187  3239 I GuardianControllerCollisionTracker: Guardian Controller Collision: Magnitude: 9.958, Duration: -1.000 sec, TimeStamp: 2407.836182 sec
10-17 20:42:41.003 11652 11828 I chatty  : uid=10114(com.epicgames.PrototypeV3) expire 2 lines
10-17 20:42:41.068   851 10951 I [CT]    : VIPER: Mode=SuperVega,Status=6DoF,TRACKING,Inl=31,Mem=79.8,Jit=0.1mm,Issues(Cam/min=0.0,IMU/min=0.0),Exp=(14.0ms,g=15.0,I=64,Ir=308.5)(14.0ms,g=15.0,I=77,Ir=367.9)(14.0ms,g=15.0,I=52,Ir=248.8)(14.0ms,g=15.0,I=64,Ir=306.6)
10-17 20:42:41.068   851 10951 W [CT]    : VIPER: Images too dark, Environment trending to dark, 
10-17 20:42:41.209  1931 11793 I VrRuntimeService: DestroySwapChain: swapchain=243
10-17 20:42:41.210  1931 11793 I VrRuntimeService: DestroySwapChain: swapchain=244
10-17 20:42:41.221   851 10013 W [CT]    : CONSTELLATION: R: Lost velocity tracking, waiting for 6DoF reset. [#VisionUp=3807, #RelUp=0, VelNorm=0.011, CurTimeDur=4.00s, DurThresh=4.0s]
10-17 20:42:41.233 11652 11825 I chatty  : uid=10114(com.epicgames.PrototypeV3) expire 1 line
10-17 20:42:41.261   851 10013 I [CT]    : CONSTELLATION:IMU_STATUS: 729165a0fe4054d7 (R): [FusionTracked=0.616, OutputTracked=0.616, OutputValid=1.000] [AccelSat=0.000, GyroSat=0.000] 
10-17 20:42:41.268   851 10962 W [CT]    : CONSTELLATION: R: Skipping approximation and doing full covariance propagation for 2 samples!
10-17 20:42:41.270  3187  3239 W GuardianOpenXrMgr: @@@ wait frame retry=10 dtWait=0.000000 dtFrame=0.035882 submittedFrameIndex=22702
10-17 20:42:41.298 11652 11834 I chatty  : uid=10114(com.epicgames.PrototypeV3) expire 2 lines
10-17 20:42:41.310  1931 10980 I CompositorVR: SetSchedFifo( tid=11834, pol=2, pri=0 ) succeeded
10-17 20:42:41.311  3187  3239 W GuardianOpenXrMgr: @@@ wait frame retry=10 dtWait=0.000001 dtFrame=0.035027 submittedFrameIndex=22704
10-17 20:42:41.352  3187  3239 W GuardianOpenXrMgr: @@@ wait frame retry=10 dtWait=0.000000 dtFrame=0.034337 submittedFrameIndex=22706
10-17 20:42:41.392  3187  3239 W GuardianOpenXrMgr: @@@ wait frame retry=10 dtWait=0.000001 dtFrame=0.033015 submittedFrameIndex=22708
10-17 20:42:41.468   851 10962 I [CT]    : CONSTELLATION: R: Not reinitializing 6DoF filter yet (no valid pose from matching).
10-17 20:42:41.494  3187  3239 W GuardianOpenXrMgr: @@@ wait frame retry=10 dtWait=0.000000 dtFrame=0.037153 submittedFrameIndex=22713
10-17 20:42:41.535  3187  3239 W GuardianOpenXrMgr: @@@ wait frame retry=10 dtWait=0.000000 dtFrame=0.036339 submittedFrameIndex=22715
10-17 20:42:41.646  3187  3239 W GuardianOpenXrMgr: @@@ wait frame retry=10 dtWait=0.000000 dtFrame=0.035959 submittedFrameIndex=22719
10-17 20:42:41.694  3187  3239 W GuardianOpenXrMgr: @@@ wait frame retry=10 dtWait=0.000001 dtFrame=0.042010 submittedFrameIndex=22721
10-17 20:42:41.708   851 10962 I [CT]    : CONSTELLATION:VISION_STATUS: 729165a0fe4054d7 (R): BlobDetection:[#BlobsDetected=(14.39, 58.11)]Matching:[MatchSuccess=0.552, MatchCost=(0.00647, 0.00007), #MatchedBlobs=(5.37, 25.68), #MatchedLeds=(3.42, 10.09), RematchM=0.000, SkipRefine=0.004] MatchMethod:[Prox=0.552, ConstBrute=0.000, UnconstBrute=0.000] MatchResets[AnomBlobSize=0.000, SharedMatch=0.000, DenseReacq=0.000] | Fusion:[FusionError=0.000, ImuFromCamMs=(7.550, 0.798), RematchF=0.024] FusionUpdates:[Successful=0.244, Reliable=0.240, TightFusion=0.240, FullPose=0.004, StaticPrior=0.308, StaticForHandTrans=0.308, PoseUpdateMD=(5.9056, 0.0000)] FusionResets[6DoFReset=0.432, ResetSuccess=0.000] FusionStatus[HasPosition=0.568, HasVelocity=0.948] 
10-17 20:42:41.708   851 10962 I [CT]    : CONSTELLATION:VISION_STATUS: 86557c336c360320 (L): BlobDetection:[#BlobsDetected=(14.39, 58.11)]Matching:[MatchSuccess=1.000, MatchCost=(0.00305, 0.00001), #MatchedBlobs=(8.45, 8.21), #MatchedLeds=(5.93, 0.70), RematchM=0.000, SkipRefine=0.004] MatchMethod:[Prox=1.000, ConstBrute=0.000, UnconstBrute=0.000] MatchResets[AnomBlobSize=0.000, SharedMatch=0.000, DenseReacq=0.000] | Fusion:[FusionError=0.000, ImuFromCamMs=(7.684, 1.117), RematchF=0.008] FusionUpdates:[Successful=0.396, Reliable=0.392, TightFusion=0.392, FullPose=0.004, StaticPrior=0.604, StaticForHandTrans=0.620, PoseUpdateMD=(6.6809, 0.0000)] FusionResets[6DoFReset=0.000, ResetSuccess=0.000] FusionStatus[HasPosition=1.000, HasVelocity=1.000] 
10-17 20:42:41.727  3187  3239 W GuardianOpenXrMgr: @@@ wait frame retry=10 dtWait=0.000001 dtFrame=0.033123 submittedFrameIndex=22722
10-17 20:42:41.769  3187  3239 W GuardianOpenXrMgr: @@@ wait frame retry=10 dtWait=0.000000 dtFrame=0.033076 submittedFrameIndex=22724
10-17 20:42:41.828  3187  3239 W GuardianOpenXrMgr: @@@ wait frame retry=10 dtWait=0.000001 dtFrame=0.036904 submittedFrameIndex=22726
10-17 20:42:41.875  3187  3239 W GuardianOpenXrMgr: @@@ wait frame retry=10 dtWait=0.000000 dtFrame=0.041804 submittedFrameIndex=22728
10-17 20:42:41.892   851  9985 I [CT]    : boltlib: DSP utilization: 10.20 % (510 / 5000 ms)
10-17 20:42:41.909  3187  3239 W GuardianOpenXrMgr: @@@ wait frame retry=10 dtWait=0.000001 dtFrame=0.034277 submittedFrameIndex=22729
10-17 20:42:41.950  3187  3239 W GuardianOpenXrMgr: @@@ wait frame retry=10 dtWait=0.000000 dtFrame=0.033516 submittedFrameIndex=22731
10-17 20:42:42.040  1931 11793 I VrRuntimeService: RuntimeServiceSDKServer::EnableRendering: 0x0, 0, com.epicgames.PrototypeV3
10-17 20:42:42.040  1931 11793 I ClientMgr: ClientMgr::EnableRendering 11652:com.epicgames.PrototypeV3 : type 0 comp-id 13: disable
10-17 20:42:42.040  1931 11793 I VrRuntimeServer: DisableCompositorClient: 13
10-17 20:42:42.040  1931 11793 I CompositorClientMgr: Disable client 13
10-17 20:42:42.040  1931 11793 I CompositorClientMgr: DisableClient: frame flush required: 1
10-17 20:42:42.049  1931 11793 I UnifiedTelemetryWrapper: Stopped UT session render:com.epicgames.PrototypeV3
10-17 20:42:42.052  3187  3285 I RuntimeIPCServerMgr: HandleClientDisconnect: Client: com.epicgames.PrototypeV3:com.epicgames.PrototypeV3:11652, Server: com.oculus.guardian:com.oculus.vrguardianservice (guardianserver)
10-17 20:42:42.052  1931  1950 I RuntimeIPCServerMgr: HandleClientDisconnect: Client: com.epicgames.PrototypeV3:com.epicgames.PrototypeV3:11652, Server: com.oculus.systemdriver:com.oculus.vrruntimeservice (RuntimeServiceServer)
10-17 20:42:42.053  1931 11793 I VrRuntimeService: RuntimeIPC: IPC_SYSTEM_EVENT_CLIENT_DISCONNECTED_EXT: com.epicgames.PrototypeV3
10-17 20:42:42.053  1931 11793 I ClientMgr: ClientMgr::DestroyClient: 11652:com.epicgames.PrototypeV3
10-17 20:42:42.053  1931 11793 I ClientMgr: ClientMgr::DestroyClient: Remove 11652:com.epicgames.PrototypeV3 as focused client.
10-17 20:42:42.053  1931 11793 I ClientMgr: FocusedClient changed.
10-17 20:42:42.053  1931 11793 W ClientMgr: ClientMgr::SetFocusedClient: No focused client
10-17 20:42:42.053  1931 11793 I ClientMgr: Releasing clocks.
10-17 20:42:42.053  1931 11793 I ClientMgr: SetFocusedPackageName - packageName  processName  clientId 0 clientPid 0
10-17 20:42:42.053  1931  3048 I ClientMgr: Non-overlay clients rendering status has changed: prev=41, curr=42, enabled=0
10-17 20:42:42.053  1931 11793 I ClientMgr: ClientMgr::DestroyClient: non-deferred ShutdownResources: 828 == 828 
10-17 20:42:42.053  1931 11793 I VrRuntimeServer: UnRegisterCompositorClient client(13)
10-17 20:42:42.053  1931 11793 I ClientMgr: RemoveClient: com.epicgames.PrototypeV3:com.epicgames.PrototypeV3:11652
10-17 20:42:42.053  1931  3048 I CompositorClientMgr: Enable client 0
10-17 20:42:42.053   851   851 I TrackingService: Unregistering client by ITrackingService.unregisterClient
10-17 20:42:42.053  1931  3048 I VrRuntimeServer: EnableCompositorClient client(0): layer placement(2147483643) flags(8) sm(0x78fb4be160)
10-17 20:42:42.053   851   851 I TrackingService: Failed to unregister client because client not found in registered list
10-17 20:42:42.053   851   851 I chatty  : uid=1000(system) /system/bin/trackingservice identical 7 lines
10-17 20:42:42.053   851   851 I TrackingService: Failed to unregister client because client not found in registered list
10-17 20:42:42.053   851   851 D TrackingService: unregister: com.epicgames.PrototypeV3
10-17 20:42:42.054  1639  3756 W SessionController: Failed to stop session (com.oculus.systemdriver:render_process_unknown) because the sessionName does not exist.
10-17 20:42:42.054  1931 11793 I UnifiedTelemetryWrapper: Stopped UT session render_process_unknown
10-17 20:42:42.058  1462  1462 V AvrcpMediaPlayerList: onPlaybackConfigChanged(): Configs list size=6
10-17 20:42:42.058  1931 11793 I UnifiedTelemetryWrapper: Stopped UT session lifetime:com.epicgames.PrototypeV3
10-17 20:42:42.058  1462  1462 V AvrcpMediaPlayerList: onPlaybackConfigChanged(): Configs list size=5
10-17 20:42:42.063  3187  3239 I GuardianSystem: runtimeServiceSDKClient_.ActiveClientDestroyedEventData: package=[com.epicgames.PrototypeV3], process=[com.epicgames.PrototypeV3]
10-17 20:42:42.063  3187  3239 I GuardianSystem: OnDestroyActiveClient: com.epicgames.PrototypeV3
10-17 20:42:42.063  3187  3239 I GuardianSystem: OnDestroyActiveClient: Clearing return package because owning client was destroyed: com.epicgames.PrototypeV3
10-17 20:42:42.063  3187  3239 I GuardianSystem: GuardianSystem::GuardianCmd CMD_CLEAR_RETURN_PACKAGE
10-17 20:42:42.067   851 10951 W [CT]    : SVEGA: getMap is not supported.
10-17 20:42:42.075  1931 10980 I CompositorProgs: [0x79e26e1ef8] Built layerProgram 0:0x100000048082:0x0 in 6.0 ms
10-17 20:42:42.134   736   736 D msm8974_platform: platform_split_snd_device: snd_device(2) num devices(1) new_snd_devices(0)
10-17 20:42:42.135   736   736 D ACDB-LOADER: ACDB -> send_audvoltable
10-17 20:42:42.135   736   736 D ACDB-LOADER: ACDB -> ACDB_CMD_GET_AUDPROC_INSTANCE_GAIN_DEP_STEP_TABLE_SIZE
10-17 20:42:42.135   736   736 D         : Failed to fetch the lookup information of the device 0000000F 
10-17 20:42:42.135   736   736 D ACDB-LOADER: Error: ACDB_CMD_GET_AUDPROC_INSTANCE_GAIN_DEP_STEP_TABLE_SIZE Returned = -19
10-17 20:42:42.135   736   736 D ACDB-LOADER: ACDB -> ACDB_CMD_GET_AUDPROC_INSTANCE_GAIN_DEP_STEP_TABLE, vol index 0
10-17 20:42:42.135   736   736 D         : Failed to fetch the lookup information of the device 0000000F 
10-17 20:42:42.135   736   736 D ACDB-LOADER: Error: ACDB AudProc vol returned = -19
10-17 20:42:42.135   736   736 D ACDB-LOADER: ACDB -> AUDIO_SET_VOL_CAL cal type = 40
10-17 20:42:42.135   736   736 D msm8974_platform: platform_split_snd_device: snd_device(2) num devices(1) new_snd_devices(0)
10-17 20:42:42.405  3187  3239 I GuardianControllerCollisionTracker: Guardian Controller Collision: Magnitude: 50.619, Duration: 0.002 sec, TimeStamp: 2409.283447 sec
10-17 20:42:42.418 11652 11739 I chatty  : uid=10114(com.epicgames.PrototypeV3) expire 91 lines
10-17 20:42:42.592 11652 11739 D UE4     : 0x00000000BEA79024 libUE4.so(0x00000000073B7024)!FAndroidPlatformStackWalk::CaptureStackBackTrace(unsigned long long*, unsigned int, void*)  []
10-17 20:42:42.592 11652 11739 D UE4     : 0x00000000BE997A90 libUE4.so(0x00000000072D5A90)!VulkanRHI::FVulkanSubresourceAllocator::TryAllocate2(VulkanRHI::FVulkanAllocation&, FVulkanEvictable*, unsigned int, unsigned int, VulkanRHI::EVulkanAllocationMetaType, char const*, unsigned int)  []
10-17 20:42:42.592 11652 11739 D UE4     : 0x00000000BE998918 libUE4.so(0x00000000072D6918)!VulkanRHI::FVulkanResourceHeap::AllocateResource(VulkanRHI::FVulkanAllocation&, FVulkanEvictable*, VulkanRHI::EType, unsigned int, unsigned int, bool, bool, VulkanRHI::EVulkanAllocationMetaType, bool, char const*, unsigned int)  []
10-17 20:42:42.592 11652 11739 D UE4     : 0x00000000BE99E408 libUE4.so(0x00000000072DC408)!VulkanRHI::FMemoryManager::AllocateImageMemory(VulkanRHI::FVulkanAllocation&, FVulkanEvictable*, VkMemoryRequirements const&, unsigned int, VulkanRHI::EVulkanAllocationMetaType, bool, char const*, unsigned int)  []
10-17 20:42:42.592 11652 11739 D UE4     : 0x00000000BEA10394 libUE4.so(0x000000000734E394)!FVulkanSurface::FVulkanSurface(FVulkanDevice&, FVulkanEvictable*, VkImageViewType, EPixelFormat, unsigned int, unsigned int, unsigned int, unsigned int, unsigned int, unsigned int, ETextureCreateFlags, ERHIAccess, FRHIResourceCreateInfo const&)  []
10-17 20:42:42.592 11652 11739 D UE4     : 0x00000000BEA15A58 libUE4.so(0x0000000007353A58)!FVulkanTextureBase::FVulkanTextureBase(FVulkanDevice&, VkImageViewType, EPixelFormat, unsigned int, unsigned int, unsigned int, unsigned int, unsigned int, unsigned int, ETextureCreateFlags, ERHIAccess, FRHIResourceCreateInfo const&)  []
10-17 20:42:42.592 11652 11739 D UE4     : 0x00000000BEA124BC libUE4.so(0x00000000073504BC)!FVulkanDynamicRHI::RHICreateTexture2D(unsigned int, unsigned int, unsigned char, unsigned int, unsigned int, ETextureCreateFlags, ERHIAccess, FRHIResourceCreateInfo&)  []
10-17 20:42:42.592 11652 11739 D UE4     : 0x00000000BEA2F478 libUE4.so(0x000000000736D478)!FVulkanDynamicRHI::RHICreateTexture2D_RenderThread(FRHICommandListImmediate&, unsigned int, unsigned int, unsigned char, unsigned int, unsigned int, ETextureCreateFlags, ERHIAccess, FRHIResourceCreateInfo&)  []
10-17 20:42:42.592 11652 11739 D UE4     : 0x00000000C03B7BC8 libUE4.so(0x0000000008CF5BC8)!FColoredTexture<255, 255, 255, 255, false>::InitRHI()  []
10-17 20:42:42.592 11652 11739 D UE4     : 0x00000000C0360838 libUE4.so(0x0000000008C9E838)!FRenderResource::InitRHIForAllResources()  []
10-17 20:42:42.592 11652 11739 D UE4     : 
10-17 20:42:42.592 11652 11739 D UE4     : 
10-17 20:42:42.613 11652 11739 D UE4     : [2022.10.17-19.42.42:613][828]LogVulkanRHI: Warning:  ** LEAK 001 [00000080-00000040] 64  Image 
10-17 20:42:42.613 11652 11739 D UE4     : 
10-17 20:42:42.613 11652 11739 D UE4     : 0x00000000BEA79024 libUE4.so(0x00000000073B7024)!FAndroidPlatformStackWalk::CaptureStackBackTrace(unsigned long long*, unsigned int, void*)  []
10-17 20:42:42.613 11652 11739 D UE4     : 0x00000000BE997A90 libUE4.so(0x00000000072D5A90)!VulkanRHI::FVulkanSubresourceAllocator::TryAllocate2(VulkanRHI::FVulkanAllocation&, FVulkanEvictable*, unsigned int, unsigned int, VulkanRHI::EVulkanAllocationMetaType, char const*, unsigned int)  []
10-17 20:42:42.613 11652 11739 D UE4     : 0x00000000BE998918 libUE4.so(0x00000000072D6918)!VulkanRHI::FVulkanResourceHeap::AllocateResource(VulkanRHI::FVulkanAllocation&, FVulkanEvictable*, VulkanRHI::EType, unsigned int, unsigned int, bool, bool, VulkanRHI::EVulkanAllocationMetaType, bool, char const*, unsigned int)  []
10-17 20:42:42.613 11652 11739 D UE4     : 0x00000000BE99E408 libUE4.so(0x00000000072DC408)!VulkanRHI::FMemoryManager::AllocateImageMemory(VulkanRHI::FVulkanAllocation&, FVulkanEvictable*, VkMemoryRequirements const&, unsigned int, VulkanRHI::EVulkanAllocationMetaType, bool, char const*, unsigned int)  []
10-17 20:42:42.613 11652 11739 D UE4     : 0x00000000BEA10394 libUE4.so(0x000000000734E394)!FVulkanSurface::FVulkanSurface(FVulkanDevice&, FVulkanEvictable*, VkImageViewType, EPixelFormat, unsigned int, unsigned int, unsigned int, unsigned int, unsigned int, unsigned int, ETextureCreateFlags, ERHIAccess, FRHIResourceCreateInfo const&)  []
10-17 20:42:42.613 11652 11739 D UE4     : 0x00000000BEA15A58 libUE4.so(0x0000000007353A58)!FVulkanTextureBase::FVulkanTextureBase(FVulkanDevice&, VkImageViewType, EPixelFormat, unsigned int, unsigned int, unsigned int, unsigned int, unsigned int, unsigned int, ETextureCreateFlags, ERHIAccess, FRHIResourceCreateInfo const&)  []
10-17 20:42:42.613 11652 11739 D UE4     : 0x00000000BEA124BC libUE4.so(0x00000000073504BC)!FVulkanDynamicRHI::RHICreateTexture2D(unsigned int, unsigned int, unsigned char, unsigned int, unsigned int, ETextureCreateFlags, ERHIAccess, FRHIResourceCreateInfo&)  []
10-17 20:42:42.613 11652 11739 D UE4     : 0x00000000BEA2F478 libUE4.so(0x000000000736D478)!FVulkanDynamicRHI::RHICreateTexture2D_RenderThread(FRHICommandListImmediate&, unsigned int, unsigned int, unsigned char, unsigned int, unsigned int, ETextureCreateFlags, ERHIAccess, FRHIResourceCreateInfo&)  []
10-17 20:42:42.613 11652 11739 D UE4     : 0x00000000C03B80D4 libUE4.so(0x0000000008CF60D4)!FColoredTexture<0, 0, 0, 255, false>::InitRHI()  []
10-17 20:42:42.613 11652 11739 D UE4     : 0x00000000C0360838 libUE4.so(0x0000000008C9E838)!FRenderResource::InitRHIForAllResources()  []
10-17 20:42:42.613 11652 11739 D UE4     : 
10-17 20:42:42.613 11652 11739 D UE4     : 
10-17 20:42:42.631 11652 11739 D UE4     : [2022.10.17-19.42.42:631][828]LogVulkanRHI: Warning:  ** LEAK 002 [00000100-00000040] 64  ImageRT 
10-17 20:42:42.631 11652 11739 D UE4     : 
10-17 20:42:42.631 11652 11739 D UE4     : 0x00000000BEA79024 libUE4.so(0x00000000073B7024)!FAndroidPlatformStackWalk::CaptureStackBackTrace(unsigned long long*, unsigned int, void*)  []
10-17 20:42:42.631 11652 11739 D UE4     : 0x00000000BE997A90 libUE4.so(0x00000000072D5A90)!VulkanRHI::FVulkanSubresourceAllocator::TryAllocate2(VulkanRHI::FVulkanAllocation&, FVulkanEvictable*, unsigned int, unsigned int, VulkanRHI::EVulkanAllocationMetaType, char const*, unsigned int)  []
10-17 20:42:42.631 11652 11739 D UE4     : 0x00000000BE998918 libUE4.so(0x00000000072D6918)!VulkanRHI::FVulkanResourceHeap::AllocateResource(VulkanRHI::FVulkanAllocation&, FVulkanEvictable*, VulkanRHI::EType, unsigned int, unsigned int, bool, bool, VulkanRHI::EVulkanAllocationMetaType, bool, char const*, unsigned int)  []
10-17 20:42:42.632 11652 11739 D UE4     : 0x00000000BE99E408 libUE4.so(0x00000000072DC408)!VulkanRHI::FMemoryManager::AllocateImageMemory(VulkanRHI::FVulkanAllocation&, FVulkanEvictable*, VkMemoryRequirements const&, unsigned int, VulkanRHI::EVulkanAllocationMetaType, bool, char const*, unsigned int)  []
