11-02 20:33:44.305  7264  7293 D UE4     : [2022.11.02-20.33.44:305][141]LogVulkanRHI: Display: 		TotalHost                          |    0.00mb /     0.00mb /        0.00mb /        0.00mb |          0          0 |      0      0      0 | 00000 | (null)
11-02 20:33:44.305  7264  7293 D UE4     : [2022.11.02-20.33.44:305][141]LogVulkanRHI: Display: 		TotalLocal                         |    0.00mb /     0.00mb /        0.00mb /        0.00mb |          0          0 |      0      0      0 | 00000 | (null)
11-02 20:33:44.305  7264  7293 D UE4     : [2022.11.02-20.33.44:305][141]LogVulkanRHI: Display: 		Total                              |    0.00mb /     0.00mb /        0.00mb /        0.00mb |          0          0 |      0      0      0 | 00000 | (null)
11-02 20:33:44.305  7264  7293 D UE4     : [2022.11.02-20.33.44:305][141]LogVulkanRHI: Display: 		---------------------------------------------------------------------------------------------------------------------------------------------------------
11-02 20:33:44.305  7264  7293 D UE4     : [2022.11.02-20.33.44:305][141]LogVulkanRHI: Display: 		Allocated Device Heap 0            |    0.00mb /     0.00mb /     4096.00mb /     4096.00mb |          0          0 |      0      0      0 | 00000 | (null)
11-02 20:33:44.306  7264  7293 D UE4     : [2022.11.02-20.33.44:306][141]LogVulkanRHI: Display: 		Allocated Device Heap 1            |    0.00mb /     0.00mb /      256.00mb /      256.00mb |          0          0 |      0      0      0 | 00000 | (null)
11-02 20:33:44.306  7264  7293 D UE4     : [2022.11.02-20.33.44:306][141]LogVulkanRHI: Display: 		---------------------------------------------------------------------------------------------------------------------------------------------------------
11-02 20:33:44.306  7264  7293 D UE4     : [2022.11.02-20.33.44:306][141]LogVulkanRHI: Display: 		Subsystems                         |    BufMem       ImgMem        FreeMem       TotalMem   |  BufAllocs  ImgAllocs |  Pages BufPgs ImgPgs | Flags | Type   
11-02 20:33:44.306  7264  7293 D UE4     : [2022.11.02-20.33.44:306][141]LogVulkanRHI: Display: 		---------------------------------------------------------------------------------------------------------------------------------------------------------
11-02 20:33:44.306  7264  7293 D UE4     : [2022.11.02-20.33.44:306][141]LogVulkanRHI: Display: 		Staging                            |    0.00mb /     0.00mb /        0.00mb /        0.00mb |          0          0 |      0      0      0 | 00000 | (null)
11-02 20:33:44.306  7264  7293 D UE4     : [2022.11.02-20.33.44:306][141]LogVulkanRHI: Display: 		---------------------------------------------------------------------------------------------------------------------------------------------------------
11-02 20:33:44.306  7264  7293 D UE4     : [2022.11.02-20.33.44:306][141]LogVulkanRHI: Display: 
11-02 20:33:44.306  7264  7293 D UE4     : 
11-02 20:33:44.306  7264  7293 D UE4     : SubAllocator Dump
11-02 20:33:44.306  7264  7293 D UE4     : 
11-02 20:33:44.306  7264  7293 D UE4     : 
11-02 20:33:44.306  7264  7293 D UE4     : [2022.11.02-20.33.44:306][141]LogVulkanRHI: Display: 		------------------------------------------------------------------------------------------------------------------------------------------------------------------------------------------------------------------------------------------------------
11-02 20:33:44.306  7264  7293 D UE4     : [2022.11.02-20.33.44:306][141]LogVulkanRHI: Display: 		                                                  | Free    Count | Fill /       Used /       Free /      Total /    Largest |    Unknown /        UBO /   MultiBuf /  FrameTemp |    ImageRT /      Image |  BufferUAV /  BufferStg /    BufOthr |
11-02 20:33:44.306  7264  7293 D UE4     : [2022.11.02-20.33.44:306][141]LogVulkanRHI: Display: 		------------------------------------------------------------------------------------------------------------------------------------------------------------------------------------------------------------------------------------------------------
11-02 20:33:44.306  7264  7293 I chatty  : uid=10123(com.epicgames.PrototypeV3) identical 7 lines
11-02 20:33:44.342   840  1171 I chatty  : uid=1000(system) Binder:840_3 identical 21 lines
11-02 20:33:44.343  4075  4199 E OsSdk   : error getting shared memory region, memory type: HeadTracker, failed with Status(-1, EX_SECURITY): 'requested shared memory region when not registered/focused'
11-02 20:33:44.352  1337  7342 W RuntimeIPCServerMgr: RPCClientHandler::MainLoop: Error reading pipe: Client: com.epicgames.PrototypeV3:com.epicgames.PrototypeV3:7264, Server: com.oculus.systemdriver:com.oculus.vrruntimeservice (HapticsServer)
11-02 20:33:44.353  1337  7341 W RuntimeIPCServerMgr: RPCClientHandler::MainLoop: Error reading pipe: Client: com.epicgames.PrototypeV3:com.epicgames.PrototypeV3:7264, Server: com.oculus.systemdriver:com.oculus.vrruntimeservice (gkcache)
11-02 20:33:44.353  1337  1366 W IPCDataChannelAndroidBinder: binder_test2: RuntimeIPC: ConnectionDiedInfo: onBinderDied: 1, com.epicgames.PrototypeV3:com.epicgames.PrototypeV3:7264
11-02 20:33:44.353  1337  1366 W IPCDataChannelServer: datachannel_test: Disconnected: 2351637372, com.epicgames.PrototypeV3:com.epicgames.PrototypeV3:7264
11-02 20:33:44.353  1337  1366 E IPCThreadState: attemptIncStrongHandle(34): Not supported
11-02 20:33:44.353   787   881 W IPCDataChannelAndroidBinder: binder_test2: RuntimeIPC: ConnectionDiedInfo: onBinderDied: 0, com.epicgames.PrototypeV3:com.epicgames.PrototypeV3:7264
11-02 20:33:44.353   787   881 E /system/bin/runtimeipcbroker: unlinkToDeath: removed reference to death recipient but unlink failed.
11-02 20:33:44.353   787   881 W IPCDataChannelAndroidBinder: UnregisterLinkDeathHandle: AIBinder_unlinkToDeath FAILED
11-02 20:33:44.353   787  3090 W /system/bin/runtimeipcbroker: Unlinking to dead binder resulted in: -2
11-02 20:33:44.353   787   881 I RuntimeIPCService: DestroyBrokerConnection: com.epicgames.PrototypeV3:com.epicgames.PrototypeV3:7264
11-02 20:33:44.353   787   881 E IPCThreadState: attemptIncStrongHandle(41): Not supported
11-02 20:33:44.354  2371  2928 I chatty  : uid=10020(com.oculus.vrshell) Binder:2371_5 expire 3 lines
11-02 20:33:44.354  2371  7367 W RuntimeIPCServerMgr: RPCClientHandler::MainLoop: Error reading pipe: Client: com.epicgames.PrototypeV3:com.epicgames.PrototypeV3:7264, Server: com.oculus.vrshell:com.oculus.vrshell:Overlay (ptkserviceserver)
11-02 20:33:44.354  1037  1648 D ConnectivityService: ConnectivityService NetworkRequestInfo binderDied(NetworkRequest [ LISTEN id=19, [ Transports: CELLULAR|WIFI|BLUETOOTH|ETHERNET|VPN Capabilities: INTERNET&NOT_RESTRICTED&TRUSTED&NOT_VPN&VALIDATED&FOREGROUND Uid: 10123] ], android.os.BinderProxy@7e6d80f)
11-02 20:33:44.356  2222  2222 I Zygote  : Process 7264 exited cleanly (0)
11-02 20:33:44.358  1037  1649 I WindowManager: WIN DEATH: Window{b83ed27 u0 com.epicgames.PrototypeV3/com.epicgames.ue4.GameActivity}
11-02 20:33:44.358  2967  3057 W IPCDataChannelAndroidBinder: binder_test2: RuntimeIPC: ConnectionDiedInfo: onBinderDied: 1, com.epicgames.PrototypeV3:com.epicgames.PrototypeV3:7264
11-02 20:33:44.358  2967  3057 W IPCDataChannelServer: datachannel_test: Disconnected: 2351637372, com.epicgames.PrototypeV3:com.epicgames.PrototypeV3:7264
11-02 20:33:44.358  2967  3057 E IPCThreadState: attemptIncStrongHandle(34): Not supported
11-02 20:33:44.358  1037  1138 W InputDispatcher: channel 'b83ed27 com.epicgames.PrototypeV3/com.epicgames.ue4.GameActivity (server)' ~ Consumer closed input channel or an error occurred.  events=0x9
11-02 20:33:44.359  1037  1138 E InputDispatcher: channel 'b83ed27 com.epicgames.PrototypeV3/com.epicgames.ue4.GameActivity (server)' ~ Channel is unrecoverably broken and will be disposed!
11-02 20:33:44.359  1037  1066 I libprocessgroup: Successfully killed process cgroup uid 10123 pid 7264 in 0ms
11-02 20:33:44.359  1037  1054 E InputDispatcher: Window handle Window{b83ed27 u0 com.epicgames.PrototypeV3/com.epicgames.ue4.GameActivity} has no registered input channel
11-02 20:33:44.360  1426  1426 V AvrcpMediaPlayerList: onPlaybackConfigChanged(): Configs list size=5
11-02 20:33:44.361  1037  1649 W InputDispatcher: Attempted to unregister already unregistered input channel 'b83ed27 com.epicgames.PrototypeV3/com.epicgames.ue4.GameActivity (server)'
11-02 20:33:44.362  1037  3688 I ActivityManager: Process com.epicgames.PrototypeV3 (pid 7264) has died: fore TOP 
11-02 20:33:44.363  1037  3688 W ActivityTaskManager: Force removing ActivityRecord{345f54f u0 com.epicgames.PrototypeV3/com.epicgames.ue4.GameActivity t152}: app died, no saved state
11-02 20:33:44.369  1037  3688 W InputReader: Device has associated, but no associated display id.
11-02 20:33:44.375   742  4664 D AF::TrackHandle: OpPlayAudio: track:60 uid:10033 pkg:com.oculus.xrstreamingclient usage:1 muted
11-02 20:33:44.375   742  4665 D AF::RecordHandle: OpRecordAudio: track:61 uid:10033 pkg:com.oculus.xrstreamingclient usage:0 muted
11-02 20:33:44.375   742   930 D AF::TrackHandle: OpPlayAudio: track:57 uid:10014 pkg:com.oculus.shellenv usage:1 not muted
11-02 20:33:44.375   742  1273 D AF::RecordHandle: OpRecordAudio: track:56 uid:10014 pkg:com.oculus.shellenv usage:0 not muted
11-02 20:33:44.376   742  4664 D AF::RecordHandle: OpRecordAudio: track:81 uid:10032 pkg:com.oculus.horizon usage:0 not muted
11-02 20:33:44.384   840  1171 W TrackingService: attachClient: found client in attached list
11-02 20:33:44.385  4075  4199 E OsSdk   : error getting shared memory region, memory type: HeadTracker, failed with Status(-1, EX_SECURITY): 'requested shared memory region when not registered/focused'
11-02 20:33:44.391  1037  1058 W ActivityManager: setHasOverlayUi called on unknown pid: 7264
11-02 20:33:44.396  1337  1337 D VrRuntimeService: onForegroundActivitiesChanged: pid=2110, uid=10014, hasForegroundActivities=true
11-02 20:33:44.396  3559  3559 D [SUI] ActivityManagerUtilsHelper: onForegroundActivitiesChanged: Instance: com.oculus.panelapp.anytimeui.utils.ActivityManagerUtilsHelper@6d6d7a0, Pid: 2110, Tid: 10014, foregroundActivities: true, foreground app: com.oculus.shellenv, previous app: com.epicgames.PrototypeV3
11-02 20:33:44.415  3559  3559 W OVRLibrary: null cursor received for query content://com.oculus.ocms.library/apps/com.oculus.shellenv
11-02 20:33:44.432   840  1703 W TrackingService: attachClient: found client in attached list
11-02 20:33:44.437  2725  2725 D [SEO] ShellEnvOverlayService: onStartCommand() with action com.oculus.vrshell.SHELL_ENV_START_SERVICE
11-02 20:33:44.438  2725  3041 I [SEO] ShellFrameAnalytics: ShellFrame frameFunction: 2147483647us/2147483647us, trace: 0us/22us, process commands: 0us/1953us, system update: 0us/18653us, render 0us/51149us, post render 0us/0us
11-02 20:33:44.438  4075  4199 E OsSdk   : error getting shared memory region, memory type: HeadTracker, failed with Status(-1, EX_SECURITY): 'requested shared memory region when not registered/focused'
11-02 20:33:44.438  2725  3041 I [SEO] ShellFrameAnalytics: Shell Heartbeat focusedPanelTimeSpent: {"0":2701,"3":5797} visibleTimeSpent: {"1":1310,"3":5797} inputTimeSpent: {"controller":8399,"gaze":100} inputClickCount: {"controller":4} mouseMoveTimeSpent: 0 mouseScrollTimeSpent: 0 physicalKeyboardConnectedTimeSpent: 0 physicalKeyboardTrackedTimeSpent: 0 quickActionsMenuActivations: 0 quickActionsMenuTimeSpent: 0 quickActionsMenuSessionLengths: [] quickActionsMenuSelections: {} handTrackingOptIn: 0 handTrackingAutoTransition: 1
11-02 20:33:44.439  2725  3041 I [SEO] ShellApp: 0xcd14cc00 msg: intent
11-02 20:33:44.439  2725  3041 I [SEO] ShellApp: Ignoring empty launch intent action com.oculus.vrshell.SHELL_ENV_START_SERVICE
11-02 20:33:44.439  2725  3041 I VrRuntimeClient: Client has lost focus.
11-02 20:33:44.439  2725  3041 I [SEO] VrPlatformOpenXr: xrPollEvent: received XR_TYPE_EVENT_DATA_REFERENCE_SPACE_CHANGE_PENDING event
11-02 20:33:44.439  2725  3041 I [SEO] VrPlatformOpenXr: xrPollEvent: received XR_TYPE_EVENT_DATA_DISPLAY_REFRESH_RATE_CHANGED_FB event: fromRate 90.000000 -> toRate 72.000000
11-02 20:33:44.443  3559  7466 W OVRLibrary: null cursor received for query content://com.oculus.ocms.library/apps/com.oculus.shellenv
11-02 20:33:44.445   742   742 D AF::RecordHandle: OpRecordAudio: track:81 uid:10032 pkg:com.oculus.horizon usage:0 not muted
11-02 20:33:44.445   742  4665 D AF::RecordHandle: OpRecordAudio: track:61 uid:10033 pkg:com.oculus.xrstreamingclient usage:0 muted
11-02 20:33:44.446   742  1272 D AF::RecordHandle: OpRecordAudio: track:56 uid:10014 pkg:com.oculus.shellenv usage:0 not muted
11-02 20:33:44.446  2725  2725 D [SEO] ShellEnvOverlayService: onBind()
11-02 20:33:44.449  2110  2110 D ActivityLifecycleListener: onActivityResumed
11-02 20:33:44.450  2110  7628 D ActivityLifecycleListener: activity=com.oculus.shellenv.ShellEnvActivity@c687ee0, resumed=true
11-02 20:33:44.450  2110  7628 D ActivityLifecycleListener: Activity ready after 0ms
11-02 20:33:44.450  2110  7628 I OpenXR  : nativeOnActivityReady
11-02 20:33:44.457  2110  2224 I Clay    : BaseApp: Hibernate transition Unhibernate
11-02 20:33:44.458  2110  2224 I Clay    : copresence: microphone state transition, unpaused
11-02 20:33:44.458  2110  2224 I Clay    : SoundSystem: setPaused(false), m_paused=true
11-02 20:33:44.459  1426  1426 V AvrcpMediaPlayerList: onPlaybackConfigChanged(): Configs list size=5
11-02 20:33:44.466  2110  2224 I Clay    : EnvironmentSystem: computed visibility changed from Unload to Visible (reason: <none>)
11-02 20:33:44.472   722  4232 D msm8974_platform: platform_split_snd_device: snd_device(22) num devices(1) new_snd_devices(0)
11-02 20:33:44.472   722  4232 D ACDB-LOADER: ACDB -> send_audvoltable
11-02 20:33:44.472   722  4232 D ACDB-LOADER: ACDB -> ACDB_CMD_GET_AUDPROC_INSTANCE_GAIN_DEP_STEP_TABLE_SIZE
11-02 20:33:44.472   722  4232 D         : Failed to fetch the lookup information of the device 0000000F 
11-02 20:33:44.472   722  4232 D ACDB-LOADER: Error: ACDB_CMD_GET_AUDPROC_INSTANCE_GAIN_DEP_STEP_TABLE_SIZE Returned = -19
11-02 20:33:44.472   722  4232 D ACDB-LOADER: ACDB -> ACDB_CMD_GET_AUDPROC_INSTANCE_GAIN_DEP_STEP_TABLE, vol index 1
11-02 20:33:44.472   722  4232 D         : Failed to fetch the lookup information of the device 0000000F 
11-02 20:33:44.473   722  4232 D ACDB-LOADER: Error: ACDB AudProc vol returned = -19
11-02 20:33:44.473   722  4232 D ACDB-LOADER: ACDB -> AUDIO_SET_VOL_CAL cal type = 40
11-02 20:33:44.473   722   893 D msm8974_platform: platform_split_snd_device: snd_device(22) num devices(1) new_snd_devices(0)
11-02 20:33:44.473   722   893 D ACDB-LOADER: ACDB -> send_audvoltable
11-02 20:33:44.473   722   893 D ACDB-LOADER: ACDB -> ACDB_CMD_GET_AUDPROC_INSTANCE_GAIN_DEP_STEP_TABLE_SIZE
11-02 20:33:44.473   722   893 D         : Failed to fetch the lookup information of the device 0000000F 
11-02 20:33:44.473   722   893 D ACDB-LOADER: Error: ACDB_CMD_GET_AUDPROC_INSTANCE_GAIN_DEP_STEP_TABLE_SIZE Returned = -19
11-02 20:33:44.473   722   893 D ACDB-LOADER: ACDB -> ACDB_CMD_GET_AUDPROC_INSTANCE_GAIN_DEP_STEP_TABLE, vol index 7
11-02 20:33:44.473   722   893 D         : Failed to fetch the lookup information of the device 0000000F 
11-02 20:33:44.473   722   893 D ACDB-LOADER: Error: ACDB AudProc vol returned = -19
11-02 20:33:44.473   722   893 D ACDB-LOADER: ACDB -> AUDIO_SET_VOL_CAL cal type = 40
11-02 20:33:44.474   840  1178 I [CT]    : Vega:MapBuilderBase: Created keyRig with frameID 19132 and uid 084f81f5
11-02 20:33:44.476   840  1178 W [CT]    : Vega:MapBuilderBase: Cannot run Cklam due to last KR invalid. last frameID 0,  this frameID 19132
11-02 20:33:44.480  4075  4199 E OsSdk   : error getting shared memory region, memory type: HeadTracker, failed with Status(-1, EX_SECURITY): 'requested shared memory region when not registered/focused'
11-02 20:33:44.481   840  1178 I [CT]    : Perception:MapCleaner: After Split L1! Raw cluster size 34  pts  281;  New cluster size  30  pts  281
11-02 20:33:44.482  4075  4199 E OsSdk   : error getting shared memory region, memory type: AnchorTracker, failed with Status(-1, EX_SECURITY): 'requested shared memory region when not registered/focused'
11-02 20:33:44.483   840  1178 I [CT]    : KEYPOINT_CACHE: New keyrig added has 379 corners and 36 tracks to immature points that will be used to extract descriptors and insert into the index.
11-02 20:33:44.485   840  1180 I [CT]    : VIPER:DEEP_DESCRIPTOR: Computing Deep Descriptors using IC orientation.
11-02 20:33:44.500   840  1178 I [CT]    : MapCullingTask: Culled 0 L1 nodes, 4 individual keyrigs, and 0 individual points
11-02 20:33:44.506   840  1178 I [CT]    : VegaBAOptimize: Num points adjusted: 564 fixed: 0 Num residuals in-in: 7968 in-out: 0 out-in: 0 fixed (out-out): 0 outside ROI: 0 total: 7968
11-02 20:33:44.510   840  1178 I [CT]    : VegaBAOptimize: Total: neighbor 2 L1s, adjust 2 L1s. KRs 60  Points 564  Cameras 240  OutsideFixedKR 2  AdjustKR 58  Imus 19
11-02 20:33:44.521  4075  4199 E OsSdk   : error getting shared memory region, memory type: HeadTracker, failed with Status(-1, EX_SECURITY): 'requested shared memory region when not registered/focused'
11-02 20:33:44.534  2967  3051 I GuardianControllerCollisionTracker: Guardian Controller Collision: Magnitude: 34.428, Duration: -1.000 sec, TimeStamp: 2765.719238 sec
11-02 20:33:44.566   840  1703 I chatty  : uid=1000(system) Binder:840_4 identical 4 lines
11-02 20:33:44.566  2110  2224 I Clay    : Avatar2ResourceSystem: SDK requesting to load file OvrAvatar2Assets.zip
11-02 20:33:44.567  4075  4199 E OsSdk   : error getting shared memory region, memory type: HeadTracker, failed with Status(-1, EX_SECURITY): 'requested shared memory region when not registered/focused'
11-02 20:33:44.568  2110  2224 I Clay    : Avatar2ResourceSystem: SDK requesting to load file OvrAvatar2Assets.zip
11-02 20:33:44.587  2110  2224 W System.err: android.content.pm.PackageManager$NameNotFoundException: Application package com.oculus.avatar2 not found
11-02 20:33:44.587  2110  2224 W System.err: 	at android.app.ContextImpl.createPackageContextAsUser(ContextImpl.java:2211)
11-02 20:33:44.587  2110  2224 W System.err: 	at android.app.ContextImpl.createPackageContext(ContextImpl.java:2182)
11-02 20:33:44.587  2110  2224 W System.err: 	at android.content.ContextWrapper.createPackageContext(ContextWrapper.java:876)
11-02 20:33:44.587  2110  2122 W oculus.shellen: Reducing the number of considered missed Gc histogram windows from 273 to 100
11-02 20:33:44.606   840  1703 W TrackingService: attachClient: found client in attached list
11-02 20:33:44.607  4075  4199 E OsSdk   : error getting shared memory region, memory type: HeadTracker, failed with Status(-1, EX_SECURITY): 'requested shared memory region when not registered/focused'
11-02 20:33:44.629  2110  2224 I OpenXR  : PostSessionStateChange: XR_SESSION_STATE_IDLE -> XR_SESSION_STATE_READY
11-02 20:33:44.631  2110  2224 I Clay    : xrPollEvent: REFERENCE_SPACE_CHANGE_PENDING
11-02 20:33:44.631  2110  2224 I Clay    : xrPollEvent: DISPLAY_REFRESH_RATE_CHANGED_FB: 90.000000 -> 72.000000
11-02 20:33:44.631  2110  2224 I Clay    : xrPollEvent: SESSION_STATE_CHANGED: READY
11-02 20:33:44.631  2110  2224 I Clay    : Entering VR mode: cpu=-1, gpu=-1, perf threads: main=2224, gpu=unset
11-02 20:33:44.631  2110  2224 I OpenXR  : ------------ xrBeginSession [start] -----------
11-02 20:33:44.632  2110  2224 I VrRuntimeClient: Tracing is disabled
11-02 20:33:44.632  2110  2224 I VrRuntimeClient: SysProp debug mode is disabled on Client side
11-02 20:33:44.634  2110  2224 D VrApi   : targetSDKVersion 29
11-02 20:33:44.638  1337  1337 W ClientMgr: ClientMgr::SetFocusedClient: No focused client
11-02 20:33:44.638  1337  1337 I ClientMgr: Releasing clocks.
11-02 20:33:44.638  1337  1337 I ClientMgr: SetFocusedPackageName - packageName  processName  clientId 0 clientPid 0
11-02 20:33:44.638  1337  1337 E TREX    : Interface version 1 was not found. Check debug build for more information.
11-02 20:33:44.640  3559  3559 D [SUI] ActivityManagerUtilsHelper: onFocusedWindowChanged: Instance: com.oculus.panelapp.anytimeui.utils.ActivityManagerUtilsHelper@6d6d7a0, topWindowUid: 10014, focusedApp: com.oculus.shellenv, previousApp: com.epicgames.PrototypeV3
11-02 20:33:44.640  2110  2224 I VrRuntimeClient: DEVICE MODEL NUMBER = Quest 2
11-02 20:33:44.640  2110  2224 I VrRuntimeClient: DEVICE BUILD NAME = user-47421700667400000
11-02 20:33:44.640  2110  2224 I VrRuntimeClient: DEVICE BUILD TYPE = user
11-02 20:33:44.640  2110  2224 I VrRuntimeClient: DEVICE OS VERSION = 10
11-02 20:33:44.640  2110  2224 I VrRuntimeClient: API LOADER VERSION = 1.0.22
11-02 20:33:44.640  2110  2224 I VrRuntimeClient: RUNTIME API VERSION = 1.0.24
11-02 20:33:44.640  2110  2224 I VrRuntimeClient: RUNTIME VERSION = 46.0.0.226.0 Sep  6 2022 02:18:10 RELEASE
11-02 20:33:44.640  2110  2224 I VrRuntimeClient: APP NAME = ShellEnv
11-02 20:33:44.640  2110  2224 I VrRuntimeClient: APP VERSION = 46.0.0.225.0 versionCode 406480835 internalVersionName 46.0.0.225.0.1de6c5943672 2022_10_06_16_42
11-02 20:33:44.640  2110  2224 I VrRuntimeClient: APP VR TYPE = vr_only
11-02 20:33:44.640  2110  2224 I VrRuntimeClient: APP MODE TYPE = VR
11-02 20:33:44.640  2110  2224 I VrRuntimeClient: APP PACKAGE NAME = com.oculus.shellenv
11-02 20:33:44.640  2110  2224 I VrRuntimeClient: APP ACTIVITY CLASS = com.oculus.shellenv.ShellEnvActivity
11-02 20:33:44.640  2110  2224 I Sensor  : OSSDKTRACKING Initializing head tracking
11-02 20:33:44.640  2110  2224 I Sensor  : OSSDKTRACKING Head tracker != nullpointer 0x786fd77258, 1
11-02 20:33:44.640  2110  2224 I Sensor  : OSSDKTRACKING Initializing controller tracking
11-02 20:33:44.640  2110  2224 I Sensor  : OSSDKTRACKING Controller tracker != nullpointer 0x787c0641e0, 1
11-02 20:33:44.640  2110  2224 D BatteryReceiver: Registering battery receiver
11-02 20:33:44.645  2967  3051 I GuardianControllerCollisionTracker: Guardian Controller Collision: Magnitude: 23.964, Duration: -1.000 sec, TimeStamp: 2765.837891 sec
11-02 20:33:44.647  2110  2224 D HeadsetReceiver: getCurrentHeadsetState: false
11-02 20:33:44.647  2110  2224 I DeviceStatus: nativeHeadsetEvent(0)
11-02 20:33:44.648  2161  2899 I VRLifecycleSessionManager: Stored session info.
11-02 20:33:44.648  2110  2224 I VrRuntimeClient: SetCompositorClientFeatureFlag ClientFeatureFlag 0 
11-02 20:33:44.649  2110  2224 I LogTimer: CPUTIME: VrRuntimeClient_BeginSession took 17.0094 ms
11-02 20:33:44.650  2110  2224 I ClientInputInterface: DEADRECKONING SetControllerTrackingExtendedDeadreckoning 0
11-02 20:33:44.650  2110  2224 I ClientInputSettings: HANDTRACKING package name is com.oculus.shellenv
11-02 20:33:44.651   840  1171 W TrackingService: attachClient: found client in attached list
11-02 20:33:44.652  4075  4199 E OsSdk   : error getting shared memory region, memory type: HeadTracker, failed with Status(-1, EX_SECURITY): 'requested shared memory region when not registered/focused'
11-02 20:33:44.654  2161  2161 W OVRLibrary: null cursor received for query content://com.oculus.ocms.library/apps/com.epicgames.PrototypeV3
11-02 20:33:44.655  2161  2161 I OVRMediaServiceManager: Sending onAppStart (com.epicgames.PrototypeV3) to SocialPlatform (com.oculus.socialplatform)
11-02 20:33:44.655  2110  2224 I ClientInputSettings: HANDTRACKING: Manifest Permission request for com.oculus.shellenv
11-02 20:33:44.667  2110  2224 I ClientInputSettings: HANDTRACKING:  'com.oculus.shellenv' Is hands or controller.
11-02 20:33:44.667  2110  2224 I ClientInputSettings: HANDTRACKING: feature flag set to 2
11-02 20:33:44.667  2110  2224 I ClientInputInterface: HANDTRACKING sethandmanifest 2
11-02 20:33:44.667  2110  2224 I InputHooks_Internal: Enabling Native Input Hooks
11-02 20:33:44.671  3559  3559 W OVRLibrary: null cursor received for query content://com.oculus.ocms.library/apps/com.oculus.shellenv
11-02 20:33:44.671  2110  2224 I InputDeviceManager: ovrInputDeviceManager::Initialize
11-02 20:33:44.672   840  1171 W TrackingService: attachClient: found client in attached list
11-02 20:33:44.673   840  1171 D TrackingService: getSharedMemory: com.oculus.shellenv#2110, HeadTracker
11-02 20:33:44.673  2110  2224 I Distortion: Initializing Mesh Decenter Correction
11-02 20:33:44.673   840  1171 W TrackingService: attachClient: found client in attached list
11-02 20:33:44.674   834   834 E CalibrationProvider: loadCalibration(LDISP_SN) failed: Calibration store didn't load any info
11-02 20:33:44.674   834   834 E CalibrationProvider: loadCalibration(RDISP_SN) failed: Calibration store didn't load any info
11-02 20:33:44.674  2110  2224 I Distortion: SetLensPositions - iad=0.0629803, left offset=-0.000270672,-0.00102733, right offset=0.000149839,-0.00104481
11-02 20:33:44.675  2110  2224 I Distortion: Initializing Mesh Decenter Correction
11-02 20:33:44.675   840  1171 D TrackingService: getSharedMemory: com.oculus.shellenv, Controller
11-02 20:33:44.675  2110  7635 I InputDevice_TrackedRemote: REMOTE: Hand=1 IndexAnalog=0.00 GripAnalog=0.00 Buttons=0x00000000
11-02 20:33:44.675  2110  7635 I InputDevice_TrackedRemote: REMOTE: Hand=2 IndexAnalog=0.00 GripAnalog=0.00 Buttons=0x00000000
11-02 20:33:44.675  2110  7635 I InputDeviceManager: HANDTRACKING Pointer filter profile changed to: 0
11-02 20:33:44.675  2110  7635 I InputDeviceManager: HANDTRACKING Pointer filter profile changed to: 0
11-02 20:33:44.675  2110  7635 I InputDeviceManager: HANDTRACKING Root pose filter profile changed for (version, freq) to (2, 1) from (1,2)
11-02 20:33:44.675   834   834 E CalibrationProvider: loadCalibration(LDISP_SN) failed: Calibration store didn't load any info
11-02 20:33:44.675   834   834 E CalibrationProvider: loadCalibration(RDISP_SN) failed: Calibration store didn't load any info
11-02 20:33:44.676  2110  2224 I Distortion: SetLensPositions - iad=0.0629803, left offset=-0.000270672,-0.00102733, right offset=0.000149839,-0.00104481
11-02 20:33:44.676  2110  2224 I Distortion: Created custom distortion mesh.
11-02 20:33:44.676  2110  2224 I PhaseSync: PhaseSync::PhaseSync PaddingLowerLimit 0.350000 StandardDeviations 2.000000 PaddingUpperLimit 0.750000 on instance 1
11-02 20:33:44.676  2110  2224 I VrRuntimeClient: PhaseSync Instance created
11-02 20:33:44.676  2110  2224 D VrRuntimeClient: pokeGuardianUserServiceForThisClient: com.oculus.shellenv:10014
11-02 20:33:44.677  2967  2967 D VrGuardianUserService: onStartCommandIntent { act=FOREGROUND_CLIENT cmp=com.oculus.guardian/com.oculus.vrguardianservice.VrGuardianUserService (has extras) }
11-02 20:33:44.677  2967  2967 D VrGuardianUserService: maybeSubscribeDeviceConfig
11-02 20:33:44.678  2967  2967 D VrGuardianUserService: onStartCommand FOREGROUND_CLIENT user = 0
11-02 20:33:44.678  2967  2967 D VrGuardianService: setCurrentUser() called with: userId = [0]
11-02 20:33:44.678  2967  2967 I VrGuardianService: nativeSetCurrentUser userid = 0
11-02 20:33:44.678  2967  2967 I GuardianSystem: GuardianSystem::SetCurrentUser: 0 
11-02 20:33:44.679  2110  2224 D VrRuntimeClient: VrRuntimeClient: getClientWindow: activity client
11-02 20:33:44.679  1337  2915 I VrRuntimeService: RuntimeServiceSDKServer::EnableRendering: 0x79a61e0dc0, 2, com.oculus.shellenv
11-02 20:33:44.679  1337  2915 I ClientMgr: EnableRendering2: Calling SetFocusedClient: 1059295691
11-02 20:33:44.679  2161  2612 W DeviceConfigUtil: Try to get config param "oculus_shared_social:oculus_messenger_reauth_removal" before Device Config has subscribed to the service.
11-02 20:33:44.679  1337  2915 I ClientMgr: FocusedClient changed.
11-02 20:33:44.679  1337  2915 I ClientMgr: ClientMgr::SetFocusedClient: 2110:com.oculus.shellenv type 0
11-02 20:33:44.679  1337  2915 I ClientMgr: SetFocusedPackageName - packageName com.oculus.shellenv processName com.oculus.shellenv clientId 1059295691 clientPid 2110
11-02 20:33:44.679  1337  2915 I VrRuntimeService: RuntimeIPC: SendFocusChangeEventToAllClients: PostClientEvent SUCCESS: com.oculus.xrstreamingclient:com.oculus.xrstreamingclient:4075, com.oculus.shellenv, com.oculus.shellenv
11-02 20:33:44.680  1337  2915 I VrRuntimeService: RuntimeIPC: SendFocusChangeEventToAllClients: PostClientEvent SUCCESS: com.oculus.mrservice:com.oculus.mrservice:1806, com.oculus.shellenv, com.oculus.shellenv
11-02 20:33:44.680  1337  2915 I VrRuntimeService: RuntimeIPC: SendFocusChangeEventToAllClients: PostClientEvent SUCCESS: com.oculus.guardian:com.oculus.vrguardianservice:2967, com.oculus.shellenv, com.oculus.shellenv
11-02 20:33:44.680  1337  2915 I VrRuntimeService: RuntimeIPC: SendFocusChangeEventToAllClients: PostClientEvent SUCCESS: com.oculus.vrshell:com.oculus.vrshell:2725, com.oculus.shellenv, com.oculus.shellenv
11-02 20:33:44.680  1337  2915 I VrRuntimeService: RuntimeIPC: SendFocusChangeEventToAllClients: PostClientEvent SUCCESS: com.oculus.shellenv:com.oculus.shellenv:2110, com.oculus.shellenv, com.oculus.shellenv
11-02 20:33:44.680  1337  2915 I VrRuntimeService: RuntimeIPC: SendFocusChangeEventToAllClients: PostClientEvent SUCCESS: com.oculus.vrshell:com.oculus.vrshell:Overlay:2371, com.oculus.shellenv, com.oculus.shellenv
11-02 20:33:44.680  1337  2915 I ClientMgr: ClientMgr::EnableRendering 2110:com.oculus.shellenv : type 0 comp-id 1: enable
11-02 20:33:44.680  1337  2915 I CompositorVR: CheckDebuggerConnected: debugger 0
11-02 20:33:44.680  1337  2915 I VrRuntimeServer: SysProp debug mode is disabled on Server side
11-02 20:33:44.683  1337  2337 I ClientMgr: Non-overlay clients rendering status has changed: prev=18, curr=19, enabled=1
11-02 20:33:44.683  1337  2337 I ClientMgr: Primary Client is not valid.
11-02 20:33:44.683  1337  2337 I ClientMgr: Primary client determined to be the current enabled client 1059295691
11-02 20:33:44.683  1337  2337 I ClientMgr: ClientMgr::SetPrimaryCompositorClient: 2110:com.oculus.shellenv
11-02 20:33:44.683  1337  2337 W ClientMgr: ClientMgr::GetClientPermissionFlagsById: Client missing proper permissions: com.oculus.shellenv, 2
11-02 20:33:44.683  1337  2337 I CompositorClientMgr: Enable client 1
11-02 20:33:44.684  1337  2337 I VrRuntimeServer: EnableCompositorClient client(1): layer placement(0) flags(1) sm(0x791208f010)
11-02 20:33:44.684  1337  2337 I ClientMgr: SetPrimaryPackageName - packageName com.oculus.shellenv processName com.oculus.shellenv clientId 1059295691 clientPid 2110
11-02 20:33:44.684  1337  2337 I ServiceInputManager: ServiceInputManager::SetPrimaryPackageName 'com.oculus.shellenv' 'com.oculus.shellenv'  updated AnytimeUI processname 0
11-02 20:33:44.684  1337  2337 I VrRuntimeService: RuntimeIPC: SendPrimaryPackageChangeEvent: PostClientEvent SUCCESS: com.oculus.xrstreamingclient:com.oculus.xrstreamingclient:4075, com.oculus.shellenv, com.oculus.shellenv
11-02 20:33:44.684  1337  2337 I VrRuntimeService: RuntimeIPC: SendPrimaryPackageChangeEvent: PostClientEvent SUCCESS: com.oculus.mrservice:com.oculus.mrservice:1806, com.oculus.shellenv, com.oculus.shellenv
11-02 20:33:44.684  1337  2337 I VrRuntimeService: RuntimeIPC: SendPrimaryPackageChangeEvent: PostClientEvent SUCCESS: com.oculus.guardian:com.oculus.vrguardianservice:2967, com.oculus.shellenv, com.oculus.shellenv
11-02 20:33:44.684  1337  2337 I VrRuntimeService: RuntimeIPC: SendPrimaryPackageChangeEvent: PostClientEvent SUCCESS: com.oculus.vrshell:com.oculus.vrshell:2725, com.oculus.shellenv, com.oculus.shellenv
11-02 20:33:44.684  1337  2337 I VrRuntimeService: RuntimeIPC: SendPrimaryPackageChangeEvent: PostClientEvent SUCCESS: com.oculus.shellenv:com.oculus.shellenv:2110, com.oculus.shellenv, com.oculus.shellenv
11-02 20:33:44.684  1337  2337 I VrRuntimeService: RuntimeIPC: SendPrimaryPackageChangeEvent: PostClientEvent SUCCESS: com.oculus.vrshell:com.oculus.vrshell:Overlay:2371, com.oculus.shellenv, com.oculus.shellenv
11-02 20:33:44.684  1337  2337 D VrRuntimeService: sendPrimaryPackageChangeBroadcast
11-02 20:33:44.684  1337  2915 I UnifiedTelemetryWrapper: Started UT session render:com.oculus.shellenv
11-02 20:33:44.685  2725  2725 D [SEO] BaseOverlayService: screenStateReceiver Received broadcast: com.oculus.vrshell.intent.action.PRIMARY_PACKAGE_CHANGED
11-02 20:33:44.685  2371  2371 D [OAO] BaseOverlayService: screenStateReceiver Received broadcast: com.oculus.vrshell.intent.action.PRIMARY_PACKAGE_CHANGED
11-02 20:33:44.685  1337  2337 I AADT    : SetAADTLutDataX: 0
11-02 20:33:44.685  1337  2337 I AADT    : SetAADTLutDataY: 0
11-02 20:33:44.685  1337  2337 I ServiceInputManager: InhibitHandleHomeKey has changed on the service. New value: 1
11-02 20:33:44.685  1337  2337 I ServiceInputManager: DEADRECKONING deadReckoning mode on ClientMgr from server is 0
11-02 20:33:44.685  2371  2371 I [OAO] ShellOverlayServiceJNI: NativeSendOverlayCommand
11-02 20:33:44.685  2371  2371 I [OAO] ShellOverlayServiceJNI: NativeWake
11-02 20:33:44.685  2371  2371 I [OAO] ShellOverlayMain: WakeVrThread
11-02 20:33:44.685  2371  2371 I [OAO] ShellOverlayMain: WakeVrThread - notifying vr thread
11-02 20:33:44.685  2371  2837 I [OAO] ShellOverlayApp: VrThread woke up
11-02 20:33:44.685  2371  2837 I [OAO] ShellOverlayApp: 0xcd4e3c20 msg: overlayCommand:
11-02 20:33:44.685  2371  2837 I [OAO] ShellOverlayApp: command = primaryPackageChanged
11-02 20:33:44.685  2371  2837 I [OAO] ShellOverlayApp: Process_OverlayCommand command : primaryPackageChanged
11-02 20:33:44.685  2371  2837 I [OAO] ShellOverlayApp: UpdatePrimaryPackage forceSilentUpdate:0
11-02 20:33:44.685  2371  2837 I [OAO] ShellOverlayApp: UpdatePrimaryPackage Requested for PackageName:com.oculus.shellenv
11-02 20:33:44.685  2371  2837 I [OAO] ShellOverlayApp: UpdatePrimaryPackage - Previous package:[com.oculus.shellenv] immersive app changed:1
11-02 20:33:44.685  2371  2837 I [OAO] OverlayFlowController: OnPrimaryPackageChange primaryPackage:com.oculus.shellenv immersiveAppChanged:1 forceSilentUpdate:0
11-02 20:33:44.685  2371  2837 I [OAO] OverlayFlowController: Non system primary client change: ready to sleep
11-02 20:33:44.685  2371  2837 I [OAO] OverlayFlowController: Reset resetReason : ReturnToShellHome
11-02 20:33:44.685  2371  2837 I [OAO] OverlayDesktopFlow: OverlayDesktopFlow Reset
11-02 20:33:44.685  2371  2837 I [OAO] DesktopPanelControllerAnalytics: DesktopPanelControllerAnalytics flushing telemetry
11-02 20:33:44.685  2371  2837 I [OAO] DesktopPanelControllerAnalytics: DesktopPanelControllerAnalytics flushing telemetry
11-02 20:33:44.685  2371  2837 I [OAO] SystemAssistant: OnModeChanged from ImmersiveAppFocused to FullShell
11-02 20:33:44.685  2371  2837 I [OAO] SystemAssistant: Assistant panel is not active. Command [hide-attention-instant] could not be sent
11-02 20:33:44.685  2371  2837 I [OAO] PanelAppHost: PanelAppHost destructor, panel 1 (com.oculus.systemux/com.oculus.panelapp.anytimeui.AnytimeUIAndroidPanelService)
11-02 20:33:44.686  2371  2837 I [OAO] PanelAppHost: Panel app 1 (com.oculus.systemux/com.oculus.panelapp.anytimeui.AnytimeUIAndroidPanelService) changing state from foreground to shutdown
11-02 20:33:44.686  1337  2337 I PerformanceManager_V0: SetClockLevels: Force releasing clocks
11-02 20:33:44.686  1337  2337 I PerformanceManager_V0: SetClockLevels: Apply pending clock request change: 4,4 -> -1,-1
11-02 20:33:44.686  2110  2224 I ScreenCaptureHelper: Advertising com.oculus.shellenv as streamable
11-02 20:33:44.686  1337  2333 I Clocks  : ReleaseClocks - start
11-02 20:33:44.686  2110  2224 I VrApi   : OVR::Stats thread started
11-02 20:33:44.686  2110  2224 I XrRuntimeUtils: XrRuntimeUtils::BeginSession
11-02 20:33:44.686  2110  2224 I XrRuntimeSystem_Client: BeginSession
11-02 20:33:44.686  2110  2224 I OpenXR  : ------------ xrBeginSession [end] -----------
11-02 20:33:44.686  2110  2224 I Clay    : Setting CPU/GPU levels= 25/75
11-02 20:33:44.686  2371  2837 D [OAO] ShellApplication: Unbinding service for panel app id 1
11-02 20:33:44.687  1337  2333 I Clocks  : ReleaseClocks - end (0.9 ms)
11-02 20:33:44.688   840  1178 I [CT]    : VegaBAOptimize: resRemoved = 31, pntRemoved = 0
11-02 20:33:44.688  2967  3051 I GuardianSystem: runtimeServiceSDKClient_.ForceShowGuardianEvent
11-02 20:33:44.688  2967  3051 I GuardianSystem: ForceShowGuardian: false, 0.00
11-02 20:33:44.688  2967  3051 I GuardianSystem: runtimeServiceSDKClient_.PackageChangeEvent: package=[com.oculus.shellenv], process=[com.oculus.shellenv]
11-02 20:33:44.688  2967  3051 I GuardianSystem: SetCurrentProcessName: com.oculus.shellenv, previous ProcessName: com.epicgames.PrototypeV3
11-02 20:33:44.689  4075  4164 D xrstreaming: receive pong: org 2765900714099 recv 11139536102300 xmt 11139544231000 (received at 2765909779932), offset divergence -328241
11-02 20:33:44.689  4075  4164 D xrstreaming: new clock offset=8373634919634 (rtt: 937133, dispersion: 822822, jitter: 1054960)
11-02 20:33:44.690  1337  7437 I AADT    : SetAADTLutDataX. Thread. SizeX: 0
11-02 20:33:44.690  1337  7437 I AADT    : SetAADTLutDataY. Thread. SizeY: 0
11-02 20:33:44.691  2110  7638 D VrApi   : targetSDKVersion 29
11-02 20:33:44.693  3559  3559 D CppPanelService: onDestroy()
11-02 20:33:44.693   840  1171 W TrackingService: attachClient: found client in attached list
11-02 20:33:44.694  4075  4199 E OsSdk   : error getting shared memory region, memory type: HeadTracker, failed with Status(-1, EX_SECURITY): 'requested shared memory region when not registered/focused'
11-02 20:33:44.696  3559  3559 I PanelService: VR Shell socket closed(ECONNRESET); shutting down fd: 40
11-02 20:33:44.696  3559  3559 I PanelService: Quitting application via hardExit flag. Shutting down fd 40.
11-02 20:33:44.697  1337  2337 I Vsync   : Adjusting vsync display refresh rate 72.000000 -> 90.000000
11-02 20:33:44.699  2371  2837 I [OAO] SwapChainApiOpenXr: Destroying SwapChain:0xec124440
11-02 20:33:44.700  1337  2644 I VrRuntimeService: DestroySwapChain: swapchain=132
11-02 20:33:44.700  1337  2307 I SwapChain: DestroyAndroidSurfaceSwapChain: 0x78ad8db000: Destroying SurfaceTexture 0x2716 Surface 0x2726
11-02 20:33:44.700  2110  7640 I FenceChecker: FenceChecker::MainLoop - started
11-02 20:33:44.700  1337  2644 I VrRuntimeServer: DestroyTextureSwapChain: result destroyswapchain 1
11-02 20:33:44.700  2371  2837 I [OAO] SwapChainApiOpenXr: Destroying SwapChain:0xec1242f0
11-02 20:33:44.701  1337  2644 I VrRuntimeService: DestroySwapChain: swapchain=131
11-02 20:33:44.701  1337  2307 I SwapChain: DestroyAndroidSurfaceSwapChain: 0x78ad857000: Destroying SurfaceTexture 0x26d6 Surface 0x26e6
11-02 20:33:44.701  1337  2644 I VrRuntimeServer: DestroyTextureSwapChain: result destroyswapchain 1
11-02 20:33:44.703  2110  2224 I OpenXR  : PostSessionStateChange: XR_SESSION_STATE_READY -> XR_SESSION_STATE_SYNCHRONIZED
11-02 20:33:44.704  2110  2224 I Clay    : xrPollEvent: SESSION_STATE_CHANGED: SYNCHRONIZED
11-02 20:33:44.704  2110  2224 I OpenXR  : PostSessionStateChange: XR_SESSION_STATE_SYNCHRONIZED -> XR_SESSION_STATE_VISIBLE
11-02 20:33:44.704  1337  7437 I CompositorVR: SetSchedFifo( tid=2224, pol=3, pri=0 ) succeeded
11-02 20:33:44.704  1337  7437 I CompositorVR: SetSchedFifo( tid=7640, pol=3, pri=0 ) succeeded
11-02 20:33:44.707  2110  2224 I OpenXR  : PostSessionStateChange: XR_SESSION_STATE_VISIBLE -> XR_SESSION_STATE_FOCUSED
11-02 20:33:44.707  2371  2837 I [OAO] SwapChainApiOpenXr: Destroying SwapChain:0xec1247c0
11-02 20:33:44.710  2110  2224 I Clay    : xrPollEvent: SESSION_STATE_CHANGED: VISIBLE
11-02 20:33:44.710  2110  2224 I Clay    : xrPollEvent: SESSION_STATE_CHANGED: FOCUSED
11-02 20:33:44.710  1337  2644 I VrRuntimeService: DestroySwapChain: swapchain=133
11-02 20:33:44.710  2725  2725 D [SEO] ShellEnvOverlayService: Message Handler: onResume
11-02 20:33:44.710  1337  2644 I VrRuntimeServer: DestroyTextureSwapChain: result destroyswapchain 1
11-02 20:33:44.711  2725  3041 I [SEO] ShellApp: 0xcd14cc00 msg: resume
11-02 20:33:44.711  2725  3041 I [SEO] ShellApp: ---------- ShellApp::EnterVrMode() ----------
11-02 20:33:44.711  2725  3041 D [SEO] ShellApplication: setOverlayInputFocus: inputFocus=true shouldSupportIME=true
11-02 20:33:44.711  2725  3041 D [SEO] BaseOverlayService: setOverlayInputFocus : entrypoint - inputFocus=true shouldSupportIME=true
11-02 20:33:44.711  2725  2725 D [SEO] BaseOverlayService: attachServiceWindowView shouldSupportIME:true
11-02 20:33:44.711  2725  3041 I [SEO] ShellTransitionState: Logging ShellTransitionState to dumpsys: {"state":"Foregrounding","timeMillis":"2765931"}
11-02 20:33:44.711  2725  3041 I [SEO] VrPlatformOpenXr: Setting clock levels to cpu=2, gpu=4
11-02 20:33:44.711  2725  3041 I [SEO] VrPlatformOpenXr: Setting perf thread tids to main=3041, render=unset
11-02 20:33:44.711  2725  3041 I OpenXR  : ------------ xrBeginSession [start] -----------
11-02 20:33:44.711  2725  3041 I VrRuntimeClient: Tracing is disabled
11-02 20:33:44.711  2725  3041 I VrRuntimeClient: SysProp debug mode is disabled on Client side
11-02 20:33:44.714   846  1836 D VrApiService: refresh-rate changed to 90Hz
11-02 20:33:44.714  1337  2337 I PerformanceManager_V0: SetClockLevels: Apply pending clock request change: -1,-1 -> 2,3
11-02 20:33:44.715  1337  2333 I Clocks  : LockClocks( cpu=2, gpu=3 ) - start
11-02 20:33:44.715  1337  2333 I Clocks  : CPU levels [0, 4]
11-02 20:33:44.715  1337  2333 I Clocks  : GPU levels [0, 5]
11-02 20:33:44.715  1337  2333 I Clocks  : LockClocks( cpu=2, gpu=3 ) - end (0.7 ms)
11-02 20:33:44.717  2371  2837 I [OAO] SystemDialogController: Reset
11-02 20:33:44.717  2371  2837 I [OAO] DialogControllerManager: Reset resetReason:6
11-02 20:33:44.717  2371  2837 I [OAO] OverlayFlowController: Reset - Resetting lastNonSystemPackageName to empty
11-02 20:33:44.717  2371  2837 I [OAO] OverlayFlowController: OnPrimaryPackageChange Setting lastNonSystemPackageName = com.oculus.shellenv
11-02 20:33:44.717  2371  2837 I [OAO] OsDialogProvider: dialogHostClient disconnected
11-02 20:33:44.717  2371  2837 I RuntimeIPCClientMgr: RuntimeIPCClientMgr::DisconnectFromServer: 0, Client: com.oculus.vrshell:com.oculus.vrshell:Overlay:2371, Server: com.oculus.os.dialoghost:com.oculus.os.dialoghost (DialogHostService)
11-02 20:33:44.718  1783  1802 I RuntimeIPCServerMgr: HandleClientDisconnect: Client: com.oculus.vrshell:com.oculus.vrshell:Overlay:2371, Server: com.oculus.os.dialoghost:com.oculus.os.dialoghost (DialogHostService)
11-02 20:33:44.719  2371  2837 I RuntimeIPCClient: RuntimeIPCClient: Shutdown: Client: com.oculus.vrshell:com.oculus.vrshell:Overlay:2371, Server: com.oculus.os.dialoghost:com.oculus.os.dialoghost (DialogHostService)
11-02 20:33:44.720  2371  2837 I RuntimeIPCApi: ipc_Shutdown
11-02 20:33:44.720  2371  2837 I RuntimeIPCServiceClient: Shutdown: Refs still outstanding: 17, com.oculus.vrshell:Overlay
11-02 20:33:44.720   736   983 I SDM     : HWCDisplayBuiltIn::Validate: Validate +++ enable cac = 0
11-02 20:33:44.720  2371  2837 I [OAO] OverlaySystemUxOsDialogFlow: OverlaySystemUxOsDialogFlow UpdatePrimaryPackage isVrShellPackage:1 isSystemPackage:0
11-02 20:33:44.720  2371  2837 I [OAO] OverlayGuardianPtodFlow: OverlayGuardianPtodFlow UpdatePrimaryPackage lastNonSystemPackage:com.oculus.shellenv isVrShellPackage1
11-02 20:33:44.720  2371  2837 I [OAO] OverlayGuardianFlow: OverlayGuardianFlow UpdatePrimaryPackage lastNonSystemPackage:com.oculus.shellenv isVrShellPackage1
11-02 20:33:44.721  2371  2837 I [OAO] ShellOverlayApp: Start sleep timeout. Now:2765.941351, Timeout:2767.941351
11-02 20:33:44.723   840  1178 I [CT]    : VEGA_LOCALIZER: New descriptors added - Regular: 497, Immature: 0, Resampled by OrphanDescriptors: 0
11-02 20:33:44.725  2371  2371 D KeyboardInputMethodService: onFinishInput
11-02 20:33:44.726  2110  7638 I JniUtils: ovr_GetCurrentPackageSignature 
11-02 20:33:44.727  1037  1699 E WindowManager: App trying to use insecure INPUT_FEATURE_NO_INPUT_CHANNEL flag. Ignoring
11-02 20:33:44.727  2110  7638 I Metrics : device name = Oculus Quest 2
11-02 20:33:44.730  1337  1337 I ClientMgr: FocusedWindowChanged: found matching overlay client: 1113472117
11-02 20:33:44.730  1337  1337 I ClientMgr: FocusedClient changed.
11-02 20:33:44.730  1337  1337 I ClientMgr: ClientMgr::SetFocusedClient: 2725:com.oculus.vrshell type 1
11-02 20:33:44.730  1337  1337 I ClientMgr: SetFocusedPackageName - packageName com.oculus.vrshell processName com.oculus.vrshell clientId 1113472117 clientPid 2725
11-02 20:33:44.730  1337  1337 I VrRuntimeService: RuntimeIPC: SendFocusChangeEventToAllClients: PostClientEvent SUCCESS: com.oculus.xrstreamingclient:com.oculus.xrstreamingclient:4075, com.oculus.vrshell, com.oculus.vrshell
11-02 20:33:44.730  1337  1337 I VrRuntimeService: RuntimeIPC: SendFocusChangeEventToAllClients: PostClientEvent SUCCESS: com.oculus.mrservice:com.oculus.mrservice:1806, com.oculus.vrshell, com.oculus.vrshell
11-02 20:33:44.730  1337  1337 I VrRuntimeService: RuntimeIPC: SendFocusChangeEventToAllClients: PostClientEvent SUCCESS: com.oculus.guardian:com.oculus.vrguardianservice:2967, com.oculus.vrshell, com.oculus.vrshell
11-02 20:33:44.730  1337  1337 I VrRuntimeService: RuntimeIPC: SendFocusChangeEventToAllClients: PostClientEvent SUCCESS: com.oculus.vrshell:com.oculus.vrshell:2725, com.oculus.vrshell, com.oculus.vrshell
11-02 20:33:44.730  1337  1337 I VrRuntimeService: RuntimeIPC: SendFocusChangeEventToAllClients: PostClientEvent SUCCESS: com.oculus.shellenv:com.oculus.shellenv:2110, com.oculus.vrshell, com.oculus.vrshell
11-02 20:33:44.730  1337  1337 I VrRuntimeService: RuntimeIPC: SendFocusChangeEventToAllClients: PostClientEvent SUCCESS: com.oculus.vrshell:com.oculus.vrshell:Overlay:2371, com.oculus.vrshell, com.oculus.vrshell
11-02 20:33:44.734  2725  3041 D VrApi   : targetSDKVersion 29
11-02 20:33:44.735   840  1703 W TrackingService: attachClient: found client in attached list
11-02 20:33:44.736  2110  2224 I VrRuntimeClient: Client has lost focus.
11-02 20:33:44.736  2725  3041 I VrRuntimeClient: DEVICE MODEL NUMBER = Quest 2
11-02 20:33:44.736  4075  4199 E OsSdk   : error getting shared memory region, memory type: HeadTracker, failed with Status(-1, EX_SECURITY): 'requested shared memory region when not registered/focused'
11-02 20:33:44.736  2725  3041 I VrRuntimeClient: DEVICE BUILD NAME = user-47421700667400000
11-02 20:33:44.736  2725  3041 I VrRuntimeClient: DEVICE BUILD TYPE = user
11-02 20:33:44.736  2725  3041 I VrRuntimeClient: DEVICE OS VERSION = 10
11-02 20:33:44.736  2725  3041 I VrRuntimeClient: API LOADER VERSION = 1.0.22
11-02 20:33:44.736  2725  3041 I VrRuntimeClient: RUNTIME API VERSION = 1.0.24
11-02 20:33:44.736  2725  3041 I VrRuntimeClient: RUNTIME VERSION = 46.0.0.226.0 Sep  6 2022 02:18:30 RELEASE
11-02 20:33:44.736  2725  3041 I VrRuntimeClient: APP NAME = Oculus App Runtime
11-02 20:33:44.736  2725  3041 I VrRuntimeClient: APP VERSION = 46.0.0.226.0 versionCode 406523266 internalVersionName 46.0.0.226.0.5b7f9b66a2a2 2022_10_06_18_22
11-02 20:33:44.736  2725  3041 I VrRuntimeClient: APP VR TYPE = vr_only
11-02 20:33:44.736  2725  3041 I VrRuntimeClient: APP MODE TYPE = VR
11-02 20:33:44.736  2725  3041 I VrRuntimeClient: APP PACKAGE NAME = com.oculus.vrshell
11-02 20:33:44.736  2725  3041 I VrRuntimeClient: APP ACTIVITY CLASS = com.oculus.vrshell.ShellApplication
11-02 20:33:44.736  2725  3041 I Sensor  : OSSDKTRACKING Initializing head tracking
11-02 20:33:44.736   840  1171 W TrackingService: attachClient: found client in attached list
11-02 20:33:44.736  2725  3041 I Sensor  : OSSDKTRACKING Head tracker != nullpointer 0xcd2bec88, 1
11-02 20:33:44.736  2725  3041 I Sensor  : OSSDKTRACKING Initializing controller tracking
11-02 20:33:44.736  2725  3041 I Sensor  : OSSDKTRACKING Controller tracker != nullpointer 0xcd648680, 1
11-02 20:33:44.736  2725  3041 D BatteryReceiver: Registering battery receiver
11-02 20:33:44.736  2110  2224 I OpenXR  : PostSessionStateChange: XR_SESSION_STATE_FOCUSED -> XR_SESSION_STATE_VISIBLE
11-02 20:33:44.737  2110  2224 I Clay    : xrPollEvent: SESSION_STATE_CHANGED: VISIBLE
11-02 20:33:44.737  2725  2725 D [SEO] BaseOverlayService: setOverlayInputFocus : completed - inputFocus=true shouldSupportIME=true actionTaken:true
11-02 20:33:44.738  4075  4199 E OsSdk   : error getting shared memory region, memory type: AnchorTracker, failed with Status(-1, EX_SECURITY): 'requested shared memory region when not registered/focused'
11-02 20:33:44.739  1337  2337 I VrRuntimeServer: DisableCompositorClient: 0
11-02 20:33:44.739  1337  2337 I CompositorClientMgr: Disable client 0
11-02 20:33:44.739  1337  2337 I CompositorClientMgr: DisableClient: frame flush required: 1
11-02 20:33:44.739  2725  3041 D HeadsetReceiver: getCurrentHeadsetState: false
11-02 20:33:44.739  2725  3041 I DeviceStatus: nativeHeadsetEvent(0)
11-02 20:33:44.740  2725  3041 I VrRuntimeClient: SetCompositorClientFeatureFlag ClientFeatureFlag 0 
11-02 20:33:44.740  2725  3041 I LogTimer: CPUTIME: VrRuntimeClient_BeginSession took 28.7577 ms
11-02 20:33:44.740  2725  3041 I ClientInputInterface: DEADRECKONING SetControllerTrackingExtendedDeadreckoning 0
11-02 20:33:44.740  2725  3041 I ClientInputSettings: HANDTRACKING package name is com.oculus.vrshell
11-02 20:33:44.742  1337  7437 I CompositorProgs: loaded binary layerProgram 0:0x100000048002:0x0 in 1.1 ms
11-02 20:33:44.744  2725  3041 I ClientInputSettings: HANDTRACKING: Manifest Permission request for com.oculus.vrshell
11-02 20:33:44.744  2967  3051 I GuardianSystem: runtimeServiceSDKClient_.ForceShowGuardianEvent
11-02 20:33:44.744  2967  3051 I GuardianSystem: ForceShowGuardian: false, 0.00
11-02 20:33:44.745  2725  3041 I ClientInputSettings: HANDTRACKING:  'com.oculus.vrshell' Is hands or controller.
11-02 20:33:44.745  2725  3041 I ClientInputSettings: HANDTRACKING: feature flag set to 2
