10-14 18:12:55.454  2033  2111 I ClientInputSettings: HANDTRACKING: Manifest Permission request for com.oculus.shellenv
10-14 18:12:55.455  2033  2111 I ClientInputSettings: HANDTRACKING:  'com.oculus.shellenv' Is hands or controller.
10-14 18:12:55.455  2033  2111 I ClientInputSettings: HANDTRACKING: feature flag set to 2
10-14 18:12:55.455  2033  2111 I ClientInputInterface: HANDTRACKING sethandmanifest 2
10-14 18:12:55.455  2033  2111 I InputHooks_Internal: Enabling Native Input Hooks
10-14 18:12:55.455  2113  2507 I VRLifecycleSessionManager: Stored session info.
10-14 18:12:55.455  2033  2111 I InputDeviceManager: ovrInputDeviceManager::Initialize
10-14 18:12:55.455  2033  2111 I Distortion: Initializing Mesh Decenter Correction
10-14 18:12:55.455  2033 15519 I InputDevice_TrackedRemote: REMOTE: Hand=2 IndexAnalog=0.00 GripAnalog=0.00 Buttons=0x00000000
10-14 18:12:55.455  2033 15519 I InputDevice_TrackedRemote: REMOTE: Hand=1 IndexAnalog=0.00 GripAnalog=0.00 Buttons=0x00000000
10-14 18:12:55.455  2033 15519 I InputDeviceManager: HANDTRACKING Pointer filter profile changed to: 0
10-14 18:12:55.455  2033 15519 I InputDeviceManager: HANDTRACKING Pointer filter profile changed to: 0
10-14 18:12:55.456  2033 15519 I InputDeviceManager: HANDTRACKING Root pose filter profile changed for (version, freq) to (2, 1) from (1,2)
10-14 18:12:55.456   730  5065 D msm8974_platform: platform_split_snd_device: snd_device(2) num devices(1) new_snd_devices(0)
10-14 18:12:55.456   730  5065 D ACDB-LOADER: ACDB -> send_audvoltable
10-14 18:12:55.456   730  5065 D ACDB-LOADER: ACDB -> ACDB_CMD_GET_AUDPROC_INSTANCE_GAIN_DEP_STEP_TABLE_SIZE
10-14 18:12:55.456   730  5065 D         : Failed to fetch the lookup information of the device 0000000F 
10-14 18:12:55.456   730  5065 D ACDB-LOADER: Error: ACDB_CMD_GET_AUDPROC_INSTANCE_GAIN_DEP_STEP_TABLE_SIZE Returned = -19
10-14 18:12:55.456   730  5065 D ACDB-LOADER: ACDB -> ACDB_CMD_GET_AUDPROC_INSTANCE_GAIN_DEP_STEP_TABLE, vol index 1
10-14 18:12:55.456   860  6390 E CalibrationProvider: loadCalibration(LDISP_SN) failed: Calibration store didn't load any info
10-14 18:12:55.456   730  5065 D         : Failed to fetch the lookup information of the device 0000000F 
10-14 18:12:55.456   730  5065 D ACDB-LOADER: Error: ACDB AudProc vol returned = -19
10-14 18:12:55.456   730  5065 D ACDB-LOADER: ACDB -> AUDIO_SET_VOL_CAL cal type = 40
10-14 18:12:55.456   730   730 D msm8974_platform: platform_split_snd_device: snd_device(2) num devices(1) new_snd_devices(0)
10-14 18:12:55.456   730   730 D ACDB-LOADER: ACDB -> send_audvoltable
10-14 18:12:55.456   730   730 D ACDB-LOADER: ACDB -> ACDB_CMD_GET_AUDPROC_INSTANCE_GAIN_DEP_STEP_TABLE_SIZE
10-14 18:12:55.456   730   730 D         : Failed to fetch the lookup information of the device 0000000F 
10-14 18:12:55.456   730   730 D ACDB-LOADER: Error: ACDB_CMD_GET_AUDPROC_INSTANCE_GAIN_DEP_STEP_TABLE_SIZE Returned = -19
10-14 18:12:55.456   730   730 D ACDB-LOADER: ACDB -> ACDB_CMD_GET_AUDPROC_INSTANCE_GAIN_DEP_STEP_TABLE, vol index 8
10-14 18:12:55.456   730   730 D         : Failed to fetch the lookup information of the device 0000000F 
10-14 18:12:55.456   730   730 D ACDB-LOADER: Error: ACDB AudProc vol returned = -19
10-14 18:12:55.456   860  6390 E CalibrationProvider: loadCalibration(RDISP_SN) failed: Calibration store didn't load any info
10-14 18:12:55.456   730   730 D ACDB-LOADER: ACDB -> AUDIO_SET_VOL_CAL cal type = 40
10-14 18:12:55.457  2033  2111 I Distortion: SetLensPositions - iad=0.0630402, left offset=-0.000240728,-0.00102733, right offset=0.000119895,-0.00104481
10-14 18:12:55.457  2033  2111 I Distortion: Initializing Mesh Decenter Correction
10-14 18:12:55.457   860  6390 E CalibrationProvider: loadCalibration(LDISP_SN) failed: Calibration store didn't load any info
10-14 18:12:55.457   860  6390 E CalibrationProvider: loadCalibration(RDISP_SN) failed: Calibration store didn't load any info
10-14 18:12:55.458  2033  2111 I Distortion: SetLensPositions - iad=0.0630402, left offset=-0.000240728,-0.00102733, right offset=0.000119895,-0.00104481
10-14 18:12:55.458  2033  2111 I Distortion: Created custom distortion mesh.
10-14 18:12:55.458  2033  2111 I PhaseSync: PhaseSync::PhaseSync PaddingLowerLimit 0.350000 StandardDeviations 2.000000 PaddingUpperLimit 0.750000 on instance 5
10-14 18:12:55.458  2033  2111 I VrRuntimeClient: PhaseSync Instance created
10-14 18:12:55.458  2033  2111 D VrRuntimeClient: pokeGuardianUserServiceForThisClient: com.oculus.shellenv:10014
10-14 18:12:55.459  2113  2113 W OVRLibrary: null cursor received for query content://com.oculus.ocms.library/apps/com.epicgames.PrototypeV3
10-14 18:12:55.459  2033  2111 D VrRuntimeClient: VrRuntimeClient: getClientWindow: activity client
10-14 18:12:55.459  2113  2113 I OVRMediaServiceManager: Sending onAppStart (com.epicgames.PrototypeV3) to SocialPlatform (com.oculus.socialplatform.infra)
10-14 18:12:55.459  2890  2890 D VrGuardianUserService: onStartCommandIntent { act=FOREGROUND_CLIENT cmp=com.oculus.guardian/com.oculus.vrguardianservice.VrGuardianUserService (has extras) }
10-14 18:12:55.459  2890  2890 D VrGuardianUserService: maybeSubscribeDeviceConfig
10-14 18:12:55.459  2890  2890 D VrGuardianUserService: onStartCommand FOREGROUND_CLIENT user = 0
10-14 18:12:55.460  1372  2658 I VrRuntimeService: RuntimeServiceSDKServer::EnableRendering: 0x72d2934080, 2, com.oculus.shellenv
10-14 18:12:55.460  1372  2658 I ClientMgr: EnableRendering2: Calling SetFocusedClient: 2872074703
10-14 18:12:55.460  1372  2658 I ClientMgr: FocusedClient changed.
10-14 18:12:55.460  1372  2658 I ClientMgr: ClientMgr::SetFocusedClient: 2033:com.oculus.shellenv type 0
10-14 18:12:55.460  1372  2658 I ClientMgr: SetFocusedPackageName - packageName com.oculus.shellenv processName com.oculus.shellenv clientId 2872074703 clientPid 2033
10-14 18:12:55.460  1372  2658 I VrRuntimeService: RuntimeIPC: SendFocusChangeEventToAllClients: PostClientEvent SUCCESS: com.oculus.vrshell:com.oculus.vrshell:2702, com.oculus.shellenv, com.oculus.shellenv
10-14 18:12:55.460  2890  2890 D VrGuardianService: setCurrentUser() called with: userId = [0]
10-14 18:12:55.460  1372  2658 I VrRuntimeService: RuntimeIPC: SendFocusChangeEventToAllClients: PostClientEvent SUCCESS: com.oculus.mrservice:com.oculus.mrservice:1770, com.oculus.shellenv, com.oculus.shellenv
10-14 18:12:55.460  1372  2658 I VrRuntimeService: RuntimeIPC: SendFocusChangeEventToAllClients: PostClientEvent SUCCESS: com.oculus.guardian:com.oculus.vrguardianservice:2890, com.oculus.shellenv, com.oculus.shellenv
10-14 18:12:55.460  2890  2890 I VrGuardianService: nativeSetCurrentUser userid = 0
10-14 18:12:55.460  1372  2658 I VrRuntimeService: RuntimeIPC: SendFocusChangeEventToAllClients: PostClientEvent SUCCESS: com.oculus.shellenv:com.oculus.shellenv:2033, com.oculus.shellenv, com.oculus.shellenv
10-14 18:12:55.460  2890  2890 I GuardianSystem: GuardianSystem::SetCurrentUser: 0 
10-14 18:12:55.460  1372  2658 I VrRuntimeService: RuntimeIPC: SendFocusChangeEventToAllClients: PostClientEvent SUCCESS: com.oculus.vrshell:com.oculus.vrshell:Overlay:2292, com.oculus.shellenv, com.oculus.shellenv
10-14 18:12:55.460  1372  2658 I ClientMgr: ClientMgr::EnableRendering 2033:com.oculus.shellenv : type 0 comp-id 1: enable
10-14 18:12:55.460  1372  2658 I CompositorVR: CheckDebuggerConnected: debugger 0
10-14 18:12:55.460  1372  2658 I VrRuntimeServer: SysProp debug mode is disabled on Server side
10-14 18:12:55.461  1372  2252 I ClientMgr: Non-overlay clients rendering status has changed: prev=52, curr=53, enabled=1
10-14 18:12:55.461  1372  2252 I ClientMgr: Primary Client is not valid.
10-14 18:12:55.461  1372  2252 I ClientMgr: Primary client determined to be the current enabled client -1422892593
10-14 18:12:55.461  1372  2252 I ClientMgr: ClientMgr::SetPrimaryCompositorClient: 2033:com.oculus.shellenv
10-14 18:12:55.462  1372  2252 W ClientMgr: ClientMgr::GetClientPermissionFlagsById: Client missing proper permissions: com.oculus.shellenv, 2
10-14 18:12:55.462  1372  2252 I TimeWarpClientMgr: Enable client 1
10-14 18:12:55.462  1372  2252 I VrRuntimeServer: EnableCompositorClient client(1): layer placement(0) flags(1) sm(0x7331d49010)
10-14 18:12:55.462  1372  2252 I ClientMgr: SetPrimaryPackageName - packageName com.oculus.shellenv processName com.oculus.shellenv clientId 2872074703 clientPid 2033
10-14 18:12:55.462  1372  2252 I ServiceInputManager: ServiceInputManager::SetPrimaryPackageName 'com.oculus.shellenv' 'com.oculus.shellenv'  updated AnytimeUI processname 0
10-14 18:12:55.462  1372  2252 I VrRuntimeService: RuntimeIPC: SendPrimaryPackageChangeEvent: PostClientEvent SUCCESS: com.oculus.vrshell:com.oculus.vrshell:2702, com.oculus.shellenv, com.oculus.shellenv
10-14 18:12:55.462  1372  2252 I VrRuntimeService: RuntimeIPC: SendPrimaryPackageChangeEvent: PostClientEvent SUCCESS: com.oculus.mrservice:com.oculus.mrservice:1770, com.oculus.shellenv, com.oculus.shellenv
10-14 18:12:55.462  1372  2252 I VrRuntimeService: RuntimeIPC: SendPrimaryPackageChangeEvent: PostClientEvent SUCCESS: com.oculus.guardian:com.oculus.vrguardianservice:2890, com.oculus.shellenv, com.oculus.shellenv
10-14 18:12:55.462  1372  2252 I VrRuntimeService: RuntimeIPC: SendPrimaryPackageChangeEvent: PostClientEvent SUCCESS: com.oculus.shellenv:com.oculus.shellenv:2033, com.oculus.shellenv, com.oculus.shellenv
10-14 18:12:55.462  1372  2252 I VrRuntimeService: RuntimeIPC: SendPrimaryPackageChangeEvent: PostClientEvent SUCCESS: com.oculus.vrshell:com.oculus.vrshell:Overlay:2292, com.oculus.shellenv, com.oculus.shellenv
10-14 18:12:55.462  1372  2252 D VrRuntimeService: sendPrimaryPackageChangeBroadcast
10-14 18:12:55.463  1372  2658 I UnifiedTelemetryWrapper: Started UT session render:com.oculus.shellenv
10-14 18:12:55.464  2033  2111 I ScreenCaptureHelper: Advertising com.oculus.shellenv as streamable
10-14 18:12:55.464  1372  2252 I AADT    : SetAADTLutDataX: 0
10-14 18:12:55.464  1372  2252 I AADT    : SetAADTLutDataY: 0
10-14 18:12:55.464  1372  2252 I ServiceInputManager: InhibitHandleHomeKey has changed on the service. New value: 1
10-14 18:12:55.464  1372  2252 I ServiceInputManager: DEADRECKONING deadReckoning mode on ClientMgr from server is 0
10-14 18:12:55.465  1372  2252 I PerformanceManager_V0: SetClockLevels: Force releasing clocks
10-14 18:12:55.465  1372  2252 I PerformanceManager_V0: SetClockLevels: Apply pending clock request change: 2,3 -> -1,-1
10-14 18:12:55.465  1372  2248 I Clocks  : ReleaseClocks - start
10-14 18:12:55.465  2702  2702 D [SEO] BaseOverlayService: screenStateReceiver Received broadcast: com.oculus.vrshell.intent.action.PRIMARY_PACKAGE_CHANGED
10-14 18:12:55.465  2292  2292 D [OAO] BaseOverlayService: screenStateReceiver Received broadcast: com.oculus.vrshell.intent.action.PRIMARY_PACKAGE_CHANGED
10-14 18:12:55.465  2292  2292 I [OAO] ShellOverlayServiceJNI: NativeSendOverlayCommand
10-14 18:12:55.465  2033  2111 I VrApi   : OVR::Stats thread started
10-14 18:12:55.465  2292  2292 I [OAO] ShellOverlayServiceJNI: NativeWake
10-14 18:12:55.465  2033  2111 I XrRuntimeUtils: XrRuntimeUtils::BeginSession
10-14 18:12:55.465  2292  2292 I [OAO] ShellOverlayMain: WakeVrThread
10-14 18:12:55.465  2033  2111 I XrRuntimeSystem_Client: BeginSession
10-14 18:12:55.465  2292  2292 I [OAO] ShellOverlayMain: WakeVrThread - notifying vr thread
10-14 18:12:55.465  2292  2600 I [OAO] ShellOverlayApp: VrThread woke up
10-14 18:12:55.465  2292  2600 I [OAO] ShellOverlayApp: 0xc565fc20 msg: overlayCommand:
10-14 18:12:55.465  2292  2600 I [OAO] ShellOverlayApp: command = primaryPackageChanged
10-14 18:12:55.465  2033  2111 I OpenXR  : ------------ xrBeginSession [end] -----------
10-14 18:12:55.465  2292  2600 I [OAO] ShellOverlayApp: Process_OverlayCommand command : primaryPackageChanged
10-14 18:12:55.465  2292  2600 I [OAO] ShellOverlayApp: UpdatePrimaryPackage forceSilentUpdate:0
10-14 18:12:55.465  2292  2600 I [OAO] ShellOverlayApp: UpdatePrimaryPackage Requested for PackageName:com.oculus.shellenv
10-14 18:12:55.465  2292  2600 I [OAO] ShellOverlayApp: UpdatePrimaryPackage - Previous package:[com.oculus.shellenv] immersive app changed:1
10-14 18:12:55.465  2292  2600 I [OAO] OverlayFlowController: OnPrimaryPackageChange primaryPackage:com.oculus.shellenv immersiveAppChanged:1 forceSilentUpdate:0
10-14 18:12:55.465  2033  2111 I Clay    : Setting CPU/GPU levels= 25/75
10-14 18:12:55.465  2292  2600 I [OAO] OverlayFlowController: Non system primary client change: ready to sleep
10-14 18:12:55.465  2292  2600 I [OAO] OverlayFlowController: Reset resetReason : ReturnToShellHome
10-14 18:12:55.465  2292  2600 I [OAO] OverlayDesktopFlow: OverlayDesktopFlow Reset
10-14 18:12:55.465  2292  2600 I [OAO] DesktopPanelControllerAnalytics: DesktopPanelControllerAnalytics flushing telemetry
10-14 18:12:55.465  2033  2111 I VrRuntimeClient: UpdateEvents: HMT was mounted
10-14 18:12:55.465  2292  2600 I [OAO] DesktopPanelControllerAnalytics: DesktopPanelControllerAnalytics flushing telemetry
10-14 18:12:55.466  2292  2600 I [OAO] SystemAssistant: OnModeChanged requested with no change FullShell
10-14 18:12:55.466  2292  2600 I [OAO] SystemAssistant: Assistant panel is not active. Command [hide-attention-instant] could not be sent
10-14 18:12:55.466  2292  2600 I [OAO] PanelAppHost: PanelAppHost destructor, panel 5 (com.oculus.systemux/com.oculus.panelapp.anytimeui.AnytimeUIAndroidPanelService)
10-14 18:12:55.466  2033  2111 I Clay    : xrPollEvent: MOUNT_STATE_CHANGED_FB: isMounted 1
10-14 18:12:55.466  2292  2600 I [OAO] PanelAppHost: Panel app 5 (com.oculus.systemux/com.oculus.panelapp.anytimeui.AnytimeUIAndroidPanelService) changing state from foreground to shutdown
10-14 18:12:55.466  1372  2248 I Clocks  : ReleaseClocks - end (1.3 ms)
10-14 18:12:55.466  2292  2600 D [OAO] ShellApplication: Unbinding service for panel app id 5
10-14 18:12:55.467  3232  3232 W OVRLibrary: null cursor received for query content://com.oculus.ocms.library/apps/com.oculus.shellenv
10-14 18:12:55.467  2033 15522 D VrApi   : targetSDKVersion 29
10-14 18:12:55.468   889  8250 E VrApiService: Error set scheduler for process 1372 thread 15343 to 2 : No such process (3)
10-14 18:12:55.468  1372 14408 I CompositorVR: SetSchedFifo( tid=15343, pol=2, pri=0 ) succeeded
10-14 18:12:55.468  1372 14408 I AADT    : SetAADTLutDataX. Thread. SizeX: 0
10-14 18:12:55.468  1372 14408 I AADT    : SetAADTLutDataY. Thread. SizeY: 0
10-14 18:12:55.471  3232  3232 D CppPanelService: onDestroy()
10-14 18:12:55.475  1372  2252 I Vsync   : Adjusting vsync display refresh rate 72.000000 -> 90.000000
10-14 18:12:55.476  2033 15522 I JniUtils: ovr_GetCurrentPackageSignature 
10-14 18:12:55.478  2033 15524 I FenceChecker: FenceChecker::MainLoop - started
10-14 18:12:55.478  3232  3232 I PanelService: VR Shell socket closed(ECONNRESET); shutting down fd: 35
10-14 18:12:55.478  3232  3232 I PanelService: Quitting application via hardExit flag. Shutting down fd 35.
10-14 18:12:55.478  2033 15522 I Metrics : device name = Oculus Quest 2
10-14 18:12:55.481  2033  2111 I Clay    : copresence: microphone state transition, unpaused
10-14 18:12:55.481  2890  3062 I GuardianSystem: runtimeServiceSDKClient_.ForceShowGuardianEvent
10-14 18:12:55.481  2890  3062 I GuardianSystem: ForceShowGuardian: false, 0.00
10-14 18:12:55.481  2890  3062 I GuardianSystem: runtimeServiceSDKClient_.PackageChangeEvent: package=[com.oculus.shellenv], process=[com.oculus.shellenv]
10-14 18:12:55.481  2890  3062 I GuardianSystem: SetCurrentProcessName: com.oculus.shellenv, previous ProcessName: com.epicgames.PrototypeV3
10-14 18:12:55.481  2292  2600 I [OAO] SwapChainApiOpenXr: Destroying SwapChain:0xe43aed80
10-14 18:12:55.481  2033  2111 I OpenXR  : PostSessionStateChange: XR_SESSION_STATE_READY -> XR_SESSION_STATE_SYNCHRONIZED
10-14 18:12:55.482  1372  2522 I VrRuntimeService: DestroySwapChain: swapchain=269
10-14 18:12:55.482  1372 14408 I CompositorVR: SetSchedFifo( tid=2111, pol=3, pri=0 ) succeeded
10-14 18:12:55.482  2292  2600 I [OAO] SwapChainApiOpenXr: Destroying SwapChain:0xe43aebc0
10-14 18:12:55.482  1372 14408 I CompositorVR: SetSchedFifo( tid=15524, pol=3, pri=0 ) succeeded
10-14 18:12:55.483  1372  2522 I VrRuntimeService: DestroySwapChain: swapchain=268
10-14 18:12:55.483  2702  2702 D [SEO] ShellEnvOverlayService: Message Handler: onResume
10-14 18:12:55.483  2702  2981 I [SEO] ShellApp: 0xc5951c00 msg: resume
10-14 18:12:55.483  2702  2981 I [SEO] ShellApp: ---------- ShellApp::EnterVrMode() ----------
10-14 18:12:55.483  2702  2981 D [SEO] ShellApplication: setOverlayInputFocus: inputFocus=true shouldSupportIME=true
10-14 18:12:55.483  2702  2981 D [SEO] BaseOverlayService: setOverlayInputFocus : entrypoint - inputFocus=true shouldSupportIME=true
10-14 18:12:55.483  2702  2981 I [SEO] ShellTransitionState: Logging ShellTransitionState to dumpsys: {"state":"Foregrounding","timeMillis":"8842026"}
10-14 18:12:55.483  2702  2981 I [SEO] VrPlatformOpenXr: Setting clock levels to cpu=2, gpu=4
10-14 18:12:55.483  2702  2981 I [SEO] VrPlatformOpenXr: Setting perf thread tids to main=2981, render=unset
10-14 18:12:55.483  2702  2981 I OpenXR  : ------------ xrBeginSession [start] -----------
10-14 18:12:55.483  2702  2981 I VrRuntimeClient: Tracing is disabled
10-14 18:12:55.483  2702  2981 I VrRuntimeClient: SysProp debug mode is disabled on Client side
10-14 18:12:55.483  2702  2702 D [SEO] BaseOverlayService: attachServiceWindowView shouldSupportIME:true
10-14 18:12:55.485  2702  2981 D VrApi   : targetSDKVersion 29
10-14 18:12:55.487  2702  2981 I VrRuntimeClient: DEVICE MODEL NUMBER = Quest 2
10-14 18:12:55.487  2702  2981 I VrRuntimeClient: DEVICE BUILD NAME = user-44041400838600000
10-14 18:12:55.487  2702  2981 I VrRuntimeClient: DEVICE BUILD TYPE = user
10-14 18:12:55.487  2702  2981 I VrRuntimeClient: DEVICE OS VERSION = 10
10-14 18:12:55.487  2702  2981 I VrRuntimeClient: API LOADER VERSION = 1.0.22
10-14 18:12:55.487  2702  2981 I VrRuntimeClient: RUNTIME API VERSION = 1.0.24
10-14 18:12:55.487  2702  2981 I VrRuntimeClient: RUNTIME VERSION = 44.0.0.179.377 Sep 21 2022 20:21:39 RELEASE
10-14 18:12:55.487  2702  2981 I VrRuntimeClient: APP NAME = Oculus App Runtime
10-14 18:12:55.487  2702  2981 I VrRuntimeClient: APP VERSION = 44.0.0.179.379 versionCode 401350480 internalVersionName 44.0.0.179.379.023bee8327ef 2022_09_22_16_23
10-14 18:12:55.487  2702  2981 I VrRuntimeClient: APP VR TYPE = vr_only
10-14 18:12:55.487  2702  2981 I VrRuntimeClient: APP MODE TYPE = VR
10-14 18:12:55.487  2702  2981 I VrRuntimeClient: APP PACKAGE NAME = com.oculus.vrshell
10-14 18:12:55.487  2702  2981 I VrRuntimeClient: APP ACTIVITY CLASS = com.oculus.vrshell.ShellApplication
10-14 18:12:55.487  2702  2981 I Sensor  : OSSDKTRACKING Initializing head tracking
10-14 18:12:55.487  2702  2981 I Sensor  : OSSDKTRACKING Head tracker != nullpointer 0xc44443e8, 1
10-14 18:12:55.487  2702  2981 I Sensor  : OSSDKTRACKING Initializing controller tracking
10-14 18:12:55.487  2702  2981 I Sensor  : OSSDKTRACKING Controller tracker != nullpointer 0xc3412090, 1
10-14 18:12:55.487  2702  2981 D BatteryReceiver: Registering battery receiver
10-14 18:12:55.490  2702  2981 D HeadsetReceiver: getCurrentHeadsetState: false
10-14 18:12:55.490  2702  2981 I DeviceStatus: nativeHeadsetEvent(0)
10-14 18:12:55.491  3232 15346 W OVRLibrary: null cursor received for query content://com.oculus.ocms.library/apps/com.oculus.shellenv
10-14 18:12:55.491  2702  2981 I VrRuntimeClient: SetCompositorClientFeatureFlag ClientFeatureFlag 0 
10-14 18:12:55.491  2702  2981 I LogTimer: CPUTIME: VrRuntimeClient_BeginSession took 8.2907 ms
10-14 18:12:55.492  3232  3232 V LifecycleAwareViewModelStore: LifecycleAwareViewModelStore destroyed
10-14 18:12:55.492  2702  2981 I ClientInputInterface: DEADRECKONING SetControllerTrackingExtendedDeadreckoning 0
10-14 18:12:55.492  2702  2981 I ClientInputSettings: HANDTRACKING package name is com.oculus.vrshell
10-14 18:12:55.493  3232  3232 V LifecycleAwarePanelApp: PanelApp lifecycle moved to final state: DESTROYED
10-14 18:12:55.493  3232  3232 I AndroidPanelApp: Destroyed
10-14 18:12:55.493   889   889 D VrApiService: refresh-rate changed to 90Hz
10-14 18:12:55.494  1372  2252 I PerformanceManager_V0: SetClockLevels: Apply pending clock request change: -1,-1 -> 2,3
10-14 18:12:55.494  1372  2248 I Clocks  : LockClocks( cpu=2, gpu=3 ) - start
10-14 18:12:55.494  2702  2981 I ClientInputSettings: HANDTRACKING: Manifest Permission request for com.oculus.vrshell
10-14 18:12:55.494  1372  2248 I Clocks  : CPU levels [0, 4]
10-14 18:12:55.494  1372  2248 I Clocks  : GPU levels [0, 5]
10-14 18:12:55.494  3232  3232 D [SUI] AnytimeUIPanelAppBase: Releasing viewModel DynamicAppsViewModel refCount: 1
10-14 18:12:55.494  3232  3232 D [SUI] AnytimeUIPanelAppBase: Releasing viewModel SharingViewModel refCount: 0
10-14 18:12:55.494  3232  3232 D [SUI] SharingViewModel: Destroying ViewModel
10-14 18:12:55.495  1372  2248 I Clocks  : LockClocks( cpu=2, gpu=3 ) - end (0.8 ms)
10-14 18:12:55.495  2033  2111 I Clay    : xrPollEvent: SESSION_STATE_CHANGED: SYNCHRONIZED
10-14 18:12:55.495  2033  2111 I OpenXR  : PostSessionStateChange: XR_SESSION_STATE_SYNCHRONIZED -> XR_SESSION_STATE_VISIBLE
10-14 18:12:55.496  2702  2981 I ClientInputSettings: HANDTRACKING:  'com.oculus.vrshell' Is hands or controller.
10-14 18:12:55.496  2702  2981 I ClientInputSettings: HANDTRACKING: feature flag set to 2
10-14 18:12:55.496  2702  2981 I ClientInputInterface: HANDTRACKING sethandmanifest 2
10-14 18:12:55.496  2033  2111 I OpenXR  : PostSessionStateChange: XR_SESSION_STATE_VISIBLE -> XR_SESSION_STATE_FOCUSED
10-14 18:12:55.496  3232  3232 D [SUI] SharingViewModel: clearAbuseReportRecordingTimer
10-14 18:12:55.496  2702  2981 D InputHooksJava: Enabling Java Input Hooks
10-14 18:12:55.496  2702  2981 W InputHooksJava: Unable to enable input hooks on a non-Activity Context
10-14 18:12:55.496  2702  2981 I InputDeviceManager: ovrInputDeviceManager::Initialize
10-14 18:12:55.496  3232  3232 D [SUI] BarView: Destroying BarView
10-14 18:12:55.496  1372 14408 I SwapChain: DestroyAndroidSurfaceSwapChain: 0x72d2941000: Destroying SurfaceTexture 0x2962 Surface 0x2952
10-14 18:12:55.496  2033  2111 I Clay    : xrPollEvent: SESSION_STATE_CHANGED: VISIBLE
10-14 18:12:55.496  2033  2111 I Clay    : xrPollEvent: SESSION_STATE_CHANGED: FOCUSED
10-14 18:12:55.496  2702  2981 I Distortion: Initializing Mesh Decenter Correction
10-14 18:12:55.496  3232  3232 D [SUI] SocialViewModel: removeObserver(): -$$Lambda$SystemStatusView$hvdttGlyfUmlGZJVTLPJRt2c5Fk
10-14 18:12:55.496  1372 14408 I SwapChain: DestroyAndroidSurfaceSwapChain: 0x72d2993000: Destroying SurfaceTexture 0x29da Surface 0x29ea
10-14 18:12:55.496  3232  3232 D [SUI] AnytimeUIPanelAppBase: Releasing viewModel SocialViewModel refCount: 1
10-14 18:12:55.496  3232  3232 D [SUI] AnytimeUIPanelAppBase: Releasing viewModel SystemStatusViewModel refCount: 0
10-14 18:12:55.496  3232  3232 D [SUI] AnytimeUIPanelAppBase: Releasing viewModel BarViewModel refCount: 1
10-14 18:12:55.496  3232  3232 D [SUI] StatusViewModel: Destroying ViewModel
10-14 18:12:55.496  2702 15525 I InputDevice_TrackedRemote: REMOTE: Hand=2 IndexAnalog=0.00 GripAnalog=0.00 Buttons=0x00000000
10-14 18:12:55.496  2702 15525 I InputDevice_TrackedRemote: REMOTE: Hand=1 IndexAnalog=0.00 GripAnalog=0.00 Buttons=0x00000000
10-14 18:12:55.496  2702 15525 I InputDeviceManager: HANDTRACKING Pointer filter profile changed to: 0
10-14 18:12:55.496  2702 15525 I InputDeviceManager: HANDTRACKING Pointer filter profile changed to: 0
10-14 18:12:55.496  2702 15525 I InputDeviceManager: HANDTRACKING Root pose filter profile changed for (version, freq) to (2, 1) from (1,2)
10-14 18:12:55.496  1050  1642 E WindowManager: App trying to use insecure INPUT_FEATURE_NO_INPUT_CHANNEL flag. Ignoring
10-14 18:12:55.497   860  6390 E CalibrationProvider: loadCalibration(LDISP_SN) failed: Calibration store didn't load any info
10-14 18:12:55.497   860  1009 E CalibrationProvider: loadCalibration(RDISP_SN) failed: Calibration store didn't load any info
10-14 18:12:55.498  2702  2981 I Distortion: SetLensPositions - iad=0.0630402, left offset=-0.000240728,-0.00102733, right offset=0.000119895,-0.00104481
10-14 18:12:55.498  2702  2981 I Distortion: Initializing Mesh Decenter Correction
10-14 18:12:55.498   744   932 I SDM     : HWCDisplayBuiltIn::Validate: Validate +++ enable cac = 0
10-14 18:12:55.498  3232  3232 D [SUI] AnytimeUIPanelAppBase: Releasing viewModel ActiveCallBarViewModel refCount: 0
10-14 18:12:55.498  3232  3232 D [SUI] AnytimeUIPanelAppBase: Releasing viewModel SocialViewModel refCount: 0
10-14 18:12:55.498  3232  3232 D [SUI] SocialViewModel: Destroying ViewModel
10-14 18:12:55.499  3232  3232 I PresenceAPK(ServicePresenceClient): ServicePresenceClient close
10-14 18:12:55.499  3232  3232 I PresenceAPK(GroupManager): removeListener with id SystemCallGroup
10-14 18:12:55.499  3232  3232 I PresenceAPK(ServiceApiManager): onApiNotReady
10-14 18:12:55.499  3232  3232 D PresenceAPK(ServicePresenceClient): Calling onServiceDown
10-14 18:12:55.499  3232  3232 I PresenceAPK(GroupManager): disconnected
10-14 18:12:55.500   860  1009 E CalibrationProvider: loadCalibration(LDISP_SN) failed: Calibration store didn't load any info
10-14 18:12:55.500   860  1009 E CalibrationProvider: loadCalibration(RDISP_SN) failed: Calibration store didn't load any info
10-14 18:12:55.500  2702  2981 I Distortion: SetLensPositions - iad=0.0630402, left offset=-0.000240728,-0.00102733, right offset=0.000119895,-0.00104481
10-14 18:12:55.501  2702  2981 I Distortion: Created custom distortion mesh.
10-14 18:12:55.501  2702  2981 I PhaseSync: PhaseSync::PhaseSync PaddingLowerLimit 0.350000 StandardDeviations 2.000000 PaddingUpperLimit 0.750000 on instance 5
10-14 18:12:55.501  2702  2981 I VrRuntimeClient: PhaseSync Instance created
10-14 18:12:55.501  1372  2980 I VrRuntimeService: RuntimeServiceSDKServer::EnableRendering: 0x0, 0, com.oculus.vrshell
10-14 18:12:55.501  1372  2980 I ClientMgr: EnableRendering2: invalid clientWindow, testing uid/pid
10-14 18:12:55.501  1372  2980 I ClientMgr: ClientMgr::EnableRendering 2702:com.oculus.vrshell : type 1 comp-id 2: enable
10-14 18:12:55.501  1372  2980 I TimeWarpClientMgr: Enable client 2
10-14 18:12:55.501  1372  2980 I VrRuntimeServer: EnableCompositorClient client(2): layer placement(2147483647) flags(0) sm(0x73313dc010)
10-14 18:12:55.501  1372  2980 I CompositorVR: CheckDebuggerConnected: debugger 0
10-14 18:12:55.501  1372  2980 I VrRuntimeServer: SysProp debug mode is disabled on Server side
10-14 18:12:55.502  1372  1372 I ClientMgr: FocusedWindowChanged: found matching overlay client: 4216653936
10-14 18:12:55.502  1372  1372 I ClientMgr: FocusedClient changed.
10-14 18:12:55.502  1372  1372 I ClientMgr: ClientMgr::SetFocusedClient: 2702:com.oculus.vrshell type 1
10-14 18:12:55.502  1372  1372 I ClientMgr: SetFocusedPackageName - packageName com.oculus.vrshell processName com.oculus.vrshell clientId 4216653936 clientPid 2702
10-14 18:12:55.502  1372  1372 I VrRuntimeService: RuntimeIPC: SendFocusChangeEventToAllClients: PostClientEvent SUCCESS: com.oculus.vrshell:com.oculus.vrshell:2702, com.oculus.vrshell, com.oculus.vrshell
10-14 18:12:55.502  1372  1372 I VrRuntimeService: RuntimeIPC: SendFocusChangeEventToAllClients: PostClientEvent SUCCESS: com.oculus.mrservice:com.oculus.mrservice:1770, com.oculus.vrshell, com.oculus.vrshell
10-14 18:12:55.502  1372  1372 I VrRuntimeService: RuntimeIPC: SendFocusChangeEventToAllClients: PostClientEvent SUCCESS: com.oculus.guardian:com.oculus.vrguardianservice:2890, com.oculus.vrshell, com.oculus.vrshell
10-14 18:12:55.502  1372  1372 I VrRuntimeService: RuntimeIPC: SendFocusChangeEventToAllClients: PostClientEvent SUCCESS: com.oculus.shellenv:com.oculus.shellenv:2033, com.oculus.vrshell, com.oculus.vrshell
10-14 18:12:55.502  1372  1372 I VrRuntimeService: RuntimeIPC: SendFocusChangeEventToAllClients: PostClientEvent SUCCESS: com.oculus.vrshell:com.oculus.vrshell:Overlay:2292, com.oculus.vrshell, com.oculus.vrshell
10-14 18:12:55.505  3232  3232 D [SUI] MessengerCallViewModel: removeObserver
10-14 18:12:55.505  3232  3232 D [SUI] AnytimeUIPanelAppBase: Releasing viewModel MessengerCallViewModel refCount: 0
10-14 18:12:55.505  3232  3232 D HyperspaceClient: destroy - start
10-14 18:12:55.505  2702  2702 D [SEO] BaseOverlayService: setOverlayInputFocus : completed - inputFocus=true shouldSupportIME=true actionTaken:true
10-14 18:12:55.506  2292  2600 I [OAO] SwapChainApiOpenXr: Destroying SwapChain:0xe43af640
10-14 18:12:55.507  1372  2980 I UnifiedTelemetryWrapper: Started UT session render:com.oculus.vrshell
10-14 18:12:55.507  2702  2981 I VrApi   : OVR::Stats thread started
10-14 18:12:55.507  2702  2981 I XrRuntimeUtils: XrRuntimeUtils::BeginSession
10-14 18:12:55.507  2702  2981 I XrRuntimeSystem_Client: BeginSession
10-14 18:12:55.507  2702  2981 I OpenXR  : ------------ xrBeginSession [end] -----------
10-14 18:12:55.509  2702 15528 D VrApi   : targetSDKVersion 29
10-14 18:12:55.513  2702 15528 I JniUtils: ovr_GetCurrentPackageSignature 
10-14 18:12:55.514  2702 15528 I Metrics : device name = Oculus Quest 2
10-14 18:12:55.514  2033  2111 I VrRuntimeClient: Client has lost focus.
10-14 18:12:55.514  1770  3163 I [CT]    : MIXEDREALITY: MrFeatureStatus: Client status changed from Paused to Started.
10-14 18:12:55.515  1770  3163 I [CT]    : MIXEDREALITY: MrFeatureStatus: Target status Started, CurrentStatus: Paused
10-14 18:12:55.515  1770  3163 I [CT]    : MIXEDREALITY: MrFeatureStatus: Operation chain: Start
10-14 18:12:55.515  1770  3163 I [CT]    : MIXEDREALITY: MrFeatureStatus: Global status changed from Paused to Started.
10-14 18:12:55.515  1770  3163 I [CT]    : MIXEDREALITY: MrServiceController: Queuing command linked to operation Start for feature 0
10-14 18:12:55.515  2033  2111 I OpenXR  : PostSessionStateChange: XR_SESSION_STATE_FOCUSED -> XR_SESSION_STATE_VISIBLE
10-14 18:12:55.515  2702  2981 I [SEO] VrPlatformOpenXr: VrPlatformOpenXr::SetPropInhibitHandleHomeKey inhibit:1
10-14 18:12:55.515  2702  2981 I OpenXR_DeviceSettings: ------------ xrSetDeviceSettingBooleanFB -----------
10-14 18:12:55.515  2702  2981 I ClientInputSettings: SetInhibitHandleHomeKey = true for com.oculus.vrshell
10-14 18:12:55.515  2702  2981 I ClientInputInterface: SetInhibitHandleHomeKey 1 for process com.oculus.vrshell 2702
10-14 18:12:55.515  2702  2981 I [SEO] VrPlatformOpenXr: VrPlatformOpenXr::SetPropInhibitHandleHomeKey result = 0
10-14 18:12:55.515  2702  2981 I [SEO] Compositor: EnterVrMode with eye buffer: 1440x1584 : 3
10-14 18:12:55.515  2702  2981 I [SEO] AudioMixer: Enabling AudioPlayer.
10-14 18:12:55.515  2702  2981 I [SEO] AudioEngine: virtual void AudioLibrary::AudioEngine::EnablePlayer()
10-14 18:12:55.516  2033  2111 I Clay    : xrPollEvent: SESSION_STATE_CHANGED: VISIBLE
10-14 18:12:55.517  1372  2252 I VrRuntimeServer: DisableCompositorClient: 0
10-14 18:12:55.517  1372  2252 I TimeWarpClientMgr: Disable client 0
10-14 18:12:55.517  1372  2252 I TimeWarpClientMgr: DisableClient: frame flush required: 1
10-14 18:12:55.517  1770  3150 I [CT]    : MIXEDREALITY: MrServiceView: renderIteration: (every 10 seconds), screen is: ON, PT is: OFF, ID is: OFF
10-14 18:12:55.517  1770  3150 I [CT]    : MIXEDREALITY: MrServiceController: Executing passthroughStart on model
10-14 18:12:55.517  1770  3150 I [CT]    : MIXEDREALITY: MrServiceModel: passthroughStart()
10-14 18:12:55.517  1770  3150 I [CT]    : MIXEDREALITY: MrServiceModel: passthroughStart: Started Passthrough
10-14 18:12:55.517  1770  3150 I [CT]    : MIXEDREALITY: MrServiceModel: commitLayerState: PassthroughMode: none.
10-14 18:12:55.519  2702  2981 D         : PlayerBase::PlayerBase()
10-14 18:12:55.519  2702  2981 D         : TrackPlayerBase::TrackPlayerBase()
10-14 18:12:55.519  2702  2981 I libOpenSLES: Emulating old channel mask behavior (ignoring positional mask 0x3, using default mask 0x3 based on channel count of 2)
10-14 18:12:55.520  1770  3150 I [CT]    : MIXEDREALITY: MrServiceView: renderIteration: Nothing to render, hibernating the rendering thread since ID is off.
10-14 18:12:55.522   730  5065 I audio_hw_primary: getting vr mode to 0
10-14 18:12:55.522  2890  3062 I GuardianSystem: runtimeServiceSDKClient_.ForceShowGuardianEvent
10-14 18:12:55.522  2890  3062 I GuardianSystem: ForceShowGuardian: false, 0.00
10-14 18:12:55.524   750  4984 I AudioPolicyManagerCustom: VR mode is 0, switch to primary output if request is for fast|raw
10-14 18:12:55.525  1372 14408 I Vsync   : Vsync 10691:  1 x 11.14 ms (71.83 Hz, at 8842.068)
10-14 18:12:55.525   750  4984 W AudioFlinger: createTrack_l(): mismatch between requested flags (00000104) and output flags (00000006)
10-14 18:12:55.525   750  4984 D AudioFlinger: Client defaulted notificationFrames to 192 for frameCount 384
10-14 18:12:55.526  1372  2522 I VrRuntimeService: DestroySwapChain: swapchain=270
10-14 18:12:55.527   750  4984 D AF::TrackHandle: OpPlayAudio: track:125 uid:10020 pkg:com.oculus.vrshell usage:1 not muted
10-14 18:12:55.527  1372  2522 I VrRuntimeServer: DestroyTextureSwapChain: result destroyswapchain 1
10-14 18:12:55.528  2113  2113 E OVRMediaServiceManager: LivestreamingManager Not initialized
10-14 18:12:55.528  2702  2981 I AudioTrack: createTrack_l(36): AUDIO_OUTPUT_FLAG_FAST successful; frameCount 0 -> 384
10-14 18:12:55.529  2113  2113 I OVRMediaService: onStartCommand Received message type: set_package_name, caller package: no_app_identity, app identify: null
10-14 18:12:55.529  2113  2113 I OVRMediaService: Got package name intent (com.oculus.shellenv)
10-14 18:12:55.530  1478  1478 V AvrcpMediaPlayerList: onPlaybackConfigChanged(): Configs list size=4
10-14 18:12:55.530  2292  2600 I [OAO] SystemDialogController: Reset
10-14 18:12:55.530  2292  2600 I [OAO] DialogControllerManager: Reset resetReason:6
10-14 18:12:55.530  2292  2600 I [OAO] OverlayFlowController: Reset - Resetting lastNonSystemPackageName to empty
10-14 18:12:55.530  2292  2600 I [OAO] OverlayFlowController: OnPrimaryPackageChange Setting lastNonSystemPackageName = com.oculus.shellenv
10-14 18:12:55.530  2292  2600 I [OAO] OsDialogProvider: dialogHostClient disconnected
10-14 18:12:55.531  2292  2600 I RuntimeIPCClientMgr: RuntimeIPCClientMgr::DisconnectFromServer: 0, Client: com.oculus.vrshell:com.oculus.vrshell:Overlay:2292, Server: com.oculus.os.dialoghost:com.oculus.os.dialoghost (DialogHostService)
10-14 18:12:55.531  1737  3203 I RuntimeIPCServerMgr: HandleClientDisconnect: Client: com.oculus.vrshell:com.oculus.vrshell:Overlay:2292, Server: com.oculus.os.dialoghost:com.oculus.os.dialoghost (DialogHostService)
10-14 18:12:55.531  2292  2600 I RuntimeIPCClient: RuntimeIPCClient: Shutdown: Client: com.oculus.vrshell:com.oculus.vrshell:Overlay:2292, Server: com.oculus.os.dialoghost:com.oculus.os.dialoghost (DialogHostService)
10-14 18:12:55.531  2292  2600 I RuntimeIPCApi: ipc_Shutdown
10-14 18:12:55.531  2292  2600 I RuntimeIPCServiceClient: Shutdown: Refs still outstanding: 16, com.oculus.vrshell:Overlay
10-14 18:12:55.534  2113  2113 I OVRMediaServiceManager: Sending onAppStart (com.oculus.shellenv) to SocialPlatform (com.oculus.socialplatform.infra)
10-14 18:12:55.536  2292  2600 I [OAO] OverlaySystemUxOsDialogFlow: OverlaySystemUxOsDialogFlow UpdatePrimaryPackage isVrShellPackage:1 isSystemPackage:0
10-14 18:12:55.536  2292  2600 I [OAO] OverlayGuardianPtodFlow: OverlayGuardianPtodFlow UpdatePrimaryPackage lastNonSystemPackage:com.oculus.shellenv isVrShellPackage1
10-14 18:12:55.536  2292  2600 I [OAO] OverlayGuardianFlow: OverlayGuardianFlow UpdatePrimaryPackage lastNonSystemPackage:com.oculus.shellenv isVrShellPackage1
10-14 18:12:55.536  2702  2981 D [SEO] ShellApplication: requestAudioFocus, transientFocus=false
10-14 18:12:55.536  2702  2981 W AudioManager: Use of stream types is deprecated for operations other than volume control
10-14 18:12:55.536  2702  2981 W AudioManager: See the documentation of requestAudioFocus() for what to use instead with android.media.AudioAttributes to qualify your playback use case
10-14 18:12:55.536  2292  2600 I [OAO] ShellOverlayApp: Start sleep timeout. Now:8842.079225, Timeout:8844.079225
10-14 18:12:55.536  1050  2506 I MediaFocusControl: requestAudioFocus() from uid/pid 10020/2702 clientId=android.media.AudioManager@35e5be2com.oculus.vrshell.ShellAudioFocusHandler@1f82b73 callingPack=com.oculus.vrshell req=1 flags=0x0 sdk=29
10-14 18:12:55.537  2702  2981 I [SEO] AudioSystem: Got audio focus : 1
10-14 18:12:55.539  2702  2981 I [SEO] EnvironmentManagerUtilities: Skipping entitlement check for sideloaded environment apk://com.environment.matrixloadingvoid/assets/scene.zip.
10-14 18:12:55.539  2702  2981 I [SEO] LocalSpace: ResetNextFrame
10-14 18:12:55.539  2702  2981 I [SEO] SystemAssistant: OnModeChanged from ImmersiveAppFocused to FullShell
10-14 18:12:55.540  2033  2111 I Clay    : xrPollEvent: DISPLAY_REFRESH_RATE_CHANGED_FB: 72.000000 -> 90.000000
10-14 18:12:55.540  2702  2981 I [SEO] LocalSpace: EnterVrMode: Setting local pose state.
10-14 18:12:55.543  1770  3150 I [CT]    : MIXEDREALITY: MrServiceModel: Hibernating caller (most likely rendering thread) due to commandQueue being empty.
10-14 18:12:55.544  1680  1680 D OculusNotificationListenerService: Notification posted: 0|android|0|com.android.server.wm.AlertWindowNotification - com.oculus.vrshell|1000
10-14 18:12:55.547  2702  2981 I ipcLoader_static: RuntimeIPC: Loader: IPC Service API Loader Version: 31 Sep  5 2022 22:42:43
10-14 18:12:55.547  2702  2981 I RuntimeIPCApi: ipc_Initialize
10-14 18:12:55.547  2702  2981 I RuntimeIPCServiceClient: Init: Already initialized: com.oculus.vrshell, 16
10-14 18:12:55.547  1737  3203 D RuntimeIPCServerMgr: RegisterClient: Client: com.oculus.vrshell:com.oculus.vrshell:2702, Server: com.oculus.os.dialoghost:com.oculus.os.dialoghost (DialogHostService)
10-14 18:12:55.548  1737  3203 I IPCSharedMemory: CreateSharedMemory: Allocated shared memory fd 42 (ipcStateReadWrite)
10-14 18:12:55.548  1737  3203 I IPCSharedMemory: CreateSharedMemory: Allocated shared memory fd 43 (ipcReadOnlyState)
10-14 18:12:55.548  1737  3203 I RuntimeIPCServerMgr: Event buffer size (server): 8192
10-14 18:12:55.548  1737  3203 I IPCSharedMemory: CreateSharedMemory: Allocated shared memory fd 44 (ipcEventBuffer)
10-14 18:12:55.549  1737  3203 I IPCSharedMemory: CreateSharedMemory: Allocated shared memory fd 45 (ipcEventBuffer_Private)
10-14 18:12:55.550  1737  3203 I RuntimeIPCServerMgr: HandleClientConnect SUCCESS: Client: com.oculus.vrshell:com.oculus.vrshell:2702, Server: com.oculus.os.dialoghost:com.oculus.os.dialoghost (DialogHostService)
10-14 18:12:55.552  2292  2292 D VrNotificationAnalytics: logNotificationPosted: key(0|android|0|com.android.server.wm.AlertWindowNotification - com.oculus.vrshell|1000), type(third_party), isToast(false)
10-14 18:12:55.553  2292  2292 I [OAO] VrNotificationListenerService: onNotificationPosted() - key = 0|android|0|com.android.server.wm.AlertWindowNotification - com.oculus.vrshell|1000, type = third_party, isToast = false, isBlocked with reason = true Blocked by does not contain all markers for a toast notification
10-14 18:12:55.553  2292  2292 D [OAO] VrBroadcastReceiver: action: com.oculus.vrshell.intent.action.NOTIFICATION_WAKE
10-14 18:12:55.554  1737  3203 I RuntimeIPCServerMgr: GetServerStatesConfig -> {MaxBufferSize=32768, MaxEntries=64}
10-14 18:12:55.554  2702  2981 I RuntimeIPCClient: GetServerStatesConfig returned maxEntries=64, maxBuffSize=32768
10-14 18:12:55.554  2702  2981 I RuntimeIPCClient: Event buffer size (client): 8192
10-14 18:12:55.554  2702  2981 I RuntimeIPCClient: TryToGetIPCResourcesFromServer: RPC_CONNECTOR_CONNECT_TO_SERVER SUCCESS: Client: com.oculus.vrshell:com.oculus.vrshell:2702, Server: com.oculus.os.dialoghost:com.oculus.os.dialoghost (DialogHostService)
10-14 18:12:55.554  2702  2981 I RuntimeIPCClient: EnsureServerConnection: SUCCESS. Client: com.oculus.vrshell:com.oculus.vrshell:2702, Server: com.oculus.os.dialoghost:com.oculus.os.dialoghost (DialogHostService)
10-14 18:12:55.554  2702  2981 I RuntimeIPCClientMgr: ConnectToServer: SUCCESS: Client: com.oculus.vrshell:com.oculus.vrshell:2702, Server: com.oculus.os.dialoghost:com.oculus.os.dialoghost (DialogHostService)
10-14 18:12:55.556  2702  2981 I [SEO] OsDialogProvider: dialogHostClient.InitClient SUCCESS
10-14 18:12:55.556  2702  2981 I OpenXR_Hands: ------------ xrGetHandMeshFB -----------
10-14 18:12:55.556  2702  2981 I OpenXR_Hands: ------------ xrGetHandMeshFB -----------
10-14 18:12:55.556  2702  2981 D VrRuntimeClient: loadDriverResource - resourceName: 'hand_left' 
10-14 18:12:55.559   730  5065 D msm8974_platform: platform_split_snd_device: snd_device(2) num devices(1) new_snd_devices(0)
10-14 18:12:55.559   730  5065 D ACDB-LOADER: ACDB -> send_audvoltable
10-14 18:12:55.559   730  5065 D ACDB-LOADER: ACDB -> ACDB_CMD_GET_AUDPROC_INSTANCE_GAIN_DEP_STEP_TABLE_SIZE
10-14 18:12:55.559   730  5065 D         : Failed to fetch the lookup information of the device 0000000F 
10-14 18:12:55.559   730  5065 D ACDB-LOADER: Error: ACDB_CMD_GET_AUDPROC_INSTANCE_GAIN_DEP_STEP_TABLE_SIZE Returned = -19
10-14 18:12:55.559   730  5065 D ACDB-LOADER: ACDB -> ACDB_CMD_GET_AUDPROC_INSTANCE_GAIN_DEP_STEP_TABLE, vol index 9
10-14 18:12:55.559   730  5065 D         : Failed to fetch the lookup information of the device 0000000F 
10-14 18:12:55.559   730  5065 D ACDB-LOADER: Error: ACDB AudProc vol returned = -19
10-14 18:12:55.559   730  5065 D ACDB-LOADER: ACDB -> AUDIO_SET_VOL_CAL cal type = 40
10-14 18:12:55.560  2702  2981 I OpenXR_Hands: ------------ xrGetHandMeshFB -----------
10-14 18:12:55.560  2702  2981 I OpenXR_Hands: ------------ xrGetHandMeshFB -----------
10-14 18:12:55.560  2702  2981 D VrRuntimeClient: loadDriverResource - resourceName: 'hand_right' 
10-14 18:12:55.560  2113  2113 E OVRMediaServiceManager: LivestreamingManager Not initialized
10-14 18:12:55.561  2113  2113 I OVRMediaServiceManager: Sending onAppStart (com.oculus.shellenv) to SocialPlatform (com.oculus.socialplatform.infra)
10-14 18:12:55.563  2890  3062 I GuardianControllerCollisionTracker: Guardian Controller Collision: Magnitude: 11.389, Duration: -1.000 sec, TimeStamp: 8842.059570 sec
10-14 18:12:55.563  2702  2981 I [SEO] LocalSpace: Reset - initialRawFromLocalPose: quat(0.005525, -0.976703, -0.191684, -0.096319), translation(0.303109, 0.257379, 0.168531)
10-14 18:12:55.563  2702  2981 I [SEO] LocalSpace: Applying VRAPI Reorient, the reorient reason is 3
10-14 18:12:55.563  1372  2980 I VrRuntimeService: RuntimeServiceSDKServer::RecenterLocalSpace
10-14 18:12:55.563  1372  2980 I VrRuntimeService: RuntimeServiceSDKServer::RecenterLocalSpaceInternal
10-14 18:12:55.563  1372  2980 I VrRuntimeServer: UpdateLocalSpace: Src: 2, Version: 36, VersionUser: 0, RawFloorHeightOld: -1.119420, RawFloorHeightNew: -1.119420
10-14 18:12:55.565  2113  2226 W OVRLibrary: null cursor received for query content://com.oculus.ocms.library/apps/com.oculus.vrshell
10-14 18:12:55.565  2292  2292 D [OAO] VrNotificationService: VrNotificationService onStartCommand() Intent { cmp=com.oculus.vrshell/.VrNotificationService }
10-14 18:12:55.566  2890  3062 I GuardianSystem: UpdateSystem: Responding to local space version number change.
10-14 18:12:55.566  2890  3062 I GuardianSurfaceMgr: ForceShowSurfaceBounds: Soft fade out: currentTime 8842.11, ForceShowTime 8843.11, ForceShowFadeTime 8844.11
10-14 18:12:55.566  2890  3062 I GuardianSystem: ForceShowGuardian: false, 1.00
10-14 18:12:55.569  2033  2111 I Clay    : xrPollEvent: REFERENCE_SPACE_CHANGE_PENDING
10-14 18:12:55.573  2702  2981 I [SEO] PanelAppOSLifecycleNotificationManager: Sending frameState isForeground:0 to OS for app com.oculus.systemux/com.oculus.panelapp.anytimeui.AnytimeUIAndroidPanelService
10-14 18:12:55.580  2702  2981 I [SEO] ShellEnvHomeController: copresence: received setCollisionShapes
10-14 18:12:55.580  2702  2981 I VrRuntimeClient: UpdateEvents: HMT was mounted
10-14 18:12:55.580  2702 15537 I FenceChecker: FenceChecker::MainLoop - started
10-14 18:12:55.583  2702  2981 I OpenXR  : PostSessionStateChange: XR_SESSION_STATE_READY -> XR_SESSION_STATE_SYNCHRONIZED
10-14 18:12:55.583  2702  2981 I [SEO] VrPlatformOpenXr: xrPollEvent: received XR_TYPE_EVENT_DATA_MOUNT_STATE_CHANGED_FB event: isMounted 1
10-14 18:12:55.583  2702  2981 I OpenXR  : PostSessionStateChange: XR_SESSION_STATE_SYNCHRONIZED -> XR_SESSION_STATE_VISIBLE
10-14 18:12:55.583  2702  2981 I OpenXR  : PostSessionStateChange: XR_SESSION_STATE_VISIBLE -> XR_SESSION_STATE_FOCUSED
10-14 18:12:55.583  2702  2981 I [SEO] VrPlatformOpenXr: xrPollEvent: received XR_TYPE_EVENT_DATA_REFERENCE_SPACE_CHANGE_PENDING event
10-14 18:12:55.583  2702  2981 I [SEO] VrPlatformOpenXr: xrPollEvent: received XR_TYPE_EVENT_DATA_DISPLAY_REFRESH_RATE_CHANGED_FB event: fromRate 72.000000 -> toRate 90.000000
10-14 18:12:55.583  2702  2981 I [SEO] VrPlatformOpenXr: xrPollEvent: received XR_TYPE_EVENT_DATA_SESSION_STATE_CHANGED: 3 for session 0x2 at time 8842.126692
10-14 18:12:55.583  2702  2981 I [SEO] VrPlatformOpenXr: Session state changed XR_SESSION_STATE_SYNCHRONIZED
10-14 18:12:55.583  2702  2981 I [SEO] VrPlatformOpenXr: xrPollEvent: received XR_TYPE_EVENT_DATA_SESSION_STATE_CHANGED: 4 for session 0x2 at time 8842.126746
10-14 18:12:55.583  2702  2981 I [SEO] VrPlatformOpenXr: Session state changed XR_SESSION_STATE_VISIBLE
10-14 18:12:55.583  2702  2981 I [SEO] VrPlatformOpenXr: xrPollEvent: received XR_TYPE_EVENT_DATA_SESSION_STATE_CHANGED: 5 for session 0x2 at time 8842.126758
10-14 18:12:55.583  2702  2981 I [SEO] VrPlatformOpenXr: Session state changed XR_SESSION_STATE_FOCUSED
10-14 18:12:55.586  2113  2113 E OVRMediaServiceManager: LivestreamingManager Not initialized
10-14 18:12:55.586  2292  2600 I [OAO] VrPlatformOpenXr: xrPollEvent: received XR_TYPE_EVENT_DATA_REFERENCE_SPACE_CHANGE_PENDING event
10-14 18:12:55.586  2292  2600 I [OAO] VrPlatformOpenXr: xrPollEvent: received XR_TYPE_EVENT_DATA_DISPLAY_REFRESH_RATE_CHANGED_FB event: fromRate 72.000000 -> toRate 90.000000
10-14 18:12:55.591  2113  2113 I OVRMediaService: onStartCommand Received message type: overlay_input_focus_change, caller package: com.oculus.vrshell, app identify: AppIdentity{uid=10020, packageNames=[com.oculus.vrshell], sha1=MxZgtt071YLz39PLrkVGckZooCE, sha2=3C-DTjwZQjeLFPB2yCzRq1nqZWa_9HMLIEfpjvyfna8, version=null, domain=null}
10-14 18:12:55.591  2702  2981 I [SEO] ShellApp: HMD Mount State Changed - mounted - duration in prior state 57.628679s
10-14 18:12:55.591  2702  2981 I [SEO] LocalSpace: ResetNextFrame
10-14 18:12:55.591  2702  2981 I [SEO] ShellEnvHomeController: copresence: processing currentCollisionShapes
10-14 18:12:55.591  2702  2981 I [SEO] ShellEnvHomeController: Theaterscreen transform node set for the env size x: 4.660000, y: 2.621250
10-14 18:12:55.591  2702  2981 I [SEO] LocalSpace: New Space: quat(0.015638, -0.000023, -0.001486, -0.999877), translation(0.000000, 1.776572, 0.000000) - Prior Space: quat(0.191263, -0.002697, -0.013839, -0.981438), translation(0.000000, 1.376799, 0.000000)
10-14 18:12:55.591  2702  2981 I [SEO] LocalSpace: Local space version from 20 to 21, local space user version from 0 to 0.
10-14 18:12:55.592  2702  2981 I [SEO] SystemTaskBar: Create PanelApp
10-14 18:12:55.592  2702  2981 I [SEO] PanelAppLaunchInfo: PanelAppLaunchInfo componentString:com.oculus.systemux/com.oculus.panelapp.anytimeui.AnytimeUIAndroidPanelService packageName:com.oculus.systemux serviceName:com.oculus.panelapp.anytimeui.AnytimeUIAndroidPanelService componentName:com.oculus.systemux/com.oculus.panelapp.anytimeui.AnytimeUIAndroidPanelService
10-14 18:12:55.592  2702  2981 I [SEO] HostPlatform: Retrieving component launch information for package (com.oculus.systemux) and service (com.oculus.panelapp.anytimeui.AnytimeUIAndroidPanelService)
10-14 18:12:55.596  2702  2981 I [SEO] HostPlatform: Is valid panel service component for package (com.oculus.systemux) and service (com.oculus.panelapp.anytimeui.AnytimeUIAndroidPanelService) - true
10-14 18:12:55.596  2702  2981 I [SEO] ShellApp: CreatePanelApp( com.oculus.systemux/com.oculus.panelapp.anytimeui.AnytimeUIAndroidPanelService )
10-14 18:12:55.596  2702  2981 I [SEO] ShellApp: Environment:
10-14 18:12:55.596  2702  2981 I [SEO] PanelAppHost: PanelAppHost constructor, panel 25 (com.oculus.systemux/com.oculus.panelapp.anytimeui.AnytimeUIAndroidPanelService)
10-14 18:12:55.596  2702  2981 I [SEO] PanelAppHost: Panel app 25 (com.oculus.systemux/com.oculus.panelapp.anytimeui.AnytimeUIAndroidPanelService) changing state from startup to foreground
10-14 18:12:55.597  1372  2658 I VrRuntimeService: CreateAndroidSurfaceSwapChain: 2872074703
10-14 18:12:55.597  1372  2658 I VrRuntimeService: CreateAndroidSurfaceSwapChain: 131072 1 32856 65536 65536 1 1 1 0 3
10-14 18:12:55.597  1372  2215 I SwapChain_Surface: CreateAndroidSurfaceSwapChainGLES: 0x72d2941000: SurfaceTexture 0x29d2 Surface 0x29e2
10-14 18:12:55.597  1372  2658 I VrRuntimeServer: CreateAndroidSurfaceSwapChain: result surface 0x72d2941000
10-14 18:12:55.600  1372  2658 I VrRuntimeService: CreateAndroidSurfaceSwapChain: 2872074703
10-14 18:12:55.600  1372  2658 I VrRuntimeService: CreateAndroidSurfaceSwapChain: 131072 1 32856 65536 65536 1 1 1 0 3
10-14 18:12:55.600  1372  2215 I SwapChain_Surface: CreateAndroidSurfaceSwapChainGLES: 0x72d2993000: SurfaceTexture 0x2a16 Surface 0x2a26
10-14 18:12:55.600  1372  2658 I VrRuntimeServer: CreateAndroidSurfaceSwapChain: result surface 0x72d2993000
