11-02 20:33:44.745  2725  3041 I ClientInputInterface: HANDTRACKING sethandmanifest 2
11-02 20:33:44.745  2725  3041 D InputHooksJava: Enabling Java Input Hooks
11-02 20:33:44.745  2725  3041 W InputHooksJava: Unable to enable input hooks on a non-Activity Context
11-02 20:33:44.747  1337  7437 I Vsync   : Vsync 2344:  1 x 11.14 ms (71.83 Hz, at 2765.967)
11-02 20:33:44.749  2725  3041 I InputDeviceManager: ovrInputDeviceManager::Initialize
11-02 20:33:44.750   840  1171 W TrackingService: attachClient: found client in attached list
11-02 20:33:44.753  1337  7437 I CompositorProgs: loaded binary layerProgram 0:0x100000048082:0x0 in 1.2 ms
11-02 20:33:44.756   840  1171 D TrackingService: getSharedMemory: com.oculus.vrshell#2725, HeadTracker
11-02 20:33:44.757  2725  3041 I Distortion: Initializing Mesh Decenter Correction
11-02 20:33:44.758   840  1171 W TrackingService: attachClient: found client in attached list
11-02 20:33:44.758   834   834 E CalibrationProvider: loadCalibration(LDISP_SN) failed: Calibration store didn't load any info
11-02 20:33:44.759   834   834 E CalibrationProvider: loadCalibration(RDISP_SN) failed: Calibration store didn't load any info
11-02 20:33:44.759  2725  3041 I Distortion: SetLensPositions - iad=0.0629803, left offset=-0.000270672,-0.00102733, right offset=0.000149839,-0.00104481
11-02 20:33:44.759  2725  3041 I Distortion: Initializing Mesh Decenter Correction
11-02 20:33:44.759   840  1171 D TrackingService: getSharedMemory: com.oculus.vrshell, Controller
11-02 20:33:44.759  2725  7641 I InputDevice_TrackedRemote: REMOTE: Hand=1 IndexAnalog=0.00 GripAnalog=0.00 Buttons=0x00000000
11-02 20:33:44.759  2725  7641 I InputDevice_TrackedRemote: REMOTE: Hand=2 IndexAnalog=0.00 GripAnalog=0.00 Buttons=0x00000000
11-02 20:33:44.759  2725  7641 I InputDeviceManager: HANDTRACKING Pointer filter profile changed to: 0
11-02 20:33:44.759  2725  7641 I InputDeviceManager: HANDTRACKING Pointer filter profile changed to: 0
11-02 20:33:44.759  2725  7641 I InputDeviceManager: HANDTRACKING Root pose filter profile changed for (version, freq) to (2, 1) from (1,2)
11-02 20:33:44.760   834   834 E CalibrationProvider: loadCalibration(LDISP_SN) failed: Calibration store didn't load any info
11-02 20:33:44.760   834   834 E CalibrationProvider: loadCalibration(RDISP_SN) failed: Calibration store didn't load any info
11-02 20:33:44.760  2725  3041 I Distortion: SetLensPositions - iad=0.0629803, left offset=-0.000270672,-0.00102733, right offset=0.000149839,-0.00104481
11-02 20:33:44.760  2725  3041 I Distortion: Created custom distortion mesh.
11-02 20:33:44.760  2725  3041 I PhaseSync: PhaseSync::PhaseSync PaddingLowerLimit 0.350000 StandardDeviations 2.000000 PaddingUpperLimit 0.750000 on instance 1
11-02 20:33:44.760  2725  3041 I VrRuntimeClient: PhaseSync Instance created
11-02 20:33:44.761  1337  3040 I VrRuntimeService: RuntimeServiceSDKServer::EnableRendering: 0x0, 0, com.oculus.vrshell
11-02 20:33:44.761  1337  3040 I ClientMgr: EnableRendering2: invalid clientWindow, testing uid/pid
11-02 20:33:44.761  1337  3040 I ClientMgr: EnableRendering2: matched uid: 10020 and pid: 2725 
11-02 20:33:44.761  1337  3040 I ClientMgr: EnableRendering2: Calling SetFocusedClient: 1113472117
11-02 20:33:44.761  1337  3040 I ClientMgr: ClientMgr::SetFocusedClient: 2725:com.oculus.vrshell type 1
11-02 20:33:44.761  1337  3040 I ClientMgr: SetFocusedPackageName - packageName com.oculus.vrshell processName com.oculus.vrshell clientId 1113472117 clientPid 2725
11-02 20:33:44.761  1337  3040 I ClientMgr: ClientMgr::EnableRendering 2725:com.oculus.vrshell : type 1 comp-id 4: enable
11-02 20:33:44.761  1337  3040 I CompositorClientMgr: Enable client 4
11-02 20:33:44.761  1337  3040 I VrRuntimeServer: EnableCompositorClient client(4): layer placement(2147483647) flags(0) sm(0x790e5fb010)
11-02 20:33:44.761  1337  3040 I CompositorVR: CheckDebuggerConnected: debugger 0
11-02 20:33:44.761  1337  3040 I VrRuntimeServer: SysProp debug mode is disabled on Server side
11-02 20:33:44.762  2110  2224 I Clay    : xrPollEvent: DISPLAY_REFRESH_RATE_CHANGED_FB: 72.000000 -> 90.000000
11-02 20:33:44.764  1337  3040 I UnifiedTelemetryWrapper: Started UT session render:com.oculus.vrshell
11-02 20:33:44.764  2725  3041 I VrApi   : OVR::Stats thread started
11-02 20:33:44.764  2725  3041 I XrRuntimeUtils: XrRuntimeUtils::BeginSession
11-02 20:33:44.764  2725  3041 I XrRuntimeSystem_Client: BeginSession
11-02 20:33:44.764  2725  3041 I OpenXR  : ------------ xrBeginSession [end] -----------
11-02 20:33:44.765  1806  3485 I [CT]    : MIXEDREALITY: MrFeatureStatus: Client status changed from Paused to Started.
11-02 20:33:44.765  1806  3485 I [CT]    : MIXEDREALITY: MrFeatureStatus: Target status Started, CurrentStatus: Paused
11-02 20:33:44.765  1806  3485 I [CT]    : MIXEDREALITY: MrFeatureStatus: Operation chain: Start
11-02 20:33:44.765  1806  3485 I [CT]    : MIXEDREALITY: MrFeatureStatus: Global status changed from Paused to Started.
11-02 20:33:44.765  1806  3485 I [CT]    : MIXEDREALITY: MrServiceController: Queuing command linked to operation Start for feature 0
11-02 20:33:44.765  1806  3292 I [CT]    : MIXEDREALITY: MrServiceView: renderIteration: (every 10 seconds), screen is: ON, PT is: OFF, ID is: OFF
11-02 20:33:44.765  1806  3292 I [CT]    : MIXEDREALITY: MrServiceController: Executing passthroughStart on model
11-02 20:33:44.765  1806  3292 I [CT]    : MIXEDREALITY: MrServiceModel: passthroughStart()
11-02 20:33:44.765  1806  3292 I [CT]    : MIXEDREALITY: MrServiceModel: passthroughStart: Started Passthrough
11-02 20:33:44.765  2725  3041 I [SEO] VrPlatformOpenXr: VrPlatformOpenXr::SetPropInhibitHandleHomeKey inhibit:1
11-02 20:33:44.765  2725  3041 I OpenXR_DeviceSettings: ------------ xrSetDeviceSettingBooleanFB -----------
11-02 20:33:44.765  2725  3041 I ClientInputSettings: SetInhibitHandleHomeKey = true for com.oculus.vrshell
11-02 20:33:44.765  2725  3041 I ClientInputInterface: SetInhibitHandleHomeKey 1 for process com.oculus.vrshell 2725
11-02 20:33:44.765  2725  3041 I [SEO] VrPlatformOpenXr: VrPlatformOpenXr::SetPropInhibitHandleHomeKey result = 0
11-02 20:33:44.765  1806  3292 I [CT]    : MIXEDREALITY: VrApiSupport: renderIteration: Display refresh rate changed, new value: 90.
11-02 20:33:44.765  1806  3292 I [CT]    : MIXEDREALITY: MrRuntimeImpl: onDisplayRefreshRateChanged: Display rate changed from 72 to 90.
11-02 20:33:44.765  1806  3292 I [CT]    : MIXEDREALITY: MrRuntimeImpl: Force telemetry to be sent now.
11-02 20:33:44.765  1806  3292 I [CT]    : MIXEDREALITY: MrRuntimeImpl: Reset telemetry such to start collecting data using the new refresh rate.
11-02 20:33:44.765  1806  3292 I [CT]    : MIXEDREALITY: MrRuntimeImpl: setSessionInitTime: Capability 0: timer set to 2765.98581587 ns, duration reset after 2624.755534467 s.
11-02 20:33:44.765  1806  3292 I [CT]    : MIXEDREALITY: MrRuntimeImpl: setSessionInitTime: Capability 2: timer set to 2765.985838474 ns, duration reset after 2688.472206683 s.
11-02 20:33:44.765  2725  3041 I [SEO] Compositor: EnterVrMode with eye buffer: 1440x1584 : 3
11-02 20:33:44.765  1806  3292 I [CT]    : MIXEDREALITY: MrServiceModel: commitLayerState: PassthroughMode: none.
11-02 20:33:44.765  2725  3041 I [SEO] AudioMixer: Enabling AudioPlayer.
11-02 20:33:44.765  2725  3041 I [SEO] AudioEngine: virtual void AudioLibrary::AudioEngine::EnablePlayer()
11-02 20:33:44.766  2725  3041 D         : PlayerBase::PlayerBase()
11-02 20:33:44.766  2725  3041 D         : TrackPlayerBase::TrackPlayerBase()
11-02 20:33:44.766  2725  3041 I libOpenSLES: Emulating old channel mask behavior (ignoring positional mask 0x3, using default mask 0x3 based on channel count of 2)
11-02 20:33:44.769   722  1805 I audio_hw_primary: getting vr mode to 0
11-02 20:33:44.769  1740  1740 D OculusNotificationListenerService: Notification posted: 0|android|0|com.android.server.wm.AlertWindowNotification - com.oculus.vrshell|1000
11-02 20:33:44.770   742  4665 I AudioPolicyManagerCustom: VR mode is 0, switch to primary output if request is for fast|raw
11-02 20:33:44.770  2725  7644 D VrApi   : targetSDKVersion 29
11-02 20:33:44.771   742  4665 W AudioFlinger: createTrack_l(): mismatch between requested flags (00000104) and output flags (00000006)
11-02 20:33:44.771   742  4665 D AudioFlinger: Client defaulted notificationFrames to 192 for frameCount 384
11-02 20:33:44.771  2371  2837 I [OAO] VrPlatformOpenXr: xrPollEvent: received XR_TYPE_EVENT_DATA_DISPLAY_REFRESH_RATE_CHANGED_FB event: fromRate 72.000000 -> toRate 90.000000
11-02 20:33:44.772  2371  2371 D [OAO] VrBroadcastReceiver: action: com.oculus.vrshell.intent.action.NOTIFICATION_WAKE
11-02 20:33:44.773  2725  7644 I JniUtils: ovr_GetCurrentPackageSignature 
11-02 20:33:44.773   742  4665 D AF::TrackHandle: OpPlayAudio: track:82 uid:10020 pkg:com.oculus.vrshell usage:1 not muted
11-02 20:33:44.773  2725  7644 I Metrics : device name = Oculus Quest 2
11-02 20:33:44.781   840  1171 W TrackingService: attachClient: found client in attached list
11-02 20:33:44.782  2371  2371 D VrNotificationAnalytics: logNotificationPosted: key(0|android|0|com.android.server.wm.AlertWindowNotification - com.oculus.vrshell|1000), type(third_party), isToast(false)
11-02 20:33:44.783  3559  7466 W OVRLibrary: null cursor received for query content://com.oculus.ocms.library/apps/com.oculus.shellenv
11-02 20:33:44.784  4075  4199 E OsSdk   : error getting shared memory region, memory type: HeadTracker, failed with Status(-1, EX_SECURITY): 'requested shared memory region when not registered/focused'
11-02 20:33:44.784  3559  3559 V LifecycleAwareViewModelStore: LifecycleAwareViewModelStore destroyed
11-02 20:33:44.786  3559  3559 V LifecycleAwarePanelApp: PanelApp lifecycle moved to final state: DESTROYED
11-02 20:33:44.786  2371  2371 I [OAO] VrNotificationListenerService: onNotificationPosted() - key = 0|android|0|com.android.server.wm.AlertWindowNotification - com.oculus.vrshell|1000, type = third_party, isToast = false, isBlocked with reason = true Blocked by does not contain all markers for a toast notification
11-02 20:33:44.786  3559  3559 I AndroidPanelApp: Destroyed
11-02 20:33:44.786  2371  2371 D [OAO] VrNotificationService: VrNotificationService onStartCommand() Intent { cmp=com.oculus.vrshell/.VrNotificationService }
11-02 20:33:44.798  2161  2161 E OVRMediaServiceManager: LivestreamingManager Not initialized
11-02 20:33:44.799  2161  2161 I OVRMediaService: onStartCommand Received message type: set_package_name, caller package: no_app_identity, app identify: null
11-02 20:33:44.800  2725  3041 I AudioTrack: createTrack_l(36): AUDIO_OUTPUT_FLAG_FAST successful; frameCount 0 -> 384
11-02 20:33:44.800  2161  2161 I OVRMediaService: Got package name intent (com.oculus.shellenv)
11-02 20:33:44.800  3559  3559 D [SUI] AnytimeUIPanelAppBase: Releasing viewModel DynamicAppsViewModel refCount: 1
11-02 20:33:44.800  3559  3559 D [SUI] AnytimeUIPanelAppBase: Releasing viewModel SharingViewModel refCount: 0
11-02 20:33:44.800  3559  3559 D [SUI] SharingViewModel: Destroying ViewModel
11-02 20:33:44.801  2161  2161 I OVRMediaServiceManager: Sending onAppStart (com.oculus.shellenv) to SocialPlatform (com.oculus.socialplatform)
11-02 20:33:44.802  1806  3292 I [CT]    : MIXEDREALITY: MrServiceView: renderIteration: Nothing to render, hibernating the rendering thread since ID is off and no active PT layers.
11-02 20:33:44.802  1806  3292 I [CT]    : MIXEDREALITY: MrServiceModel: Hibernating caller (most likely rendering thread) due to commandQueue being empty.
11-02 20:33:44.803  1426  1426 V AvrcpMediaPlayerList: onPlaybackConfigChanged(): Configs list size=6
11-02 20:33:44.804  3559  3559 D [SUI] SharingViewModel: clearAbuseReportRecordingTimer
11-02 20:33:44.804  3559  3559 D [SUI] BarView: Destroying BarView
11-02 20:33:44.804  3559  3559 D [SUI] SocialViewModel: removeObserver(): -$$Lambda$SystemStatusView$hvdttGlyfUmlGZJVTLPJRt2c5Fk
11-02 20:33:44.804  3559  3559 D [SUI] AnytimeUIPanelAppBase: Releasing viewModel SocialViewModel refCount: 1
11-02 20:33:44.804  3559  3559 D [SUI] AnytimeUIPanelAppBase: Releasing viewModel SystemStatusViewModel refCount: 0
11-02 20:33:44.804  3559  3559 D [SUI] AnytimeUIPanelAppBase: Releasing viewModel BarViewModel refCount: 1
11-02 20:33:44.804  3559  3559 D [SUI] StatusViewModel: Destroying ViewModel
11-02 20:33:44.807  3559  3559 D [SUI] AnytimeUIPanelAppBase: Releasing viewModel ActiveCallBarViewModel refCount: 0
11-02 20:33:44.807  3559  3559 D [SUI] AnytimeUIPanelAppBase: Releasing viewModel SocialViewModel refCount: 0
11-02 20:33:44.807  3559  3559 D [SUI] SocialViewModel: Destroying ViewModel
11-02 20:33:44.808  2725  7646 D         : PlayerBase::stop() from IPlayer
11-02 20:33:44.808  2725  7646 D AudioTrack: stop(51): called with 0 frames delivered
11-02 20:33:44.809  2725  3041 D [SEO] ShellApplication: requestAudioFocus, transientFocus=false
11-02 20:33:44.809  2725  3041 W AudioManager: Use of stream types is deprecated for operations other than volume control
11-02 20:33:44.809  2725  3041 W AudioManager: See the documentation of requestAudioFocus() for what to use instead with android.media.AudioAttributes to qualify your playback use case
11-02 20:33:44.809  3559  3559 I PresenceAPK(ServicePresenceClient): ServicePresenceClient close
11-02 20:33:44.809  3559  3559 I PresenceAPK(GroupManager): removeListener with id SystemCallGroup
11-02 20:33:44.809  3559  3559 I PresenceAPK(ServiceApiManager): onApiNotReady
11-02 20:33:44.809  1426  1426 V AvrcpMediaPlayerList: onPlaybackConfigChanged(): Configs list size=6
11-02 20:33:44.809  3559  3559 D PresenceAPK(ServicePresenceClient): Calling onServiceDown
11-02 20:33:44.809  1426  1426 V AvrcpMediaPlayerList: onPlaybackConfigChanged(): Configs list size=6
11-02 20:33:44.809  3559  3559 I PresenceAPK(GroupManager): disconnected
11-02 20:33:44.810  1037  1637 I MediaFocusControl: requestAudioFocus() from uid/pid 10020/2725 clientId=android.media.AudioManager@5b65c61com.oculus.vrshell.ShellAudioFocusHandler@2d11386 callingPack=com.oculus.vrshell req=1 flags=0x0 sdk=29
11-02 20:33:44.811  2967  3051 I GuardianControllerCollisionTracker: Guardian Controller Collision: Magnitude: 39.113, Duration: -1.000 sec, TimeStamp: 2766.003174 sec
11-02 20:33:44.813  2725  3041 I [SEO] AudioSystem: Got audio focus : 1
11-02 20:33:44.814  2725  3041 I [SEO] EnvironmentManagerUtilities: Skipping entitlement check for sideloaded environment apk://com.environment.matrixloadingvoid/assets/scene.zip.
11-02 20:33:44.814  2725  3041 I [SEO] LocalSpace: ResetNextFrame
11-02 20:33:44.814  2725  3041 I [SEO] SystemAssistant: OnModeChanged from ImmersiveAppFocused to FullShell
11-02 20:33:44.815  2725  3041 I [SEO] LocalSpace: EnterVrMode: Setting local pose state.
11-02 20:33:44.819   840  7426 W [CT]    : TIMESTAMPCHECKER: Nominal rate wrong. Estimated data rate: 25, Nominal is 30.000300003000028
11-02 20:33:44.825  3559  3559 D [SUI] MessengerCallViewModel: removeObserver
11-02 20:33:44.825  3559  3559 D [SUI] AnytimeUIPanelAppBase: Releasing viewModel MessengerCallViewModel refCount: 0
11-02 20:33:44.825  3559  3559 D HyperspaceClient: destroy - start
11-02 20:33:44.825  2725  3041 I ipcLoader_static: RuntimeIPC: Loader: IPC Service API Loader Version: 31 Sep 26 2022 14:33:58
11-02 20:33:44.825  2725  3041 I RuntimeIPCApi: ipc_Initialize
11-02 20:33:44.825  2725  3041 I RuntimeIPCServiceClient: Init: Already initialized: com.oculus.vrshell, 17
11-02 20:33:44.825  1783  1802 D RuntimeIPCServerMgr: RegisterClient: Client: com.oculus.vrshell:com.oculus.vrshell:2725, Server: com.oculus.os.dialoghost:com.oculus.os.dialoghost (DialogHostService)
11-02 20:33:44.826  1783  1802 I IPCSharedMemory: CreateSharedMemory: Allocated shared memory fd 42 (ipcStateReadWrite)
11-02 20:33:44.826   840  1703 W TrackingService: attachClient: found client in attached list
11-02 20:33:44.827  4075  4199 E OsSdk   : error getting shared memory region, memory type: HeadTracker, failed with Status(-1, EX_SECURITY): 'requested shared memory region when not registered/focused'
11-02 20:33:44.828  1783  1802 I IPCSharedMemory: CreateSharedMemory: Allocated shared memory fd 43 (ipcReadOnlyState)
11-02 20:33:44.829  1783  1802 I RuntimeIPCServerMgr: Event buffer size (server): 8192
11-02 20:33:44.830  1783  1802 I IPCSharedMemory: CreateSharedMemory: Allocated shared memory fd 44 (ipcEventBuffer)
11-02 20:33:44.831  1783  1802 I IPCSharedMemory: CreateSharedMemory: Allocated shared memory fd 45 (ipcEventBuffer_Private)
11-02 20:33:44.833  1783  1802 I RuntimeIPCServerMgr: HandleClientConnect SUCCESS: Client: com.oculus.vrshell:com.oculus.vrshell:2725, Server: com.oculus.os.dialoghost:com.oculus.os.dialoghost (DialogHostService)
11-02 20:33:44.837  2161  2161 E OVRMediaServiceManager: LivestreamingManager Not initialized
11-02 20:33:44.838  2161  2161 I OVRMediaServiceManager: Sending onAppStart (com.oculus.shellenv) to SocialPlatform (com.oculus.socialplatform)
11-02 20:33:44.839  1783  1804 I RuntimeIPCServerMgr: GetServerStatesConfig -> {MaxBufferSize=32768, MaxEntries=64}
11-02 20:33:44.839  2725  3041 I RuntimeIPCClient: GetServerStatesConfig returned maxEntries=64, maxBuffSize=32768
11-02 20:33:44.839  2725  3041 I RuntimeIPCClient: Event buffer size (client): 8192
11-02 20:33:44.839  2725  3041 I RuntimeIPCClient: TryToGetIPCResourcesFromServer: RPC_CONNECTOR_CONNECT_TO_SERVER SUCCESS: Client: com.oculus.vrshell:com.oculus.vrshell:2725, Server: com.oculus.os.dialoghost:com.oculus.os.dialoghost (DialogHostService)
11-02 20:33:44.839  2725  3041 I RuntimeIPCClient: EnsureServerConnection: SUCCESS. Client: com.oculus.vrshell:com.oculus.vrshell:2725, Server: com.oculus.os.dialoghost:com.oculus.os.dialoghost (DialogHostService)
11-02 20:33:44.839  2725  3041 I RuntimeIPCClientMgr: ConnectToServer: SUCCESS: Client: com.oculus.vrshell:com.oculus.vrshell:2725, Server: com.oculus.os.dialoghost:com.oculus.os.dialoghost (DialogHostService)
11-02 20:33:44.840  2725  3041 I [SEO] OsDialogProvider: dialogHostClient.InitClient SUCCESS
11-02 20:33:44.840  2725  3041 I OpenXR_Hands: ------------ xrGetHandMeshFB -----------
11-02 20:33:44.841  2725  3041 I OpenXR_Hands: ------------ xrGetHandMeshFB -----------
11-02 20:33:44.841  2725  3041 D VrRuntimeClient: loadDriverResource - resourceName: 'hand_left' 
11-02 20:33:44.845  2725  3041 I OpenXR_Hands: ------------ xrGetHandMeshFB -----------
11-02 20:33:44.845  2725  3041 I OpenXR_Hands: ------------ xrGetHandMeshFB -----------
11-02 20:33:44.845  2725  3041 D VrRuntimeClient: loadDriverResource - resourceName: 'hand_right' 
11-02 20:33:44.855  2725  3041 I [SEO] LocalSpace: Reset - initialRawFromLocalPose: quat(-0.037102, 0.074025, 0.010267, 0.996513), translation(-0.034178, 0.044167, 0.179098)
11-02 20:33:44.855  2725  3041 I [SEO] LocalSpace: Applying VRAPI Reorient, the reorient reason is 3
11-02 20:33:44.855  1337  3040 I VrRuntimeService: RuntimeServiceSDKServer::RecenterLocalSpace
11-02 20:33:44.855  1337  3040 I VrRuntimeService: RuntimeServiceSDKServer::RecenterLocalSpaceInternal
11-02 20:33:44.855  1337  3040 I VrRuntimeServer: UpdateLocalSpace: Src: 2, Version: 14, VersionUser: 0, RawFloorHeightOld: -1.479450, RawFloorHeightNew: -1.479450
11-02 20:33:44.856  2967  3051 I GuardianSystem: UpdateSystem: Responding to local space version number change.
11-02 20:33:44.856  2967  3051 I GuardianSurfaceMgr: ForceShowSurfaceBounds: Soft fade out: currentTime 2766.08, ForceShowTime 2767.08, ForceShowFadeTime 2768.08
11-02 20:33:44.856  2967  3051 I GuardianSystem: ForceShowGuardian: false, 1.00
11-02 20:33:44.858  2110  2224 I Clay    : xrPollEvent: REFERENCE_SPACE_CHANGE_PENDING
11-02 20:33:44.862  2725  3041 I [SEO] SystemTaskBar: Create PanelApp
11-02 20:33:44.862  2725  3041 I [SEO] PanelAppLaunchInfo: PanelAppLaunchInfo componentString:com.oculus.systemux/com.oculus.panelapp.anytimeui.AnytimeUIAndroidPanelService packageName:com.oculus.systemux serviceName:com.oculus.panelapp.anytimeui.AnytimeUIAndroidPanelService componentName:com.oculus.systemux/com.oculus.panelapp.anytimeui.AnytimeUIAndroidPanelService
11-02 20:33:44.862  2725  3041 I [SEO] HostPlatform: Retrieving component launch information for package (com.oculus.systemux) and service (com.oculus.panelapp.anytimeui.AnytimeUIAndroidPanelService)
11-02 20:33:44.864  2725  3041 I [SEO] HostPlatform: Is valid panel service component for package (com.oculus.systemux) and service (com.oculus.panelapp.anytimeui.AnytimeUIAndroidPanelService) - true
11-02 20:33:44.864  2725  3041 I [SEO] ShellApp: CreatePanelApp( com.oculus.systemux/com.oculus.panelapp.anytimeui.AnytimeUIAndroidPanelService )
11-02 20:33:44.864  2725  3041 I [SEO] ShellApp: Environment:
11-02 20:33:44.864  2725  3041 I [SEO] PanelAppHost: PanelAppHost constructor, panel 7 (com.oculus.systemux/com.oculus.panelapp.anytimeui.AnytimeUIAndroidPanelService)
11-02 20:33:44.864  2725  3041 I [SEO] PanelAppHost: Panel app 7 (com.oculus.systemux/com.oculus.panelapp.anytimeui.AnytimeUIAndroidPanelService) changing state from startup to foreground
11-02 20:33:44.865  1337  2915 I VrRuntimeService: CreateAndroidSurfaceSwapChain: 1059295691
11-02 20:33:44.865  1337  2915 I VrRuntimeService: CreateAndroidSurfaceSwapChain: 131072 1 32856 65536 65536 1 1 1 0 3
11-02 20:33:44.865  2967  3051 I StateMachine: StateMachine::Update ForceShow: forceShowForTime -> ForceShowOnForTime
11-02 20:33:44.865  1337  2307 I SwapChain_Surface: CreateAndroidSurfaceSwapChainGLES: 0x78b55e3000: SurfaceTexture 0x26ea Surface 0x26da
11-02 20:33:44.865  1337  2915 I VrRuntimeServer: CreateAndroidSurfaceSwapChain: result surface 0x78b55e3000
11-02 20:33:44.868  1337  2915 I VrRuntimeService: CreateAndroidSurfaceSwapChain: 1059295691
11-02 20:33:44.868  1337  2915 I VrRuntimeService: CreateAndroidSurfaceSwapChain: 131072 1 32856 65536 65536 1 1 1 0 3
11-02 20:33:44.868  1337  2307 I SwapChain_Surface: CreateAndroidSurfaceSwapChainGLES: 0x78b55e6000: SurfaceTexture 0x2796 Surface 0x27a6
11-02 20:33:44.868  1337  2915 I VrRuntimeServer: CreateAndroidSurfaceSwapChain: result surface 0x78b55e6000
11-02 20:33:44.870  2725  3041 I [SEO] PanelAppHost: Passing env var _oc_analytics_session_id = 2581b49c-b461-42d5-8edb-9ca658ef1bff
11-02 20:33:44.870  2725  3041 I [SEO] PanelAppHost: Passing env var _oc_userid = 106765628877334
11-02 20:33:44.870  2725  3041 I [SEO] PanelAppHost: Passing env var _oc_shell_version_name = 46.0.0.226.0
11-02 20:33:44.870  2725  3041 I [SEO] PanelAppHost: Passing env var _oc_shell_version_code = 406523266
11-02 20:33:44.870  2725  3041 I [SEO] PanelAppHost: Passing env var _oc_shell_automation_enabled = false
11-02 20:33:44.870  2725  3041 I [SEO] PanelAppHost: Passing env var _oc_shell_view_id_debugging_enabled = false
11-02 20:33:44.870  2725  3041 I [SEO] PanelAppHost: Passing env var _oc_shell_pixel_density = 20
11-02 20:33:44.870  2725  3041 I [SEO] PanelAppHost: Passing env var _oc_shell_render_scale = 1.250000
11-02 20:33:44.870  2725  3041 I [SEO] PanelAppHost: Passing env var _oc_shell_ux_policy = {"panelBackgroundLayerOriginDepths":{"far":0.2,"mid":0.1,"near":0.015}}
11-02 20:33:44.870  2725  3041 I [SEO] PanelAppHost: Passing env var _oc_shell_panel_session_id = 2581b49c-b461-42d5-8edb-9ca658ef1bff-7
11-02 20:33:44.870  2725  3041 I [SEO] PanelAppHost: Passing env var _oc_shell_back_navigation_enabled = false
11-02 20:33:44.870  2725  3041 I [SEO] PanelAppHost: Passing env var _oc_shell_feature_sets = appmenu-v1,appmenu-v2,cooperativeState-v2,destinationUi-v2,dragDrop-v1,layerClipping-v1,layerClipping-v2,layerOptions-v1,layerTranslate-v1,multiapp-v1,multiapp-v2,multiapp-v3,multitasking-v1,recoverInstances-v1,shellPanelAdaptability-v1,systemActionBackgroundPanels-v1,systemThemeSetting-v1,system-reauth-v1,system-ux-file-picker-v1,vrNotificationsBootLoad-v1,controlBar-v1,theaterScreen,copresence-v1,copresenceVersion-v1,vrLibraryAppLock-v1
11-02 20:33:44.870  2725  3041 I [SEO] PanelAppHost: Passing env var _oc_launch_timestamp = 2766084
11-02 20:33:44.870  2725  3041 I [SEO] PanelAppHost: Passing env var _oc_shell_host = vrshell
11-02 20:33:44.870  2725  3041 I [SEO] PanelAppHost: Passing env var _oc_shell_panel_id = 7
11-02 20:33:44.870  2725  3041 I [SEO] PanelAppHost: Calling sendPanelLaunchIntent for panel app 7 (com.oculus.systemux/com.oculus.panelapp.anytimeui.AnytimeUIAndroidPanelService)
11-02 20:33:44.870  2725  3041 D [SEO] ShellApplication: sendApkPanelLaunchIntent: packageName=com.oculus.systemux, serviceClassName=com.oculus.panelapp.anytimeui.AnytimeUIAndroidPanelService
11-02 20:33:44.871   840  1703 W TrackingService: attachClient: found client in attached list
11-02 20:33:44.872  2371  2837 I [OAO] VrPlatformOpenXr: xrPollEvent: received XR_TYPE_EVENT_DATA_REFERENCE_SPACE_CHANGE_PENDING event
11-02 20:33:44.872  2161  2161 E OVRMediaServiceManager: LivestreamingManager Not initialized
11-02 20:33:44.873  4075  4199 E OsSdk   : error getting shared memory region, memory type: HeadTracker, failed with Status(-1, EX_SECURITY): 'requested shared memory region when not registered/focused'
11-02 20:33:44.873  2725  3041 D [SEO] PanelServiceConnection: getSystemProcessUidForCurrentUser: 'android' systemUid = 1000
11-02 20:33:44.873  2725  3041 D [SEO] ShellApplication: bindService Intent { cmp=com.oculus.systemux/com.oculus.panelapp.anytimeui.AnytimeUIAndroidPanelService }
11-02 20:33:44.883  2161  2310 W OVRLibrary: null cursor received for query content://com.oculus.ocms.library/apps/com.oculus.vrshell
11-02 20:33:44.886  2725  3041 D [SEO] ShellApplication: notify OS to set com.oculus.systemux/com.oculus.panelapp.anytimeui.AnytimeUIAndroidPanelService to FOREGROUND
11-02 20:33:44.891  2161  2161 I OVRMediaService: onStartCommand Received message type: overlay_input_focus_change, caller package: com.oculus.vrshell, app identify: AppIdentity{uid=10020, packageNames=[com.oculus.vrshell], sha1=MxZgtt071YLz39PLrkVGckZooCE, sha2=3C-DTjwZQjeLFPB2yCzRq1nqZWa_9HMLIEfpjvyfna8, version=null, domain=null}
11-02 20:33:44.892  2725  3041 I [SEO] DesktopFocusManager: Focused panel changed from 3 to 0
11-02 20:33:44.893  2725  3041 I ClientInputTrackedKeyboardManager: TRACKEDKEYBOARD created PTKServiceClient
11-02 20:33:44.893  2725  3041 I PTKService: PTKServiceClient Init
11-02 20:33:44.893  2725  3041 I ipcLoader_static: RuntimeIPC: Loader: IPC Service API Loader Version: 31 Sep  6 2022 02:18:27
11-02 20:33:44.893  2725  3041 I RuntimeIPCApi: ipc_Initialize
11-02 20:33:44.893  2725  3041 I RuntimeIPCServiceClient: Init: Already initialized: com.oculus.vrshell, 18
11-02 20:33:44.895  2725  3041 I [SEO] InputManager: Adding controller deviceId = 2
11-02 20:33:44.896  2725  3041 I [SEO] ModelCache: Load controller model
11-02 20:33:44.896  2725  3041 I [SEO] InputManager: Adding controller deviceId = 1
11-02 20:33:44.897  2725  3041 I [SEO] ModelCache: Load controller model
11-02 20:33:44.898  2725  3041 I [SEO] InputManager: Switching primary device (id -1 to 1).
11-02 20:33:44.898  2725  3041 I [SEO] InputManager: Switching secondary device (id to 2).
11-02 20:33:44.898  2967  3475 I VrGuardianService: GuardianSDKServer::SetGuardianHitDialog2 0
11-02 20:33:44.898  1783  1802 I RuntimeIPCServerMgr: GetServerStatesConfig -> {MaxBufferSize=32768, MaxEntries=64}
11-02 20:33:44.898  2725  3041 I RuntimeIPCClient: GetServerStatesConfig returned maxEntries=64, maxBuffSize=32768
11-02 20:33:44.898  2725  3041 I RuntimeIPCClient: InitServerStateBuffer: SUCCESS. 1, Client: com.oculus.vrshell:com.oculus.vrshell:2725, Server: com.oculus.os.dialoghost:com.oculus.os.dialoghost (DialogHostService)
11-02 20:33:44.899  2725  3041 I [SEO] PanelAppOSLifecycleNotificationManager: Sending frameState isForeground:0 to OS for app com.oculus.explore/com.oculus.explore.PanelService
11-02 20:33:44.900  2725  3041 D [SEO] ShellApplication: notify OS to set com.oculus.explore/com.oculus.explore.PanelService to BACKGROUND
11-02 20:33:44.900  1037  1699 W ActivityManager: setIsForegroundPanelService: ComponentInfo{com.oculus.explore/com.oculus.explore.PanelService} not found
11-02 20:33:44.900  1037  1699 W ActivityManager: setIsForegroundPanelService: ComponentInfo{com.oculus.explore/com.oculus.explore.PanelService} not found, or its process hasn't started. Foreground status will be ignored.
11-02 20:33:44.901  2725  3041 I [SEO] PanelAppOSLifecycleNotificationManager: Sending frameState isForeground:0 to OS for app com.oculus.systemux/com.oculus.panelapp.controlbar.ControlBarPanelService
11-02 20:33:44.902  2110  2224 I Clay    : EnvironmentSystem: setCurrentEnvironment from '' to 'apk://com.environment.matrixloadingvoid/assets/scene.zip'. Computed visibility: Visible (reason: <none>)
11-02 20:33:44.903  2725  3041 I [SEO] ShellEnvHomeController: copresence: received setCollisionShapes
11-02 20:33:44.903  2725  7654 I FenceChecker: FenceChecker::MainLoop - started
11-02 20:33:44.905  2725  3041 I OpenXR  : PostSessionStateChange: XR_SESSION_STATE_READY -> XR_SESSION_STATE_SYNCHRONIZED
11-02 20:33:44.905  2725  3041 I [SEO] VrPlatformOpenXr: xrPollEvent: received XR_TYPE_EVENT_DATA_REFERENCE_SPACE_CHANGE_PENDING event
11-02 20:33:44.905  2725  3041 I OpenXR  : PostSessionStateChange: XR_SESSION_STATE_SYNCHRONIZED -> XR_SESSION_STATE_VISIBLE
11-02 20:33:44.905  2725  3041 I OpenXR  : PostSessionStateChange: XR_SESSION_STATE_VISIBLE -> XR_SESSION_STATE_FOCUSED
11-02 20:33:44.905  2725  3041 I [SEO] VrPlatformOpenXr: xrPollEvent: received XR_TYPE_EVENT_DATA_DISPLAY_REFRESH_RATE_CHANGED_FB event: fromRate 72.000000 -> toRate 90.000000
11-02 20:33:44.905  2725  3041 I [SEO] VrPlatformOpenXr: xrPollEvent: received XR_TYPE_EVENT_DATA_SESSION_STATE_CHANGED: 3 for session 0x3 at time 2766.125749
11-02 20:33:44.905  2725  3041 I [SEO] VrPlatformOpenXr: Session state changed XR_SESSION_STATE_SYNCHRONIZED
11-02 20:33:44.905  2725  3041 I [SEO] VrPlatformOpenXr: xrPollEvent: received XR_TYPE_EVENT_DATA_SESSION_STATE_CHANGED: 4 for session 0x3 at time 2766.125781
11-02 20:33:44.905  2725  3041 I [SEO] VrPlatformOpenXr: Session state changed XR_SESSION_STATE_VISIBLE
11-02 20:33:44.905  2725  3041 I [SEO] VrPlatformOpenXr: xrPollEvent: received XR_TYPE_EVENT_DATA_SESSION_STATE_CHANGED: 5 for session 0x3 at time 2766.125789
11-02 20:33:44.905  2725  3041 I [SEO] VrPlatformOpenXr: Session state changed XR_SESSION_STATE_FOCUSED
11-02 20:33:44.906  2371  2371 I [OAO] ShellOverlayService: onStartCommand(): Intent { cmp=com.oculus.vrshell/.ShellOverlayService }
11-02 20:33:44.908  2161  2161 I OVRMediaService: Received OVERLAY_INPUT_FOCUS_CHANGE. is focused: true
11-02 20:33:44.913  2725  3041 I [SEO] ShellEnvHomeController: copresence: processing currentCollisionShapes
11-02 20:33:44.914  2725  3041 I [SEO] ShellEnvHomeController: Theaterscreen transform node set for the env size x: 4.660000, y: 2.621250
11-02 20:33:44.914  2725  3041 I [SEO] LocalSpace: New Space: quat(0.017186, 0.000458, -0.026620, 0.999498), translation(0.000000, 1.388768, 0.000000) - Prior Space: quat(0.017186, 0.000458, -0.026620, 0.999498), translation(0.000000, 1.388768, 0.000000)
11-02 20:33:44.914  2725  3041 I [SEO] LocalSpace: Local space version from 4 to 5, local space user version from 0 to 0.
11-02 20:33:44.914  3559  4254 I RuntimeIPCClientMgr: RuntimeIPCClientMgr::DisconnectFromServer: 0, Client: com.oculus.systemux:com.oculus.systemux:SystemUX:3559, Server: com.oculus.presence:com.oculus.presence (PubSubServer)
11-02 20:33:44.915  2725  3041 I [SEO] SystemUXController: OnReorient(reason: 3)
11-02 20:33:44.917   840  1171 W TrackingService: attachClient: found client in attached list
11-02 20:33:44.919  2483  2505 I RuntimeIPCServerMgr: HandleClientDisconnect: Client: com.oculus.systemux:com.oculus.systemux:SystemUX:3559, Server: com.oculus.presence:com.oculus.presence (PubSubServer)
11-02 20:33:44.919  3559  4254 I RuntimeIPCClient: RuntimeIPCClient: Shutdown: Client: com.oculus.systemux:com.oculus.systemux:SystemUX:3559, Server: com.oculus.presence:com.oculus.presence (PubSubServer)
11-02 20:33:44.919  3559  4254 I RuntimeIPCApi: ipc_Shutdown
11-02 20:33:44.919  3559  4254 I RuntimeIPCServiceClient: Shutdown: Refs still outstanding: 3, com.oculus.systemux:SystemUX
11-02 20:33:44.919  3559  4254 I RuntimeIPCClientMgr: RuntimeIPCClientMgr::DisconnectFromServer: 0, Client: com.oculus.systemux:com.oculus.systemux:SystemUX:3559, Server: com.oculus.presence:com.oculus.presence (PresenceServer)
11-02 20:33:44.920  2483  2745 I RuntimeIPCServerMgr: HandleClientDisconnect: Client: com.oculus.systemux:com.oculus.systemux:SystemUX:3559, Server: com.oculus.presence:com.oculus.presence (PresenceServer)
11-02 20:33:44.920  3559  4254 I RuntimeIPCClient: RuntimeIPCClient: Shutdown: Client: com.oculus.systemux:com.oculus.systemux:SystemUX:3559, Server: com.oculus.presence:com.oculus.presence (PresenceServer)
11-02 20:33:44.920  1337  7437 I CompositorProgs: [0x79a6082ef8] Built layerProgram 0:0x100000048082:0x0 in 2.5 ms
11-02 20:33:44.920  3559  4254 I RuntimeIPCApi: ipc_Shutdown
11-02 20:33:44.920  3559  4254 I RuntimeIPCServiceClient: Shutdown: Refs still outstanding: 2, com.oculus.systemux:SystemUX
11-02 20:33:44.920  3559  3559 D HyperspaceClient: destroy - end
11-02 20:33:44.920  3559  3559 D HyperspaceClient: release instance, refcount: 0
11-02 20:33:44.920  3559  3559 D [SUI] MessengerCallViewModel: released hyperspace client
11-02 20:33:44.920  3559  3559 D [SUI] MessengerCallViewModel: destroyed MessengerCallViewModel
11-02 20:33:44.920  3559  3559 D [SUI] MessengerCallBarViewModel: destroyed MessengerCallBarViewModel
11-02 20:33:44.920  3559  3559 D [SUI] DynamicAppsView: Destroying DynamicAppsView on AUI bar
11-02 20:33:44.920  3559  3559 D [SUI] MessengerCallViewModel: removeObserver
11-02 20:33:44.920  3559  3559 D [SUI] AnytimeUIPanelAppBase: Releasing viewModel DynamicAppsViewModel refCount: 0
11-02 20:33:44.920  3559  3559 E [SUI] AnytimeUIPanelAppBase: Social view model already destroyed
11-02 20:33:44.920  3559  3559 D [SUI] DynamicAppsViewModel: Destroying DynamicAppsViewModel
11-02 20:33:44.920  3559  3559 E [SUI] AnytimeUIPanelAppBase: Release ViewModel called on already destroyed ViewModelnull
11-02 20:33:44.920  3559  3559 D [SUI] AnytimeUIPanelAppBase: Releasing viewModel BarViewModel refCount: 0
11-02 20:33:44.920  3559  3559 D [SUI] BarViewModel: Destroying BarViewModel
11-02 20:33:44.920  3559  3559 D [SUI] AnytimeUIPanelAppBase: Releasing viewModel SettingsViewModel refCount: 0
11-02 20:33:44.920  3559  3559 D [SUI] SettingsViewModel: Destroying ViewModel
11-02 20:33:44.921  3559  3559 D [SUI] AnytimeUIPanelAppBase: Releasing viewModel StatusViewModel refCount: 2
11-02 20:33:44.922  4075  4199 E OsSdk   : error getting shared memory region, memory type: HeadTracker, failed with Status(-1, EX_SECURITY): 'requested shared memory region when not registered/focused'
11-02 20:33:44.924  2725  3041 I [SEO] TelemetryProvider: aui_reorient system 0 0 0 com.oculus.shellenv
11-02 20:33:44.925  2110  2224 I Clay    : EnvironmentSystem: Loading 'apk://com.environment.matrixloadingvoid/assets/scene.zip' as asset package
11-02 20:33:44.927  3559  3559 E [SUI] AnytimeUIPanelAppBase: Social view model already destroyed
11-02 20:33:44.927  3559  3559 D [SUI] AnytimeUIPanelAppBase: Releasing viewModel StatusViewModel refCount: 1
11-02 20:33:44.927  3559  3559 I [SUI] AnytimeUIAndroidPanelApp: Destroyed AUI PanelApp, isInOverlay: true, instanceCount: 0
11-02 20:33:44.927  3559  3559 D [SUI] AirlinkUtils: Destroying AirlinkUtils...
11-02 20:33:44.927  3559  3559 D [SUI] AnytimeUIPanelAppBase: Releasing viewModel StatusViewModel refCount: 0
11-02 20:33:44.928  3559  3559 D [SUI] StatusViewModel: Destroying ViewModel
11-02 20:33:44.928  3559  3559 I PresenceAPK(ServicePresenceClient): ServicePresenceClient close
11-02 20:33:44.928  3559  3559 I PresenceAPK(GroupManager): removeListener with id AnchoredHomeGroup
11-02 20:33:44.928  3559  3559 I PresenceAPK(ServiceApiManager): onApiNotReady
11-02 20:33:44.928  3559  3559 D PresenceAPK(ServicePresenceClient): Calling onServiceDown
11-02 20:33:44.928  3559  3559 I PresenceAPK(GroupManager): disconnected
11-02 20:33:44.932  2967  3051 I GuardianControllerCollisionTracker: Guardian Controller Collision: Magnitude: 8.689, Duration: -1.000 sec, TimeStamp: 2766.122314 sec
11-02 20:33:44.948  1037  1637 I DisplayManagerService: Display device removed: DisplayDeviceInfo{"com.oculus.android_panel_app.AndroidPanelLayer-#main": uniqueId="virtual:com.oculus.systemux,10026,com.oculus.android_panel_app.AndroidPanelLayer-#main,0", 800 x 110, modeId 70, defaultModeId 70, supportedModes [{id=70, width=800, height=110, fps=60.0}], colorMode 0, supportedColorModes [0], HdrCapabilities null, density 200, 200.0 x 200.0 dpi, appVsyncOff 0, presDeadline 16666666, touch NONE, rotation 0, type VIRTUAL, state ON, owner com.oculus.systemux (uid 10026), FLAG_PRIVATE, FLAG_NEVER_BLANK, FLAG_OWN_CONTENT_ONLY}
11-02 20:33:44.949  3559  3559 D [SUI] NotificationBroadcastReceiver: action: com.oculus.intent.action.NOTIF_CHANGE
11-02 20:33:44.949  3559  3559 D CppPanelService: PanelService()
11-02 20:33:44.949  3559  3559 D CppPanelService: onBind()
11-02 20:33:44.958  2110  2224 I Clay    : Local user with id 106765628877334 does have a custom avatar
11-02 20:33:44.961  2725  2725 D [SEO] PanelServiceConnection: onSeviceConnected - component name (ComponentInfo{com.oculus.systemux/com.oculus.panelapp.anytimeui.AnytimeUIAndroidPanelService}), panel app id (7)
11-02 20:33:44.961  2725  2725 D [SEO] ShellApplication: notify OS to set com.oculus.systemux/com.oculus.panelapp.anytimeui.AnytimeUIAndroidPanelService to FOREGROUND
11-02 20:33:44.963  2725  2725 I [SEO] PanelServiceConnection: verifyFirstPartyUID(Debug Signatures=false, uid=10026) => apkSignatureResult=SigCertInfo(isTrusted=true, packageNames=[com.oculus.systemux], fingerprint sha1=98a1809f3c3e79170e5df8135b500ecfa39df1be, fingerprint sha256=012f8165c191efe8fb0d6d4606aa4abac14d77d1d97d5340860c9f81045aa157, signature=308205cf308203b7a0030201020204097e91c1300d06092a864886f70d01010b0500308197310b3009060355040613025553311330110603550408130a43616c69666f726e6961311330110603550407130a4d656e6c6f205061726b31233021060355040a131a46616365626f6f6b20546563686e6f6c6f676965732c204c4c4331233021060355040b131a46616365626f6f6b20546563686e6f6c6f676965732c204c4c43311430120603550403130b4f63756c75732041707073301e170d3139303730343131333935315a170d3436313131393131333935315a308197310b3009060355040613025553311330110603550408130a43616c69666f726e6961311330110603550407130a4d656e6c6f205061726b31233021060355040a131a46616365626f6f6b20546563686e6f6c6f676965732c204c4c4331233021060355040b131a46616365626f6f6b20546563686e6f6c6f676965732c204c4c43311430120603550403130b4f63756c7573204170707330820222300d06092a864886f70d01010105000382020f003082020a0282020100b815642a5c201c8da044905dafbb06c05fddb75449cc75a716a0434da0493a52a4d60643532c237e76cb41d2c32a5e4474f12b37f632a809b5a5ceb8c6289ecf828e736b4ec452b1c2757bd0b5ed13eff5a7a47ab2ef6cdf60a8d749e9e8603f30d12b5db8f734c57578a2a4ce5ff5737c1f02c629d2dcb4f82726674663a699de94463ff370fa9eb48158831bf0b68bd6ec84293182d52e860bdd81bb9ce9cdd6a77fea0df25004da34d3cce7a31069646aa4628fba9ccb0952163793be9a4edf49a53f83179c2f44d8c87d6c129e8d590af0f3fced26201ee43b31fccd93b497cd198c5cd1f98d64c4f7ad79ca47278c02652d5dc072a99807e22f473f7bae4da2bafcae48cd49ad55a764b8d39f329f6175eac9074307deff48b1c4a6e19b748766617768c31a17feae8478eb7f9ebfb61af2b9f5a692b636342d7ebc53d7146626b51801b5a0a102e281475decdefb8683d0ca2843dc7aaeb6759bcab0dcba38db44f5d7f797a1c9c02dd159c0e3c72b14dc882d31c24ad8abee4ce0f7f0205e05efef551e2551a61e96636ed5dfd7435d3d24f5a130a12f10452cc954aa770d5d95e3e0cb9d7b05c5506a7947f8ff3437b3d82274fdaa156d85bfb7fbcb4fa5557080fedab86520b71d3d533e7bb3e7e3ebe9712b68e755d700b0afbf7595ffa80a6b3d90bfe599769138ee6515df415e32c0abed2b8e4aea1f47351f490203010001a321301f301d0603551d0e04160414a3c939e6b71c43bc9193f773c0351be1aff311f9300d06092a864886f70d01010b050003820201004e4c865231f2a3583c6af9488ecf9aa96b1ee84e2d7bfad00581537dc70c54ecfcf360e563d018efa4cdd77bf6fc4c9f1a20ebd4215cf1538686d4089bdcc8adb6ae4497ead14b0c18efd52ce93357019973e94e16b3326c60885b1bdc5f9cad1098f16732935876d8d19bda3ceeaaa69a83c4e2231710c6735f88abdfffe3dfa2be3f18f894923441b4e4a9c9664ed6294c16d7c073547063bfdbbefad184a001f1dce2feffdc96d10eb16a3bfbcd382cd297ca3b4edb7ebacd1a9931a1368a5157ceaebbca5b39bd5db5461a340db8ec076d38a94bcdd042bfb51388158ba97a49b631c1762fa746c7bb36eaf15cae23fa993cfb052e824f2ae173ea27b50a6cca91eb955f4faf131514757e5a3ecae9df6d23771279b7742f28fb9ce394eb9e03926f550716f1312355a5efdc479d8347b516cff55cb14307c81280142cacf2fd6562a2baacbfc97869272b1c51abf79121de8bab227e001313d4115eb9b33a332ebb34e290f14b5352ef1038f7a5f3740c9d1136b3526de4331deb4fa529c36a17c04c3e64d4f6ebda73d6e6e18281e3948fd11e685eab6611be1bc62839bce5962715e7f6537e6c083bcd3538d17407b26c850cd6b3f5e2149fdef027a6cfb7ed0f93c928aca14927b10c6a3f104ba1b10413af8b1868b84a004e5ddd065fff26a7bb3c818bb5a2d69aedf9441ef9033efae3ef52282a96f66d4b4ff3f2)
11-02 20:33:44.964  3559  4187 I CppPanelService: verifyVrShellUID(Debug Signatures=false, uid=10020) => apkSignatureResult=SigCertInfo(isTrusted=true, packageNames=[com.oculus.vrshell], fingerprint sha1=331660b6dd3bd582f3dfd3cbae4546724668a021, fingerprint sha256=dc2f834e3c1942378b14f076c82cd1ab59ea6566bff4730b2047e98efc9f9daf, signature=3082038d30820275a00302010202041303858a300d06092a864886f70d01010b05003077310b3009060355040613025553310b3009060355040813024341311330110603550407130a4d656e6c6f205061726b31173015060355040a130e4f63756c75732056522c204c4c4331173015060355040b130e4f63756c75732056522c204c4c43311430120603550403130b4f63756c75732041707073301e170d3134313033303231343032315a170d3432303331373231343032315a3077310b3009060355040613025553310b3009060355040813024341311330110603550407130a4d656e6c6f205061726b31173015060355040a130e4f63756c75732056522c204c4c4331173015060355040b130e4f63756c75732056522c204c4c43311430120603550403130b4f63756c7573204170707330820122300d06092a864886f70d01010105000382010f003082010a0282010100a34c7fbd96dea95d811f21a0d760cabca85f2df5dbe19b62aca7a3e3e0b6e48f7e173345f2753c458d639cc2e222eeee4cfb5e89ac1c5060044414056709a43a7f1a6f1e4f2c3d708c48912634be08ad6da1fff92d9c0d4b85e4bc8a8b1c27de84c04eb1e6577c10693500af46beaf7bd2ce72a06a46f4e565859f242cecbef1a431ae8096db712cebe73840bacc64de6b99077ba1ca8c20e5d0b4870bd161f087abbf568dfef58e604068ca6f7cdea183c8681c306bc30cb223e7c5ce3a2fcf00d13e158475b3700ef62dcca46c57baecca4d91052e20b861a1a085d5fc8e99aed8c4a9cfd550d01e54ef5062133befcf7f9ea6a5a1d1575a72cd82279f34030203010001a321301f301d0603551d0e04160414ec7ccdaf8ccdc6dd1b87d4b561582ad8ec397b80300d06092a864886f70d01010b0500038201010014c557ecddc17ba8b979618036e7093b8e7307f624644532c31239f4dc83fd9424267ca7670fa9f78689cbc5bfd8a6312fdc214bd159d614a8753ceec0f2b2d9166217895b13c992e1d10ca625a3153dacfa51dbdb7fde139bd59510f5add29f88be3826b445ce7386dcf06577be72fbdf118fa81179091fad275981409e02d40422d8e86df5827a2c496a4b905b4825c3f1ba0af4cf509bf9b0d4d608cf0b4320ac60d1a8cbcc384de24f11a4c93c0fc5b887cbd6855871af1b1ef729c51a8a123efc6a627b6494e81a264587443b9156ad17772863c2f9685fae9c72a552b333f8ef2822bce5d4d178e45b3a8dd4e321924f6a5ba43f732971a9e74cbf0433), time=1 ms
11-02 20:33:44.965  3559  3559 D CppPanelService: BEGIN: Initializing panel application via MSG_CREATE_PANEL_APP.
11-02 20:33:44.965  3559  3559 I AndroidPanelApp: Created
11-02 20:33:44.966  3559  3559 V LifecycleAwareViewModelStore: LifecycleAwareViewModelStore created
11-02 20:33:44.966  3559  3559 V LifecycleAwarePanelApp: PanelApp initial lifecycle started and moved from state INITIALIZED to state RESUMED
11-02 20:33:44.969  3559  3559 I [SUI] ConsumerConfiguration: Setting SystemUX Configuration and Policy Settings.
11-02 20:33:44.969  3559  3559 D [SUI] AnytimeUIBroadcastReceiver: requestCaptureState being sent
11-02 20:33:44.970  3559  7657 D QuickPromotionController: Initialized and enabled.
11-02 20:33:44.970  3559  7657 D QuickPromotionController: Fetching Quick Promotions for all surfaces.
11-02 20:33:44.970  3559  7657 D QuickPromotionController: Initialized and enabled.
11-02 20:33:44.970  3559  7657 D QuickPromotionController: Set access token.
11-02 20:33:44.970  3559  3559 D [SUI] StatusViewModel: Constructing ViewModel
11-02 20:33:44.971  3559  7657 D QuickPromotionController: Fetched Quick Promotions for all surfaces.
11-02 20:33:44.972  3559  3559 I android_os_HwBinder: HwBinder: Starting thread pool for getting: vendor.oculus.hardware.battery@1.0::IBattery/default
11-02 20:33:44.972  2161  2161 I OVRMediaService: onStartCommand Received message type: com.oculus.horizon.GET_CAPTURE_STATE_ACTION, caller package: no_app_identity, app identify: null
11-02 20:33:44.973  4075  4199 E OsSdk   : error getting shared memory region, memory type: HeadTracker, failed with Status(-1, EX_SECURITY): 'requested shared memory region when not registered/focused'
11-02 20:33:44.975  3559  3559 D [SUI] StatusViewModel: Initializing wifi status BroadcastReceiver
11-02 20:33:44.976  3559  3559 D [SUI] StatusViewModel: Initialized wifi status BroadcastReceiver
11-02 20:33:44.978  3559  3559 D [SUI] AnytimeUIPanelAppBase: Acquiring viewModel StatusViewModel refCount: 1
11-02 20:33:44.978  3559  3559 D [SUI] AirlinkUtils: Initializing AirlinkUtils...
11-02 20:33:44.979  3559  3559 D [SUI] AirlinkUtils: Initializing wifi status BroadcastReceiver
11-02 20:33:44.989  3559  3559 D OsSdk   : XrspBroker: setALEnabled 0
11-02 20:33:44.989  3559  3559 I [SUI] XrspBrokerHelper: Set AirLink Enabled Secured: 0
11-02 20:33:44.989   879  3654 D xrspd   : setALEnabled 0
11-02 20:33:44.989   879  3654 D xrspd   : setAlinkEnabledCallback disabled, already using usb, ignoring
11-02 20:33:44.989  3559  3559 I [SUI] AnytimeUIAndroidPanelApp: Creating AUI PanelApp, isInOverlay: false, instanceCount: 1
11-02 20:33:44.996  3559  3559 D [SUI] ActivityManagerUtilsHelper: Enabling the activity listener capability with initial foreground package com.oculus.shellenv
11-02 20:33:44.999  2161  2161 I FileCapture: broadcast capture state to AUI running = false, with mode -1
11-02 20:33:44.999  3559  3559 D [SUI] AnytimeUIBroadcastReceiver: requestCaptureState being sent
11-02 20:33:45.000  2725  2725 D [SEO] ShellControlBroadcastReceiver: onReceive with MainActivity native pointer 3765964976, action com.oculus.systemactivities.CAPTURE_STATE_UPDATE
11-02 20:33:45.000  2725  2725 D [SEO] ShellControlBroadcastReceiver: isLaunchAction = false, isTrustedAppLaunch = false
11-02 20:33:45.000  2725  2725 D [SEO] ShellControlBroadcastReceiver: IsCaptureStateUpdateAction
11-02 20:33:45.000  3559  3559 D [SUI] SocialViewModel: Constructing ViewModel
11-02 20:33:45.002  3559  3559 D [SUI] AnytimeUIPanelAppBase: Acquiring viewModel SocialViewModel refCount: 1
11-02 20:33:45.002  3559  3559 D [SUI] DynamicAppsViewModel: Initializing pinned apps
11-02 20:33:45.003  3559  3559 D [SUI] AppStateUtil: Notifying observers com.oculus.explore is pinned=true
11-02 20:33:45.003  3559  3559 D [SUI] AppStateUtil: Notifying observers com.oculus.store is pinned=true
11-02 20:33:45.003  3559  3559 D [SUI] AppStateUtil: Notifying observers messenger_system_app is pinned=true
11-02 20:33:45.003  3559  3559 D [SUI] AppStateUtil: Notifying observers share_system_app is pinned=true
11-02 20:33:45.003  3559  3559 D [SUI] AnytimeUIPanelAppBase: Acquiring viewModel DynamicAppsViewModel refCount: 1
11-02 20:33:45.003  3559  3559 D [SUI] SharingViewModel: Constructing ViewModel
11-02 20:33:45.004  3559  3559 D [SUI] SharingViewModel: clearAbuseReportRecordingTimer
11-02 20:33:45.005  3559  3559 D [SUI] AnytimeUIPanelAppBase: Acquiring viewModel SharingViewModel refCount: 1
11-02 20:33:45.005  3559  3559 I AndroidPanelApp: HideLayer(#main, shape: 1, shouldMinimizeLayer: false)
11-02 20:33:45.005  2371  2371 D DeviceHelper: isScreenOn = true
11-02 20:33:45.005  2371  2371 D [OAO] ShellOverlayBroadcastReceiver: onReceive with ShellOverlayService native pointer 3766405568, action com.oculus.systemactivities.CAPTURE_STATE_UPDATE
11-02 20:33:45.007  1037  1699 I DisplayManagerService: Display device added: DisplayDeviceInfo{"com.oculus.android_panel_app.AndroidPanelLayer-#main": uniqueId="virtual:com.oculus.systemux,10026,com.oculus.android_panel_app.AndroidPanelLayer-#main,0", 800 x 1250, modeId 71, defaultModeId 71, supportedModes [{id=71, width=800, height=1250, fps=60.0}], colorMode 0, supportedColorModes [0], HdrCapabilities null, density 200, 200.0 x 200.0 dpi, appVsyncOff 0, presDeadline 16666666, touch NONE, rotation 0, type VIRTUAL, state OFF, owner com.oculus.systemux (uid 10026), FLAG_PRIVATE, FLAG_NEVER_BLANK, FLAG_OWN_CONTENT_ONLY}
11-02 20:33:45.009  2967  3051 I GuardianControllerCollisionTracker: Guardian Controller Collision: Magnitude: 4.305, Duration: -1.000 sec, TimeStamp: 2766.205811 sec
11-02 20:33:45.014  4075  4199 E OsSdk   : error getting shared memory region, memory type: HeadTracker, failed with Status(-1, EX_SECURITY): 'requested shared memory region when not registered/focused'
11-02 20:33:45.014  2161  2161 I OVRMediaServiceManager: Metacam is not enabled.
11-02 20:33:45.016  4075  4199 E OsSdk   : error getting shared memory region, memory type: AnchorTracker, failed with Status(-1, EX_SECURITY): 'requested shared memory region when not registered/focused'
11-02 20:33:45.017  2110  2232 I Clay    : Avatar2ResourceSystem: Loaded compute animation. prim S0_L2_M1_V0_optimized_geom,0 11 vtx buff: 12 vtx size: 98504 mt size: 0
11-02 20:33:45.017  2110  2232 I Clay    : Avatar2ResourceSystem: Loaded mesh. prim S0_L2_M1_V0_optimized_geom,0 11 vtx buff: 12
11-02 20:33:45.021  3559  3559 D [SUI] BarViewModel: Constructing BarViewModel
11-02 20:33:45.022  3559  3559 D [SUI] AnytimeUIPanelAppBase: Acquiring viewModel BarViewModel refCount: 1
