10-17 20:42:43.073   736  4123 D ACDB-LOADER: ACDB -> AUDIO_SET_VOL_CAL cal type = 40
10-17 20:42:43.073  1462  1462 V AvrcpMediaPlayerList: onPlaybackConfigChanged(): Configs list size=5
10-17 20:42:43.073  1462  1462 V AvrcpMediaPlayerList: onPlaybackConfigChanged(): Configs list size=5
10-17 20:42:43.075  3448 11855 W OVRLibrary: null cursor received for query content://com.oculus.ocms.library/apps/com.oculus.shellenv
10-17 20:42:43.076  3448  3448 V LifecycleAwareViewModelStore: LifecycleAwareViewModelStore destroyed
10-17 20:42:43.076  3448  3448 V LifecycleAwarePanelApp: PanelApp lifecycle moved to final state: DESTROYED
10-17 20:42:43.076  3448  3448 I AndroidPanelApp: Destroyed
10-17 20:42:43.076  1689  1689 D OculusNotificationListenerService: Notification posted: 0|android|0|com.android.server.wm.AlertWindowNotification - com.oculus.vrshell|1000
10-17 20:42:43.078  2077  2143 I Clay    : xrPollEvent: DISPLAY_REFRESH_RATE_CHANGED_FB: 72.000000 -> 90.000000
10-17 20:42:43.079  3448  3448 D [SUI] AnytimeUIPanelAppBase: Releasing viewModel DynamicAppsViewModel refCount: 1
10-17 20:42:43.080  3448  3448 D [SUI] AnytimeUIPanelAppBase: Releasing viewModel SharingViewModel refCount: 0
10-17 20:42:43.080  3448  3448 D [SUI] SharingViewModel: Destroying ViewModel
10-17 20:42:43.080  2286  2286 D [OAO] VrBroadcastReceiver: action: com.oculus.vrshell.intent.action.NOTIFICATION_WAKE
10-17 20:42:43.081  3153  3227 I ipcLoader_static: RuntimeIPC: Loader: IPC Service API Loader Version: 31 Sep 26 2022 14:33:58
10-17 20:42:43.081  3153  3227 I RuntimeIPCApi: ipc_Initialize
10-17 20:42:43.081  3153  3227 I RuntimeIPCServiceClient: Init: Already initialized: com.oculus.vrshell, 17
10-17 20:42:43.082  1764  1787 D RuntimeIPCServerMgr: RegisterClient: Client: com.oculus.vrshell:com.oculus.vrshell:3153, Server: com.oculus.os.dialoghost:com.oculus.os.dialoghost (DialogHostService)
10-17 20:42:43.082  2286  2286 D [OAO] VrNotificationService: VrNotificationService onStartCommand() Intent { cmp=com.oculus.vrshell/.VrNotificationService }
10-17 20:42:43.082  1764  1787 I IPCSharedMemory: CreateSharedMemory: Allocated shared memory fd 42 (ipcStateReadWrite)
10-17 20:42:43.083  1764  1787 I IPCSharedMemory: CreateSharedMemory: Allocated shared memory fd 43 (ipcReadOnlyState)
10-17 20:42:43.083  1764  1787 I RuntimeIPCServerMgr: Event buffer size (server): 8192
10-17 20:42:43.083  1764  1787 I IPCSharedMemory: CreateSharedMemory: Allocated shared memory fd 44 (ipcEventBuffer)
10-17 20:42:43.083  1764  1787 I IPCSharedMemory: CreateSharedMemory: Allocated shared memory fd 45 (ipcEventBuffer_Private)
10-17 20:42:43.084  2147  2147 E OVRMediaServiceManager: LivestreamingManager Not initialized
10-17 20:42:43.084  2147  2147 I OVRMediaService: onStartCommand Received message type: set_package_name, caller package: no_app_identity, app identify: null
10-17 20:42:43.084  2147  2147 I OVRMediaService: Got package name intent (com.oculus.shellenv)
10-17 20:42:43.085  1764  1787 I RuntimeIPCServerMgr: HandleClientConnect SUCCESS: Client: com.oculus.vrshell:com.oculus.vrshell:3153, Server: com.oculus.os.dialoghost:com.oculus.os.dialoghost (DialogHostService)
10-17 20:42:43.086  3448  3448 D [SUI] SharingViewModel: clearAbuseReportRecordingTimer
10-17 20:42:43.086  3448  3448 D [SUI] BarView: Destroying BarView
10-17 20:42:43.086  3448  3448 D [SUI] SocialViewModel: removeObserver(): -$$Lambda$SystemStatusView$hvdttGlyfUmlGZJVTLPJRt2c5Fk
10-17 20:42:43.086  3448  3448 D [SUI] AnytimeUIPanelAppBase: Releasing viewModel SocialViewModel refCount: 1
10-17 20:42:43.086  3448  3448 D [SUI] AnytimeUIPanelAppBase: Releasing viewModel SystemStatusViewModel refCount: 0
10-17 20:42:43.086  3448  3448 D [SUI] AnytimeUIPanelAppBase: Releasing viewModel BarViewModel refCount: 1
10-17 20:42:43.086  3448  3448 D [SUI] StatusViewModel: Destroying ViewModel
10-17 20:42:43.087  2147  2147 I OVRMediaServiceManager: Sending onAppStart (com.oculus.shellenv) to SocialPlatform (com.oculus.socialplatform)
10-17 20:42:43.089  3448  3448 D [SUI] AnytimeUIPanelAppBase: Releasing viewModel ActiveCallBarViewModel refCount: 0
10-17 20:42:43.089  3448  3448 D [SUI] AnytimeUIPanelAppBase: Releasing viewModel SocialViewModel refCount: 0
10-17 20:42:43.089  3448  3448 D [SUI] SocialViewModel: Destroying ViewModel
10-17 20:42:43.090  3448  3448 I PresenceAPK(ServicePresenceClient): ServicePresenceClient close
10-17 20:42:43.090  3448  3448 I PresenceAPK(GroupManager): removeListener with id SystemCallGroup
10-17 20:42:43.090  3448  3448 I PresenceAPK(ServiceApiManager): onApiNotReady
10-17 20:42:43.090  1764  3687 I RuntimeIPCServerMgr: GetServerStatesConfig -> {MaxBufferSize=32768, MaxEntries=64}
10-17 20:42:43.091  3153  3227 I RuntimeIPCClient: GetServerStatesConfig returned maxEntries=64, maxBuffSize=32768
10-17 20:42:43.091  3448  3448 D PresenceAPK(ServicePresenceClient): Calling onServiceDown
10-17 20:42:43.091  3153  3227 I RuntimeIPCClient: Event buffer size (client): 8192
10-17 20:42:43.091  3153  3227 I RuntimeIPCClient: TryToGetIPCResourcesFromServer: RPC_CONNECTOR_CONNECT_TO_SERVER SUCCESS: Client: com.oculus.vrshell:com.oculus.vrshell:3153, Server: com.oculus.os.dialoghost:com.oculus.os.dialoghost (DialogHostService)
10-17 20:42:43.091  3153  3227 I RuntimeIPCClient: EnsureServerConnection: SUCCESS. Client: com.oculus.vrshell:com.oculus.vrshell:3153, Server: com.oculus.os.dialoghost:com.oculus.os.dialoghost (DialogHostService)
10-17 20:42:43.091  3153  3227 I RuntimeIPCClientMgr: ConnectToServer: SUCCESS: Client: com.oculus.vrshell:com.oculus.vrshell:3153, Server: com.oculus.os.dialoghost:com.oculus.os.dialoghost (DialogHostService)
10-17 20:42:43.091  3448  3448 I PresenceAPK(GroupManager): disconnected
10-17 20:42:43.092  3153  3227 I [SEO] OsDialogProvider: dialogHostClient.InitClient SUCCESS
10-17 20:42:43.092  3153  3227 I OpenXR_Hands: ------------ xrGetHandMeshFB -----------
10-17 20:42:43.093  3153  3227 I OpenXR_Hands: ------------ xrGetHandMeshFB -----------
10-17 20:42:43.093  3153  3227 D VrRuntimeClient: loadDriverResource - resourceName: 'hand_left' 
10-17 20:42:43.097  3448  3448 D [SUI] MessengerCallViewModel: removeObserver
10-17 20:42:43.097  3448  3448 D [SUI] AnytimeUIPanelAppBase: Releasing viewModel MessengerCallViewModel refCount: 0
10-17 20:42:43.097  3448  3448 D HyperspaceClient: destroy - start
10-17 20:42:43.098  3153  3227 I OpenXR_Hands: ------------ xrGetHandMeshFB -----------
10-17 20:42:43.099  3153  3227 I OpenXR_Hands: ------------ xrGetHandMeshFB -----------
10-17 20:42:43.099  3153  3227 D VrRuntimeClient: loadDriverResource - resourceName: 'hand_right' 
10-17 20:42:43.100  2286  2286 D VrNotificationAnalytics: logNotificationPosted: key(0|android|0|com.android.server.wm.AlertWindowNotification - com.oculus.vrshell|1000), type(third_party), isToast(false)
10-17 20:42:43.102  2286  3081 I [OAO] VrPlatformOpenXr: xrPollEvent: received XR_TYPE_EVENT_DATA_DISPLAY_REFRESH_RATE_CHANGED_FB event: fromRate 72.000000 -> toRate 90.000000
10-17 20:42:43.102  3153  3227 I [SEO] LocalSpace: Reset - initialRawFromLocalPose: quat(0.022461, -0.958412, -0.203577, -0.198743), translation(0.897062, 0.638165, 0.663281)
10-17 20:42:43.102  3153  3227 I [SEO] LocalSpace: Applying VRAPI Reorient, the reorient reason is 3
10-17 20:42:43.102  1931  3226 I VrRuntimeService: RuntimeServiceSDKServer::RecenterLocalSpace
10-17 20:42:43.102  1931  3226 I VrRuntimeService: RuntimeServiceSDKServer::RecenterLocalSpaceInternal
10-17 20:42:43.103  1931  3226 I VrRuntimeServer: UpdateLocalSpace: Src: 2, Version: 48, VersionUser: 1, RawFloorHeightOld: -1.199934, RawFloorHeightNew: -1.199934
10-17 20:42:43.103  2286  2286 I [OAO] VrNotificationListenerService: onNotificationPosted() - key = 0|android|0|com.android.server.wm.AlertWindowNotification - com.oculus.vrshell|1000, type = third_party, isToast = false, isBlocked with reason = true Blocked by does not contain all markers for a toast notification
10-17 20:42:43.103  3187  3239 I GuardianSystem: UpdateSystem: Responding to local space version number change.
10-17 20:42:43.103  3187  3239 I GuardianSurfaceMgr: ForceShowSurfaceBounds: Soft fade out: currentTime 2409.99, ForceShowTime 2410.99, ForceShowFadeTime 2411.99
10-17 20:42:43.103  3187  3239 I GuardianSystem: ForceShowGuardian: false, 1.00
10-17 20:42:43.107  2077  2143 I Clay    : xrPollEvent: REFERENCE_SPACE_CHANGE_PENDING
10-17 20:42:43.111  3153  3227 I [SEO] PanelAppOSLifecycleNotificationManager: Sending frameState isForeground:0 to OS for app com.oculus.systemux/com.oculus.panelapp.anytimeui.AnytimeUIAndroidPanelService
10-17 20:42:43.115  3187  3239 I StateMachine: StateMachine::Update ForceShow: forceShowForTime -> ForceShowOnForTime
10-17 20:42:43.118  3153  3227 I [SEO] ShellEnvHomeController: copresence: received setCollisionShapes
10-17 20:42:43.118  3153  3227 I VrRuntimeClient: UpdateEvents: HMT was mounted
10-17 20:42:43.119  3153 11966 I FenceChecker: FenceChecker::MainLoop - started
10-17 20:42:43.119  2147  2147 E OVRMediaServiceManager: LivestreamingManager Not initialized
10-17 20:42:43.120  2147  2147 I OVRMediaServiceManager: Sending onAppStart (com.oculus.shellenv) to SocialPlatform (com.oculus.socialplatform)
10-17 20:42:43.121  3153  3227 I OpenXR  : PostSessionStateChange: XR_SESSION_STATE_READY -> XR_SESSION_STATE_SYNCHRONIZED
10-17 20:42:43.121  3153  3227 I [SEO] VrPlatformOpenXr: xrPollEvent: received XR_TYPE_EVENT_DATA_MOUNT_STATE_CHANGED_FB event: isMounted 1
10-17 20:42:43.121  3153  3227 I OpenXR  : PostSessionStateChange: XR_SESSION_STATE_SYNCHRONIZED -> XR_SESSION_STATE_VISIBLE
10-17 20:42:43.121  3153  3227 I OpenXR  : PostSessionStateChange: XR_SESSION_STATE_VISIBLE -> XR_SESSION_STATE_FOCUSED
10-17 20:42:43.121  3153  3227 I [SEO] VrPlatformOpenXr: xrPollEvent: received XR_TYPE_EVENT_DATA_REFERENCE_SPACE_CHANGE_PENDING event
10-17 20:42:43.121  3153  3227 I [SEO] VrPlatformOpenXr: xrPollEvent: received XR_TYPE_EVENT_DATA_DISPLAY_REFRESH_RATE_CHANGED_FB event: fromRate 72.000000 -> toRate 90.000000
10-17 20:42:43.121  3153  3227 I [SEO] VrPlatformOpenXr: xrPollEvent: received XR_TYPE_EVENT_DATA_SESSION_STATE_CHANGED: 3 for session 0x3 at time 2410.009180
10-17 20:42:43.121  3153  3227 I [SEO] VrPlatformOpenXr: Session state changed XR_SESSION_STATE_SYNCHRONIZED
10-17 20:42:43.121  3153  3227 I [SEO] VrPlatformOpenXr: xrPollEvent: received XR_TYPE_EVENT_DATA_SESSION_STATE_CHANGED: 4 for session 0x3 at time 2410.009242
10-17 20:42:43.121  3153  3227 I [SEO] VrPlatformOpenXr: Session state changed XR_SESSION_STATE_VISIBLE
10-17 20:42:43.121  3153  3227 I [SEO] VrPlatformOpenXr: xrPollEvent: received XR_TYPE_EVENT_DATA_SESSION_STATE_CHANGED: 5 for session 0x3 at time 2410.009254
10-17 20:42:43.121  3153  3227 I [SEO] VrPlatformOpenXr: Session state changed XR_SESSION_STATE_FOCUSED
10-17 20:42:43.129  3153  3227 I [SEO] ShellApp: HMD Mount State Changed - mounted - duration in prior state 51.790119s
10-17 20:42:43.129  3153  3227 I [SEO] LocalSpace: ResetNextFrame
10-17 20:42:43.129  3153  3227 I [SEO] ShellEnvHomeController: copresence: processing currentCollisionShapes
10-17 20:42:43.130  3153  3227 I [SEO] ShellEnvHomeController: Theaterscreen transform node set for the env size x: 4.660000, y: 2.621250
10-17 20:42:43.130  3153  3227 I [SEO] LocalSpace: New Space: quat(-0.161670, 0.010131, 0.061715, 0.984861), translation(0.000000, 1.419882, 0.000000) - Prior Space: quat(0.203812, -0.004210, -0.020220, -0.978792), translation(0.000000, 1.838099, 0.000000)
10-17 20:42:43.130  3153  3227 I [SEO] LocalSpace: Local space version from 31 to 32, local space user version from 1 to 1.
10-17 20:42:43.130  3153  3227 I [SEO] SystemTaskBar: Create PanelApp
10-17 20:42:43.130  3153  3227 I [SEO] PanelAppLaunchInfo: PanelAppLaunchInfo componentString:com.oculus.systemux/com.oculus.panelapp.anytimeui.AnytimeUIAndroidPanelService packageName:com.oculus.systemux serviceName:com.oculus.panelapp.anytimeui.AnytimeUIAndroidPanelService componentName:com.oculus.systemux/com.oculus.panelapp.anytimeui.AnytimeUIAndroidPanelService
10-17 20:42:43.130  3153  3227 I [SEO] HostPlatform: Retrieving component launch information for package (com.oculus.systemux) and service (com.oculus.panelapp.anytimeui.AnytimeUIAndroidPanelService)
10-17 20:42:43.133  3153  3227 I [SEO] HostPlatform: Is valid panel service component for package (com.oculus.systemux) and service (com.oculus.panelapp.anytimeui.AnytimeUIAndroidPanelService) - true
10-17 20:42:43.133  3153  3227 I [SEO] ShellApp: CreatePanelApp( com.oculus.systemux/com.oculus.panelapp.anytimeui.AnytimeUIAndroidPanelService )
10-17 20:42:43.133  3153  3227 I [SEO] ShellApp: Environment:
10-17 20:42:43.133  3153  3227 I [SEO] PanelAppHost: PanelAppHost constructor, panel 18 (com.oculus.systemux/com.oculus.panelapp.anytimeui.AnytimeUIAndroidPanelService)
10-17 20:42:43.133  3153  3227 I [SEO] PanelAppHost: Panel app 18 (com.oculus.systemux/com.oculus.panelapp.anytimeui.AnytimeUIAndroidPanelService) changing state from startup to foreground
10-17 20:42:43.134  1931  3145 I VrRuntimeService: CreateAndroidSurfaceSwapChain: 3775695447
10-17 20:42:43.134  1931  3145 I VrRuntimeService: CreateAndroidSurfaceSwapChain: 131072 1 32856 65536 65536 1 1 1 0 3
10-17 20:42:43.134  1931  2875 I SwapChain_Surface: CreateAndroidSurfaceSwapChainGLES: 0x78f1abd000: SurfaceTexture 0x2ae2 Surface 0x2af2
10-17 20:42:43.134  1931  3145 I VrRuntimeServer: CreateAndroidSurfaceSwapChain: result surface 0x78f1abd000
10-17 20:42:43.136  1931  3145 I VrRuntimeService: CreateAndroidSurfaceSwapChain: 3775695447
10-17 20:42:43.136  1931  3145 I VrRuntimeService: CreateAndroidSurfaceSwapChain: 131072 1 32856 65536 65536 1 1 1 0 3
10-17 20:42:43.137  1931  2875 I SwapChain_Surface: CreateAndroidSurfaceSwapChainGLES: 0x78f1b42000: SurfaceTexture 0x2b26 Surface 0x2b36
10-17 20:42:43.137  1931  3145 I VrRuntimeServer: CreateAndroidSurfaceSwapChain: result surface 0x78f1b42000
10-17 20:42:43.138  3153  3227 I [SEO] PanelAppHost: Passing env var _oc_analytics_session_id = 40e1d70b-0f51-4414-b3b4-f3f4a8dc698f
10-17 20:42:43.138  3153  3227 I [SEO] PanelAppHost: Passing env var _oc_userid = 106765628877334
10-17 20:42:43.138  3153  3227 I [SEO] PanelAppHost: Passing env var _oc_shell_version_name = 46.0.0.226.0
10-17 20:42:43.138  3153  3227 I [SEO] PanelAppHost: Passing env var _oc_shell_version_code = 406523266
10-17 20:42:43.138  3153  3227 I [SEO] PanelAppHost: Passing env var _oc_shell_automation_enabled = false
10-17 20:42:43.138  3153  3227 I [SEO] PanelAppHost: Passing env var _oc_shell_view_id_debugging_enabled = false
10-17 20:42:43.138  3153  3227 I [SEO] PanelAppHost: Passing env var _oc_shell_pixel_density = 20
10-17 20:42:43.138  3153  3227 I [SEO] PanelAppHost: Passing env var _oc_shell_render_scale = 1.250000
10-17 20:42:43.138  3153  3227 I [SEO] PanelAppHost: Passing env var _oc_shell_ux_policy = {"panelBackgroundLayerOriginDepths":{"far":0.2,"mid":0.1,"near":0.015}}
10-17 20:42:43.138  3153  3227 I [SEO] PanelAppHost: Passing env var _oc_shell_panel_session_id = 40e1d70b-0f51-4414-b3b4-f3f4a8dc698f-18
10-17 20:42:43.138  3153  3227 I [SEO] PanelAppHost: Passing env var _oc_shell_back_navigation_enabled = false
10-17 20:42:43.138  3153  3227 I [SEO] PanelAppHost: Passing env var _oc_shell_feature_sets = appmenu-v1,appmenu-v2,cooperativeState-v2,destinationUi-v2,dragDrop-v1,layerClipping-v1,layerClipping-v2,layerOptions-v1,layerTranslate-v1,multiapp-v1,multiapp-v2,multiapp-v3,multitasking-v1,recoverInstances-v1,shellPanelAdaptability-v1,systemActionBackgroundPanels-v1,systemThemeSetting-v1,system-reauth-v1,system-ux-file-picker-v1,vrNotificationsBootLoad-v1,controlBar-v1,theaterScreen,copresence-v1,copresenceVersion-v1,vrLibraryAppLock-v1
10-17 20:42:43.138  3153  3227 I [SEO] PanelAppHost: Passing env var _oc_launch_timestamp = 2410021
10-17 20:42:43.138  3153  3227 I [SEO] PanelAppHost: Passing env var _oc_shell_host = vrshell
10-17 20:42:43.138  3153  3227 I [SEO] PanelAppHost: Passing env var _oc_shell_panel_id = 18
10-17 20:42:43.138  3153  3227 I [SEO] PanelAppHost: Calling sendPanelLaunchIntent for panel app 18 (com.oculus.systemux/com.oculus.panelapp.anytimeui.AnytimeUIAndroidPanelService)
10-17 20:42:43.139  3153  3227 D [SEO] ShellApplication: sendApkPanelLaunchIntent: packageName=com.oculus.systemux, serviceClassName=com.oculus.panelapp.anytimeui.AnytimeUIAndroidPanelService
10-17 20:42:43.143  3153  3227 D [SEO] PanelServiceConnection: getSystemProcessUidForCurrentUser: 'android' systemUid = 1000
10-17 20:42:43.143  3153  3227 D [SEO] ShellApplication: bindService Intent { cmp=com.oculus.systemux/com.oculus.panelapp.anytimeui.AnytimeUIAndroidPanelService }
10-17 20:42:43.152  2286  3081 I [OAO] VrPlatformOpenXr: xrPollEvent: received XR_TYPE_EVENT_DATA_REFERENCE_SPACE_CHANGE_PENDING event
10-17 20:42:43.154  3153  3227 D [SEO] ShellApplication: notify OS to set com.oculus.systemux/com.oculus.panelapp.anytimeui.AnytimeUIAndroidPanelService to FOREGROUND
10-17 20:42:43.155  2147  2147 E OVRMediaServiceManager: LivestreamingManager Not initialized
10-17 20:42:43.156  3153  3227 I [SEO] DesktopFocusManager: Focused panel changed from 16 to 0
10-17 20:42:43.157  3153  3227 I ClientInputTrackedKeyboardManager: TRACKEDKEYBOARD created PTKServiceClient
10-17 20:42:43.157  3153  3227 I PTKService: PTKServiceClient Init
10-17 20:42:43.157  3153  3227 I ipcLoader_static: RuntimeIPC: Loader: IPC Service API Loader Version: 31 Sep  6 2022 02:18:27
10-17 20:42:43.157  3153  3227 I RuntimeIPCApi: ipc_Initialize
10-17 20:42:43.157  3153  3227 I RuntimeIPCServiceClient: Init: Already initialized: com.oculus.vrshell, 18
10-17 20:42:43.159  2286  2286 I [OAO] ShellOverlayService: onStartCommand(): Intent { cmp=com.oculus.vrshell/.ShellOverlayService }
10-17 20:42:43.160  3153  3227 I [SEO] InputManager: Adding controller deviceId = 2
10-17 20:42:43.161  3153  3227 I [SEO] ModelCache: Load controller model
10-17 20:42:43.162  3153  3227 I [SEO] InputManager: Adding controller deviceId = 1
10-17 20:42:43.162  3153  3227 I [SEO] ModelCache: Load controller model
10-17 20:42:43.163  3153  3227 I [SEO] InputManager: Switching primary device (id -1 to 2).
10-17 20:42:43.163  3153  3227 I [SEO] InputManager: Switching secondary device (id to 1).
10-17 20:42:43.163  3153  3227 I [SEO] SystemUXController: OnReorient(reason: 3)
10-17 20:42:43.166  3153  3227 I [SEO] TelemetryProvider: aui_reorient system 0 0 0 com.oculus.shellenv
10-17 20:42:43.166  1764  3687 I RuntimeIPCServerMgr: GetServerStatesConfig -> {MaxBufferSize=32768, MaxEntries=64}
10-17 20:42:43.166  3153  3227 I RuntimeIPCClient: GetServerStatesConfig returned maxEntries=64, maxBuffSize=32768
10-17 20:42:43.166  3153  3227 I RuntimeIPCClient: InitServerStateBuffer: SUCCESS. 1, Client: com.oculus.vrshell:com.oculus.vrshell:3153, Server: com.oculus.os.dialoghost:com.oculus.os.dialoghost (DialogHostService)
10-17 20:42:43.166  3153  3227 I [SEO] PanelAppOSLifecycleNotificationManager: Sending frameState isForeground:1 to OS for app com.oculus.systemux/com.oculus.panelapp.anytimeui.AnytimeUIAndroidPanelService
10-17 20:42:43.167  2077  2143 I Clay    : Local user with id 106765628877334 does have a custom avatar
10-17 20:42:43.167  2077  2143 I Clay    : EnvironmentSystem: setCurrentEnvironment from '' to 'apk://com.environment.matrixloadingvoid/assets/scene.zip'. Computed visibility: Hidden (reason: LayerRendering)
10-17 20:42:43.167  3153  3227 I [SEO] LocalSpace: Reset - initialRawFromLocalPose: quat(-0.103985, -0.943716, -0.138322, 0.281878), translation(0.608668, 0.219948, 0.358950)
10-17 20:42:43.167  2077  2143 I Clay    : OpenXR: set refresh-rate: 90.000000Hz
10-17 20:42:43.167  3153  3227 I [SEO] LocalSpace: Applying VRAPI Reorient, the reorient reason is 3
10-17 20:42:43.167  1931  3226 I VrRuntimeService: RuntimeServiceSDKServer::RecenterLocalSpace
10-17 20:42:43.167  1931  3226 I VrRuntimeService: RuntimeServiceSDKServer::RecenterLocalSpaceInternal
10-17 20:42:43.167  1931  3226 I VrRuntimeServer: UpdateLocalSpace: Src: 2, Version: 49, VersionUser: 1, RawFloorHeightOld: -1.199934, RawFloorHeightNew: -1.199934
10-17 20:42:43.167  2077  2143 I Clay    : xrPollEvent: REFERENCE_SPACE_CHANGE_PENDING
10-17 20:42:43.168  2147  2147 I OVRMediaService: onStartCommand Received message type: overlay_input_focus_change, caller package: com.oculus.vrshell, app identify: AppIdentity{uid=10020, packageNames=[com.oculus.vrshell], sha1=MxZgtt071YLz39PLrkVGckZooCE, sha2=3C-DTjwZQjeLFPB2yCzRq1nqZWa_9HMLIEfpjvyfna8, version=null, domain=null}
10-17 20:42:43.169  2147  2781 W OVRLibrary: null cursor received for query content://com.oculus.ocms.library/apps/com.oculus.vrshell
10-17 20:42:43.174  3187  3239 I GuardianSystem: UpdateSystem: Responding to local space version number change.
10-17 20:42:43.174  2077  2143 I Clay    : EnvironmentSystem: computed visibility changed from Hidden to Visible (reason: <none>)
10-17 20:42:43.174  2077  2143 I Clay    : EnvironmentSystem: Loading 'apk://com.environment.matrixloadingvoid/assets/scene.zip' as asset package
10-17 20:42:43.174  3187  3239 I GuardianSurfaceMgr: ForceShowSurfaceBounds: Soft fade out: currentTime 2410.06, ForceShowTime 2411.06, ForceShowFadeTime 2412.06
10-17 20:42:43.174  3187  3239 I GuardianSystem: ForceShowGuardian: false, 1.00
10-17 20:42:43.174  3153  3227 I [SEO] VrPlatformOpenXr: xrPollEvent: received XR_TYPE_EVENT_DATA_REFERENCE_SPACE_CHANGE_PENDING event
10-17 20:42:43.177  2147  2147 I OVRMediaService: Received OVERLAY_INPUT_FOCUS_CHANGE. is focused: true
10-17 20:42:43.183  3153  3227 I [SEO] LocalSpace: New Space: quat(-0.162764, 0.010449, 0.063208, 0.984583), translation(0.000000, 1.418900, 0.000000) - Prior Space: quat(-0.162764, 0.010449, 0.063208, 0.984583), translation(0.000000, 1.418900, 0.000000)
10-17 20:42:43.183  3153  3227 I [SEO] LocalSpace: Local space version from 32 to 33, local space user version from 1 to 1.
10-17 20:42:43.184  3153  3227 I [SEO] SystemUXController: OnReorient(reason: 3)
10-17 20:42:43.187  3448 11864 I RuntimeIPCClientMgr: RuntimeIPCClientMgr::DisconnectFromServer: 0, Client: com.oculus.systemux:com.oculus.systemux:SystemUX:3448, Server: com.oculus.presence:com.oculus.presence (PubSubServer)
10-17 20:42:43.187  2502  3105 I RuntimeIPCServerMgr: HandleClientDisconnect: Client: com.oculus.systemux:com.oculus.systemux:SystemUX:3448, Server: com.oculus.presence:com.oculus.presence (PubSubServer)
10-17 20:42:43.188  3448 11864 I RuntimeIPCClient: RuntimeIPCClient: Shutdown: Client: com.oculus.systemux:com.oculus.systemux:SystemUX:3448, Server: com.oculus.presence:com.oculus.presence (PubSubServer)
10-17 20:42:43.189  3448 11864 I RuntimeIPCApi: ipc_Shutdown
10-17 20:42:43.190  3448 11864 I RuntimeIPCServiceClient: Shutdown: Refs still outstanding: 3, com.oculus.systemux:SystemUX
10-17 20:42:43.191  3448 11864 I RuntimeIPCClientMgr: RuntimeIPCClientMgr::DisconnectFromServer: 0, Client: com.oculus.systemux:com.oculus.systemux:SystemUX:3448, Server: com.oculus.presence:com.oculus.presence (PresenceServer)
10-17 20:42:43.191  2502  3105 I RuntimeIPCServerMgr: HandleClientDisconnect: Client: com.oculus.systemux:com.oculus.systemux:SystemUX:3448, Server: com.oculus.presence:com.oculus.presence (PresenceServer)
10-17 20:42:43.191  3448 11864 I RuntimeIPCClient: RuntimeIPCClient: Shutdown: Client: com.oculus.systemux:com.oculus.systemux:SystemUX:3448, Server: com.oculus.presence:com.oculus.presence (PresenceServer)
10-17 20:42:43.191  3153  3227 I [SEO] TelemetryProvider: aui_reorient system 0 0 0 com.oculus.shellenv
10-17 20:42:43.191  3448 11864 I RuntimeIPCApi: ipc_Shutdown
10-17 20:42:43.191  3448 11864 I RuntimeIPCServiceClient: Shutdown: Refs still outstanding: 2, com.oculus.systemux:SystemUX
10-17 20:42:43.192  3448  3448 D HyperspaceClient: destroy - end
10-17 20:42:43.192  3448  3448 D HyperspaceClient: release instance, refcount: 0
10-17 20:42:43.192  3448  3448 D [SUI] MessengerCallViewModel: released hyperspace client
10-17 20:42:43.192  3448  3448 D [SUI] MessengerCallViewModel: destroyed MessengerCallViewModel
10-17 20:42:43.192  3448  3448 D [SUI] MessengerCallBarViewModel: destroyed MessengerCallBarViewModel
10-17 20:42:43.192  3448  3448 D [SUI] DynamicAppsView: Destroying DynamicAppsView on AUI bar
10-17 20:42:43.192  3448  3448 D [SUI] MessengerCallViewModel: removeObserver
10-17 20:42:43.193  3448  3448 D [SUI] AnytimeUIPanelAppBase: Releasing viewModel DynamicAppsViewModel refCount: 0
10-17 20:42:43.193  3448  3448 E [SUI] AnytimeUIPanelAppBase: Social view model already destroyed
10-17 20:42:43.194  3448  3448 D [SUI] DynamicAppsViewModel: Destroying DynamicAppsViewModel
10-17 20:42:43.194  3448  3448 E [SUI] AnytimeUIPanelAppBase: Release ViewModel called on already destroyed ViewModelnull
10-17 20:42:43.194  3448  3448 D [SUI] AnytimeUIPanelAppBase: Releasing viewModel BarViewModel refCount: 0
10-17 20:42:43.194  3448  3448 D [SUI] BarViewModel: Destroying BarViewModel
10-17 20:42:43.195  3448  3448 D [SUI] AnytimeUIPanelAppBase: Releasing viewModel SettingsViewModel refCount: 0
10-17 20:42:43.195  3448  3448 D [SUI] SettingsViewModel: Destroying ViewModel
10-17 20:42:43.202  3448  3448 D [SUI] AnytimeUIPanelAppBase: Releasing viewModel StatusViewModel refCount: 2
10-17 20:42:43.203  2286  3081 I [OAO] VrPlatformOpenXr: xrPollEvent: received XR_TYPE_EVENT_DATA_REFERENCE_SPACE_CHANGE_PENDING event
10-17 20:42:43.214  3448  3448 E [SUI] AnytimeUIPanelAppBase: Social view model already destroyed
10-17 20:42:43.214  3448  3448 D [SUI] AnytimeUIPanelAppBase: Releasing viewModel StatusViewModel refCount: 1
10-17 20:42:43.214  3448  3448 I [SUI] AnytimeUIAndroidPanelApp: Destroyed AUI PanelApp, isInOverlay: true, instanceCount: 0
10-17 20:42:43.214  3448  3448 D [SUI] AirlinkUtils: Destroying AirlinkUtils...
10-17 20:42:43.215  3448  3448 D [SUI] AnytimeUIPanelAppBase: Releasing viewModel StatusViewModel refCount: 0
10-17 20:42:43.215  3448  3448 D [SUI] StatusViewModel: Destroying ViewModel
10-17 20:42:43.217  3448  3448 I PresenceAPK(ServicePresenceClient): ServicePresenceClient close
10-17 20:42:43.218  3448  3448 I PresenceAPK(GroupManager): removeListener with id AnchoredHomeGroup
10-17 20:42:43.218  3448  3448 I PresenceAPK(ServiceApiManager): onApiNotReady
10-17 20:42:43.218  3448  3448 D PresenceAPK(ServicePresenceClient): Calling onServiceDown
10-17 20:42:43.218  3448  3448 I PresenceAPK(GroupManager): disconnected
10-17 20:42:43.232  1056 11951 I DisplayManagerService: Display device removed: DisplayDeviceInfo{"com.oculus.android_panel_app.AndroidPanelLayer-#main": uniqueId="virtual:com.oculus.systemux,10026,com.oculus.android_panel_app.AndroidPanelLayer-#main,0", 800 x 110, modeId 110, defaultModeId 110, supportedModes [{id=110, width=800, height=110, fps=60.0}], colorMode 0, supportedColorModes [0], HdrCapabilities null, density 200, 200.0 x 200.0 dpi, appVsyncOff 0, presDeadline 16666666, touch NONE, rotation 0, type VIRTUAL, state OFF, owner com.oculus.systemux (uid 10026), FLAG_PRIVATE, FLAG_NEVER_BLANK, FLAG_OWN_CONTENT_ONLY}
10-17 20:42:43.233  3448  3448 D CppPanelService: onDestroy()
10-17 20:42:43.234  3448  3448 D [SUI] ActivityManagerUtilsHelper: onFocusedWindowChanged: Instance: com.oculus.panelapp.anytimeui.utils.ActivityManagerUtilsHelper@79e813a, topWindowUid: 10020, focusedApp: com.oculus.vrshell, previousApp: com.oculus.shellenv
10-17 20:42:43.238  1639  1669 I nifiedtelemetr: Background young concurrent copying GC freed 233024(14MB) AllocSpace objects, 118(3524KB) LOS objects, 62% free, 10MB/28MB, paused 663us total 100.641ms
10-17 20:42:43.242  3448  3448 D [SUI] ActivityManagerUtilsHelper: onFocusedWindowChanged: Instance: com.oculus.panelapp.anytimeui.utils.ActivityManagerUtilsHelper@239bdce, topWindowUid: 10020, focusedApp: com.oculus.vrshell, previousApp: com.oculus.shellenv
10-17 20:42:43.259  3448  3448 D [SUI] ActivityManagerUtilsHelper: onFocusedWindowChanged: Instance: com.oculus.panelapp.anytimeui.utils.ActivityManagerUtilsHelper@2d1bfb1, topWindowUid: 10020, focusedApp: com.oculus.vrshell, previousApp: com.oculus.shellenv
10-17 20:42:43.259  3448  3448 D [SUI] NotificationBroadcastReceiver: action: com.oculus.intent.action.NOTIF_CHANGE
10-17 20:42:43.259  3448  3448 D CppPanelService: PanelService()
10-17 20:42:43.259  3448  3448 D CppPanelService: onBind()
10-17 20:42:43.260  3153  3153 D [SEO] PanelServiceConnection: onSeviceConnected - component name (ComponentInfo{com.oculus.systemux/com.oculus.panelapp.anytimeui.AnytimeUIAndroidPanelService}), panel app id (18)
10-17 20:42:43.260  3153  3153 D [SEO] ShellApplication: notify OS to set com.oculus.systemux/com.oculus.panelapp.anytimeui.AnytimeUIAndroidPanelService to FOREGROUND
10-17 20:42:43.270  3153  3153 I [SEO] PanelServiceConnection: verifyFirstPartyUID(Debug Signatures=false, uid=10026) => apkSignatureResult=SigCertInfo(isTrusted=true, packageNames=[com.oculus.systemux], fingerprint sha1=98a1809f3c3e79170e5df8135b500ecfa39df1be, fingerprint sha256=012f8165c191efe8fb0d6d4606aa4abac14d77d1d97d5340860c9f81045aa157, signature=308205cf308203b7a0030201020204097e91c1300d06092a864886f70d01010b0500308197310b3009060355040613025553311330110603550408130a43616c69666f726e6961311330110603550407130a4d656e6c6f205061726b31233021060355040a131a46616365626f6f6b20546563686e6f6c6f676965732c204c4c4331233021060355040b131a46616365626f6f6b20546563686e6f6c6f676965732c204c4c43311430120603550403130b4f63756c75732041707073301e170d3139303730343131333935315a170d3436313131393131333935315a308197310b3009060355040613025553311330110603550408130a43616c69666f726e6961311330110603550407130a4d656e6c6f205061726b31233021060355040a131a46616365626f6f6b20546563686e6f6c6f676965732c204c4c4331233021060355040b131a46616365626f6f6b20546563686e6f6c6f676965732c204c4c43311430120603550403130b4f63756c7573204170707330820222300d06092a864886f70d01010105000382020f003082020a0282020100b815642a5c201c8da044905dafbb06c05fddb75449cc75a716a0434da0493a52a4d60643532c237e76cb41d2c32a5e4474f12b37f632a809b5a5ceb8c6289ecf828e736b4ec452b1c2757bd0b5ed13eff5a7a47ab2ef6cdf60a8d749e9e8603f30d12b5db8f734c57578a2a4ce5ff5737c1f02c629d2dcb4f82726674663a699de94463ff370fa9eb48158831bf0b68bd6ec84293182d52e860bdd81bb9ce9cdd6a77fea0df25004da34d3cce7a31069646aa4628fba9ccb0952163793be9a4edf49a53f83179c2f44d8c87d6c129e8d590af0f3fced26201ee43b31fccd93b497cd198c5cd1f98d64c4f7ad79ca47278c02652d5dc072a99807e22f473f7bae4da2bafcae48cd49ad55a764b8d39f329f6175eac9074307deff48b1c4a6e19b748766617768c31a17feae8478eb7f9ebfb61af2b9f5a692b636342d7ebc53d7146626b51801b5a0a102e281475decdefb8683d0ca2843dc7aaeb6759bcab0dcba38db44f5d7f797a1c9c02dd159c0e3c72b14dc882d31c24ad8abee4ce0f7f0205e05efef551e2551a61e96636ed5dfd7435d3d24f5a130a12f10452cc954aa770d5d95e3e0cb9d7b05c5506a7947f8ff3437b3d82274fdaa156d85bfb7fbcb4fa5557080fedab86520b71d3d533e7bb3e7e3ebe9712b68e755d700b0afbf7595ffa80a6b3d90bfe599769138ee6515df415e32c0abed2b8e4aea1f47351f490203010001a321301f301d0603551d0e04160414a3c939e6b71c43bc9193f773c0351be1aff311f9300d06092a864886f70d01010b050003820201004e4c865231f2a3583c6af9488ecf9aa96b1ee84e2d7bfad00581537dc70c54ecfcf360e563d018efa4cdd77bf6fc4c9f1a20ebd4215cf1538686d4089bdcc8adb6ae4497ead14b0c18efd52ce93357019973e94e16b3326c60885b1bdc5f9cad1098f16732935876d8d19bda3ceeaaa69a83c4e2231710c6735f88abdfffe3dfa2be3f18f894923441b4e4a9c9664ed6294c16d7c073547063bfdbbefad184a001f1dce2feffdc96d10eb16a3bfbcd382cd297ca3b4edb7ebacd1a9931a1368a5157ceaebbca5b39bd5db5461a340db8ec076d38a94bcdd042bfb51388158ba97a49b631c1762fa746c7bb36eaf15cae23fa993cfb052e824f2ae173ea27b50a6cca91eb955f4faf131514757e5a3ecae9df6d23771279b7742f28fb9ce394eb9e03926f550716f1312355a5efdc479d8347b516cff55cb14307c81280142cacf2fd6562a2baacbfc97869272b1c51abf79121de8bab227e001313d4115eb9b33a332ebb34e290f14b5352ef1038f7a5f3740c9d1136b3526de4331deb4fa529c36a17c04c3e64d4f6ebda73d6e6e18281e3948fd11e685eab6611be1bc62839bce5962715e7f6537e6c083bcd3538d17407b26c850cd6b3f5e2149fdef027a6cfb7ed0f93c928aca14927b10c6a3f104ba1b10413af8b1868b84a004e5ddd065fff26a7bb3c818bb5a2d69aedf9441ef9033efae3ef52282a96f66d4b4ff3f2)
10-17 20:42:43.274  3448 11445 I CppPanelService: verifyVrShellUID(Debug Signatures=false, uid=10020) => apkSignatureResult=SigCertInfo(isTrusted=true, packageNames=[com.oculus.vrshell], fingerprint sha1=331660b6dd3bd582f3dfd3cbae4546724668a021, fingerprint sha256=dc2f834e3c1942378b14f076c82cd1ab59ea6566bff4730b2047e98efc9f9daf, signature=3082038d30820275a00302010202041303858a300d06092a864886f70d01010b05003077310b3009060355040613025553310b3009060355040813024341311330110603550407130a4d656e6c6f205061726b31173015060355040a130e4f63756c75732056522c204c4c4331173015060355040b130e4f63756c75732056522c204c4c43311430120603550403130b4f63756c75732041707073301e170d3134313033303231343032315a170d3432303331373231343032315a3077310b3009060355040613025553310b3009060355040813024341311330110603550407130a4d656e6c6f205061726b31173015060355040a130e4f63756c75732056522c204c4c4331173015060355040b130e4f63756c75732056522c204c4c43311430120603550403130b4f63756c7573204170707330820122300d06092a864886f70d01010105000382010f003082010a0282010100a34c7fbd96dea95d811f21a0d760cabca85f2df5dbe19b62aca7a3e3e0b6e48f7e173345f2753c458d639cc2e222eeee4cfb5e89ac1c5060044414056709a43a7f1a6f1e4f2c3d708c48912634be08ad6da1fff92d9c0d4b85e4bc8a8b1c27de84c04eb1e6577c10693500af46beaf7bd2ce72a06a46f4e565859f242cecbef1a431ae8096db712cebe73840bacc64de6b99077ba1ca8c20e5d0b4870bd161f087abbf568dfef58e604068ca6f7cdea183c8681c306bc30cb223e7c5ce3a2fcf00d13e158475b3700ef62dcca46c57baecca4d91052e20b861a1a085d5fc8e99aed8c4a9cfd550d01e54ef5062133befcf7f9ea6a5a1d1575a72cd82279f34030203010001a321301f301d0603551d0e04160414ec7ccdaf8ccdc6dd1b87d4b561582ad8ec397b80300d06092a864886f70d01010b0500038201010014c557ecddc17ba8b979618036e7093b8e7307f624644532c31239f4dc83fd9424267ca7670fa9f78689cbc5bfd8a6312fdc214bd159d614a8753ceec0f2b2d9166217895b13c992e1d10ca625a3153dacfa51dbdb7fde139bd59510f5add29f88be3826b445ce7386dcf06577be72fbdf118fa81179091fad275981409e02d40422d8e86df5827a2c496a4b905b4825c3f1ba0af4cf509bf9b0d4d608cf0b4320ac60d1a8cbcc384de24f11a4c93c0fc5b887cbd6855871af1b1ef729c51a8a123efc6a627b6494e81a264587443b9156ad17772863c2f9685fae9c72a552b333f8ef2822bce5d4d178e45b3a8dd4e321924f6a5ba43f732971a9e74cbf0433), time=3 ms
10-17 20:42:43.274  3448  3448 D CppPanelService: BEGIN: Initializing panel application via MSG_CREATE_PANEL_APP.
10-17 20:42:43.275  3448  3448 I AndroidPanelApp: Created
10-17 20:42:43.275  3448  3448 V LifecycleAwareViewModelStore: LifecycleAwareViewModelStore created
10-17 20:42:43.275  3448  3448 V LifecycleAwarePanelApp: PanelApp initial lifecycle started and moved from state INITIALIZED to state RESUMED
10-17 20:42:43.277  3448  3448 I [SUI] ConsumerConfiguration: Setting SystemUX Configuration and Policy Settings.
10-17 20:42:43.278  3448  3448 D [SUI] AnytimeUIBroadcastReceiver: requestCaptureState being sent
10-17 20:42:43.278  3448 11970 D QuickPromotionController: Initialized and enabled.
10-17 20:42:43.278  3448 11970 D QuickPromotionController: Fetching Quick Promotions for all surfaces.
10-17 20:42:43.278  3448 11970 D QuickPromotionController: Initialized and enabled.
10-17 20:42:43.278  3448 11970 D QuickPromotionController: Set access token.
10-17 20:42:43.279  3448  3448 D [SUI] StatusViewModel: Constructing ViewModel
10-17 20:42:43.279  3448 11970 D QuickPromotionController: Fetched Quick Promotions for all surfaces.
10-17 20:42:43.281  2147  2147 I OVRMediaService: onStartCommand Received message type: com.oculus.horizon.GET_CAPTURE_STATE_ACTION, caller package: no_app_identity, app identify: null
10-17 20:42:43.283  3448  3448 I android_os_HwBinder: HwBinder: Starting thread pool for getting: vendor.oculus.hardware.battery@1.0::IBattery/default
10-17 20:42:43.287  3448  3448 D [SUI] StatusViewModel: Initializing wifi status BroadcastReceiver
10-17 20:42:43.288  3448  3448 D [SUI] StatusViewModel: Initialized wifi status BroadcastReceiver
10-17 20:42:43.295  3448  3448 D [SUI] AnytimeUIPanelAppBase: Acquiring viewModel StatusViewModel refCount: 1
10-17 20:42:43.295  3448  3448 D [SUI] AirlinkUtils: Initializing AirlinkUtils...
10-17 20:42:43.296  3448  3448 D [SUI] AirlinkUtils: Initializing wifi status BroadcastReceiver
10-17 20:42:43.300  2077  2143 I Clay    : EnvironmentSystem::update: setting scene background audio for scene zip 'apk://com.environment.matrixloadingvoid/assets/scene.zip'
10-17 20:42:43.300  2077  2143 I Clay    : EnvironmentAudioSystem::setSceneBackgroundLoop: set scene audio: apk://com.environment.matrixloadingvoid/assets/scene.zip
10-17 20:42:43.300  3448  3448 D OsSdk   : XrspBroker: setALEnabled 0
10-17 20:42:43.300  3448  3448 I [SUI] XrspBrokerHelper: Set AirLink Enabled Secured: 0
10-17 20:42:43.300   891   914 D xrspd   : setALEnabled 0
10-17 20:42:43.300   891   914 D xrspd   : setAlinkEnabledCallback disabled, already using usb, ignoring
10-17 20:42:43.300  3448  3448 I [SUI] AnytimeUIAndroidPanelApp: Creating AUI PanelApp, isInOverlay: false, instanceCount: 1
10-17 20:42:43.300  2077  2143 I Clay    : EnvironmentSystem: Scene loaded
10-17 20:42:43.301  2077  2143 I Clay    : SharedHomeSystem::_onEnvironmentActivated
10-17 20:42:43.311  3153  3227 I [SEO] ShellEnvHomeController: copresence: received setCollisionShapes
10-17 20:42:43.311  3448  3448 D [SUI] ActivityManagerUtilsHelper: Enabling the activity listener capability with initial foreground package com.oculus.shellenv
10-17 20:42:43.315  3448  3448 D [SUI] AnytimeUIBroadcastReceiver: requestCaptureState being sent
10-17 20:42:43.320  3153  3153 D [SEO] ShellControlBroadcastReceiver: onReceive with MainActivity native pointer 3860443360, action com.oculus.systemactivities.CAPTURE_STATE_UPDATE
10-17 20:42:43.320  3153  3153 D [SEO] ShellControlBroadcastReceiver: isLaunchAction = false, isTrustedAppLaunch = false
10-17 20:42:43.320  3153  3153 D [SEO] ShellControlBroadcastReceiver: IsCaptureStateUpdateAction
10-17 20:42:43.320  3448  3448 D [SUI] SocialViewModel: Constructing ViewModel
10-17 20:42:43.320  2147  2147 I FileCapture: broadcast capture state to AUI running = false, with mode -1
10-17 20:42:43.322  3153  3227 I [SEO] ShellEnvHomeController: copresence: processing currentCollisionShapes
10-17 20:42:43.322  3153  3227 I [SEO] ShellEnvHomeController: Theaterscreen transform node set for the env size x: 4.660000, y: 2.621250
10-17 20:42:43.323  2286  2286 D DeviceHelper: isScreenOn = true
10-17 20:42:43.323  2286  2286 D [OAO] ShellOverlayBroadcastReceiver: onReceive with ShellOverlayService native pointer 3860094272, action com.oculus.systemactivities.CAPTURE_STATE_UPDATE
10-17 20:42:43.324  3448  3448 D [SUI] AnytimeUIPanelAppBase: Acquiring viewModel SocialViewModel refCount: 1
10-17 20:42:43.325  3448  3448 D [SUI] DynamicAppsViewModel: Initializing pinned apps
10-17 20:42:43.325  3448  3448 D [SUI] AppStateUtil: Notifying observers com.oculus.explore is pinned=true
10-17 20:42:43.325  3448  3448 D [SUI] AppStateUtil: Notifying observers com.oculus.store is pinned=true
10-17 20:42:43.325  3448  3448 D [SUI] AppStateUtil: Notifying observers messenger_system_app is pinned=true
10-17 20:42:43.325  3448  3448 D [SUI] AppStateUtil: Notifying observers share_system_app is pinned=true
10-17 20:42:43.325  3448  3448 D [SUI] AnytimeUIPanelAppBase: Acquiring viewModel DynamicAppsViewModel refCount: 1
10-17 20:42:43.325  3448  3448 D [SUI] SharingViewModel: Constructing ViewModel
10-17 20:42:43.329  3448  3448 D [SUI] SharingViewModel: clearAbuseReportRecordingTimer
10-17 20:42:43.329  3448  3448 D [SUI] AnytimeUIPanelAppBase: Acquiring viewModel SharingViewModel refCount: 1
10-17 20:42:43.329  3448  3448 I AndroidPanelApp: HideLayer(#main, shape: 1, shouldMinimizeLayer: false)
10-17 20:42:43.331  1056  1072 I DisplayManagerService: Display device added: DisplayDeviceInfo{"com.oculus.android_panel_app.AndroidPanelLayer-#main": uniqueId="virtual:com.oculus.systemux,10026,com.oculus.android_panel_app.AndroidPanelLayer-#main,0", 800 x 1250, modeId 111, defaultModeId 111, supportedModes [{id=111, width=800, height=1250, fps=60.0}], colorMode 0, supportedColorModes [0], HdrCapabilities null, density 200, 200.0 x 200.0 dpi, appVsyncOff 0, presDeadline 16666666, touch NONE, rotation 0, type VIRTUAL, state OFF, owner com.oculus.systemux (uid 10026), FLAG_PRIVATE, FLAG_NEVER_BLANK, FLAG_OWN_CONTENT_ONLY}
10-17 20:42:43.344  3448 11980 D CCodec  : allocate(c2.android.raw.decoder)
10-17 20:42:43.345   842  3863 V C2Store : in init
10-17 20:42:43.348   842  3863 V C2Store : loading dll
10-17 20:42:43.350  3448  3448 D [SUI] BarViewModel: Constructing BarViewModel
10-17 20:42:43.350  3448  3448 D [SUI] AnytimeUIPanelAppBase: Acquiring viewModel BarViewModel refCount: 1
10-17 20:42:43.350  3448  3448 D [SUI] SettingsViewModel: Constructing ViewModel
10-17 20:42:43.351  3448  3448 D [SUI] AnytimeUIPanelAppBase: Acquiring viewModel StatusViewModel refCount: 2
10-17 20:42:43.355  3448 11980 I CCodec  : Created component [c2.android.raw.decoder]
10-17 20:42:43.355  3448 11980 D CCodecConfig: read media type: audio/raw
10-17 20:42:43.356  3448  3448 D [SUI] AnytimeUIPanelAppBase: Acquiring viewModel SettingsViewModel refCount: 1
10-17 20:42:43.356  3448  3448 D [SUI] AnytimeUIPanelAppBase: Acquiring viewModel StatusViewModel refCount: 3
10-17 20:42:43.356  3448  3448 D [SUI] ActiveCallBarViewModel: Constructing ActiveCallBarViewModel
10-17 20:42:43.356  3448  3448 I [SUI] PartiesCallBarViewModel: new ServicePresenceClient
10-17 20:42:43.356  3448  3448 I PresenceAPK(ServiceApiManager): Trying to bind to presence service API.
10-17 20:42:43.357  1056 10709 W ActivityManager: Unable to start service Intent { act=com.oculus.presence.StablePresenceService cmp=com.oculus.presence/.services.presence.PresenceService } U=0: not found
10-17 20:42:43.357  3448  3448 E PresenceAPK(ServiceApiManager): Enabling backward compatible mode for service directory
10-17 20:42:43.359  3448 11980 D ReflectedParamUpdater: extent() != 1 for single value type: algo.buffers.max-count.values
10-17 20:42:43.359  3448 11980 D ReflectedParamUpdater: extent() != 1 for single value type: output.subscribed-indices.values
10-17 20:42:43.359  3448 11980 D ReflectedParamUpdater: extent() != 1 for single value type: input.buffers.allocator-ids.values
10-17 20:42:43.359  3448 11980 D ReflectedParamUpdater: extent() != 1 for single value type: output.buffers.allocator-ids.values
10-17 20:42:43.360  3448 11980 D ReflectedParamUpdater: extent() != 1 for single value type: algo.buffers.allocator-ids.values
10-17 20:42:43.360  3448 11980 D ReflectedParamUpdater: extent() != 1 for single value type: output.buffers.pool-ids.values
10-17 20:42:43.360  3448 11980 D ReflectedParamUpdater: extent() != 1 for single value type: algo.buffers.pool-ids.values
10-17 20:42:43.360  3448 11980 I CCodecConfig: query failed after returning 8 values (BAD_INDEX)
10-17 20:42:43.360  3448 11980 D CCodecConfig: c2 config diff is Dict {
10-17 20:42:43.360  3448 11980 D CCodecConfig:   c2::u32 coded.bitrate.value = 64000
10-17 20:42:43.360  3448 11980 D CCodecConfig:   c2::u32 input.buffers.max-size.value = 65536
10-17 20:42:43.360  3448 11980 D CCodecConfig:   c2::u32 input.delay.value = 0
10-17 20:42:43.360  3448 11980 D CCodecConfig:   string input.media-type.value = "audio/raw"
10-17 20:42:43.360  3448 11980 D CCodecConfig:   string output.media-type.value = "audio/raw"
10-17 20:42:43.360  3448 11980 D CCodecConfig:   c2::u32 raw.channel-count.value = 2
10-17 20:42:43.360  3448 11980 D CCodecConfig:   c2::u32 raw.pcm-encoding.value = 0
10-17 20:42:43.360  3448 11980 D CCodecConfig:   c2::u32 raw.sample-rate.value = 44100
10-17 20:42:43.360  3448 11980 D CCodecConfig: }
10-17 20:42:43.361  3448 11980 D CCodecConfig: no c2 equivalents for durationUs
10-17 20:42:43.361  3448 11980 D CCodecConfig: no c2 equivalents for track-id
10-17 20:42:43.361  3448 11980 D CCodecConfig: no c2 equivalents for bits-per-sample
10-17 20:42:43.361  3448 11980 D CCodecConfig: no c2 equivalents for channel-mask
10-17 20:42:43.361  2147  2147 I OVRMediaServiceManager: Metacam is not enabled.
10-17 20:42:43.362  3448 11980 D CCodecConfig: c2 config diff is   c2::u32 raw.channel-count.value = 1
10-17 20:42:43.362  3448 11980 D CCodecConfig:   c2::u32 raw.sample-rate.value = 48000
10-17 20:42:43.362  3448 11980 W Codec2Client: query -- param skipped: index = 1107298332.
10-17 20:42:43.362  3448 11980 D CCodec  : setup formats input: AMessage(what = 0x00000000) = {
10-17 20:42:43.362  3448 11980 D CCodec  :   int32_t channel-count = 1
10-17 20:42:43.362  3448 11980 D CCodec  :   int32_t max-input-size = 65536
10-17 20:42:43.362  3448 11980 D CCodec  :   string mime = "audio/raw"
10-17 20:42:43.362  3448 11980 D CCodec  :   int32_t pcm-encoding = 2
10-17 20:42:43.362  3448 11980 D CCodec  :   int32_t sample-rate = 48000
10-17 20:42:43.362  3448 11980 D CCodec  : } and output: AMessage(what = 0x00000000) = {
10-17 20:42:43.362  3448 11980 D CCodec  :   int32_t channel-count = 1
10-17 20:42:43.362  3448 11980 D CCodec  :   string mime = "audio/raw"
10-17 20:42:43.362  3448 11980 D CCodec  :   int32_t pcm-encoding = 2
10-17 20:42:43.362  3448 11980 D CCodec  :   int32_t sample-rate = 48000
10-17 20:42:43.362  3448 11980 D CCodec  :   int32_t channel-mask = 0
10-17 20:42:43.362  3448 11980 D CCodec  : }
10-17 20:42:43.362  3448 11980 W Codec2Client: query -- param skipped: index = 1342179345.
10-17 20:42:43.362  3448 11980 W Codec2Client: query -- param skipped: index = 2415921170.
10-17 20:42:43.363  3448 11980 D CCodecBufferChannel: [c2.android.raw.decoder#554] Created input block pool with allocatorID 16 => poolID 30 - OK (0)
10-17 20:42:43.365  3448  3736 D BufferPoolAccessor: bufferpool2 0x78f96dd620 : 0(0 size) total buffers - 0(0 size) used buffers - 0/5 (recycle/alloc) - 4/8 (fetch/transfer)
10-17 20:42:43.365  3448  3736 D BufferPoolAccessor: Destruction - bufferpool2 0x78f96dd620 cached: 0/0M, 0/0% in use; allocs: 5, 0% recycled; transfers: 8, 50% unfetced
10-17 20:42:43.366  3448 11980 I CCodecBufferChannel: [c2.android.raw.decoder#554] Created output block pool with allocatorID 16 => poolID 74 - OK
10-17 20:42:43.366  3448 11980 D CCodecBufferChannel: [c2.android.raw.decoder#554] Configured output block pool ids 74 => OK
10-17 20:42:43.372   842 11981 D SimpleC2Component: Using output block pool with poolID 74 => got 74 - 0
10-17 20:42:43.378  1056  1080 W InputReader: Device has associated, but no associated display id.
10-17 20:42:43.392  1056  1082 W InputReader: Device has associated, but no associated display id.
10-17 20:42:43.392  1056  1082 I ActivityTaskManager: Override config changes=20005df8 {0.0 ?mcc?mnc ?localeList ?layoutDir sw640dp w640dp h1000dp 200dpi lrg port ?uimode ?night -touch qwerty/v/v -nav/h winConfig={ mBounds=Rect(0, 0 - 800, 1250) mAppBounds=Rect(0, 0 - 800, 1250) mWindowingMode=fullscreen mDisplayWindowingMode=fullscreen mActivityType=undefined mAlwaysOnTop=undefined mRotation=ROTATION_0}} for displayId=50
10-17 20:42:43.394  3448  3448 D PresenceAPK(PresenceClient): setEventListener id=SystemCallGroup
10-17 20:42:43.394  3448  3448 I PresenceAPK(GroupManager): addListener for id SystemCallGroup
10-17 20:42:43.394  3448  3448 D [SUI] MessengerCallBarViewModel: constructing MessengerCallBarViewModel
10-17 20:42:43.394  3448  3448 D [SUI] MessengerCallViewModel: constructing MessengerCallViewModel, instance count:14
10-17 20:42:43.395  3448  3448 D HyperspaceClient: acquire instance, refcount: 1
10-17 20:42:43.395  3448  3448 D [SUI] MessengerCallViewModel: hyperspace client created
10-17 20:42:43.395  3448  3448 D [SUI] AnytimeUIPanelAppBase: Acquiring viewModel MessengerCallViewModel refCount: 1
10-17 20:42:43.395  3448  3448 D [SUI] MessengerCallViewModel: registerObserver
10-17 20:42:43.395  3448  3448 D [SUI] AnytimeUIPanelAppBase: Acquiring viewModel ActiveCallBarViewModel refCount: 1
10-17 20:42:43.395  3448 11982 D HyperspaceClientJni: initInternal - start
10-17 20:42:43.395  3448 11982 D HyperspaceClientJni: startHyperspacePresenceServiceClient
10-17 20:42:43.395  3448 11982 D HyperspaceClientJni: initHyperspacePresenceServiceClient begin
10-17 20:42:43.395  3448 11982 I ipcLoader_static: RuntimeIPC: Loader: IPC Service API Loader Version: 31 Sep  3 2022 22:16:47
10-17 20:42:43.395  3448 11982 I RuntimeIPCApi: ipc_Initialize
10-17 20:42:43.395  3448 11982 I RuntimeIPCServiceClient: Init: Already initialized: com.oculus.systemux:SystemUX, 2
10-17 20:42:43.396  2147  2147 I OVRMediaService: onStartCommand Received message type: com.oculus.horizon.GET_CAPTURE_STATE_ACTION, caller package: no_app_identity, app identify: null
10-17 20:42:43.397  3448  3448 D [SUI] OnboardingTutorial: Initialize Onboarding Tutorial
10-17 20:42:43.397  3448  3448 D [SUI] OnboardingTutorial: Step is: NOT_BRAND_NEW_USER
10-17 20:42:43.397  3448  3448 D [SUI] OnboardingTutorial: Not a first time user; skipping the tutorial
10-17 20:42:43.397  3448  3448 D [SUI] SystemStatusView: Initializing System Status
10-17 20:42:43.397  3448  3448 D [SUI] AnytimeUIPanelAppBase: Acquiring viewModel SocialViewModel refCount: 2
10-17 20:42:43.398  3448  3448 D [SUI] StatusViewModel: Constructing ViewModel
10-17 20:42:43.399  3448  3448 I android_os_HwBinder: HwBinder: Starting thread pool for getting: vendor.oculus.hardware.battery@1.0::IBattery/default
10-17 20:42:43.400  2502  3105 D RuntimeIPCServerMgr: RegisterClient: Client: com.oculus.systemux:com.oculus.systemux:SystemUX:3448, Server: com.oculus.presence:com.oculus.presence (PresenceServer)
10-17 20:42:43.400  2502  3105 I IPCSharedMemory: CreateSharedMemory: Allocated shared memory fd 106 (ipcStateReadWrite)
10-17 20:42:43.400  2502  3105 I IPCSharedMemory: CreateSharedMemory: Allocated shared memory fd 112 (ipcReadOnlyState)
