--------- beginning of system
10-14 18:12:06.729  1050  1818 I ActivityTaskManager: START u0 {flg=0x10000000 cmp=com.epicgames.PrototypeV3/com.epicgames.ue4.GameActivity} from uid 2000
10-14 18:12:06.787  1050  1083 I ActivityManager: Start proc 15108:com.epicgames.PrototypeV3/u0a111 for activity {com.epicgames.PrototypeV3/com.epicgames.ue4.GameActivity}
--------- beginning of tracking
10-14 18:12:06.833   874 14569 W TrackingService: attachClient: found client in attached list
10-14 18:12:06.836   874 14569 D TrackingService: getSharedMemory: com.oculus.mrservice#1770, HeadTracker
10-14 18:12:07.011  1050  2230 I DisplayManagerService: Display device removed: DisplayDeviceInfo{"com.oculus.android_panel_app.AndroidPanelLayer-#main": uniqueId="virtual:com.oculus.systemux,10026,com.oculus.android_panel_app.AndroidPanelLayer-#main,0", 800 x 110, modeId 115, defaultModeId 115, supportedModes [{id=115, width=800, height=110, fps=60.0}], colorMode 0, supportedColorModes [0], HdrCapabilities null, density 200, 200.0 x 200.0 dpi, appVsyncOff 0, presDeadline 16666666, touch NONE, rotation 0, type VIRTUAL, state ON, owner com.oculus.systemux (uid 10026), FLAG_PRIVATE, FLAG_NEVER_BLANK, FLAG_OWN_CONTENT_ONLY}
10-14 18:12:07.173  1651 15140 W ContextImpl: Calling a method in the system process without a qualified user: android.app.ContextImpl.sendBroadcast:1057 android.content.ContextWrapper.sendBroadcast:448 X.nk.A00:133 X.nW.A00:17 X.nW.handleMessage:91 
10-14 18:12:07.372  1050  8003 E WindowManager: App trying to use insecure INPUT_FEATURE_NO_INPUT_CHANNEL flag. Ignoring
10-14 18:12:07.485  1651 15131 W ContextImpl: Calling a method in the system process without a qualified user: android.app.ContextImpl.sendBroadcast:1057 android.content.ContextWrapper.sendBroadcast:448 X.nk.A00:133 X.nW.A00:17 X.nW.handleMessage:91 
10-14 18:12:09.330  1050  2230 W ActivityManager: Permission Denial: Accessing service com.oculus.vrshell/.ShellOverlayService from pid=15108, uid=10111 requires com.oculus.vrshell.OVERLAY_HOST
10-14 18:12:09.835   874 14384 D TrackingService: [HANDTRACKING] Controller 86557c336c360320 in hand: Y, valid: Y
10-14 18:12:10.320  1050  1593 E TaskPersister: File error accessing recents directory (directory doesn't exist?).
10-14 18:12:11.995   874 14384 D TrackingService: [HANDTRACKING] Controller 86557c336c360320 in hand: N, valid: Y
10-14 18:12:12.271   874 14569 D TrackingService: getSharedMemory: com.epicgames.PrototypeV3, HeadTracker
10-14 18:12:12.292   874 14569 D TrackingService: getSharedMemory: com.epicgames.PrototypeV3, Controller
10-14 18:12:12.710   742   918 I SyncBossHAL: [info   ] syncboss_hal_powerstate.c(50): Reporting powerstate event: PROX_ON
10-14 18:12:12.712   865  1352 D SensorClientUtils: Received transition request to RUNNING current is STANDBY
10-14 18:12:12.712   865  1352 D SensorClientUtils: Executing transition from STANDBY to RUNNING
10-14 18:12:12.712   874 14569 D SensorClientUtils: Received transition request to RUNNING current is STANDBY
10-14 18:12:12.712   874 14569 D SensorClientUtils: Executing transition from STANDBY to RUNNING
10-14 18:12:12.712   874 14569 D SensorClientUtils: Received transition request to RUNNING current is STANDBY
10-14 18:12:12.712   874 14569 D SensorClientUtils: Executing transition from STANDBY to RUNNING
10-14 18:12:12.829  1050  1818 I DisplayManagerService: Display device added: DisplayDeviceInfo{"com.oculus.android_panel_app.AndroidPanelLayer-#main": uniqueId="virtual:com.oculus.systemux,10026,com.oculus.android_panel_app.AndroidPanelLayer-#main,0", 800 x 1250, modeId 126, defaultModeId 126, supportedModes [{id=126, width=800, height=1250, fps=60.0}], colorMode 0, supportedColorModes [0], HdrCapabilities null, density 200, 200.0 x 200.0 dpi, appVsyncOff 0, presDeadline 16666666, touch NONE, rotation 0, type VIRTUAL, state OFF, owner com.oculus.systemux (uid 10026), FLAG_PRIVATE, FLAG_NEVER_BLANK, FLAG_OWN_CONTENT_ONLY}
10-14 18:12:12.852  1050  1076 I ActivityTaskManager: Override config changes=20005df8 {0.0 ?mcc?mnc ?localeList ?layoutDir sw640dp w640dp h1000dp 200dpi lrg port ?uimode ?night -touch qwerty/v/v -nav/h winConfig={ mBounds=Rect(0, 0 - 800, 1250) mAppBounds=Rect(0, 0 - 800, 1250) mWindowingMode=fullscreen mDisplayWindowingMode=fullscreen mActivityType=undefined mAlwaysOnTop=undefined mRotation=ROTATION_0}} for displayId=65
10-14 18:12:12.878  1050  8003 I DisplayManagerService: Display device removed: DisplayDeviceInfo{"com.oculus.android_panel_app.AndroidPanelLayer-#main": uniqueId="virtual:com.oculus.systemux,10026,com.oculus.android_panel_app.AndroidPanelLayer-#main,0", 800 x 1250, modeId 126, defaultModeId 126, supportedModes [{id=126, width=800, height=1250, fps=60.0}], colorMode 0, supportedColorModes [0], HdrCapabilities null, density 200, 200.0 x 200.0 dpi, appVsyncOff 0, presDeadline 16666666, touch NONE, rotation 0, type VIRTUAL, state OFF, owner com.oculus.systemux (uid 10026), FLAG_PRIVATE, FLAG_NEVER_BLANK, FLAG_OWN_CONTENT_ONLY}
10-14 18:12:12.880  1050  8003 I DisplayManagerService: Display device added: DisplayDeviceInfo{"com.oculus.android_panel_app.AndroidPanelLayer-#main": uniqueId="virtual:com.oculus.systemux,10026,com.oculus.android_panel_app.AndroidPanelLayer-#main,0", 800 x 110, modeId 127, defaultModeId 127, supportedModes [{id=127, width=800, height=110, fps=60.0}], colorMode 0, supportedColorModes [0], HdrCapabilities null, density 200, 200.0 x 200.0 dpi, appVsyncOff 0, presDeadline 16666666, touch NONE, rotation 0, type VIRTUAL, state OFF, owner com.oculus.systemux (uid 10026), FLAG_PRIVATE, FLAG_NEVER_BLANK, FLAG_OWN_CONTENT_ONLY}
10-14 18:12:12.905  1050  1076 I ActivityTaskManager: Override config changes=20005df8 {0.0 ?mcc?mnc ?localeList ?layoutDir sw88dp w640dp h88dp 200dpi nrml long land ?uimode ?night -touch qwerty/v/v -nav/h winConfig={ mBounds=Rect(0, 0 - 800, 110) mAppBounds=Rect(0, 0 - 800, 110) mWindowingMode=fullscreen mDisplayWindowingMode=fullscreen mActivityType=undefined mAlwaysOnTop=undefined mRotation=ROTATION_0}} for displayId=66
10-14 18:12:12.939  1050  1076 I DisplayManagerService: Display device changed state: "com.oculus.android_panel_app.AndroidPanelLayer-#main", ON
10-14 18:12:12.943  1050  1818 E WindowManager: App trying to use insecure INPUT_FEATURE_NO_INPUT_CHANNEL flag. Ignoring
--------- beginning of main
10-14 18:12:13.008  1372  2522 I VrRuntimeService: UpdateSwapChainSamplerState: minFilter=1 magFilter=1 wrapModeS=3 warpModeT=3 maxAniso=1.000000 border={0.000000,0.000000,0.000000,0.000000} swizzle={0,1,2,3}
10-14 18:12:13.019  2033  2054 W System  : A resource failed to call release. 
10-14 18:12:13.020  2033  2054 I chatty  : uid=10014(com.oculus.shellenv) FinalizerDaemon identical 2 lines
10-14 18:12:13.020  2033  2054 W System  : A resource failed to call release. 
10-14 18:12:13.028  3232  3232 D [SUI] SystemUXFunnelLogServerLogger: Impression Event: oculus_impressions_tile_impressioned LogInfo{duration=0, mLogId='com.oculus.explore', mContentType=APP, mPosX=0, mPosy=0, mGlobalPos=0, mSurface=AUI, mSubSurface=null, mClickEventType=null}
10-14 18:12:13.028  3232  3232 D [SUI] SystemUXFunnelLogServerLogger: Impression Event: oculus_impressions_tile_impressioned LogInfo{duration=0, mLogId='com.oculus.store', mContentType=APP, mPosX=1, mPosy=0, mGlobalPos=1, mSurface=AUI, mSubSurface=null, mClickEventType=null}
10-14 18:12:13.028  3232  3232 D [SUI] SystemUXFunnelLogServerLogger: Impression Event: oculus_impressions_tile_impressioned LogInfo{duration=0, mLogId='messenger_system_app', mContentType=APP, mPosX=2, mPosy=0, mGlobalPos=2, mSurface=AUI, mSubSurface=null, mClickEventType=null}
10-14 18:12:13.028  3232  3232 D [SUI] SystemUXFunnelLogServerLogger: Impression Event: oculus_impressions_tile_impressioned LogInfo{duration=0, mLogId='share_system_app', mContentType=APP, mPosX=3, mPosy=0, mGlobalPos=3, mSurface=AUI, mSubSurface=null, mClickEventType=null}
10-14 18:12:13.028  3232  3232 D [SUI] SystemUXFunnelLogServerLogger: Impression Event: oculus_impressions_tile_impressioned LogInfo{duration=0, mLogId='com.epicgames.PrototypeV3', mContentType=APP, mPosX=5, mPosy=0, mGlobalPos=5, mSurface=AUI, mSubSurface=null, mClickEventType=null}
10-14 18:12:13.031  1651 15365 W ContextImpl: Calling a method in the system process without a qualified user: android.app.ContextImpl.sendBroadcast:1057 android.content.ContextWrapper.sendBroadcast:448 X.nk.A00:133 X.nW.A00:17 X.nW.handleMessage:91 
10-14 18:12:13.040  2702  2727 W System  : A resource failed to call release. 
10-14 18:12:13.042  2702  2727 I chatty  : uid=10020(com.oculus.vrshell) FinalizerDaemon identical 12 lines
10-14 18:12:13.042  2702  2727 W System  : A resource failed to call release. 
10-14 18:12:13.059  2292  2600 I [OAO] PanelAppHost: Setting panel layer visibility of layer "#main" to visible, panel 5 (com.oculus.systemux/com.oculus.panelapp.anytimeui.AnytimeUIAndroidPanelService)
10-14 18:12:13.067  3232  3232 W [SUI] AsyncQueryHandlerBase: Callback reference is null
10-14 18:12:13.084  2890  3062 W OsSdk   : Requested historical tracking state too far in the past; oldest: 8799.339875s, requested: 8799.337221s
10-14 18:12:13.116   874  1211 I [CT]    : Vega:MapBuilderBase: Created keyRig with frameID 2165 and uid 68d2aa36
10-14 18:12:13.123   874  1211 I [CT]    : KEYPOINT_CACHE: New keyrig added has 130 corners and 75 tracks to immature points that will be used to extract descriptors and insert into the index.
10-14 18:12:13.123  1372  2252 I PerformanceManager_V0: SetClockLevels: Apply pending clock request change: 3,2 -> 3,3
10-14 18:12:13.123  1372  2248 I Clocks  : ReleaseClocks - start
10-14 18:12:13.124  1372  2248 I Clocks  : ReleaseClocks - end (0.5 ms)
10-14 18:12:13.124  1372  2248 I Clocks  : LockClocks( cpu=3, gpu=3 ) - start
10-14 18:12:13.124  1372  2248 I Clocks  : CPU levels [0, 4]
10-14 18:12:13.124  1372  2248 I Clocks  : GPU levels [0, 5]
10-14 18:12:13.124  1372  2248 I Clocks  : LockClocks( cpu=3, gpu=3 ) - end (0.4 ms)
10-14 18:12:13.125   874  1213 I [CT]    : VIPER:DEEP_DESCRIPTOR: Computing Deep Descriptors using IC orientation.
10-14 18:12:13.125   874  1211 I [CT]    : MapCullingTask: Culled 0 L1 nodes, 1 individual keyrigs, and 2 individual points
10-14 18:12:13.125   874  1211 I [CT]    : Vega:SubmapPublisher: Tracking parent no change: frame movement above thresh -> Publish
10-14 18:12:13.125   874  1211 I [CT]    : Vega:SubmapPublisher: Start to publish submaps, found candidates:  3
10-14 18:12:13.125   874  1211 E [CT]    : SubmapRecords: findSubmapId found 2 submap records hold the same query krHandle
10-14 18:12:13.125   874  1211 W [CT]    : Vega:SubmapPublisherBase: Reference cannot be found when constructing relative submap transformation, this means not candidate submap is in VIO states, are you moving very fast or sending too few submaps to VIO?
10-14 18:12:13.125   874  1211 W [CT]    : Vega:SubmapPublisherBase: Reference cannot be found when constructing relative submap transformation, this means not candidate submap is in VIO states, are you moving very fast or sending too few submaps to VIO?
10-14 18:12:13.129   874  1211 I [CT]    : VegaBAOptimize: Num points adjusted: 176 fixed: 0 Num residuals in-in: 690 in-out: 0 out-in: 0 fixed (out-out): 0 outside ROI: 0 total: 691
10-14 18:12:13.129   874  1211 I [CT]    : VegaBAOptimize: Total: neighbor 3 L1s, adjust 2 L1s. KRs 23  Points 176  Cameras 92  OutsideFixedKR 2  AdjustKR 21  Imus 4
10-14 18:12:13.143   874 14411 I [CT]    : VegaTrackTracker: Starting map tracking on map. SubmapId Submap id = 0, version = 1159749878 Active contexts: 1
10-14 18:12:13.143   874 14411 I [CT]    : VegaTrackTracker: Starting map tracking on map. SubmapId Submap id = 2, version = 221285447 Active contexts: 2
10-14 18:12:13.181   874 14384 I [CT]    : INPUT_TRACKING:Behavior:AtRest: [Right] activated
10-14 18:12:13.181   874 14384 I [CT]    : INPUT_TRACKING:ControllerMotionModel: [Right] t = 8797.271s, behavior transition: None -> AtRest
10-14 18:12:13.183  1651 15367 W ContextImpl: Calling a method in the system process without a qualified user: android.app.ContextImpl.sendBroadcast:1057 android.content.ContextWrapper.sendBroadcast:448 X.nk.A00:133 X.nW.A00:17 X.nW.handleMessage:91 
10-14 18:12:13.193   874 14411 W [CT]    : VEGA:MAP_TRACKING_HM: Validation failed after 0.04 seconds of bad frames. Switching from Validating to NoTracking
10-14 18:12:13.193   874 14411 W [CT]    : VEGA:MAP_TRACKING_HM: Validation failed after 0.04 seconds of bad frames. Switching from Validating to NoTracking
10-14 18:12:13.222   874 14411 I [CT]    : TrackedMapContext: Stop tracking map with ID Submap id = 2, version = 221285447 at index: 2 in contexts: 3
10-14 18:12:13.222   874 14411 I [CT]    : TrackedMapContext: Stop tracking map with ID Submap id = 0, version = 1159749878 at index: 1 in contexts: 2
10-14 18:12:13.228  3232  3232 D [SUI] SystemUXFunnelLogServerLogger: VPV Event: oculus_impressions_tile_vpved LogInfo{duration=250, mLogId='com.oculus.explore', mContentType=APP, mPosX=0, mPosy=0, mGlobalPos=0, mSurface=AUI, mSubSurface=null, mClickEventType=null}
10-14 18:12:13.228  3232  3232 D [SUI] SystemUXFunnelLogServerLogger: VPV Event: oculus_impressions_tile_vpved LogInfo{duration=250, mLogId='com.oculus.store', mContentType=APP, mPosX=1, mPosy=0, mGlobalPos=1, mSurface=AUI, mSubSurface=null, mClickEventType=null}
10-14 18:12:13.228  3232  3232 D [SUI] SystemUXFunnelLogServerLogger: VPV Event: oculus_impressions_tile_vpved LogInfo{duration=250, mLogId='messenger_system_app', mContentType=APP, mPosX=2, mPosy=0, mGlobalPos=2, mSurface=AUI, mSubSurface=null, mClickEventType=null}
10-14 18:12:13.228  3232  3232 D [SUI] SystemUXFunnelLogServerLogger: VPV Event: oculus_impressions_tile_vpved LogInfo{duration=250, mLogId='share_system_app', mContentType=APP, mPosX=3, mPosy=0, mGlobalPos=3, mSurface=AUI, mSubSurface=null, mClickEventType=null}
10-14 18:12:13.229  3232  3232 D [SUI] SystemUXFunnelLogServerLogger: VPV Event: oculus_impressions_tile_vpved LogInfo{duration=250, mLogId='com.epicgames.PrototypeV3', mContentType=APP, mPosX=5, mPosy=0, mGlobalPos=5, mSurface=AUI, mSubSurface=null, mClickEventType=null}
10-14 18:12:13.290  1372  2252 I PerformanceManager_V0: SetClockLevels: Apply pending clock request change: 3,3 -> 4,3
10-14 18:12:13.290  1372  2248 I Clocks  : ReleaseClocks - start
10-14 18:12:13.291  1372  2248 I Clocks  : ReleaseClocks - end (0.3 ms)
10-14 18:12:13.291  1372  2248 I Clocks  : LockClocks( cpu=4, gpu=3 ) - start
10-14 18:12:13.291  1372  2248 I Clocks  : CPU levels [0, 4]
10-14 18:12:13.291  1372  2248 I Clocks  : GPU levels [0, 5]
10-14 18:12:13.291  1372  2248 I Clocks  : LockClocks( cpu=4, gpu=3 ) - end (0.6 ms)
10-14 18:12:13.588 15108 15142 I chatty  : uid=10111(com.epicgames.PrototypeV3) expire 172 lines
10-14 18:12:13.602 15108 15341 I chatty  : uid=10111(com.epicgames.PrototypeV3) expire 86 lines
10-14 18:12:13.861   874 14411 W [CT]    : TIMESTAMPCHECKER: Nominal rate wrong. Estimated data rate: 25, Nominal is 30.000300003000028
10-14 18:12:14.000 15108 15337 I chatty  : uid=10111(com.epicgames.PrototypeV3) expire 4 lines
10-14 18:12:14.108   874 14384 I [CT]    : INPUT_TRACKING:Behavior:AtRest: [Right] deactivated
10-14 18:12:14.108   874 14384 I [CT]    : INPUT_TRACKING:ControllerMotionModel: [Right] t = 8798.199s, behavior transition: AtRest -> None
10-14 18:12:14.127   874 14384 I [CT]    : INPUT_TRACKING:Behavior:AtRest: [Right] activated
10-14 18:12:14.127   874 14384 I [CT]    : INPUT_TRACKING:ControllerMotionModel: [Right] t = 8798.217s, behavior transition: None -> AtRest
10-14 18:12:14.144   874 14384 I [CT]    : INPUT_TRACKING:Behavior:AtRest: [Right] deactivated
10-14 18:12:14.144   874 14384 I [CT]    : INPUT_TRACKING:ControllerMotionModel: [Right] t = 8798.234s, behavior transition: AtRest -> None
10-14 18:12:14.150   874 14384 I [CT]    : CONSTELLATION: R: Detected IMU motion => Leaving static state.
10-14 18:12:14.169   874 14417 W [CT]    : CONSTELLATION: R: LED Mahalanobis distance p50 = 8.18 too high. Fallback to full pose update.
10-14 18:12:14.196   874 14384 D TrackingService: [HANDTRACKING] Controller 729165a0fe4054d7 in hand: Y, valid: Y
10-14 18:12:14.241  2890  3062 I StateMachine: StateMachine::Update GuardianInitializationStateMachine: finishedSettlingBlackEvent -> Valid_NoBlack
10-14 18:12:14.241  2890  3062 I GuardianSystem: ForceShowGuardian: false, 3.00
10-14 18:12:14.241  2890  3062 I GuardianSystem: Stop pushing black after mount. Show Guardian.
10-14 18:12:14.241  2890  3062 I GuardianSystem: Stop showing dots after not pushing black.
10-14 18:12:14.241  2890  3062 I StateMachine: StateMachine::Update ForceShow: forceShowForTime -> ForceShowOnForTime
10-14 18:12:14.242 15108 15376 I chatty  : uid=10111(com.epicgames.PrototypeV3) expire 2 lines
10-14 18:12:14.242  1372  3061 I VrRuntimeService: RuntimeServiceSDKServer::SetGuardianSystemState: 3012784263
10-14 18:12:14.242  2890  3062 I GuardianSystem: UpdateGuardianSystemState: Flags2 changed: 49, 1, SYSTEM_2_DIRECTIONAL_PASSTHROUGH_ENABLED,SYSTEM_2_LOADING_DOTS,SYSTEM_2_SHOULD_PUSH_BLACK to SYSTEM_2_DIRECTIONAL_PASSTHROUGH_ENABLED
10-14 18:12:14.251  1651 15374 W ContextImpl: Calling a method in the system process without a qualified user: android.app.ContextImpl.sendBroadcast:1057 android.content.ContextWrapper.sendBroadcast:448 X.nk.A00:133 X.nW.A00:17 X.nW.handleMessage:91 
10-14 18:12:14.251  1372  2252 I ClientMgr: Stop loading dots from guardian
10-14 18:12:14.251  1372  2252 I VrRuntimeServer: DisableCompositorClient: 0
10-14 18:12:14.251  1372  2252 I TimeWarpClientMgr: Disable client 0
10-14 18:12:14.251  1372  2252 I TimeWarpClientMgr: DisableClient: frame flush required: 1
10-14 18:12:14.255   874 14384 I [CT]    : CONSTELLATION: L: Detected IMU motion => Leaving static state.
10-14 18:12:14.281   874 14417 W [CT]    : CONSTELLATION: L: LED Mahalanobis distance p50 = 16.03 too high. Fallback to full pose update.
10-14 18:12:14.282  1372  3061 I VrRuntimeService: RuntimeServiceSDKServer::SetGuardianSystemState: 3012784263
10-14 18:12:14.282  2890  3062 I GuardianSystem: UpdateGuardianSystemState: Flags changed: 524288, 532480, SYSTEM_GUARDIAN_VALID to SYSTEM_GUARDIAN_VISIBLE,SYSTEM_GUARDIAN_VALID
10-14 18:12:14.291  2890  3062 W GuardianOpenXrMgr: @@@ wait frame retry=10 dtWait=0.000001 dtFrame=1.534393 submittedFrameIndex=88280
10-14 18:12:14.303  1770  3150 I [CT]    : MIXEDREALITY: VrApiSupport: renderIteration: Display refresh rate changed, new value: 72.
10-14 18:12:14.303  1770  3150 I [CT]    : MIXEDREALITY: MrRuntimeImpl: onDisplayRefreshRateChanged: Display rate changed from 90 to 72.
10-14 18:12:14.303  1770  3150 I [CT]    : MIXEDREALITY: MrRuntimeImpl: Force telemetry to be sent now.
10-14 18:12:14.303  1770  3150 I [CT]    : MIXEDREALITY: MrRuntimeImpl: Reset telemetry such to start collecting data using the new refresh rate.
10-14 18:12:14.303  1770  3150 I [CT]    : MIXEDREALITY: MrRuntimeImpl: setSessionInitTime: Session initialization timer was set to 8800.846272733 ns.
10-14 18:12:14.303  1770  3150 I [CT]    : MIXEDREALITY: MrRuntimeImpl: setSessionInitTime: Reset session duration timer after 79.11144497 seconds.
10-14 18:12:14.303  1770  3150 I [CT]    : MIXEDREALITY: MrRuntimeImpl: setSessionInitTime: Session initialization timer was set to 8800.846304139 ns.
10-14 18:12:14.303  1770  3150 I [CT]    : MIXEDREALITY: MrRuntimeImpl: setSessionInitTime: Reset session duration timer after 79.111446533 seconds.
10-14 18:12:14.313  1372 14408 I TimeWarpProgs: loaded binary layerProgram 0:0x100000048002:0x0 in 4.1 ms
10-14 18:12:14.314  1372 14408 I CompositorVR: SetSchedFifo( tid=3062, pol=5, pri=1 ) succeeded
10-14 18:12:14.314  1372 14408 I CompositorVR: SetSchedFifo( tid=3796, pol=5, pri=1 ) succeeded
10-14 18:12:14.315  1372 14408 I CompositorVR: SetSchedFifo( tid=3852, pol=5, pri=1 ) succeeded
10-14 18:12:14.316  1770  3150 I [CT]    : MIXEDREALITY: MrServiceView: renderIteration: onPause(). (PT and ID are currently paused)
10-14 18:12:14.316  1770  3150 I VrRuntimeClient: UpdateEvents: HMT was mounted
10-14 18:12:14.317  1770  3150 I [CT]    : MIXEDREALITY: MrServiceModel: Hibernating caller (most likely rendering thread) due to commandQueue being empty.
10-14 18:12:14.327  1372 14408 I CompositorVR: SetSchedFifo( tid=3150, pol=5, pri=1 ) succeeded
10-14 18:12:14.344   874 14384 I [CT]    : CONSTELLATION: L: Detected static IMU, no button event and has tracked position => Applying constant controller pose.
10-14 18:12:14.363  1372  2252 I PerformanceManager_V0: SetClockLevels: Apply pending clock request change: 4,3 -> 4,4
10-14 18:12:14.363  1372  2248 I Clocks  : ReleaseClocks - start
10-14 18:12:14.363  1372  2248 I Clocks  : ReleaseClocks - end (0.4 ms)
10-14 18:12:14.363  1372  2248 I Clocks  : LockClocks( cpu=4, gpu=4 ) - start
10-14 18:12:14.364  1372  2248 I Clocks  : CPU levels [0, 4]
10-14 18:12:14.364  1372  2248 I Clocks  : GPU levels [0, 5]
10-14 18:12:14.364  1372  2248 I Clocks  : LockClocks( cpu=4, gpu=4 ) - end (0.6 ms)
10-14 18:12:14.423   874 14384 I [CT]    : CONSTELLATION: L: Detected IMU motion => Leaving static state.
10-14 18:12:14.425  1372 14408 I CompositorVR: SetSchedFifo( tid=3150, pol=2, pri=0 ) succeeded
10-14 18:12:14.475   874 14384 D TrackingService: [HANDTRACKING] Controller 86557c336c360320 in hand: Y, valid: Y
10-14 18:12:14.505   874 14384 I [CT]    : INPUT_TRACKING:Behavior:AtRest: [Right] activated
10-14 18:12:14.505   874 14384 I [CT]    : INPUT_TRACKING:ControllerMotionModel: [Right] t = 8798.594s, behavior transition: None -> AtRest
10-14 18:12:14.523   874 14384 I [CT]    : CONSTELLATION: R: Detected static IMU, no button event and has tracked position => Applying constant controller pose.
10-14 18:12:14.597   874 14384 I [CT]    : CONSTELLATION: L: Detected static IMU, no button event and has tracked position => Applying constant controller pose.
10-14 18:12:14.607   874 14384 I [CT]    : INPUT_TRACKING:Behavior:AtRest: [Right] deactivated
10-14 18:12:14.607   874 14384 I [CT]    : INPUT_TRACKING:ControllerMotionModel: [Right] t = 8798.696s, behavior transition: AtRest -> None
10-14 18:12:14.615   874 14384 I [CT]    : CONSTELLATION: R: Detected IMU motion => Leaving static state.
10-14 18:12:14.683   874 14384 I [CT]    : CONSTELLATION: L: Detected IMU motion => Leaving static state.
10-14 18:12:15.303  2292  2600 I [OAO] FlowController: UpdateActiveFlow from OverlaySystemUXTransitionFlow to (none)
10-14 18:12:15.303  2292  2600 I [OAO] OverlaySystemUXTransitionFlow: Deactivated
10-14 18:12:15.333 15108 15142 I chatty  : uid=10111(com.epicgames.PrototypeV3) expire 178 lines
10-14 18:12:15.342 15108 15341 I chatty  : uid=10111(com.epicgames.PrototypeV3) expire 89 lines
10-14 18:12:15.353  2292  2600 I [OAO] ShellOverlayApp: Start sleep timeout. Now:8801.896706, Timeout:8803.896706
10-14 18:12:15.861   874 14411 W [CT]    : TIMESTAMPCHECKER: Nominal rate wrong. Estimated data rate: 25, Nominal is 30.000300003000028
10-14 18:12:15.865  1770  3390 I Telemetry: App memory usage: PSS=41MB DalvikPSS=17 MB PrivateDirty=36MB PrivateClean=1MB
10-14 18:12:16.002 15108 15337 I chatty  : uid=10111(com.epicgames.PrototypeV3) expire 4 lines
10-14 18:12:16.368   874 14384 I [CT]    : CONSTELLATION:IMU_STATUS: 729165a0fe4054d7 (R): [FusionTracked=0.625, OutputTracked=0.512, OutputValid=1.000] [AccelSat=0.000, GyroSat=0.000] 
10-14 18:12:16.478   874  1211 I [CT]    : Vega:SubmapPublisher: Tracking parent no change: frame movement above thresh -> Publish
10-14 18:12:16.478   874  1211 I [CT]    : Vega:SubmapPublisher: Start to publish submaps, found candidates:  3
10-14 18:12:16.478   874  1211 E [CT]    : SubmapRecords: findSubmapId found 2 submap records hold the same query krHandle
10-14 18:12:16.480   874  1211 W [CT]    : Vega:SubmapPublisherBase: Reference cannot be found when constructing relative submap transformation, this means not candidate submap is in VIO states, are you moving very fast or sending too few submaps to VIO?
10-14 18:12:16.480   874  1211 W [CT]    : Vega:SubmapPublisherBase: Reference cannot be found when constructing relative submap transformation, this means not candidate submap is in VIO states, are you moving very fast or sending too few submaps to VIO?
10-14 18:12:16.493  1372  2252 E TREX    : Interface 'FaceEyeTrackingServerInterface,1' was not found.
10-14 18:12:16.503   874 14411 I [CT]    : VegaTrackTracker: Starting map tracking on map. SubmapId Submap id = 0, version = 1119147578 Active contexts: 1
10-14 18:12:16.503   874 14411 I [CT]    : VegaTrackTracker: Starting map tracking on map. SubmapId Submap id = 2, version = 1917306294 Active contexts: 2
10-14 18:12:16.515   874 14411 I [CT]    : VIPER: Mode=SuperVega,Status=6DoF,TRACKING,Inl=29,Mem=62.8,Jit=0.3mm,Issues(Cam/min=0.0,IMU/min=0.0),Exp=(14.0ms,g=15.0,I=54,Ir=257.8)(14.0ms,g=15.0,I=82,Ir=391.6)(14.0ms,g=15.0,I=89,Ir=424.9)(12.3ms,g=14.0,I=76,Ir=439.8)
10-14 18:12:16.515   874 14411 W [CT]    : VIPER: Images too dark, Environment trending to dark, 
10-14 18:12:16.520   874 14417 I [CT]    : CONSTELLATION:VISION_STATUS: 729165a0fe4054d7 (R): BlobDetection:[#BlobsDetected=(14.94, 128.69)]Matching:[MatchSuccess=0.644, MatchCost=(0.00146, 0.00000), #MatchedBlobs=(6.70, 30.43), #MatchedLeds=(4.05, 10.21), RematchM=0.152, SkipRefine=0.000] MatchMethod:[Prox=0.440, ConstBrute=0.204, UnconstBrute=0.000] MatchResets[AnomBlobSize=0.000, SharedMatch=0.000, DenseReacq=0.000] | Fusion:[FusionError=0.000, ImuFromCamMs=(9.846, 19.662), RematchF=0.000] FusionUpdates:[Successful=0.236, Reliable=0.232, TightFusion=0.228, FullPose=0.004, StaticPrior=0.408, StaticForHandTrans=0.772, PoseUpdateMD=(30.6781, 0.0000)] FusionResets[6DoFReset=0.360, ResetSuccess=0.004] FusionStatus[HasPosition=0.644, HasVelocity=0.700] 
10-14 18:12:16.541   874 14411 I [CT]    : BrightnessPredictor: [Throttled count=374] Current irradiance: 331.01273 (samples: 1).
10-14 18:12:16.541   874 14411 W [CT]    : BrightnessPredictor: [Throttled count=374] Started in a dark environment. Current irradiance: 331.01273 (samples: 1).
10-14 18:12:16.553   874 14411 W [CT]    : VEGA:MAP_TRACKING_HM: Validation failed after 0.04 seconds of bad frames. Switching from Validating to NoTracking
10-14 18:12:16.553   874 14411 W [CT]    : VEGA:MAP_TRACKING_HM: Validation failed after 0.04 seconds of bad frames. Switching from Validating to NoTracking
10-14 18:12:16.583   874 14411 I [CT]    : TrackedMapContext: Stop tracking map with ID Submap id = 2, version = 1917306294 at index: 2 in contexts: 3
10-14 18:12:16.583   874 14411 I [CT]    : TrackedMapContext: Stop tracking map with ID Submap id = 0, version = 1119147578 at index: 1 in contexts: 2
10-14 18:12:16.662   874 14350 I [CT]    : boltlib: DSP utilization: 9.47 % (476 / 5033 ms)
10-14 18:12:16.674   874 14411 W [CT]    : SVEGA: getMap is not supported.
10-14 18:12:16.828   874 14384 I [CT]    : INPUT_TRACKING:Behavior:NearHeadMoving: [Right] state transition: TorsoInitialized -> InRange
10-14 18:12:17.348 15108 15341 I chatty  : uid=10111(com.epicgames.PrototypeV3) expire 86 lines
10-14 18:12:17.348 15108 15142 I chatty  : uid=10111(com.epicgames.PrototypeV3) expire 172 lines
10-14 18:12:17.362  2292  2600 I [OAO] ShellOverlayApp: Sleep timeout exceeded. Timeout:8803.896706, Now:8803.905382. Sleeping... 
10-14 18:12:17.362  2292  2600 I [OAO] ShellOverlayApp: WaitForWake: VrThread entering waiting state
10-14 18:12:17.507 15108 15144 I chatty  : uid=10111(com.epicgames.PrototypeV3) expire 1 line
10-14 18:12:17.602  2890  3062 I GuardianControllerCollisionTracker: Guardian Controller Collision: Magnitude: 17.113, Duration: -1.000 sec, TimeStamp: 8804.118164 sec
10-14 18:12:17.645   874 14384 W [CT]    : CONSTELLATION: R: Lost position tracking, waiting for 6DoF reset: [#VisionUp=181, #RelUp=0, VelNorm=0.010, CurTimeDur=0.34s, DurThresh=0.2s]
10-14 18:12:17.645   874 14384 I [CT]    : INPUT_TRACKING:Behavior:NearHeadMoving: [Right] state transition: InRange -> Active
10-14 18:12:17.645   874 14384 I [CT]    : INPUT_TRACKING:Behavior:NearHeadMoving: [Right] activated
10-14 18:12:17.645   874 14384 I [CT]    : INPUT_TRACKING:Behavior:NearHeadMoving: [Right] using reliablePoseInWorld
10-14 18:12:17.645   874 14384 I [CT]    : INPUT_TRACKING:ControllerMotionModel: [Right] t = 8801.735s, behavior transition: None -> NearHeadMoving
10-14 18:12:17.678   874 14417 I [CT]    : CONSTELLATION: R: Not reinitializing 6DoF filter yet (no valid pose from matching).
10-14 18:12:17.713  1680  1680 D ControllerNotifications: Enabling notifications
10-14 18:12:17.717  1680  1680 I ControllerNotifications: Updating input notifications based on state ConnectedBatteryNormal
10-14 18:12:17.901   874 14411 W [CT]    : TIMESTAMPCHECKER: Nominal rate wrong. Estimated data rate: 25, Nominal is 30.000300003000028
10-14 18:12:17.964  2890  3062 I GuardianControllerCollisionTracker: Guardian Controller Collision: Magnitude: 11.629, Duration: -1.000 sec, TimeStamp: 8804.487305 sec
10-14 18:12:18.155   874  1211 W [CT]    : VEGA_MAP_BUILDER: Resolved a potential TrackToMapPointAssosiation conflict between tracks 12517443 (index = 191, version = 67) and 11665483 (index = 178, version = 75)
10-14 18:12:18.214  2890  3062 I StateMachine: StateMachine::Update ForceShow: stopForceShow -> ForceShowOff
10-14 18:12:18.216  1372  3061 I VrRuntimeService: RuntimeServiceSDKServer::SetGuardianSystemState: 3012784263
10-14 18:12:18.216  2890  3062 I GuardianSystem: UpdateGuardianSystemState: Flags changed: 532480, 524288, SYSTEM_GUARDIAN_VISIBLE,SYSTEM_GUARDIAN_VALID to SYSTEM_GUARDIAN_VALID
10-14 18:12:18.271  2890  3062 I GuardianControllerCollisionTracker: Guardian Controller Collision: Magnitude: 19.785, Duration: -1.000 sec, TimeStamp: 8804.779297 sec
10-14 18:12:18.379  1372 14408 I CompositorVR: SetSchedFifo( tid=3062, pol=2, pri=0 ) succeeded
10-14 18:12:18.379  1372 14408 I CompositorVR: SetSchedFifo( tid=3796, pol=2, pri=0 ) succeeded
10-14 18:12:18.379  1372 14408 I CompositorVR: SetSchedFifo( tid=3852, pol=2, pri=0 ) succeeded
10-14 18:12:18.526  1372  2252 I PerformanceManager_V0: SetClockLevels: Apply pending clock request change: 4,4 -> 4,3
10-14 18:12:18.526  1372  2248 I Clocks  : ReleaseClocks - start
10-14 18:12:18.526  1372  2248 I Clocks  : ReleaseClocks - end (0.4 ms)
10-14 18:12:18.526  1372  2248 I Clocks  : LockClocks( cpu=4, gpu=3 ) - start
10-14 18:12:18.527  1372  2248 I Clocks  : CPU levels [0, 4]
10-14 18:12:18.527  1372  2248 I Clocks  : GPU levels [0, 5]
10-14 18:12:18.527  1372  2248 I Clocks  : LockClocks( cpu=4, gpu=3 ) - end (0.7 ms)
10-14 18:12:18.584  2890  3062 W OsSdk   : Requested historical tracking state too far in the past; oldest: 8804.845227s, requested: 8804.836605s
10-14 18:12:18.637   874  1211 I [CT]    : VIPER: InternalAnchorHealthMonitor: Anchors: 2 | Persistent anchors: 1 | Anchors never observed: 1
10-14 18:12:18.637   874  1211 I [CT]    :   (min/avg/max) Anchor landmarks: (0|0.5|1) | Covisible keyframes: (0|0|0) | Times since observation: (0|0|0)
10-14 18:12:18.840   874 14417 W [CT]    : CONSTELLATION:MATCHING: [Throttled count=4] Anomalous blob size detected => Resetting matches for controller 729165a0fe4054d7 (R).
10-14 18:12:18.961   874 14417 I [CT]    : CONSTELLATION: R: Successfully reinitialized 6DoF filter. Keep Cov and Calib States = Y. Keep velocity state and covariance = Y
10-14 18:12:18.961   874 14384 I [CT]    : INPUT_TRACKING:Behavior:NearHeadMoving: [Right] state transition: Active -> Transition
10-14 18:12:19.042   874 14384 I [CT]    : INPUT_TRACKING:Behavior:NearHeadMoving: [Right] state transition: Transition -> Init
10-14 18:12:19.042   874 14384 I [CT]    : INPUT_TRACKING:Behavior:NearHeadMoving: [Right] deactivated
10-14 18:12:19.043   874 14384 I [CT]    : INPUT_TRACKING:ControllerMotionModel: [Right] t = 8803.133s, behavior transition: NearHeadMoving -> None
10-14 18:12:19.044   874 14384 I [CT]    : INPUT_TRACKING:Behavior:NearHeadMoving: [Right] state transition: Init -> TorsoInitialized
10-14 18:12:19.374 15108 15142 I chatty  : uid=10111(com.epicgames.PrototypeV3) expire 169 lines
10-14 18:12:19.375 15108 15341 I chatty  : uid=10111(com.epicgames.PrototypeV3) expire 84 lines
10-14 18:12:19.901   874 14411 W [CT]    : TIMESTAMPCHECKER: Nominal rate wrong. Estimated data rate: 25, Nominal is 30.000300003000028
10-14 18:12:20.003 15108 15337 I chatty  : uid=10111(com.epicgames.PrototypeV3) expire 3 lines
10-14 18:12:20.113   874 14411 I [CT]    : VIPER: Mode=SuperVega,Status=6DoF,TRACKING,Inl=29,Mem=62.8,Jit=0.4mm,Issues(Cam/min=0.0,IMU/min=0.0),Exp=(14.0ms,g=15.0,I=53,Ir=256.4)(14.0ms,g=15.0,I=84,Ir=401.9)(14.0ms,g=15.0,I=92,Ir=439.6)(12.1ms,g=14.0,I=76,Ir=453.3)
10-14 18:12:20.114   874 14411 W [CT]    : VIPER: Images too dark, Environment trending to dark, 
10-14 18:12:20.240   874 14417 I [CT]    : CONSTELLATION:VISION_STATUS: 86557c336c360320 (L): BlobDetection:[#BlobsDetected=(20.90, 42.61)]Matching:[MatchSuccess=1.000, MatchCost=(0.00146, 0.00001), #MatchedBlobs=(9.99, 7.62), #MatchedLeds=(6.10, 1.62), RematchM=0.276, SkipRefine=0.000] MatchMethod:[Prox=0.716, ConstBrute=0.284, UnconstBrute=0.000] MatchResets[AnomBlobSize=0.000, SharedMatch=0.000, DenseReacq=0.000] | Fusion:[FusionError=0.000, ImuFromCamMs=(10.644, 14.410), RematchF=0.004] FusionUpdates:[Successful=0.580, Reliable=0.576, TightFusion=0.576, FullPose=0.004, StaticPrior=0.420, StaticForHandTrans=0.432, PoseUpdateMD=(80.0913, 0.0000)] FusionResets[6DoFReset=0.000, ResetSuccess=0.000] FusionStatus[HasPosition=1.000, HasVelocity=1.000] 
10-14 18:12:20.275   874 14384 I [CT]    : CONSTELLATION:IMU_STATUS: 86557c336c360320 (L): [FusionTracked=1.000, OutputTracked=0.995, OutputValid=1.000] [AccelSat=0.000, GyroSat=0.000] 
10-14 18:12:20.314   874  1211 I [CT]    : Vega:MapBuilderBase: Created keyRig with frameID 2345 and uid d6c8ece4
10-14 18:12:20.320   874  1211 I [CT]    : KEYPOINT_CACHE: New keyrig added has 193 corners and 110 tracks to immature points that will be used to extract descriptors and insert into the index.
10-14 18:12:20.321   874  1213 I [CT]    : VIPER:DEEP_DESCRIPTOR: Computing Deep Descriptors using IC orientation.
10-14 18:12:20.322   874  1211 I [CT]    : MapCullingTask: Culled 0 L1 nodes, 1 individual keyrigs, and 3 individual points
10-14 18:12:20.323   874  1211 I [CT]    : VegaBAOptimize: Num points adjusted: 176 fixed: 0 Num residuals in-in: 753 in-out: 0 out-in: 0 fixed (out-out): 0 outside ROI: 0 total: 754
10-14 18:12:20.323   874  1211 I [CT]    : VegaBAOptimize: Total: neighbor 3 L1s, adjust 2 L1s. KRs 23  Points 176  Cameras 92  OutsideFixedKR 2  AdjustKR 21  Imus 4
10-14 18:12:21.144 15108 15142 I chatty  : uid=10111(com.epicgames.PrototypeV3) expire 172 lines
10-14 18:12:21.145 15108 15341 I chatty  : uid=10111(com.epicgames.PrototypeV3) expire 169 lines
10-14 18:12:21.663   874 14350 I [CT]    : boltlib: DSP utilization: 9.57 % (478 / 5000 ms)
10-14 18:12:21.901   874 14411 W [CT]    : TIMESTAMPCHECKER: Nominal rate wrong. Estimated data rate: 25, Nominal is 30.000300003000028
10-14 18:12:22.716   874  1211 I [CT]    : Vega:SubmapPublisher: Tracking parent no change: frame movement above thresh -> Publish
10-14 18:12:22.716   874  1211 I [CT]    : Vega:SubmapPublisher: Start to publish submaps, found candidates:  3
10-14 18:12:22.716   874  1211 E [CT]    : SubmapRecords: findSubmapId found 2 submap records hold the same query krHandle
10-14 18:12:22.716   874  1211 W [CT]    : Vega:SubmapPublisherBase: Reference cannot be found when constructing relative submap transformation, this means not candidate submap is in VIO states, are you moving very fast or sending too few submaps to VIO?
10-14 18:12:22.716   874  1211 W [CT]    : Vega:SubmapPublisherBase: Reference cannot be found when constructing relative submap transformation, this means not candidate submap is in VIO states, are you moving very fast or sending too few submaps to VIO?
10-14 18:12:22.716   874  1211 W [CT]    : Vega:SubmapPublisher: [Throttled count=195] Force publishing an ill-conditioned point.
10-14 18:12:22.742   874 14411 I [CT]    : VegaTrackTracker: Starting map tracking on map. SubmapId Submap id = 0, version = 1149457323 Active contexts: 1
10-14 18:12:22.743   874 14411 I [CT]    : VegaTrackTracker: Starting map tracking on map. SubmapId Submap id = 2, version = 1433335305 Active contexts: 2
10-14 18:12:22.792   874 14411 W [CT]    : VEGA:MAP_TRACKING_HM: Validation failed after 0.04 seconds of bad frames. Switching from Validating to NoTracking
10-14 18:12:22.792   874 14411 W [CT]    : VEGA:MAP_TRACKING_HM: Validation failed after 0.04 seconds of bad frames. Switching from Validating to NoTracking
10-14 18:12:22.824   874 14411 I [CT]    : TrackedMapContext: Stop tracking map with ID Submap id = 2, version = 1433335305 at index: 2 in contexts: 3
10-14 18:12:22.824   874 14411 I [CT]    : TrackedMapContext: Stop tracking map with ID Submap id = 0, version = 1149457323 at index: 1 in contexts: 2
10-14 18:12:22.836 15108 15142 I chatty  : uid=10111(com.epicgames.PrototypeV3) expire 169 lines
10-14 18:12:23.003 15108 15337 I chatty  : uid=10111(com.epicgames.PrototypeV3) expire 3 lines
10-14 18:12:23.266  1372 14408 I CompositorVR: SetSchedFifo( tid=15343, pol=2, pri=0 ) succeeded
10-14 18:12:23.280  1372 14408 I CompositorVR: SetSchedFifo( tid=15343, pol=3, pri=0 ) succeeded
10-14 18:12:23.599  2890  3062 W OsSdk   : Requested historical tracking state too far in the past; oldest: 8809.857455s, requested: 8804.836605s
10-14 18:12:23.716   874 14411 I [CT]    : VIPER: Mode=SuperVega,Status=6DoF,TRACKING,Inl=30,Mem=62.9,Jit=0.3mm,Issues(Cam/min=0.0,IMU/min=0.0),Exp=(14.0ms,g=15.0,I=51,Ir=246.1)(14.0ms,g=15.0,I=77,Ir=370.9)(14.0ms,g=15.0,I=80,Ir=383.7)(14.0ms,g=15.0,I=67,Ir=320.5)
10-14 18:12:23.716   874 14411 W [CT]    : VIPER: Images too dark, Environment trending to dark, 
10-14 18:12:23.901   874 14411 W [CT]    : TIMESTAMPCHECKER: Nominal rate wrong. Estimated data rate: 25, Nominal is 30.000300003000028
10-14 18:12:24.414 15108 15142 I chatty  : uid=10111(com.epicgames.PrototypeV3) expire 169 lines
10-14 18:12:24.422 15108 15341 I chatty  : uid=10111(com.epicgames.PrototypeV3) expire 169 lines
10-14 18:12:24.871  2890  3849 I Telemetry: App memory usage: PSS=55MB DalvikPSS=19 MB PrivateDirty=49MB PrivateClean=2MB
10-14 18:12:25.850 15108 15142 I chatty  : uid=10111(com.epicgames.PrototypeV3) expire 169 lines
10-14 18:12:25.941   874 14411 W [CT]    : TIMESTAMPCHECKER: Nominal rate wrong. Estimated data rate: 25, Nominal is 30.000300003000028
10-14 18:12:26.002 15108 15337 I chatty  : uid=10111(com.epicgames.PrototypeV3) expire 3 lines
10-14 18:12:26.371   874 14384 I [CT]    : CONSTELLATION:IMU_STATUS: 729165a0fe4054d7 (R): [FusionTracked=0.869, OutputTracked=0.860, OutputValid=1.000] [AccelSat=0.000, GyroSat=0.000] 
10-14 18:12:26.503  1372  2252 E TREX    : Interface 'FaceEyeTrackingServerInterface,1' was not found.
10-14 18:12:26.519   874 14417 I [CT]    : CONSTELLATION:VISION_STATUS: 729165a0fe4054d7 (R): BlobDetection:[#BlobsDetected=(21.09, 40.68)]Matching:[MatchSuccess=0.840, MatchCost=(0.00157, 0.00001), #MatchedBlobs=(9.78, 21.84), #MatchedLeds=(5.70, 6.55), RematchM=0.012, SkipRefine=0.000] MatchMethod:[Prox=0.828, ConstBrute=0.024, UnconstBrute=0.000] MatchResets[AnomBlobSize=0.012, SharedMatch=0.000, DenseReacq=0.000] | Fusion:[FusionError=0.000, ImuFromCamMs=(8.309, 1.288), RematchF=0.052] FusionUpdates:[Successful=0.840, Reliable=0.828, TightFusion=0.796, FullPose=0.040, StaticPrior=0.000, StaticForHandTrans=0.008, PoseUpdateMD=(3.8786, 34.6686)] FusionResets[6DoFReset=0.132, ResetSuccess=0.004] FusionStatus[HasPosition=0.872, HasVelocity=1.000] 
10-14 18:12:26.663   874 14350 I [CT]    : boltlib: DSP utilization: 7.54 % (376 / 5000 ms)
10-14 18:12:26.675   874 14411 W [CT]    : SVEGA: getMap is not supported.
10-14 18:12:26.794   874  1211 I [CT]    : Vega:MapBuilderBase: Created keyRig with frameID 2507 and uid 03ffb5ec
10-14 18:12:26.801   874  1211 I [CT]    : KEYPOINT_CACHE: New keyrig added has 250 corners and 101 tracks to immature points that will be used to extract descriptors and insert into the index.
10-14 18:12:26.803   874  1213 I [CT]    : VIPER:DEEP_DESCRIPTOR: Computing Deep Descriptors using IC orientation.
10-14 18:12:26.804   874  1211 I [CT]    : MapCullingTask: Culled 0 L1 nodes, 1 individual keyrigs, and 7 individual points
10-14 18:12:26.805   874  1211 I [CT]    : VegaBAOptimize: Num points adjusted: 186 fixed: 0 Num residuals in-in: 850 in-out: 0 out-in: 0 fixed (out-out): 0 outside ROI: 0 total: 851
10-14 18:12:26.805   874  1211 I [CT]    : VegaBAOptimize: Total: neighbor 3 L1s, adjust 2 L1s. KRs 23  Points 186  Cameras 92  OutsideFixedKR 2  AdjustKR 21  Imus 5
10-14 18:12:26.839   874  1211 W [CT]    : VegaMapVerifier: VERIFICATION WARNING: Primary child of L1 cluster with 0 points. This likely means something went wrong in cluster splitting.
10-14 18:12:26.972   874  1211 E [CT]    : VegaMapSaver: master key rig has zero map points!
10-14 18:12:27.017   874  1211 E [CT]    : VegaMapSaver: master key rig has zero energy edges!
10-14 18:12:27.276   874  1211 I [CT]    : Vega:SubmapPublisher: Tracking parent no change: frame movement above thresh -> Publish
10-14 18:12:27.276   874  1211 I [CT]    : Vega:SubmapPublisher: Start to publish submaps, found candidates:  3
10-14 18:12:27.276   874  1211 E [CT]    : SubmapRecords: findSubmapId found 2 submap records hold the same query krHandle
10-14 18:12:27.276   874  1211 W [CT]    : Vega:SubmapPublisherBase: Reference cannot be found when constructing relative submap transformation, this means not candidate submap is in VIO states, are you moving very fast or sending too few submaps to VIO?
10-14 18:12:27.276   874  1211 W [CT]    : Vega:SubmapPublisherBase: Reference cannot be found when constructing relative submap transformation, this means not candidate submap is in VIO states, are you moving very fast or sending too few submaps to VIO?
10-14 18:12:27.303   874 14411 I [CT]    : VegaTrackTracker: Starting map tracking on map. SubmapId Submap id = 0, version = 1525706736 Active contexts: 1
10-14 18:12:27.303   874 14411 I [CT]    : VegaTrackTracker: Starting map tracking on map. SubmapId Submap id = 2, version = 597604463 Active contexts: 2
10-14 18:12:27.316   874 14411 I [CT]    : VIPER: Mode=SuperVega,Status=6DoF,TRACKING,Inl=30,Mem=62.8,Jit=0.5mm,Issues(Cam/min=0.0,IMU/min=0.0),Exp=(14.0ms,g=15.0,I=56,Ir=269.9)(14.0ms,g=15.0,I=83,Ir=398.4)(14.0ms,g=15.0,I=89,Ir=428.4)(12.0ms,g=15.0,I=77,Ir=431.0)
10-14 18:12:27.316   874 14411 W [CT]    : VIPER: Images too dark, Environment trending to dark, 
10-14 18:12:27.352   874 14411 W [CT]    : VEGA:MAP_TRACKING_HM: Validation failed after 0.04 seconds of bad frames. Switching from Validating to NoTracking
10-14 18:12:27.352   874 14411 W [CT]    : VEGA:MAP_TRACKING_HM: Validation failed after 0.04 seconds of bad frames. Switching from Validating to NoTracking
10-14 18:12:27.363 15108 15142 I chatty  : uid=10111(com.epicgames.PrototypeV3) expire 172 lines
10-14 18:12:27.363 15108 15341 I chatty  : uid=10111(com.epicgames.PrototypeV3) expire 85 lines
10-14 18:12:27.384   874 14411 I [CT]    : TrackedMapContext: Stop tracking map with ID Submap id = 2, version = 597604463 at index: 2 in contexts: 3
10-14 18:12:27.384   874 14411 I [CT]    : TrackedMapContext: Stop tracking map with ID Submap id = 0, version = 1525706736 at index: 1 in contexts: 2
10-14 18:12:27.720 15108 15144 I chatty  : uid=10111(com.epicgames.PrototypeV3) expire 1 line
10-14 18:12:27.941   874 14411 W [CT]    : TIMESTAMPCHECKER: Nominal rate wrong. Estimated data rate: 25, Nominal is 30.000300003000028
10-14 18:12:28.601  2890  3062 W OsSdk   : Requested historical tracking state too far in the past; oldest: 8814.860744s, requested: 8804.836605s
10-14 18:12:28.659 15108 15133 I chatty  : uid=10111(com.epicgames.PrototypeV3) expire 1 line
10-14 18:12:28.660 15108 15460 I chatty  : uid=10111(com.epicgames.PrototypeV3) expire 3 lines
10-14 18:12:28.847 15108 15341 I chatty  : uid=10111(com.epicgames.PrototypeV3) expire 84 lines
10-14 18:12:28.850 15108 15142 I chatty  : uid=10111(com.epicgames.PrototypeV3) expire 167 lines
10-14 18:12:29.003 15108 15337 I chatty  : uid=10111(com.epicgames.PrototypeV3) expire 3 lines
10-14 18:12:29.678   874  1211 I [CT]    : Vega:SubmapPublisher: Tracking parent no change: frame movement above thresh -> Publish
10-14 18:12:29.679   874  1211 I [CT]    : Vega:SubmapPublisher: Start to publish submaps, found candidates:  3
10-14 18:12:29.679   874  1211 E [CT]    : SubmapRecords: findSubmapId found 2 submap records hold the same query krHandle
10-14 18:12:29.679   874  1211 W [CT]    : Vega:SubmapPublisherBase: Reference cannot be found when constructing relative submap transformation, this means not candidate submap is in VIO states, are you moving very fast or sending too few submaps to VIO?
10-14 18:12:29.679   874  1211 W [CT]    : Vega:SubmapPublisherBase: Reference cannot be found when constructing relative submap transformation, this means not candidate submap is in VIO states, are you moving very fast or sending too few submaps to VIO?
10-14 18:12:29.703   874 14411 I [CT]    : VegaTrackTracker: Starting map tracking on map. SubmapId Submap id = 0, version = 929331976 Active contexts: 1
10-14 18:12:29.703   874 14411 I [CT]    : VegaTrackTracker: Starting map tracking on map. SubmapId Submap id = 2, version = 1333900036 Active contexts: 2
10-14 18:12:29.753   874 14411 W [CT]    : VEGA:MAP_TRACKING_HM: Validation failed after 0.04 seconds of bad frames. Switching from Validating to NoTracking
10-14 18:12:29.753   874 14411 W [CT]    : VEGA:MAP_TRACKING_HM: Validation failed after 0.04 seconds of bad frames. Switching from Validating to NoTracking
10-14 18:12:29.784   874 14411 I [CT]    : TrackedMapContext: Stop tracking map with ID Submap id = 2, version = 1333900036 at index: 2 in contexts: 3
10-14 18:12:29.784   874 14411 I [CT]    : TrackedMapContext: Stop tracking map with ID Submap id = 0, version = 929331976 at index: 1 in contexts: 2
10-14 18:12:29.941   874 14411 W [CT]    : TIMESTAMPCHECKER: Nominal rate wrong. Estimated data rate: 25, Nominal is 30.000300003000028
10-14 18:12:30.129 15108 15142 I chatty  : uid=10111(com.epicgames.PrototypeV3) expire 169 lines
10-14 18:12:30.130 15108 15341 I chatty  : uid=10111(com.epicgames.PrototypeV3) expire 168 lines
10-14 18:12:30.240   874 14417 I [CT]    : CONSTELLATION:VISION_STATUS: 86557c336c360320 (L): BlobDetection:[#BlobsDetected=(23.56, 2.25)]Matching:[MatchSuccess=1.000, MatchCost=(0.00088, 0.00000), #MatchedBlobs=(10.91, 1.39), #MatchedLeds=(6.23, 0.38), RematchM=0.000, SkipRefine=0.000] MatchMethod:[Prox=1.000, ConstBrute=0.000, UnconstBrute=0.000] MatchResets[AnomBlobSize=0.000, SharedMatch=0.000, DenseReacq=0.000] | Fusion:[FusionError=0.000, ImuFromCamMs=(8.686, 0.827), RematchF=0.000] FusionUpdates:[Successful=1.000, Reliable=1.000, TightFusion=1.000, FullPose=0.000, StaticPrior=0.000, StaticForHandTrans=0.000, PoseUpdateMD=(0.0000, 0.0000)] FusionResets[6DoFReset=0.000, ResetSuccess=0.000] FusionStatus[HasPosition=1.000, HasVelocity=1.000] 
10-14 18:12:30.278   874 14384 I [CT]    : CONSTELLATION:IMU_STATUS: 86557c336c360320 (L): [FusionTracked=1.000, OutputTracked=1.000, OutputValid=1.000] [AccelSat=0.000, GyroSat=0.000] 
10-14 18:12:30.429  1372  2252 I PerformanceManager_V0: SetClockLevels: Apply pending clock request change: 4,3 -> 3,3
10-14 18:12:30.429  1372  2248 I Clocks  : ReleaseClocks - start
10-14 18:12:30.430  1372  2248 I Clocks  : ReleaseClocks - end (0.6 ms)
10-14 18:12:30.430  1372  2248 I Clocks  : LockClocks( cpu=3, gpu=3 ) - start
10-14 18:12:30.430  1372  2248 I Clocks  : CPU levels [0, 4]
10-14 18:12:30.430  1372  2248 I Clocks  : GPU levels [0, 5]
10-14 18:12:30.431  1372  2248 I Clocks  : LockClocks( cpu=3, gpu=3 ) - end (0.6 ms)
10-14 18:12:30.913   874 14411 I [CT]    : VIPER: Mode=SuperVega,Status=6DoF,TRACKING,Inl=31,Mem=62.8,Jit=0.3mm,Issues(Cam/min=0.0,IMU/min=0.0),Exp=(14.0ms,g=15.0,I=52,Ir=251.6)(14.0ms,g=15.0,I=86,Ir=413.8)(14.0ms,g=15.0,I=94,Ir=450.6)(11.1ms,g=14.0,I=74,Ir=479.9)
10-14 18:12:30.913   874 14411 W [CT]    : VIPER: Images too dark, Environment trending to dark, 
10-14 18:12:31.443 15108 15142 I chatty  : uid=10111(com.epicgames.PrototypeV3) expire 167 lines
10-14 18:12:31.479  2890  3062 I GuardianSystem: world updating because worldfromanchor threshold passed
10-14 18:12:31.542   874 14411 I [CT]    : BrightnessPredictor: [Throttled count=374] Current irradiance: 331.01273 (samples: 1).
10-14 18:12:31.542   874 14411 W [CT]    : BrightnessPredictor: [Throttled count=374] Started in a dark environment. Current irradiance: 331.01273 (samples: 1).
10-14 18:12:31.663   874 14350 I [CT]    : boltlib: DSP utilization: 9.44 % (472 / 5000 ms)
10-14 18:12:31.681 15108 15133 I chatty  : uid=10111(com.epicgames.PrototypeV3) expire 1 line
10-14 18:12:31.682 15108 15467 I chatty  : uid=10111(com.epicgames.PrototypeV3) expire 3 lines
10-14 18:12:31.941   874 14411 W [CT]    : TIMESTAMPCHECKER: Nominal rate wrong. Estimated data rate: 25, Nominal is 30.000300003000028
10-14 18:12:32.003 15108 15337 I chatty  : uid=10111(com.epicgames.PrototypeV3) expire 2 lines
10-14 18:12:32.638 15108 15142 I chatty  : uid=10111(com.epicgames.PrototypeV3) expire 171 lines
10-14 18:12:32.648 15108 15341 I chatty  : uid=10111(com.epicgames.PrototypeV3) expire 162 lines
10-14 18:12:32.796   874  1211 I [CT]    : Vega:SubmapPublisher: Tracking parent no change: frame movement above thresh -> Publish
10-14 18:12:32.796   874  1211 I [CT]    : Vega:SubmapPublisher: Start to publish submaps, found candidates:  3
