11-02 20:33:45.022  3559  3559 D [SUI] SettingsViewModel: Constructing ViewModel
11-02 20:33:45.023  2110  2232 I Clay    : Avatar2ResourceSystem: Loaded compute animation. prim S0_L2_M1_V1_optimized_geom,0 15 vtx buff: 12 vtx size: 164472 mt size: 1207572
11-02 20:33:45.023  2110  2232 I Clay    : Avatar2ResourceSystem: Loaded mesh. prim S0_L2_M1_V1_optimized_geom,0 15 vtx buff: 12
11-02 20:33:45.024  3559  3559 D [SUI] AnytimeUIPanelAppBase: Acquiring viewModel StatusViewModel refCount: 2
11-02 20:33:45.025  2161  2161 I OVRMediaService: onStartCommand Received message type: com.oculus.horizon.GET_CAPTURE_STATE_ACTION, caller package: no_app_identity, app identify: null
11-02 20:33:45.031  3559  3559 D [SUI] AnytimeUIPanelAppBase: Acquiring viewModel SettingsViewModel refCount: 1
11-02 20:33:45.031  3559  3559 D [SUI] AnytimeUIPanelAppBase: Acquiring viewModel StatusViewModel refCount: 3
11-02 20:33:45.031  3559  3559 D [SUI] ActiveCallBarViewModel: Constructing ActiveCallBarViewModel
11-02 20:33:45.031  3559  3559 I [SUI] PartiesCallBarViewModel: new ServicePresenceClient
11-02 20:33:45.034  3559  3559 I PresenceAPK(ServiceApiManager): Trying to bind to presence service API.
11-02 20:33:45.036  1037  1637 W ActivityManager: Unable to start service Intent { act=com.oculus.presence.StablePresenceService cmp=com.oculus.presence/.services.presence.PresenceService } U=0: not found
11-02 20:33:45.037  3559  3559 E PresenceAPK(ServiceApiManager): Enabling backward compatible mode for service directory
11-02 20:33:45.038  1037  1056 W InputReader: Device has associated, but no associated display id.
11-02 20:33:45.043  1037  1058 W InputReader: Device has associated, but no associated display id.
11-02 20:33:45.043  1037  1058 I ActivityTaskManager: Override config changes=20005df8 {0.0 ?mcc?mnc ?localeList ?layoutDir sw640dp w640dp h1000dp 200dpi lrg port ?uimode ?night -touch qwerty/v/v -nav/h winConfig={ mBounds=Rect(0, 0 - 800, 1250) mAppBounds=Rect(0, 0 - 800, 1250) mWindowingMode=fullscreen mDisplayWindowingMode=fullscreen mActivityType=undefined mAlwaysOnTop=undefined mRotation=ROTATION_0}} for displayId=10
11-02 20:33:45.047  3559  3559 D PresenceAPK(PresenceClient): setEventListener id=SystemCallGroup
11-02 20:33:45.047  3559  3559 I PresenceAPK(GroupManager): addListener for id SystemCallGroup
11-02 20:33:45.048  3559  3559 D [SUI] MessengerCallBarViewModel: constructing MessengerCallBarViewModel
11-02 20:33:45.048  3559  3559 D [SUI] MessengerCallViewModel: constructing MessengerCallViewModel, instance count:3
11-02 20:33:45.048  3559  3559 D HyperspaceClient: acquire instance, refcount: 1
11-02 20:33:45.048  3559  3559 D [SUI] MessengerCallViewModel: hyperspace client created
11-02 20:33:45.048  3559  3559 D [SUI] AnytimeUIPanelAppBase: Acquiring viewModel MessengerCallViewModel refCount: 1
11-02 20:33:45.048  3559  3559 D [SUI] MessengerCallViewModel: registerObserver
11-02 20:33:45.048  3559  3559 D [SUI] AnytimeUIPanelAppBase: Acquiring viewModel ActiveCallBarViewModel refCount: 1
11-02 20:33:45.048  3559  7665 D HyperspaceClientJni: initInternal - start
11-02 20:33:45.050  3559  7665 D HyperspaceClientJni: startHyperspacePresenceServiceClient
11-02 20:33:45.050  3559  7665 D HyperspaceClientJni: initHyperspacePresenceServiceClient begin
11-02 20:33:45.050  3559  7665 I ipcLoader_static: RuntimeIPC: Loader: IPC Service API Loader Version: 31 Sep  3 2022 22:16:47
11-02 20:33:45.050  3559  7665 I RuntimeIPCApi: ipc_Initialize
11-02 20:33:45.050  3559  7665 I RuntimeIPCServiceClient: Init: Already initialized: com.oculus.systemux:SystemUX, 2
11-02 20:33:45.050  3559  3559 D [SUI] OnboardingTutorial: Initialize Onboarding Tutorial
11-02 20:33:45.051  3559  3559 D [SUI] OnboardingTutorial: Step is: NOT_BRAND_NEW_USER
11-02 20:33:45.051  3559  3559 D [SUI] OnboardingTutorial: Not a first time user; skipping the tutorial
11-02 20:33:45.051  3559  3559 D [SUI] SystemStatusView: Initializing System Status
11-02 20:33:45.051  3559  3559 D [SUI] AnytimeUIPanelAppBase: Acquiring viewModel SocialViewModel refCount: 2
11-02 20:33:45.051  3559  3559 D [SUI] StatusViewModel: Constructing ViewModel
11-02 20:33:45.053  3559  3559 I android_os_HwBinder: HwBinder: Starting thread pool for getting: vendor.oculus.hardware.battery@1.0::IBattery/default
11-02 20:33:45.055  3559  3559 D [SUI] StatusViewModel: Initializing wifi status BroadcastReceiver
11-02 20:33:45.055  2161  2161 I FileCapture: broadcast capture state to AUI running = false, with mode -1
11-02 20:33:45.057  2110  2224 I Clay    : EnvironmentSystem::update: setting scene background audio for scene zip 'apk://com.environment.matrixloadingvoid/assets/scene.zip'
11-02 20:33:45.057  2110  2224 I Clay    : EnvironmentAudioSystem::setSceneBackgroundLoop: set scene audio: apk://com.environment.matrixloadingvoid/assets/scene.zip
11-02 20:33:45.058  2110  2224 I Clay    : EnvironmentSystem: Scene loaded
11-02 20:33:45.058  2110  2224 I Clay    : SharedHomeSystem::_onEnvironmentActivated
11-02 20:33:45.058  3559  3559 D [SUI] StatusViewModel: Initialized wifi status BroadcastReceiver
11-02 20:33:45.059  2483  2505 D RuntimeIPCServerMgr: RegisterClient: Client: com.oculus.systemux:com.oculus.systemux:SystemUX:3559, Server: com.oculus.presence:com.oculus.presence (PresenceServer)
11-02 20:33:45.061  2483  2505 I IPCSharedMemory: CreateSharedMemory: Allocated shared memory fd 106 (ipcStateReadWrite)
11-02 20:33:45.061  2483  2505 I IPCSharedMemory: CreateSharedMemory: Allocated shared memory fd 107 (ipcReadOnlyState)
11-02 20:33:45.061  2483  2505 I RuntimeIPCServerMgr: Event buffer size (server): 8192
11-02 20:33:45.061  2483  2505 I IPCSharedMemory: CreateSharedMemory: Allocated shared memory fd 108 (ipcEventBuffer)
11-02 20:33:45.062  2483  2505 I IPCSharedMemory: CreateSharedMemory: Allocated shared memory fd 109 (ipcEventBuffer_Private)
11-02 20:33:45.062  2725  2725 D [SEO] ShellControlBroadcastReceiver: onReceive with MainActivity native pointer 3765964976, action com.oculus.systemactivities.CAPTURE_STATE_UPDATE
11-02 20:33:45.062  2725  2725 D [SEO] ShellControlBroadcastReceiver: isLaunchAction = false, isTrustedAppLaunch = false
11-02 20:33:45.062  2725  2725 D [SEO] ShellControlBroadcastReceiver: IsCaptureStateUpdateAction
11-02 20:33:45.063  4075  4199 E OsSdk   : error getting shared memory region, memory type: HeadTracker, failed with Status(-1, EX_SECURITY): 'requested shared memory region when not registered/focused'
11-02 20:33:45.063  4075  4164 D xrstreaming: receive ping: org 0 recv 0 xmt 11139916865200 (received at 2766283847901), offset divergence -603959
11-02 20:33:45.064  2483  2505 I RuntimeIPCServerMgr: HandleClientConnect SUCCESS: Client: com.oculus.systemux:com.oculus.systemux:SystemUX:3559, Server: com.oculus.presence:com.oculus.presence (PresenceServer)
11-02 20:33:45.064  2483  2505 I RuntimeIPCServerMgr: GetServerStatesConfig -> {MaxBufferSize=32768, MaxEntries=64}
11-02 20:33:45.064  3559  7665 I RuntimeIPCClient: GetServerStatesConfig returned maxEntries=64, maxBuffSize=32768
11-02 20:33:45.064  3559  7665 I RuntimeIPCClient: Event buffer size (client): 8192
11-02 20:33:45.064  3559  7665 I RuntimeIPCClient: TryToGetIPCResourcesFromServer: RPC_CONNECTOR_CONNECT_TO_SERVER SUCCESS: Client: com.oculus.systemux:com.oculus.systemux:SystemUX:3559, Server: com.oculus.presence:com.oculus.presence (PresenceServer)
11-02 20:33:45.064  3559  7665 I RuntimeIPCClient: EnsureServerConnection: SUCCESS. Client: com.oculus.systemux:com.oculus.systemux:SystemUX:3559, Server: com.oculus.presence:com.oculus.presence (PresenceServer)
11-02 20:33:45.064  3559  7665 I RuntimeIPCClientMgr: ConnectToServer: SUCCESS: Client: com.oculus.systemux:com.oculus.systemux:SystemUX:3559, Server: com.oculus.presence:com.oculus.presence (PresenceServer)
11-02 20:33:45.064  3559  7665 W REFLECT : RuntimeIPC: DeferredConnectEvent not valid: 0, 16777224
11-02 20:33:45.065  3559  7666 D CCodec  : allocate(c2.android.raw.decoder)
11-02 20:33:45.065   831  1677 V C2Store : in init
11-02 20:33:45.065   831  1677 V C2Store : loading dll
11-02 20:33:45.067  2371  2371 D DeviceHelper: isScreenOn = true
11-02 20:33:45.067  2371  2371 D [OAO] ShellOverlayBroadcastReceiver: onReceive with ShellOverlayService native pointer 3766405568, action com.oculus.systemactivities.CAPTURE_STATE_UPDATE
11-02 20:33:45.071  3559  7666 I CCodec  : Created component [c2.android.raw.decoder]
11-02 20:33:45.071  3559  7666 D CCodecConfig: read media type: audio/raw
11-02 20:33:45.072  2725  3041 I [SEO] ShellEnvHomeController: copresence: received setCollisionShapes
11-02 20:33:45.074  2725  3041 I [SEO] ShellEnvHomeController: copresence: processing currentCollisionShapes
11-02 20:33:45.074  2725  3041 I [SEO] ShellEnvHomeController: Theaterscreen transform node set for the env size x: 4.660000, y: 2.621250
11-02 20:33:45.076  2161  2161 I OVRMediaServiceManager: Metacam is not enabled.
11-02 20:33:45.077  3559  7666 D ReflectedParamUpdater: extent() != 1 for single value type: algo.buffers.max-count.values
11-02 20:33:45.077  3559  7666 D ReflectedParamUpdater: extent() != 1 for single value type: output.subscribed-indices.values
11-02 20:33:45.077  3559  7666 D ReflectedParamUpdater: extent() != 1 for single value type: input.buffers.allocator-ids.values
11-02 20:33:45.077  3559  7666 D ReflectedParamUpdater: extent() != 1 for single value type: output.buffers.allocator-ids.values
11-02 20:33:45.077  3559  7666 D ReflectedParamUpdater: extent() != 1 for single value type: algo.buffers.allocator-ids.values
11-02 20:33:45.077  3559  7666 D ReflectedParamUpdater: extent() != 1 for single value type: output.buffers.pool-ids.values
11-02 20:33:45.077  3559  7666 D ReflectedParamUpdater: extent() != 1 for single value type: algo.buffers.pool-ids.values
11-02 20:33:45.078  3559  7666 I CCodecConfig: query failed after returning 8 values (BAD_INDEX)
11-02 20:33:45.078  3559  7666 D CCodecConfig: c2 config diff is Dict {
11-02 20:33:45.078  3559  7666 D CCodecConfig:   c2::u32 coded.bitrate.value = 64000
11-02 20:33:45.078  3559  7666 D CCodecConfig:   c2::u32 input.buffers.max-size.value = 65536
11-02 20:33:45.078  3559  7666 D CCodecConfig:   c2::u32 input.delay.value = 0
11-02 20:33:45.078  3559  7666 D CCodecConfig:   string input.media-type.value = "audio/raw"
11-02 20:33:45.078  3559  7666 D CCodecConfig:   string output.media-type.value = "audio/raw"
11-02 20:33:45.078  3559  7666 D CCodecConfig:   c2::u32 raw.channel-count.value = 2
11-02 20:33:45.078  3559  7666 D CCodecConfig:   c2::u32 raw.pcm-encoding.value = 0
11-02 20:33:45.078  3559  7666 D CCodecConfig:   c2::u32 raw.sample-rate.value = 44100
11-02 20:33:45.078  3559  7666 D CCodecConfig: }
11-02 20:33:45.079  3559  7666 D CCodecConfig: no c2 equivalents for durationUs
11-02 20:33:45.079  3559  7666 D CCodecConfig: no c2 equivalents for track-id
11-02 20:33:45.079  3559  7666 D CCodecConfig: no c2 equivalents for bits-per-sample
11-02 20:33:45.079  3559  7666 D CCodecConfig: no c2 equivalents for channel-mask
11-02 20:33:45.079  3559  7666 D CCodecConfig: c2 config diff is   c2::u32 raw.channel-count.value = 1
11-02 20:33:45.079  3559  7666 D CCodecConfig:   c2::u32 raw.sample-rate.value = 48000
11-02 20:33:45.079  3559  7666 W Codec2Client: query -- param skipped: index = 1107298332.
11-02 20:33:45.079  3559  7666 D CCodec  : setup formats input: AMessage(what = 0x00000000) = {
11-02 20:33:45.079  3559  7666 D CCodec  :   int32_t channel-count = 1
11-02 20:33:45.079  3559  7666 D CCodec  :   int32_t max-input-size = 65536
11-02 20:33:45.079  3559  7666 D CCodec  :   string mime = "audio/raw"
11-02 20:33:45.079  3559  7666 D CCodec  :   int32_t pcm-encoding = 2
11-02 20:33:45.079  3559  7666 D CCodec  :   int32_t sample-rate = 48000
11-02 20:33:45.079  3559  7666 D CCodec  : } and output: AMessage(what = 0x00000000) = {
11-02 20:33:45.079  3559  7666 D CCodec  :   int32_t channel-count = 1
11-02 20:33:45.079  3559  7666 D CCodec  :   string mime = "audio/raw"
11-02 20:33:45.079  3559  7666 D CCodec  :   int32_t pcm-encoding = 2
11-02 20:33:45.079  3559  7666 D CCodec  :   int32_t sample-rate = 48000
11-02 20:33:45.079  3559  7666 D CCodec  :   int32_t channel-mask = 0
11-02 20:33:45.079  3559  7666 D CCodec  : }
11-02 20:33:45.081  3559  3559 D [SUI] AnytimeUIPanelAppBase: Acquiring viewModel BarViewModel refCount: 2
11-02 20:33:45.081  3559  3559 D [SUI] AnytimeUIPanelAppBase: Acquiring viewModel SystemStatusViewModel refCount: 1
11-02 20:33:45.081  3559  3559 D [SUI] SocialViewModel: registerObserver(): -$$Lambda$SystemStatusView$hvdttGlyfUmlGZJVTLPJRt2c5Fk
11-02 20:33:45.082  3559  3559 D [SUI] SystemStatusView: Initialized System Status
11-02 20:33:45.082  3559  3559 D [SUI] AnytimeUIPanelAppBase: Acquiring viewModel DynamicAppsViewModel refCount: 2
11-02 20:33:45.082  3559  3559 D [SUI] DynamicAppsView: Initializing DynamicAppsView on AUI bar
11-02 20:33:45.082  3559  3559 D [SUI] BarView: Initialized parties call bar
11-02 20:33:45.082  3559  3559 D [SUI] MessengerCallViewModel: registerObserver
11-02 20:33:45.082  3559  3559 D [SUI] BarView: Initialized messenger call bar
11-02 20:33:45.082  3559  3559 V [SUI] BarView: Subscribing to notifications badge live data
11-02 20:33:45.083  3559  3559 V [SUI] BarView: Notifs badge count: 0, Messenger badge count 0
11-02 20:33:45.083  3559  3559 D [SUI] BarView: Initialized BarView
11-02 20:33:45.087  1037  1156 I DisplayManagerService: Display device removed: DisplayDeviceInfo{"com.oculus.android_panel_app.AndroidPanelLayer-#main": uniqueId="virtual:com.oculus.systemux,10026,com.oculus.android_panel_app.AndroidPanelLayer-#main,0", 800 x 1250, modeId 71, defaultModeId 71, supportedModes [{id=71, width=800, height=1250, fps=60.0}], colorMode 0, supportedColorModes [0], HdrCapabilities null, density 200, 200.0 x 200.0 dpi, appVsyncOff 0, presDeadline 16666666, touch NONE, rotation 0, type VIRTUAL, state OFF, owner com.oculus.systemux (uid 10026), FLAG_PRIVATE, FLAG_NEVER_BLANK, FLAG_OWN_CONTENT_ONLY}
11-02 20:33:45.088  3559  7666 W Codec2Client: query -- param skipped: index = 1342179345.
11-02 20:33:45.088  3559  7666 W Codec2Client: query -- param skipped: index = 2415921170.
11-02 20:33:45.088  3559  7666 D CCodecBufferChannel: [c2.android.raw.decoder#979] Created input block pool with allocatorID 16 => poolID 19 - OK (0)
11-02 20:33:45.091   801  1480 D BufferPoolAccessor: bufferpool2 0xec49c310 : 0(0 size) total buffers - 0(0 size) used buffers - 9/20 (recycle/alloc) - 11/30 (fetch/transfer)
11-02 20:33:45.091  1037  1156 I DisplayManagerService: Display device added: DisplayDeviceInfo{"com.oculus.android_panel_app.AndroidPanelLayer-#main": uniqueId="virtual:com.oculus.systemux,10026,com.oculus.android_panel_app.AndroidPanelLayer-#main,0", 800 x 110, modeId 72, defaultModeId 72, supportedModes [{id=72, width=800, height=110, fps=60.0}], colorMode 0, supportedColorModes [0], HdrCapabilities null, density 200, 200.0 x 200.0 dpi, appVsyncOff 0, presDeadline 16666666, touch NONE, rotation 0, type VIRTUAL, state OFF, owner com.oculus.systemux (uid 10026), FLAG_PRIVATE, FLAG_NEVER_BLANK, FLAG_OWN_CONTENT_ONLY}
11-02 20:33:45.091  3559  7666 I CCodecBufferChannel: [c2.android.raw.decoder#979] Created output block pool with allocatorID 16 => poolID 41 - OK
11-02 20:33:45.091  3559  7666 D CCodecBufferChannel: [c2.android.raw.decoder#979] Configured output block pool ids 41 => OK
11-02 20:33:45.092   801  1480 D BufferPoolAccessor: Destruction - bufferpool2 0xec49c310 cached: 0/0M, 0/0% in use; allocs: 20, 45% recycled; transfers: 30, 63% unfetced
11-02 20:33:45.100  3559  3559 D [SUI] SettingsAssistantJsonBuilder: Registering legacy settings
11-02 20:33:45.100  3559  3559 D [SUI] SettingsAssistantJsonBuilder: Not registering settings service settings. Blocked by GK
11-02 20:33:45.101  3559  3559 D [SUI] SettingsAssistantJsonBuilder: Settings JSON: {"settings":[{"id":"about","type":"void","mutable":false,"queryable":false,"route":"systemux:\/\/settings\/about"},{"id":"auto sleep","type":"void","mutable":false,"queryable":false,"route":"systemux:\/\/settings\/power?setting=auto_sleep_time","parent":"power"},{"id":"auto wake","type":"void","mutable":false,"queryable":false,"route":"systemux:\/\/settings\/power?setting=auto_wake","parent":"power"},{"id":"bluetooth pairing","type":"void","mutable":false,"queryable":false,"route":"systemux:\/\/settings\/bluetooth?setting=bluetooth_pairing","parent":"bluetooth"},{"id":"boundary color","type":"void","mutable":false,"queryable":false,"route":"systemux:\/\/settings\/guardian_general?setting=guardian_customization_boundary_color_config","parent":"guardian"},{"id":"bug report","type":"void","mutable":false,"queryable":false,"route":"systemux:\/\/bug_report","parent":"about"},{"id":"controllers","type":"void","mutable":false,"queryable":false,"route":"systemux:\/\/settings\/controllers"},{"id":"display","type":"void","mutable":false,"queryable":false,"route":"systemux:\/\/settings\/display"},{"id":"do not disturb","type":"void","mutable":false,"queryable":false,"route":"systemux:\/\/settings\/do_not_disturb?setting=do_not_disturb","parent":"do not disturb"},{"id":"environment","type":"void","mutable":false,"queryable":false,"route":"systemux:\/\/settings\/environment"},{"id":"experimental","type":"void","mutable":false,"queryable":false,"route":"systemux:\/\/settings\/experiments"},{"id":"floor level","type":"void","mutable":false,"queryable":false,"route":"systemux:\/\/guardian\/guardian-adjust-floor","parent":"guardian"},{"id":"glanceable boundary","type":"void","mutable":false,"queryable":false,"route":"systemux:\/\/settings\/guardian_roomscale?setting=guardian_enable_glanceable_bounds","parent":"guardian"},{"id":"guardian","type":"void","mutable":false,"queryable":false,"route":"systemux:\/\/settings\/guardian_general"},{"id":"guardian history","type":"void","mutable":false,"queryable":false,"route":"systemux:\/\/settings\/guardian_general?setting=guardian_clear_history","parent":"guardian"},{"id":"guardian passthrough","type":"void","mutable":false,"queryable":false,"route":"systemux:\/\/settings\/guardian_general?setting=passthrough_on_demand","parent":"guardian"},{"id":"hand tracking","type":"void","mutable":false,"queryable":false,"route":"systemux:\/\/settings\/hands?setting=hands_hand_tracking","parent":"hands"},{"id":"health and safety","type":"void","mutable":false,"queryable":false,"route":"systemux:\/\/health_and_safety_video","parent":"about"},{"id":"language","type":"void","mutable":false,"queryable":false,"route":"systemux:\/\/settings\/language_and_region?setting=language","parent":"language and region"},{"id":"long press","type":"void","mutable":false,"queryable":false,"route":"systemux:\/\/settings\/controllers?setting=controllers_oculus_button_long_press","parent":"controllers"},{"id":"mac address","type":"void","mutable":false,"queryable":false,"route":"systemux:\/\/settings\/about?setting=about_mac_address","parent":"about"},{"id":"microphone","type":"void","mutable":false,"queryable":false,"route":"systemux:\/\/settings\/sound?setting=microphone","parent":"sound"},{"id":"night shift","type":"void","mutable":false,"queryable":false,"route":"systemux:\/\/settings\/display?setting=night_shift","parent":"display"},{"id":"notifications","type":"void","mutable":false,"queryable":false,"route":"systemux:\/\/settings\/notifications"},{"id":"os version","type":"void","mutable":false,"queryable":false,"route":"systemux:\/\/settings\/software_update?setting=os_version","parent":"about"},{"id":"permissions","type":"void","mutable":false,"queryable":false,"route":"systemux:\/\/settings\/permissions"},{"id":"power","type":"void","mutable":false,"queryable":false,"route":"systemux:\/\/settings\/power"},{"id":"privacy policy","type":"void","mutable":false,"queryable":false,"route":"systemux:\/\/settings\/about?setting=about_privacy_policy",
11-02 20:33:45.102  3559  3559 D [SUI] AnytimeUIAndroidPanelApp: Stored settings in pref store in 1467552 ns
11-02 20:33:45.104   831  7667 D SimpleC2Component: Using output block pool with poolID 41 => got 41 - 0
11-02 20:33:45.104   840  1171 I chatty  : uid=1000(system) Binder:840_3 identical 5 lines
11-02 20:33:45.105  3559  3559 I PresenceAPK(ServiceApiManager): Trying to bind to presence service API.
11-02 20:33:45.105  4075  4199 E OsSdk   : error getting shared memory region, memory type: HeadTracker, failed with Status(-1, EX_SECURITY): 'requested shared memory region when not registered/focused'
11-02 20:33:45.105  1037  1648 W ActivityManager: Unable to start service Intent { act=com.oculus.presence.StablePresenceService cmp=com.oculus.presence/.services.presence.PresenceService } U=0: not found
11-02 20:33:45.105  3559  3559 E PresenceAPK(ServiceApiManager): Enabling backward compatible mode for service directory
11-02 20:33:45.114  3559  3607 I [SUI] AnytimeUIAndroidPanelApp: GCing AnytimeUIAndroidPanelApp
11-02 20:33:45.114  3559  3607 W System  : A resource failed to call release. 
11-02 20:33:45.114  3559  3607 I chatty  : uid=10026(com.oculus.systemux) FinalizerDaemon identical 5 lines
11-02 20:33:45.114  3559  3607 W System  : A resource failed to call release. 
11-02 20:33:45.119  1426  1426 V AvrcpMediaPlayerList: onPlaybackConfigChanged(): Configs list size=6
11-02 20:33:45.120   800  3677 D MediaBufferGroup: creating MemoryDealer
11-02 20:33:45.131  1037  1056 W InputReader: Device has associated, but no associated display id.
11-02 20:33:45.135   831  3751 D BufferPoolAccessor: Destruction - bufferpool2 0x33c0cdca30 cached: 0/0M, 0/0% in use; allocs: 0, 0% recycled; transfers: 0, 0% unfetced
11-02 20:33:45.136   831  3751 V C2Store : in ~ComponentModule
11-02 20:33:45.136   831  3751 V C2Store : unloading dll
11-02 20:33:45.138  1037  1058 W InputReader: Device has associated, but no associated display id.
11-02 20:33:45.138  1037  1058 I ActivityTaskManager: Override config changes=20005df8 {0.0 ?mcc?mnc ?localeList ?layoutDir sw88dp w640dp h88dp 200dpi nrml long land ?uimode ?night -touch qwerty/v/v -nav/h winConfig={ mBounds=Rect(0, 0 - 800, 110) mAppBounds=Rect(0, 0 - 800, 110) mWindowingMode=fullscreen mDisplayWindowingMode=fullscreen mActivityType=undefined mAlwaysOnTop=undefined mRotation=ROTATION_0}} for displayId=11
11-02 20:33:45.141  3559  3559 D PresenceAPK(PresenceClient): setEventListener id=AnchoredHomeGroup
11-02 20:33:45.141  3559  3559 I PresenceAPK(GroupManager): addListener for id AnchoredHomeGroup
11-02 20:33:45.141  3559  3559 I PanelService: BEGIN: nativeInitializePanelInstance - Configure and set up thread polling.
11-02 20:33:45.141  3559  3559 I PanelService: BEGIN: Call hosted app's Configure method.
11-02 20:33:45.141  3559  3559 I PanelService: END: Call hosted app's Configure method.
11-02 20:33:45.141  3559  3559 I PanelService: END: nativeInitializePanelInstance - Add fd 40 to looper with error code 1
11-02 20:33:45.141  3559  3559 D CppPanelService: END: Initializing panel application via MSG_CREATE_PANEL_APP.
11-02 20:33:45.142  2725  3041 I [SEO] PanelRenderLayer: ResetSurface #main 0 x 0 - shape:0 stereo:0
11-02 20:33:45.142  3559  3559 I [SUI] AnytimeUIAndroidPanelApp: Bar visibility changed to true
11-02 20:33:45.142  3559  3559 I [SUI] AnytimeUIAndroidPanelApp: updateGuardianConfig - 1 - 0.44444448
11-02 20:33:45.142  3559  3559 I [SUI] AnytimeUIAndroidPanelApp: updateGuardianConfig - 2 - 0.21500002
11-02 20:33:45.142  3559  3559 I [SUI] AnytimeUIAndroidPanelApp: updateGuardianConfig - 5 - 0.05
11-02 20:33:45.142  3559  3559 I [SUI] AnytimeUIAndroidPanelApp: updateGuardianConfig - 6 - 0.49999997
11-02 20:33:45.142  3559  3559 I [SUI] AnytimeUIAndroidPanelApp: updateGuardianConfig - 7 - 0.4
11-02 20:33:45.142  3559  3559 I [SUI] AnytimeUIAndroidPanelApp: updateGuardianConfig - 8 - 0.0
11-02 20:33:45.142  3559  3559 I [SUI] AnytimeUIAndroidPanelApp: updateGuardianConfig - 10 - 0.0
11-02 20:33:45.142  3559  3559 I [SUI] AnytimeUIAndroidPanelApp: updateGuardianConfig - 12 - 0.0
11-02 20:33:45.142  3559  3559 I [SUI] AnytimeUIAndroidPanelApp: updateGuardianConfig - 13 - 0.5
11-02 20:33:45.142  3559  3559 I [SUI] AnytimeUIAndroidPanelApp: updateGuardianConfig - 14 - 0.0
11-02 20:33:45.142  3559  3559 I [SUI] AnytimeUIAndroidPanelApp: updateGuardianConfig - 15 - 0.0
11-02 20:33:45.142  3559  3559 I [SUI] AnytimeUIAndroidPanelApp: updateGuardianConfig - 16 - 0.0
11-02 20:33:45.143  3559  3559 I [SUI] AnytimeUIAndroidPanelApp: updateGuardianConfig - 17 - 0.0
11-02 20:33:45.143  3559  3559 I [SUI] AnytimeUIAndroidPanelApp: updateGuardianConfig - 18 - 0.5
11-02 20:33:45.143  3559  3559 I [SUI] AnytimeUIAndroidPanelApp: updateGuardianConfig - 19 - 0.0
11-02 20:33:45.143  3559  3559 I [SUI] AnytimeUIAndroidPanelApp: updateGuardianConfig - 20 - 0.0
11-02 20:33:45.143  3559  3559 I [SUI] AnytimeUIAndroidPanelApp: updateGuardianConfig - 21 - 0.0
11-02 20:33:45.143  3559  3559 I [SUI] AnytimeUIAndroidPanelApp: updateGuardianConfig - 22 - 0.0
11-02 20:33:45.143  3559  3559 I [SUI] AnytimeUIAndroidPanelApp: updateGuardianConfig - 23 - 2.0
11-02 20:33:45.143  3559  3559 I [SUI] AnytimeUIAndroidPanelApp: updateGuardianConfig - 24 - 0.25
11-02 20:33:45.143  3559  3559 I [SUI] AnytimeUIAndroidPanelApp: updateGuardianConfig - 26 - 0.0
11-02 20:33:45.143  3559  3559 I [SUI] AnytimeUIAndroidPanelApp: updateGuardianConfig - 28 - 1.0
11-02 20:33:45.143  3559  3559 I AndroidPanelApp: Processing pending hide layer for layer #main.
11-02 20:33:45.143  3559  3559 I AndroidPanelApp: Processing pending show layer info for layer #main with width 800 and height 110.
11-02 20:33:45.143  3559  3559 I AndroidPanelApp: layerSupersample no changes
11-02 20:33:45.144  3559  3559 I AndroidPanelApp: Processing next frame action "layerShow" for layer "#main"
11-02 20:33:45.148  1037  1648 E WindowManager: App trying to use insecure INPUT_FEATURE_NO_INPUT_CHANNEL flag. Ignoring
11-02 20:33:45.150  3559  3559 D [SUI] AnytimeUIAndroidPanelApp: Received appStatus from VrShell: []
11-02 20:33:45.150  3559  7657 D NotificationsBadgeLiveData: MessageBadgeData, pullAndCheckNotifs, old data source notif count: 0, oc chats count: 0, messenger count: 0
11-02 20:33:45.150   840  1171 W TrackingService: attachClient: found client in attached list
11-02 20:33:45.151  1037  1058 I DisplayManagerService: Display device changed state: "com.oculus.android_panel_app.AndroidPanelLayer-#main", ON
11-02 20:33:45.151  4075  4199 E OsSdk   : error getting shared memory region, memory type: HeadTracker, failed with Status(-1, EX_SECURITY): 'requested shared memory region when not registered/focused'
11-02 20:33:45.153  2725  3041 I [SEO] PanelAppHost: Setting panel layer visibility of layer "#main" to invisible, panel 7 (com.oculus.systemux/com.oculus.panelapp.anytimeui.AnytimeUIAndroidPanelService)
11-02 20:33:45.153  2725  3041 I [SEO] PanelAppHost: Resize layer #main to size 800 x 110 shape: 1 stereo: 0, panel 7 (com.oculus.systemux/com.oculus.panelapp.anytimeui.AnytimeUIAndroidPanelService)
11-02 20:33:45.153  2725  3041 I [SEO] PanelRenderLayer: ResetSurface #main 800 x 110 - shape:1 stereo:0
11-02 20:33:45.161  3559  3559 D [SUI] AnytimeUIBroadcastReceiver: action: com.oculus.systemactivities.CAPTURE_STATE_UPDATE
11-02 20:33:45.161  3559  3559 I [SUI] AnytimeUIBroadcastReceiver: handleCaptureStateUpdate: captureToDisk false, captureEnabled false, isCapturingAbuseReport false, abuseRecordingUUID null
11-02 20:33:45.161  3559  3559 D [SUI] ActivityManagerUtilsHelper: onFocusedWindowChanged: Instance: com.oculus.panelapp.anytimeui.utils.ActivityManagerUtilsHelper@7e9379b, topWindowUid: 10020, focusedApp: com.oculus.vrshell, previousApp: null
11-02 20:33:45.161  3559  3559 D [SUI] AnytimeUIBroadcastReceiver: action: com.oculus.systemactivities.LOCAL_STREAM_STATE_UPDATE
11-02 20:33:45.161  3559  3559 D [SUI] ScreenCaptureUtil: onLocalStreamStateUpdate(isCaptureRunning = false)
11-02 20:33:45.177  2725  3041 I [SEO] PanelAppAnalytics: First frame latency: 0.313 for id 7 com.oculus.systemux/com.oculus.panelapp.anytimeui.AnytimeUIAndroidPanelService
11-02 20:33:45.177  2725  3041 I [SEO] LayerSwapChainResource: LayerSwapChainResource 800,110 : 3
11-02 20:33:45.177  1337  2915 I VrRuntimeService: CreateSwapChain: 1059295691
11-02 20:33:45.177  1337  2915 I VrRuntimeService: CreateSwapChain: api:vk 0 0x2b 800 110 10 3 1 4 3
11-02 20:33:45.178  1337  2915 W SwapChain_Vulkan: CreateTextureSwapChainFoveationVulkan: ShouldCreateFragmentDensityMap: false
11-02 20:33:45.178  1337  2915 W SwapChain_Vulkan: ExportTextureResourcesFoveationVulkan: chain->VkInteropFoveation.Device == nullptr
11-02 20:33:45.178  1337  2915 W SwapChain: CreateTextureSwapChainFoveation: export failed
11-02 20:33:45.178  3559  3559 I PresenceAPK(ServiceApiManager): onServiceConnected componentName=ComponentInfo{com.oculus.presence/com.oculus.presence.service.PresenceService}
11-02 20:33:45.178  1337  2915 I VrRuntimeServer: CreateTextureSwapChain: result importswapchaingles 1
11-02 20:33:45.179  2110  3491 I SwapChain_Vulkan: Imported texture has requirements 3, ends up index 0
11-02 20:33:45.179  2110  3491 I chatty  : uid=10014(com.oculus.shellenv) Thread-32 identical 1 line
11-02 20:33:45.179  2110  3491 I SwapChain_Vulkan: Imported texture has requirements 3, ends up index 0
11-02 20:33:45.180  2110  3491 W VrRuntimeClient: CreateTextureSwapChain: Failed to import foveation swapchain
11-02 20:33:45.180  3559  3559 I PresenceAPK(ServiceApiManager): setting apiStatusListener
11-02 20:33:45.182  3559  3559 D [SUI] AnytimeUIBroadcastReceiver: action: com.oculus.systemactivities.CAPTURE_STATE_UPDATE
11-02 20:33:45.182  3559  3559 I [SUI] AnytimeUIBroadcastReceiver: handleCaptureStateUpdate: captureToDisk false, captureEnabled false, isCapturingAbuseReport false, abuseRecordingUUID null
11-02 20:33:45.182  1337  2915 I VrRuntimeService: UpdateSwapChainSamplerState: 162
11-02 20:33:45.182  1337  2915 I VrRuntimeService: UpdateSwapChainSamplerState: minFilter=1 magFilter=1 wrapModeS=3 warpModeT=3 maxAniso=1.000000 border={0.000000,0.000000,0.000000,0.000000} swizzle={0,1,2,3}
11-02 20:33:45.182  3559  3642 I PresenceAPK(ServiceApiManager): onApiReady
11-02 20:33:45.185  3559  3559 D [SUI] AnytimeUIBroadcastReceiver: action: com.oculus.systemactivities.LOCAL_STREAM_STATE_UPDATE
11-02 20:33:45.185  3559  3559 D [SUI] ScreenCaptureUtil: onLocalStreamStateUpdate(isCaptureRunning = false)
11-02 20:33:45.186  3559  3559 I PresenceAPK(ServiceApiManager): onServiceConnected componentName=ComponentInfo{com.oculus.presence/com.oculus.presence.service.PresenceService}
11-02 20:33:45.193   840  1703 W TrackingService: attachClient: found client in attached list
11-02 20:33:45.194  3559  3559 I PresenceAPK(ServiceApiManager): setting apiStatusListener
11-02 20:33:45.195  3559  3609 I PresenceAPK(ServiceApiManager): onApiReady
11-02 20:33:45.196  4075  4199 E OsSdk   : error getting shared memory region, memory type: HeadTracker, failed with Status(-1, EX_SECURITY): 'requested shared memory region when not registered/focused'
11-02 20:33:45.198  1337  7437 I CompositorProgs: loaded binary layerProgram 0:0x100000048001:0x0 in 2.4 ms
11-02 20:33:45.207   840  1178 I [CT]    : VIPER: InternalAnchorHealthMonitor: Anchors: 2 | Persistent anchors: 1 | Anchors never observed: 0
11-02 20:33:45.207   840  1178 I [CT]    :   (min/avg/max) Anchor landmarks: (11|26.5|42) | Covisible keyframes: (17|32|47) | Times since observation: (0|12.5|25.04)
11-02 20:33:45.208  3559  3642 I PresenceAPK(ServicePresenceClient): calling onServiceUp
11-02 20:33:45.220  2725  3041 I [SEO] PanelAppHost: Setting panel layer visibility of layer "#main" to visible, panel 7 (com.oculus.systemux/com.oculus.panelapp.anytimeui.AnytimeUIAndroidPanelService)
11-02 20:33:45.226  3559  3609 I PresenceAPK(ServicePresenceClient): calling onServiceUp
11-02 20:33:45.226  3559  7657 W OVRLibrary: null cursor received for query content://com.oculus.ocms.library/apps/com.oculus.shellenv
11-02 20:33:45.238  4075  4199 E OsSdk   : error getting shared memory region, memory type: HeadTracker, failed with Status(-1, EX_SECURITY): 'requested shared memory region when not registered/focused'
11-02 20:33:45.240  2110  7678 D CCodec  : allocate(c2.android.vorbis.decoder)
11-02 20:33:45.241   831  3751 V C2Store : in init
11-02 20:33:45.241   831  3751 V C2Store : loading dll
11-02 20:33:45.244  2110  7678 I CCodec  : Created component [c2.android.vorbis.decoder]
11-02 20:33:45.244  2110  7678 D CCodecConfig: read media type: audio/vorbis
11-02 20:33:45.246  2110  7678 D ReflectedParamUpdater: extent() != 1 for single value type: algo.buffers.max-count.values
11-02 20:33:45.247  2110  7678 D ReflectedParamUpdater: extent() != 1 for single value type: output.subscribed-indices.values
11-02 20:33:45.247  2110  7678 D ReflectedParamUpdater: extent() != 1 for single value type: input.buffers.allocator-ids.values
11-02 20:33:45.247  2110  7678 D ReflectedParamUpdater: extent() != 1 for single value type: output.buffers.allocator-ids.values
11-02 20:33:45.247  2110  7678 D ReflectedParamUpdater: extent() != 1 for single value type: algo.buffers.allocator-ids.values
11-02 20:33:45.247  2110  7678 D ReflectedParamUpdater: extent() != 1 for single value type: output.buffers.pool-ids.values
11-02 20:33:45.247  2110  7678 D ReflectedParamUpdater: extent() != 1 for single value type: algo.buffers.pool-ids.values
11-02 20:33:45.248  2110  7678 I CCodecConfig: query failed after returning 7 values (BAD_INDEX)
11-02 20:33:45.248  2110  7678 D CCodecConfig: c2 config diff is Dict {
11-02 20:33:45.248  2110  7678 D CCodecConfig:   c2::u32 coded.bitrate.value = 64000
11-02 20:33:45.248  2110  7678 D CCodecConfig:   c2::u32 input.buffers.max-size.value = 32768
11-02 20:33:45.248  2110  7678 D CCodecConfig:   c2::u32 input.delay.value = 0
11-02 20:33:45.248  2110  7678 D CCodecConfig:   string input.media-type.value = "audio/vorbis"
11-02 20:33:45.248  2110  7678 D CCodecConfig:   string output.media-type.value = "audio/raw"
11-02 20:33:45.248  2110  7678 D CCodecConfig:   c2::u32 raw.channel-count.value = 1
11-02 20:33:45.248  2110  7678 D CCodecConfig:   c2::u32 raw.sample-rate.value = 48000
11-02 20:33:45.248  2110  7678 D CCodecConfig: }
11-02 20:33:45.248  2110  7678 D CCodecConfig: no c2 equivalents for durationUs
11-02 20:33:45.248  2110  7678 D CCodecConfig: no c2 equivalents for csd-1
11-02 20:33:45.248  2110  7678 D CCodecConfig: no c2 equivalents for track-id
11-02 20:33:45.248  2110  7678 D CCodecConfig: no c2 equivalents for channel-mask
11-02 20:33:45.248  2110  7678 D CCodecConfig: c2 config diff is   c2::u32 raw.channel-count.value = 2
11-02 20:33:45.248  2110  7678 D CCodecConfig:   c2::u32 raw.sample-rate.value = 44100
11-02 20:33:45.248  2110  7678 W Codec2Client: query -- param skipped: index = 1107298332.
11-02 20:33:45.249  2110  7678 D CCodec  : setup formats input: AMessage(what = 0x00000000) = {
11-02 20:33:45.249  2110  7678 D CCodec  :   int32_t channel-count = 2
11-02 20:33:45.249  2110  7678 D CCodec  :   int32_t max-input-size = 32768
11-02 20:33:45.249  2110  7678 D CCodec  :   string mime = "audio/vorbis"
11-02 20:33:45.249  2110  7678 D CCodec  :   int32_t sample-rate = 44100
11-02 20:33:45.249  2110  7678 D CCodec  : } and output: AMessage(what = 0x00000000) = {
11-02 20:33:45.249  2110  7678 D CCodec  :   int32_t channel-count = 2
11-02 20:33:45.249  2110  7678 D CCodec  :   string mime = "audio/raw"
11-02 20:33:45.249  2110  7678 D CCodec  :   int32_t sample-rate = 44100
11-02 20:33:45.249  2110  7678 D CCodec  :   int32_t channel-mask = 3
11-02 20:33:45.249  2110  7678 D CCodec  : }
11-02 20:33:45.253   831  3751 V C2Store : in ~ComponentModule
11-02 20:33:45.253   831  3751 V C2Store : unloading dll
11-02 20:33:45.256  3559  3642 I PresenceAPK(PresenceClient): onServiceUp
11-02 20:33:45.256  3559  3642 I PresenceAPK(GroupManager): onConnected
11-02 20:33:45.257  3559  3612 I PresenceAPK(GroupManager): initialEnumerationFinished
11-02 20:33:45.258  3559  3612 I PresenceAPK(GroupManager): no reconnect groups
11-02 20:33:45.262  3559  3559 D [SUI] SystemUXFunnelLogServerLogger: Impression Event: oculus_impressions_tile_impressioned LogInfo{duration=0, mLogId='com.oculus.explore', mContentType=APP, mPosX=0, mPosy=0, mGlobalPos=0, mSurface=AUI, mSubSurface=null, mClickEventType=null}
11-02 20:33:45.262  3559  3559 D [SUI] SystemUXFunnelLogServerLogger: Impression Event: oculus_impressions_tile_impressioned LogInfo{duration=0, mLogId='com.oculus.store', mContentType=APP, mPosX=1, mPosy=0, mGlobalPos=1, mSurface=AUI, mSubSurface=null, mClickEventType=null}
11-02 20:33:45.262  3559  3559 D [SUI] SystemUXFunnelLogServerLogger: Impression Event: oculus_impressions_tile_impressioned LogInfo{duration=0, mLogId='messenger_system_app', mContentType=APP, mPosX=2, mPosy=0, mGlobalPos=2, mSurface=AUI, mSubSurface=null, mClickEventType=null}
11-02 20:33:45.262  3559  3559 D [SUI] SystemUXFunnelLogServerLogger: Impression Event: oculus_impressions_tile_impressioned LogInfo{duration=0, mLogId='share_system_app', mContentType=APP, mPosX=3, mPosy=0, mGlobalPos=3, mSurface=AUI, mSubSurface=null, mClickEventType=null}
11-02 20:33:45.264  3559  3609 I PresenceAPK(PresenceClient): onServiceUp
11-02 20:33:45.264  3559  3609 I PresenceAPK(GroupManager): onConnected
11-02 20:33:45.264  3559  3612 I PresenceAPK(GroupManager): initialEnumerationFinished
11-02 20:33:45.264  3559  3612 I PresenceAPK(GroupManager): no reconnect groups
11-02 20:33:45.282  4075  4199 E OsSdk   : error getting shared memory region, memory type: HeadTracker, failed with Status(-1, EX_SECURITY): 'requested shared memory region when not registered/focused'
11-02 20:33:45.283  4075  4199 E OsSdk   : error getting shared memory region, memory type: AnchorTracker, failed with Status(-1, EX_SECURITY): 'requested shared memory region when not registered/focused'
11-02 20:33:45.290  2110  7681 D CCodec  : allocate(c2.android.vorbis.decoder)
11-02 20:33:45.290   831  3751 V C2Store : in init
11-02 20:33:45.290   831  3751 V C2Store : loading dll
11-02 20:33:45.293  2110  7681 I CCodec  : Created component [c2.android.vorbis.decoder]
11-02 20:33:45.293  2110  7681 D CCodecConfig: read media type: audio/vorbis
11-02 20:33:45.294  2110  7681 D ReflectedParamUpdater: extent() != 1 for single value type: algo.buffers.max-count.values
11-02 20:33:45.295  2110  7681 D ReflectedParamUpdater: extent() != 1 for single value type: output.subscribed-indices.values
11-02 20:33:45.295  2110  7681 D ReflectedParamUpdater: extent() != 1 for single value type: input.buffers.allocator-ids.values
11-02 20:33:45.295  2110  7681 D ReflectedParamUpdater: extent() != 1 for single value type: output.buffers.allocator-ids.values
11-02 20:33:45.295  2110  7681 D ReflectedParamUpdater: extent() != 1 for single value type: algo.buffers.allocator-ids.values
11-02 20:33:45.295  2110  7681 D ReflectedParamUpdater: extent() != 1 for single value type: output.buffers.pool-ids.values
11-02 20:33:45.295  2110  7681 D ReflectedParamUpdater: extent() != 1 for single value type: algo.buffers.pool-ids.values
11-02 20:33:45.295  2110  7681 I CCodecConfig: query failed after returning 7 values (BAD_INDEX)
11-02 20:33:45.296  2110  7681 D CCodecConfig: c2 config diff is Dict {
11-02 20:33:45.296  2110  7681 D CCodecConfig:   c2::u32 coded.bitrate.value = 64000
11-02 20:33:45.296  2110  7681 D CCodecConfig:   c2::u32 input.buffers.max-size.value = 32768
11-02 20:33:45.296  2110  7681 D CCodecConfig:   c2::u32 input.delay.value = 0
11-02 20:33:45.296  2110  7681 D CCodecConfig:   string input.media-type.value = "audio/vorbis"
11-02 20:33:45.296  2110  7681 D CCodecConfig:   string output.media-type.value = "audio/raw"
11-02 20:33:45.296  2110  7681 D CCodecConfig:   c2::u32 raw.channel-count.value = 1
11-02 20:33:45.296  2110  7681 D CCodecConfig:   c2::u32 raw.sample-rate.value = 48000
11-02 20:33:45.296  2110  7681 D CCodecConfig: }
11-02 20:33:45.296  2110  7681 D CCodecConfig: no c2 equivalents for durationUs
11-02 20:33:45.296  2110  7681 D CCodecConfig: no c2 equivalents for csd-1
11-02 20:33:45.296  2110  7681 D CCodecConfig: no c2 equivalents for track-id
11-02 20:33:45.296  2110  7681 D CCodecConfig: no c2 equivalents for channel-mask
11-02 20:33:45.296  2110  7681 D CCodecConfig: c2 config diff is   c2::u32 raw.channel-count.value = 2
11-02 20:33:45.296  2110  7681 D CCodecConfig:   c2::u32 raw.sample-rate.value = 44100
11-02 20:33:45.296  2110  7681 W Codec2Client: query -- param skipped: index = 1107298332.
11-02 20:33:45.296  2110  7681 D CCodec  : setup formats input: AMessage(what = 0x00000000) = {
11-02 20:33:45.296  2110  7681 D CCodec  :   int32_t channel-count = 2
11-02 20:33:45.296  2110  7681 D CCodec  :   int32_t max-input-size = 32768
11-02 20:33:45.296  2110  7681 D CCodec  :   string mime = "audio/vorbis"
11-02 20:33:45.296  2110  7681 D CCodec  :   int32_t sample-rate = 44100
11-02 20:33:45.296  2110  7681 D CCodec  : } and output: AMessage(what = 0x00000000) = {
11-02 20:33:45.296  2110  7681 D CCodec  :   int32_t channel-count = 2
11-02 20:33:45.296  2110  7681 D CCodec  :   string mime = "audio/raw"
11-02 20:33:45.296  2110  7681 D CCodec  :   int32_t sample-rate = 44100
11-02 20:33:45.296  2110  7681 D CCodec  :   int32_t channel-mask = 3
11-02 20:33:45.296  2110  7681 D CCodec  : }
11-02 20:33:45.304  2110  7681 W Codec2Client: query -- param skipped: index = 1342179345.
11-02 20:33:45.304  2110  7681 W Codec2Client: query -- param skipped: index = 2415921170.
11-02 20:33:45.305  2110  7681 D CCodecBufferChannel: [c2.android.vorbis.decoder#665] Created input block pool with allocatorID 16 => poolID 21 - OK (0)
11-02 20:33:45.305   831  3792 D BufferPoolAccessor: bufferpool2 0x33c0ce6830 : 0(0 size) total buffers - 0(0 size) used buffers - 231/236 (recycle/alloc) - 5/234 (fetch/transfer)
11-02 20:33:45.305   831  3792 D BufferPoolAccessor: Destruction - bufferpool2 0x33c0ce6830 cached: 0/0M, 0/0% in use; allocs: 236, 98% recycled; transfers: 234, 98% unfetced
11-02 20:33:45.306  2110  7681 I CCodecBufferChannel: [c2.android.vorbis.decoder#665] Created output block pool with allocatorID 16 => poolID 42 - OK
11-02 20:33:45.306  2110  7681 D CCodecBufferChannel: [c2.android.vorbis.decoder#665] Configured output block pool ids 42 => OK
11-02 20:33:45.311   831  7682 D SimpleC2Component: Using output block pool with poolID 42 => got 42 - 0
11-02 20:33:45.318  2110  7681 D CCodecBufferChannel: [c2.android.vorbis.decoder#665] Discard frames from previous generation.
11-02 20:33:45.318  2110  7681 I chatty  : uid=10014(com.oculus.shellenv) identical 1 line
11-02 20:33:45.321  2110  7681 D CCodecBufferChannel: [c2.android.vorbis.decoder#665] Discard frames from previous generation.
11-02 20:33:45.322   840  6000 I [CT]    : CONSTELLATION: L: Detected static IMU, no button event and has tracked position => Applying constant controller pose.
11-02 20:33:45.326   831  3792 D BufferPoolAccessor: Destruction - bufferpool2 0x33c0cdca30 cached: 0/0M, 0/0% in use; allocs: 0, 0% recycled; transfers: 0, 0% unfetced
11-02 20:33:45.326   831  3792 V C2Store : in ~ComponentModule
11-02 20:33:45.326   831  3792 V C2Store : unloading dll
11-02 20:33:45.329  4075  4199 E OsSdk   : error getting shared memory region, memory type: HeadTracker, failed with Status(-1, EX_SECURITY): 'requested shared memory region when not registered/focused'
11-02 20:33:45.334  1562  7656 W ContextImpl: Calling a method in the system process without a qualified user: android.app.ContextImpl.sendBroadcast:1057 android.content.ContextWrapper.sendBroadcast:448 X.o0.A00:133 X.nZ.A00:17 X.nZ.handleMessage:91 
11-02 20:33:45.345   840  6000 I [CT]    : CONSTELLATION: R: Detected static IMU, no button event and has tracked position => Applying constant controller pose.
11-02 20:33:45.361  3559  3559 W [SUI] AsyncQueryHandlerBase: Callback reference is null
11-02 20:33:45.361  1562  7653 W ContextImpl: Calling a method in the system process without a qualified user: android.app.ContextImpl.sendBroadcast:1057 android.content.ContextWrapper.sendBroadcast:448 X.o0.A00:133 X.nZ.A00:17 X.nZ.handleMessage:91 
11-02 20:33:45.371  2110  7685 D CCodec  : allocate(c2.android.vorbis.decoder)
11-02 20:33:45.371   831  3792 V C2Store : in init
11-02 20:33:45.371   831  3792 V C2Store : loading dll
11-02 20:33:45.374  2110  7685 I CCodec  : Created component [c2.android.vorbis.decoder]
11-02 20:33:45.374  2110  7685 D CCodecConfig: read media type: audio/vorbis
11-02 20:33:45.375  4075  4199 E OsSdk   : error getting shared memory region, memory type: HeadTracker, failed with Status(-1, EX_SECURITY): 'requested shared memory region when not registered/focused'
11-02 20:33:45.377  2110  7685 D ReflectedParamUpdater: extent() != 1 for single value type: algo.buffers.max-count.values
11-02 20:33:45.377  2110  7685 D ReflectedParamUpdater: extent() != 1 for single value type: output.subscribed-indices.values
11-02 20:33:45.377  2110  7685 D ReflectedParamUpdater: extent() != 1 for single value type: input.buffers.allocator-ids.values
11-02 20:33:45.377  2110  7685 D ReflectedParamUpdater: extent() != 1 for single value type: output.buffers.allocator-ids.values
11-02 20:33:45.377  2110  7685 D ReflectedParamUpdater: extent() != 1 for single value type: algo.buffers.allocator-ids.values
11-02 20:33:45.377  2110  7685 D ReflectedParamUpdater: extent() != 1 for single value type: output.buffers.pool-ids.values
11-02 20:33:45.377  2110  7685 D ReflectedParamUpdater: extent() != 1 for single value type: algo.buffers.pool-ids.values
11-02 20:33:45.378  2110  7685 I CCodecConfig: query failed after returning 7 values (BAD_INDEX)
11-02 20:33:45.378  2110  7685 D CCodecConfig: c2 config diff is Dict {
11-02 20:33:45.378  2110  7685 D CCodecConfig:   c2::u32 coded.bitrate.value = 64000
11-02 20:33:45.378  2110  7685 D CCodecConfig:   c2::u32 input.buffers.max-size.value = 32768
11-02 20:33:45.378  2110  7685 D CCodecConfig:   c2::u32 input.delay.value = 0
11-02 20:33:45.378  2110  7685 D CCodecConfig:   string input.media-type.value = "audio/vorbis"
11-02 20:33:45.378  2110  7685 D CCodecConfig:   string output.media-type.value = "audio/raw"
11-02 20:33:45.378  2110  7685 D CCodecConfig:   c2::u32 raw.channel-count.value = 1
11-02 20:33:45.378  2110  7685 D CCodecConfig:   c2::u32 raw.sample-rate.value = 48000
11-02 20:33:45.378  2110  7685 D CCodecConfig: }
11-02 20:33:45.378  2110  7685 D CCodecConfig: no c2 equivalents for durationUs
11-02 20:33:45.378  2110  7685 D CCodecConfig: no c2 equivalents for csd-1
11-02 20:33:45.378  2110  7685 D CCodecConfig: no c2 equivalents for track-id
11-02 20:33:45.378  2110  7685 D CCodecConfig: no c2 equivalents for channel-mask
11-02 20:33:45.384  2110  7685 D CCodecConfig: c2 config diff is   c2::u32 raw.channel-count.value = 2
11-02 20:33:45.384  2110  7685 D CCodecConfig:   c2::u32 raw.sample-rate.value = 44100
11-02 20:33:45.385  2110  7685 W Codec2Client: query -- param skipped: index = 1107298332.
11-02 20:33:45.385  2110  7685 D CCodec  : setup formats input: AMessage(what = 0x00000000) = {
11-02 20:33:45.385  2110  7685 D CCodec  :   int32_t channel-count = 2
11-02 20:33:45.385  2110  7685 D CCodec  :   int32_t max-input-size = 32768
11-02 20:33:45.385  2110  7685 D CCodec  :   string mime = "audio/vorbis"
11-02 20:33:45.385  2110  7685 D CCodec  :   int32_t sample-rate = 44100
11-02 20:33:45.385  2110  7685 D CCodec  : } and output: AMessage(what = 0x00000000) = {
11-02 20:33:45.385  2110  7685 D CCodec  :   int32_t channel-count = 2
11-02 20:33:45.385  2110  7685 D CCodec  :   string mime = "audio/raw"
11-02 20:33:45.385  2110  7685 D CCodec  :   int32_t sample-rate = 44100
11-02 20:33:45.385  2110  7685 D CCodec  :   int32_t channel-mask = 3
11-02 20:33:45.385  2110  7685 D CCodec  : }
11-02 20:33:45.397   831   975 V C2Store : in ~ComponentModule
11-02 20:33:45.397   831   975 V C2Store : unloading dll
11-02 20:33:45.424  4075  4199 E OsSdk   : error getting shared memory region, memory type: HeadTracker, failed with Status(-1, EX_SECURITY): 'requested shared memory region when not registered/focused'
11-02 20:33:45.430  2110  7689 D CCodec  : allocate(c2.android.vorbis.decoder)
11-02 20:33:45.431   831   975 V C2Store : in init
11-02 20:33:45.431   831   975 V C2Store : loading dll
11-02 20:33:45.438  2110  7689 I CCodec  : Created component [c2.android.vorbis.decoder]
11-02 20:33:45.439  2110  7689 D CCodecConfig: read media type: audio/vorbis
11-02 20:33:45.440  2110  7689 D ReflectedParamUpdater: extent() != 1 for single value type: algo.buffers.max-count.values
11-02 20:33:45.441  2110  7689 D ReflectedParamUpdater: extent() != 1 for single value type: output.subscribed-indices.values
11-02 20:33:45.441  2110  7689 D ReflectedParamUpdater: extent() != 1 for single value type: input.buffers.allocator-ids.values
11-02 20:33:45.441  2110  7689 D ReflectedParamUpdater: extent() != 1 for single value type: output.buffers.allocator-ids.values
11-02 20:33:45.441  2110  7689 D ReflectedParamUpdater: extent() != 1 for single value type: algo.buffers.allocator-ids.values
11-02 20:33:45.441  2110  7689 D ReflectedParamUpdater: extent() != 1 for single value type: output.buffers.pool-ids.values
11-02 20:33:45.441  2110  7689 D ReflectedParamUpdater: extent() != 1 for single value type: algo.buffers.pool-ids.values
11-02 20:33:45.442  2110  7689 I CCodecConfig: query failed after returning 7 values (BAD_INDEX)
11-02 20:33:45.442  2110  7689 D CCodecConfig: c2 config diff is Dict {
11-02 20:33:45.442  2110  7689 D CCodecConfig:   c2::u32 coded.bitrate.value = 64000
11-02 20:33:45.442  2110  7689 D CCodecConfig:   c2::u32 input.buffers.max-size.value = 32768
11-02 20:33:45.442  2110  7689 D CCodecConfig:   c2::u32 input.delay.value = 0
