01-02 13:33:18.891  5504  5606 E OsSdk   : error getting shared memory region, memory type: HeadTracker, failed with Status(-1, EX_SECURITY): 'requested shared memory region when not registered/focused'
01-02 13:33:18.894   728   917 I audio_hw_primary: getting vr mode to 0
01-02 13:33:18.894   755  5544 I AudioPolicyManagerCustom: VR mode is 0, switch to primary output if request is for fast|raw
01-02 13:33:18.896   755  5544 W AudioFlinger: createTrack_l(): mismatch between requested flags (00000104) and output flags (00000006)
01-02 13:33:18.896   755  5544 D AudioFlinger: Client defaulted notificationFrames to 192 for frameCount 384
01-02 13:33:18.896   755  5544 D AF::TrackHandle: OpPlayAudio: track:78 uid:10020 pkg:com.oculus.vrshell usage:1 not muted
01-02 13:33:18.898  2430  3075 I AudioTrack: createTrack_l(7471204): AUDIO_OUTPUT_FLAG_FAST successful; frameCount 0 -> 384
01-02 13:33:18.901  1557  1557 V AvrcpMediaPlayerList: onPlaybackConfigChanged(): Configs list size=8
01-02 13:33:18.906  2430  7331 D         : PlayerBase::stop() from IPlayer
01-02 13:33:18.906  2430  7331 D AudioTrack: stop(45): called with 0 frames delivered
01-02 13:33:18.908  2430  3075 I [OAO] LocalSpace: EnterVrMode: Setting local pose state.
01-02 13:33:18.908  2430  3075 I OpenXR_Hands: ------------ xrGetHandMeshFB -----------
01-02 13:33:18.908  2430  3075 I OpenXR_Hands: ------------ xrGetHandMeshFB -----------
01-02 13:33:18.909  2430  3075 D VrRuntimeClient: loadDriverResource - resourceName: 'hand_left' 
01-02 13:33:18.909  1557  1557 V AvrcpMediaPlayerList: onPlaybackConfigChanged(): Configs list size=8
01-02 13:33:18.909  1557  1557 V AvrcpMediaPlayerList: onPlaybackConfigChanged(): Configs list size=8
01-02 13:33:18.914  2430  3075 I OpenXR_Hands: ------------ xrGetHandMeshFB -----------
01-02 13:33:18.915  2430  3075 I OpenXR_Hands: ------------ xrGetHandMeshFB -----------
01-02 13:33:18.915  2430  3075 D VrRuntimeClient: loadDriverResource - resourceName: 'hand_left' 
01-02 13:33:18.919  2430  3075 I [OAO] ShellTransitionState: Logging ShellTransitionState to dumpsys: {"state":"Resuming frame loop","timeMillis":"2295678"}
01-02 13:33:18.922   728   918 D msm8974_platform: platform_split_snd_device: snd_device(22) num devices(1) new_snd_devices(0)
01-02 13:33:18.922   728   918 D ACDB-LOADER: ACDB -> send_audvoltable
01-02 13:33:18.922   728   918 D ACDB-LOADER: ACDB -> ACDB_CMD_GET_AUDPROC_INSTANCE_GAIN_DEP_STEP_TABLE_SIZE
01-02 13:33:18.922   728   918 D         : Failed to fetch the lookup information of the device 0000000F 
01-02 13:33:18.922   728   918 D ACDB-LOADER: Error: ACDB_CMD_GET_AUDPROC_INSTANCE_GAIN_DEP_STEP_TABLE_SIZE Returned = -19
01-02 13:33:18.922   728   918 D ACDB-LOADER: ACDB -> ACDB_CMD_GET_AUDPROC_INSTANCE_GAIN_DEP_STEP_TABLE, vol index 10
01-02 13:33:18.922   728   918 D         : Failed to fetch the lookup information of the device 0000000F 
01-02 13:33:18.922   728   918 D ACDB-LOADER: Error: ACDB AudProc vol returned = -19
01-02 13:33:18.922   728   918 D ACDB-LOADER: ACDB -> AUDIO_SET_VOL_CAL cal type = 40
01-02 13:33:18.933  5504  5606 E OsSdk   : error getting shared memory region, memory type: HeadTracker, failed with Status(-1, EX_SECURITY): 'requested shared memory region when not registered/focused'
01-02 13:33:18.933  2430  3075 I [OAO] LaunchController: Building launch checks for com.oculus.systemux, activity or service: com.oculus.panelapp.destinationui.DestinationUiPanelService, primary active package: com.YourCompany.PrototypeV4
01-02 13:33:18.946  2430  3075 W OVRLibrary: null cursor received for query content://com.oculus.ocms.library/apps/com.oculus.systemux
01-02 13:33:18.958  2453  6861 I CompositorVR: SetSchedFifo( tid=3539, pol=2, pri=0 ) succeeded
01-02 13:33:18.965  2430  3075 E [OAO] DeviceConfigHolder: Called initialize twice!
01-02 13:33:18.968  2430  3075 E DeviceConfigTelemetryLogger: Param is not a boolean: oculus_integrity:abuse_report_recording_max_duration_ms
01-02 13:33:18.969  2430  3075 E DeviceConfigTelemetryLogger: Invalid input param: oculus_integrity:abuse_report_recording_max_duration_ms
01-02 13:33:18.971  2430  3075 E DeviceConfigTelemetryLogger: Param is not a boolean: oculus_integrity:rl_integrity_reporting_callback_delay
01-02 13:33:18.971  2430  3075 E DeviceConfigTelemetryLogger: Invalid input param: oculus_integrity:rl_integrity_reporting_callback_delay
01-02 13:33:18.973  2430  3075 E DeviceConfigTelemetryLogger: Param is not a boolean: oculus_shared_systemshell:oculus_copresence_environment_loading_fake_progress_millis
01-02 13:33:18.973  2430  3075 E DeviceConfigTelemetryLogger: Invalid input param: oculus_shared_systemshell:oculus_copresence_environment_loading_fake_progress_millis
01-02 13:33:18.974  2430  3075 E DeviceConfigTelemetryLogger: Param is not a boolean: oculus_systemshell:oc_keyboard_dictation_silence_timeout_ms
01-02 13:33:18.974  2430  3075 E DeviceConfigTelemetryLogger: Invalid input param: oculus_systemshell:oc_keyboard_dictation_silence_timeout_ms
01-02 13:33:18.975   860   860 I chatty  : uid=1000(system) /system/bin/trackingservice identical 3 lines
01-02 13:33:18.978  5504  5606 E OsSdk   : error getting shared memory region, memory type: HeadTracker, failed with Status(-1, EX_SECURITY): 'requested shared memory region when not registered/focused'
01-02 13:33:18.993  2430  3075 D [OAO] BootConfig: QDS 2.0 Dark Theme.
01-02 13:33:18.995  2430  3075 I [OAO] LaunchController: BuildPauseLaunchCheck: true, false, false
01-02 13:33:18.995  2430  3075 I [OAO] LaunchController: Finished building launch checks
01-02 13:33:18.996  2430  3075 I [OAO] PanelAppLaunchInfo: PanelAppLaunchInfo componentString:com.oculus.systemux/com.oculus.panelapp.destinationui.DestinationUiPanelService packageName:com.oculus.systemux serviceName:com.oculus.panelapp.destinationui.DestinationUiPanelService componentName:com.oculus.systemux/com.oculus.panelapp.destinationui.DestinationUiPanelService
01-02 13:33:18.996  2430  3075 I [OAO] HostPlatform: Retrieving component launch information for package (com.oculus.systemux) and service (com.oculus.panelapp.destinationui.DestinationUiPanelService)
01-02 13:33:18.999  2430  3075 I [OAO] HostPlatform: Is valid panel service component for package (com.oculus.systemux) and service (com.oculus.panelapp.destinationui.DestinationUiPanelService) - true
01-02 13:33:18.999  2430  3075 I [OAO] DesktopPanelController: LaunchOrRestore( com.oculus.systemux/com.oculus.panelapp.destinationui.DestinationUiPanelService ) with launchAsNew=0, sourcePanelId=0, launchTarget=Default, targetMonitor=-1, launchingComponent=com.oculus.vrshell.intent.action.LAUNCH
01-02 13:33:18.999  2430  3075 I [OAO] DesktopPanelControllerHelper: Validating activation
01-02 13:33:18.999  2430  3075 I [OAO] DesktopPanelControllerHelper: Resolving launch target
01-02 13:33:18.999  2430  3075 I [OAO] PanelAppsManager: ActivatePanelApp for component com.oculus.systemux/com.oculus.panelapp.destinationui.DestinationUiPanelService. New instance requested: 0
01-02 13:33:18.999  2430  3075 I [OAO] PanelAppsManager: Found 0 existing instances
01-02 13:33:18.999  2430  3075 I [OAO] PanelAppsManager: launching new instance of com.oculus.systemux/com.oculus.panelapp.destinationui.DestinationUiPanelService
01-02 13:33:18.999  2430  3075 I [OAO] ShellOverlayApp: CreatePanelApp( com.oculus.systemux/com.oculus.panelapp.destinationui.DestinationUiPanelService )
01-02 13:33:18.999  2430  3075 I [OAO] ShellOverlayApp: Environment:
01-02 13:33:19.000  2430  3075 I [OAO] PanelAppHost: PanelAppHost constructor, panel 3 (com.oculus.systemux/com.oculus.panelapp.destinationui.DestinationUiPanelService)
01-02 13:33:19.000  2430  3075 I [OAO] PanelAppHost: Panel app 3 (com.oculus.systemux/com.oculus.panelapp.destinationui.DestinationUiPanelService) changing state from startup to foreground
01-02 13:33:19.001  2453  3049 I VrRuntimeService: CreateAndroidSurfaceSwapChain: 3068271562
01-02 13:33:19.001  2453  3049 I VrRuntimeService: CreateAndroidSurfaceSwapChain: 65536 1 32856 1 1 1 1 1 0 3
01-02 13:33:19.001  2453  2992 I SwapChain_Surface: CreateAndroidSurfaceSwapChainGLES: 0x758a0e9000: SurfaceTexture 0x2956 Surface 0x2966
01-02 13:33:19.001  2453  3049 I VrRuntimeServer: CreateAndroidSurfaceSwapChain: result surface 0x758a0e9000
01-02 13:33:19.002  2430  2592 W OVRLibrary: null cursor received for query content://com.oculus.ocms.library/apps/com.oculus.systemux
01-02 13:33:19.004  2430  3075 I [OAO] PanelAppHost: Passing env var _oc_analytics_session_id = 9ac5a014-aacb-48fb-8bf5-15f1bedb1665
01-02 13:33:19.005  2430  3075 I [OAO] PanelAppHost: Passing env var _oc_userid = 106765628877334
01-02 13:33:19.005  2430  3075 I [OAO] PanelAppHost: Passing env var _oc_shell_version_name = 47.0.0.282.341
01-02 13:33:19.005  2430  3075 I [OAO] PanelAppHost: Passing env var _oc_shell_version_code = 428237138
01-02 13:33:19.005  2430  3075 I [OAO] PanelAppHost: Passing env var _oc_shell_automation_enabled = false
01-02 13:33:19.005  2430  3075 I [OAO] PanelAppHost: Passing env var _oc_shell_view_id_debugging_enabled = false
01-02 13:33:19.005  2430  3075 I [OAO] PanelAppHost: Passing env var _oc_shell_pixel_density = 20
01-02 13:33:19.005  2430  3075 I [OAO] PanelAppHost: Passing env var _oc_shell_render_scale = 1.250000
01-02 13:33:19.005  2430  3075 I [OAO] PanelAppHost: Passing env var _oc_shell_ux_policy = {"panelBackgroundLayerOriginDepths":{"far":0.2,"mid":0.1,"near":0.015}}
01-02 13:33:19.005  2430  3075 I [OAO] PanelAppHost: Passing env var _oc_shell_panel_session_id = 9ac5a014-aacb-48fb-8bf5-15f1bedb1665-3
01-02 13:33:19.005  2430  3075 I [OAO] PanelAppHost: Passing env var _oc_shell_valid_panel_session_ids = ["9ac5a014-aacb-48fb-8bf5-15f1bedb1665-3"]
01-02 13:33:19.005  2430  3075 I [OAO] PanelAppHost: Passing env var _oc_shell_back_navigation_enabled = false
01-02 13:33:19.005  2430  3075 I [OAO] PanelAppHost: Passing env var _oc_shell_feature_sets = appmenu-v1,appmenu-v2,cooperativeState-v2,destinationUi-v2,dragDrop-v1,layerClipping-v1,layerClipping-v2,layerOptions-v1,layerTranslate-v1,multiapp-v1,multiapp-v2,multiapp-v3,multitasking-v1,shellPanelAdaptability-v1,systemActionBackgroundPanels-v1,systemThemeSetting-v1,system-reauth-v1,system-ux-file-picker-v1,vrNotificationsBootLoad-v1,systemThemeSetting-v2,loadingState-v1,copresence-v1,copresenceVersion-v1,vrLibraryAppLock-v1
01-02 13:33:19.005  2430  3075 I [OAO] PanelAppHost: Passing env var _oc_launch_timestamp = 2295759
01-02 13:33:19.005  2430  3075 I [OAO] PanelAppHost: Passing env var _oc_shell_host = minimal_overlay
01-02 13:33:19.005  2430  3075 I [OAO] PanelAppHost: Passing env var _oc_shell_panel_id = 3
01-02 13:33:19.005  2430  3075 I [OAO] PanelAppHost: Calling sendPanelLaunchIntent for panel app 3 (com.oculus.systemux/com.oculus.panelapp.destinationui.DestinationUiPanelService)
01-02 13:33:19.005  2430  3075 D [OAO] ShellApplication: sendApkPanelLaunchIntent: packageName=com.oculus.systemux, serviceClassName=com.oculus.panelapp.destinationui.DestinationUiPanelService
01-02 13:33:19.006  2430  3075 D [OAO] PanelAppConnection: getSystemProcessUidForCurrentUser: 'android' systemUid = 1000
01-02 13:33:19.006  2430  3075 D [OAO] ShellApplication: bindService Intent { cmp=com.oculus.systemux/com.oculus.panelapp.destinationui.DestinationUiPanelService }
01-02 13:33:19.011  1022  3300 D ActivityManager: Is background playback enabled for all apps: false
01-02 13:33:19.013   755  1555 D AF::RecordHandle: OpRecordAudio: track:64 uid:10033 pkg:com.oculus.xrstreamingclient usage:0 muted
01-02 13:33:19.015   755   991 D AF::RecordHandle: OpRecordAudio: track:56 uid:10014 pkg:com.oculus.shellenv usage:0 muted
01-02 13:33:19.015  2430  2592 W OVRLibrary: null cursor received for query content://com.oculus.ocms.library/apps/com.oculus.systemux
01-02 13:33:19.015  7062  7160 I VrApi   : FPS=72/72,Prd=48ms,Tear=0,Early=72,Stale=0,VSnc=1,Lat=1,Fov=0,CPU4/GPU=2/3,1478/525MHz,OC=FF,TA=0/70/70,SP=N/F/F,Mem=2092MHz,Free=2322MB,PLS=0,Temp=25.5C/0.0C,TW=1.71ms,App=4.05ms,GD=0.13ms,CPU&GPU=8.37ms,LCnt=2(DR0,LM2),GPU%=0.45,CPU%=0.32(W0.36),DSF=1.00,CFL=19.63/21.59
01-02 13:33:19.016   755  5544 D AF::RecordHandle: OpRecordAudio: track:76 uid:10032 pkg:com.oculus.horizon usage:0 not muted
01-02 13:33:19.019  2430  3075 D [OAO] ShellApplication: notify OS to set com.oculus.systemux/com.oculus.panelapp.destinationui.DestinationUiPanelService to FOREGROUND
01-02 13:33:19.023   860   860 W TrackingService: attachClient: found client in attached list
01-02 13:33:19.025  5504  5606 E OsSdk   : error getting shared memory region, memory type: HeadTracker, failed with Status(-1, EX_SECURITY): 'requested shared memory region when not registered/focused'
01-02 13:33:19.031  2430  3075 I [OAO] DesktopPanelControllerHelper: Resolving panel apps for activation
01-02 13:33:19.031  2430  3075 I [OAO] DesktopPanelControllerHelper: Resolved 1 panel apps for Launch activation
01-02 13:33:19.031  2430  3075 I [OAO] DesktopPanelController: Checking whether desktop switch is necessary with current desktop Tablet for activation of app com.oculus.systemux/com.oculus.panelapp.destinationui.DestinationUiPanelService
01-02 13:33:19.031  2430  3075 I [OAO] DesktopPanelController: Checking whether we need to switch desktops for Launch activation
01-02 13:33:19.031  2430  3075 I [OAO] DesktopPanelController: Initial cooperative state for app com.oculus.systemux/com.oculus.panelapp.destinationui.DestinationUiPanelService with uri  is exclusive
01-02 13:33:19.031  2430  3075 I [OAO] DesktopPanelController: Selecting desktop Tablet for activation
01-02 13:33:19.031  2430  3075 I [OAO] DesktopPanelController: Resolved target monitor is 4
01-02 13:33:19.031  2430  3075 I [OAO] DesktopPanelApp: Storing location Tablet, monitor 4
01-02 13:33:19.031  2430  3075 I [OAO] DesktopPanelController: Moving panel in background from monitor -1 to monitor 4
01-02 13:33:19.031  2430  3075 I [OAO] VrShellDesktopBase: Found monitor 4 for AddPanelApp
01-02 13:33:19.031  2430  3075 I [OAO] VrShellDesktopBase: Inserting panelapp with id 3 to monitor 4
01-02 13:33:19.031  2430  3075 I [OAO] DesktopPanelApp: Storing location Tablet, monitor 4
01-02 13:33:19.032  2430  3075 I [OAO] AppActivationRecord: AppActivation result is Success with reason  and type:Launch, launchTarget:Default, activationSourceId:0, activationTargetId:4, launchAsNew:0, uri:, launchingComponent:com.oculus.vrshell.intent.action.LAUNCH
01-02 13:33:19.033  2430  3075 I [OAO] DesktopFocusManager: Notifying panel with id:3, component:com.oculus.systemux/com.oculus.panelapp.destinationui.DestinationUiPanelService of isFocused:1
01-02 13:33:19.033  2430  3075 I [OAO] DesktopFocusManager: Focused panel changed from 0 to 3
01-02 13:33:19.034  2430  3075 I [OAO] OpenXrAssetLoader: Loaded model: Oculus Touch Quest 2 Left
01-02 13:33:19.034  2430  3075 I [OAO] ModelCache: Model Changed Event
01-02 13:33:19.047  2430  2430 D [OAO] PanelServiceConnection: onSeviceConnected - component name (ComponentInfo{com.oculus.systemux/com.oculus.panelapp.destinationui.DestinationUiPanelService}), panel app id (3)
01-02 13:33:19.047  2430  2430 D [OAO] ShellApplication: notify OS to set com.oculus.systemux/com.oculus.panelapp.destinationui.DestinationUiPanelService to FOREGROUND
01-02 13:33:19.057  2430  2430 I [OAO] PanelAppConnection: verifyFirstPartyUID(Debug Signatures=false, uid=10026) => apkSignatureResult=SigCertInfo(isTrusted=true, packageNames=[com.oculus.systemux], fingerprint sha1=98a1809f3c3e79170e5df8135b500ecfa39df1be, fingerprint sha256=012f8165c191efe8fb0d6d4606aa4abac14d77d1d97d5340860c9f81045aa157, signature=308205cf308203b7a0030201020204097e91c1300d06092a864886f70d01010b0500308197310b3009060355040613025553311330110603550408130a43616c69666f726e6961311330110603550407130a4d656e6c6f205061726b31233021060355040a131a46616365626f6f6b20546563686e6f6c6f676965732c204c4c4331233021060355040b131a46616365626f6f6b20546563686e6f6c6f676965732c204c4c43311430120603550403130b4f63756c75732041707073301e170d3139303730343131333935315a170d3436313131393131333935315a308197310b3009060355040613025553311330110603550408130a43616c69666f726e6961311330110603550407130a4d656e6c6f205061726b31233021060355040a131a46616365626f6f6b20546563686e6f6c6f676965732c204c4c4331233021060355040b131a46616365626f6f6b20546563686e6f6c6f676965732c204c4c43311430120603550403130b4f63756c7573204170707330820222300d06092a864886f70d01010105000382020f003082020a0282020100b815642a5c201c8da044905dafbb06c05fddb75449cc75a716a0434da0493a52a4d60643532c237e76cb41d2c32a5e4474f12b37f632a809b5a5ceb8c6289ecf828e736b4ec452b1c2757bd0b5ed13eff5a7a47ab2ef6cdf60a8d749e9e8603f30d12b5db8f734c57578a2a4ce5ff5737c1f02c629d2dcb4f82726674663a699de94463ff370fa9eb48158831bf0b68bd6ec84293182d52e860bdd81bb9ce9cdd6a77fea0df25004da34d3cce7a31069646aa4628fba9ccb0952163793be9a4edf49a53f83179c2f44d8c87d6c129e8d590af0f3fced26201ee43b31fccd93b497cd198c5cd1f98d64c4f7ad79ca47278c02652d5dc072a99807e22f473f7bae4da2bafcae48cd49ad55a764b8d39f329f6175eac9074307deff48b1c4a6e19b748766617768c31a17feae8478eb7f9ebfb61af2b9f5a692b636342d7ebc53d7146626b51801b5a0a102e281475decdefb8683d0ca2843dc7aaeb6759bcab0dcba38db44f5d7f797a1c9c02dd159c0e3c72b14dc882d31c24ad8abee4ce0f7f0205e05efef551e2551a61e96636ed5dfd7435d3d24f5a130a12f10452cc954aa770d5d95e3e0cb9d7b05c5506a7947f8ff3437b3d82274fdaa156d85bfb7fbcb4fa5557080fedab86520b71d3d533e7bb3e7e3ebe9712b68e755d700b0afbf7595ffa80a6b3d90bfe599769138ee6515df415e32c0abed2b8e4aea1f47351f490203010001a321301f301d0603551d0e04160414a3c939e6b71c43bc9193f773c0351be1aff311f9300d06092a864886f70d01010b050003820201004e4c865231f2a3583c6af9488ecf9aa96b1ee84e2d7bfad00581537dc70c54ecfcf360e563d018efa4cdd77bf6fc4c9f1a20ebd4215cf1538686d4089bdcc8adb6ae4497ead14b0c18efd52ce93357019973e94e16b3326c60885b1bdc5f9cad1098f16732935876d8d19bda3ceeaaa69a83c4e2231710c6735f88abdfffe3dfa2be3f18f894923441b4e4a9c9664ed6294c16d7c073547063bfdbbefad184a001f1dce2feffdc96d10eb16a3bfbcd382cd297ca3b4edb7ebacd1a9931a1368a5157ceaebbca5b39bd5db5461a340db8ec076d38a94bcdd042bfb51388158ba97a49b631c1762fa746c7bb36eaf15cae23fa993cfb052e824f2ae173ea27b50a6cca91eb955f4faf131514757e5a3ecae9df6d23771279b7742f28fb9ce394eb9e03926f550716f1312355a5efdc479d8347b516cff55cb14307c81280142cacf2fd6562a2baacbfc97869272b1c51abf79121de8bab227e001313d4115eb9b33a332ebb34e290f14b5352ef1038f7a5f3740c9d1136b3526de4331deb4fa529c36a17c04c3e64d4f6ebda73d6e6e18281e3948fd11e685eab6611be1bc62839bce5962715e7f6537e6c083bcd3538d17407b26c850cd6b3f5e2149fdef027a6cfb7ed0f93c928aca14927b10c6a3f104ba1b10413af8b1868b84a004e5ddd065fff26a7bb3c818bb5a2d69aedf9441ef9033efae3ef52282a96f66d4b4ff3f2)
01-02 13:33:19.060  3781  5634 I chatty  : uid=10026(com.oculus.systemux) Binder:3781_9 expire 2 lines
01-02 13:33:19.063   860  1008 W TrackingService: attachClient: found client in attached list
01-02 13:33:19.064  5504  5606 E OsSdk   : error getting shared memory region, memory type: HeadTracker, failed with Status(-1, EX_SECURITY): 'requested shared memory region when not registered/focused'
01-02 13:33:19.065  1796  7330 W ContextImpl: Calling a method in the system process without a qualified user: android.app.ContextImpl.sendBroadcast:1057 android.content.ContextWrapper.sendBroadcast:448 X.np.A00:133 X.no.A00:17 X.no.handleMessage:80 
01-02 13:33:19.079  3781  7334 I chatty  : uid=10026 com.oculus.systemux:SystemUX expire 1 line
01-02 13:33:19.080  1022  3300 I DisplayManagerService: Display device added: DisplayDeviceInfo{"com.oculus.android_panel_app.AndroidPanelLayer-#main": uniqueId="virtual:com.oculus.systemux,10026,com.oculus.android_panel_app.AndroidPanelLayer-#main,1", 1000 x 625, modeId 129, defaultModeId 129, supportedModes [{id=129, width=1000, height=625, fps=60.0}], colorMode 0, supportedColorModes [0], HdrCapabilities null, density 200, 200.0 x 200.0 dpi, appVsyncOff 0, presDeadline 16666666, touch NONE, rotation 0, type VIRTUAL, state OFF, owner com.oculus.systemux (uid 10026), FLAG_PRIVATE, FLAG_NEVER_BLANK, FLAG_OWN_CONTENT_ONLY}
01-02 13:33:19.106  5504  5606 E OsSdk   : error getting shared memory region, memory type: HeadTracker, failed with Status(-1, EX_SECURITY): 'requested shared memory region when not registered/focused'
01-02 13:33:19.116  5504  5606 E OsSdk   : error getting shared memory region, memory type: AnchorTracker, failed with Status(-1, EX_SECURITY): 'requested shared memory region when not registered/focused'
01-02 13:33:19.119  1022  1043 W InputReader: Device has associated, but no associated display id.
01-02 13:33:19.125  1022  1045 W InputReader: Device has associated, but no associated display id.
01-02 13:33:19.125  1022  1045 I ActivityTaskManager: Override config changes=20005df8 {0.0 ?mcc?mnc ?localeList ?layoutDir sw500dp w800dp h500dp 200dpi lrg land ?uimode ?night -touch qwerty/v/v -nav/h winConfig={ mBounds=Rect(0, 0 - 1000, 625) mAppBounds=Rect(0, 0 - 1000, 625) mWindowingMode=fullscreen mDisplayWindowingMode=fullscreen mActivityType=undefined mAlwaysOnTop=undefined mRotation=ROTATION_0}} for displayId=68
01-02 13:33:19.161  5504  5606 E OsSdk   : error getting shared memory region, memory type: HeadTracker, failed with Status(-1, EX_SECURITY): 'requested shared memory region when not registered/focused'
01-02 13:33:19.165  2272  7338 I AuthLogger: Action succeeded: com.oculus.auth.ACTION_STATUS, callingPackage: com.oculus.systemux, accountType: null, tokenType: null, extras: {is_relogin=false}, duration: 1ms
01-02 13:33:19.179  3781  4917 I chatty  : uid=10026(com.oculus.systemux) pool-15-thread- expire 6 lines
01-02 13:33:19.181  3781  4914 I chatty  : uid=10026(com.oculus.systemux) pool-15-thread- expire 3 lines
01-02 13:33:19.196  3781  3812 I chatty  : uid=10026 com.oculus.systemux:SystemUX expire 6 lines
01-02 13:33:19.203  5504  5606 E OsSdk   : error getting shared memory region, memory type: HeadTracker, failed with Status(-1, EX_SECURITY): 'requested shared memory region when not registered/focused'
01-02 13:33:19.204  3781  3781 I chatty  : uid=10026 com.oculus.systemux:SystemUX expire 13 lines
01-02 13:33:19.206  2272  2852 I OVRMediaService: onStartCommand Received message type: com.oculus.horizon.GET_CAPTURE_STATE_ACTION, caller package: no_app_identity, app identify: null
01-02 13:33:19.232  2272  7339 I AuthLogger: Action succeeded: com.oculus.auth.ACTION_STATUS, callingPackage: com.oculus.systemux, accountType: null, tokenType: null, extras: {is_relogin=false}, duration: 0ms
01-02 13:33:19.244  2272  7339 I AuthLogger: Action succeeded: com.oculus.auth.ACTION_STATUS, callingPackage: com.oculus.systemux, accountType: null, tokenType: null, extras: {is_relogin=false}, duration: 0ms
01-02 13:33:19.247  5504  5606 E OsSdk   : error getting shared memory region, memory type: HeadTracker, failed with Status(-1, EX_SECURITY): 'requested shared memory region when not registered/focused'
01-02 13:33:19.270   860  1346 I chatty  : uid=1000(system) Mapper expire 1 line
01-02 13:33:19.271  3199  3199 D [SEO] ShellControlBroadcastReceiver: onReceive with MainActivity native pointer 3762388256, action com.oculus.systemactivities.CAPTURE_STATE_UPDATE
01-02 13:33:19.272  3199  3199 D [SEO] ShellControlBroadcastReceiver: isLaunchAction = false, isTrustedAppLaunch = false
01-02 13:33:19.272  3199  3199 D [SEO] ShellControlBroadcastReceiver: IsCaptureStateUpdateAction
01-02 13:33:19.275  2272  7339 I AuthLogger: Action succeeded: com.oculus.auth.ACTION_STATUS, callingPackage: com.oculus.systemux, accountType: null, tokenType: null, extras: {is_relogin=false}, duration: 0ms
01-02 13:33:19.278  2272  2852 I FileCapture: broadcast capture state to AUI running = false, with mode -1
01-02 13:33:19.279  2430  2430 D DeviceHelper: isScreenOn = true
01-02 13:33:19.279  2430  2430 D [OAO] ShellOverlayBroadcastReceiver: onReceive with ShellOverlayService native pointer 3762130880, action com.oculus.systemactivities.CAPTURE_STATE_UPDATE
01-02 13:33:19.281  3781  7334 I chatty  : uid=10026 com.oculus.systemux:SystemUX expire 1 line
01-02 13:33:19.284  3781  3781 I chatty  : uid=10026 com.oculus.systemux:SystemUX expire 7 lines
01-02 13:33:19.284  2272  2852 I OVRMediaServiceManager: Metacam is not enabled.
01-02 13:33:19.288  3781  5634 I chatty  : uid=10026(com.oculus.systemux) Binder:3781_9 expire 3 lines
01-02 13:33:19.294  5504  5606 E OsSdk   : error getting shared memory region, memory type: HeadTracker, failed with Status(-1, EX_SECURITY): 'requested shared memory region when not registered/focused'
01-02 13:33:19.343  5504  5606 E OsSdk   : error getting shared memory region, memory type: HeadTracker, failed with Status(-1, EX_SECURITY): 'requested shared memory region when not registered/focused'
01-02 13:33:19.348  3781  7334 I chatty  : uid=10026 com.oculus.systemux:SystemUX expire 1 line
01-02 13:33:19.363  3781  5868 I chatty  : uid=10026(com.oculus.systemux) Binder:3781_A expire 2 lines
01-02 13:33:19.385  5504  5606 E OsSdk   : error getting shared memory region, memory type: HeadTracker, failed with Status(-1, EX_SECURITY): 'requested shared memory region when not registered/focused'
01-02 13:33:19.385  2430  3075 I [OAO] ModelCache: Load controller model
01-02 13:33:19.386  5504  5606 E OsSdk   : error getting shared memory region, memory type: AnchorTracker, failed with Status(-1, EX_SECURITY): 'requested shared memory region when not registered/focused'
01-02 13:33:19.386  2430  3075 E TrexRenderModelPlugin: no modelBit retrieved from GetOffsetFromModelID 
01-02 13:33:19.390  2430  3075 E TrexRenderModelPlugin: no modelBit retrieved from GetOffsetFromModelID 
01-02 13:33:19.394  2430  3075 I [OAO] OpenXrAssetLoader: Loaded OpenXr Model bytes: 480928
01-02 13:33:19.394  2430  3075 I [OAO] ModelFile_glTF: loading model controllerLeft.glb
01-02 13:33:19.399  2430  3075 I [OAO] GlTexture: Transcode KTX texture
01-02 13:33:19.430  5504  5606 E OsSdk   : error getting shared memory region, memory type: HeadTracker, failed with Status(-1, EX_SECURITY): 'requested shared memory region when not registered/focused'
01-02 13:33:19.458  3781  7345 I chatty  : uid=10026(com.oculus.systemux) OkHttp Dispatch expire 2 lines
01-02 13:33:19.476  5504  5606 E OsSdk   : error getting shared memory region, memory type: HeadTracker, failed with Status(-1, EX_SECURITY): 'requested shared memory region when not registered/focused'
01-02 13:33:19.476  3781  7346 I chatty  : uid=10026(com.oculus.systemux) OkHttp Dispatch expire 2 lines
01-02 13:33:19.478  3781  7343 I chatty  : uid=10026(com.oculus.systemux) OkHttp Dispatch expire 2 lines
01-02 13:33:19.520  1796  7333 W ContextImpl: Calling a method in the system process without a qualified user: android.app.ContextImpl.sendBroadcast:1057 android.content.ContextWrapper.sendBroadcast:448 X.np.A00:133 X.no.A00:17 X.no.handleMessage:80 
01-02 13:33:19.522  5504  5606 E OsSdk   : error getting shared memory region, memory type: HeadTracker, failed with Status(-1, EX_SECURITY): 'requested shared memory region when not registered/focused'
01-02 13:33:19.567  2430  3075 I [OAO] GlTexture: Transcode KTX texture
01-02 13:33:19.567  5504  5606 E OsSdk   : error getting shared memory region, memory type: HeadTracker, failed with Status(-1, EX_SECURITY): 'requested shared memory region when not registered/focused'
01-02 13:33:19.592  2430  3075 I [OAO] ShaderCache: ShaderCache::compiling PBR shader for featureMask 4161
01-02 13:33:19.608   860  1008 I chatty  : uid=1000(system) Binder:860_2 identical 14 lines
01-02 13:33:19.610  5504  5606 E OsSdk   : error getting shared memory region, memory type: HeadTracker, failed with Status(-1, EX_SECURITY): 'requested shared memory region when not registered/focused'
01-02 13:33:19.651   860  1008 W TrackingService: attachClient: found client in attached list
01-02 13:33:19.652  5504  5606 E OsSdk   : error getting shared memory region, memory type: HeadTracker, failed with Status(-1, EX_SECURITY): 'requested shared memory region when not registered/focused'
01-02 13:33:19.652   860   860 W TrackingService: attachClient: found client in attached list
01-02 13:33:19.653  5504  5606 E OsSdk   : error getting shared memory region, memory type: AnchorTracker, failed with Status(-1, EX_SECURITY): 'requested shared memory region when not registered/focused'
01-02 13:33:19.668  5504  5585 D xrstreaming: receive ping: org 0 recv 0 xmt 10581855305900 (received at 2296427625892), offset divergence -103676
01-02 13:33:19.695  5504  5606 E OsSdk   : error getting shared memory region, memory type: HeadTracker, failed with Status(-1, EX_SECURITY): 'requested shared memory region when not registered/focused'
01-02 13:33:19.737  2430  3075 I [OAO] OpenXrAssetLoader: Loaded model: Oculus Touch Quest 2 Right
01-02 13:33:19.737  2430  3075 I [OAO] ModelCache: Model Changed Event
01-02 13:33:19.738  5504  5606 E OsSdk   : error getting shared memory region, memory type: HeadTracker, failed with Status(-1, EX_SECURITY): 'requested shared memory region when not registered/focused'
01-02 13:33:19.827   860   860 I chatty  : uid=1000(system) /system/bin/trackingservice identical 4 lines
01-02 13:33:19.872   860   860 W TrackingService: attachClient: found client in attached list
01-02 13:33:19.872  5504  5606 I chatty  : uid=10033(com.oculus.xrstreamingclient) SlamAnchorMem identical 13 lines
01-02 13:33:19.914   860  1008 W TrackingService: attachClient: found client in attached list
01-02 13:33:19.914  5504  5606 E OsSdk   : error getting shared memory region, memory type: HeadTracker, failed with Status(-1, EX_SECURITY): 'requested shared memory region when not registered/focused'
01-02 13:33:19.914   860   860 W TrackingService: attachClient: found client in attached list
01-02 13:33:19.915  5504  5606 E OsSdk   : error getting shared memory region, memory type: AnchorTracker, failed with Status(-1, EX_SECURITY): 'requested shared memory region when not registered/focused'
01-02 13:33:19.961  5504  5606 E OsSdk   : error getting shared memory region, memory type: HeadTracker, failed with Status(-1, EX_SECURITY): 'requested shared memory region when not registered/focused'
01-02 13:33:20.002  5504  5606 E OsSdk   : error getting shared memory region, memory type: HeadTracker, failed with Status(-1, EX_SECURITY): 'requested shared memory region when not registered/focused'
01-02 13:33:20.010  7062  7160 I VrApi   : FPS=72/72,Prd=48ms,Tear=0,Early=72,Stale=0,VSnc=1,Lat=1,Fov=0,CPU4/GPU=4/4,2419/525MHz,OC=FF,TA=0/70/70,SP=N/F/F,Mem=2092MHz,Free=2322MB,PLS=0,Temp=25.5C/0.0C,TW=1.60ms,App=3.81ms,GD=0.11ms,CPU&GPU=7.75ms,LCnt=2(DR0,LM2),GPU%=0.42,CPU%=0.22(W0.25),DSF=1.00,CFL=19.69/21.48
01-02 13:33:20.010  2430  3075 I [OAO] ModelCache: Load controller model
01-02 13:33:20.011  2430  3075 E TrexRenderModelPlugin: no modelBit retrieved from GetOffsetFromModelID 
01-02 13:33:20.014  2430  3075 E TrexRenderModelPlugin: no modelBit retrieved from GetOffsetFromModelID 
01-02 13:33:20.018  2430  7327 I Telemetry: App memory usage: PSS=60 MiB, PrivateDirty=35 MiB, PrivateClean=0 MiB, GPU=3.8/3.9 MiB (96% allocated)
01-02 13:33:20.021  2430  3075 I [OAO] OpenXrAssetLoader: Loaded OpenXr Model bytes: 478572
01-02 13:33:20.021  2430  3075 I [OAO] ModelFile_glTF: loading model controllerRight.glb
01-02 13:33:20.029  2430  3075 I [OAO] GlTexture: Transcode KTX texture
01-02 13:33:20.037  2430  3075 I [OAO] GlTexture: Transcode KTX texture
01-02 13:33:20.044  5504  5606 E OsSdk   : error getting shared memory region, memory type: HeadTracker, failed with Status(-1, EX_SECURITY): 'requested shared memory region when not registered/focused'
01-02 13:33:20.066  2430  3075 I ClientInputTrackedKeyboardManager: TRACKEDKEYBOARD created PTKServiceClient
01-02 13:33:20.066  2430  3075 I PTKService: PTKServiceClient Init
01-02 13:33:20.066  2430  3075 I ipcLoader_static: RuntimeIPC: Loader: IPC Service API Loader Version: 33 Nov 25 2022 14:17:17
01-02 13:33:20.066  2430  3075 I RuntimeIPCApi: ipc_Initialize
01-02 13:33:20.066  2430  3075 I RuntimeIPCServiceClient: Init: Already initialized: com.oculus.vrshell:Overlay, 18
01-02 13:33:20.069  2430  3075 W vrshell:Overla: A binder object at 0xd4bcfc60 is being transacted on, however, this object is in the same process as its proxy. Transacting with this binder is expensive compared to just calling the corresponding functionality in the same process.
01-02 13:33:20.069  2430  3075 I chatty  : uid=10020(com.oculus.vrshell) ShellOverlayVR identical 19 lines
01-02 13:33:20.070  2430  2430 I chatty  : uid=10020(com.oculus.vrshell) ShellOverlayMai expire 1 line
01-02 13:33:20.071  3781  3781 I chatty  : uid=10026 com.oculus.systemux:SystemUX expire 12 lines
01-02 13:33:20.072  3167  3369 I VrGuardianService: GuardianSDKServer::SetActiveHand
01-02 13:33:20.087  5504  5606 E OsSdk   : error getting shared memory region, memory type: HeadTracker, failed with Status(-1, EX_SECURITY): 'requested shared memory region when not registered/focused'
01-02 13:33:20.132   860   860 I chatty  : uid=1000(system) /system/bin/trackingservice identical 5 lines
01-02 13:33:20.134  5504  5606 E OsSdk   : error getting shared memory region, memory type: HeadTracker, failed with Status(-1, EX_SECURITY): 'requested shared memory region when not registered/focused'
01-02 13:33:20.177   860   860 W TrackingService: attachClient: found client in attached list
01-02 13:33:20.178  5504  5606 E OsSdk   : error getting shared memory region, memory type: HeadTracker, failed with Status(-1, EX_SECURITY): 'requested shared memory region when not registered/focused'
01-02 13:33:20.178   860  1008 W TrackingService: attachClient: found client in attached list
01-02 13:33:20.179  5504  5606 E OsSdk   : error getting shared memory region, memory type: AnchorTracker, failed with Status(-1, EX_SECURITY): 'requested shared memory region when not registered/focused'
01-02 13:33:20.222  5504  5606 E OsSdk   : error getting shared memory region, memory type: HeadTracker, failed with Status(-1, EX_SECURITY): 'requested shared memory region when not registered/focused'
01-02 13:33:20.223  2430  7362 I chatty  : uid=10020(com.oculus.vrshell) ShellOverlayMai expire 1 line
01-02 13:33:20.231  2430  3075 I chatty  : uid=10020(com.oculus.vrshell) ShellOverlayVR expire 126 lines
01-02 13:33:20.231  2453  3049 I VrRuntimeService: CreateSwapChain: 3068271562
01-02 13:33:20.231  2453  3049 I VrRuntimeService: CreateSwapChain: api:gles 0 0x8c43 60 60 6 1 1 0 3
01-02 13:33:20.231  2453  3049 I VrRuntimeServer: CreateTextureSwapChain: result importswapchaingles 1
01-02 13:33:20.233  2453  3049 I VrRuntimeService: UpdateSwapChainSamplerState: 230
01-02 13:33:20.233  2453  3049 I VrRuntimeService: UpdateSwapChainSamplerState: minFilter=1 magFilter=1 wrapModeS=3 warpModeT=3 maxAniso=1.000000 border={0.000000,0.000000,0.000000,0.000000} swizzle={0,1,2,3}
01-02 13:33:20.234  2453  3049 I VrRuntimeService: UpdateSwapChainSamplerState: 229
01-02 13:33:20.234  2453  3049 I VrRuntimeService: UpdateSwapChainSamplerState: minFilter=1 magFilter=1 wrapModeS=3 warpModeT=3 maxAniso=1.000000 border={0.000000,0.000000,0.000000,0.000000} swizzle={0,1,2,3}
01-02 13:33:20.234  2453  3049 I VrRuntimeService: UpdateAndroidSurfaceSwapChainDimensions: 229: 1000x625
01-02 13:33:20.246  2453  6861 I CompositorProgs: [0x75943ea710] Built layerProgram 0:0x48002:0x0 in 11.3 ms
01-02 13:33:20.248  2453  6861 I CompositorProgs: loaded binary layerProgram 0:0x100100048083:0x0 in 1.9 ms
01-02 13:33:20.248  2453  6861 I CompositorVR: Tear: 0.013635 (since wakeup: 0.013630)
01-02 13:33:20.248  2453  6861 I CompositorVR: Tear: 0.009757 (since wakeup: 0.000232)
01-02 13:33:20.262  5504  5606 E OsSdk   : error getting shared memory region, memory type: HeadTracker, failed with Status(-1, EX_SECURITY): 'requested shared memory region when not registered/focused'
01-02 13:33:20.308  5504  5606 E OsSdk   : error getting shared memory region, memory type: HeadTracker, failed with Status(-1, EX_SECURITY): 'requested shared memory region when not registered/focused'
01-02 13:33:20.354  5504  5606 E OsSdk   : error getting shared memory region, memory type: HeadTracker, failed with Status(-1, EX_SECURITY): 'requested shared memory region when not registered/focused'
01-02 13:33:20.396   860  1008 I chatty  : uid=1000(system) Binder:860_2 identical 5 lines
01-02 13:33:20.396  5504  5606 E OsSdk   : error getting shared memory region, memory type: HeadTracker, failed with Status(-1, EX_SECURITY): 'requested shared memory region when not registered/focused'
01-02 13:33:20.413  1796  7364 W ContextImpl: Calling a method in the system process without a qualified user: android.app.ContextImpl.sendBroadcast:1057 android.content.ContextWrapper.sendBroadcast:448 X.np.A00:133 X.no.A00:17 X.no.handleMessage:80 
01-02 13:33:20.441   860  1008 W TrackingService: attachClient: found client in attached list
01-02 13:33:20.442  5504  5606 E OsSdk   : error getting shared memory region, memory type: HeadTracker, failed with Status(-1, EX_SECURITY): 'requested shared memory region when not registered/focused'
01-02 13:33:20.442   860   860 W TrackingService: attachClient: found client in attached list
01-02 13:33:20.443  5504  5606 E OsSdk   : error getting shared memory region, memory type: AnchorTracker, failed with Status(-1, EX_SECURITY): 'requested shared memory region when not registered/focused'
01-02 13:33:20.489   860  1008 W TrackingService: attachClient: found client in attached list
01-02 13:33:20.489  5504  5606 E OsSdk   : error getting shared memory region, memory type: HeadTracker, failed with Status(-1, EX_SECURITY): 'requested shared memory region when not registered/focused'
01-02 13:33:20.531  5504  5606 E OsSdk   : error getting shared memory region, memory type: HeadTracker, failed with Status(-1, EX_SECURITY): 'requested shared memory region when not registered/focused'
01-02 13:33:20.657   860  1008 I chatty  : uid=1000(system) Binder:860_2 identical 4 lines
01-02 13:33:20.657  5504  5606 E OsSdk   : error getting shared memory region, memory type: HeadTracker, failed with Status(-1, EX_SECURITY): 'requested shared memory region when not registered/focused'
01-02 13:33:20.668  5504  5585 D xrstreaming: receive ping: org 0 recv 0 xmt 10582855620600 (received at 2297428137350), offset divergence -103676
01-02 13:33:20.702   860  1008 W TrackingService: attachClient: found client in attached list
01-02 13:33:20.702  5504  5606 E OsSdk   : error getting shared memory region, memory type: HeadTracker, failed with Status(-1, EX_SECURITY): 'requested shared memory region when not registered/focused'
01-02 13:33:20.702   860   860 W TrackingService: attachClient: found client in attached list
01-02 13:33:20.703  5504  5606 E OsSdk   : error getting shared memory region, memory type: AnchorTracker, failed with Status(-1, EX_SECURITY): 'requested shared memory region when not registered/focused'
01-02 13:33:20.749  5504  5606 E OsSdk   : error getting shared memory region, memory type: HeadTracker, failed with Status(-1, EX_SECURITY): 'requested shared memory region when not registered/focused'
01-02 13:33:20.795  5504  5606 E OsSdk   : error getting shared memory region, memory type: HeadTracker, failed with Status(-1, EX_SECURITY): 'requested shared memory region when not registered/focused'
01-02 13:33:20.841  5504  5606 E OsSdk   : error getting shared memory region, memory type: HeadTracker, failed with Status(-1, EX_SECURITY): 'requested shared memory region when not registered/focused'
01-02 13:33:20.870  5504  5606 E OsSdk   : error getting shared memory region, memory type: HeadTracker, failed with Status(-1, EX_SECURITY): 'requested shared memory region when not registered/focused'
01-02 13:33:20.913   860   860 I chatty  : uid=1000(system) /system/bin/trackingservice identical 5 lines
01-02 13:33:20.914  5504  5606 E OsSdk   : error getting shared memory region, memory type: HeadTracker, failed with Status(-1, EX_SECURITY): 'requested shared memory region when not registered/focused'
01-02 13:33:20.955   860   860 W TrackingService: attachClient: found client in attached list
01-02 13:33:20.956  5504  5606 E OsSdk   : error getting shared memory region, memory type: HeadTracker, failed with Status(-1, EX_SECURITY): 'requested shared memory region when not registered/focused'
01-02 13:33:20.956   860  1008 W TrackingService: attachClient: found client in attached list
01-02 13:33:20.957  5504  5606 E OsSdk   : error getting shared memory region, memory type: AnchorTracker, failed with Status(-1, EX_SECURITY): 'requested shared memory region when not registered/focused'
01-02 13:33:20.985  3167  3369 I VrGuardianService: GuardianSDKServer::SetActiveHand
01-02 13:33:20.985  3167  3369 I VrGuardianService: GuardianSDKServer::SetSecondaryControllerActive 1
01-02 13:33:20.988  1022  1045 I DisplayManagerService: Display device changed state: "com.oculus.android_panel_app.AndroidPanelLayer-#main", ON
01-02 13:33:20.993  3167  3369 I VrGuardianService: GuardianSDKServer::SetGuardianHitDialog2 1
01-02 13:33:21.000  1022  1839 E WindowManager: App trying to use insecure INPUT_FEATURE_NO_INPUT_CHANNEL flag. Ignoring
01-02 13:33:21.004  5504  5606 E OsSdk   : error getting shared memory region, memory type: HeadTracker, failed with Status(-1, EX_SECURITY): 'requested shared memory region when not registered/focused'
01-02 13:33:21.007  2453  6861 I CompositorProgs: loaded binary layerProgram 0:0x100000048003:0x0 in 6.4 ms
01-02 13:33:21.009  2453  6861 I CompositorProgs: loaded binary layerProgram 0:0x100100048081:0x0 in 1.9 ms
01-02 13:33:21.009  2453  6861 I CompositorVR: Tear: 0.008992 (since wakeup: 0.008980)
01-02 13:33:21.041  7062  7160 I VrApi   : FPS=72/72,Prd=48ms,Tear=0,Early=72,Stale=0,VSnc=1,Lat=1,Fov=0,CPU4/GPU=4/4,2419/525MHz,OC=FF,TA=0/70/70,SP=N/F/F,Mem=2092MHz,Free=2322MB,PLS=0,Temp=25.5C/0.0C,TW=1.61ms,App=4.35ms,GD=0.12ms,CPU&GPU=7.00ms,LCnt=2(DR0,LM2),GPU%=0.46,CPU%=0.20(W0.23),DSF=1.00,CFL=19.66/21.59
01-02 13:33:21.052  5504  5606 E OsSdk   : error getting shared memory region, memory type: HeadTracker, failed with Status(-1, EX_SECURITY): 'requested shared memory region when not registered/focused'
01-02 13:33:21.052  3167  3369 I VrGuardianService: GuardianSDKServer::SetGuardianHitDialog2 0
01-02 13:33:21.096  5504  5606 E OsSdk   : error getting shared memory region, memory type: HeadTracker, failed with Status(-1, EX_SECURITY): 'requested shared memory region when not registered/focused'
01-02 13:33:21.119   860  6852 I chatty  : uid=1000(system) CtrlTracking expire 3 lines
01-02 13:33:21.142  5504  5606 E OsSdk   : error getting shared memory region, memory type: HeadTracker, failed with Status(-1, EX_SECURITY): 'requested shared memory region when not registered/focused'
01-02 13:33:21.182   860  1008 I chatty  : uid=1000(system) Binder:860_2 identical 5 lines
01-02 13:33:21.183  5504  5606 E OsSdk   : error getting shared memory region, memory type: HeadTracker, failed with Status(-1, EX_SECURITY): 'requested shared memory region when not registered/focused'
01-02 13:33:21.185   860  6878 I chatty  : uid=1000(system) IOTcam expire 6 lines
01-02 13:33:21.187  3781  3812 I chatty  : uid=10026 com.oculus.systemux:SystemUX expire 18 lines
01-02 13:33:21.200  3781  7094 I chatty  : uid=10026 com.oculus.systemux:SystemUX expire 1 line
01-02 13:33:21.223   860  1008 W TrackingService: attachClient: found client in attached list
01-02 13:33:21.224  5504  5606 E OsSdk   : error getting shared memory region, memory type: HeadTracker, failed with Status(-1, EX_SECURITY): 'requested shared memory region when not registered/focused'
01-02 13:33:21.225   860   860 W TrackingService: attachClient: found client in attached list
01-02 13:33:21.226  5504  5606 E OsSdk   : error getting shared memory region, memory type: AnchorTracker, failed with Status(-1, EX_SECURITY): 'requested shared memory region when not registered/focused'
01-02 13:33:21.271   860   860 I chatty  : uid=1000(system) /system/bin/trackingservice identical 1 line
01-02 13:33:21.272  5504  5606 E OsSdk   : error getting shared memory region, memory type: HeadTracker, failed with Status(-1, EX_SECURITY): 'requested shared memory region when not registered/focused'
01-02 13:33:21.279  2453  3049 I VrRuntimeService: DestroySwapChain: swapchain=230
01-02 13:33:21.293  2453  6861 I SwapChain_Surface: AttachSurfaceSwapChainGLES: 0x758a0e9000 with SurfaceTexture 0x2956 attached on init
01-02 13:33:21.296  2453  6861 I CompositorProgs: loaded binary layerProgram 1:0x100000048003:0x0 in 2.8 ms
01-02 13:33:21.298  2453  6861 I CompositorProgs: loaded binary layerProgram 0:0x100000048001:0x0 in 1.8 ms
01-02 13:33:21.311   860   860 W TrackingService: attachClient: found client in attached list
01-02 13:33:21.312  5504  5606 E OsSdk   : error getting shared memory region, memory type: HeadTracker, failed with Status(-1, EX_SECURITY): 'requested shared memory region when not registered/focused'
01-02 13:33:21.357   860  1008 W TrackingService: attachClient: found client in attached list
01-02 13:33:21.357  5504  5606 E OsSdk   : error getting shared memory region, memory type: HeadTracker, failed with Status(-1, EX_SECURITY): 'requested shared memory region when not registered/focused'
01-02 13:33:21.401  5504  5606 E OsSdk   : error getting shared memory region, memory type: HeadTracker, failed with Status(-1, EX_SECURITY): 'requested shared memory region when not registered/focused'
01-02 13:33:21.448  5504  5606 E OsSdk   : error getting shared memory region, memory type: HeadTracker, failed with Status(-1, EX_SECURITY): 'requested shared memory region when not registered/focused'
01-02 13:33:21.472  3167  3369 I VrGuardianService: GuardianSDKServer::SetGuardianHitDialog2 1
01-02 13:33:21.496  5504  5606 E OsSdk   : error getting shared memory region, memory type: HeadTracker, failed with Status(-1, EX_SECURITY): 'requested shared memory region when not registered/focused'
01-02 13:33:21.497  5504  5606 E OsSdk   : error getting shared memory region, memory type: AnchorTracker, failed with Status(-1, EX_SECURITY): 'requested shared memory region when not registered/focused'
01-02 13:33:21.523  5504  5606 E OsSdk   : error getting shared memory region, memory type: HeadTracker, failed with Status(-1, EX_SECURITY): 'requested shared memory region when not registered/focused'
01-02 13:33:21.527  3167  3369 I VrGuardianService: GuardianSDKServer::SetGuardianHitDialog2 0
01-02 13:33:21.561  5504  5606 E OsSdk   : error getting shared memory region, memory type: HeadTracker, failed with Status(-1, EX_SECURITY): 'requested shared memory region when not registered/focused'
01-02 13:33:21.607  5504  5606 E OsSdk   : error getting shared memory region, memory type: HeadTracker, failed with Status(-1, EX_SECURITY): 'requested shared memory region when not registered/focused'
01-02 13:33:21.615  2453  6861 I CompositorProgs: loaded binary layerProgram 1:0x100000048001:0x0 in 2.5 ms
01-02 13:33:21.651  5504  5606 E OsSdk   : error getting shared memory region, memory type: HeadTracker, failed with Status(-1, EX_SECURITY): 'requested shared memory region when not registered/focused'
01-02 13:33:21.676  5504  5585 D xrstreaming: receive ping: org 0 recv 0 xmt 10583864771900 (received at 2298436033600), offset divergence -103676
01-02 13:33:21.693  5504  5606 E OsSdk   : error getting shared memory region, memory type: HeadTracker, failed with Status(-1, EX_SECURITY): 'requested shared memory region when not registered/focused'
01-02 13:33:21.733  5504  5606 E OsSdk   : error getting shared memory region, memory type: HeadTracker, failed with Status(-1, EX_SECURITY): 'requested shared memory region when not registered/focused'
01-02 13:33:21.733   860  1008 I chatty  : uid=1000(system) Binder:860_2 identical 11 lines
01-02 13:33:21.734  5504  5606 E OsSdk   : error getting shared memory region, memory type: AnchorTracker, failed with Status(-1, EX_SECURITY): 'requested shared memory region when not registered/focused'
01-02 13:33:21.772   860  1008 W TrackingService: attachClient: found client in attached list
01-02 13:33:21.773  5504  5606 E OsSdk   : error getting shared memory region, memory type: HeadTracker, failed with Status(-1, EX_SECURITY): 'requested shared memory region when not registered/focused'
01-02 13:33:21.816   860   860 W TrackingService: attachClient: found client in attached list
01-02 13:33:21.955   860   860 I chatty  : uid=1000(system) /system/bin/trackingservice identical 3 lines
01-02 13:33:21.956  5504  5606 E OsSdk   : error getting shared memory region, memory type: HeadTracker, failed with Status(-1, EX_SECURITY): 'requested shared memory region when not registered/focused'
01-02 13:33:21.988  7062  7095 D UE4     : [GameActivity] Used memory: 470435 (VmRSS:	  218004 kB)
01-02 13:33:22.001   860   860 W TrackingService: attachClient: found client in attached list
01-02 13:33:22.002  5504  5606 E OsSdk   : error getting shared memory region, memory type: HeadTracker, failed with Status(-1, EX_SECURITY): 'requested shared memory region when not registered/focused'
01-02 13:33:22.002   860  1008 W TrackingService: attachClient: found client in attached list
01-02 13:33:22.003  5504  5606 E OsSdk   : error getting shared memory region, memory type: AnchorTracker, failed with Status(-1, EX_SECURITY): 'requested shared memory region when not registered/focused'
01-02 13:33:22.007  7062  7160 I VrApi   : FPS=72/72,Prd=48ms,Tear=2,Early=72,Stale=0,VSnc=1,Lat=1,Fov=0,CPU4/GPU=4/4,2419/525MHz,OC=FF,TA=0/70/70,SP=N/F/F,Mem=2092MHz,Free=2322MB,PLS=0,Temp=25.5C/0.0C,TW=2.95ms,App=4.35ms,GD=0.12ms,CPU&GPU=8.07ms,LCnt=4(DR0,LM2),GPU%=0.59,CPU%=0.28(W0.30),DSF=1.00,CFL=17.27/21.50
