01-05 19:00:58.282   730   967 D msm8974_platform: platform_split_snd_device: snd_device(2) num devices(1) new_snd_devices(0)
01-05 19:00:58.282   730   967 D ACDB-LOADER: ACDB -> send_audvoltable
01-05 19:00:58.282   730   967 D ACDB-LOADER: ACDB -> ACDB_CMD_GET_AUDPROC_INSTANCE_GAIN_DEP_STEP_TABLE_SIZE
01-05 19:00:58.282   730   967 D         : Failed to fetch the lookup information of the device 0000000F 
01-05 19:00:58.282   730   967 D ACDB-LOADER: Error: ACDB_CMD_GET_AUDPROC_INSTANCE_GAIN_DEP_STEP_TABLE_SIZE Returned = -19
01-05 19:00:58.282   730   967 D ACDB-LOADER: ACDB -> ACDB_CMD_GET_AUDPROC_INSTANCE_GAIN_DEP_STEP_TABLE, vol index 10
01-05 19:00:58.282   730   967 D         : Failed to fetch the lookup information of the device 0000000F 
01-05 19:00:58.282   730   967 D ACDB-LOADER: Error: ACDB AudProc vol returned = -19
01-05 19:00:58.282   730   967 D ACDB-LOADER: ACDB -> AUDIO_SET_VOL_CAL cal type = 40
01-05 19:00:58.283  1249 11178 I Vsync   : Vsync 4295:  1 x 11.14 ms (71.82 Hz, at 8186.826)
01-05 19:00:58.287   855 11166 W [CT]    : VEGA:MAP_TRACKING_HM: [Throttled count=9] Bad map tracking: map tracking failed @ Submap id = 2, version = 1207971417 with status: 2
01-05 19:00:58.289  1249 11178 I CompositorVR: WarpToScreen: Skipping frames for 13
01-05 19:00:58.291  2140  2573 I chatty  : uid=10020(com.oculus.vrshell) ShellOverlayVR expire 19 lines
01-05 19:00:58.294  2666  2945 I chatty  : uid=10020(com.oculus.vrshell) ShellMainVR expire 37 lines
01-05 19:00:58.295  1576  1606 D RPCServer: RegisterClient: Client: com.oculus.vrshell:com.oculus.vrshell:2666, Server: com.oculus.os.dialoghost:com.oculus.os.dialoghost (DialogHostService)
01-05 19:00:58.295  1576  1606 I IPCSharedMemory: CreateSharedMemory: Allocated shared memory fd 47 (ipcStateReadWrite)
01-05 19:00:58.295  1576  1606 I IPCSharedMemory: CreateSharedMemory: Allocated shared memory fd 48 (ipcReadOnlyState)
01-05 19:00:58.296  1576  1606 I RPCClientHandler: Event buffer size (server): 8192
01-05 19:00:58.296  1576  1606 I IPCSharedMemory: CreateSharedMemory: Allocated shared memory fd 51 (ipcEventBuffer)
01-05 19:00:58.296  1576  1606 I IPCSharedMemory: CreateSharedMemory: Allocated shared memory fd 52 (ipcEventBuffer_Private)
01-05 19:00:58.298  1249 11178 I CompositorVR: WarpToScreen: Skipping frames for 13
01-05 19:00:58.299  1920  2004 I Clay    : xrPollEvent: DISPLAY_REFRESH_RATE_CHANGED_FB: 72.000000 -> 90.000000
01-05 19:00:58.299  1576  1606 I RuntimeIPCServerMgr: HandleClientConnect SUCCESS: Client: com.oculus.vrshell:com.oculus.vrshell:2666, Server: com.oculus.os.dialoghost:com.oculus.os.dialoghost (DialogHostService)
01-05 19:00:58.302  1523  1523 D OculusNotificationListenerService: Notification posted: 0|android|0|com.android.server.wm.AlertWindowNotification - com.oculus.vrshell|1000
01-05 19:00:58.309  1249 11178 I CompositorVR: WarpToScreen: Skipping frames for 13
01-05 19:00:58.317  1576  3493 I RPCServer: GetServerStatesConfig -> {MaxBufferSize=32768, MaxEntries=64}
01-05 19:00:58.318  2140  2573 I chatty  : uid=10020(com.oculus.vrshell) ShellOverlayVR expire 87 lines
01-05 19:00:58.318  1249  2487 I VrRuntimeService: DestroySwapChain: swapchain=309
01-05 19:00:58.318  1249  2264 I SwapChain: DestroyAndroidSurfaceSwapChain: 0x7e49bc1000: Destroying SurfaceTexture 0x29a6 Surface 0x29b6
01-05 19:00:58.318  1249  2487 I VrRuntimeServer: DestroyTextureSwapChain: result destroyswapchain 1
01-05 19:00:58.319  1940  2089 I OVRMediaService: Received OVERLAY_INPUT_FOCUS_CHANGE. is focused: true
01-05 19:00:58.319  1249  2487 I VrRuntimeService: DestroySwapChain: swapchain=308
01-05 19:00:58.319  1249  2264 I SwapChain: DestroyAndroidSurfaceSwapChain: 0x7e49bbe000: Destroying SurfaceTexture 0x296a Surface 0x297a
01-05 19:00:58.319  1249  2487 I VrRuntimeServer: DestroyTextureSwapChain: result destroyswapchain 1
01-05 19:00:58.320  1249 11178 I CompositorVR: WarpToScreen: Skipping frames for 13
01-05 19:00:58.325  1576  3493 I RPCServer: HandleClientDisconnect: Client: com.oculus.vrshell:com.oculus.vrshell:Overlay:2140, Server: com.oculus.os.dialoghost:com.oculus.os.dialoghost (DialogHostService)
01-05 19:00:58.325  1046  1077 E system_server: Dex checksum does not match for dex: /system/priv-app/ShellEnv/ShellEnv.apk.Expected: 1576427906, actual: 3617447080
01-05 19:00:58.326  8646  8724 E OsSdk   : error getting shared memory region, memory type: HeadTracker, failed with Status(-1, EX_SECURITY): 'requested shared memory region when not registered/focused'
01-05 19:00:58.331  8646  8724 E OsSdk   : error getting shared memory region, memory type: AnchorTracker, failed with Status(-1, EX_SECURITY): 'requested shared memory region when not registered/focused'
01-05 19:00:58.332  1249 11178 I CompositorVR: WarpToScreen: Skipping frames for 13
01-05 19:00:58.333  2140  2140 I chatty  : uid=10020(com.oculus.vrshell) ShellOverlayMai expire 8 lines
01-05 19:00:58.343  1249 11178 I CompositorVR: WarpToScreen: Skipping frames for 13
01-05 19:00:58.346  1940  2613 E OVRMediaServiceManager: LivestreamingManager Not initialized
01-05 19:00:58.352  1940  2604 E OVRMediaServiceManager: LivestreamingManager Not initialized
01-05 19:00:58.354  1249 11178 I CompositorVR: WarpToScreen: Skipping frames for 13
01-05 19:00:58.365  1249 11178 I CompositorVR: WarpToScreen: Skipping frames for 13
01-05 19:00:58.369  1249  2487 I VrRuntimeService: DestroySwapChain: swapchain=312
01-05 19:00:58.370  1249  2487 I VrRuntimeServer: DestroyTextureSwapChain: result destroyswapchain 1
01-05 19:00:58.374  1607  3093 I [CT]    : MIXEDREALITY: MrFeatureStatus: Client status changed from Started to Paused.
01-05 19:00:58.374  1607  3093 I [CT]    : MIXEDREALITY: MrFeatureStatus: Target status Started, CurrentStatus: Started
01-05 19:00:58.374  1607  3078 I [CT]    : MIXEDREALITY: OpenXrSupport: renderIteration: Display refresh rate changed, new value: 90.
01-05 19:00:58.374  1607  3078 I [CT]    : MIXEDREALITY: MrRuntimeImpl: onDisplayRefreshRateChanged: Display rate changed from 72 to 90.
01-05 19:00:58.374  1607  3078 I [CT]    : MIXEDREALITY: MrRuntimeImpl: Force telemetry to be sent now.
01-05 19:00:58.374  1607  3078 I [CT]    : MIXEDREALITY: MrRuntimeImpl: Reset telemetry such to start collecting data using the new refresh rate.
01-05 19:00:58.374  1607  3078 I [CT]    : MIXEDREALITY: MrRuntimeImpl: setSessionInitTime: Capability 0: timer set to 8186.917059841 ns, duration reset after 59.507079613 s.
01-05 19:00:58.374  1607  3078 I [CT]    : MIXEDREALITY: MrRuntimeImpl: setSessionInitTime: Capability 2: timer set to 8186.917081873 ns, duration reset after 59.507083623 s.
01-05 19:00:58.374  1607  3078 I [CT]    : MIXEDREALITY: MrServiceView: renderIteration: Nothing to render, hibernating the rendering thread since ID is off and no active PT layers.
01-05 19:00:58.374  1607  3078 I [CT]    : MIXEDREALITY: MrServiceModel: Hibernating caller (most likely rendering thread) due to commandQueue being empty.
01-05 19:00:58.376   855  1186 I chatty  : uid=1000(system) Binder:855_3 identical 3 lines
01-05 19:00:58.376  1249 11178 I CompositorVR: WarpToScreen: Skipping frames for 13
01-05 19:00:58.376  8646  8724 E OsSdk   : error getting shared memory region, memory type: HeadTracker, failed with Status(-1, EX_SECURITY): 'requested shared memory region when not registered/focused'
01-05 19:00:58.379  2140  2159 I chatty  : uid=10020(com.oculus.vrshell) HeapTaskDaemon expire 1 line
01-05 19:00:58.382  1523  1523 D OculusNotificationListenerService: Notification removed: 0|android|0|com.android.server.wm.AlertWindowNotification - com.oculus.vrshell|1000
01-05 19:00:58.385  2140  2161 I chatty  : uid=10020(com.oculus.vrshell) FinalizerDaemon expire 1 line
01-05 19:00:58.387  1249 11178 I CompositorVR: WarpToScreen: Skipping frames for 13
01-05 19:00:58.398  1249 11178 I CompositorVR: WarpToScreen: Skipping frames for 13
01-05 19:00:58.400  1940  2417 I OVRMediaService: onStartCommand Received message type: overlay_input_focus_change, caller package: com.oculus.vrshell, app identify: AppIdentity{uid=10020, packageNames=[com.oculus.vrshell], sha1=MxZgtt071YLz39PLrkVGckZooCE, sha2=3C-DTjwZQjeLFPB2yCzRq1nqZWa_9HMLIEfpjvyfna8, version=null, domain=null}
01-05 19:00:58.410  1249 11178 I CompositorVR: WarpToScreen: Skipping frames for 13
01-05 19:00:58.419  1940  2417 I OVRMediaService: Received OVERLAY_INPUT_FOCUS_CHANGE. is focused: false
01-05 19:00:58.421  1249 11178 I CompositorVR: WarpToScreen: Skipping frames for 13
01-05 19:00:58.422   855  1186 W TrackingService: attachClient: found client in attached list
01-05 19:00:58.422  8646  8724 E OsSdk   : error getting shared memory region, memory type: HeadTracker, failed with Status(-1, EX_SECURITY): 'requested shared memory region when not registered/focused'
01-05 19:00:58.424  1249  2943 I VrRuntimeService: RuntimeServiceSDKServer::RecenterLocalSpace
01-05 19:00:58.424  1249  2943 I VrRuntimeService: RuntimeServiceSDKServer::RecenterLocalSpaceInternal
01-05 19:00:58.424  1249  2943 I VrRuntimeServer: UpdateLocalSpace: Src: 2, Version: 38, VersionUser: 0, RawFloorHeightOld: -1.457830, RawFloorHeightNew: -1.457830
01-05 19:00:58.427  2675  2854 I GuardianSystem: UpdateSystem: Responding to local space version number change.
01-05 19:00:58.428  2675  2854 I GuardianSurfaceMgr: ForceShowSurfaceBounds: Soft fade out: currentTime 8186.97, ForceShowTime 8187.97, ForceShowFadeTime 8188.97
01-05 19:00:58.428  2675  2854 I GuardianSystem: ForceShowGuardian: false, 1.00
01-05 19:00:58.428  1920  2004 I Clay    : xrPollEvent: REFERENCE_SPACE_CHANGE_PENDING
01-05 19:00:58.432  2140 11479 I chatty  : uid=10020(com.oculus.vrshell) ShellOverlayMai expire 1 line
01-05 19:00:58.432  1249 11178 I CompositorVR: WarpToScreen: Skipping frames for 13
01-05 19:00:58.435  1046  1077 I ActivityTaskManager: Displayed com.oculus.shellenv/.ShellEnvActivity: +197ms
01-05 19:00:58.435  1249  2487 I VrRuntimeService: RuntimeServiceSDKServer::EnableRendering: 0x0, 0, com.oculus.vrshell:Overlay
01-05 19:00:58.435  1249  2487 I ClientMgr: ClientMgr::EnableRendering 2140:com.oculus.vrshell : type 1 comp-id 2: disable
01-05 19:00:58.436  1249  2487 I VrRuntimeServer: DisableCompositorClient: 2
01-05 19:00:58.436  1249  2487 I CompositorClientMgr: Disable client 2
01-05 19:00:58.436  1249  2487 I CompositorClientMgr: DisableClient: frame flush required: 1
01-05 19:00:58.438  2675  2854 I StateMachine: StateMachine::Update ForceShow: forceShowForTime -> ForceShowOnForTime
01-05 19:00:58.438  2666 11522 I chatty  : uid=10020(com.oculus.vrshell) FenceChecker expire 1 line
01-05 19:00:58.441  1249  2487 I UnifiedTelemetryWrapper: Stopped UT session render:com.oculus.vrshell:Overlay
01-05 19:00:58.441  2140 11490 I chatty  : uid=10020(com.oculus.vrshell) ShellOverlayMai expire 1 line
01-05 19:00:58.443  1249 11178 I CompositorVR: LatchWarpClients: Multiple Primary Clients detected. Skipping frames for 13
01-05 19:00:58.443  1249 11178 I CompositorVR: WarpToScreen: Skipping frames for 13
01-05 19:00:58.446  2140  2573 I chatty  : uid=10020(com.oculus.vrshell) ShellOverlayVR expire 2 lines
01-05 19:00:58.450  2666  2945 I chatty  : uid=10020(com.oculus.vrshell) ShellMainVR expire 9 lines
01-05 19:00:58.454  2666  2945 I [SEO] HostPlatform: Is valid panel service component for package (com.oculus.systemux) and service (com.oculus.panelapp.anytimeui.AnytimeUIAndroidPanelService) - true
01-05 19:00:58.454  2666  2945 I [SEO] ShellApp: CreatePanelApp( com.oculus.systemux/com.oculus.panelapp.anytimeui.AnytimeUIAndroidPanelService )
01-05 19:00:58.454  2666  2945 I [SEO] ShellApp: Environment:
01-05 19:00:58.454  1249 11178 I CompositorVR: WarpToScreen: Skipping frames for 13
01-05 19:00:58.454  2666  2945 I [SEO] PanelAppHost: PanelAppHost constructor, panel 16 (com.oculus.systemux/com.oculus.panelapp.anytimeui.AnytimeUIAndroidPanelService)
01-05 19:00:58.454  2666  2945 I [SEO] PanelAppHost: Panel app 16 (com.oculus.systemux/com.oculus.panelapp.anytimeui.AnytimeUIAndroidPanelService) changing state from startup to foreground
01-05 19:00:58.455  1249  2634 I VrRuntimeService: CreateAndroidSurfaceSwapChain: 3303378835
01-05 19:00:58.455  1249  2634 I VrRuntimeService: CreateAndroidSurfaceSwapChain: 131072 1 32856 65536 65536 1 1 1 0 3
01-05 19:00:58.455  1249  2264 I SwapChain_Surface: CreateAndroidSurfaceSwapChainGLES: 0x7e4e053000: SurfaceTexture 0x2972 Surface 0x2962
01-05 19:00:58.455  1249  2634 I VrRuntimeServer: CreateAndroidSurfaceSwapChain: result surface 0x7e4e053000
01-05 19:00:58.456  2140  2573 I [OAO] VrPlatformOpenXr: EndSession passed message polling. count:1  count<maxRetryCount:1  sessionState:2
01-05 19:00:58.456  2140  2573 I [OAO] VrPlatformOpenXr: EndSession end
01-05 19:00:58.457  1249  2634 I VrRuntimeService: CreateAndroidSurfaceSwapChain: 3303378835
01-05 19:00:58.457  1249  2634 I VrRuntimeService: CreateAndroidSurfaceSwapChain: 131072 1 32856 65536 65536 1 1 1 0 3
01-05 19:00:58.457  1249  2264 I SwapChain_Surface: CreateAndroidSurfaceSwapChainGLES: 0x7e4e0b7000: SurfaceTexture 0x2a06 Surface 0x2a16
01-05 19:00:58.458  1249  2634 I VrRuntimeServer: CreateAndroidSurfaceSwapChain: result surface 0x7e4e0b7000
01-05 19:00:58.459  2666  2945 I [SEO] PanelAppHost: Passing env var _oc_analytics_session_id = 2dc907da-31ab-4ad3-97df-43480c70cddf
01-05 19:00:58.459  2666  2945 I [SEO] PanelAppHost: Passing env var _oc_userid = 106765628877334
01-05 19:00:58.459  2666  2945 I [SEO] PanelAppHost: Passing env var _oc_shell_version_name = 47.0.0.282.341
01-05 19:00:58.459  2666  2945 I [SEO] PanelAppHost: Passing env var _oc_shell_version_code = 428237138
01-05 19:00:58.459  2666  2945 I [SEO] PanelAppHost: Passing env var _oc_shell_automation_enabled = false
01-05 19:00:58.459  2666  2945 I [SEO] PanelAppHost: Passing env var _oc_shell_view_id_debugging_enabled = false
01-05 19:00:58.459  2666  2945 I [SEO] PanelAppHost: Passing env var _oc_shell_pixel_density = 20
01-05 19:00:58.459  2666  2945 I [SEO] PanelAppHost: Passing env var _oc_shell_render_scale = 1.250000
01-05 19:00:58.459  2666  2945 I [SEO] PanelAppHost: Passing env var _oc_shell_ux_policy = {"panelBackgroundLayerOriginDepths":{"far":0.2,"mid":0.1,"near":0.015}}
01-05 19:00:58.459  2666  2945 I [SEO] PanelAppHost: Passing env var _oc_shell_panel_session_id = 2dc907da-31ab-4ad3-97df-43480c70cddf-16
01-05 19:00:58.459  2666  2945 I [SEO] PanelAppHost: Passing env var _oc_shell_valid_panel_session_ids = ["2dc907da-31ab-4ad3-97df-43480c70cddf-16"]
01-05 19:00:58.459  2666  2945 I [SEO] PanelAppHost: Passing env var _oc_shell_back_navigation_enabled = false
01-05 19:00:58.459  2666  2945 I [SEO] PanelAppHost: Passing env var _oc_shell_feature_sets = appmenu-v1,appmenu-v2,cooperativeState-v2,destinationUi-v2,dragDrop-v1,layerClipping-v1,layerClipping-v2,layerOptions-v1,layerTranslate-v1,multiapp-v1,multiapp-v2,multiapp-v3,multitasking-v1,shellPanelAdaptability-v1,systemActionBackgroundPanels-v1,systemThemeSetting-v1,system-reauth-v1,system-ux-file-picker-v1,vrNotificationsBootLoad-v1,theaterScreen,theaterScreen-v2,recoverInstances-v1,systemThemeSetting-v2,controlBar-v1,copresence-v1,copresenceVersion-v1,vrLibraryAppLock-v1,dragToDesktop-v1
01-05 19:00:58.459  2666  2945 I [SEO] PanelAppHost: Passing env var _oc_launch_timestamp = 8186996
01-05 19:00:58.459  2666  2945 I [SEO] PanelAppHost: Passing env var _oc_shell_host = vrshell
01-05 19:00:58.459  2666  2945 I [SEO] PanelAppHost: Passing env var _oc_shell_panel_id = 16
01-05 19:00:58.459  2666  2945 I [SEO] PanelAppHost: Calling sendPanelLaunchIntent for panel app 16 (com.oculus.systemux/com.oculus.panelapp.anytimeui.AnytimeUIAndroidPanelService)
01-05 19:00:58.459  2666  2945 D [SEO] ShellApplication: sendApkPanelLaunchIntent: packageName=com.oculus.systemux, serviceClassName=com.oculus.panelapp.anytimeui.AnytimeUIAndroidPanelService
01-05 19:00:58.460  2666  2945 D [SEO] PanelAppConnection: getSystemProcessUidForCurrentUser: 'android' systemUid = 1000
01-05 19:00:58.460  2666  2945 D [SEO] ShellApplication: bindService Intent { cmp=com.oculus.systemux/com.oculus.panelapp.anytimeui.AnytimeUIAndroidPanelService }
01-05 19:00:58.463  2666  2945 D [SEO] ShellApplication: notify OS to set com.oculus.systemux/com.oculus.panelapp.anytimeui.AnytimeUIAndroidPanelService to FOREGROUND
01-05 19:00:58.465  2666  2945 I ClientInputTrackedKeyboardManager: TRACKEDKEYBOARD created PTKServiceClient
01-05 19:00:58.465  2666  2945 I PTKService: PTKServiceClient Init
01-05 19:00:58.465  2666  2945 I ipcLoader_static: RuntimeIPC: Loader: IPC Service API Loader Version: 33 Nov 25 2022 14:17:17
01-05 19:00:58.465  2666  2945 I RuntimeIPCApi: ipc_Initialize
01-05 19:00:58.465  2666  2945 I RuntimeIPCServiceClient: Init: Already initialized: com.oculus.vrshell, 18
01-05 19:00:58.465  1249 11178 I CompositorVR: WarpToScreen: Skipping frames for 13
01-05 19:00:58.466  2140  2573 I [OAO] AudioMixer: Disabling AudioPlayer.
01-05 19:00:58.467   855   855 W TrackingService: attachClient: found client in attached list
01-05 19:00:58.468  2140  2140 I [OAO] ShellOverlayService: onStartCommand(): Intent { cmp=com.oculus.vrshell/.ShellOverlayService }
01-05 19:00:58.468  8646  8724 E OsSdk   : error getting shared memory region, memory type: HeadTracker, failed with Status(-1, EX_SECURITY): 'requested shared memory region when not registered/focused'
01-05 19:00:58.469  2666  2945 I [SEO] InputManager: Adding hand deviceId = 4
01-05 19:00:58.469  2666  2945 I [SEO] ShaderCache: ShaderCache::ShaderCache()
01-05 19:00:58.470  2666  2945 I [SEO] ShaderCache: ShaderCache::compiling PBR shader for featureMask 576
01-05 19:00:58.471  2666  2945 I [SEO] ShaderCache: ShaderCache::ShaderCache()
01-05 19:00:58.472  2666  2945 I [SEO] ShaderCache: ShaderCache::compiling PBR shader for featureMask 576
01-05 19:00:58.474  2666  2945 I [SEO] InputManager: Adding hand deviceId = 3
01-05 19:00:58.475  2666  2945 I [SEO] ShaderCache: ShaderCache::ShaderCache()
01-05 19:00:58.475  2666  2945 I [SEO] ShaderCache: ShaderCache::compiling PBR shader for featureMask 576
01-05 19:00:58.476  1249 11178 I CompositorVR: WarpToScreen: Skipping frames for 13
01-05 19:00:58.477  2666  2945 I [SEO] ShaderCache: ShaderCache::ShaderCache()
01-05 19:00:58.478  2666  2945 I [SEO] ShaderCache: ShaderCache::compiling PBR shader for featureMask 576
01-05 19:00:58.480  2666  2945 I [SEO] InputManager: Adding controller deviceId = 2
01-05 19:00:58.480  2666  2945 I [SEO] ModelCache: Load controller model
01-05 19:00:58.480  2666  2945 I [SEO] InputManager: Adding controller deviceId = 1
01-05 19:00:58.481  2666  2945 I [SEO] ModelCache: Load controller model
01-05 19:00:58.481  2666  2945 I [SEO] InputManager: Switching primary device (id -1 to 2).
01-05 19:00:58.481  2666  2945 I [SEO] InputManager: Switching secondary device (id to 1).
01-05 19:00:58.482  2666  2945 I [SEO] SystemUXController: OnReorient(reason: 3)
01-05 19:00:58.486  2666  2945 I [SEO] TelemetryProvider: aui_reorient system 0 0 0 com.oculus.shellenv
01-05 19:00:58.487  1249 11178 I CompositorVR: WarpToScreen: Skipping frames for 13
01-05 19:00:58.489  1576  3493 I RPCServer: GetServerStatesConfig -> {MaxBufferSize=32768, MaxEntries=64}
01-05 19:00:58.489  2666  2945 I RuntimeIPCClient: GetServerStatesConfig returned maxEntries=64, maxBuffSize=32768
01-05 19:00:58.489  2666  2945 I RuntimeIPCClient: InitServerStateBuffer: SUCCESS. 1, Client: com.oculus.vrshell:com.oculus.vrshell:2666, Server: com.oculus.os.dialoghost:com.oculus.os.dialoghost (DialogHostService)
01-05 19:00:58.490  2666  2945 I [SEO] PanelAppOSLifecycleNotificationManager: Sending frameState isForeground:1 to OS for app com.oculus.systemux/com.oculus.panelapp.anytimeui.AnytimeUIAndroidPanelService
01-05 19:00:58.490  2666  2945 I [SEO] ShellFrameAnalytics: Shell Heartbeat focusedPanelTimeSpent: {"0":22} visibleTimeSpent: {} inputTimeSpent: {"controller":22} inputClickCount: {} mouseMoveTimeSpent: 0 mouseScrollTimeSpent: 0 physicalKeyboardConnectedTimeSpent: 0 physicalKeyboardTrackedTimeSpent: 0 quickActionsMenuActivations: 0 quickActionsMenuTimeSpent: 0 quickActionsMenuSessionLengths: [] quickActionsMenuSelections: {} handTrackingOptIn: 0 handTrackingAutoTransition: 1
01-05 19:00:58.490  2666  2945 I [SEO] LocalSpace: Reset - initialRawFromLocalPose: quat(-0.080570, 0.277005, 0.002115, 0.957482), translation(-0.009272, -0.022138, 0.170215)
01-05 19:00:58.490  2666  2945 I [SEO] LocalSpace: Applying VRAPI Reorient, the reorient reason is 3
01-05 19:00:58.490  1249  2943 I VrRuntimeService: RuntimeServiceSDKServer::RecenterLocalSpace
01-05 19:00:58.491  1249  2943 I VrRuntimeService: RuntimeServiceSDKServer::RecenterLocalSpaceInternal
01-05 19:00:58.491  1249  2943 I VrRuntimeServer: UpdateLocalSpace: Src: 2, Version: 39, VersionUser: 0, RawFloorHeightOld: -1.457830, RawFloorHeightNew: -1.457830
01-05 19:00:58.491  1920  2004 I Clay    : EnvironmentSystem: setCurrentEnvironment from '' to 'apk://com.environment.matrixloadingvoid/assets/scene.zip'. Computed visibility: Hidden (reason: LayerRendering)
01-05 19:00:58.491  1920  2004 I Clay    : OpenXR: set refresh-rate: 90.000000Hz
01-05 19:00:58.491  1920  2004 I Clay    : xrPollEvent: REFERENCE_SPACE_CHANGE_PENDING
01-05 19:00:58.494  1920  2004 I Clay    : EnvironmentSystem: computed visibility changed from Hidden to Visible (reason: <none>)
01-05 19:00:58.494  1920  2004 I Clay    : EnvironmentSystem: Loading 'apk://com.environment.matrixloadingvoid/assets/scene.zip' as asset package
01-05 19:00:58.494  2666  2945 I [SEO] VrPlatformOpenXr: xrPollEvent: received XR_TYPE_EVENT_DATA_REFERENCE_SPACE_CHANGE_PENDING event
01-05 19:00:58.494  2675  2854 I GuardianSystem: UpdateSystem: Responding to local space version number change.
01-05 19:00:58.494  2675  2854 I GuardianSurfaceMgr: ForceShowSurfaceBounds: Soft fade out: currentTime 8187.04, ForceShowTime 8188.04, ForceShowFadeTime 8189.04
01-05 19:00:58.494  2675  2854 I GuardianSystem: ForceShowGuardian: false, 1.00
01-05 19:00:58.499  1249 11178 I CompositorVR: WarpToScreen: Skipping frames for 13
01-05 19:00:58.509  2666  2945 I [SEO] LocalSpace: New Space: quat(-0.079380, -0.001459, -0.018322, 0.996675), translation(0.000000, 1.435775, 0.000000) - Prior Space: quat(-0.079380, -0.001459, -0.018322, 0.996675), translation(0.000000, 1.435775, 0.000000)
01-05 19:00:58.509  2666  2945 I [SEO] LocalSpace: Local space version from 19 to 20, local space user version from 0 to 0.
01-05 19:00:58.510  1249 11178 I CompositorVR: WarpToScreen: Skipping frames for 13
01-05 19:00:58.510   855  1186 W TrackingService: attachClient: found client in attached list
01-05 19:00:58.510  2666  2945 I [SEO] SystemUXController: OnReorient(reason: 3)
01-05 19:00:58.511  8646  8724 E OsSdk   : error getting shared memory region, memory type: HeadTracker, failed with Status(-1, EX_SECURITY): 'requested shared memory region when not registered/focused'
01-05 19:00:58.513  2666  2945 I [SEO] TelemetryProvider: aui_reorient system 0 0 0 com.oculus.shellenv
01-05 19:00:58.521  1249 11178 I CompositorVR: WarpToScreen: Skipping frames for 13
01-05 19:00:58.532  1249 11178 I chatty  : uid=10025(com.oculus.systemdriver) OVR::TimeWarp identical 1 line
01-05 19:00:58.543  1249 11178 I CompositorVR: WarpToScreen: Skipping frames for 13
01-05 19:00:58.547  1920  2004 I Clay    : Local user with id 106765628877334 does have a custom avatar
01-05 19:00:58.554  1249 11178 I CompositorVR: WarpToScreen: Skipping frames for 13
01-05 19:00:58.556   855  1186 I chatty  : uid=1000(system) Binder:855_3 identical 1 line
01-05 19:00:58.557  8646  8724 E OsSdk   : error getting shared memory region, memory type: HeadTracker, failed with Status(-1, EX_SECURITY): 'requested shared memory region when not registered/focused'
01-05 19:00:58.565  1249 11178 I CompositorVR: WarpToScreen: Skipping frames for 13
01-05 19:00:58.568   855 11166 I [CT]    : VIPER: Mode=SuperVega,Status=6DoF,TRACKING,Inl=26,Mem=85.2,Jit=0.1mm,Issues(Cam/min=0.0,IMU/min=0.0),Exp=(14.0ms,g=15.0,I=65,Ir=309.5)(14.0ms,g=15.0,I=62,Ir=296.9)(14.0ms,g=15.0,I=86,Ir=411.8)(14.0ms,g=15.0,I=73,Ir=348.0)
01-05 19:00:58.568   855 11166 W [CT]    : VIPER: Images too dark, 
01-05 19:00:58.577  1249 11178 I CompositorVR: WarpToScreen: Skipping frames for 13
01-05 19:00:58.588  1249 11178 I CompositorVR: WarpToScreen: Skipping frames for 13
01-05 19:00:58.597  2140 11484 I [OAO] AudioMixer: Notifying VrThread to shutdown.
01-05 19:00:58.597  2140  2573 I [OAO] AudioMixer: Successful shutdown.
01-05 19:00:58.598  2140  2573 I [OAO] AudioEngine: virtual void AudioLibrary::AudioEngine::DisablePlayer()
01-05 19:00:58.598  2140  2573 I [OAO] AudioEngine: Setting ShuttingDown.
01-05 19:00:58.599  1249 11178 I CompositorVR: WarpToScreen: Skipping frames for 13
01-05 19:00:58.602   855  1186 W TrackingService: attachClient: found client in attached list
01-05 19:00:58.602  8646  8724 E OsSdk   : error getting shared memory region, memory type: HeadTracker, failed with Status(-1, EX_SECURITY): 'requested shared memory region when not registered/focused'
01-05 19:00:58.602   855   855 W TrackingService: attachClient: found client in attached list
01-05 19:00:58.603  8646  8724 E OsSdk   : error getting shared memory region, memory type: AnchorTracker, failed with Status(-1, EX_SECURITY): 'requested shared memory region when not registered/focused'
01-05 19:00:58.610  1249 11178 I CompositorVR: WarpToScreen: Skipping frames for 13
01-05 19:00:58.617  2140 11484 I [OAO] AudioMixer: Notifying VrThread to shutdown.
01-05 19:00:58.617  2140 11484 I [OAO] AudioEngine: Fading final buffer
01-05 19:00:58.619  1046  8637 E InputDispatcher: Window handle Window{b2149a7 u0 com.oculus.systemux} has no registered input channel
01-05 19:00:58.621  1249 11178 I CompositorVR: WarpToScreen: Skipping frames for 13
01-05 19:00:58.623  1046  8637 I DisplayManagerService: Display device removed: DisplayDeviceInfo{"com.oculus.android_panel_app.AndroidPanelLayer-#main": uniqueId="virtual:com.oculus.systemux,10026,com.oculus.android_panel_app.AndroidPanelLayer-#main,1", 1000 x 625, modeId 116, defaultModeId 116, supportedModes [{id=116, width=1000, height=625, fps=60.0}], colorMode 0, supportedColorModes [0], HdrCapabilities null, density 200, 200.0 x 200.0 dpi, appVsyncOff 0, presDeadline 16666666, touch NONE, rotation 0, type VIRTUAL, state ON, owner com.oculus.systemux (uid 10026), FLAG_PRIVATE, FLAG_NEVER_BLANK, FLAG_OWN_CONTENT_ONLY}
01-05 19:00:58.631  1920  2004 I Clay    : EnvironmentSystem::update: setting scene background audio for scene zip 'apk://com.environment.matrixloadingvoid/assets/scene.zip'
01-05 19:00:58.631  1920  2004 I Clay    : EnvironmentAudioSystem::setSceneBackgroundLoop: set scene audio: apk://com.environment.matrixloadingvoid/assets/scene.zip
01-05 19:00:58.632  1920  2004 I Clay    : EnvironmentSystem: Scene loaded
01-05 19:00:58.632  1920  2004 I Clay    : SharedHomeSystem::_onEnvironmentActivated
01-05 19:00:58.632  1249 11178 I CompositorVR: WarpToScreen: Skipping frames for 13
01-05 19:00:58.637  2140 11484 I [OAO] AudioEngine: Notifying VrThread to shutdown.
01-05 19:00:58.637  2140 11484 D         : PlayerBase::stop() from IPlayer
01-05 19:00:58.637  2140 11484 D AudioTrack: stop(132): called with 136320 frames delivered
01-05 19:00:58.638  2140  2573 I [OAO] AudioEngine: Stopping player
01-05 19:00:58.638  2140  2573 D         : PlayerBase::stop() from IPlayer
01-05 19:00:58.640  1292  1292 V AvrcpMediaPlayerList: onPlaybackConfigChanged(): Configs list size=9
01-05 19:00:58.643  2666  2945 I [SEO] ShellEnvHomeController: copresence: received setCollisionShapes
01-05 19:00:58.643  1249 11178 I CompositorVR: WarpToScreen: Skipping frames for 13
01-05 19:00:58.644  2140  2573 D [OAO] ShellApplication: setOverlayInputFocus: inputFocus=false shouldSupportIME=false
01-05 19:00:58.644  2140  2573 D [OAO] BaseOverlayService: setOverlayInputFocus : entrypoint - inputFocus=false shouldSupportIME=false
01-05 19:00:58.644  2140  2573 I [OAO] SystemAssistant: OnModeChanged from FullShell to ImmersiveAppFocused
01-05 19:00:58.644  2140  2140 D [OAO] BaseOverlayService: detachServiceWindowView
01-05 19:00:58.644  2140  2140 D [OAO] BaseOverlayService: setOverlayInputFocus : completed - inputFocus=false shouldSupportIME=false actionTaken:false
01-05 19:00:58.651  1292  1292 V AvrcpMediaPlayerList: onPlaybackConfigChanged(): Configs list size=8
01-05 19:00:58.652  8646  8724 E OsSdk   : error getting shared memory region, memory type: HeadTracker, failed with Status(-1, EX_SECURITY): 'requested shared memory region when not registered/focused'
01-05 19:00:58.652  2140  2573 I [OAO] ShellOverlayApp: Start sleep timeout. Now:8187.195190, Timeout:8189.195190
01-05 19:00:58.654  2666  2945 I [SEO] ShellEnvHomeController: copresence: processing currentCollisionShapes
01-05 19:00:58.654  2666  2945 I [SEO] ShellEnvHomeController: Theaterscreen transform node set for the env size x: 4.660000, y: 2.621250
01-05 19:00:58.655  1249 11178 I CompositorVR: WarpToScreen: Skipping frames for 13
01-05 19:00:58.657  3288 11323 I chatty  : uid=10026 com.oculus.systemux:SystemUX expire 2 lines
01-05 19:00:58.666  1249 11178 I CompositorVR: WarpToScreen: Skipping frames for 13
01-05 19:00:58.677  1249 11178 I CompositorVR: WarpToScreen: Skipping frames for 13
01-05 19:00:58.688   730   967 D msm8974_platform: platform_split_snd_device: snd_device(2) num devices(1) new_snd_devices(0)
01-05 19:00:58.688   730   967 D ACDB-LOADER: ACDB -> send_audvoltable
01-05 19:00:58.688   730   967 D ACDB-LOADER: ACDB -> ACDB_CMD_GET_AUDPROC_INSTANCE_GAIN_DEP_STEP_TABLE_SIZE
01-05 19:00:58.688   730   967 D         : Failed to fetch the lookup information of the device 0000000F 
01-05 19:00:58.688   730   967 D ACDB-LOADER: Error: ACDB_CMD_GET_AUDPROC_INSTANCE_GAIN_DEP_STEP_TABLE_SIZE Returned = -19
01-05 19:00:58.688   730   967 D ACDB-LOADER: ACDB -> ACDB_CMD_GET_AUDPROC_INSTANCE_GAIN_DEP_STEP_TABLE, vol index 9
01-05 19:00:58.688   730   967 D         : Failed to fetch the lookup information of the device 0000000F 
01-05 19:00:58.688   730   967 D ACDB-LOADER: Error: ACDB AudProc vol returned = -19
01-05 19:00:58.688   730   967 D ACDB-LOADER: ACDB -> AUDIO_SET_VOL_CAL cal type = 40
01-05 19:00:58.688  1249 11178 I CompositorVR: WarpToScreen: Skipping frames for 13
01-05 19:00:58.696   855   855 I chatty  : uid=1000(system) /system/bin/trackingservice identical 2 lines
01-05 19:00:58.697  8646  8724 E OsSdk   : error getting shared memory region, memory type: HeadTracker, failed with Status(-1, EX_SECURITY): 'requested shared memory region when not registered/focused'
01-05 19:00:58.699  1249 11178 I CompositorVR: WarpToScreen: Skipping frames for 13
01-05 19:00:58.703  2140  2573 I [OAO] VrPlatformOpenXr: xrPollEvent: received XR_TYPE_EVENT_DATA_REFERENCE_SPACE_CHANGE_PENDING event
01-05 19:00:58.710  1249 11178 I CompositorVR: WarpToScreen: Skipping frames for 13
01-05 19:00:58.721  1249 11178 I CompositorVR: WarpToScreen: Skipping frames for 13
01-05 19:00:58.732  1249 11178 I CompositorVR: WarpToScreen: Skipping frames for 13
01-05 19:00:58.733   855 11167 I [CT]    : NIMBLE:HLOG: NimbleTelemetryAggregator::populateTelemetry
01-05 19:00:58.736   855 11167 I [CT]    : NIMBLE:HLOG: NimbleTelemetryAggregator::populateTelemetry
01-05 19:00:58.741   855   855 W TrackingService: attachClient: found client in attached list
01-05 19:00:58.742  8646  8724 E OsSdk   : error getting shared memory region, memory type: HeadTracker, failed with Status(-1, EX_SECURITY): 'requested shared memory region when not registered/focused'
01-05 19:00:58.744  1249 11178 I CompositorVR: WarpToScreen: Skipping frames for 13
01-05 19:00:58.745   855 11167 I [CT]    : NIMBLE:HLOG: NimbleTelemetryAggregator::populateTelemetry
01-05 19:00:58.749   855 11167 I [CT]    : NIMBLE:HLOG: NimbleTelemetryAggregator::populateTelemetry
01-05 19:00:58.754   855 11166 I [CT]    : BrightnessPredictor: [Throttled count=154] Current irradiance: 358.6059265136719 (samples: 1).
01-05 19:00:58.754   855 11166 W [CT]    : BrightnessPredictor: [Throttled count=154] Started in a dark environment. Current irradiance: 358.6059265136719 (samples: 1).
01-05 19:00:58.755   855 11167 I [CT]    : NIMBLE:HLOG: NimbleTelemetryAggregator::populateTelemetry
01-05 19:00:58.755  1249 11178 I CompositorVR: WarpToScreen: Skipping frames for 13
01-05 19:00:58.764   855 11167 I [CT]    : NIMBLE:HLOG: NimbleTelemetryAggregator::populateTelemetry
01-05 19:00:58.766  1249 11178 I CompositorVR: WarpToScreen: Skipping frames for 13
01-05 19:00:58.770  8646  8711 I xrstreaming: AudioPlayer: NetworkMetrics: [0.260,19.936]9.879
01-05 19:00:58.773  2675  2854 I GuardianSystem: Environment Status changed: 34 to 98
01-05 19:00:58.773   855 11172 I [CT]    : CONSTELLATION:VISION_STATUS: 86557c336c360320 (L): BlobDetection:[#BlobsDetected=(12.09, 3.77)]Matching:[MatchSuccess=0.940, MatchCost=(0.00049, 0.00000), #MatchedBlobs=(3.57, 1.40), #MatchedLeds=(3.48, 1.04), RematchM=0.040, SkipRefine=0.000] MatchMethod:[Prox=0.940, ConstBrute=0.000, UnconstBrute=0.000] MatchResets[AnomBlobSize=0.000, SharedMatch=0.000, DenseReacq=0.000] | Fusion:[FusionError=0.000, ImuFromCamMs=(7.941, 0.514), RematchF=0.000] FusionUpdates:[Successful=0.000, Reliable=0.000, TightFusion=0.000, FullPose=0.000, StaticPrior=1.000, StaticForHandTrans=1.000, PoseUpdateMD=(0.0000, 0.0000)] FusionResets[6DoFReset=0.000, ResetSuccess=0.000] FusionStatus[HasPosition=1.000, HasVelocity=1.000] 
01-05 19:00:58.774   855 11172 I [CT]    : CONSTELLATION:VISION_STATUS: 729165a0fe4054d7 (R): BlobDetection:[#BlobsDetected=(12.09, 3.77)]Matching:[MatchSuccess=0.956, MatchCost=(0.00454, 0.00001), #MatchedBlobs=(8.16, 5.95), #MatchedLeds=(6.03, 3.28), RematchM=0.012, SkipRefine=0.008] MatchMethod:[Prox=0.944, ConstBrute=0.012, UnconstBrute=0.000] MatchResets[AnomBlobSize=0.000, SharedMatch=0.000, DenseReacq=0.000] | Fusion:[FusionError=0.000, ImuFromCamMs=(8.011, 0.457), RematchF=0.028] FusionUpdates:[Successful=0.956, Reliable=0.948, TightFusion=0.936, FullPose=0.016, StaticPrior=0.000, StaticForHandTrans=0.000, PoseUpdateMD=(17.6242, 236.2675)] FusionResets[6DoFReset=0.020, ResetSuccess=0.004] FusionStatus[HasPosition=0.984, HasVelocity=1.000] 
01-05 19:00:58.777  1249 11178 I CompositorVR: WarpToScreen: Skipping frames for 13
01-05 19:00:58.785  1920 11527 D CCodec  : allocate(c2.android.vorbis.decoder)
01-05 19:00:58.786   843  1706 V C2Store : in init
01-05 19:00:58.786   843  1706 V C2Store : loading dll
01-05 19:00:58.787   855  1186 W TrackingService: attachClient: found client in attached list
01-05 19:00:58.788  8646  8724 E OsSdk   : error getting shared memory region, memory type: HeadTracker, failed with Status(-1, EX_SECURITY): 'requested shared memory region when not registered/focused'
01-05 19:00:58.788  1249 11178 I CompositorVR: WarpToScreen: Skipping frames for 13
01-05 19:00:58.789  1920 11527 I CCodec  : Created component [c2.android.vorbis.decoder]
01-05 19:00:58.789  1920 11527 D CCodecConfig: read media type: audio/vorbis
01-05 19:00:58.791  1920 11527 D ReflectedParamUpdater: extent() != 1 for single value type: algo.buffers.max-count.values
01-05 19:00:58.792  1920 11527 D ReflectedParamUpdater: extent() != 1 for single value type: output.subscribed-indices.values
01-05 19:00:58.792  1920 11527 D ReflectedParamUpdater: extent() != 1 for single value type: input.buffers.allocator-ids.values
01-05 19:00:58.792  1920 11527 D ReflectedParamUpdater: extent() != 1 for single value type: output.buffers.allocator-ids.values
01-05 19:00:58.792  1920 11527 D ReflectedParamUpdater: extent() != 1 for single value type: algo.buffers.allocator-ids.values
01-05 19:00:58.792  1920 11527 D ReflectedParamUpdater: extent() != 1 for single value type: output.buffers.pool-ids.values
01-05 19:00:58.792  1920 11527 D ReflectedParamUpdater: extent() != 1 for single value type: algo.buffers.pool-ids.values
01-05 19:00:58.795   855 10622 I [CT]    : boltlib: DSP utilization: 8.59 % (432 / 5032 ms)
01-05 19:00:58.798  1920 11527 I CCodecConfig: query failed after returning 7 values (BAD_INDEX)
01-05 19:00:58.798  1920 11527 D CCodecConfig: c2 config diff is Dict {
01-05 19:00:58.798  1920 11527 D CCodecConfig:   c2::u32 coded.bitrate.value = 64000
01-05 19:00:58.798  1920 11527 D CCodecConfig:   c2::u32 input.buffers.max-size.value = 32768
01-05 19:00:58.798  1920 11527 D CCodecConfig:   c2::u32 input.delay.value = 0
01-05 19:00:58.798  1920 11527 D CCodecConfig:   string input.media-type.value = "audio/vorbis"
01-05 19:00:58.798  1920 11527 D CCodecConfig:   string output.media-type.value = "audio/raw"
01-05 19:00:58.798  1920 11527 D CCodecConfig:   c2::u32 raw.channel-count.value = 1
01-05 19:00:58.798  1920 11527 D CCodecConfig:   c2::u32 raw.sample-rate.value = 48000
01-05 19:00:58.798  1920 11527 D CCodecConfig: }
01-05 19:00:58.798  1920 11527 D CCodecConfig: no c2 equivalents for durationUs
01-05 19:00:58.798  1920 11527 D CCodecConfig: no c2 equivalents for csd-1
01-05 19:00:58.798  1920 11527 D CCodecConfig: no c2 equivalents for track-id
01-05 19:00:58.798  1920 11527 D CCodecConfig: no c2 equivalents for channel-mask
01-05 19:00:58.799  1920 11527 D CCodecConfig: c2 config diff is   c2::u32 raw.channel-count.value = 2
01-05 19:00:58.799  1920 11527 D CCodecConfig:   c2::u32 raw.sample-rate.value = 44100
01-05 19:00:58.799  1920 11527 W Codec2Client: query -- param skipped: index = 1107298332.
01-05 19:00:58.799  1920 11527 D CCodec  : setup formats input: AMessage(what = 0x00000000) = {
01-05 19:00:58.799  1920 11527 D CCodec  :   int32_t channel-count = 2
01-05 19:00:58.799  1920 11527 D CCodec  :   int32_t max-input-size = 32768
01-05 19:00:58.799  1920 11527 D CCodec  :   string mime = "audio/vorbis"
01-05 19:00:58.799  1920 11527 D CCodec  :   int32_t sample-rate = 44100
01-05 19:00:58.799  1920 11527 D CCodec  : } and output: AMessage(what = 0x00000000) = {
01-05 19:00:58.799  1920 11527 D CCodec  :   int32_t channel-count = 2
01-05 19:00:58.799  1920 11527 D CCodec  :   string mime = "audio/raw"
01-05 19:00:58.799  1920 11527 D CCodec  :   int32_t sample-rate = 44100
01-05 19:00:58.799  1920 11527 D CCodec  :   int32_t channel-mask = 3
01-05 19:00:58.799  1920 11527 D CCodec  : }
01-05 19:00:58.799  1249 11178 I CompositorVR: WarpToScreen: Skipping frames for 13
01-05 19:00:58.810   843  3705 V C2Store : in ~ComponentModule
01-05 19:00:58.810   843  3705 V C2Store : unloading dll
01-05 19:00:58.810  1249 11178 I CompositorVR: WarpToScreen: Skipping frames for 13
01-05 19:00:58.822  1249 11178 I CompositorVR: WarpToScreen: Skipping frames for 13
01-05 19:00:58.830  3288  3288 I chatty  : uid=10026 com.oculus.systemux:SystemUX expire 23 lines
01-05 19:00:58.830   855  1186 W TrackingService: attachClient: found client in attached list
01-05 19:00:58.831  8646  8724 E OsSdk   : error getting shared memory region, memory type: HeadTracker, failed with Status(-1, EX_SECURITY): 'requested shared memory region when not registered/focused'
01-05 19:00:58.833  1249 11178 I CompositorVR: WarpToScreen: Skipping frames for 13
01-05 19:00:58.844  1249 11178 I CompositorVR: WarpToScreen: Skipping frames for 13
01-05 19:00:58.845  1249  1249 D VrRuntimeService: onForegroundActivitiesChanged: pid=11049, uid=10148, hasForegroundActivities=false
01-05 19:00:58.850   855   855 W TrackingService: attachClient: found client in attached list
01-05 19:00:58.850   855   855 D TrackingService: getSharedMemory: com.oculus.guardian, HeadTracker
01-05 19:00:58.853   855   855 W TrackingService: attachClient: found client in attached list
01-05 19:00:58.854   855   855 D TrackingService: getSharedMemory: com.oculus.systemdriver, HeadTracker
01-05 19:00:58.855  1249 11178 I CompositorVR: WarpToScreen: Skipping frames for 13
01-05 19:00:58.856   855   855 W TrackingService: attachClient: found client in attached list
01-05 19:00:58.856   855   855 D TrackingService: getSharedMemory: com.oculus.shellenv, HeadTracker
01-05 19:00:58.857  3107  3107 D MetaCam (DeviceLifecycleManager): onCapabilitiesChanged(...). Has NET_CAPABILITY_VALIDATED.
01-05 19:00:58.858  3107  3107 D MetaCam (DeviceLifecycleManager): onCapabilitiesChanged(...). Has NET_CAPABILITY_VALIDATED.
01-05 19:00:58.859   855  1186 W TrackingService: attachClient: found client in attached list
01-05 19:00:58.859   855  1186 D TrackingService: getSharedMemory: com.oculus.vrshell, HeadTracker
01-05 19:00:58.861 11049 11071 V UE4     : [NetworkChangedManager] Network Capabilities changed, has Internet: true
01-05 19:00:58.864 11049 11533 V UE4     : [NetworkChangedManager] Verifying internet connection with host: https://example.com/
01-05 19:00:58.865  1920 11532 D CCodec  : allocate(c2.android.vorbis.decoder)
01-05 19:00:58.865   843  3705 V C2Store : in init
01-05 19:00:58.865   843  3705 V C2Store : loading dll
01-05 19:00:58.866  1249 11178 I CompositorVR: WarpToScreen: Skipping frames for 13
01-05 19:00:58.868  1920 11532 I CCodec  : Created component [c2.android.vorbis.decoder]
01-05 19:00:58.868  1920 11532 D CCodecConfig: read media type: audio/vorbis
01-05 19:00:58.869  1920 11532 D ReflectedParamUpdater: extent() != 1 for single value type: algo.buffers.max-count.values
01-05 19:00:58.869  1920 11532 D ReflectedParamUpdater: extent() != 1 for single value type: output.subscribed-indices.values
01-05 19:00:58.869  1920 11532 D ReflectedParamUpdater: extent() != 1 for single value type: input.buffers.allocator-ids.values
01-05 19:00:58.869  1920 11532 D ReflectedParamUpdater: extent() != 1 for single value type: output.buffers.allocator-ids.values
01-05 19:00:58.870  1920 11532 D ReflectedParamUpdater: extent() != 1 for single value type: algo.buffers.allocator-ids.values
01-05 19:00:58.870  1920 11532 D ReflectedParamUpdater: extent() != 1 for single value type: output.buffers.pool-ids.values
01-05 19:00:58.870  1920 11532 D ReflectedParamUpdater: extent() != 1 for single value type: algo.buffers.pool-ids.values
01-05 19:00:58.870  1920 11532 I CCodecConfig: query failed after returning 7 values (BAD_INDEX)
01-05 19:00:58.870  1920 11532 D CCodecConfig: c2 config diff is Dict {
01-05 19:00:58.870  1920 11532 D CCodecConfig:   c2::u32 coded.bitrate.value = 64000
01-05 19:00:58.870  1920 11532 D CCodecConfig:   c2::u32 input.buffers.max-size.value = 32768
01-05 19:00:58.870  1920 11532 D CCodecConfig:   c2::u32 input.delay.value = 0
01-05 19:00:58.870  1920 11532 D CCodecConfig:   string input.media-type.value = "audio/vorbis"
01-05 19:00:58.870  1920 11532 D CCodecConfig:   string output.media-type.value = "audio/raw"
01-05 19:00:58.870  1920 11532 D CCodecConfig:   c2::u32 raw.channel-count.value = 1
01-05 19:00:58.870  1920 11532 D CCodecConfig:   c2::u32 raw.sample-rate.value = 48000
01-05 19:00:58.870  1920 11532 D CCodecConfig: }
01-05 19:00:58.871  1920 11532 D CCodecConfig: no c2 equivalents for durationUs
01-05 19:00:58.871  1920 11532 D CCodecConfig: no c2 equivalents for csd-1
01-05 19:00:58.871  1920 11532 D CCodecConfig: no c2 equivalents for track-id
01-05 19:00:58.871  1920 11532 D CCodecConfig: no c2 equivalents for channel-mask
01-05 19:00:58.871  1920 11532 D CCodecConfig: c2 config diff is   c2::u32 raw.channel-count.value = 2
01-05 19:00:58.871  1920 11532 D CCodecConfig:   c2::u32 raw.sample-rate.value = 44100
01-05 19:00:58.871  1920 11532 W Codec2Client: query -- param skipped: index = 1107298332.
01-05 19:00:58.871  1920 11532 D CCodec  : setup formats input: AMessage(what = 0x00000000) = {
01-05 19:00:58.871  1920 11532 D CCodec  :   int32_t channel-count = 2
01-05 19:00:58.871  1920 11532 D CCodec  :   int32_t max-input-size = 32768
01-05 19:00:58.871  1920 11532 D CCodec  :   string mime = "audio/vorbis"
01-05 19:00:58.871  1920 11532 D CCodec  :   int32_t sample-rate = 44100
01-05 19:00:58.871  1920 11532 D CCodec  : } and output: AMessage(what = 0x00000000) = {
01-05 19:00:58.871  1920 11532 D CCodec  :   int32_t channel-count = 2
01-05 19:00:58.871  1920 11532 D CCodec  :   string mime = "audio/raw"
01-05 19:00:58.871  1920 11532 D CCodec  :   int32_t sample-rate = 44100
01-05 19:00:58.871  1920 11532 D CCodec  :   int32_t channel-mask = 3
01-05 19:00:58.871  1920 11532 D CCodec  : }
01-05 19:00:58.875   855  1186 W TrackingService: attachClient: found client in attached list
01-05 19:00:58.875  8646  8724 E OsSdk   : error getting shared memory region, memory type: HeadTracker, failed with Status(-1, EX_SECURITY): 'requested shared memory region when not registered/focused'
01-05 19:00:58.875   855   855 W TrackingService: attachClient: found client in attached list
01-05 19:00:58.876  8646  8724 E OsSdk   : error getting shared memory region, memory type: AnchorTracker, failed with Status(-1, EX_SECURITY): 'requested shared memory region when not registered/focused'
01-05 19:00:58.877  1249 11178 I CompositorVR: WarpToScreen: Skipping frames for 13
01-05 19:00:58.879  1920 11532 W Codec2Client: query -- param skipped: index = 1342179345.
01-05 19:00:58.879  1920 11532 W Codec2Client: query -- param skipped: index = 2415921170.
01-05 19:00:58.879  1920 11532 D CCodecBufferChannel: [c2.android.vorbis.decoder#965] Created input block pool with allocatorID 16 => poolID 37 - OK (0)
01-05 19:00:58.880   843  1706 D BufferPoolAccessor: bufferpool2 0x303fda8430 : 0(0 size) total buffers - 0(0 size) used buffers - 229/231 (recycle/alloc) - 2/229 (fetch/transfer)
01-05 19:00:58.880   843  1706 D BufferPoolAccessor: Destruction - bufferpool2 0x303fda8430 cached: 0/0M, 0/0% in use; allocs: 231, 99% recycled; transfers: 229, 99% unfetced
01-05 19:00:58.880  3288  3684 I chatty  : uid=10026(com.oculus.systemux) HwBinder:3288_1 expire 2 lines
01-05 19:00:58.881   808  1393 D BufferPoolAccessor: bufferpool2 0xf682cc10 : 0(0 size) total buffers - 0(0 size) used buffers - 8/19 (recycle/alloc) - 11/30 (fetch/transfer)
01-05 19:00:58.881  1920 11532 I CCodecBufferChannel: [c2.android.vorbis.decoder#965] Created output block pool with allocatorID 16 => poolID 92 - OK
01-05 19:00:58.882  1920 11532 D CCodecBufferChannel: [c2.android.vorbis.decoder#965] Configured output block pool ids 92 => OK
01-05 19:00:58.883   808  1393 D BufferPoolAccessor: Destruction - bufferpool2 0xf682cc10 cached: 0/0M, 0/0% in use; allocs: 19, 42% recycled; transfers: 30, 63% unfetced
01-05 19:00:58.884   843 11534 D SimpleC2Component: Using output block pool with poolID 92 => got 92 - 0
01-05 19:00:58.886  1920 11532 D CCodecBufferChannel: [c2.android.vorbis.decoder#965] Discard frames from previous generation.
01-05 19:00:58.888  1249 11178 I CompositorVR: WarpToScreen: Skipping frames for 13
01-05 19:00:58.897  1920 11532 D CCodecBufferChannel: [c2.android.vorbis.decoder#965] Discard frames from previous generation.
01-05 19:00:58.898   843  3705 D BufferPoolAccessor: Destruction - bufferpool2 0x303fd9ca30 cached: 0/0M, 0/0% in use; allocs: 0, 0% recycled; transfers: 0, 0% unfetced
01-05 19:00:58.898   843  3705 V C2Store : in ~ComponentModule
01-05 19:00:58.898   843  3705 V C2Store : unloading dll
01-05 19:00:58.900  1249 11178 I CompositorVR: WarpToScreen: Skipping frames for 13
01-05 19:00:58.910  3288 11304 I chatty  : uid=10026 com.oculus.systemux:SystemUX expire 7 lines
01-05 19:00:58.910  2276  2303 I RPCServer: HandleClientDisconnect: Client: com.oculus.systemux:com.oculus.systemux:SystemUX:3288, Server: com.oculus.presence:com.oculus.presence (PubSubServer)
01-05 19:00:58.911  1249 11178 I CompositorVR: WarpToScreen: Skipping frames for 13
01-05 19:00:58.911  2276  2303 I RPCServer: HandleClientDisconnect: Client: com.oculus.systemux:com.oculus.systemux:SystemUX:3288, Server: com.oculus.presence:com.oculus.presence (PresenceServer)
01-05 19:00:58.911  3288 11304 I RuntimeIPCServiceClient: Shutdown: Refs still outstanding: 2, com.oculus.systemux:SystemUX
01-05 19:00:58.911  3288  3288 D HyperspaceClient: destroy - end
01-05 19:00:58.911  3288  3288 D HyperspaceClient: release instance, refcount: 0
01-05 19:00:58.911  3288  3288 D [SUI] MessengerCallViewModel: released hyperspace client
01-05 19:00:58.911  3288  3288 D [SUI] MessengerCallViewModel: destroyed MessengerCallViewModel
01-05 19:00:58.911  3288  3288 D [SUI] MessengerCallBarViewModel: destroyed MessengerCallBarViewModel
01-05 19:00:58.911  3288  3288 D [SUI] DynamicAppsView: Destroying DynamicAppsView on AUI bar
01-05 19:00:58.911  3288  3288 D [SUI] MessengerCallViewModel: removeObserver
01-05 19:00:58.911  3288  3288 D [SUI] PanelAppBase: Releasing viewModel DynamicAppsViewModel refCount: 0
01-05 19:00:58.911  3288  3288 E [SUI] PanelAppBase: Release ViewModel called on already destroyed ViewModelcom.oculus.panelapp.anytimeui.bar.social.SocialViewModel@b44fd0
01-05 19:00:58.912  3288  3288 D [SUI] DynamicAppsViewModel: Destroying DynamicAppsViewModel
01-05 19:00:58.912  3288  3288 E [SUI] PanelAppBase: Release ViewModel called on already destroyed ViewModelnull
01-05 19:00:58.912  3288  3288 D [SUI] PanelAppBase: Releasing viewModel BarViewModel refCount: 0
01-05 19:00:58.912  3288  3288 D [SUI] BarViewModel: Destroying BarViewModel
01-05 19:00:58.912  3288  3288 E [SUI] PanelAppBase: Release ViewModel called on already destroyed ViewModelcom.oculus.panelapp.anytimeui.bar.social.SocialViewModel@b44fd0
01-05 19:00:58.912  3288  3288 D [SUI] PanelAppBase: Releasing viewModel StatusViewModel refCount: 1
01-05 19:00:58.912  3288  3288 I [SUI] AnytimeUIAndroidPanelApp: Destroyed AUI PanelApp, isInOverlay: true, instanceCount: 0
01-05 19:00:58.912  3288  3288 D [SUI] PanelAppBase: Releasing viewModel StatusViewModel refCount: 0
01-05 19:00:58.912  3288  3288 D [SUI] StatusViewModel: Destroying ViewModel
01-05 19:00:58.913  3288  3288 D [SUI] AirlinkUtils: Destroying AirlinkUtils...
