01-08 22:49:31.618  3064  3209 I [SEO] PanelAppOSLifecycleNotificationManager: Sending frameState isForeground:0 to OS for app com.oculus.systemux/com.oculus.panelapp.anytimeui.AnytimeUIAndroidPanelService
01-08 22:49:31.626  2097  2946 I [OAO] VrPlatformOpenXr: xrPollEvent: received XR_TYPE_EVENT_DATA_REFERENCE_SPACE_CHANGE_PENDING event
01-08 22:49:31.626  2097  2946 I [OAO] VrPlatformOpenXr: xrPollEvent: received XR_TYPE_EVENT_DATA_DISPLAY_REFRESH_RATE_CHANGED_FB event: fromRate 72.000000 -> toRate 90.000000
01-08 22:49:31.626  1890  1997 I Clay    : xrPollEvent: REFERENCE_SPACE_CHANGE_PENDING
01-08 22:49:31.626  3064  3209 I [SEO] ShellEnvHomeController: copresence: received setCollisionShapes
01-08 22:49:31.626  3064  3209 I VrRuntimeClient: UpdateEvents: HMT was mounted
01-08 22:49:31.627  3064 13473 I FenceChecker: FenceChecker::MainLoop - started
01-08 22:49:31.627  2962  3012 I StateMachine: StateMachine::Update ForceShow: forceShowForTime -> ForceShowOnForTime
01-08 22:49:31.630  3064  3209 I OpenXR  : PostSessionStateChange: XR_SESSION_STATE_READY -> XR_SESSION_STATE_SYNCHRONIZED
01-08 22:49:31.630  3064  3209 I [SEO] VrPlatformOpenXr: xrPollEvent: received XR_TYPE_EVENT_DATA_MOUNT_STATE_CHANGED_FB event: isMounted 1
01-08 22:49:31.630  3064  3209 I OpenXR  : PostSessionStateChange: XR_SESSION_STATE_SYNCHRONIZED -> XR_SESSION_STATE_VISIBLE
01-08 22:49:31.630  3064  3209 I OpenXR  : PostSessionStateChange: XR_SESSION_STATE_VISIBLE -> XR_SESSION_STATE_FOCUSED
01-08 22:49:31.630  3064  3209 I [SEO] VrPlatformOpenXr: xrPollEvent: received XR_TYPE_EVENT_DATA_REFERENCE_SPACE_CHANGE_PENDING event
01-08 22:49:31.630  3064  3209 I [SEO] VrPlatformOpenXr: xrPollEvent: received XR_TYPE_EVENT_DATA_DISPLAY_REFRESH_RATE_CHANGED_FB event: fromRate 72.000000 -> toRate 90.000000
01-08 22:49:31.630  3064  3209 I [SEO] VrPlatformOpenXr: xrPollEvent: received XR_TYPE_EVENT_DATA_SESSION_STATE_CHANGED: 3 for session 0x2 at time 7469.797087
01-08 22:49:31.630  3064  3209 I [SEO] VrPlatformOpenXr: Session state changed XR_SESSION_STATE_SYNCHRONIZED
01-08 22:49:31.630  3064  3209 I [SEO] VrPlatformOpenXr: xrPollEvent: received XR_TYPE_EVENT_DATA_SESSION_STATE_CHANGED: 4 for session 0x2 at time 7469.797150
01-08 22:49:31.630  3064  3209 I [SEO] VrPlatformOpenXr: Session state changed XR_SESSION_STATE_VISIBLE
01-08 22:49:31.630  3064  3209 I [SEO] VrPlatformOpenXr: xrPollEvent: received XR_TYPE_EVENT_DATA_SESSION_STATE_CHANGED: 5 for session 0x2 at time 7469.797164
01-08 22:49:31.630  3064  3209 I [SEO] VrPlatformOpenXr: Session state changed XR_SESSION_STATE_FOCUSED
01-08 22:49:31.632  3306  3306 W OVRLibrary: null cursor received for query content://com.oculus.ocms.library/apps/quick_settings_app
01-08 22:49:31.637  3064  3209 I [SEO] ShellApp: HMD Mount State Changed - mounted - duration in prior state 135.774208s
01-08 22:49:31.637  3064  3209 I [SEO] LocalSpace: ResetNextFrame
01-08 22:49:31.637  3064  3209 I [SEO] ShellEnvHomeController: copresence: processing currentCollisionShapes
01-08 22:49:31.637  3064  3209 I [SEO] ShellEnvHomeController: Theaterscreen transform node set for the env size x: 4.660000, y: 2.621250
01-08 22:49:31.637  3064  3209 I [SEO] LocalSpace: New Space: quat(-0.117018, 0.000316, 0.002679, 0.993126), translation(0.000000, 1.432644, 0.000000) - Prior Space: quat(-0.016310, 0.000701, 0.042930, 0.998945), translation(0.000000, 1.408719, 0.000000)
01-08 22:49:31.637  3064  3209 I [SEO] LocalSpace: Local space version from 27 to 28, local space user version from 0 to 0.
01-08 22:49:31.637  3064  3209 I [SEO] SystemTaskBar: Create PanelApp
01-08 22:49:31.637  3064  3209 I [SEO] PanelAppLaunchInfo: PanelAppLaunchInfo componentString:com.oculus.systemux/com.oculus.panelapp.anytimeui.AnytimeUIAndroidPanelService packageName:com.oculus.systemux serviceName:com.oculus.panelapp.anytimeui.AnytimeUIAndroidPanelService componentName:com.oculus.systemux/com.oculus.panelapp.anytimeui.AnytimeUIAndroidPanelService
01-08 22:49:31.637  3064  3209 I [SEO] HostPlatform: Retrieving component launch information for package (com.oculus.systemux) and service (com.oculus.panelapp.anytimeui.AnytimeUIAndroidPanelService)
01-08 22:49:31.642  3064  3209 I [SEO] HostPlatform: Is valid panel service component for package (com.oculus.systemux) and service (com.oculus.panelapp.anytimeui.AnytimeUIAndroidPanelService) - true
01-08 22:49:31.642  3064  3209 I [SEO] ShellApp: CreatePanelApp( com.oculus.systemux/com.oculus.panelapp.anytimeui.AnytimeUIAndroidPanelService )
01-08 22:49:31.642  3064  3209 I [SEO] ShellApp: Environment:
01-08 22:49:31.642  1527  1527 D OculusNotificationListenerService: Notification posted: 0|android|0|com.android.server.wm.AlertWindowNotification - com.oculus.vrshell|1000
01-08 22:49:31.643  3064  3209 I [SEO] PanelAppHost: PanelAppHost constructor, panel 24 (com.oculus.systemux/com.oculus.panelapp.anytimeui.AnytimeUIAndroidPanelService)
01-08 22:49:31.643  3064  3209 I [SEO] PanelAppHost: Panel app 24 (com.oculus.systemux/com.oculus.panelapp.anytimeui.AnytimeUIAndroidPanelService) changing state from startup to foreground
01-08 22:49:31.643  1767  3013 I VrRuntimeService: CreateAndroidSurfaceSwapChain: 1518594617
01-08 22:49:31.644  1767  3013 I VrRuntimeService: CreateAndroidSurfaceSwapChain: 131072 1 32856 65536 65536 1 1 1 0 3
01-08 22:49:31.644  1767  2780 I SwapChain_Surface: CreateAndroidSurfaceSwapChainGLES: 0x79bdd5e000: SurfaceTexture 0x2886 Surface 0x2b22
01-08 22:49:31.644  1767  3013 I VrRuntimeServer: CreateAndroidSurfaceSwapChain: result surface 0x79bdd5e000
01-08 22:49:31.645  2097  2097 D VrNotificationAnalytics: logNotificationPosted: key(0|android|0|com.android.server.wm.AlertWindowNotification - com.oculus.vrshell|1000), type(third_party), isToast(false)
01-08 22:49:31.647  1767  3013 I VrRuntimeService: CreateAndroidSurfaceSwapChain: 1518594617
01-08 22:49:31.647  1767  3013 I VrRuntimeService: CreateAndroidSurfaceSwapChain: 131072 1 32856 65536 65536 1 1 1 0 3
01-08 22:49:31.647  1767  2780 I SwapChain_Surface: CreateAndroidSurfaceSwapChainGLES: 0x79bdd63000: SurfaceTexture 0x2b56 Surface 0x2b66
01-08 22:49:31.647  1767  3013 I VrRuntimeServer: CreateAndroidSurfaceSwapChain: result surface 0x79bdd63000
01-08 22:49:31.647  2097  2097 I [OAO] VrNotificationListenerService: onNotificationPosted() - key = 0|android|0|com.android.server.wm.AlertWindowNotification - com.oculus.vrshell|1000, type = third_party, isToast = false, isBlocked with reason = true Blocked by does not contain all markers for a toast notification
01-08 22:49:31.647  2097  2097 D [OAO] VrBroadcastReceiver: action: com.oculus.vrshell.intent.action.NOTIFICATION_WAKE
01-08 22:49:31.648  3064  3209 I [SEO] PanelAppHost: Passing env var _oc_analytics_session_id = 412dcc8a-f77f-476c-af5f-ce4489a0a1a6
01-08 22:49:31.648  3064  3209 I [SEO] PanelAppHost: Passing env var _oc_userid = 106765628877334
01-08 22:49:31.648  3064  3209 I [SEO] PanelAppHost: Passing env var _oc_shell_version_name = 47.0.0.282.341
01-08 22:49:31.648  3064  3209 I [SEO] PanelAppHost: Passing env var _oc_shell_version_code = 428237138
01-08 22:49:31.648  3064  3209 I [SEO] PanelAppHost: Passing env var _oc_shell_automation_enabled = false
01-08 22:49:31.648  3064  3209 I [SEO] PanelAppHost: Passing env var _oc_shell_view_id_debugging_enabled = false
01-08 22:49:31.648  3064  3209 I [SEO] PanelAppHost: Passing env var _oc_shell_pixel_density = 20
01-08 22:49:31.648  3064  3209 I [SEO] PanelAppHost: Passing env var _oc_shell_render_scale = 1.250000
01-08 22:49:31.648  3064  3209 I [SEO] PanelAppHost: Passing env var _oc_shell_ux_policy = {"panelBackgroundLayerOriginDepths":{"far":0.2,"mid":0.1,"near":0.015}}
01-08 22:49:31.648  3064  3209 I [SEO] PanelAppHost: Passing env var _oc_shell_panel_session_id = 412dcc8a-f77f-476c-af5f-ce4489a0a1a6-24
01-08 22:49:31.648  3064  3209 I [SEO] PanelAppHost: Passing env var _oc_shell_valid_panel_session_ids = ["412dcc8a-f77f-476c-af5f-ce4489a0a1a6-24"]
01-08 22:49:31.648  3064  3209 I [SEO] PanelAppHost: Passing env var _oc_shell_back_navigation_enabled = false
01-08 22:49:31.648  3064  3209 I [SEO] PanelAppHost: Passing env var _oc_shell_feature_sets = appmenu-v1,appmenu-v2,cooperativeState-v2,destinationUi-v2,dragDrop-v1,layerClipping-v1,layerClipping-v2,layerOptions-v1,layerTranslate-v1,multiapp-v1,multiapp-v2,multiapp-v3,multitasking-v1,shellPanelAdaptability-v1,systemActionBackgroundPanels-v1,systemThemeSetting-v1,system-reauth-v1,system-ux-file-picker-v1,vrNotificationsBootLoad-v1,theaterScreen,theaterScreen-v2,recoverInstances-v1,systemThemeSetting-v2,controlBar-v1,copresence-v1,copresenceVersion-v1,vrLibraryAppLock-v1,dragToDesktop-v1
01-08 22:49:31.648  3064  3209 I [SEO] PanelAppHost: Passing env var _oc_launch_timestamp = 7469809
01-08 22:49:31.648  3064  3209 I [SEO] PanelAppHost: Passing env var _oc_shell_host = vrshell
01-08 22:49:31.648  3064  3209 I [SEO] PanelAppHost: Passing env var _oc_shell_panel_id = 24
01-08 22:49:31.648  3064  3209 I [SEO] PanelAppHost: Calling sendPanelLaunchIntent for panel app 24 (com.oculus.systemux/com.oculus.panelapp.anytimeui.AnytimeUIAndroidPanelService)
01-08 22:49:31.648  3064  3209 D [SEO] ShellApplication: sendApkPanelLaunchIntent: packageName=com.oculus.systemux, serviceClassName=com.oculus.panelapp.anytimeui.AnytimeUIAndroidPanelService
01-08 22:49:31.649  3064  3209 D [SEO] PanelAppConnection: getSystemProcessUidForCurrentUser: 'android' systemUid = 1000
01-08 22:49:31.649  3064  3209 D [SEO] ShellApplication: bindService Intent { cmp=com.oculus.systemux/com.oculus.panelapp.anytimeui.AnytimeUIAndroidPanelService }
01-08 22:49:31.651   870 13179 W [CT]    : VEGA:MAP_TRACKING_HM: [Throttled count=23] Bad map tracking: map tracking failed @ Submap id = 2, version = 1140298689 with status: 2
01-08 22:49:31.651   870 13179 W [CT]    : VEGA:MAP_TRACKING_HM: [Throttled count=23] Map tracking did not run.
01-08 22:49:31.655  3064  3209 D [SEO] ShellApplication: notify OS to set com.oculus.systemux/com.oculus.panelapp.anytimeui.AnytimeUIAndroidPanelService to FOREGROUND
01-08 22:49:31.656  3064  3209 I [SEO] DesktopFocusManager: Focused panel changed from 19 to 0
01-08 22:49:31.657  3064  3209 I ClientInputTrackedKeyboardManager: TRACKEDKEYBOARD created PTKServiceClient
01-08 22:49:31.657  3064  3209 I PTKService: PTKServiceClient Init
01-08 22:49:31.657  3064  3209 I ipcLoader_static: RuntimeIPC: Loader: IPC Service API Loader Version: 33 Nov 25 2022 14:17:17
01-08 22:49:31.657  3064  3209 I RuntimeIPCApi: ipc_Initialize
01-08 22:49:31.657  3064  3209 I RuntimeIPCServiceClient: Init: Already initialized: com.oculus.vrshell, 18
01-08 22:49:31.660  2097  2097 D [OAO] VrNotificationService: VrNotificationService onStartCommand() Intent { cmp=com.oculus.vrshell/.VrNotificationService }
01-08 22:49:31.666  3306  3306 W OVRLibrary: null cursor received for query content://com.oculus.ocms.library/apps/com.YourCompany.PrototypeV4
01-08 22:49:31.672  2097  2097 I [OAO] ShellOverlayService: onStartCommand(): Intent { cmp=com.oculus.vrshell/.ShellOverlayService }
01-08 22:49:31.673  3064  3209 I [SEO] InputManager: Adding hand deviceId = 4
01-08 22:49:31.673  3064  3209 I [SEO] ShaderCache: ShaderCache::ShaderCache()
01-08 22:49:31.674  3064  3209 I [SEO] ShaderCache: ShaderCache::compiling PBR shader for featureMask 576
01-08 22:49:31.676  3064  3209 I [SEO] ShaderCache: ShaderCache::ShaderCache()
01-08 22:49:31.676  3064  3209 I [SEO] ShaderCache: ShaderCache::compiling PBR shader for featureMask 576
01-08 22:49:31.678  1767 13195 I CompositorVR: SetSchedFifo( tid=3237, pol=2, pri=0 ) succeeded
01-08 22:49:31.679  3064  3209 I [SEO] InputManager: Adding hand deviceId = 3
01-08 22:49:31.679  3064  3209 I [SEO] ShaderCache: ShaderCache::ShaderCache()
01-08 22:49:31.680  3064  3209 I [SEO] ShaderCache: ShaderCache::compiling PBR shader for featureMask 576
01-08 22:49:31.681  3064  3209 I [SEO] ShaderCache: ShaderCache::ShaderCache()
01-08 22:49:31.682  3064  3209 I [SEO] ShaderCache: ShaderCache::compiling PBR shader for featureMask 576
01-08 22:49:31.684  3064  3209 I [SEO] InputManager: Adding controller deviceId = 2
01-08 22:49:31.684  3306  3306 W OVRLibrary: null cursor received for query content://com.oculus.ocms.library/apps/com.oculus.xrstreamingclient
01-08 22:49:31.684  3064  3209 I [SEO] ModelCache: Load controller model
01-08 22:49:31.685  3064  3209 I [SEO] InputManager: Adding controller deviceId = 1
01-08 22:49:31.685  3064  3209 I [SEO] ModelCache: Load controller model
01-08 22:49:31.686  3064  3209 I [SEO] InputManager: Switching primary device (id -1 to 2).
01-08 22:49:31.686  3064  3209 I [SEO] InputManager: Switching secondary device (id to 1).
01-08 22:49:31.686  3064  3209 I [SEO] SystemUXController: OnReorient(reason: 3)
01-08 22:49:31.688  3064  3209 I [SEO] TelemetryProvider: aui_reorient system 0 0 0 com.oculus.shellenv
01-08 22:49:31.689  1572  1606 I RPCServer: GetServerStatesConfig -> {MaxBufferSize=32768, MaxEntries=64}
01-08 22:49:31.689  3064  3209 I RuntimeIPCClient: GetServerStatesConfig returned maxEntries=64, maxBuffSize=32768
01-08 22:49:31.689  3064  3209 I RuntimeIPCClient: InitServerStateBuffer: SUCCESS. 1, Client: com.oculus.vrshell:com.oculus.vrshell:3064, Server: com.oculus.os.dialoghost:com.oculus.os.dialoghost (DialogHostService)
01-08 22:49:31.689  3064  3209 I [SEO] PanelAppOSLifecycleNotificationManager: Sending frameState isForeground:1 to OS for app com.oculus.systemux/com.oculus.panelapp.anytimeui.AnytimeUIAndroidPanelService
01-08 22:49:31.690  3064  3209 I [SEO] ShellFrameAnalytics: Shell Heartbeat focusedPanelTimeSpent: {"0":22} visibleTimeSpent: {} inputTimeSpent: {"controller":22} inputClickCount: {} mouseMoveTimeSpent: 0 mouseScrollTimeSpent: 0 physicalKeyboardConnectedTimeSpent: 0 physicalKeyboardTrackedTimeSpent: 0 quickActionsMenuActivations: 0 quickActionsMenuTimeSpent: 0 quickActionsMenuSessionLengths: [] quickActionsMenuSelections: {} handTrackingOptIn: 0 handTrackingAutoTransition: 1
01-08 22:49:31.690  3064  3209 I [SEO] LocalSpace: Reset - initialRawFromLocalPose: quat(-0.116512, 0.072635, 0.011193, 0.990466), translation(0.021895, -0.025186, 0.251675)
01-08 22:49:31.690  3064  3209 I [SEO] LocalSpace: Applying VRAPI Reorient, the reorient reason is 3
01-08 22:49:31.690  1767  3207 I VrRuntimeService: RuntimeServiceSDKServer::RecenterLocalSpace
01-08 22:49:31.690  1767  3207 I VrRuntimeService: RuntimeServiceSDKServer::RecenterLocalSpaceInternal
01-08 22:49:31.690  1767  3207 I VrRuntimeServer: UpdateLocalSpace: Src: 2, Version: 57, VersionUser: 0, RawFloorHeightOld: -1.457830, RawFloorHeightNew: -1.457830
01-08 22:49:31.690  1890  1997 I Clay    : EnvironmentSystem: setCurrentEnvironment from '' to 'apk://com.environment.matrixloadingvoid/assets/scene.zip'. Computed visibility: Hidden (reason: LayerRendering)
01-08 22:49:31.690  1890  1997 I Clay    : OpenXR: set refresh-rate: 90.000000Hz
01-08 22:49:31.690  1890  1997 I Clay    : xrPollEvent: REFERENCE_SPACE_CHANGE_PENDING
01-08 22:49:31.693  1890  1997 I Clay    : EnvironmentSystem: computed visibility changed from Hidden to Visible (reason: <none>)
01-08 22:49:31.693  1890  1997 I Clay    : EnvironmentSystem: Loading 'apk://com.environment.matrixloadingvoid/assets/scene.zip' as asset package
01-08 22:49:31.693  3064  3209 I [SEO] VrPlatformOpenXr: xrPollEvent: received XR_TYPE_EVENT_DATA_REFERENCE_SPACE_CHANGE_PENDING event
01-08 22:49:31.697  2962  3012 I GuardianSystem: UpdateSystem: Responding to local space version number change.
01-08 22:49:31.697  2962  3012 I GuardianSurfaceMgr: ForceShowSurfaceBounds: Soft fade out: currentTime 7469.86, ForceShowTime 7470.86, ForceShowFadeTime 7471.86
01-08 22:49:31.697  2962  3012 I GuardianSystem: ForceShowGuardian: false, 1.00
01-08 22:49:31.711  3306  3306 W OVRLibrary: null cursor received for query content://com.oculus.ocms.library/apps/notifications_system_app
01-08 22:49:31.720  3064  3209 I [SEO] LocalSpace: New Space: quat(-0.111550, 0.000268, 0.002388, 0.993756), translation(0.000000, 1.434119, 0.000000) - Prior Space: quat(-0.111550, 0.000268, 0.002388, 0.993756), translation(0.000000, 1.434119, 0.000000)
01-08 22:49:31.720  3064  3209 I [SEO] LocalSpace: Local space version from 28 to 29, local space user version from 0 to 0.
01-08 22:49:31.721  3064  3209 I [SEO] SystemUXController: OnReorient(reason: 3)
01-08 22:49:31.725  3064  3209 I [SEO] TelemetryProvider: aui_reorient system 0 0 0 com.oculus.shellenv
01-08 22:49:31.727  2097  2946 I [OAO] VrPlatformOpenXr: xrPollEvent: received XR_TYPE_EVENT_DATA_REFERENCE_SPACE_CHANGE_PENDING event
01-08 22:49:31.738  3306  3306 W OVRLibrary: null cursor received for query content://com.oculus.ocms.library/apps/com.YourCompany.TemplateProject3
01-08 22:49:31.754  3306  3306 W OVRLibrary: null cursor received for query content://com.oculus.ocms.library/apps/paused_app
01-08 22:49:31.754  1767 13195 I CompositorProgs: [0x7997e38710] Built layerProgram 0:0x100000048002:0x0 in 2.6 ms
01-08 22:49:31.773  1051  1063 I system_server: NativeAlloc concurrent copying GC freed 100975(4413KB) AllocSpace objects, 43(1804KB) LOS objects, 42% free, 12MB/21MB, paused 333us total 355.368ms
01-08 22:49:31.781  3306  3306 W OVRLibrary: null cursor received for query content://com.oculus.ocms.library/apps/com.android.settings
01-08 22:49:31.781  3306  3306 I PanelService: VR Shell socket closed(ECONNRESET); shutting down fd: 52
01-08 22:49:31.781  3306  3306 I PanelService: Quitting application via hardExit flag. Shutting down fd 52.
01-08 22:49:31.795  3306 13476 W OVRLibrary: null cursor received for query content://com.oculus.ocms.library/apps/com.oculus.shellenv
01-08 22:49:31.795  3306  3306 V LifecycleAwareViewModelStore: LifecycleAwareViewModelStore destroyed
01-08 22:49:31.796  3306  3306 V LifecycleAwarePanelApp: PanelApp lifecycle moved to final state: DESTROYED
01-08 22:49:31.796  3306  3306 I AndroidPanelApp: Destroyed
01-08 22:49:31.798  3306  3306 D [SUI] PanelAppBase: Releasing viewModel DynamicAppsViewModel refCount: 1
01-08 22:49:31.798  3306  3306 D [SUI] PanelAppBase: Releasing viewModel SharingViewModel refCount: 0
01-08 22:49:31.798  3306  3306 D [SUI] SharingViewModel: Destroying ViewModel
01-08 22:49:31.799  3306  3306 D [SUI] AbuseReportCaptureUtil: clearAbuseReportRecordingTimer
01-08 22:49:31.799  3306  3306 D [SUI] BarView: Destroying BarView
01-08 22:49:31.799  3306  3306 D [SUI] SocialViewModel: removeObserver(): -$$Lambda$SystemStatusView$hvdttGlyfUmlGZJVTLPJRt2c5Fk
01-08 22:49:31.799  3306  3306 E [SUI] PanelAppBase: Release ViewModel called on already destroyed ViewModelcom.oculus.panelapp.anytimeui.bar.social.SocialViewModel@7033783
01-08 22:49:31.799  3306  3306 D [SUI] PanelAppBase: Releasing viewModel SystemStatusViewModel refCount: 0
01-08 22:49:31.799  3306  3306 D [SUI] PanelAppBase: Releasing viewModel BarViewModel refCount: 1
01-08 22:49:31.799  3306  3306 D [SUI] StatusViewModel: Destroying ViewModel
01-08 22:49:31.800  3306  3306 D [SUI] PanelAppBase: Releasing viewModel ActiveCallBarViewModel refCount: 0
01-08 22:49:31.800  3306  3306 E [SUI] PanelAppBase: Release ViewModel called on already destroyed ViewModelcom.oculus.panelapp.anytimeui.bar.social.SocialViewModel@7033783
01-08 22:49:31.800  3306  3306 I PresenceAPK(ServicePresenceClient): ServicePresenceClient close
01-08 22:49:31.800  3306  3306 I PresenceAPK(GroupManager): removeListener with id SystemCallGroup
01-08 22:49:31.800  3306  3306 I PresenceAPK(ServiceApiManager): onApiNotReady
01-08 22:49:31.800  3306  3306 D PresenceAPK(ServicePresenceClient): Calling onServiceDown
01-08 22:49:31.800  3306  3306 I PresenceAPK(GroupManager): disconnected
01-08 22:49:31.803  3306  3306 D [SUI] MessengerCallViewModel: removeObserver
01-08 22:49:31.803  3306  3306 D [SUI] PanelAppBase: Releasing viewModel MessengerCallViewModel refCount: 0
01-08 22:49:31.803  3306  3306 D HyperspaceClient: destroy - start
01-08 22:49:31.803   870 11756 I [CT]    : INPUT_TRACKING:Behavior:NearHeadMoving: [Left] state transition: TorsoInitialized -> InRange
01-08 22:49:31.806  3306 13239 I RuntimeIPCClientMgr: RuntimeIPCClientMgr::DisconnectFromServer: 0, Client: com.oculus.systemux:com.oculus.systemux:SystemUX:3306, Server: com.oculus.presence:com.oculus.presence (PubSubServer)
01-08 22:49:31.806  2259  2278 I RPCServer: HandleClientDisconnect: Client: com.oculus.systemux:com.oculus.systemux:SystemUX:3306, Server: com.oculus.presence:com.oculus.presence (PubSubServer)
01-08 22:49:31.807  3306 13239 I RuntimeIPCClient: RuntimeIPCClient: Shutdown: Client: com.oculus.systemux:com.oculus.systemux:SystemUX:3306, Server: com.oculus.presence:com.oculus.presence (PubSubServer)
01-08 22:49:31.807  3306 13239 I RuntimeIPCApi: ipc_Shutdown
01-08 22:49:31.807  3306 13239 I RuntimeIPCServiceClient: Shutdown: Refs still outstanding: 3, com.oculus.systemux:SystemUX
01-08 22:49:31.807  3306 13239 I RuntimeIPCClientMgr: RuntimeIPCClientMgr::DisconnectFromServer: 0, Client: com.oculus.systemux:com.oculus.systemux:SystemUX:3306, Server: com.oculus.presence:com.oculus.presence (PresenceServer)
01-08 22:49:31.807  2259  2278 I RPCServer: HandleClientDisconnect: Client: com.oculus.systemux:com.oculus.systemux:SystemUX:3306, Server: com.oculus.presence:com.oculus.presence (PresenceServer)
01-08 22:49:31.807  3306 13239 I RuntimeIPCClient: RuntimeIPCClient: Shutdown: Client: com.oculus.systemux:com.oculus.systemux:SystemUX:3306, Server: com.oculus.presence:com.oculus.presence (PresenceServer)
01-08 22:49:31.807  3306 13239 I RuntimeIPCApi: ipc_Shutdown
01-08 22:49:31.807  3306 13239 I RuntimeIPCServiceClient: Shutdown: Refs still outstanding: 2, com.oculus.systemux:SystemUX
01-08 22:49:31.807  3306  3306 D HyperspaceClient: destroy - end
01-08 22:49:31.807  3306  3306 D HyperspaceClient: release instance, refcount: 0
01-08 22:49:31.807  3306  3306 D [SUI] MessengerCallViewModel: released hyperspace client
01-08 22:49:31.807  3306  3306 D [SUI] MessengerCallViewModel: destroyed MessengerCallViewModel
01-08 22:49:31.807  3306  3306 D [SUI] MessengerCallBarViewModel: destroyed MessengerCallBarViewModel
01-08 22:49:31.807  3306  3306 D [SUI] DynamicAppsView: Destroying DynamicAppsView on AUI bar
01-08 22:49:31.807  3306  3306 D [SUI] MessengerCallViewModel: removeObserver
01-08 22:49:31.807  3306  3306 D [SUI] PanelAppBase: Releasing viewModel DynamicAppsViewModel refCount: 0
01-08 22:49:31.807  3306  3306 E [SUI] PanelAppBase: Release ViewModel called on already destroyed ViewModelcom.oculus.panelapp.anytimeui.bar.social.SocialViewModel@7033783
01-08 22:49:31.808  3306  3306 D [SUI] DynamicAppsViewModel: Destroying DynamicAppsViewModel
01-08 22:49:31.808  3306  3306 E [SUI] PanelAppBase: Release ViewModel called on already destroyed ViewModelnull
01-08 22:49:31.808  3306  3306 D [SUI] PanelAppBase: Releasing viewModel BarViewModel refCount: 0
01-08 22:49:31.808  3306  3306 D [SUI] BarViewModel: Destroying BarViewModel
01-08 22:49:31.808  3306  3306 E [SUI] PanelAppBase: Release ViewModel called on already destroyed ViewModelcom.oculus.panelapp.anytimeui.bar.social.SocialViewModel@7033783
01-08 22:49:31.808  3306  3306 D [SUI] PanelAppBase: Releasing viewModel StatusViewModel refCount: 1
01-08 22:49:31.808  3306  3306 I [SUI] AnytimeUIAndroidPanelApp: Destroyed AUI PanelApp, isInOverlay: true, instanceCount: 0
01-08 22:49:31.808  3306  3306 D [SUI] PanelAppBase: Releasing viewModel StatusViewModel refCount: 0
01-08 22:49:31.808  3306  3306 D [SUI] StatusViewModel: Destroying ViewModel
01-08 22:49:31.809  3306  3306 D [SUI] AirlinkUtils: Destroying AirlinkUtils...
01-08 22:49:31.820  3306  3306 I PresenceAPK(ServicePresenceClient): ServicePresenceClient close
01-08 22:49:31.820  3306  3306 I PresenceAPK(GroupManager): removeListener with id AnchoredHomeGroup
01-08 22:49:31.820  3306  3306 I PresenceAPK(ServiceApiManager): onApiNotReady
01-08 22:49:31.820  3306  3306 D PresenceAPK(ServicePresenceClient): Calling onServiceDown
01-08 22:49:31.820  3306  3306 I PresenceAPK(GroupManager): disconnected
01-08 22:49:31.822  1051  1488 I DisplayManagerService: Display device removed: DisplayDeviceInfo{"com.oculus.android_panel_app.AndroidPanelLayer-#main": uniqueId="virtual:com.oculus.systemux,10026,com.oculus.android_panel_app.AndroidPanelLayer-#main,0", 840 x 110, modeId 118, defaultModeId 118, supportedModes [{id=118, width=840, height=110, fps=60.0}], colorMode 0, supportedColorModes [0], HdrCapabilities null, density 200, 200.0 x 200.0 dpi, appVsyncOff 0, presDeadline 16666666, touch NONE, rotation 0, type VIRTUAL, state OFF, owner com.oculus.systemux (uid 10026), FLAG_PRIVATE, FLAG_NEVER_BLANK, FLAG_OWN_CONTENT_ONLY}
01-08 22:49:31.823  3306  3306 D CppPanelService: onDestroy()
01-08 22:49:31.823  3306  3306 D [SUI] NotificationBroadcastReceiver: action: com.oculus.intent.action.NOTIF_CHANGE
01-08 22:49:31.823  3306  3306 D CppPanelService: PanelService()
01-08 22:49:31.823  3306  3306 D CppPanelService: onCreate()
01-08 22:49:31.823  3306  3306 D CppPanelService: onBind()
01-08 22:49:31.827  1890  1997 I Clay    : EnvironmentSystem::update: setting scene background audio for scene zip 'apk://com.environment.matrixloadingvoid/assets/scene.zip'
01-08 22:49:31.827  1890  1997 I Clay    : EnvironmentAudioSystem::setSceneBackgroundLoop: set scene audio: apk://com.environment.matrixloadingvoid/assets/scene.zip
01-08 22:49:31.827  1890  1997 I Clay    : EnvironmentSystem: Scene loaded
01-08 22:49:31.828  1890  1997 I Clay    : SharedHomeSystem::_onEnvironmentActivated
01-08 22:49:31.828  3064  3064 D [SEO] PanelServiceConnection: onSeviceConnected - component name (ComponentInfo{com.oculus.systemux/com.oculus.panelapp.anytimeui.AnytimeUIAndroidPanelService}), panel app id (24)
01-08 22:49:31.828  3064  3064 D [SEO] ShellApplication: notify OS to set com.oculus.systemux/com.oculus.panelapp.anytimeui.AnytimeUIAndroidPanelService to FOREGROUND
01-08 22:49:31.829  3064  3064 I [SEO] PanelAppConnection: verifyFirstPartyUID(Debug Signatures=false, uid=10026) => apkSignatureResult=SigCertInfo(isTrusted=true, packageNames=[com.oculus.systemux], fingerprint sha1=98a1809f3c3e79170e5df8135b500ecfa39df1be, fingerprint sha256=012f8165c191efe8fb0d6d4606aa4abac14d77d1d97d5340860c9f81045aa157, signature=308205cf308203b7a0030201020204097e91c1300d06092a864886f70d01010b0500308197310b3009060355040613025553311330110603550408130a43616c69666f726e6961311330110603550407130a4d656e6c6f205061726b31233021060355040a131a46616365626f6f6b20546563686e6f6c6f676965732c204c4c4331233021060355040b131a46616365626f6f6b20546563686e6f6c6f676965732c204c4c43311430120603550403130b4f63756c75732041707073301e170d3139303730343131333935315a170d3436313131393131333935315a308197310b3009060355040613025553311330110603550408130a43616c69666f726e6961311330110603550407130a4d656e6c6f205061726b31233021060355040a131a46616365626f6f6b20546563686e6f6c6f676965732c204c4c4331233021060355040b131a46616365626f6f6b20546563686e6f6c6f676965732c204c4c43311430120603550403130b4f63756c7573204170707330820222300d06092a864886f70d01010105000382020f003082020a0282020100b815642a5c201c8da044905dafbb06c05fddb75449cc75a716a0434da0493a52a4d60643532c237e76cb41d2c32a5e4474f12b37f632a809b5a5ceb8c6289ecf828e736b4ec452b1c2757bd0b5ed13eff5a7a47ab2ef6cdf60a8d749e9e8603f30d12b5db8f734c57578a2a4ce5ff5737c1f02c629d2dcb4f82726674663a699de94463ff370fa9eb48158831bf0b68bd6ec84293182d52e860bdd81bb9ce9cdd6a77fea0df25004da34d3cce7a31069646aa4628fba9ccb0952163793be9a4edf49a53f83179c2f44d8c87d6c129e8d590af0f3fced26201ee43b31fccd93b497cd198c5cd1f98d64c4f7ad79ca47278c02652d5dc072a99807e22f473f7bae4da2bafcae48cd49ad55a764b8d39f329f6175eac9074307deff48b1c4a6e19b748766617768c31a17feae8478eb7f9ebfb61af2b9f5a692b636342d7ebc53d7146626b51801b5a0a102e281475decdefb8683d0ca2843dc7aaeb6759bcab0dcba38db44f5d7f797a1c9c02dd159c0e3c72b14dc882d31c24ad8abee4ce0f7f0205e05efef551e2551a61e96636ed5dfd7435d3d24f5a130a12f10452cc954aa770d5d95e3e0cb9d7b05c5506a7947f8ff3437b3d82274fdaa156d85bfb7fbcb4fa5557080fedab86520b71d3d533e7bb3e7e3ebe9712b68e755d700b0afbf7595ffa80a6b3d90bfe599769138ee6515df415e32c0abed2b8e4aea1f47351f490203010001a321301f301d0603551d0e04160414a3c939e6b71c43bc9193f773c0351be1aff311f9300d06092a864886f70d01010b050003820201004e4c865231f2a3583c6af9488ecf9aa96b1ee84e2d7bfad00581537dc70c54ecfcf360e563d018efa4cdd77bf6fc4c9f1a20ebd4215cf1538686d4089bdcc8adb6ae4497ead14b0c18efd52ce93357019973e94e16b3326c60885b1bdc5f9cad1098f16732935876d8d19bda3ceeaaa69a83c4e2231710c6735f88abdfffe3dfa2be3f18f894923441b4e4a9c9664ed6294c16d7c073547063bfdbbefad184a001f1dce2feffdc96d10eb16a3bfbcd382cd297ca3b4edb7ebacd1a9931a1368a5157ceaebbca5b39bd5db5461a340db8ec076d38a94bcdd042bfb51388158ba97a49b631c1762fa746c7bb36eaf15cae23fa993cfb052e824f2ae173ea27b50a6cca91eb955f4faf131514757e5a3ecae9df6d23771279b7742f28fb9ce394eb9e03926f550716f1312355a5efdc479d8347b516cff55cb14307c81280142cacf2fd6562a2baacbfc97869272b1c51abf79121de8bab227e001313d4115eb9b33a332ebb34e290f14b5352ef1038f7a5f3740c9d1136b3526de4331deb4fa529c36a17c04c3e64d4f6ebda73d6e6e18281e3948fd11e685eab6611be1bc62839bce5962715e7f6537e6c083bcd3538d17407b26c850cd6b3f5e2149fdef027a6cfb7ed0f93c928aca14927b10c6a3f104ba1b10413af8b1868b84a004e5ddd065fff26a7bb3c818bb5a2d69aedf9441ef9033efae3ef52282a96f66d4b4ff3f2)
01-08 22:49:31.831  3306  3580 I PanelVerifier: verifyVrShellUID(Debug Signatures=false, uid=10020) => apkSignatureResult=SigCertInfo(isTrusted=true, packageNames=[com.oculus.vrshell], fingerprint sha1=331660b6dd3bd582f3dfd3cbae4546724668a021, fingerprint sha256=dc2f834e3c1942378b14f076c82cd1ab59ea6566bff4730b2047e98efc9f9daf, signature=3082038d30820275a00302010202041303858a300d06092a864886f70d01010b05003077310b3009060355040613025553310b3009060355040813024341311330110603550407130a4d656e6c6f205061726b31173015060355040a130e4f63756c75732056522c204c4c4331173015060355040b130e4f63756c75732056522c204c4c43311430120603550403130b4f63756c75732041707073301e170d3134313033303231343032315a170d3432303331373231343032315a3077310b3009060355040613025553310b3009060355040813024341311330110603550407130a4d656e6c6f205061726b31173015060355040a130e4f63756c75732056522c204c4c4331173015060355040b130e4f63756c75732056522c204c4c43311430120603550403130b4f63756c7573204170707330820122300d06092a864886f70d01010105000382010f003082010a0282010100a34c7fbd96dea95d811f21a0d760cabca85f2df5dbe19b62aca7a3e3e0b6e48f7e173345f2753c458d639cc2e222eeee4cfb5e89ac1c5060044414056709a43a7f1a6f1e4f2c3d708c48912634be08ad6da1fff92d9c0d4b85e4bc8a8b1c27de84c04eb1e6577c10693500af46beaf7bd2ce72a06a46f4e565859f242cecbef1a431ae8096db712cebe73840bacc64de6b99077ba1ca8c20e5d0b4870bd161f087abbf568dfef58e604068ca6f7cdea183c8681c306bc30cb223e7c5ce3a2fcf00d13e158475b3700ef62dcca46c57baecca4d91052e20b861a1a085d5fc8e99aed8c4a9cfd550d01e54ef5062133befcf7f9ea6a5a1d1575a72cd82279f34030203010001a321301f301d0603551d0e04160414ec7ccdaf8ccdc6dd1b87d4b561582ad8ec397b80300d06092a864886f70d01010b0500038201010014c557ecddc17ba8b979618036e7093b8e7307f624644532c31239f4dc83fd9424267ca7670fa9f78689cbc5bfd8a6312fdc214bd159d614a8753ceec0f2b2d9166217895b13c992e1d10ca625a3153dacfa51dbdb7fde139bd59510f5add29f88be3826b445ce7386dcf06577be72fbdf118fa81179091fad275981409e02d40422d8e86df5827a2c496a4b905b4825c3f1ba0af4cf509bf9b0d4d608cf0b4320ac60d1a8cbcc384de24f11a4c93c0fc5b887cbd6855871af1b1ef729c51a8a123efc6a627b6494e81a264587443b9156ad17772863c2f9685fae9c72a552b333f8ef2822bce5d4d178e45b3a8dd4e321924f6a5ba43f732971a9e74cbf0433), time=1 ms
01-08 22:49:31.831  3306  3306 D PanelAppClient: BEGIN: Initializing panel application via MSG_CREATE_PANEL_APP.
01-08 22:49:31.832  3306  3306 I AndroidPanelApp: Created
01-08 22:49:31.832  3306  3306 V LifecycleAwareViewModelStore: LifecycleAwareViewModelStore created
01-08 22:49:31.832  3306  3306 V LifecycleAwarePanelApp: PanelApp initial lifecycle started and moved from state INITIALIZED to state RESUMED
01-08 22:49:31.834  3306  3306 I [SUI] ConsumerConfiguration: Setting SystemUX Configuration and Policy Settings.
01-08 22:49:31.834  3306  3306 D [SUI] StatusViewModel: Constructing ViewModel
01-08 22:49:31.835  3306 13477 D QuickPromotionController: Initialized and enabled.
01-08 22:49:31.835  3306 13477 D QuickPromotionController: Fetching Quick Promotions for all surfaces.
01-08 22:49:31.835  3306 13477 D QuickPromotionController: Initialized and enabled.
01-08 22:49:31.835  3306 13477 D QuickPromotionController: Set access token.
01-08 22:49:31.837  3306 13477 D QuickPromotionController: Fetched Quick Promotions for all surfaces.
01-08 22:49:31.839  3306  3306 I android_os_HwBinder: HwBinder: Starting thread pool for getting: vendor.oculus.hardware.battery@1.0::IBattery/default
01-08 22:49:31.840  3064  3209 I [SEO] ShellEnvHomeController: copresence: received setCollisionShapes
01-08 22:49:31.842  3306  3306 D [SUI] StatusViewModel: Initializing wifi status BroadcastReceiver
01-08 22:49:31.843  3306  3306 D [SUI] StatusViewModel: Initialized wifi status BroadcastReceiver
01-08 22:49:31.849  3064  3209 I [SEO] ShellEnvHomeController: copresence: processing currentCollisionShapes
01-08 22:49:31.849  3064  3209 I [SEO] ShellEnvHomeController: Theaterscreen transform node set for the env size x: 4.660000, y: 2.621250
01-08 22:49:31.854  3306  3306 D [SUI] PanelAppBase: Acquiring viewModel StatusViewModel refCount: 1
01-08 22:49:31.854  3306  3306 D [SUI] AirlinkUtils: Initializing AirlinkUtils...
01-08 22:49:31.855  3306  3306 D [SUI] AirlinkUtils: Initializing wifi status BroadcastReceiver
01-08 22:49:31.856   870 11756 I [CT]    : INPUT_TRACKING:Behavior:NearHeadMoving: [Left] state transition: InRange -> Init
01-08 22:49:31.858   870 11756 I [CT]    : INPUT_TRACKING:Behavior:NearHeadMoving: [Left] state transition: Init -> TorsoInitialized
01-08 22:49:31.860  3306  3306 D OsSdk   : XrspBroker: setALEnabled 0
01-08 22:49:31.860  3306  3306 I [SUI] XrspBrokerHelper: Set AirLink Enabled Secured: 0
01-08 22:49:31.860   905   937 D xrspd   : setALEnabled 0
01-08 22:49:31.860   905   937 D xrspd   : setAlinkEnabledCallback disabled, already using usb, ignoring
01-08 22:49:31.860  3306  3306 I [SUI] AnytimeUIAndroidPanelApp: Creating AUI PanelApp, isInOverlay: false, instanceCount: 1
01-08 22:49:31.862  3306  3306 D [SUI] ActivityManagerUtilsHelper: Enabling the activity listener capability with initial foreground package com.oculus.shellenv
01-08 22:49:31.863  3306  3306 D [SUI] SystemUXBroadcastReceiver: requestCaptureState being sent
01-08 22:49:31.865  3306  3306 D [SUI] SocialViewModel: Constructing ViewModel
01-08 22:49:31.865  3306  3306 D [SUI] DynamicAppsViewModel: Initializing pinned apps
01-08 22:49:31.865  3306  3306 D [SUI] AppStateUtil: Notifying observers com.oculus.explore is pinned=true
01-08 22:49:31.865  3306  3306 D [SUI] AppStateUtil: Notifying observers com.oculus.store is pinned=true
01-08 22:49:31.865  3306  3306 D [SUI] AppStateUtil: Notifying observers messenger_system_app is pinned=true
01-08 22:49:31.865  3306  3306 D [SUI] AppStateUtil: Notifying observers share_system_app is pinned=true
01-08 22:49:31.866  1910  2522 I OVRMediaService: onStartCommand Received message type: com.oculus.horizon.GET_CAPTURE_STATE_ACTION, caller package: no_app_identity, app identify: null
01-08 22:49:31.873  1890 13484 D CCodec  : allocate(c2.android.vorbis.decoder)
01-08 22:49:31.873   858 11017 V C2Store : in init
01-08 22:49:31.873   858 11017 V C2Store : loading dll
01-08 22:49:31.879  1890 13484 I CCodec  : Created component [c2.android.vorbis.decoder]
01-08 22:49:31.879  1890 13484 D CCodecConfig: read media type: audio/vorbis
01-08 22:49:31.881  1890 13484 D ReflectedParamUpdater: extent() != 1 for single value type: algo.buffers.max-count.values
01-08 22:49:31.881  1890 13484 D ReflectedParamUpdater: extent() != 1 for single value type: output.subscribed-indices.values
01-08 22:49:31.881  1890 13484 D ReflectedParamUpdater: extent() != 1 for single value type: input.buffers.allocator-ids.values
01-08 22:49:31.881  1890 13484 D ReflectedParamUpdater: extent() != 1 for single value type: output.buffers.allocator-ids.values
01-08 22:49:31.882  1890 13484 D ReflectedParamUpdater: extent() != 1 for single value type: algo.buffers.allocator-ids.values
01-08 22:49:31.882  1910  2522 I FileCapture: broadcast capture state to AUI running = false, with mode -1
01-08 22:49:31.882  1890 13484 D ReflectedParamUpdater: extent() != 1 for single value type: output.buffers.pool-ids.values
01-08 22:49:31.882  1890 13484 D ReflectedParamUpdater: extent() != 1 for single value type: algo.buffers.pool-ids.values
01-08 22:49:31.883  1890 13484 I CCodecConfig: query failed after returning 7 values (BAD_INDEX)
01-08 22:49:31.883  1890 13484 D CCodecConfig: c2 config diff is Dict {
01-08 22:49:31.883  1890 13484 D CCodecConfig:   c2::u32 coded.bitrate.value = 64000
01-08 22:49:31.883  1890 13484 D CCodecConfig:   c2::u32 input.buffers.max-size.value = 32768
01-08 22:49:31.883  1890 13484 D CCodecConfig:   c2::u32 input.delay.value = 0
01-08 22:49:31.883  1890 13484 D CCodecConfig:   string input.media-type.value = "audio/vorbis"
01-08 22:49:31.883  1890 13484 D CCodecConfig:   string output.media-type.value = "audio/raw"
01-08 22:49:31.883  1890 13484 D CCodecConfig:   c2::u32 raw.channel-count.value = 1
01-08 22:49:31.883  1890 13484 D CCodecConfig:   c2::u32 raw.sample-rate.value = 48000
01-08 22:49:31.883  1890 13484 D CCodecConfig: }
01-08 22:49:31.883  3064  3064 D [SEO] ShellControlBroadcastReceiver: onReceive with MainActivity native pointer 3891871056, action com.oculus.systemactivities.CAPTURE_STATE_UPDATE
01-08 22:49:31.883  3064  3064 D [SEO] ShellControlBroadcastReceiver: isLaunchAction = false, isTrustedAppLaunch = false
01-08 22:49:31.883  3064  3064 D [SEO] ShellControlBroadcastReceiver: IsCaptureStateUpdateAction
01-08 22:49:31.883  1890 13484 D CCodecConfig: no c2 equivalents for durationUs
01-08 22:49:31.883  1890 13484 D CCodecConfig: no c2 equivalents for csd-1
01-08 22:49:31.883  1890 13484 D CCodecConfig: no c2 equivalents for track-id
01-08 22:49:31.883  1890 13484 D CCodecConfig: no c2 equivalents for channel-mask
01-08 22:49:31.884  1890 13484 D CCodecConfig: c2 config diff is   c2::u32 raw.channel-count.value = 2
01-08 22:49:31.884  1890 13484 D CCodecConfig:   c2::u32 raw.sample-rate.value = 44100
01-08 22:49:31.884  1890 13484 W Codec2Client: query -- param skipped: index = 1107298332.
01-08 22:49:31.884  1890 13484 D CCodec  : setup formats input: AMessage(what = 0x00000000) = {
01-08 22:49:31.884  1890 13484 D CCodec  :   int32_t channel-count = 2
01-08 22:49:31.884  1890 13484 D CCodec  :   int32_t max-input-size = 32768
01-08 22:49:31.884  1890 13484 D CCodec  :   string mime = "audio/vorbis"
01-08 22:49:31.884  1890 13484 D CCodec  :   int32_t sample-rate = 44100
01-08 22:49:31.884  1890 13484 D CCodec  : } and output: AMessage(what = 0x00000000) = {
01-08 22:49:31.884  1890 13484 D CCodec  :   int32_t channel-count = 2
01-08 22:49:31.884  1890 13484 D CCodec  :   string mime = "audio/raw"
01-08 22:49:31.884  1890 13484 D CCodec  :   int32_t sample-rate = 44100
01-08 22:49:31.884  1890 13484 D CCodec  :   int32_t channel-mask = 3
01-08 22:49:31.884  1890 13484 D CCodec  : }
01-08 22:49:31.887  2097  2097 D DeviceHelper: isScreenOn = true
01-08 22:49:31.888  2097  2097 D [OAO] ShellOverlayBroadcastReceiver: onReceive with ShellOverlayService native pointer 3891610112, action com.oculus.systemactivities.CAPTURE_STATE_UPDATE
01-08 22:49:31.890   858   858 V C2Store : in ~ComponentModule
01-08 22:49:31.890   858   858 V C2Store : unloading dll
01-08 22:49:31.896  1910  2522 I OVRMediaServiceManager: Metacam is not enabled.
01-08 22:49:31.898  3306  3306 W OVRLibrary: null cursor received for query content://com.oculus.ocms.library/apps/quick_settings_app
01-08 22:49:31.902  3306 13487 D CCodec  : allocate(c2.android.raw.decoder)
01-08 22:49:31.902   858   858 V C2Store : in init
01-08 22:49:31.902   858   858 V C2Store : loading dll
01-08 22:49:31.905  3306 13487 I CCodec  : Created component [c2.android.raw.decoder]
01-08 22:49:31.905  3306 13487 D CCodecConfig: read media type: audio/raw
01-08 22:49:31.907  3306 13487 D ReflectedParamUpdater: extent() != 1 for single value type: algo.buffers.max-count.values
01-08 22:49:31.907  3306 13487 D ReflectedParamUpdater: extent() != 1 for single value type: output.subscribed-indices.values
01-08 22:49:31.907  3306 13487 D ReflectedParamUpdater: extent() != 1 for single value type: input.buffers.allocator-ids.values
01-08 22:49:31.907  3306 13487 D ReflectedParamUpdater: extent() != 1 for single value type: output.buffers.allocator-ids.values
01-08 22:49:31.907  3306 13487 D ReflectedParamUpdater: extent() != 1 for single value type: algo.buffers.allocator-ids.values
01-08 22:49:31.908  3306 13487 D ReflectedParamUpdater: extent() != 1 for single value type: output.buffers.pool-ids.values
01-08 22:49:31.908  3306 13487 D ReflectedParamUpdater: extent() != 1 for single value type: algo.buffers.pool-ids.values
01-08 22:49:31.910  3306 13487 I CCodecConfig: query failed after returning 8 values (BAD_INDEX)
01-08 22:49:31.910  3306 13487 D CCodecConfig: c2 config diff is Dict {
01-08 22:49:31.910  3306 13487 D CCodecConfig:   c2::u32 coded.bitrate.value = 64000
01-08 22:49:31.910  3306 13487 D CCodecConfig:   c2::u32 input.buffers.max-size.value = 65536
01-08 22:49:31.910  3306 13487 D CCodecConfig:   c2::u32 input.delay.value = 0
01-08 22:49:31.910  3306 13487 D CCodecConfig:   string input.media-type.value = "audio/raw"
01-08 22:49:31.910  3306 13487 D CCodecConfig:   string output.media-type.value = "audio/raw"
01-08 22:49:31.910  3306 13487 D CCodecConfig:   c2::u32 raw.channel-count.value = 2
01-08 22:49:31.910  3306 13487 D CCodecConfig:   c2::u32 raw.pcm-encoding.value = 0
01-08 22:49:31.910  3306 13487 D CCodecConfig:   c2::u32 raw.sample-rate.value = 44100
01-08 22:49:31.910  3306 13487 D CCodecConfig: }
01-08 22:49:31.910  3306 13487 D CCodecConfig: no c2 equivalents for durationUs
01-08 22:49:31.910  3306 13487 D CCodecConfig: no c2 equivalents for track-id
01-08 22:49:31.910  3306 13487 D CCodecConfig: no c2 equivalents for bits-per-sample
01-08 22:49:31.910  3306 13487 D CCodecConfig: no c2 equivalents for channel-mask
01-08 22:49:31.911  3306 13487 D CCodecConfig: c2 config diff is   c2::u32 raw.channel-count.value = 1
01-08 22:49:31.911  3306 13487 D CCodecConfig:   c2::u32 raw.sample-rate.value = 48000
01-08 22:49:31.911  3306 13487 W Codec2Client: query -- param skipped: index = 1107298332.
01-08 22:49:31.911  3306 13487 D CCodec  : setup formats input: AMessage(what = 0x00000000) = {
01-08 22:49:31.911  3306 13487 D CCodec  :   int32_t channel-count = 1
01-08 22:49:31.911  3306 13487 D CCodec  :   int32_t max-input-size = 65536
01-08 22:49:31.911  3306 13487 D CCodec  :   string mime = "audio/raw"
01-08 22:49:31.911  3306 13487 D CCodec  :   int32_t pcm-encoding = 2
01-08 22:49:31.911  3306 13487 D CCodec  :   int32_t sample-rate = 48000
01-08 22:49:31.911  3306 13487 D CCodec  : } and output: AMessage(what = 0x00000000) = {
01-08 22:49:31.911  3306 13487 D CCodec  :   int32_t channel-count = 1
01-08 22:49:31.911  3306 13487 D CCodec  :   string mime = "audio/raw"
01-08 22:49:31.911  3306 13487 D CCodec  :   int32_t pcm-encoding = 2
01-08 22:49:31.911  3306 13487 D CCodec  :   int32_t sample-rate = 48000
01-08 22:49:31.911  3306 13487 D CCodec  :   int32_t channel-mask = 0
01-08 22:49:31.911  3306 13487 D CCodec  : }
01-08 22:49:31.911  3306 13487 W Codec2Client: query -- param skipped: index = 1342179345.
01-08 22:49:31.911  3306 13487 W Codec2Client: query -- param skipped: index = 2415921170.
01-08 22:49:31.912  3306 13487 D CCodecBufferChannel: [c2.android.raw.decoder#415] Created input block pool with allocatorID 16 => poolID 29 - OK (0)
01-08 22:49:31.913  3306  3997 D BufferPoolAccessor: bufferpool2 0x7a177a1420 : 0(0 size) total buffers - 0(0 size) used buffers - 0/5 (recycle/alloc) - 4/8 (fetch/transfer)
01-08 22:49:31.913   819  1345 D BufferPoolAccessor: bufferpool2 0xef69a510 : 0(0 size) total buffers - 0(0 size) used buffers - 9/20 (recycle/alloc) - 11/30 (fetch/transfer)
01-08 22:49:31.913  3306  3997 D BufferPoolAccessor: Destruction - bufferpool2 0x7a177a1420 cached: 0/0M, 0/0% in use; allocs: 5, 0% recycled; transfers: 8, 50% unfetced
01-08 22:49:31.913   819  1345 D BufferPoolAccessor: Destruction - bufferpool2 0xef69a510 cached: 0/0M, 0/0% in use; allocs: 20, 45% recycled; transfers: 30, 63% unfetced
01-08 22:49:31.913  3306 13487 I CCodecBufferChannel: [c2.android.raw.decoder#415] Created output block pool with allocatorID 16 => poolID 131 - OK
01-08 22:49:31.913  3306 13487 D CCodecBufferChannel: [c2.android.raw.decoder#415] Configured output block pool ids 131 => OK
01-08 22:49:31.915   858 13488 D SimpleC2Component: Using output block pool with poolID 131 => got 131 - 0
01-08 22:49:31.917   818  4324 D MediaBufferGroup: creating MemoryDealer
01-08 22:49:31.917  3306  3306 W OVRLibrary: null cursor received for query content://com.oculus.ocms.library/apps/com.YourCompany.PrototypeV4
01-08 22:49:31.935   858  5022 D BufferPoolAccessor: Destruction - bufferpool2 0x2da3250030 cached: 0/0M, 0/0% in use; allocs: 0, 0% recycled; transfers: 0, 0% unfetced
01-08 22:49:31.936   858  5022 V C2Store : in ~ComponentModule
01-08 22:49:31.936   858  5022 V C2Store : unloading dll
01-08 22:49:31.945  3306  3306 W OVRLibrary: null cursor received for query content://com.oculus.ocms.library/apps/com.oculus.xrstreamingclient
01-08 22:49:31.945  1890 13490 D CCodec  : allocate(c2.android.vorbis.decoder)
01-08 22:49:31.946   858  5022 V C2Store : in init
01-08 22:49:31.946   858  5022 V C2Store : loading dll
01-08 22:49:31.950  1890 13490 I CCodec  : Created component [c2.android.vorbis.decoder]
01-08 22:49:31.951  1890 13490 D CCodecConfig: read media type: audio/vorbis
01-08 22:49:31.952  1890 13490 D ReflectedParamUpdater: extent() != 1 for single value type: algo.buffers.max-count.values
01-08 22:49:31.952  1890 13490 D ReflectedParamUpdater: extent() != 1 for single value type: output.subscribed-indices.values
01-08 22:49:31.952  1890 13490 D ReflectedParamUpdater: extent() != 1 for single value type: input.buffers.allocator-ids.values
01-08 22:49:31.952  1890 13490 D ReflectedParamUpdater: extent() != 1 for single value type: output.buffers.allocator-ids.values
01-08 22:49:31.952  1890 13490 D ReflectedParamUpdater: extent() != 1 for single value type: algo.buffers.allocator-ids.values
01-08 22:49:31.953  1890 13490 D ReflectedParamUpdater: extent() != 1 for single value type: output.buffers.pool-ids.values
01-08 22:49:31.953  1890 13490 D ReflectedParamUpdater: extent() != 1 for single value type: algo.buffers.pool-ids.values
01-08 22:49:31.954  1890 13490 I CCodecConfig: query failed after returning 7 values (BAD_INDEX)
01-08 22:49:31.954  1890 13490 D CCodecConfig: c2 config diff is Dict {
01-08 22:49:31.954  1890 13490 D CCodecConfig:   c2::u32 coded.bitrate.value = 64000
01-08 22:49:31.954  1890 13490 D CCodecConfig:   c2::u32 input.buffers.max-size.value = 32768
01-08 22:49:31.954  1890 13490 D CCodecConfig:   c2::u32 input.delay.value = 0
01-08 22:49:31.954  1890 13490 D CCodecConfig:   string input.media-type.value = "audio/vorbis"
01-08 22:49:31.954  1890 13490 D CCodecConfig:   string output.media-type.value = "audio/raw"
01-08 22:49:31.954  1890 13490 D CCodecConfig:   c2::u32 raw.channel-count.value = 1
01-08 22:49:31.954  1890 13490 D CCodecConfig:   c2::u32 raw.sample-rate.value = 48000
01-08 22:49:31.954  1890 13490 D CCodecConfig: }
01-08 22:49:31.955  1890 13490 D CCodecConfig: no c2 equivalents for durationUs
01-08 22:49:31.955  1890 13490 D CCodecConfig: no c2 equivalents for csd-1
01-08 22:49:31.955  1890 13490 D CCodecConfig: no c2 equivalents for track-id
01-08 22:49:31.955  1890 13490 D CCodecConfig: no c2 equivalents for channel-mask
01-08 22:49:31.955  1890 13490 D CCodecConfig: c2 config diff is   c2::u32 raw.channel-count.value = 2
01-08 22:49:31.955  1890 13490 D CCodecConfig:   c2::u32 raw.sample-rate.value = 44100
01-08 22:49:31.955  1890 13490 W Codec2Client: query -- param skipped: index = 1107298332.
01-08 22:49:31.955  1890 13490 D CCodec  : setup formats input: AMessage(what = 0x00000000) = {
01-08 22:49:31.955  1890 13490 D CCodec  :   int32_t channel-count = 2
01-08 22:49:31.955  1890 13490 D CCodec  :   int32_t max-input-size = 32768
01-08 22:49:31.955  1890 13490 D CCodec  :   string mime = "audio/vorbis"
01-08 22:49:31.955  1890 13490 D CCodec  :   int32_t sample-rate = 44100
01-08 22:49:31.955  1890 13490 D CCodec  : } and output: AMessage(what = 0x00000000) = {
01-08 22:49:31.955  1890 13490 D CCodec  :   int32_t channel-count = 2
01-08 22:49:31.955  1890 13490 D CCodec  :   string mime = "audio/raw"
01-08 22:49:31.955  1890 13490 D CCodec  :   int32_t sample-rate = 44100
01-08 22:49:31.955  1890 13490 D CCodec  :   int32_t channel-mask = 3
01-08 22:49:31.955  1890 13490 D CCodec  : }
01-08 22:49:31.958  3306  3306 W OVRLibrary: null cursor received for query content://com.oculus.ocms.library/apps/notifications_system_app
01-08 22:49:31.962  1890 13490 W Codec2Client: query -- param skipped: index = 1342179345.
01-08 22:49:31.962  1890 13490 W Codec2Client: query -- param skipped: index = 2415921170.
01-08 22:49:31.962  1890 13490 D CCodecBufferChannel: [c2.android.vorbis.decoder#909] Created input block pool with allocatorID 16 => poolID 47 - OK (0)
01-08 22:49:31.962   858  1733 D BufferPoolAccessor: bufferpool2 0x2da3256430 : 0(0 size) total buffers - 0(0 size) used buffers - 10/12 (recycle/alloc) - 2/11 (fetch/transfer)
01-08 22:49:31.963   858  1733 D BufferPoolAccessor: Destruction - bufferpool2 0x2da3256430 cached: 0/0M, 0/0% in use; allocs: 12, 83% recycled; transfers: 11, 82% unfetced
