01-02 17:23:21.898  1856  1856 D OculusNotificationListenerService: Notification posted: 0|com.oculus.presence|50001|null|10070
01-02 17:23:21.898  2453 17432 I CompositorVR: WarpToScreen: Skipping frames for 10
01-02 17:23:21.899  2586  2610 I RuntimeIPCServerMgr: HandleClientConnect SUCCESS: Client: com.oculus.systemux:com.oculus.systemux:SystemUX:3781, Server: com.oculus.presence:com.oculus.presence (PubSubServer)
01-02 17:23:21.901  2586  2610 I RPCServer: GetServerStatesConfig -> {MaxBufferSize=32768, MaxEntries=64}
01-02 17:23:21.901  3781 17904 I chatty  : uid=10026(com.oculus.systemux) HyperspaceClien expire 2 lines
01-02 17:23:21.901  3781  3781 I chatty  : uid=10026 com.oculus.systemux:SystemUX expire 1 line
01-02 17:23:21.902  3781 17904 I RuntimeIPCClient: TryToGetIPCResourcesFromServer: RPC_CONNECTOR_CONNECT_TO_SERVER SUCCESS: Client: com.oculus.systemux:com.oculus.systemux:SystemUX:3781, Server: com.oculus.presence:com.oculus.presence (PubSubServer)
01-02 17:23:21.902  3781 17904 I RuntimeIPCClient: EnsureServerConnection: SUCCESS. Client: com.oculus.systemux:com.oculus.systemux:SystemUX:3781, Server: com.oculus.presence:com.oculus.presence (PubSubServer)
01-02 17:23:21.902  3781 17904 I RuntimeIPCClientMgr: ConnectToServer: SUCCESS: Client: com.oculus.systemux:com.oculus.systemux:SystemUX:3781, Server: com.oculus.presence:com.oculus.presence (PubSubServer)
01-02 17:23:21.907   860  4170 W TrackingService: attachClient: found client in attached list
01-02 17:23:21.908  3781  3781 D [SUI] AnytimeUIAndroidPanelApp: Stored settings in pref store in 5999323 ns
01-02 17:23:21.908  5504  5606 E OsSdk   : error getting shared memory region, memory type: HeadTracker, failed with Status(-1, EX_SECURITY): 'requested shared memory region when not registered/focused'
01-02 17:23:21.909  3781  3781 I PresenceAPK(ServiceApiManager): Trying to bind to presence service API.
01-02 17:23:21.909  2453 17432 I CompositorVR: WarpToScreen: Skipping frames for 10
01-02 17:23:21.915  3781 17904 D HyperspaceClientJni: initHyperspacePresenceServiceClient finished
01-02 17:23:21.915  3781 17904 D HyperspaceClientJni: initInternal - finish
01-02 17:23:21.915  3781 17904 I HyperspaceClient: Service connection changed: true
01-02 17:23:21.915  3781 17904 D HyperspaceClientJni: initHyperspacePresenceServiceClientCallsInfoChangedCallback
01-02 17:23:21.918  2586  2610 I RPCServer: GetServerStatesConfig -> {MaxBufferSize=32768, MaxEntries=64}
01-02 17:23:21.918  3781 17904 I RuntimeIPCClient: GetServerStatesConfig returned maxEntries=64, maxBuffSize=32768
01-02 17:23:21.918  3781 17904 I RuntimeIPCClient: InitServerStateBuffer: SUCCESS. 2, Client: com.oculus.systemux:com.oculus.systemux:SystemUX:3781, Server: com.oculus.presence:com.oculus.presence (PubSubServer)
01-02 17:23:21.920  2453 17432 I CompositorVR: WarpToScreen: Skipping frames for 10
01-02 17:23:21.923  1022  1043 W InputReader: Device has associated, but no associated display id.
01-02 17:23:21.928  1022  1045 W InputReader: Device has associated, but no associated display id.
01-02 17:23:21.928  1022  1045 I ActivityTaskManager: Override config changes=20005df8 {0.0 ?mcc?mnc ?localeList ?layoutDir sw88dp w672dp h88dp 200dpi nrml long land ?uimode ?night -touch qwerty/v/v -nav/h winConfig={ mBounds=Rect(0, 0 - 840, 110) mAppBounds=Rect(0, 0 - 840, 110) mWindowingMode=fullscreen mDisplayWindowingMode=fullscreen mActivityType=undefined mAlwaysOnTop=undefined mRotation=ROTATION_0}} for displayId=207
01-02 17:23:21.930  3781  3781 D PresenceAPK(PresenceClient): setEventListener id=AnchoredHomeGroup
01-02 17:23:21.930  3781  3781 I PresenceAPK(GroupManager): addListener for id AnchoredHomeGroup
01-02 17:23:21.930  3781  3781 I PanelService: BEGIN: nativeInitializePanelInstance - Configure and set up thread polling.
01-02 17:23:21.930  3781  3781 I PanelService: BEGIN: Call hosted app's Configure method.
01-02 17:23:21.930  3781  3781 I PanelService: END: Call hosted app's Configure method.
01-02 17:23:21.930  3781  3781 I PanelService: END: nativeInitializePanelInstance - Add fd 50 to looper with error code 1
01-02 17:23:21.930  3781  3781 D PanelAppClient: END: Initializing panel application via MSG_CREATE_PANEL_APP.
01-02 17:23:21.931  3781  3781 I [SUI] AnytimeUIAndroidPanelApp: Bar visibility changed to true
01-02 17:23:21.932  3781  3781 I [SUI] AnytimeUIAndroidPanelApp: updateGuardianConfig - 1 - 0.44444448
01-02 17:23:21.932  3781  3781 I [SUI] AnytimeUIAndroidPanelApp: updateGuardianConfig - 2 - 0.21500002
01-02 17:23:21.932  3781  3781 I [SUI] AnytimeUIAndroidPanelApp: updateGuardianConfig - 5 - 0.05
01-02 17:23:21.932  3781  3781 I [SUI] AnytimeUIAndroidPanelApp: updateGuardianConfig - 6 - 0.49999997
01-02 17:23:21.932  3781  3781 I [SUI] AnytimeUIAndroidPanelApp: updateGuardianConfig - 7 - 0.4
01-02 17:23:21.932  3781  3781 I [SUI] AnytimeUIAndroidPanelApp: updateGuardianConfig - 8 - 0.0
01-02 17:23:21.932  3781  3781 I [SUI] AnytimeUIAndroidPanelApp: updateGuardianConfig - 10 - 0.0
01-02 17:23:21.932  3781  3781 I [SUI] AnytimeUIAndroidPanelApp: updateGuardianConfig - 12 - 0.0
01-02 17:23:21.932  2453 17432 I CompositorVR: WarpToScreen: Skipping frames for 10
01-02 17:23:21.932  3781  3781 I [SUI] AnytimeUIAndroidPanelApp: updateGuardianConfig - 13 - 0.5
01-02 17:23:21.932  3781  3781 I [SUI] AnytimeUIAndroidPanelApp: updateGuardianConfig - 14 - 0.0
01-02 17:23:21.932  3781  3781 I [SUI] AnytimeUIAndroidPanelApp: updateGuardianConfig - 15 - 0.0
01-02 17:23:21.932  3781  3781 I [SUI] AnytimeUIAndroidPanelApp: updateGuardianConfig - 16 - 0.0
01-02 17:23:21.932  3781  3781 I [SUI] AnytimeUIAndroidPanelApp: updateGuardianConfig - 17 - 0.0
01-02 17:23:21.932  3781  3781 I [SUI] AnytimeUIAndroidPanelApp: updateGuardianConfig - 18 - 0.5
01-02 17:23:21.932  3781  3781 I [SUI] AnytimeUIAndroidPanelApp: updateGuardianConfig - 19 - 0.0
01-02 17:23:21.932  3781  3781 I [SUI] AnytimeUIAndroidPanelApp: updateGuardianConfig - 20 - 0.0
01-02 17:23:21.932  3781  3781 I [SUI] AnytimeUIAndroidPanelApp: updateGuardianConfig - 21 - 0.0
01-02 17:23:21.932  3781  3781 I [SUI] AnytimeUIAndroidPanelApp: updateGuardianConfig - 22 - 0.0
01-02 17:23:21.932  3781  3781 I [SUI] AnytimeUIAndroidPanelApp: updateGuardianConfig - 23 - 2.0
01-02 17:23:21.932  3781  3781 I [SUI] AnytimeUIAndroidPanelApp: updateGuardianConfig - 24 - 0.25
01-02 17:23:21.932  3781  3781 I [SUI] AnytimeUIAndroidPanelApp: updateGuardianConfig - 26 - 0.0
01-02 17:23:21.932  3781  3781 I [SUI] AnytimeUIAndroidPanelApp: updateGuardianConfig - 28 - 1.0
01-02 17:23:21.932  3781  3781 I AndroidPanelApp: Processing pending hide layer for layer #main.
01-02 17:23:21.932  3781  3781 I AndroidPanelApp: Processing pending show layer info for layer #main with width 840 and height 110.
01-02 17:23:21.932  3781  3781 I AndroidPanelApp: layerSupersample no changes
01-02 17:23:21.932  3781  3781 D PanelAppClient: BEGIN: Initializing panel application via MSG_CREATE_PANEL_APP.
01-02 17:23:21.933  3781  3781 I AndroidPanelApp: Created
01-02 17:23:21.933  3781  3781 V LifecycleAwareViewModelStore: LifecycleAwareViewModelStore created
01-02 17:23:21.933  3781  3781 V LifecycleAwarePanelApp: PanelApp initial lifecycle started and moved from state INITIALIZED to state RESUMED
01-02 17:23:21.935  3781  3781 I [SUI] ConsumerConfiguration: Setting SystemUX Configuration and Policy Settings.
01-02 17:23:21.935  2430  2430 D VrNotificationAnalytics: logNotificationPosted: key(0|com.oculus.presence|50001|null|10070), type(first_party_unspecified), isToast(false)
01-02 17:23:21.935  5504  5585 D xrstreaming: receive ping: org 0 recv 0 xmt 24384195063200 (received at 16098927710000), offset divergence 331139
01-02 17:23:21.935  3781 17886 D NotificationsBadgeLiveData: MessageBadgeData, pullAndCheckNotifs, old data source notif count: 0, oc chats count: 0, messenger count: 0
01-02 17:23:21.935  3781  3781 D [SUI] StatusViewModel: Constructing ViewModel
01-02 17:23:21.936  2205 17902 W Codec2Client: query -- param skipped: index = 1342179345.
01-02 17:23:21.936  2205 17902 W Codec2Client: query -- param skipped: index = 2415921170.
01-02 17:23:21.936  3781 17911 D QuickPromotionController: Initialized and enabled.
01-02 17:23:21.936  3781 17911 D QuickPromotionController: Fetching Quick Promotions for all surfaces.
01-02 17:23:21.936  3781 17911 D QuickPromotionController: Initialized and enabled.
01-02 17:23:21.936  3781 17911 D QuickPromotionController: Set access token.
01-02 17:23:21.937  2205 17902 D CCodecBufferChannel: [c2.android.vorbis.decoder#448] Created input block pool with allocatorID 16 => poolID 42 - OK (0)
01-02 17:23:21.937  3199  3427 I [SEO] PanelRenderLayer: ResetSurface #main 0 x 0 - shape:0 stereo:0
01-02 17:23:21.937  3199  3427 I [SEO] PanelAppHost: Setting panel layer visibility of layer "#main" to invisible, panel 25 (com.oculus.systemux/com.oculus.panelapp.anytimeui.AnytimeUIAndroidPanelService)
01-02 17:23:21.937  3199  3427 I [SEO] PanelAppHost: Resize layer #main to size 840 x 110 shape: 1 stereo: 0, panel 25 (com.oculus.systemux/com.oculus.panelapp.anytimeui.AnytimeUIAndroidPanelService)
01-02 17:23:21.937  3199  3427 I [SEO] PanelRenderLayer: ResetSurface #main 840 x 110 - shape:1 stereo:0
01-02 17:23:21.938  3781 17911 D QuickPromotionController: Fetched Quick Promotions for all surfaces.
01-02 17:23:21.938  3199  3290 W REFLECT : RuntimeIPC: !IsClientValid: MarkerEnd
01-02 17:23:21.938  3199  3290 E QplClient: (com.oculus.vrshell) MarkerEnd failed!
01-02 17:23:21.940  2205 17902 I CCodecBufferChannel: [c2.android.vorbis.decoder#448] Created output block pool with allocatorID 16 => poolID 150 - OK
01-02 17:23:21.940  2205 17902 D CCodecBufferChannel: [c2.android.vorbis.decoder#448] Configured output block pool ids 150 => OK
01-02 17:23:21.941  3781  3781 I android_os_HwBinder: HwBinder: Starting thread pool for getting: vendor.oculus.hardware.battery@1.0::IBattery/default
01-02 17:23:21.943  2453 17432 I CompositorVR: WarpToScreen: Skipping frames for 10
01-02 17:23:21.945  3781  3781 D [SUI] StatusViewModel: Initializing wifi status BroadcastReceiver
01-02 17:23:21.945   835 17903 D SimpleC2Component: Using output block pool with poolID 150 => got 150 - 0
01-02 17:23:21.945  3781  3781 D [SUI] StatusViewModel: Initialized wifi status BroadcastReceiver
01-02 17:23:21.950  3781  3781 D [SUI] PanelAppBase: Acquiring viewModel StatusViewModel refCount: 1
01-02 17:23:21.950  3781  3781 D [SUI] AirlinkUtils: Initializing AirlinkUtils...
01-02 17:23:21.951  3781  3781 D [SUI] AirlinkUtils: Initializing wifi status BroadcastReceiver
01-02 17:23:21.952  5504  5606 E OsSdk   : error getting shared memory region, memory type: HeadTracker, failed with Status(-1, EX_SECURITY): 'requested shared memory region when not registered/focused'
01-02 17:23:21.953  2430  2430 I [OAO] VrNotificationListenerService: onNotificationPosted() - key = 0|com.oculus.presence|50001|null|10070, type = first_party_unspecified, isToast = false, isBlocked with reason = true Blocked by does not contain all markers for a toast notification
01-02 17:23:21.954  2453 17432 I CompositorVR: WarpToScreen: Skipping frames for 10
01-02 17:23:21.957  3781  3781 I [SUI] AnytimeUIAndroidPanelApp: Creating AUI PanelApp, isInOverlay: true, instanceCount: 2
01-02 17:23:21.962  3781  3781 D [SUI] ActivityManagerUtilsHelper: Enabling the activity listener capability with initial foreground package com.oculus.shellenv
01-02 17:23:21.963  3781  3781 D [SUI] SystemUXBroadcastReceiver: requestCaptureState being sent
01-02 17:23:21.965  2453 17432 I CompositorVR: WarpToScreen: Skipping frames for 10
01-02 17:23:21.966  3781  3781 D [SUI] SocialViewModel: Constructing ViewModel
01-02 17:23:21.966  3781  3781 D [SUI] DynamicAppsViewModel: Initializing pinned apps
01-02 17:23:21.966  3781  3781 D [SUI] AppStateUtil: Notifying observers com.oculus.explore is pinned=true
01-02 17:23:21.966  3781  3781 D [SUI] AppStateUtil: Notifying observers com.oculus.store is pinned=true
01-02 17:23:21.967  3781  3781 D [SUI] AppStateUtil: Notifying observers messenger_system_app is pinned=true
01-02 17:23:21.967  3781  3781 D [SUI] AppStateUtil: Notifying observers share_system_app is pinned=true
01-02 17:23:21.967  2272  2395 I OVRMediaService: onStartCommand Received message type: com.oculus.horizon.GET_CAPTURE_STATE_ACTION, caller package: no_app_identity, app identify: null
01-02 17:23:21.974  2430  2430 D VrNotificationAnalytics: logNotificationPosted: key(0|com.oculus.presence|50001|null|10070), type(first_party_unspecified), isToast(false)
01-02 17:23:21.974  2430  2430 I [OAO] VrNotificationListenerService: onNotificationPosted() - key = 0|com.oculus.presence|50001|null|10070, type = first_party_unspecified, isToast = false, isBlocked with reason = true Blocked by does not contain all markers for a toast notification
01-02 17:23:21.976  2453 17432 I CompositorVR: WarpToScreen: Skipping frames for 10
01-02 17:23:21.977  2430  2430 D [OAO] VrBroadcastReceiver: action: com.oculus.vrshell.intent.action.NOTIFICATION_WAKE
01-02 17:23:21.983  2430  2430 D [OAO] VrNotificationService: VrNotificationService onStartCommand() Intent { cmp=com.oculus.vrshell/.VrNotificationService }
01-02 17:23:21.984  3781  3781 W OVRLibrary: null cursor received for query content://com.oculus.ocms.library/apps/com.YourCompany.PrototypeV4
01-02 17:23:21.987  2430  2430 D [OAO] VrBroadcastReceiver: action: com.oculus.vrshell.intent.action.NOTIFICATION_WAKE
01-02 17:23:21.987  2453 17432 I CompositorVR: WarpToScreen: Skipping frames for 10
01-02 17:23:21.993  5504  5606 E OsSdk   : error getting shared memory region, memory type: HeadTracker, failed with Status(-1, EX_SECURITY): 'requested shared memory region when not registered/focused'
01-02 17:23:21.998  2453 17432 I CompositorVR: WarpToScreen: Skipping frames for 10
01-02 17:23:22.002  2205 17902 D CCodecBufferChannel: [c2.android.vorbis.decoder#448] Discard frames from previous generation.
01-02 17:23:22.003  2205 17902 D CCodecBufferChannel: [c2.android.vorbis.decoder#448] Discard frames from previous generation.
01-02 17:23:22.003  5504  5606 E OsSdk   : error getting shared memory region, memory type: AnchorTracker, failed with Status(-1, EX_SECURITY): 'requested shared memory region when not registered/focused'
01-02 17:23:22.006  2430  2430 D [OAO] VrNotificationService: VrNotificationService onStartCommand() Intent { cmp=com.oculus.vrshell/.VrNotificationService }
01-02 17:23:22.009 17613 17708 I VrApi   : FPS=72/72,Prd=48ms,Tear=0,Early=72,Stale=0,VSnc=1,Lat=1,Fov=0,CPU4/GPU=4/4,2419/525MHz,OC=FF,TA=0/F/F,SP=N/N/N,Mem=2092MHz,Free=2084MB,PLS=0,Temp=26.0C/0.0C,TW=3.83ms,App=3.50ms,GD=0.12ms,CPU&GPU=8.43ms,LCnt=3(DR0,LM0),GPU%=0.70,CPU%=0.30(W0.33),DSF=1.00,CFL=19.56/21.43
01-02 17:23:22.010  2453 17432 I CompositorVR: WarpToScreen: Skipping frames for 10
01-02 17:23:22.010  3781 17924 D CCodec  : allocate(c2.android.raw.decoder)
01-02 17:23:22.011   835  4075 V C2Store : in init
01-02 17:23:22.011   835  4075 V C2Store : loading dll
01-02 17:23:22.014   835  1827 V C2Store : in ~ComponentModule
01-02 17:23:22.014   835  1827 V C2Store : unloading dll
01-02 17:23:22.014  3199  3199 D [SEO] ShellControlBroadcastReceiver: onReceive with MainActivity native pointer 3762388256, action com.oculus.systemactivities.CAPTURE_STATE_UPDATE
01-02 17:23:22.014  3199  3199 D [SEO] ShellControlBroadcastReceiver: isLaunchAction = false, isTrustedAppLaunch = false
01-02 17:23:22.014  3199  3199 D [SEO] ShellControlBroadcastReceiver: IsCaptureStateUpdateAction
01-02 17:23:22.014  2272  2395 I FileCapture: broadcast capture state to AUI running = false, with mode -1
01-02 17:23:22.015  3781 17924 I CCodec  : Created component [c2.android.raw.decoder]
01-02 17:23:22.016  3781 17924 D CCodecConfig: read media type: audio/raw
01-02 17:23:22.018  3781 17924 D ReflectedParamUpdater: extent() != 1 for single value type: algo.buffers.max-count.values
01-02 17:23:22.018  3781 17924 D ReflectedParamUpdater: extent() != 1 for single value type: output.subscribed-indices.values
01-02 17:23:22.018  3781 17924 D ReflectedParamUpdater: extent() != 1 for single value type: input.buffers.allocator-ids.values
01-02 17:23:22.018  3781 17924 D ReflectedParamUpdater: extent() != 1 for single value type: output.buffers.allocator-ids.values
01-02 17:23:22.018  3781 17924 D ReflectedParamUpdater: extent() != 1 for single value type: algo.buffers.allocator-ids.values
01-02 17:23:22.018  3781 17924 D ReflectedParamUpdater: extent() != 1 for single value type: output.buffers.pool-ids.values
01-02 17:23:22.018  3781 17924 D ReflectedParamUpdater: extent() != 1 for single value type: algo.buffers.pool-ids.values
01-02 17:23:22.020  3781 17924 I CCodecConfig: query failed after returning 8 values (BAD_INDEX)
01-02 17:23:22.020  3781 17924 D CCodecConfig: c2 config diff is Dict {
01-02 17:23:22.020  3781 17924 D CCodecConfig:   c2::u32 coded.bitrate.value = 64000
01-02 17:23:22.020  3781 17924 D CCodecConfig:   c2::u32 input.buffers.max-size.value = 65536
01-02 17:23:22.020  3781 17924 D CCodecConfig:   c2::u32 input.delay.value = 0
01-02 17:23:22.020  3781 17924 D CCodecConfig:   string input.media-type.value = "audio/raw"
01-02 17:23:22.020  3781 17924 D CCodecConfig:   string output.media-type.value = "audio/raw"
01-02 17:23:22.020  3781 17924 D CCodecConfig:   c2::u32 raw.channel-count.value = 2
01-02 17:23:22.020  3781 17924 D CCodecConfig:   c2::u32 raw.pcm-encoding.value = 0
01-02 17:23:22.020  3781 17924 D CCodecConfig:   c2::u32 raw.sample-rate.value = 44100
01-02 17:23:22.020  3781 17924 D CCodecConfig: }
01-02 17:23:22.020  3781 17924 D CCodecConfig: no c2 equivalents for durationUs
01-02 17:23:22.020  3781 17924 D CCodecConfig: no c2 equivalents for track-id
01-02 17:23:22.020  3781 17924 D CCodecConfig: no c2 equivalents for bits-per-sample
01-02 17:23:22.020  3781 17924 D CCodecConfig: no c2 equivalents for channel-mask
01-02 17:23:22.021  2453 17432 I CompositorVR: WarpToScreen: Skipping frames for 10
01-02 17:23:22.021  2430  2430 D DeviceHelper: isScreenOn = true
01-02 17:23:22.021  3781 17924 D CCodecConfig: c2 config diff is   c2::u32 raw.channel-count.value = 1
01-02 17:23:22.021  3781 17924 D CCodecConfig:   c2::u32 raw.sample-rate.value = 48000
01-02 17:23:22.021  2430  2430 D [OAO] ShellOverlayBroadcastReceiver: onReceive with ShellOverlayService native pointer 3762130880, action com.oculus.systemactivities.CAPTURE_STATE_UPDATE
01-02 17:23:22.021  3781 17924 W Codec2Client: query -- param skipped: index = 1107298332.
01-02 17:23:22.021  3781 17924 D CCodec  : setup formats input: AMessage(what = 0x00000000) = {
01-02 17:23:22.021  3781 17924 D CCodec  :   int32_t channel-count = 1
01-02 17:23:22.021  3781 17924 D CCodec  :   int32_t max-input-size = 65536
01-02 17:23:22.021  3781 17924 D CCodec  :   string mime = "audio/raw"
01-02 17:23:22.021  3781 17924 D CCodec  :   int32_t pcm-encoding = 2
01-02 17:23:22.021  3781 17924 D CCodec  :   int32_t sample-rate = 48000
01-02 17:23:22.021  3781 17924 D CCodec  : } and output: AMessage(what = 0x00000000) = {
01-02 17:23:22.021  3781 17924 D CCodec  :   int32_t channel-count = 1
01-02 17:23:22.021  3781 17924 D CCodec  :   string mime = "audio/raw"
01-02 17:23:22.021  3781 17924 D CCodec  :   int32_t pcm-encoding = 2
01-02 17:23:22.021  3781 17924 D CCodec  :   int32_t sample-rate = 48000
01-02 17:23:22.021  3781 17924 D CCodec  :   int32_t channel-mask = 0
01-02 17:23:22.021  3781 17924 D CCodec  : }
01-02 17:23:22.024  3781 17924 W Codec2Client: query -- param skipped: index = 1342179345.
01-02 17:23:22.024  3781 17924 W Codec2Client: query -- param skipped: index = 2415921170.
01-02 17:23:22.024  3781 17924 D CCodecBufferChannel: [c2.android.raw.decoder#584] Created input block pool with allocatorID 16 => poolID 25 - OK (0)
01-02 17:23:22.028  3781  3781 W OVRLibrary: null cursor received for query content://com.oculus.ocms.library/apps/com.oculus.xrstreamingclient
01-02 17:23:22.028  3781 17924 I CCodecBufferChannel: [c2.android.raw.decoder#584] Created output block pool with allocatorID 16 => poolID 151 - OK
01-02 17:23:22.028  3781 17924 D CCodecBufferChannel: [c2.android.raw.decoder#584] Configured output block pool ids 151 => OK
01-02 17:23:22.031  2272  2395 I OVRMediaServiceManager: Metacam is not enabled.
01-02 17:23:22.032  2453 17432 I CompositorVR: WarpToScreen: Skipping frames for 10
01-02 17:23:22.033   835 17925 D SimpleC2Component: Using output block pool with poolID 151 => got 151 - 0
01-02 17:23:22.042   811   997 D MediaBufferGroup: creating MemoryDealer
01-02 17:23:22.043  2453 17432 I CompositorVR: WarpToScreen: Skipping frames for 10
01-02 17:23:22.048  5504  5606 E OsSdk   : error getting shared memory region, memory type: HeadTracker, failed with Status(-1, EX_SECURITY): 'requested shared memory region when not registered/focused'
01-02 17:23:22.054  2453 17432 I CompositorVR: WarpToScreen: Skipping frames for 10
01-02 17:23:22.054   835  4075 D BufferPoolAccessor: Destruction - bufferpool2 0x2c2668ac30 cached: 0/0M, 0/0% in use; allocs: 0, 0% recycled; transfers: 0, 0% unfetced
01-02 17:23:22.055   835  4075 V C2Store : in ~ComponentModule
01-02 17:23:22.055   835  4075 V C2Store : unloading dll
01-02 17:23:22.057  3781  3781 W OVRLibrary: null cursor received for query content://com.oculus.ocms.library/apps/com.YourCompany.TemplateProject3
01-02 17:23:22.062  2205 17927 D CCodec  : allocate(c2.android.vorbis.decoder)
01-02 17:23:22.063   835  4075 V C2Store : in init
01-02 17:23:22.063   835  4075 V C2Store : loading dll
01-02 17:23:22.065  2453 17432 I CompositorVR: WarpToScreen: Skipping frames for 10
01-02 17:23:22.067  2205 17927 I CCodec  : Created component [c2.android.vorbis.decoder]
01-02 17:23:22.067  2205 17927 D CCodecConfig: read media type: audio/vorbis
01-02 17:23:22.070  2205 17927 D ReflectedParamUpdater: extent() != 1 for single value type: algo.buffers.max-count.values
01-02 17:23:22.071  2205 17927 D ReflectedParamUpdater: extent() != 1 for single value type: output.subscribed-indices.values
01-02 17:23:22.071  2205 17927 D ReflectedParamUpdater: extent() != 1 for single value type: input.buffers.allocator-ids.values
01-02 17:23:22.071  2205 17927 D ReflectedParamUpdater: extent() != 1 for single value type: output.buffers.allocator-ids.values
01-02 17:23:22.071  2205 17927 D ReflectedParamUpdater: extent() != 1 for single value type: algo.buffers.allocator-ids.values
01-02 17:23:22.071  2205 17927 D ReflectedParamUpdater: extent() != 1 for single value type: output.buffers.pool-ids.values
01-02 17:23:22.071  2205 17927 D ReflectedParamUpdater: extent() != 1 for single value type: algo.buffers.pool-ids.values
01-02 17:23:22.072  2205 17927 I CCodecConfig: query failed after returning 7 values (BAD_INDEX)
01-02 17:23:22.072  2205 17927 D CCodecConfig: c2 config diff is Dict {
01-02 17:23:22.072  2205 17927 D CCodecConfig:   c2::u32 coded.bitrate.value = 64000
01-02 17:23:22.072  2205 17927 D CCodecConfig:   c2::u32 input.buffers.max-size.value = 32768
01-02 17:23:22.072  2205 17927 D CCodecConfig:   c2::u32 input.delay.value = 0
01-02 17:23:22.072  2205 17927 D CCodecConfig:   string input.media-type.value = "audio/vorbis"
01-02 17:23:22.072  2205 17927 D CCodecConfig:   string output.media-type.value = "audio/raw"
01-02 17:23:22.072  2205 17927 D CCodecConfig:   c2::u32 raw.channel-count.value = 1
01-02 17:23:22.072  2205 17927 D CCodecConfig:   c2::u32 raw.sample-rate.value = 48000
01-02 17:23:22.072  2205 17927 D CCodecConfig: }
01-02 17:23:22.072  2205 17927 D CCodecConfig: no c2 equivalents for durationUs
01-02 17:23:22.072  2205 17927 D CCodecConfig: no c2 equivalents for csd-1
01-02 17:23:22.072  2205 17927 D CCodecConfig: no c2 equivalents for track-id
01-02 17:23:22.072  2205 17927 D CCodecConfig: no c2 equivalents for channel-mask
01-02 17:23:22.072  2205 17927 D CCodecConfig: c2 config diff is   c2::u32 raw.channel-count.value = 2
01-02 17:23:22.072  2205 17927 D CCodecConfig:   c2::u32 raw.sample-rate.value = 44100
01-02 17:23:22.073  2205 17927 W Codec2Client: query -- param skipped: index = 1107298332.
01-02 17:23:22.073  2205 17927 D CCodec  : setup formats input: AMessage(what = 0x00000000) = {
01-02 17:23:22.073  2205 17927 D CCodec  :   int32_t channel-count = 2
01-02 17:23:22.073  2205 17927 D CCodec  :   int32_t max-input-size = 32768
01-02 17:23:22.073  2205 17927 D CCodec  :   string mime = "audio/vorbis"
01-02 17:23:22.073  2205 17927 D CCodec  :   int32_t sample-rate = 44100
01-02 17:23:22.073  2205 17927 D CCodec  : } and output: AMessage(what = 0x00000000) = {
01-02 17:23:22.073  2205 17927 D CCodec  :   int32_t channel-count = 2
01-02 17:23:22.073  2205 17927 D CCodec  :   string mime = "audio/raw"
01-02 17:23:22.073  2205 17927 D CCodec  :   int32_t sample-rate = 44100
01-02 17:23:22.073  2205 17927 D CCodec  :   int32_t channel-mask = 3
01-02 17:23:22.073  2205 17927 D CCodec  : }
01-02 17:23:22.076  2453 17432 I CompositorVR: WarpToScreen: Skipping frames for 10
01-02 17:23:22.081   835  4075 V C2Store : in ~ComponentModule
01-02 17:23:22.081   835  4075 V C2Store : unloading dll
01-02 17:23:22.083  3781  3781 W OVRLibrary: null cursor received for query content://com.oculus.ocms.library/apps/quick_settings_app
01-02 17:23:22.087  2453 17432 I CompositorVR: WarpToScreen: Skipping frames for 10
01-02 17:23:22.089  1796 17910 W ContextImpl: Calling a method in the system process without a qualified user: android.app.ContextImpl.sendBroadcast:1057 android.content.ContextWrapper.sendBroadcast:448 X.np.A00:133 X.no.A00:17 X.no.handleMessage:80 
01-02 17:23:22.092   860  4170 I chatty  : uid=1000(system) Binder:860_3 identical 5 lines
01-02 17:23:22.093  5504  5606 E OsSdk   : error getting shared memory region, memory type: HeadTracker, failed with Status(-1, EX_SECURITY): 'requested shared memory region when not registered/focused'
01-02 17:23:22.099  2453 17432 I CompositorVR: WarpToScreen: Skipping frames for 10
01-02 17:23:22.101  3781  3781 W OVRLibrary: null cursor received for query content://com.oculus.ocms.library/apps/notifications_system_app
01-02 17:23:22.110  2453 17432 I CompositorVR: WarpToScreen: Skipping frames for 10
01-02 17:23:22.121  2453 17432 I CompositorVR: WarpToScreen: Skipping frames for 10
01-02 17:23:22.123  3781  3781 W OVRLibrary: null cursor received for query content://com.oculus.ocms.library/apps/paused_app
01-02 17:23:22.132  2453 17432 I CompositorVR: WarpToScreen: Skipping frames for 10
01-02 17:23:22.137   860  4170 W TrackingService: attachClient: found client in attached list
01-02 17:23:22.138  3781  3781 W OVRLibrary: null cursor received for query content://com.oculus.ocms.library/apps/com.android.settings
01-02 17:23:22.138  3781  3781 D [SUI] PanelAppBase: Acquiring viewModel DynamicAppsViewModel refCount: 1
01-02 17:23:22.138  3781  3781 D [SUI] SharingViewModel: Constructing ViewModel
01-02 17:23:22.138  5504  5606 E OsSdk   : error getting shared memory region, memory type: HeadTracker, failed with Status(-1, EX_SECURITY): 'requested shared memory region when not registered/focused'
01-02 17:23:22.140  3781  3781 D [SUI] AbuseReportCaptureUtil: clearAbuseReportRecordingTimer
01-02 17:23:22.140  2272  2666 I OVRMediaService: onStartCommand Received message type: com.oculus.horizon.GET_CAPTURE_STATE_ACTION, caller package: no_app_identity, app identify: null
01-02 17:23:22.141  3781  3781 D [SUI] PanelAppBase: Acquiring viewModel SharingViewModel refCount: 1
01-02 17:23:22.141  3781  3781 I AndroidPanelApp: HideLayer(#main, shape: 1, shouldMinimizeLayer: false)
01-02 17:23:22.143  2453 17432 I CompositorVR: WarpToScreen: Skipping frames for 10
01-02 17:23:22.145  1022  3302 I DisplayManagerService: Display device added: DisplayDeviceInfo{"com.oculus.android_panel_app.AndroidPanelLayer-#main": uniqueId="virtual:com.oculus.systemux,10026,com.oculus.android_panel_app.AndroidPanelLayer-#main,1", 840 x 1250, modeId 269, defaultModeId 269, supportedModes [{id=269, width=840, height=1250, fps=60.0}], colorMode 0, supportedColorModes [0], HdrCapabilities null, density 200, 200.0 x 200.0 dpi, appVsyncOff 0, presDeadline 16666666, touch NONE, rotation 0, type VIRTUAL, state OFF, owner com.oculus.systemux (uid 10026), FLAG_PRIVATE, FLAG_NEVER_BLANK, FLAG_OWN_CONTENT_ONLY}
01-02 17:23:22.154  2453 17432 I CompositorVR: WarpToScreen: Skipping frames for 10
01-02 17:23:22.163  2205 17930 D CCodec  : allocate(c2.android.vorbis.decoder)
01-02 17:23:22.163   835  4075 V C2Store : in init
01-02 17:23:22.163   835  4075 V C2Store : loading dll
01-02 17:23:22.165  2453 17432 I CompositorVR: WarpToScreen: Skipping frames for 10
01-02 17:23:22.167  2205 17930 I CCodec  : Created component [c2.android.vorbis.decoder]
01-02 17:23:22.167  2205 17930 D CCodecConfig: read media type: audio/vorbis
01-02 17:23:22.170  2205 17930 D ReflectedParamUpdater: extent() != 1 for single value type: algo.buffers.max-count.values
01-02 17:23:22.170  3781  3781 D [SUI] BarViewModel: Constructing BarViewModel
01-02 17:23:22.170  3781  3781 D [SUI] PanelAppBase: Acquiring viewModel BarViewModel refCount: 1
01-02 17:23:22.170  3781  3781 D [SUI] PanelAppBase: Acquiring viewModel StatusViewModel refCount: 2
01-02 17:23:22.170  3781  3781 D [SUI] ActiveCallBarViewModel: Constructing ActiveCallBarViewModel
01-02 17:23:22.170  2205 17930 D ReflectedParamUpdater: extent() != 1 for single value type: output.subscribed-indices.values
01-02 17:23:22.170  3781  3781 I [SUI] PartiesCallBarViewModel: new ServicePresenceClient
01-02 17:23:22.170  2205 17930 D ReflectedParamUpdater: extent() != 1 for single value type: input.buffers.allocator-ids.values
01-02 17:23:22.170  2205 17930 D ReflectedParamUpdater: extent() != 1 for single value type: output.buffers.allocator-ids.values
01-02 17:23:22.170  2205 17930 D ReflectedParamUpdater: extent() != 1 for single value type: algo.buffers.allocator-ids.values
01-02 17:23:22.171  2205 17930 D ReflectedParamUpdater: extent() != 1 for single value type: output.buffers.pool-ids.values
01-02 17:23:22.171  2205 17930 D ReflectedParamUpdater: extent() != 1 for single value type: algo.buffers.pool-ids.values
01-02 17:23:22.172   748  1253 I SyncBossHAL: [info   ] syncboss_hal_powerstate.c(50): Reporting powerstate event: PROX_OFF
01-02 17:23:22.172  2205 17930 I CCodecConfig: query failed after returning 7 values (BAD_INDEX)
01-02 17:23:22.172  2205 17930 D CCodecConfig: c2 config diff is Dict {
01-02 17:23:22.172  2205 17930 D CCodecConfig:   c2::u32 coded.bitrate.value = 64000
01-02 17:23:22.172  2205 17930 D CCodecConfig:   c2::u32 input.buffers.max-size.value = 32768
01-02 17:23:22.172  2205 17930 D CCodecConfig:   c2::u32 input.delay.value = 0
01-02 17:23:22.172  2205 17930 D CCodecConfig:   string input.media-type.value = "audio/vorbis"
01-02 17:23:22.172  2205 17930 D CCodecConfig:   string output.media-type.value = "audio/raw"
01-02 17:23:22.172  2205 17930 D CCodecConfig:   c2::u32 raw.channel-count.value = 1
01-02 17:23:22.172  2205 17930 D CCodecConfig:   c2::u32 raw.sample-rate.value = 48000
01-02 17:23:22.172  2205 17930 D CCodecConfig: }
01-02 17:23:22.172  2205 17930 D CCodecConfig: no c2 equivalents for durationUs
01-02 17:23:22.172  2205 17930 D CCodecConfig: no c2 equivalents for csd-1
01-02 17:23:22.172  2205 17930 D CCodecConfig: no c2 equivalents for track-id
01-02 17:23:22.172  2205 17930 D CCodecConfig: no c2 equivalents for channel-mask
01-02 17:23:22.172  1022  1536 D VrPowerManagerService: processing message: sensor changed
01-02 17:23:22.172  2205 17930 D CCodecConfig: c2 config diff is   c2::u32 raw.channel-count.value = 2
01-02 17:23:22.172  2205 17930 D CCodecConfig:   c2::u32 raw.sample-rate.value = 44100
01-02 17:23:22.173  2205 17930 W Codec2Client: query -- param skipped: index = 1107298332.
01-02 17:23:22.173  2205 17930 D CCodec  : setup formats input: AMessage(what = 0x00000000) = {
01-02 17:23:22.173  2205 17930 D CCodec  :   int32_t channel-count = 2
01-02 17:23:22.173  2205 17930 D CCodec  :   int32_t max-input-size = 32768
01-02 17:23:22.173  2205 17930 D CCodec  :   string mime = "audio/vorbis"
01-02 17:23:22.173  2205 17930 D CCodec  :   int32_t sample-rate = 44100
01-02 17:23:22.173  2205 17930 D CCodec  : } and output: AMessage(what = 0x00000000) = {
01-02 17:23:22.173  2205 17930 D CCodec  :   int32_t channel-count = 2
01-02 17:23:22.173  2205 17930 D CCodec  :   string mime = "audio/raw"
01-02 17:23:22.173  2205 17930 D CCodec  :   int32_t sample-rate = 44100
01-02 17:23:22.173  2205 17930 D CCodec  :   int32_t channel-mask = 3
01-02 17:23:22.173  2205 17930 D CCodec  : }
01-02 17:23:22.173  1022  1536 I VrPowerManagerService: transition from HEADSET_MOUNTED to HEADSET_UNMOUNTED
01-02 17:23:22.173  3781  3781 I PresenceAPK(ServiceApiManager): Trying to bind to presence service API.
01-02 17:23:22.174   860  4170 D SensorClientUtils: Received transition request from RUNNING to STANDBY
01-02 17:23:22.175   843  8667 D SensorClientUtils: Received transition request from RUNNING to STANDBY
01-02 17:23:22.175  3199  3199 D [SEO] BaseOverlayService: screenStateReceiver Received broadcast: com.oculus.intent.action.MOUNT_STATE_CHANGED
01-02 17:23:22.175   843  8667 D SensorClientUtils: Skipping no-op transition from RUNNING to STANDBY
01-02 17:23:22.175  2453  2453 D VrRuntimeService: Received broadcast: com.oculus.intent.action.MOUNT_STATE_CHANGED
01-02 17:23:22.175  2453  2453 D VrRuntimeService: mounted state: false
01-02 17:23:22.175  4125  4125 D MetaCamNative (device_lifecycle_observer): OnDeviceMountedStateChange(is_mounted = 0)
01-02 17:23:22.175  4125  4125 D MetaCam (CaptureDeviceLifecycleObserver): Headset is not mounted. Stop recording
01-02 17:23:22.176  2205  2300 I VrRuntimeClient: UpdateEvents: HMT was UNmounted
01-02 17:23:22.177  2453 17432 I CompositorVR: WarpToScreen: Skipping frames for 10
01-02 17:23:22.177  1856  2089 D VrPowerManagerClient: Headset state: 2
01-02 17:23:22.177  1856  2089 V ControllerNotifications: Handling unmount notification
01-02 17:23:22.177  2453  3027 I UnifiedTelemetryWrapper: Stopped UT session don
01-02 17:23:22.177   860  4170 D SensorClientUtils: Skipping no-op transition from RUNNING to STANDBY
01-02 17:23:22.177  2586  3103 W PresenceAPKNative(hyperspace_controller_module): is_mounted: 0
01-02 17:23:22.177  1936  1936 I [CT]    : MIXEDREALITY: MrService: MountStateChanged: false
01-02 17:23:22.178  1843  1886 D SensorClientUtils: Received transition request from RUNNING to STANDBY
01-02 17:23:22.178  1843  1886 D SensorClientUtils: Skipping no-op transition from RUNNING to STANDBY
01-02 17:23:22.178   820  1862 D TelemetryService: Received notification of event: 7
01-02 17:23:22.178   820  1862 D TelemetryService: Received notification of headset unmounted
01-02 17:23:22.178  2430  2430 D [OAO] BaseOverlayService: screenStateReceiver Received broadcast: com.oculus.intent.action.MOUNT_STATE_CHANGED
01-02 17:23:22.178  2430  2430 D [OAO] ShellOverlayService: onMountStateChanged: false
01-02 17:23:22.178  2430  2430 I [OAO] ShellOverlayServiceJNI: NativeSendOverlayCommand
01-02 17:23:22.179  2430  2430 I [OAO] ShellOverlayServiceJNI: NativeWake
01-02 17:23:22.179  2430  2430 I [OAO] ShellOverlayMain: WakeVrThread
01-02 17:23:22.179  2430  2430 I [OAO] ShellOverlayMain: WakeVrThread - notifying vr thread
01-02 17:23:22.180  3167  3311 I StateMachine: StateMachine::Update GuardianInitializationStateMachine: unmountEvent -> Unmounted_Black
01-02 17:23:22.181  3167  3978 I VrRuntimeClient: UpdateEvents: HMT was UNmounted
01-02 17:23:22.183  3199  3427 I VrRuntimeClient: UpdateEvents: HMT was UNmounted
01-02 17:23:22.183  3199  3427 I [SEO] VrPlatformOpenXr: xrPollEvent: received XR_TYPE_EVENT_DATA_MOUNT_STATE_CHANGED_FB event: isMounted 0
01-02 17:23:22.183  2205  2300 I Clay    : xrPollEvent: MOUNT_STATE_CHANGED_FB: isMounted 0
01-02 17:23:22.184   860  4170 W TrackingService: attachClient: found client in attached list
01-02 17:23:22.185  1856  1856 D OculusNotificationListenerService: Notification removed: 0|com.oculus.notification_proxy|4104|null|1000
01-02 17:23:22.188  2453 17432 I CompositorVR: WarpToScreen: Skipping frames for 10
01-02 17:23:22.188  2826  2826 W VRLifecycleSessionManager: No apps were active so skipping session.
01-02 17:23:22.188  2826  2826 W VRLifecycleManager: onHeadsetUnmounted
01-02 17:23:22.189  5504  5606 E OsSdk   : error getting shared memory region, memory type: HeadTracker, failed with Status(-1, EX_SECURITY): 'requested shared memory region when not registered/focused'
01-02 17:23:22.191  2453  3310 I VrRuntimeService: RuntimeServiceSDKServer::SetGuardianSystemState: 712137349
01-02 17:23:22.192  3167  3311 I GuardianSystem: UpdateGuardianSystemState: Flags changed: 532480, 524288, SYSTEM_GUARDIAN_VISIBLE,SYSTEM_GUARDIAN_VALID to SYSTEM_GUARDIAN_VALID
01-02 17:23:22.192  3167  3311 I GuardianSystem: UpdateGuardianSystemState: Flags2 changed: 1, 33, SYSTEM_2_DIRECTIONAL_PASSTHROUGH_ENABLED to SYSTEM_2_DIRECTIONAL_PASSTHROUGH_ENABLED,SYSTEM_2_SHOULD_PUSH_BLACK
01-02 17:23:22.193  2430  2430 I [OAO] VrNotificationListenerService: onNotificationRemoved() - key = 0|com.oculus.notification_proxy|4104|null|1000, type = first_party_unspecified
01-02 17:23:22.193  2430  2430 D VrNotificationAnalytics: logNotificationRemoved(first_party_unspecified)
01-02 17:23:22.193  3199  3427 I [SEO] ShellApp: HMD Mount State Changed - unmounted - duration in prior state 16036.565539s
01-02 17:23:22.193  3199  3427 I [SEO] DragDropController: OnBackground
01-02 17:23:22.193  3199  3427 I [SEO] ShellFrameAnalytics: Shell Heartbeat focusedPanelTimeSpent: {"0":1080,"22":111} visibleTimeSpent: {"21":111,"22":111,"25":245} inputTimeSpent: {"controller":1191} inputClickCount: {} mouseMoveTimeSpent: 0 mouseScrollTimeSpent: 0 physicalKeyboardConnectedTimeSpent: 0 physicalKeyboardTrackedTimeSpent: 0 quickActionsMenuActivations: 0 quickActionsMenuTimeSpent: 0 quickActionsMenuSessionLengths: [] quickActionsMenuSelections: {} handTrackingOptIn: 0 handTrackingAutoTransition: 1
01-02 17:23:22.193   728   728 W DeviceHAL: Error from HAL Device in function get_mic_mute: Function not implemented
01-02 17:23:22.193  2205  2300 I Clay    : EnvironmentSystem: computed visibility changed from Visible to Hidden (reason: LayerRendering)
01-02 17:23:22.193  2205  2300 I Clay    : EnvironmentSystem: environment path not valid, resetting to default scene: isValid=false  packageFilename=
01-02 17:23:22.193  2205  2300 I Clay    : copresence: microphone state transition, paused
01-02 17:23:22.197  2453  3027 I CompositorClientMgr: Enable client 0
01-02 17:23:22.197  2453  3027 I VrRuntimeServer: EnableCompositorClient client(0): layer placement(2147483643) flags(8) sm(0x759cb3e160)
01-02 17:23:22.198   728   728 W DeviceHAL: Error from HAL Device in function get_mic_mute: Function not implemented
01-02 17:23:22.199  2453 17432 I CompositorVR: LatchWarpClients: Multiple Primary Clients detected. Skipping frames for 10
01-02 17:23:22.199  2453 17432 I CompositorVR: WarpToScreen: Skipping frames for 10
01-02 17:23:22.199   728   728 D audio_hw_primary: adev_set_mic_mute state 1
01-02 17:23:22.200   728   728 W DeviceHAL: Error from HAL Device in function set_mic_mute: Function not implemented
01-02 17:23:22.200   728   728 W DeviceHAL: Error from HAL Device in function set_mic_mute: Function not implemented
01-02 17:23:22.200  1022  1802 E AudioSystem-JNI: Command failed for android_media_AudioSystem_muteMicrophone: -38
01-02 17:23:22.201  2272  2272 I VRLifecycleSessionManager: Stored session info.
01-02 17:23:22.207  2430  3075 I VrRuntimeClient: UpdateEvents: HMT was UNmounted
01-02 17:23:22.208  2430  3075 I [OAO] ShellOverlayApp: 0xc212eb40 msg: overlayCommand:
01-02 17:23:22.208  2430  3075 I [OAO] ShellOverlayApp: command = mountStateChanged
01-02 17:23:22.208  2430  3075 I [OAO] ShellOverlayApp: state = 0
01-02 17:23:22.208  2430  3075 I [OAO] ShellOverlayApp: Process_OverlayCommand command : mountStateChanged
01-02 17:23:22.208  2430  3075 I [OAO] ShellOverlayApp: mountStateChanged message received
01-02 17:23:22.209  2430  3075 I [OAO] VrPlatformOpenXr: xrPollEvent: received XR_TYPE_EVENT_DATA_MOUNT_STATE_CHANGED_FB event: isMounted 0
01-02 17:23:22.209  2430  3075 I [OAO] ShellOverlayApp: ResolveDeviceState: change from Awake to WaitingForSleep
01-02 17:23:22.209  2430  3075 I [OAO] ShellOverlayApp: ResolveDeviceState: isWakingOrUnlockingIntoWake : 0
01-02 17:23:22.209  2430  3075 I [OAO] ShellOverlayApp: ResolveDeviceState: interactionState : Rendering
01-02 17:23:22.209  2430  3075 I [OAO] ShellOverlayApp: Start sleep timeout. Now:16099.202096, Timeout:16101.202096
01-02 17:23:22.209  2430  3075 I [OAO] ShellOverlayApp: EmptyFrame: Pushing an empty frame
01-02 17:23:22.210  2453 17432 I CompositorVR: WarpToScreen: Skipping frames for 10
01-02 17:23:22.213  1022  1043 W InputReader: Device has associated, but no associated display id.
01-02 17:23:22.218  1022  1045 W InputReader: Device has associated, but no associated display id.
01-02 17:23:22.218  1022  1045 I ActivityTaskManager: Override config changes=20005df8 {0.0 ?mcc?mnc ?localeList ?layoutDir sw672dp w672dp h1000dp 200dpi lrg port ?uimode ?night -touch qwerty/v/v -nav/h winConfig={ mBounds=Rect(0, 0 - 840, 1250) mAppBounds=Rect(0, 0 - 840, 1250) mWindowingMode=fullscreen mDisplayWindowingMode=fullscreen mActivityType=undefined mAlwaysOnTop=undefined mRotation=ROTATION_0}} for displayId=208
01-02 17:23:22.221  2453 17432 I CompositorVR: WarpToScreen: Skipping frames for 10
01-02 17:23:22.223  3781  3781 D PresenceAPK(PresenceClient): setEventListener id=SystemCallGroup
01-02 17:23:22.224  3781  3781 I PresenceAPK(GroupManager): addListener for id SystemCallGroup
01-02 17:23:22.224  3781  3781 D [SUI] MessengerCallBarViewModel: constructing MessengerCallBarViewModel
01-02 17:23:22.224  3781  3781 D [SUI] MessengerCallViewModel: constructing MessengerCallViewModel, instance count:9
01-02 17:23:22.224  2272  2272 W VRLifecycleManager: onHeadsetUnmounted
01-02 17:23:22.226  3781  3781 D HyperspaceClient: acquire instance, refcount: 2
01-02 17:23:22.226  3781  3781 D [SUI] MessengerCallViewModel: hyperspace client created
01-02 17:23:22.226  3781  3781 D [SUI] PanelAppBase: Acquiring viewModel MessengerCallViewModel refCount: 1
01-02 17:23:22.226  3781  3781 D [SUI] MessengerCallViewModel: registerObserver
01-02 17:23:22.226  3781  3781 D [SUI] PanelAppBase: Acquiring viewModel ActiveCallBarViewModel refCount: 1
01-02 17:23:22.226  3781  3781 D [SUI] OnboardingTutorial: Initialize Onboarding Tutorial
01-02 17:23:22.227  3781  3781 D [SUI] OnboardingTutorial: Step is: NOT_BRAND_NEW_USER
01-02 17:23:22.227  3781  3781 D [SUI] OnboardingTutorial: Not a first time user; skipping the tutorial
01-02 17:23:22.227  3781  3781 D [SUI] SystemStatusView: Initializing System Status
01-02 17:23:22.227  3781  3781 D [SUI] StatusViewModel: Constructing ViewModel
01-02 17:23:22.232  2453 17432 I CompositorVR: WarpToScreen: Skipping frames for 10
01-02 17:23:22.234  3781  3781 I android_os_HwBinder: HwBinder: Starting thread pool for getting: vendor.oculus.hardware.battery@1.0::IBattery/default
01-02 17:23:22.240  5504  5606 E OsSdk   : error getting shared memory region, memory type: HeadTracker, failed with Status(-1, EX_SECURITY): 'requested shared memory region when not registered/focused'
01-02 17:23:22.243  2453 17432 I CompositorVR: WarpToScreen: Skipping frames for 10
01-02 17:23:22.244  2205 17930 W Codec2Client: query -- param skipped: index = 1342179345.
01-02 17:23:22.244  2205 17930 W Codec2Client: query -- param skipped: index = 2415921170.
01-02 17:23:22.245  2205 17930 D CCodecBufferChannel: [c2.android.vorbis.decoder#459] Created input block pool with allocatorID 16 => poolID 43 - OK (0)
01-02 17:23:22.245  2272  2666 I FileCapture: broadcast capture state to AUI running = false, with mode -1
01-02 17:23:22.246  2205 17930 I CCodecBufferChannel: [c2.android.vorbis.decoder#459] Created output block pool with allocatorID 16 => poolID 152 - OK
01-02 17:23:22.246  2205 17930 D CCodecBufferChannel: [c2.android.vorbis.decoder#459] Configured output block pool ids 152 => OK
01-02 17:23:22.248  3781  3781 D [SUI] StatusViewModel: Initializing wifi status BroadcastReceiver
01-02 17:23:22.248   835 17932 D SimpleC2Component: Using output block pool with poolID 152 => got 152 - 0
01-02 17:23:22.249  3781  3781 D [SUI] StatusViewModel: Initialized wifi status BroadcastReceiver
01-02 17:23:22.251  3781  3781 D [SUI] PanelAppBase: Acquiring viewModel BarViewModel refCount: 2
01-02 17:23:22.251  3781  3781 D [SUI] PanelAppBase: Acquiring viewModel SystemStatusViewModel refCount: 1
01-02 17:23:22.251  3781  3781 D [SUI] SocialViewModel: registerObserver(): -$$Lambda$SystemStatusView$hvdttGlyfUmlGZJVTLPJRt2c5Fk
01-02 17:23:22.252  3781  3781 D [SUI] SystemStatusView: Initialized System Status
01-02 17:23:22.252  3781  3781 D [SUI] PanelAppBase: Acquiring viewModel DynamicAppsViewModel refCount: 2
01-02 17:23:22.252  3781  3781 D [SUI] DynamicAppsView: Initializing DynamicAppsView on AUI bar
01-02 17:23:22.252  3781  3781 D [SUI] BarView: Initialized parties call bar
01-02 17:23:22.252  3781  3781 D [SUI] MessengerCallViewModel: registerObserver
01-02 17:23:22.252  3781  3781 D [SUI] BarView: Initialized messenger call bar
01-02 17:23:22.252  3781  3781 V [SUI] BarView: Subscribing to notifications badge live data
01-02 17:23:22.252  3781  3781 V [SUI] BarView: Notifs badge count: 0, Messenger badge count 0
01-02 17:23:22.252  3781  3781 D [SUI] BarView: Initialized BarView
01-02 17:23:22.255  2453 17432 I CompositorVR: WarpToScreen: Skipping frames for 10
01-02 17:23:22.256  2205 17930 D CCodecBufferChannel: [c2.android.vorbis.decoder#459] Discard frames from previous generation.
01-02 17:23:22.256  2205 17930 D CCodecBufferChannel: [c2.android.vorbis.decoder#459] Discard frames from previous generation.
01-02 17:23:22.256  1022  1793 I DisplayManagerService: Display device removed: DisplayDeviceInfo{"com.oculus.android_panel_app.AndroidPanelLayer-#main": uniqueId="virtual:com.oculus.systemux,10026,com.oculus.android_panel_app.AndroidPanelLayer-#main,1", 840 x 1250, modeId 269, defaultModeId 269, supportedModes [{id=269, width=840, height=1250, fps=60.0}], colorMode 0, supportedColorModes [0], HdrCapabilities null, density 200, 200.0 x 200.0 dpi, appVsyncOff 0, presDeadline 16666666, touch NONE, rotation 0, type VIRTUAL, state OFF, owner com.oculus.systemux (uid 10026), FLAG_PRIVATE, FLAG_NEVER_BLANK, FLAG_OWN_CONTENT_ONLY}
01-02 17:23:22.257  1022  1038 I DisplayManagerService: Display device added: DisplayDeviceInfo{"com.oculus.android_panel_app.AndroidPanelLayer-#main": uniqueId="virtual:com.oculus.systemux,10026,com.oculus.android_panel_app.AndroidPanelLayer-#main,1", 840 x 110, modeId 270, defaultModeId 270, supportedModes [{id=270, width=840, height=110, fps=60.0}], colorMode 0, supportedColorModes [0], HdrCapabilities null, density 200, 200.0 x 200.0 dpi, appVsyncOff 0, presDeadline 16666666, touch NONE, rotation 0, type VIRTUAL, state OFF, owner com.oculus.systemux (uid 10026), FLAG_PRIVATE, FLAG_NEVER_BLANK, FLAG_OWN_CONTENT_ONLY}
01-02 17:23:22.259   835  1004 D BufferPoolAccessor: Destruction - bufferpool2 0x2c2668ac30 cached: 0/0M, 0/0% in use; allocs: 0, 0% recycled; transfers: 0, 0% unfetced
01-02 17:23:22.260   835  1004 V C2Store : in ~ComponentModule
01-02 17:23:22.260   835  1004 V C2Store : unloading dll
01-02 17:23:22.262  2272  2272 I FileCapture: broadcast capture state to AUI running = false, with mode -1
01-02 17:23:22.262  2272  2272 I PlatformPluginManager: setHeadsetMountState: false
01-02 17:23:22.264  2272  2272 I OVRPlatform: [AudioManager] SetHeadsetMounted: false
01-02 17:23:22.264  2272  2272 I OVRPlatform: [AudioManager] Current headsetMounted_ false
01-02 17:23:22.264  2272  2272 I OVRPlatform: [AudioManager] Current headphoneStatus_: DISCONNECTED
01-02 17:23:22.266  3781  3781 D [SUI] SettingsAssistantJsonBuilder: Registering legacy settings
01-02 17:23:22.266  2453 17432 I CompositorVR: WarpToScreen: Skipping frames for 10
01-02 17:23:22.266  3781  3781 D [SUI] SettingsAssistantJsonBuilder: Not registering settings service settings. Blocked by GK
