01-04 18:11:04.464  1921  2495 W ProfileContentProvider: [doQuery] userId lookup succeeded: true
01-04 18:11:04.465  2205  2615 I [OAO] ShellOverlayApp: Sleep timeout exceeded. Timeout:6644.797327, Now:6644.810090. Sleeping... 
01-04 18:11:04.465  2205  2615 I [OAO] ShellOverlayApp: WaitForWake: VrThread entering waiting state
01-04 18:11:04.469  1247  2158 I PerformanceManager_V0: SetClockLevels: Apply pending clock request change: 3,3 -> 4,3
01-04 18:11:04.469  1247  2154 I Clocks  : ReleaseClocks - start
01-04 18:11:04.469  1247  2154 I Clocks  : ReleaseClocks - end (0.4 ms)
01-04 18:11:04.469  1247  2154 I Clocks  : LockClocks( cpu=4, gpu=3 ) - start
01-04 18:11:04.470  1247  2154 I Clocks  : CPU levels [0, 4]
01-04 18:11:04.470  1247  2154 I Clocks  : GPU levels [0, 5]
01-04 18:11:04.470  1247  2154 I Clocks  : LockClocks( cpu=4, gpu=3 ) - end (0.6 ms)
01-04 18:11:04.471  1247  6806 I CompositorVR: WarpToScreen: Skipping frames for 8
01-04 18:11:04.471  1247  6806 I SwapChain_Surface: AttachSurfaceSwapChainGLES: 0x7e42f50000 with SurfaceTexture 0x2886 attached on init
01-04 18:11:04.472  1921  2495 W ProfileContentProvider: [doQuery] normal return
01-04 18:11:04.474  1247  6806 I CompositorProgs: loaded binary layerProgram 1:0x100100048083:0x0 in 2.5 ms
01-04 18:11:04.476  7091  7190 I chatty  : uid=10144(com.YourCompany.PrototypeV4) expire 1 line
01-04 18:11:04.477  7091  7237 I chatty  : uid=10144(com.YourCompany.PrototypeV4) expire 9 lines
01-04 18:11:04.477   868   868 I TrackingService: Unregistering client by ITrackingService.unregisterClient
01-04 18:11:04.477   868   868 I TrackingService: Failed to unregister client because client not found in registered list
01-04 18:11:04.477   868   868 I chatty  : uid=1000(system) /system/bin/trackingservice identical 7 lines
01-04 18:11:04.477   868   868 I TrackingService: Failed to unregister client because client not found in registered list
01-04 18:11:04.477   868   868 D TrackingService: unregister: com.YourCompany.PrototypeV4
01-04 18:11:04.482  1247  6806 I CompositorVR: WarpToScreen: Skipping frames for 8
01-04 18:11:04.493  1247  6806 I CompositorVR: WarpToScreen: Skipping frames for 8
01-04 18:11:04.494  3456  3456 D [SUI] HorizonContentProviderHelper: fetchAppsScoreboardsInfo - appIds.length: 82
01-04 18:11:04.495  3456  3456 D [SUI] HorizonContentProviderHelper: fetchAppsScoreboardsInfo - appIds.length: 82
01-04 18:11:04.496  7091  7187 I chatty  : uid=10144(com.YourCompany.PrototypeV4) expire 1 line
01-04 18:11:04.496  7091  7237 I chatty  : uid=10144(com.YourCompany.PrototypeV4) expire 5 lines
01-04 18:11:04.498  1247  7155 I VrRuntimeService: RuntimeServiceSDKServer::EnableRendering: 0x0, 0, com.YourCompany.PrototypeV4
01-04 18:11:04.498  1247  7155 I ClientMgr: ClientMgr::EnableRendering 7091:com.YourCompany.PrototypeV4 : type 0 comp-id 8: disable
01-04 18:11:04.498  1247  7155 I VrRuntimeServer: DisableCompositorClient: 8
01-04 18:11:04.498  1247  7155 I CompositorClientMgr: Disable client 8
01-04 18:11:04.498  1247  7155 I CompositorClientMgr: DisableClient: frame flush required: 1
01-04 18:11:04.502  1247  2158 I ClientMgr: Non-overlay clients rendering status has changed: prev=24, curr=25, enabled=1
01-04 18:11:04.503  3456  3456 D [SUI] LibraryView: Scroll to position: 0
01-04 18:11:04.504  3456  3456 D [SUI] LibraryContentAdapter: No view available for position -1
01-04 18:11:04.504  1247  6806 I CompositorVR: WarpToScreen: Skipping frames for 8
01-04 18:11:04.504  2686  2971 I [SEO] PanelAppHost: Setting panel layer visibility of layer "controlbar4" to visible, panel 12 (com.oculus.systemux/com.oculus.panelapp.controlbar.ControlBarPanelService)
01-04 18:11:04.510  1247  6806 W CompositorClient: WarpToScreen: No completed frames to display for primary client 8. submittedFrameIndex = 2091
01-04 18:11:04.513  1247  2158 I ClientMgr: Primary client determined to be the current enabled client 750024667
01-04 18:11:04.513  1247  7155 I UnifiedTelemetryWrapper: Stopped UT session render:com.YourCompany.PrototypeV4
01-04 18:11:04.514  7091  7211 I chatty  : uid=10144(com.YourCompany.PrototypeV4) expire 1 line
01-04 18:11:04.516  7091  7125 I chatty  : uid=10144(com.YourCompany.PrototypeV4) expire 8 lines
01-04 18:11:04.523  7091  7126 I chatty  : uid=10144(com.YourCompany.PrototypeV4) expire 2 lines
01-04 18:11:04.523  7091  7125 I chatty  : uid=10144(com.YourCompany.PrototypeV4) expire 1 line
01-04 18:11:04.524  1289  1289 V AvrcpMediaPlayerList: onPlaybackConfigChanged(): Configs list size=6
01-04 18:11:04.525  7091  7237 I chatty  : uid=10144(com.YourCompany.PrototypeV4) expire 3 lines
01-04 18:11:04.527  7091  7126 I chatty  : uid=10144(com.YourCompany.PrototypeV4) expire 4 lines
01-04 18:11:04.548  7091  7125 I chatty  : uid=10144(com.YourCompany.PrototypeV4) expire 4 lines
01-04 18:11:04.548  7091  7125 D UE4     : FAppEventManager::Tick processing, 3
01-04 18:11:04.548  7091  7125 D UE4     : APP_EVENT_STATE_WINDOW_DESTROYED, 0, 0, 0
01-04 18:11:04.548  7091  7125 D UE4     : FAppEventManager::Tick EventHandlerEvent Wait 
01-04 18:11:04.548  7091  7125 D UE4     : FAppEventManager::Tick EventHandlerEvent DONE Wait 
01-04 18:11:04.550  2765  3553 I VrGuardianService: GuardianSDKServer::SetGuardianHitDialog2 1
01-04 18:11:04.564  7091  7091 V UE4     : [GameApp] App in background
01-04 18:11:04.564  7091  7126 D UE4     : [2023.01.04-18.11.04:564][971]LogAndroid: Case APP_CMD_STOP
01-04 18:11:04.564  7091  7126 D UE4     : LogAndroidEvents::EnqueueAppEvent : 8, [width=-1, height=-1], tid = 7126, APP_EVENT_STATE_ON_STOP
01-04 18:11:04.564  7091  7091 D UE4     : [GameActivity] ==============> GameActive.onStop complete!
01-04 18:11:04.568  7091  7091 D UE4     : [GameActivity] onDestroy: destroy memoryHandlerThread
01-04 18:11:04.569  7091  7126 D UE4     : [2023.01.04-18.11.04:569][971]LogAndroid: Case APP_CMD_INPUT_CHANGED
01-04 18:11:04.569  7091  7126 D UE4     : [2023.01.04-18.11.04:569][971]LogAndroid: Case APP_CMD_DESTROY
01-04 18:11:04.569  7091  7126 D UE4     : LogAndroidEvents::EnqueueAppEvent : 15, [width=-1, height=-1], tid = 7126, APP_EVENT_RUN_CALLBACK
01-04 18:11:04.569  7091  7126 D UE4     : LogAndroidEvents::EnqueueAppEvent : 5, [width=-1, height=-1], tid = 7126, APP_EVENT_STATE_ON_DESTROY
01-04 18:11:04.572  7091  7126 I any.PrototypeV: System.exit called, status: 0
01-04 18:11:04.572  7091  7126 I AndroidRuntime: VM exiting with result code 0, cleanup skipped.
01-04 18:11:04.597  3456  7416 D UserAppScopedAuthHelper: fetchUserInfo - fetched response for app scoped token request
01-04 18:11:04.597  3456  7416 D UserAppScopedAuthHelper: fetchUserInfo - fetched app scoped access token
01-04 18:11:04.600  3456  7414 D UserAppScopedAuthHelper: fetchUserInfo - fetched response for app scoped token request
01-04 18:11:04.601  3456  7414 D UserAppScopedAuthHelper: fetchUserInfo - fetched app scoped access token
01-04 18:11:04.615   719  4121 D msm8974_platform: platform_split_snd_device: snd_device(2) num devices(1) new_snd_devices(0)
01-04 18:11:04.659  3456  3456 D [SUI] SystemUXFunnelLogServerLogger: Impression Event: oculus_impressions_tile_impressioned LibraryLogInfo{duration=0, mLogId='2646830762095036', mContentType=APP, mPosX=0, mPosy=0, mGlobalPos=0, mSurface=LIBRARY, mSubSurface=LIBRARY_MAIN, mSearchQuery='null', mFilter='ALL', mSort='MOST_RECENT', mDeviceFilter='Quest', mIsShowingLaunchTogether=false', mEventName=LAUNCH_APP', mSection=null}
01-04 18:11:04.659  3456  3456 D [SUI] SystemUXFunnelLogServerLogger: Impression Event: oculus_impressions_tile_impressioned LibraryLogInfo{duration=0, mLogId='fb_messenger_system_app', mContentType=APP, mPosX=1, mPosy=0, mGlobalPos=1, mSurface=LIBRARY, mSubSurface=LIBRARY_MAIN, mSearchQuery='null', mFilter='ALL', mSort='MOST_RECENT', mDeviceFilter='Quest', mIsShowingLaunchTogether=false', mEventName=LAUNCH_APP', mSection=null}
01-04 18:11:04.659  3456  3456 D [SUI] SystemUXFunnelLogServerLogger: Impression Event: oculus_impressions_tile_impressioned LibraryLogInfo{duration=0, mLogId='1856672347794301', mContentType=APP, mPosX=2, mPosy=0, mGlobalPos=2, mSurface=LIBRARY, mSubSurface=LIBRARY_MAIN, mSearchQuery='null', mFilter='ALL', mSort='MOST_RECENT', mDeviceFilter='Quest', mIsShowingLaunchTogether=false', mEventName=LAUNCH_APP', mSection=null}
01-04 18:11:04.659  3456  3456 D [SUI] SystemUXFunnelLogServerLogger: Impression Event: oculus_impressions_tile_impressioned LibraryLogInfo{duration=0, mLogId='2448060205267927', mContentType=APP, mPosX=3, mPosy=0, mGlobalPos=3, mSurface=LIBRARY, mSubSurface=LIBRARY_MAIN, mSearchQuery='null', mFilter='ALL', mSort='MOST_RECENT', mDeviceFilter='Quest', mIsShowingLaunchTogether=false', mEventName=LAUNCH_APP', mSection=null}
01-04 18:11:04.659  3456  3456 D [SUI] SystemUXFunnelLogServerLogger: Impression Event: oculus_impressions_tile_impressioned LibraryLogInfo{duration=0, mLogId='3209391179128490', mContentType=APP, mPosX=0, mPosy=1, mGlobalPos=4, mSurface=LIBRARY, mSubSurface=LIBRARY_MAIN, mSearchQuery='null', mFilter='ALL', mSort='MOST_RECENT', mDeviceFilter='Quest', mIsShowingLaunchTogether=false', mEventName=LAUNCH_APP', mSection=null}
01-04 18:11:04.659  3456  3456 D [SUI] SystemUXFunnelLogServerLogger: Impression Event: oculus_impressions_tile_impressioned LibraryLogInfo{duration=0, mLogId='1663790613725314', mContentType=APP, mPosX=1, mPosy=1, mGlobalPos=5, mSurface=LIBRARY, mSubSurface=LIBRARY_MAIN, mSearchQuery='null', mFilter='ALL', mSort='MOST_RECENT', mDeviceFilter='Quest', mIsShowingLaunchTogether=false', mEventName=LAUNCH_APP', mSection=null}
01-04 18:11:04.659  3456  3456 D [SUI] SystemUXFunnelLogServerLogger: Impression Event: oculus_impressions_tile_impressioned LibraryLogInfo{duration=0, mLogId='3081642765242609', mContentType=APP, mPosX=2, mPosy=1, mGlobalPos=6, mSurface=LIBRARY, mSubSurface=LIBRARY_MAIN, mSearchQuery='null', mFilter='ALL', mSort='MOST_RECENT', mDeviceFilter='Quest', mIsShowingLaunchTogether=false', mEventName=LAUNCH_APP', mSection=null}
01-04 18:11:04.659  3456  3456 D [SUI] SystemUXFunnelLogServerLogger: Impression Event: oculus_impressions_tile_impressioned LibraryLogInfo{duration=0, mLogId='3675568169182204', mContentType=APP, mPosX=3, mPosy=1, mGlobalPos=7, mSurface=LIBRARY, mSubSurface=LIBRARY_MAIN, mSearchQuery='null', mFilter='ALL', mSort='MOST_RECENT', mDeviceFilter='Quest', mIsShowingLaunchTogether=false', mEventName=LAUNCH_APP', mSection=null}
01-04 18:11:04.659  3456  3456 D [SUI] SystemUXFunnelLogServerLogger: Impression Event: oculus_impressions_tile_impressioned LibraryLogInfo{duration=0, mLogId='1916519981771802', mContentType=APP, mPosX=0, mPosy=2, mGlobalPos=8, mSurface=LIBRARY, mSubSurface=LIBRARY_MAIN, mSearchQuery='null', mFilter='ALL', mSort='MOST_RECENT', mDeviceFilter='Quest', mIsShowingLaunchTogether=false', mEventName=LAUNCH_APP', mSection=null}
01-04 18:11:04.660  3456  3456 D [SUI] SystemUXFunnelLogServerLogger: Impression Event: oculus_impressions_tile_impressioned LibraryLogInfo{duration=0, mLogId='file_viewer', mContentType=APP, mPosX=1, mPosy=2, mGlobalPos=9, mSurface=LIBRARY, mSubSurface=LIBRARY_MAIN, mSearchQuery='null', mFilter='ALL', mSort='MOST_RECENT', mDeviceFilter='Quest', mIsShowingLaunchTogether=false', mEventName=LAUNCH_APP', mSection=null}
01-04 18:11:04.660  3456  3456 D [SUI] SystemUXFunnelLogServerLogger: Impression Event: oculus_impressions_tile_impressioned LibraryLogInfo{duration=0, mLogId='settings_system_app', mContentType=APP, mPosX=2, mPosy=2, mGlobalPos=10, mSurface=LIBRARY, mSubSurface=LIBRARY_MAIN, mSearchQuery='null', mFilter='ALL', mSort='MOST_RECENT', mDeviceFilter='Quest', mIsShowingLaunchTogether=false', mEventName=LAUNCH_APP', mSection=null}
01-04 18:11:04.660  3456  3456 D [SUI] SystemUXFunnelLogServerLogger: Impression Event: oculus_impressions_tile_impressioned LibraryLogInfo{duration=0, mLogId='2532035600194083', mContentType=APP, mPosX=3, mPosy=2, mGlobalPos=11, mSurface=LIBRARY, mSubSurface=LIBRARY_MAIN, mSearchQuery='null', mFilter='ALL', mSort='MOST_RECENT', mDeviceFilter='Quest', mIsShowingLaunchTogether=false', mEventName=LAUNCH_APP', mSection=null}
01-04 18:11:04.660  3456  3456 D [SUI] SystemUXFunnelLogServerLogger: Impression Event: oculus_impressions_tile_impressioned LibraryLogInfo{duration=0, mLogId='2644832768948915', mContentType=APP, mPosX=0, mPosy=3, mGlobalPos=12, mSurface=LIBRARY, mSubSurface=LIBRARY_MAIN, mSearchQuery='null', mFilter='ALL', mSort='MOST_RECENT', mDeviceFilter='Quest', mIsShowingLaunchTogether=false', mEventName=LAUNCH_APP', mSection=null}
01-04 18:11:04.660  3456  3456 D [SUI] SystemUXFunnelLogServerLogger: Impression Event: oculus_impressions_tile_impressioned LibraryLogInfo{duration=0, mLogId='1931356740318898', mContentType=APP, mPosX=1, mPosy=3, mGlobalPos=13, mSurface=LIBRARY, mSubSurface=LIBRARY_MAIN, mSearchQuery='null', mFilter='ALL', mSort='MOST_RECENT', mDeviceFilter='Quest', mIsShowingLaunchTogether=false', mEventName=LAUNCH_APP', mSection=null}
01-04 18:11:04.660  3456  3456 D [SUI] SystemUXFunnelLogServerLogger: Impression Event: oculus_impressions_tile_impressioned LibraryLogInfo{duration=0, mLogId='events_system_app', mContentType=APP, mPosX=2, mPosy=3, mGlobalPos=14, mSurface=LIBRARY, mSubSurface=LIBRARY_MAIN, mSearchQuery='null', mFilter='ALL', mSort='MOST_RECENT', mDeviceFilter='Quest', mIsShowingLaunchTogether=false', mEventName=LAUNCH_APP', mSection=null}
01-04 18:11:04.660  3456  3456 D [SUI] SystemUXFunnelLogServerLogger: Impression Event: oculus_impressions_tile_impressioned LibraryLogInfo{duration=0, mLogId='file_manager', mContentType=APP, mPosX=3, mPosy=3, mGlobalPos=15, mSurface=LIBRARY, mSubSurface=LIBRARY_MAIN, mSearchQuery='null', mFilter='ALL', mSort='MOST_RECENT', mDeviceFilter='Quest', mIsShowingLaunchTogether=false', mEventName=LAUNCH_APP', mSection=null}
01-04 18:11:04.663  1247  6806 I CompositorProgs: loaded binary layerProgram 1:0x100000048001:0x0 in 2.1 ms
01-04 18:11:04.670   868  6811 I [CT]    : VIPER: Mode=SuperVega,Status=6DoF,TRACKING,Inl=21,Mem=88.0,Jit=0.2mm,Issues(Cam/min=0.0,IMU/min=0.0),Exp=(14.0ms,g=15.0,I=60,Ir=287.0)(14.0ms,g=15.0,I=89,Ir=425.2)(14.0ms,g=15.0,I=90,Ir=428.8)(14.0ms,g=15.0,I=75,Ir=359.2)
01-04 18:11:04.671   868  6811 W [CT]    : VIPER: Images too dark, 
01-04 18:11:04.682  3456  7417 D UserAppScopedAuthHelper: fetchUserInfo - fetched response for app scoped token request
01-04 18:11:04.682  3456  7417 D UserAppScopedAuthHelper: fetchUserInfo - fetched app scoped access token
01-04 18:11:04.705  2765  7159 W RPCClientHandler: RPCClientHandler::MainLoop: Error reading pipe: Client: com.YourCompany.PrototypeV4:com.YourCompany.PrototypeV4:7091, Server: com.oculus.guardian:com.oculus.vrguardianservice (guardianserver)
01-04 18:11:04.705  1247  7163 W RPCClientHandler: RPCClientHandler::MainLoop: Error reading pipe: Client: com.YourCompany.PrototypeV4:com.YourCompany.PrototypeV4:7091, Server: com.oculus.systemdriver:com.oculus.vrruntimeservice (HapticsServer)
01-04 18:11:04.705  2765  7159 I REFLECT : GuardianSDKServer Client Disconnected -195572276, com.YourCompany.PrototypeV4, com.YourCompany.PrototypeV4
01-04 18:11:04.706  2205  7158 W RPCClientHandler: RPCClientHandler::MainLoop: Error reading pipe: Client: com.YourCompany.PrototypeV4:com.YourCompany.PrototypeV4:7091, Server: com.oculus.vrshell:com.oculus.vrshell:Overlay (ptkserviceserver)
01-04 18:11:04.707  1247  7155 W RPCClientHandler: RPCClientHandler::MainLoop: Error reading pipe: Client: com.YourCompany.PrototypeV4:com.YourCompany.PrototypeV4:7091, Server: com.oculus.systemdriver:com.oculus.vrruntimeservice (RuntimeServiceServer)
01-04 18:11:04.707  1247  7155 I VrRuntimeService: RuntimeIPC: IPC_SYSTEM_EVENT_CLIENT_DISCONNECTED_EXT: com.YourCompany.PrototypeV4
01-04 18:11:04.707  1247  7155 I ClientMgr: ClientMgr::DestroyClient: 7091:com.YourCompany.PrototypeV4
01-04 18:11:04.707  1247  7155 I ClientMgr: ClientMgr::DestroyClient Destroying 2 swapchain(s) for 7091:com.YourCompany.PrototypeV4.
01-04 18:11:04.707  1247  7155 I ClientMgr: ClientMgr::DestroyClient: non-deferred ShutdownResources: 2090 == 2090 
01-04 18:11:04.707  1247  7155 I VrRuntimeServer: UnRegisterCompositorClient client(8)
01-04 18:11:04.707  1247  7155 I ClientMgr: RemoveClient: com.YourCompany.PrototypeV4:com.YourCompany.PrototypeV4:7091
01-04 18:11:04.708  1247  7155 I UnifiedTelemetryWrapper: Stopped UT session render_process_unknown
01-04 18:11:04.708  1247  7155 I UnifiedTelemetryWrapper: Stopped UT session lifetime:com.YourCompany.PrototypeV4
01-04 18:11:04.708  1247  7154 W RPCClientHandler: RPCClientHandler::MainLoop: Error reading pipe: Client: com.YourCompany.PrototypeV4:com.YourCompany.PrototypeV4:7091, Server: com.oculus.systemdriver:com.oculus.vrruntimeservice (gkcache)
01-04 18:11:04.716  2765  2970 I GuardianSystem: runtimeServiceSDKClient_.ActiveClientDestroyedEventData: package=[com.YourCompany.PrototypeV4], process=[com.YourCompany.PrototypeV4]
01-04 18:11:04.716  2765  2970 I GuardianSystem: OnDestroyActiveClient: com.YourCompany.PrototypeV4
01-04 18:11:04.735  1040  1149 W InputDispatcher: channel '24a53fa com.YourCompany.PrototypeV4/com.epicgames.ue4.GameActivity (server)' ~ Consumer closed input channel or an error occurred.  events=0x9
01-04 18:11:04.735  1040  1149 E InputDispatcher: channel '24a53fa com.YourCompany.PrototypeV4/com.epicgames.ue4.GameActivity (server)' ~ Channel is unrecoverably broken and will be disposed!
01-04 18:11:04.737   858   912 W IPCDataChannelAndroidBinder: binder_test2: RuntimeIPC: ConnectionDiedInfo: onBinderDied: 1, com.YourCompany.PrototypeV4:com.YourCompany.PrototypeV4:7091
01-04 18:11:04.737  1247  1263 W IPCDataChannelAndroidBinder: binder_test2: RuntimeIPC: ConnectionDiedInfo: onBinderDied: 1, com.YourCompany.PrototypeV4:com.YourCompany.PrototypeV4:7091
01-04 18:11:04.737  1247  1263 W IPCDataChannelServer: datachannel_test: Disconnected: 4099395020, com.YourCompany.PrototypeV4:com.YourCompany.PrototypeV4:7091
01-04 18:11:04.737  1247  1263 E IPCThreadState: attemptIncStrongHandle(67): Not supported
01-04 18:11:04.737   858   912 E /system/bin/runtimeipcbroker: unlinkToDeath: removed reference to death recipient but unlink failed.
01-04 18:11:04.737  2765  4140 W IPCDataChannelAndroidBinder: binder_test2: RuntimeIPC: ConnectionDiedInfo: onBinderDied: 1, com.YourCompany.PrototypeV4:com.YourCompany.PrototypeV4:7091
01-04 18:11:04.737   858  1238 W IPCDataChannelAndroidBinder: UnregisterLinkDeathHandle: AIBinder_unlinkToDeath FAILED
01-04 18:11:04.737  2765  4140 W IPCDataChannelServer: datachannel_test: Disconnected: 4099395020, com.YourCompany.PrototypeV4:com.YourCompany.PrototypeV4:7091
01-04 18:11:04.737  2765  4140 E IPCThreadState: attemptIncStrongHandle(32): Not supported
01-04 18:11:04.737   858  1238 I RuntimeIPCService: DestroyBrokerConnection: com.YourCompany.PrototypeV4:com.YourCompany.PrototypeV4:7091
01-04 18:11:04.737   858  1238 E IPCThreadState: attemptIncStrongHandle(14): Not supported
01-04 18:11:04.737  2205  2677 W IPCDataChannelAndroidBinder: binder_test2: RuntimeIPC: ConnectionDiedInfo: onBinderDied: 1, com.YourCompany.PrototypeV4:com.YourCompany.PrototypeV4:7091
01-04 18:11:04.737  2205  2677 W IPCDataChannelServer: datachannel_test: Disconnected: 4099395020, com.YourCompany.PrototypeV4:com.YourCompany.PrototypeV4:7091
01-04 18:11:04.738  2205  2677 E IPCThreadState: attemptIncStrongHandle(68): Not supported
01-04 18:11:04.738  1040  4000 I WindowManager: WIN DEATH: Window{24a53fa u0 com.YourCompany.PrototypeV4/com.epicgames.ue4.GameActivity}
01-04 18:11:04.738  1040  4000 W InputDispatcher: Attempted to unregister already unregistered input channel '24a53fa com.YourCompany.PrototypeV4/com.epicgames.ue4.GameActivity (server)'
01-04 18:11:04.738  1040  1603 D ConnectivityService: ConnectivityService NetworkRequestInfo binderDied(NetworkRequest [ LISTEN id=21, [ Transports: CELLULAR|WIFI|BLUETOOTH|ETHERNET|VPN Capabilities: INTERNET&NOT_RESTRICTED&TRUSTED&NOT_VPN&VALIDATED&FOREGROUND Uid: 10144] ], android.os.BinderProxy@64fa219)
01-04 18:11:04.738  1040  2409 I ActivityManager: Process com.YourCompany.PrototypeV4 (pid 7091) has died: cch CRE 
01-04 18:11:04.739  1289  1289 V AvrcpMediaPlayerList: onPlaybackConfigChanged(): Configs list size=5
01-04 18:11:04.739  1289  1289 V AvrcpMediaPlayerList: onPlaybackConfigChanged(): Configs list size=4
01-04 18:11:04.745  2034  2034 I Zygote  : Process 7091 exited cleanly (0)
01-04 18:11:04.757  1040  1065 W ActivityManager: setHasOverlayUi called on unknown pid: 7091
01-04 18:11:04.776  3456  7414 D [SUI] LibraryUsersGroupedByAppsFetcher: LibraryUsersGroupedByAppsFetcher done 0
01-04 18:11:04.776  3456  7414 D [SUI] LibraryViewModel: Calling notifyPropertyChanged(BR.items)
01-04 18:11:04.778  1040  1073 I libprocessgroup: Successfully killed process cgroup uid 10144 pid 7091 in 38ms
01-04 18:11:04.780  1921  2495 W ProfileContentProvider: [doQuery] uri: content://com.oculus.horizon/profile
01-04 18:11:04.782  1921  2495 W ProfileContentProvider: [doQuery] appId: null, callingPackage: com.oculus.systemux
01-04 18:11:04.785  1921  2495 W ProfileContentProvider: [doQuery] isLoggedIn: true, isFirstPartyOrSystem: true
01-04 18:11:04.786  1921  2495 W ProfileContentProvider: [doQuery] app: null
01-04 18:11:04.792  1921  2495 W ProfileContentProvider: [doQuery] accessFeatureKeys: all features
01-04 18:11:04.793  1921  2495 W ProfileContentProvider: [doQuery] callingAppHasSystemPlatformSDKPermission: false
01-04 18:11:04.794  1921  2495 W ProfileContentProvider: [doQuery] verifyProductionFirstPartyApplication: true
01-04 18:11:04.795  1921  2495 W ProfileContentProvider: [doQuery] verifyDebugFirstPartyApplication: false
01-04 18:11:04.795  1921  2495 W ProfileContentProvider: [doQuery] isTrustedUser: false, verifyDebugFirstPartyApplication w/ isTrustedUser: false
01-04 18:11:04.795  1921  2495 W ProfileContentProvider: [doQuery] isDebugOS: false
01-04 18:11:04.795  1921  2495 W ProfileContentProvider: [doQuery] accessFeatureKeys contains USER_ID
01-04 18:11:04.795  1921  2495 W ProfileContentProvider: [doQuery] sWhitelistedAppPackageNameToId has com.oculus.systemux: true
01-04 18:11:04.796  1921  2495 W ProfileContentProvider: [doQuery] userId lookup succeeded: true
01-04 18:11:04.801  1921  2495 W ProfileContentProvider: [doQuery] normal return
01-04 18:11:04.805  3456  3456 D [SUI] HorizonContentProviderHelper: fetchAppsScoreboardsInfo - complete
01-04 18:11:04.811  3456  3456 D [SUI] LibraryView: No scroll to position available
01-04 18:11:04.825  3456  7417 D [SUI] AppFooterManager: fetchEducationTip onSuccess: com.facebook.graphql.minimal.result.MinimalGraphQLResult@90ddd91
01-04 18:11:04.825   868  6811 W [CT]    : VEGA:MAP_TRACKING_HM: [Throttled count=25] Map tracking did not run.
01-04 18:11:04.840  3456  7416 D [SUI] AppFooterManager: fetchEducationTip onSuccess: com.facebook.graphql.minimal.result.MinimalGraphQLResult@38fb4f6
01-04 18:11:04.840  3456  7416 D [SUI] LibraryViewModel: Calling notifyPropertyChanged(BR.items)
01-04 18:11:04.845  3456  3456 D [SUI] SystemUXFunnelLogServerLogger: VPV Event: oculus_impressions_tile_vpved LibraryLogInfo{duration=250, mLogId='2646830762095036', mContentType=APP, mPosX=0, mPosy=0, mGlobalPos=0, mSurface=LIBRARY, mSubSurface=LIBRARY_MAIN, mSearchQuery='null', mFilter='ALL', mSort='MOST_RECENT', mDeviceFilter='Quest', mIsShowingLaunchTogether=false', mEventName=LAUNCH_APP', mSection=null}
01-04 18:11:04.845  3456  3456 D [SUI] SystemUXFunnelLogServerLogger: VPV Event: oculus_impressions_tile_vpved LibraryLogInfo{duration=250, mLogId='fb_messenger_system_app', mContentType=APP, mPosX=1, mPosy=0, mGlobalPos=1, mSurface=LIBRARY, mSubSurface=LIBRARY_MAIN, mSearchQuery='null', mFilter='ALL', mSort='MOST_RECENT', mDeviceFilter='Quest', mIsShowingLaunchTogether=false', mEventName=LAUNCH_APP', mSection=null}
01-04 18:11:04.845  3456  3456 D [SUI] SystemUXFunnelLogServerLogger: VPV Event: oculus_impressions_tile_vpved LibraryLogInfo{duration=250, mLogId='1856672347794301', mContentType=APP, mPosX=2, mPosy=0, mGlobalPos=2, mSurface=LIBRARY, mSubSurface=LIBRARY_MAIN, mSearchQuery='null', mFilter='ALL', mSort='MOST_RECENT', mDeviceFilter='Quest', mIsShowingLaunchTogether=false', mEventName=LAUNCH_APP', mSection=null}
01-04 18:11:04.846  3456  3456 D [SUI] SystemUXFunnelLogServerLogger: VPV Event: oculus_impressions_tile_vpved LibraryLogInfo{duration=250, mLogId='2448060205267927', mContentType=APP, mPosX=3, mPosy=0, mGlobalPos=3, mSurface=LIBRARY, mSubSurface=LIBRARY_MAIN, mSearchQuery='null', mFilter='ALL', mSort='MOST_RECENT', mDeviceFilter='Quest', mIsShowingLaunchTogether=false', mEventName=LAUNCH_APP', mSection=null}
01-04 18:11:04.846  3456  3456 D [SUI] SystemUXFunnelLogServerLogger: VPV Event: oculus_impressions_tile_vpved LibraryLogInfo{duration=250, mLogId='3209391179128490', mContentType=APP, mPosX=0, mPosy=1, mGlobalPos=4, mSurface=LIBRARY, mSubSurface=LIBRARY_MAIN, mSearchQuery='null', mFilter='ALL', mSort='MOST_RECENT', mDeviceFilter='Quest', mIsShowingLaunchTogether=false', mEventName=LAUNCH_APP', mSection=null}
01-04 18:11:04.846  3456  3456 D [SUI] SystemUXFunnelLogServerLogger: VPV Event: oculus_impressions_tile_vpved LibraryLogInfo{duration=250, mLogId='1663790613725314', mContentType=APP, mPosX=1, mPosy=1, mGlobalPos=5, mSurface=LIBRARY, mSubSurface=LIBRARY_MAIN, mSearchQuery='null', mFilter='ALL', mSort='MOST_RECENT', mDeviceFilter='Quest', mIsShowingLaunchTogether=false', mEventName=LAUNCH_APP', mSection=null}
01-04 18:11:04.846  3456  3456 D [SUI] SystemUXFunnelLogServerLogger: VPV Event: oculus_impressions_tile_vpved LibraryLogInfo{duration=250, mLogId='3081642765242609', mContentType=APP, mPosX=2, mPosy=1, mGlobalPos=6, mSurface=LIBRARY, mSubSurface=LIBRARY_MAIN, mSearchQuery='null', mFilter='ALL', mSort='MOST_RECENT', mDeviceFilter='Quest', mIsShowingLaunchTogether=false', mEventName=LAUNCH_APP', mSection=null}
01-04 18:11:04.846  3456  3456 D [SUI] SystemUXFunnelLogServerLogger: VPV Event: oculus_impressions_tile_vpved LibraryLogInfo{duration=250, mLogId='3675568169182204', mContentType=APP, mPosX=3, mPosy=1, mGlobalPos=7, mSurface=LIBRARY, mSubSurface=LIBRARY_MAIN, mSearchQuery='null', mFilter='ALL', mSort='MOST_RECENT', mDeviceFilter='Quest', mIsShowingLaunchTogether=false', mEventName=LAUNCH_APP', mSection=null}
01-04 18:11:04.846  3456  3456 D [SUI] SystemUXFunnelLogServerLogger: VPV Event: oculus_impressions_tile_vpved LibraryLogInfo{duration=250, mLogId='1916519981771802', mContentType=APP, mPosX=0, mPosy=2, mGlobalPos=8, mSurface=LIBRARY, mSubSurface=LIBRARY_MAIN, mSearchQuery='null', mFilter='ALL', mSort='MOST_RECENT', mDeviceFilter='Quest', mIsShowingLaunchTogether=false', mEventName=LAUNCH_APP', mSection=null}
01-04 18:11:04.846  3456  3456 D [SUI] SystemUXFunnelLogServerLogger: VPV Event: oculus_impressions_tile_vpved LibraryLogInfo{duration=250, mLogId='file_viewer', mContentType=APP, mPosX=1, mPosy=2, mGlobalPos=9, mSurface=LIBRARY, mSubSurface=LIBRARY_MAIN, mSearchQuery='null', mFilter='ALL', mSort='MOST_RECENT', mDeviceFilter='Quest', mIsShowingLaunchTogether=false', mEventName=LAUNCH_APP', mSection=null}
01-04 18:11:04.846  3456  3456 D [SUI] SystemUXFunnelLogServerLogger: VPV Event: oculus_impressions_tile_vpved LibraryLogInfo{duration=250, mLogId='settings_system_app', mContentType=APP, mPosX=2, mPosy=2, mGlobalPos=10, mSurface=LIBRARY, mSubSurface=LIBRARY_MAIN, mSearchQuery='null', mFilter='ALL', mSort='MOST_RECENT', mDeviceFilter='Quest', mIsShowingLaunchTogether=false', mEventName=LAUNCH_APP', mSection=null}
01-04 18:11:04.846  3456  3456 D [SUI] SystemUXFunnelLogServerLogger: VPV Event: oculus_impressions_tile_vpved LibraryLogInfo{duration=250, mLogId='2532035600194083', mContentType=APP, mPosX=3, mPosy=2, mGlobalPos=11, mSurface=LIBRARY, mSubSurface=LIBRARY_MAIN, mSearchQuery='null', mFilter='ALL', mSort='MOST_RECENT', mDeviceFilter='Quest', mIsShowingLaunchTogether=false', mEventName=LAUNCH_APP', mSection=null}
01-04 18:11:04.846  3456  3456 D [SUI] LibraryView: No scroll to position available
01-04 18:11:04.953  3456  7414 D [SUI] AppFooterManager: fetchEducationTip onSuccess: com.facebook.graphql.minimal.result.MinimalGraphQLResult@99730f7
01-04 18:11:04.953  3456  7414 D [SUI] LibraryViewModel: Calling notifyPropertyChanged(BR.items)
01-04 18:11:04.956  3456  3456 D [SUI] LibraryView: No scroll to position available
01-04 18:11:04.997  3456  3456 W [SUI] AsyncQueryHandlerBase: Callback reference is null
01-04 18:11:05.001  1946  7345 I VrApi   : FPS=84/90,Prd=27ms,Tear=0,Early=0,Stale=7,VSnc=0,Lat=-1,Fov=0,CPU4/GPU=4/3,2419/490MHz,OC=FF,TA=0/70/0,SP=N/F/N,Mem=2092MHz,Free=3189MB,PLS=0,Temp=26.0C/0.0C,TW=2.34ms,App=4.73ms,GD=0.00ms,CPU&GPU=8.16ms,LCnt=5(DR0,LM2),GPU%=0.64,CPU%=0.57(W0.70),DSF=1.00,CFL=14.56/20.02
01-04 18:11:05.810  3456  7366 E memtrack: Couldn't load memtrack module
01-04 18:11:05.810  3456  7366 W android.os.Debug: failed to get memory consumption info: -1
01-04 18:11:05.827   868  6811 W [CT]    : VEGA:MAP_TRACKING_HM: [Throttled count=24] Map tracking did not run.
01-04 18:11:05.986   868  6811 W [CT]    : VEGA:MAP_TRACKING_HM: [Throttled count=2] Bad map tracking: map tracking failed @ Submap id = 2, version = 308832465 with status: 2
01-04 18:11:06.002  1946  7345 I VrApi   : FPS=89/90,Prd=33ms,Tear=0,Early=82,Stale=1,VSnc=0,Lat=-1,Fov=0,CPU4/GPU=4/3,2419/490MHz,OC=FF,TA=0/70/0,SP=N/F/N,Mem=2092MHz,Free=3189MB,PLS=0,Temp=26.0C/0.0C,TW=2.68ms,App=4.69ms,GD=0.00ms,CPU&GPU=6.54ms,LCnt=4(DR0,LM0),GPU%=0.70,CPU%=0.22(W0.24),DSF=1.00,CFL=14.77/19.65
01-04 18:11:06.013   868  6811 W [CT]    : TIMESTAMPCHECKER: Nominal rate wrong. Estimated data rate: 25, Nominal is 30.000300003000028
01-04 18:11:06.246  3456  3456 D [SUI] LibraryLogger: Logging dropdown option click, dropdown: filter, previous: ALL, new: TUTORIALS
01-04 18:11:06.247  3456  3456 D [SUI] LibraryViewModel: Set current filter to be: Tutorials
01-04 18:11:06.247  3456  3456 D [SUI] LibraryStateHelper: Share preference changed: filter_state
01-04 18:11:06.247  3456  3456 D [SUI] LibraryView: Setting pending scroll position: 0
01-04 18:11:06.248  3456  3456 D [SUI] LibraryViewModel: Calling notifyPropertyChanged(BR.items)
01-04 18:11:06.251  3456  3456 D [SUI] LibraryView: Scroll to position: 0
01-04 18:11:06.260  3456  3456 D [SUI] LibraryContentAdapter: No view available for position -1
01-04 18:11:06.261  3456  3456 I chatty  : uid=10026 com.oculus.systemux:SystemUX identical 13 lines
01-04 18:11:06.261  3456  3456 D [SUI] LibraryContentAdapter: No view available for position -1
01-04 18:11:06.309   948   948 E adbd    : failed to connect to socket 'tcp:6666': Connection refused
01-04 18:11:06.326  3456  3456 D [SUI] SystemUXFunnelLogServerLogger: Impression Event: oculus_impressions_tile_impressioned LibraryLogInfo{duration=0, mLogId='fit_guide_entitlement', mContentType=APP, mPosX=1, mPosy=0, mGlobalPos=1, mSurface=LIBRARY, mSubSurface=LIBRARY_MAIN, mSearchQuery='null', mFilter='TUTORIALS', mSort='MOST_RECENT', mDeviceFilter='Quest', mIsShowingLaunchTogether=false', mEventName=LAUNCH_APP', mSection=null}
01-04 18:11:06.326  3456  3456 D [SUI] SystemUXFunnelLogServerLogger: Impression Event: oculus_impressions_tile_impressioned LibraryLogInfo{duration=0, mLogId='hands_guide_entitlement', mContentType=APP, mPosX=2, mPosy=0, mGlobalPos=2, mSurface=LIBRARY, mSubSurface=LIBRARY_MAIN, mSearchQuery='null', mFilter='TUTORIALS', mSort='MOST_RECENT', mDeviceFilter='Quest', mIsShowingLaunchTogether=false', mEventName=LAUNCH_APP', mSection=null}
01-04 18:11:06.326  3456  3456 D [SUI] SystemUXFunnelLogServerLogger: Impression Event: oculus_impressions_tile_impressioned LibraryLogInfo{duration=0, mLogId='get-more-apps', mContentType=BUTTON, mPosX=3, mPosy=0, mGlobalPos=3, mSurface=LIBRARY, mSubSurface=null, mSearchQuery='null', mFilter='TUTORIALS', mSort='MOST_RECENT', mDeviceFilter='Quest', mIsShowingLaunchTogether=false', mEventName=TILE_CLICK', mSection=null}
