01-02 13:33:23.746  3199  3199 D [SEO] PanelServiceConnection: onSeviceConnected - component name (ComponentInfo{com.oculus.systemux/com.oculus.panelapp.anytimeui.AnytimeUIAndroidPanelService}), panel app id (21)
01-02 13:33:23.746  3199  3199 D [SEO] ShellApplication: notify OS to set com.oculus.systemux/com.oculus.panelapp.anytimeui.AnytimeUIAndroidPanelService to FOREGROUND
01-02 13:33:23.746  3781  3781 E BackgroundThreadExecutor: Refusing to execute task because BackgroundThreadExecutor instance is destroyed: com.oculus.panelapp.anytimeui.tablet.notifications.core.-$$Lambda$NotificationManagerSourceHandler$HybXWBXsqdbvph6F5RgmzU3_G5A@4092850
01-02 13:33:23.746  3781  3781 D [SUI] NotificationBroadcastReceiver: action: com.oculus.intent.action.NOTIF_CHANGE
01-02 13:33:23.746  3781  3781 E BackgroundThreadExecutor: Refusing to execute task because BackgroundThreadExecutor instance is destroyed: com.oculus.panelapp.anytimeui.tablet.notifications.core.-$$Lambda$NotificationManagerSourceHandler$HybXWBXsqdbvph6F5RgmzU3_G5A@eba49
01-02 13:33:23.747  2453  6861 I CompositorVR: WarpToScreen: Skipping frames for 9
01-02 13:33:23.748  3199  3199 I [SEO] PanelAppConnection: verifyFirstPartyUID(Debug Signatures=false, uid=10026) => apkSignatureResult=SigCertInfo(isTrusted=true, packageNames=[com.oculus.systemux], fingerprint sha1=98a1809f3c3e79170e5df8135b500ecfa39df1be, fingerprint sha256=012f8165c191efe8fb0d6d4606aa4abac14d77d1d97d5340860c9f81045aa157, signature=308205cf308203b7a0030201020204097e91c1300d06092a864886f70d01010b0500308197310b3009060355040613025553311330110603550408130a43616c69666f726e6961311330110603550407130a4d656e6c6f205061726b31233021060355040a131a46616365626f6f6b20546563686e6f6c6f676965732c204c4c4331233021060355040b131a46616365626f6f6b20546563686e6f6c6f676965732c204c4c43311430120603550403130b4f63756c75732041707073301e170d3139303730343131333935315a170d3436313131393131333935315a308197310b3009060355040613025553311330110603550408130a43616c69666f726e6961311330110603550407130a4d656e6c6f205061726b31233021060355040a131a46616365626f6f6b20546563686e6f6c6f676965732c204c4c4331233021060355040b131a46616365626f6f6b20546563686e6f6c6f676965732c204c4c43311430120603550403130b4f63756c7573204170707330820222300d06092a864886f70d01010105000382020f003082020a0282020100b815642a5c201c8da044905dafbb06c05fddb75449cc75a716a0434da0493a52a4d60643532c237e76cb41d2c32a5e4474f12b37f632a809b5a5ceb8c6289ecf828e736b4ec452b1c2757bd0b5ed13eff5a7a47ab2ef6cdf60a8d749e9e8603f30d12b5db8f734c57578a2a4ce5ff5737c1f02c629d2dcb4f82726674663a699de94463ff370fa9eb48158831bf0b68bd6ec84293182d52e860bdd81bb9ce9cdd6a77fea0df25004da34d3cce7a31069646aa4628fba9ccb0952163793be9a4edf49a53f83179c2f44d8c87d6c129e8d590af0f3fced26201ee43b31fccd93b497cd198c5cd1f98d64c4f7ad79ca47278c02652d5dc072a99807e22f473f7bae4da2bafcae48cd49ad55a764b8d39f329f6175eac9074307deff48b1c4a6e19b748766617768c31a17feae8478eb7f9ebfb61af2b9f5a692b636342d7ebc53d7146626b51801b5a0a102e281475decdefb8683d0ca2843dc7aaeb6759bcab0dcba38db44f5d7f797a1c9c02dd159c0e3c72b14dc882d31c24ad8abee4ce0f7f0205e05efef551e2551a61e96636ed5dfd7435d3d24f5a130a12f10452cc954aa770d5d95e3e0cb9d7b05c5506a7947f8ff3437b3d82274fdaa156d85bfb7fbcb4fa5557080fedab86520b71d3d533e7bb3e7e3ebe9712b68e755d700b0afbf7595ffa80a6b3d90bfe599769138ee6515df415e32c0abed2b8e4aea1f47351f490203010001a321301f301d0603551d0e04160414a3c939e6b71c43bc9193f773c0351be1aff311f9300d06092a864886f70d01010b050003820201004e4c865231f2a3583c6af9488ecf9aa96b1ee84e2d7bfad00581537dc70c54ecfcf360e563d018efa4cdd77bf6fc4c9f1a20ebd4215cf1538686d4089bdcc8adb6ae4497ead14b0c18efd52ce93357019973e94e16b3326c60885b1bdc5f9cad1098f16732935876d8d19bda3ceeaaa69a83c4e2231710c6735f88abdfffe3dfa2be3f18f894923441b4e4a9c9664ed6294c16d7c073547063bfdbbefad184a001f1dce2feffdc96d10eb16a3bfbcd382cd297ca3b4edb7ebacd1a9931a1368a5157ceaebbca5b39bd5db5461a340db8ec076d38a94bcdd042bfb51388158ba97a49b631c1762fa746c7bb36eaf15cae23fa993cfb052e824f2ae173ea27b50a6cca91eb955f4faf131514757e5a3ecae9df6d23771279b7742f28fb9ce394eb9e03926f550716f1312355a5efdc479d8347b516cff55cb14307c81280142cacf2fd6562a2baacbfc97869272b1c51abf79121de8bab227e001313d4115eb9b33a332ebb34e290f14b5352ef1038f7a5f3740c9d1136b3526de4331deb4fa529c36a17c04c3e64d4f6ebda73d6e6e18281e3948fd11e685eab6611be1bc62839bce5962715e7f6537e6c083bcd3538d17407b26c850cd6b3f5e2149fdef027a6cfb7ed0f93c928aca14927b10c6a3f104ba1b10413af8b1868b84a004e5ddd065fff26a7bb3c818bb5a2d69aedf9441ef9033efae3ef52282a96f66d4b4ff3f2)
01-02 13:33:23.756  3781  5634 I PanelVerifier: verifyVrShellUID(Debug Signatures=false, uid=10020) => apkSignatureResult=SigCertInfo(isTrusted=true, packageNames=[com.oculus.vrshell], fingerprint sha1=331660b6dd3bd582f3dfd3cbae4546724668a021, fingerprint sha256=dc2f834e3c1942378b14f076c82cd1ab59ea6566bff4730b2047e98efc9f9daf, signature=3082038d30820275a00302010202041303858a300d06092a864886f70d01010b05003077310b3009060355040613025553310b3009060355040813024341311330110603550407130a4d656e6c6f205061726b31173015060355040a130e4f63756c75732056522c204c4c4331173015060355040b130e4f63756c75732056522c204c4c43311430120603550403130b4f63756c75732041707073301e170d3134313033303231343032315a170d3432303331373231343032315a3077310b3009060355040613025553310b3009060355040813024341311330110603550407130a4d656e6c6f205061726b31173015060355040a130e4f63756c75732056522c204c4c4331173015060355040b130e4f63756c75732056522c204c4c43311430120603550403130b4f63756c7573204170707330820122300d06092a864886f70d01010105000382010f003082010a0282010100a34c7fbd96dea95d811f21a0d760cabca85f2df5dbe19b62aca7a3e3e0b6e48f7e173345f2753c458d639cc2e222eeee4cfb5e89ac1c5060044414056709a43a7f1a6f1e4f2c3d708c48912634be08ad6da1fff92d9c0d4b85e4bc8a8b1c27de84c04eb1e6577c10693500af46beaf7bd2ce72a06a46f4e565859f242cecbef1a431ae8096db712cebe73840bacc64de6b99077ba1ca8c20e5d0b4870bd161f087abbf568dfef58e604068ca6f7cdea183c8681c306bc30cb223e7c5ce3a2fcf00d13e158475b3700ef62dcca46c57baecca4d91052e20b861a1a085d5fc8e99aed8c4a9cfd550d01e54ef5062133befcf7f9ea6a5a1d1575a72cd82279f34030203010001a321301f301d0603551d0e04160414ec7ccdaf8ccdc6dd1b87d4b561582ad8ec397b80300d06092a864886f70d01010b0500038201010014c557ecddc17ba8b979618036e7093b8e7307f624644532c31239f4dc83fd9424267ca7670fa9f78689cbc5bfd8a6312fdc214bd159d614a8753ceec0f2b2d9166217895b13c992e1d10ca625a3153dacfa51dbdb7fde139bd59510f5add29f88be3826b445ce7386dcf06577be72fbdf118fa81179091fad275981409e02d40422d8e86df5827a2c496a4b905b4825c3f1ba0af4cf509bf9b0d4d608cf0b4320ac60d1a8cbcc384de24f11a4c93c0fc5b887cbd6855871af1b1ef729c51a8a123efc6a627b6494e81a264587443b9156ad17772863c2f9685fae9c72a552b333f8ef2822bce5d4d178e45b3a8dd4e321924f6a5ba43f732971a9e74cbf0433), time=1 ms
01-02 13:33:23.756  3781  3781 D PanelAppClient: BEGIN: Initializing panel application via MSG_CREATE_PANEL_APP.
01-02 13:33:23.757  3781  3781 I AndroidPanelApp: Created
01-02 13:33:23.757  3781  3781 V LifecycleAwareViewModelStore: LifecycleAwareViewModelStore created
01-02 13:33:23.757  3781  3781 V LifecycleAwarePanelApp: PanelApp initial lifecycle started and moved from state INITIALIZED to state RESUMED
01-02 13:33:23.758  2453  6861 I CompositorVR: WarpToScreen: Skipping frames for 9
01-02 13:33:23.759  3781  3781 I [SUI] ConsumerConfiguration: Setting SystemUX Configuration and Policy Settings.
01-02 13:33:23.760  3781  3781 D [SUI] StatusViewModel: Constructing ViewModel
01-02 13:33:23.760  3781  7419 D QuickPromotionController: Initialized and enabled.
01-02 13:33:23.760  3781  7419 D QuickPromotionController: Fetching Quick Promotions for all surfaces.
01-02 13:33:23.760  3781  7419 D QuickPromotionController: Initialized and enabled.
01-02 13:33:23.760  3781  7419 D QuickPromotionController: Set access token.
01-02 13:33:23.761   860  7373 W TrackingService: attachClient: found client in attached list
01-02 13:33:23.762  3781  7419 D QuickPromotionController: Fetched Quick Promotions for all surfaces.
01-02 13:33:23.762  3781  3781 I android_os_HwBinder: HwBinder: Starting thread pool for getting: vendor.oculus.hardware.battery@1.0::IBattery/default
01-02 13:33:23.765  5504  5606 E OsSdk   : error getting shared memory region, memory type: HeadTracker, failed with Status(-1, EX_SECURITY): 'requested shared memory region when not registered/focused'
01-02 13:33:23.766  3781  3781 D [SUI] StatusViewModel: Initializing wifi status BroadcastReceiver
01-02 13:33:23.766  3781  3781 D [SUI] StatusViewModel: Initialized wifi status BroadcastReceiver
01-02 13:33:23.769  2453  6861 I CompositorVR: WarpToScreen: Skipping frames for 9
01-02 13:33:23.772  3781  3781 D [SUI] PanelAppBase: Acquiring viewModel StatusViewModel refCount: 1
01-02 13:33:23.772  3781  3781 D [SUI] AirlinkUtils: Initializing AirlinkUtils...
01-02 13:33:23.773  3781  3781 D [SUI] AirlinkUtils: Initializing wifi status BroadcastReceiver
01-02 13:33:23.773  2205  7416 D CCodecBufferChannel: [c2.android.vorbis.decoder#964] Discard frames from previous generation.
01-02 13:33:23.777   835  3901 V C2Store : in ~ComponentModule
01-02 13:33:23.777   835  3901 V C2Store : unloading dll
01-02 13:33:23.779  3781  3781 D OsSdk   : XrspBroker: setALEnabled 0
01-02 13:33:23.779  3781  3781 I [SUI] XrspBrokerHelper: Set AirLink Enabled Secured: 0
01-02 13:33:23.779   885  3828 D xrspd   : setALEnabled 0
01-02 13:33:23.780   885  3828 D xrspd   : setAlinkEnabledCallback disabled, already using usb, ignoring
01-02 13:33:23.780  3781  3781 I [SUI] AnytimeUIAndroidPanelApp: Creating AUI PanelApp, isInOverlay: false, instanceCount: 1
01-02 13:33:23.780  2453  6861 I CompositorVR: WarpToScreen: Skipping frames for 9
01-02 13:33:23.782  3781  3781 D [SUI] ActivityManagerUtilsHelper: Enabling the activity listener capability with initial foreground package com.oculus.shellenv
01-02 13:33:23.783  3781  3781 D [SUI] SystemUXBroadcastReceiver: requestCaptureState being sent
01-02 13:33:23.784  3781  3781 D [SUI] SocialViewModel: Constructing ViewModel
01-02 13:33:23.784  3781  3781 D [SUI] DynamicAppsViewModel: Initializing pinned apps
01-02 13:33:23.785  3781  3781 D [SUI] AppStateUtil: Notifying observers com.oculus.explore is pinned=true
01-02 13:33:23.785  2272  2666 I OVRMediaService: onStartCommand Received message type: com.oculus.horizon.GET_CAPTURE_STATE_ACTION, caller package: no_app_identity, app identify: null
01-02 13:33:23.785  3781  3781 D [SUI] AppStateUtil: Notifying observers com.oculus.store is pinned=true
01-02 13:33:23.785  3781  3781 D [SUI] AppStateUtil: Notifying observers messenger_system_app is pinned=true
01-02 13:33:23.785  3781  3781 D [SUI] AppStateUtil: Notifying observers share_system_app is pinned=true
01-02 13:33:23.791  2453  6861 I CompositorVR: WarpToScreen: Skipping frames for 9
01-02 13:33:23.802  2453  6861 I CompositorVR: WarpToScreen: Skipping frames for 9
01-02 13:33:23.803  3199  3199 D [SEO] ShellControlBroadcastReceiver: onReceive with MainActivity native pointer 3762388256, action com.oculus.systemactivities.CAPTURE_STATE_UPDATE
01-02 13:33:23.803  3199  3199 D [SEO] ShellControlBroadcastReceiver: isLaunchAction = false, isTrustedAppLaunch = false
01-02 13:33:23.803  3199  3199 D [SEO] ShellControlBroadcastReceiver: IsCaptureStateUpdateAction
01-02 13:33:23.804  2272  2666 I FileCapture: broadcast capture state to AUI running = false, with mode -1
01-02 13:33:23.805  3781  3781 W OVRLibrary: null cursor received for query content://com.oculus.ocms.library/apps/com.YourCompany.PrototypeV4
01-02 13:33:23.807   860  7373 I chatty  : uid=1000(system) Binder:860_4 identical 1 line
01-02 13:33:23.808  5504  5606 E OsSdk   : error getting shared memory region, memory type: HeadTracker, failed with Status(-1, EX_SECURITY): 'requested shared memory region when not registered/focused'
01-02 13:33:23.808  2430  2430 D DeviceHelper: isScreenOn = true
01-02 13:33:23.808  2430  2430 D [OAO] ShellOverlayBroadcastReceiver: onReceive with ShellOverlayService native pointer 3762130880, action com.oculus.systemactivities.CAPTURE_STATE_UPDATE
01-02 13:33:23.808  3781  7427 D CCodec  : allocate(c2.android.raw.decoder)
01-02 13:33:23.809   835  3901 V C2Store : in init
01-02 13:33:23.809   835  3901 V C2Store : loading dll
01-02 13:33:23.813  2453  6861 I CompositorVR: WarpToScreen: Skipping frames for 9
01-02 13:33:23.815  2272  2666 I OVRMediaServiceManager: Metacam is not enabled.
01-02 13:33:23.815  3781  7427 I CCodec  : Created component [c2.android.raw.decoder]
01-02 13:33:23.815  3781  7427 D CCodecConfig: read media type: audio/raw
01-02 13:33:23.820  3781  7427 D ReflectedParamUpdater: extent() != 1 for single value type: algo.buffers.max-count.values
01-02 13:33:23.821  3781  7427 D ReflectedParamUpdater: extent() != 1 for single value type: output.subscribed-indices.values
01-02 13:33:23.824  3781  7427 D ReflectedParamUpdater: extent() != 1 for single value type: input.buffers.allocator-ids.values
01-02 13:33:23.824  3781  7427 D ReflectedParamUpdater: extent() != 1 for single value type: output.buffers.allocator-ids.values
01-02 13:33:23.825  2453  6861 I CompositorVR: WarpToScreen: Skipping frames for 9
01-02 13:33:23.825  3781  7427 D ReflectedParamUpdater: extent() != 1 for single value type: algo.buffers.allocator-ids.values
01-02 13:33:23.826  3781  7427 D ReflectedParamUpdater: extent() != 1 for single value type: output.buffers.pool-ids.values
01-02 13:33:23.826  3781  7427 D ReflectedParamUpdater: extent() != 1 for single value type: algo.buffers.pool-ids.values
01-02 13:33:23.829  3781  7427 I CCodecConfig: query failed after returning 8 values (BAD_INDEX)
01-02 13:33:23.829  3781  7427 D CCodecConfig: c2 config diff is Dict {
01-02 13:33:23.829  3781  7427 D CCodecConfig:   c2::u32 coded.bitrate.value = 64000
01-02 13:33:23.829  3781  7427 D CCodecConfig:   c2::u32 input.buffers.max-size.value = 65536
01-02 13:33:23.829  3781  7427 D CCodecConfig:   c2::u32 input.delay.value = 0
01-02 13:33:23.829  3781  7427 D CCodecConfig:   string input.media-type.value = "audio/raw"
01-02 13:33:23.829  3781  7427 D CCodecConfig:   string output.media-type.value = "audio/raw"
01-02 13:33:23.829  3781  7427 D CCodecConfig:   c2::u32 raw.channel-count.value = 2
01-02 13:33:23.829  3781  7427 D CCodecConfig:   c2::u32 raw.pcm-encoding.value = 0
01-02 13:33:23.829  3781  7427 D CCodecConfig:   c2::u32 raw.sample-rate.value = 44100
01-02 13:33:23.829  3781  7427 D CCodecConfig: }
01-02 13:33:23.829  3781  7427 D CCodecConfig: no c2 equivalents for durationUs
01-02 13:33:23.829  3781  7427 D CCodecConfig: no c2 equivalents for track-id
01-02 13:33:23.829  3781  7427 D CCodecConfig: no c2 equivalents for bits-per-sample
01-02 13:33:23.829  3781  7427 D CCodecConfig: no c2 equivalents for channel-mask
01-02 13:33:23.831  3781  7427 D CCodecConfig: c2 config diff is   c2::u32 raw.channel-count.value = 1
01-02 13:33:23.831  3781  7427 D CCodecConfig:   c2::u32 raw.sample-rate.value = 48000
01-02 13:33:23.831  3781  7427 W Codec2Client: query -- param skipped: index = 1107298332.
01-02 13:33:23.831  3781  7427 D CCodec  : setup formats input: AMessage(what = 0x00000000) = {
01-02 13:33:23.831  3781  7427 D CCodec  :   int32_t channel-count = 1
01-02 13:33:23.831  3781  7427 D CCodec  :   int32_t max-input-size = 65536
01-02 13:33:23.831  3781  7427 D CCodec  :   string mime = "audio/raw"
01-02 13:33:23.831  3781  7427 D CCodec  :   int32_t pcm-encoding = 2
01-02 13:33:23.831  3781  7427 D CCodec  :   int32_t sample-rate = 48000
01-02 13:33:23.831  3781  7427 D CCodec  : } and output: AMessage(what = 0x00000000) = {
01-02 13:33:23.831  3781  7427 D CCodec  :   int32_t channel-count = 1
01-02 13:33:23.831  3781  7427 D CCodec  :   string mime = "audio/raw"
01-02 13:33:23.831  3781  7427 D CCodec  :   int32_t pcm-encoding = 2
01-02 13:33:23.831  3781  7427 D CCodec  :   int32_t sample-rate = 48000
01-02 13:33:23.831  3781  7427 D CCodec  :   int32_t channel-mask = 0
01-02 13:33:23.831  3781  7427 D CCodec  : }
01-02 13:33:23.831  3781  7427 W Codec2Client: query -- param skipped: index = 1342179345.
01-02 13:33:23.831  3781  7427 W Codec2Client: query -- param skipped: index = 2415921170.
01-02 13:33:23.832  3781  7427 D CCodecBufferChannel: [c2.android.raw.decoder#321] Created input block pool with allocatorID 16 => poolID 22 - OK (0)
01-02 13:33:23.833  3781  7427 I CCodecBufferChannel: [c2.android.raw.decoder#321] Created output block pool with allocatorID 16 => poolID 58 - OK
01-02 13:33:23.833  3781  7427 D CCodecBufferChannel: [c2.android.raw.decoder#321] Configured output block pool ids 58 => OK
01-02 13:33:23.836  2453  6861 I CompositorVR: WarpToScreen: Skipping frames for 9
01-02 13:33:23.838   835  7428 D SimpleC2Component: Using output block pool with poolID 58 => got 58 - 0
01-02 13:33:23.840   811  7313 D MediaBufferGroup: creating MemoryDealer
01-02 13:33:23.843  3781  3781 W OVRLibrary: null cursor received for query content://com.oculus.ocms.library/apps/com.oculus.xrstreamingclient
01-02 13:33:23.845  1796  7395 W ContextImpl: Calling a method in the system process without a qualified user: android.app.ContextImpl.sendBroadcast:1057 android.content.ContextWrapper.sendBroadcast:448 X.np.A00:133 X.no.A00:17 X.no.handleMessage:80 
01-02 13:33:23.847  2453  6861 I CompositorVR: WarpToScreen: Skipping frames for 9
01-02 13:33:23.853   860  7373 W TrackingService: attachClient: found client in attached list
01-02 13:33:23.855  5504  5606 E OsSdk   : error getting shared memory region, memory type: HeadTracker, failed with Status(-1, EX_SECURITY): 'requested shared memory region when not registered/focused'
01-02 13:33:23.856   860  7412 W TrackingService: attachClient: found client in attached list
01-02 13:33:23.857  5504  5606 E OsSdk   : error getting shared memory region, memory type: AnchorTracker, failed with Status(-1, EX_SECURITY): 'requested shared memory region when not registered/focused'
01-02 13:33:23.858  2453  6861 I CompositorVR: WarpToScreen: Skipping frames for 9
01-02 13:33:23.864   835  1820 D BufferPoolAccessor: Destruction - bufferpool2 0x2c2668f630 cached: 0/0M, 0/0% in use; allocs: 0, 0% recycled; transfers: 0, 0% unfetced
01-02 13:33:23.864   835  1820 V C2Store : in ~ComponentModule
01-02 13:33:23.864   835  1820 V C2Store : unloading dll
01-02 13:33:23.868  3781  3781 W OVRLibrary: null cursor received for query content://com.oculus.ocms.library/apps/com.YourCompany.TemplateProject3
01-02 13:33:23.869  2453  6861 I CompositorVR: WarpToScreen: Skipping frames for 9
01-02 13:33:23.880  2453  6861 I CompositorVR: WarpToScreen: Skipping frames for 9
01-02 13:33:23.883  2205  7433 D CCodec  : allocate(c2.android.vorbis.decoder)
01-02 13:33:23.883   835  1820 V C2Store : in init
01-02 13:33:23.883   835  1820 V C2Store : loading dll
01-02 13:33:23.886  3781  3781 W OVRLibrary: null cursor received for query content://com.oculus.ocms.library/apps/quick_settings_app
01-02 13:33:23.886  2205  7433 I CCodec  : Created component [c2.android.vorbis.decoder]
01-02 13:33:23.887  2205  7433 D CCodecConfig: read media type: audio/vorbis
01-02 13:33:23.890  2205  7433 D ReflectedParamUpdater: extent() != 1 for single value type: algo.buffers.max-count.values
01-02 13:33:23.891  2453  6861 I CompositorVR: WarpToScreen: Skipping frames for 9
01-02 13:33:23.895  2205  7433 D ReflectedParamUpdater: extent() != 1 for single value type: output.subscribed-indices.values
01-02 13:33:23.895  2205  7433 D ReflectedParamUpdater: extent() != 1 for single value type: input.buffers.allocator-ids.values
01-02 13:33:23.895  2205  7433 D ReflectedParamUpdater: extent() != 1 for single value type: output.buffers.allocator-ids.values
01-02 13:33:23.895  2205  7433 D ReflectedParamUpdater: extent() != 1 for single value type: algo.buffers.allocator-ids.values
01-02 13:33:23.895  2205  7433 D ReflectedParamUpdater: extent() != 1 for single value type: output.buffers.pool-ids.values
01-02 13:33:23.895  2205  7433 D ReflectedParamUpdater: extent() != 1 for single value type: algo.buffers.pool-ids.values
01-02 13:33:23.896  2205  7433 I CCodecConfig: query failed after returning 7 values (BAD_INDEX)
01-02 13:33:23.896  2205  7433 D CCodecConfig: c2 config diff is Dict {
01-02 13:33:23.896  2205  7433 D CCodecConfig:   c2::u32 coded.bitrate.value = 64000
01-02 13:33:23.896  2205  7433 D CCodecConfig:   c2::u32 input.buffers.max-size.value = 32768
01-02 13:33:23.896  2205  7433 D CCodecConfig:   c2::u32 input.delay.value = 0
01-02 13:33:23.896  2205  7433 D CCodecConfig:   string input.media-type.value = "audio/vorbis"
01-02 13:33:23.896  2205  7433 D CCodecConfig:   string output.media-type.value = "audio/raw"
01-02 13:33:23.896  2205  7433 D CCodecConfig:   c2::u32 raw.channel-count.value = 1
01-02 13:33:23.896  2205  7433 D CCodecConfig:   c2::u32 raw.sample-rate.value = 48000
01-02 13:33:23.896  2205  7433 D CCodecConfig: }
01-02 13:33:23.896  2205  7433 D CCodecConfig: no c2 equivalents for durationUs
01-02 13:33:23.896  2205  7433 D CCodecConfig: no c2 equivalents for csd-1
01-02 13:33:23.896  2205  7433 D CCodecConfig: no c2 equivalents for track-id
01-02 13:33:23.896  2205  7433 D CCodecConfig: no c2 equivalents for channel-mask
01-02 13:33:23.898  2205  7433 D CCodecConfig: c2 config diff is   c2::u32 raw.channel-count.value = 2
01-02 13:33:23.898  2205  7433 D CCodecConfig:   c2::u32 raw.sample-rate.value = 44100
01-02 13:33:23.898  2205  7433 W Codec2Client: query -- param skipped: index = 1107298332.
01-02 13:33:23.898  2205  7433 D CCodec  : setup formats input: AMessage(what = 0x00000000) = {
01-02 13:33:23.898  2205  7433 D CCodec  :   int32_t channel-count = 2
01-02 13:33:23.898  2205  7433 D CCodec  :   int32_t max-input-size = 32768
01-02 13:33:23.898  2205  7433 D CCodec  :   string mime = "audio/vorbis"
01-02 13:33:23.898  2205  7433 D CCodec  :   int32_t sample-rate = 44100
01-02 13:33:23.898  2205  7433 D CCodec  : } and output: AMessage(what = 0x00000000) = {
01-02 13:33:23.898  2205  7433 D CCodec  :   int32_t channel-count = 2
01-02 13:33:23.898  2205  7433 D CCodec  :   string mime = "audio/raw"
01-02 13:33:23.898  2205  7433 D CCodec  :   int32_t sample-rate = 44100
01-02 13:33:23.898  2205  7433 D CCodec  :   int32_t channel-mask = 3
01-02 13:33:23.898  2205  7433 D CCodec  : }
01-02 13:33:23.901   835  1827 V C2Store : in ~ComponentModule
01-02 13:33:23.901   835  1827 V C2Store : unloading dll
01-02 13:33:23.902  5504  5606 E OsSdk   : error getting shared memory region, memory type: HeadTracker, failed with Status(-1, EX_SECURITY): 'requested shared memory region when not registered/focused'
01-02 13:33:23.903  2453  6861 I CompositorVR: WarpToScreen: Skipping frames for 9
01-02 13:33:23.905  1796  7418 W ContextImpl: Calling a method in the system process without a qualified user: android.app.ContextImpl.sendBroadcast:1057 android.content.ContextWrapper.sendBroadcast:448 X.np.A00:133 X.no.A00:17 X.no.handleMessage:80 
01-02 13:33:23.911  3781  3781 W OVRLibrary: null cursor received for query content://com.oculus.ocms.library/apps/notifications_system_app
01-02 13:33:23.914  2453  6861 I CompositorVR: WarpToScreen: Skipping frames for 9
01-02 13:33:23.925  2453  6861 I CompositorVR: WarpToScreen: Skipping frames for 9
01-02 13:33:23.928  3781  3781 W OVRLibrary: null cursor received for query content://com.oculus.ocms.library/apps/paused_app
01-02 13:33:23.935  2205  7436 D CCodec  : allocate(c2.android.vorbis.decoder)
01-02 13:33:23.935   835  1827 V C2Store : in init
01-02 13:33:23.935   835  1827 V C2Store : loading dll
01-02 13:33:23.936  2453  6861 I CompositorVR: WarpToScreen: Skipping frames for 9
01-02 13:33:23.942  5504  5606 E OsSdk   : error getting shared memory region, memory type: HeadTracker, failed with Status(-1, EX_SECURITY): 'requested shared memory region when not registered/focused'
01-02 13:33:23.943  2205  7436 I CCodec  : Created component [c2.android.vorbis.decoder]
01-02 13:33:23.943  2205  7436 D CCodecConfig: read media type: audio/vorbis
01-02 13:33:23.945  2205  7436 D ReflectedParamUpdater: extent() != 1 for single value type: algo.buffers.max-count.values
01-02 13:33:23.946  2205  7436 D ReflectedParamUpdater: extent() != 1 for single value type: output.subscribed-indices.values
01-02 13:33:23.946  2205  7436 D ReflectedParamUpdater: extent() != 1 for single value type: input.buffers.allocator-ids.values
01-02 13:33:23.946  2205  7436 D ReflectedParamUpdater: extent() != 1 for single value type: output.buffers.allocator-ids.values
01-02 13:33:23.946  2205  7436 D ReflectedParamUpdater: extent() != 1 for single value type: algo.buffers.allocator-ids.values
01-02 13:33:23.946  2205  7436 D ReflectedParamUpdater: extent() != 1 for single value type: output.buffers.pool-ids.values
01-02 13:33:23.946  2205  7436 D ReflectedParamUpdater: extent() != 1 for single value type: algo.buffers.pool-ids.values
01-02 13:33:23.947  2205  7436 I CCodecConfig: query failed after returning 7 values (BAD_INDEX)
01-02 13:33:23.947  2205  7436 D CCodecConfig: c2 config diff is Dict {
01-02 13:33:23.947  2205  7436 D CCodecConfig:   c2::u32 coded.bitrate.value = 64000
01-02 13:33:23.947  2205  7436 D CCodecConfig:   c2::u32 input.buffers.max-size.value = 32768
01-02 13:33:23.947  2205  7436 D CCodecConfig:   c2::u32 input.delay.value = 0
01-02 13:33:23.947  2205  7436 D CCodecConfig:   string input.media-type.value = "audio/vorbis"
01-02 13:33:23.947  2205  7436 D CCodecConfig:   string output.media-type.value = "audio/raw"
01-02 13:33:23.947  2205  7436 D CCodecConfig:   c2::u32 raw.channel-count.value = 1
01-02 13:33:23.947  2205  7436 D CCodecConfig:   c2::u32 raw.sample-rate.value = 48000
01-02 13:33:23.947  2205  7436 D CCodecConfig: }
01-02 13:33:23.947  2205  7436 D CCodecConfig: no c2 equivalents for durationUs
01-02 13:33:23.947  2205  7436 D CCodecConfig: no c2 equivalents for csd-1
01-02 13:33:23.947  2205  7436 D CCodecConfig: no c2 equivalents for track-id
01-02 13:33:23.947  2205  7436 D CCodecConfig: no c2 equivalents for channel-mask
01-02 13:33:23.947  2453  6861 I CompositorVR: WarpToScreen: Skipping frames for 9
01-02 13:33:23.948  2205  7436 D CCodecConfig: c2 config diff is   c2::u32 raw.channel-count.value = 2
01-02 13:33:23.948  2205  7436 D CCodecConfig:   c2::u32 raw.sample-rate.value = 44100
01-02 13:33:23.948  2205  7436 W Codec2Client: query -- param skipped: index = 1107298332.
01-02 13:33:23.948  2205  7436 D CCodec  : setup formats input: AMessage(what = 0x00000000) = {
01-02 13:33:23.948  2205  7436 D CCodec  :   int32_t channel-count = 2
01-02 13:33:23.948  2205  7436 D CCodec  :   int32_t max-input-size = 32768
01-02 13:33:23.948  2205  7436 D CCodec  :   string mime = "audio/vorbis"
01-02 13:33:23.948  2205  7436 D CCodec  :   int32_t sample-rate = 44100
01-02 13:33:23.948  2205  7436 D CCodec  : } and output: AMessage(what = 0x00000000) = {
01-02 13:33:23.948  2205  7436 D CCodec  :   int32_t channel-count = 2
01-02 13:33:23.948  2205  7436 D CCodec  :   string mime = "audio/raw"
01-02 13:33:23.948  2205  7436 D CCodec  :   int32_t sample-rate = 44100
01-02 13:33:23.948  2205  7436 D CCodec  :   int32_t channel-mask = 3
01-02 13:33:23.948  2205  7436 D CCodec  : }
01-02 13:33:23.954  2205  7436 W Codec2Client: query -- param skipped: index = 1342179345.
01-02 13:33:23.954  2205  7436 W Codec2Client: query -- param skipped: index = 2415921170.
01-02 13:33:23.954  2205  7436 D CCodecBufferChannel: [c2.android.vorbis.decoder#388] Created input block pool with allocatorID 16 => poolID 39 - OK (0)
01-02 13:33:23.955  2205  7436 I CCodecBufferChannel: [c2.android.vorbis.decoder#388] Created output block pool with allocatorID 16 => poolID 59 - OK
01-02 13:33:23.955  2205  7436 D CCodecBufferChannel: [c2.android.vorbis.decoder#388] Configured output block pool ids 59 => OK
01-02 13:33:23.958   835  7437 D SimpleC2Component: Using output block pool with poolID 59 => got 59 - 0
01-02 13:33:23.958  2453  6861 I CompositorVR: WarpToScreen: Skipping frames for 9
01-02 13:33:23.960  3781  3781 W OVRLibrary: null cursor received for query content://com.oculus.ocms.library/apps/com.android.settings
01-02 13:33:23.960  3781  3781 D [SUI] PanelAppBase: Acquiring viewModel DynamicAppsViewModel refCount: 1
01-02 13:33:23.960  3781  3781 D [SUI] SharingViewModel: Constructing ViewModel
01-02 13:33:23.960  2205  7436 D CCodecBufferChannel: [c2.android.vorbis.decoder#388] Discard frames from previous generation.
01-02 13:33:23.960  2205  7436 D CCodecBufferChannel: [c2.android.vorbis.decoder#388] Discard frames from previous generation.
01-02 13:33:23.962  3781  3781 D [SUI] AbuseReportCaptureUtil: clearAbuseReportRecordingTimer
01-02 13:33:23.962  2272  2395 I OVRMediaService: onStartCommand Received message type: com.oculus.horizon.GET_CAPTURE_STATE_ACTION, caller package: no_app_identity, app identify: null
01-02 13:33:23.965  3781  3781 D [SUI] PanelAppBase: Acquiring viewModel SharingViewModel refCount: 1
01-02 13:33:23.965  3781  3781 I AndroidPanelApp: HideLayer(#main, shape: 1, shouldMinimizeLayer: false)
01-02 13:33:23.966  1022  1802 I DisplayManagerService: Display device added: DisplayDeviceInfo{"com.oculus.android_panel_app.AndroidPanelLayer-#main": uniqueId="virtual:com.oculus.systemux,10026,com.oculus.android_panel_app.AndroidPanelLayer-#main,0", 840 x 1250, modeId 130, defaultModeId 130, supportedModes [{id=130, width=840, height=1250, fps=60.0}], colorMode 0, supportedColorModes [0], HdrCapabilities null, density 200, 200.0 x 200.0 dpi, appVsyncOff 0, presDeadline 16666666, touch NONE, rotation 0, type VIRTUAL, state OFF, owner com.oculus.systemux (uid 10026), FLAG_PRIVATE, FLAG_NEVER_BLANK, FLAG_OWN_CONTENT_ONLY}
01-02 13:33:23.967  2205  7436 D CCodecBufferChannel: [c2.android.vorbis.decoder#388] Discard frames from previous generation.
01-02 13:33:23.969  2453  6861 I CompositorVR: WarpToScreen: Skipping frames for 9
01-02 13:33:23.976   835  1004 D BufferPoolAccessor: Destruction - bufferpool2 0x2c2668b430 cached: 0/0M, 0/0% in use; allocs: 0, 0% recycled; transfers: 0, 0% unfetced
01-02 13:33:23.977   835  1004 V C2Store : in ~ComponentModule
01-02 13:33:23.977   835  1004 V C2Store : unloading dll
01-02 13:33:23.979  3781  3781 D [SUI] BarViewModel: Constructing BarViewModel
01-02 13:33:23.979  3781  3781 D [SUI] PanelAppBase: Acquiring viewModel BarViewModel refCount: 1
01-02 13:33:23.979  3781  3781 D [SUI] PanelAppBase: Acquiring viewModel StatusViewModel refCount: 2
01-02 13:33:23.979  3781  3781 D [SUI] ActiveCallBarViewModel: Constructing ActiveCallBarViewModel
01-02 13:33:23.979  3781  3781 I [SUI] PartiesCallBarViewModel: new ServicePresenceClient
01-02 13:33:23.980  2453  6861 I CompositorVR: WarpToScreen: Skipping frames for 9
01-02 13:33:23.981  3781  3781 I PresenceAPK(ServiceApiManager): Trying to bind to presence service API.
01-02 13:33:23.985  1022  1043 W InputReader: Device has associated, but no associated display id.
01-02 13:33:23.989  5504  5606 E OsSdk   : error getting shared memory region, memory type: HeadTracker, failed with Status(-1, EX_SECURITY): 'requested shared memory region when not registered/focused'
01-02 13:33:23.992  2453  6861 I CompositorVR: WarpToScreen: Skipping frames for 9
01-02 13:33:23.998  1022  1045 W InputReader: Device has associated, but no associated display id.
01-02 13:33:23.998  1022  1045 I ActivityTaskManager: Override config changes=20005df8 {0.0 ?mcc?mnc ?localeList ?layoutDir sw672dp w672dp h1000dp 200dpi lrg port ?uimode ?night -touch qwerty/v/v -nav/h winConfig={ mBounds=Rect(0, 0 - 840, 1250) mAppBounds=Rect(0, 0 - 840, 1250) mWindowingMode=fullscreen mDisplayWindowingMode=fullscreen mActivityType=undefined mAlwaysOnTop=undefined mRotation=ROTATION_0}} for displayId=69
01-02 13:33:24.001  3781  3781 D PresenceAPK(PresenceClient): setEventListener id=SystemCallGroup
01-02 13:33:24.001  3781  3781 I PresenceAPK(GroupManager): addListener for id SystemCallGroup
01-02 13:33:24.001  3781  3781 D [SUI] MessengerCallBarViewModel: constructing MessengerCallBarViewModel
01-02 13:33:24.001  3781  3781 D [SUI] MessengerCallViewModel: constructing MessengerCallViewModel, instance count:6
01-02 13:33:24.002  3781  3781 D HyperspaceClient: acquire instance, refcount: 1
01-02 13:33:24.002  3781  3781 D [SUI] MessengerCallViewModel: hyperspace client created
01-02 13:33:24.002  3781  3781 D [SUI] PanelAppBase: Acquiring viewModel MessengerCallViewModel refCount: 1
01-02 13:33:24.002  3781  3781 D [SUI] MessengerCallViewModel: registerObserver
01-02 13:33:24.002  3781  3781 D [SUI] PanelAppBase: Acquiring viewModel ActiveCallBarViewModel refCount: 1
01-02 13:33:24.002  3781  3781 D [SUI] OnboardingTutorial: Initialize Onboarding Tutorial
01-02 13:33:24.002  3781  7439 D HyperspaceClientJni: initInternal - start
01-02 13:33:24.002  3781  7439 D HyperspaceClientJni: startHyperspacePresenceServiceClient
01-02 13:33:24.002  3781  7439 D HyperspaceClientJni: initHyperspacePresenceServiceClient begin
01-02 13:33:24.002  3781  7439 I ipcLoader_static: RuntimeIPC: Loader: IPC Service API Loader Version: 33 Nov 25 2022 14:16:03
01-02 13:33:24.002  3781  7439 I RuntimeIPCApi: ipc_Initialize
01-02 13:33:24.002  3781  7439 I RuntimeIPCServiceClient: Init: Already initialized: com.oculus.systemux:SystemUX, 1
01-02 13:33:24.003  2453  6861 I CompositorVR: WarpToScreen: Skipping frames for 9
01-02 13:33:24.003  3781  3781 D [SUI] OnboardingTutorial: Step is: NOT_BRAND_NEW_USER
01-02 13:33:24.003  3781  3781 D [SUI] OnboardingTutorial: Not a first time user; skipping the tutorial
01-02 13:33:24.003  3781  3781 D [SUI] SystemStatusView: Initializing System Status
01-02 13:33:24.003  3781  3781 D [SUI] StatusViewModel: Constructing ViewModel
01-02 13:33:24.004  1022  3300 W ActivityManager: Unable to start service Intent { cmp=com.oculus.presence/.service.PresenceService } U=0: not found
01-02 13:33:24.005  3781  3781 I android_os_HwBinder: HwBinder: Starting thread pool for getting: vendor.oculus.hardware.battery@1.0::IBattery/default
01-02 13:33:24.006  2586  2605 D RPCServer: RegisterClient: Client: com.oculus.systemux:com.oculus.systemux:SystemUX:3781, Server: com.oculus.presence:com.oculus.presence (PresenceServer)
01-02 13:33:24.007  2272  2395 I FileCapture: broadcast capture state to AUI running = false, with mode -1
01-02 13:33:24.011  3781  3781 D [SUI] StatusViewModel: Initializing wifi status BroadcastReceiver
01-02 13:33:24.013  2586  2605 I IPCSharedMemory: CreateSharedMemory: Allocated shared memory fd 101 (ipcStateReadWrite)
01-02 13:33:24.013  3199  3199 D [SEO] ShellControlBroadcastReceiver: onReceive with MainActivity native pointer 3762388256, action com.oculus.systemactivities.CAPTURE_STATE_UPDATE
01-02 13:33:24.014  3199  3199 D [SEO] ShellControlBroadcastReceiver: isLaunchAction = false, isTrustedAppLaunch = false
01-02 13:33:24.014  3199  3199 D [SEO] ShellControlBroadcastReceiver: IsCaptureStateUpdateAction
01-02 13:33:24.014  2586  2605 I IPCSharedMemory: CreateSharedMemory: Allocated shared memory fd 102 (ipcReadOnlyState)
01-02 13:33:24.014  2453  6861 I CompositorVR: WarpToScreen: Skipping frames for 9
01-02 13:33:24.014  2586  2605 I RPCClientHandler: Event buffer size (server): 8192
01-02 13:33:24.014  3781  3781 D [SUI] StatusViewModel: Initialized wifi status BroadcastReceiver
01-02 13:33:24.015  7062  7160 I VrApi   : FPS=72/72,Prd=48ms,Tear=1,Early=72,Stale=0,VSnc=1,Lat=1,Fov=0,CPU4/GPU=4/4,2419/525MHz,OC=FF,TA=0/F/F,SP=N/N/N,Mem=2092MHz,Free=2322MB,PLS=0,Temp=25.5C/0.0C,TW=3.66ms,App=4.06ms,GD=0.12ms,CPU&GPU=8.68ms,LCnt=5(DR0,LM2),GPU%=0.62,CPU%=0.19(W0.24),DSF=1.00,CFL=19.72/21.59
01-02 13:33:24.015  2586  2605 I IPCSharedMemory: CreateSharedMemory: Allocated shared memory fd 103 (ipcEventBuffer)
01-02 13:33:24.015  2586  2605 I IPCSharedMemory: CreateSharedMemory: Allocated shared memory fd 112 (ipcEventBuffer_Private)
01-02 13:33:24.017  2430  2430 D DeviceHelper: isScreenOn = true
01-02 13:33:24.018  2430  2430 D [OAO] ShellOverlayBroadcastReceiver: onReceive with ShellOverlayService native pointer 3762130880, action com.oculus.systemactivities.CAPTURE_STATE_UPDATE
01-02 13:33:24.018  2586  2605 I RuntimeIPCServerMgr: HandleClientConnect SUCCESS: Client: com.oculus.systemux:com.oculus.systemux:SystemUX:3781, Server: com.oculus.presence:com.oculus.presence (PresenceServer)
01-02 13:33:24.019  2586  2605 I RPCServer: GetServerStatesConfig -> {MaxBufferSize=32768, MaxEntries=64}
01-02 13:33:24.019  3781  7439 I RuntimeIPCClient: GetServerStatesConfig returned maxEntries=64, maxBuffSize=32768
01-02 13:33:24.019  3781  7439 I RuntimeIPCClient: Event buffer size (client): 8192
01-02 13:33:24.019  3781  7439 I RuntimeIPCClient: TryToGetIPCResourcesFromServer: RPC_CONNECTOR_CONNECT_TO_SERVER SUCCESS: Client: com.oculus.systemux:com.oculus.systemux:SystemUX:3781, Server: com.oculus.presence:com.oculus.presence (PresenceServer)
01-02 13:33:24.019  3781  7439 I RuntimeIPCClient: EnsureServerConnection: SUCCESS. Client: com.oculus.systemux:com.oculus.systemux:SystemUX:3781, Server: com.oculus.presence:com.oculus.presence (PresenceServer)
01-02 13:33:24.019  3781  7439 I RuntimeIPCClientMgr: ConnectToServer: SUCCESS: Client: com.oculus.systemux:com.oculus.systemux:SystemUX:3781, Server: com.oculus.presence:com.oculus.presence (PresenceServer)
01-02 13:33:24.021  3781  3781 D [SUI] PanelAppBase: Acquiring viewModel BarViewModel refCount: 2
01-02 13:33:24.021  3781  3781 D [SUI] PanelAppBase: Acquiring viewModel SystemStatusViewModel refCount: 1
01-02 13:33:24.021  3781  3781 D [SUI] SocialViewModel: registerObserver(): -$$Lambda$SystemStatusView$hvdttGlyfUmlGZJVTLPJRt2c5Fk
01-02 13:33:24.022  3781  3781 D [SUI] SystemStatusView: Initialized System Status
01-02 13:33:24.022  3781  3781 D [SUI] PanelAppBase: Acquiring viewModel DynamicAppsViewModel refCount: 2
01-02 13:33:24.022  3781  3781 D [SUI] DynamicAppsView: Initializing DynamicAppsView on AUI bar
01-02 13:33:24.023  3781  3781 D [SUI] BarView: Initialized parties call bar
01-02 13:33:24.023  3781  3781 D [SUI] MessengerCallViewModel: registerObserver
01-02 13:33:24.023  3781  3781 D [SUI] BarView: Initialized messenger call bar
01-02 13:33:24.023  3781  3781 V [SUI] BarView: Subscribing to notifications badge live data
01-02 13:33:24.023  3781  3781 V [SUI] BarView: Notifs badge count: 0, Messenger badge count 0
01-02 13:33:24.023  3781  3781 D [SUI] BarView: Initialized BarView
01-02 13:33:24.025  2453  6861 I CompositorVR: WarpToScreen: Skipping frames for 9
01-02 13:33:24.026  1022  1802 I DisplayManagerService: Display device removed: DisplayDeviceInfo{"com.oculus.android_panel_app.AndroidPanelLayer-#main": uniqueId="virtual:com.oculus.systemux,10026,com.oculus.android_panel_app.AndroidPanelLayer-#main,0", 840 x 1250, modeId 130, defaultModeId 130, supportedModes [{id=130, width=840, height=1250, fps=60.0}], colorMode 0, supportedColorModes [0], HdrCapabilities null, density 200, 200.0 x 200.0 dpi, appVsyncOff 0, presDeadline 16666666, touch NONE, rotation 0, type VIRTUAL, state OFF, owner com.oculus.systemux (uid 10026), FLAG_PRIVATE, FLAG_NEVER_BLANK, FLAG_OWN_CONTENT_ONLY}
01-02 13:33:24.033  5504  5606 E OsSdk   : error getting shared memory region, memory type: HeadTracker, failed with Status(-1, EX_SECURITY): 'requested shared memory region when not registered/focused'
01-02 13:33:24.034  1856  1856 D OculusNotificationListenerService: Notification posted: 0|com.oculus.presence|50001|null|10070
01-02 13:33:24.034  1022  1802 I DisplayManagerService: Display device added: DisplayDeviceInfo{"com.oculus.android_panel_app.AndroidPanelLayer-#main": uniqueId="virtual:com.oculus.systemux,10026,com.oculus.android_panel_app.AndroidPanelLayer-#main,0", 840 x 110, modeId 131, defaultModeId 131, supportedModes [{id=131, width=840, height=110, fps=60.0}], colorMode 0, supportedColorModes [0], HdrCapabilities null, density 200, 200.0 x 200.0 dpi, appVsyncOff 0, presDeadline 16666666, touch NONE, rotation 0, type VIRTUAL, state OFF, owner com.oculus.systemux (uid 10026), FLAG_PRIVATE, FLAG_NEVER_BLANK, FLAG_OWN_CONTENT_ONLY}
01-02 13:33:24.036  2453  6861 I CompositorVR: WarpToScreen: Skipping frames for 9
01-02 13:33:24.038  3781  3781 D [SUI] SettingsAssistantJsonBuilder: Registering legacy settings
01-02 13:33:24.038  3781  3781 D [SUI] SettingsAssistantJsonBuilder: Not registering settings service settings. Blocked by GK
01-02 13:33:24.038  3781  3781 D [SUI] SettingsAssistantJsonBuilder: Settings JSON: {"settings":[{"id":"about","type":"void","mutable":false,"queryable":false,"route":"systemux:\/\/settings\/about"},{"id":"auto sleep","type":"void","mutable":false,"queryable":false,"route":"systemux:\/\/settings\/power?setting=auto_sleep_time","parent":"power"},{"id":"auto wake","type":"void","mutable":false,"queryable":false,"route":"systemux:\/\/settings\/power?setting=auto_wake","parent":"power"},{"id":"bluetooth pairing","type":"void","mutable":false,"queryable":false,"route":"systemux:\/\/settings\/bluetooth?setting=bluetooth_pairing","parent":"bluetooth"},{"id":"boundary color","type":"void","mutable":false,"queryable":false,"route":"systemux:\/\/settings\/guardian_general?setting=guardian_customization_boundary_color_config","parent":"guardian"},{"id":"bug report","type":"void","mutable":false,"queryable":false,"route":"systemux:\/\/bug_report","parent":"about"},{"id":"controllers","type":"void","mutable":false,"queryable":false,"route":"systemux:\/\/settings\/controllers"},{"id":"display","type":"void","mutable":false,"queryable":false,"route":"systemux:\/\/settings\/display"},{"id":"do not disturb","type":"void","mutable":false,"queryable":false,"route":"systemux:\/\/settings\/do_not_disturb?setting=do_not_disturb","parent":"do not disturb"},{"id":"environment","type":"void","mutable":false,"queryable":false,"route":"systemux:\/\/settings\/environment"},{"id":"experimental","type":"void","mutable":false,"queryable":false,"route":"systemux:\/\/settings\/experiments"},{"id":"floor level","type":"void","mutable":false,"queryable":false,"route":"systemux:\/\/guardian\/guardian-adjust-floor","parent":"guardian"},{"id":"glanceable boundary","type":"void","mutable":false,"queryable":false,"route":"systemux:\/\/settings\/guardian_roomscale?setting=guardian_enable_glanceable_bounds","parent":"guardian"},{"id":"guardian","type":"void","mutable":false,"queryable":false,"route":"systemux:\/\/settings\/guardian_general"},{"id":"guardian history","type":"void","mutable":false,"queryable":false,"route":"systemux:\/\/settings\/guardian_general?setting=guardian_clear_history","parent":"guardian"},{"id":"guardian passthrough","type":"void","mutable":false,"queryable":false,"route":"systemux:\/\/settings\/guardian_general?setting=passthrough_on_demand","parent":"guardian"},{"id":"hand tracking","type":"void","mutable":false,"queryable":false,"route":"systemux:\/\/settings\/hands?setting=hands_hand_tracking","parent":"hands"},{"id":"health and safety","type":"void","mutable":false,"queryable":false,"route":"systemux:\/\/health_and_safety_video","parent":"about"},{"id":"language","type":"void","mutable":false,"queryable":false,"route":"systemux:\/\/settings\/language_and_region?setting=language","parent":"language and region"},{"id":"long press","type":"void","mutable":false,"queryable":false,"route":"systemux:\/\/settings\/controllers?setting=controllers_oculus_button_long_press","parent":"controllers"},{"id":"mac address","type":"void","mutable":false,"queryable":false,"route":"systemux:\/\/settings\/about?setting=about_mac_address","parent":"about"},{"id":"microphone","type":"void","mutable":false,"queryable":false,"route":"systemux:\/\/settings\/sound?setting=microphone","parent":"sound"},{"id":"night shift","type":"void","mutable":false,"queryable":false,"route":"systemux:\/\/settings\/display?setting=night_shift","parent":"display"},{"id":"notifications","type":"void","mutable":false,"queryable":false,"route":"systemux:\/\/settings\/notifications"},{"id":"os version","type":"void","mutable":false,"queryable":false,"route":"systemux:\/\/settings\/software_update?setting=os_version","parent":"about"},{"id":"permissions","type":"void","mutable":false,"queryable":false,"route":"systemux:\/\/settings\/permissions"},{"id":"power","type":"void","mutable":false,"queryable":false,"route":"systemux:\/\/settings\/power"},{"id":"privacy policy","type":"void","mutable":false,"queryable":false,"route":"systemux:\/\/settings\/about?setting=about_privacy_policy",
01-02 13:33:24.040  3781  3781 D [SUI] AnytimeUIAndroidPanelApp: Stored settings in pref store in 1728750 ns
01-02 13:33:24.044  3781  3781 I PresenceAPK(ServiceApiManager): Trying to bind to presence service API.
01-02 13:33:24.047  2453  6861 I CompositorVR: WarpToScreen: Skipping frames for 9
01-02 13:33:24.050  3781  7419 D NotificationsBadgeLiveData: MessageBadgeData, pullAndCheckNotifs, old data source notif count: 0, oc chats count: 0, messenger count: 0
01-02 13:33:24.051  1022  1043 W InputReader: Device has associated, but no associated display id.
01-02 13:33:24.057  1022  1045 W InputReader: Device has associated, but no associated display id.
01-02 13:33:24.057  1022  1045 I ActivityTaskManager: Override config changes=20005df8 {0.0 ?mcc?mnc ?localeList ?layoutDir sw88dp w672dp h88dp 200dpi nrml long land ?uimode ?night -touch qwerty/v/v -nav/h winConfig={ mBounds=Rect(0, 0 - 840, 110) mAppBounds=Rect(0, 0 - 840, 110) mWindowingMode=fullscreen mDisplayWindowingMode=fullscreen mActivityType=undefined mAlwaysOnTop=undefined mRotation=ROTATION_0}} for displayId=70
01-02 13:33:24.058  2453  6861 I CompositorVR: WarpToScreen: Skipping frames for 9
01-02 13:33:24.059  2272  2395 I OVRMediaServiceManager: Metacam is not enabled.
01-02 13:33:24.061  3781  3781 D PresenceAPK(PresenceClient): setEventListener id=AnchoredHomeGroup
01-02 13:33:24.061  3781  3781 I PresenceAPK(GroupManager): addListener for id AnchoredHomeGroup
01-02 13:33:24.061  3781  3781 I PanelService: BEGIN: nativeInitializePanelInstance - Configure and set up thread polling.
01-02 13:33:24.061  3781  3781 I PanelService: BEGIN: Call hosted app's Configure method.
01-02 13:33:24.061  3781  3781 I PanelService: END: Call hosted app's Configure method.
01-02 13:33:24.061  3781  3781 I PanelService: END: nativeInitializePanelInstance - Add fd 38 to looper with error code 1
01-02 13:33:24.061  3781  3781 D PanelAppClient: END: Initializing panel application via MSG_CREATE_PANEL_APP.
01-02 13:33:24.062  3781  3781 I [SUI] AnytimeUIAndroidPanelApp: Bar visibility changed to true
01-02 13:33:24.063  3781  3781 I [SUI] AnytimeUIAndroidPanelApp: updateGuardianConfig - 1 - 0.44444448
01-02 13:33:24.063  3781  3781 I [SUI] AnytimeUIAndroidPanelApp: updateGuardianConfig - 2 - 0.21500002
01-02 13:33:24.063  3781  3781 I [SUI] AnytimeUIAndroidPanelApp: updateGuardianConfig - 5 - 0.05
01-02 13:33:24.063  3781  3781 I [SUI] AnytimeUIAndroidPanelApp: updateGuardianConfig - 6 - 0.49999997
01-02 13:33:24.063  3781  3781 I [SUI] AnytimeUIAndroidPanelApp: updateGuardianConfig - 7 - 0.4
01-02 13:33:24.063  3781  3781 I [SUI] AnytimeUIAndroidPanelApp: updateGuardianConfig - 8 - 0.0
01-02 13:33:24.063  3781  3781 I [SUI] AnytimeUIAndroidPanelApp: updateGuardianConfig - 10 - 0.0
01-02 13:33:24.063  3781  3781 I [SUI] AnytimeUIAndroidPanelApp: updateGuardianConfig - 12 - 0.0
01-02 13:33:24.063  3781  3781 I [SUI] AnytimeUIAndroidPanelApp: updateGuardianConfig - 13 - 0.5
01-02 13:33:24.063  3781  3781 I [SUI] AnytimeUIAndroidPanelApp: updateGuardianConfig - 14 - 0.0
01-02 13:33:24.063  3781  3781 I [SUI] AnytimeUIAndroidPanelApp: updateGuardianConfig - 15 - 0.0
01-02 13:33:24.063  3781  3781 I [SUI] AnytimeUIAndroidPanelApp: updateGuardianConfig - 16 - 0.0
01-02 13:33:24.063  3781  3781 I [SUI] AnytimeUIAndroidPanelApp: updateGuardianConfig - 17 - 0.0
01-02 13:33:24.063  3781  3781 I [SUI] AnytimeUIAndroidPanelApp: updateGuardianConfig - 18 - 0.5
01-02 13:33:24.063  3781  3781 I [SUI] AnytimeUIAndroidPanelApp: updateGuardianConfig - 19 - 0.0
01-02 13:33:24.063  3781  3781 I [SUI] AnytimeUIAndroidPanelApp: updateGuardianConfig - 20 - 0.0
01-02 13:33:24.063  3781  3781 I [SUI] AnytimeUIAndroidPanelApp: updateGuardianConfig - 21 - 0.0
01-02 13:33:24.063  3781  3781 I [SUI] AnytimeUIAndroidPanelApp: updateGuardianConfig - 22 - 0.0
01-02 13:33:24.063  3781  3781 I [SUI] AnytimeUIAndroidPanelApp: updateGuardianConfig - 23 - 2.0
01-02 13:33:24.063  3781  3781 I [SUI] AnytimeUIAndroidPanelApp: updateGuardianConfig - 24 - 0.25
01-02 13:33:24.063  3781  3781 I [SUI] AnytimeUIAndroidPanelApp: updateGuardianConfig - 26 - 0.0
01-02 13:33:24.063  3781  3781 I [SUI] AnytimeUIAndroidPanelApp: updateGuardianConfig - 28 - 1.0
01-02 13:33:24.065  3781  3781 I AndroidPanelApp: Processing pending hide layer for layer #main.
01-02 13:33:24.065  3781  3781 I AndroidPanelApp: Processing pending show layer info for layer #main with width 840 and height 110.
01-02 13:33:24.065  3781  3781 I AndroidPanelApp: layerSupersample no changes
01-02 13:33:24.070  2453  6861 I CompositorVR: WarpToScreen: Skipping frames for 9
01-02 13:33:24.072  3199  3427 I [SEO] PanelRenderLayer: ResetSurface #main 0 x 0 - shape:0 stereo:0
01-02 13:33:24.072  3199  3427 I [SEO] PanelAppHost: Setting panel layer visibility of layer "#main" to invisible, panel 21 (com.oculus.systemux/com.oculus.panelapp.anytimeui.AnytimeUIAndroidPanelService)
01-02 13:33:24.072  3199  3427 I [SEO] PanelAppHost: Resize layer #main to size 840 x 110 shape: 1 stereo: 0, panel 21 (com.oculus.systemux/com.oculus.panelapp.anytimeui.AnytimeUIAndroidPanelService)
01-02 13:33:24.072  3199  3427 I [SEO] PanelRenderLayer: ResetSurface #main 840 x 110 - shape:1 stereo:0
01-02 13:33:24.072  3199  3290 W REFLECT : RuntimeIPC: !IsClientValid: MarkerEnd
01-02 13:33:24.072  3199  3290 E QplClient: (com.oculus.vrshell) MarkerEnd failed!
01-02 13:33:24.077  3781  3781 I AndroidPanelApp: Processing next frame action "layerShow" for layer "#main"
