--------- beginning of system
01-04 23:55:51.275  1048  1722 I ActivityTaskManager: START u0 {flg=0x10000000 cmp=com.YourCompany.PrototypeV4/com.epicgames.ue4.GameActivity} from uid 2000
01-04 23:55:51.305  1048  1088 I ActivityManager: Start proc 4708:com.YourCompany.PrototypeV4/u0a144 for activity {com.YourCompany.PrototypeV4/com.epicgames.ue4.GameActivity}
01-04 23:55:51.317  1048  1066 W ActivityManager: Package for pid 841: no process record found
01-04 23:55:51.426  1048  1722 D ConnectivityService: Returning BLOCKED NetworkInfo to uid=10144
01-04 23:55:51.856  1048  1074 W ActivityTaskManager: Activity top resumed state loss timeout for ActivityRecord{10c2b0e u0 com.YourCompany.PrototypeV4/com.epicgames.ue4.GameActivity t314}
01-04 23:55:51.856  1048  1074 W ActivityTaskManager: Activity pause timeout for ActivityRecord{10c2b0e u0 com.YourCompany.PrototypeV4/com.epicgames.ue4.GameActivity t314}
01-04 23:55:53.275  1048  3787 E WindowManager: App trying to use insecure INPUT_FEATURE_NO_INPUT_CHANNEL flag. Ignoring
--------- beginning of tracking
01-04 23:55:53.317   849  1217 W TrackingService: attachClient: found client in attached list
01-04 23:55:53.701   849  1217 I chatty  : uid=1000(system) Binder:849_3 identical 11 lines
01-04 23:55:53.740   849  1217 W TrackingService: attachClient: found client in attached list
01-04 23:55:53.742   849  1432 W TrackingService: attachClient: found client in attached list
01-04 23:55:54.714  1048  1222 W ActivityManager: Permission Denial: Accessing service com.oculus.vrshell/.ShellOverlayService from pid=4708, uid=10144 requires com.oculus.vrshell.OVERLAY_HOST
01-04 23:55:54.847   849  1432 I chatty  : uid=1000(system) Binder:849_4 identical 33 lines
01-04 23:55:54.890   849  1432 W TrackingService: attachClient: found client in attached list
01-04 23:55:54.892   849  1217 W TrackingService: attachClient: found client in attached list
01-04 23:55:55.405  1048  1510 E TaskPersister: File error accessing recents directory (directory doesn't exist?).
01-04 23:55:55.597   849  1217 I chatty  : uid=1000(system) Binder:849_3 identical 26 lines
01-04 23:55:55.638   849  1217 W TrackingService: attachClient: found client in attached list
01-04 23:55:55.640   849  1432 W TrackingService: attachClient: found client in attached list
01-04 23:55:55.816   849  1432 I chatty  : uid=1000(system) Binder:849_4 identical 5 lines
01-04 23:55:55.861   849  1432 W TrackingService: attachClient: found client in attached list
01-04 23:55:55.862   849  1217 W TrackingService: attachClient: found client in attached list
01-04 23:55:56.305   849  1217 I chatty  : uid=1000(system) Binder:849_3 identical 12 lines
01-04 23:55:56.312   849  1217 W TrackingService: attachClient: found client in attached list
01-04 23:55:56.313   849  1432 W TrackingService: attachClient: found client in attached list
01-04 23:55:57.111   849  1432 I chatty  : uid=1000(system) Binder:849_4 identical 24 lines
01-04 23:55:57.139   849  1432 W TrackingService: attachClient: found client in attached list
01-04 23:55:57.175   849  1432 D TrackingService: getSharedMemory: com.YourCompany.PrototypeV4#4708, HeadTracker
01-04 23:55:57.180   849  1432 W TrackingService: attachClient: found client in attached list
01-04 23:55:57.214  1048  1169 D ConnectivityService: Blocked status changed to false for 10097(16) on netId 100
01-04 23:55:57.214  1048  1169 D ConnectivityService: Blocked status changed to false for 10097(17) on netId 100
01-04 23:55:57.221   849   849 W TrackingService: attachClient: found client in attached list
01-04 23:55:57.222   849  1432 W TrackingService: attachClient: found client in attached list
01-04 23:55:58.576   849  1432 I chatty  : uid=1000(system) Binder:849_4 identical 40 lines
01-04 23:55:58.606   849  1432 W TrackingService: attachClient: found client in attached list
01-04 23:55:58.607   849   849 W TrackingService: attachClient: found client in attached list
01-04 23:56:02.662   849   849 I chatty  : uid=1000(system) /system/bin/trackingservice identical 145 lines
01-04 23:56:02.670   849   849 W TrackingService: attachClient: found client in attached list
01-04 23:56:02.671   849  1432 W TrackingService: attachClient: found client in attached list
01-04 23:56:02.673   732   908 I SyncBossHAL: [info   ] syncboss_hal_powerstate.c(50): Reporting powerstate event: PROX_ON
01-04 23:56:02.675  1048  1234 I PowerManagerService: Waking up from Asleep (uid=1000, reason=WAKE_REASON_UNKNOWN, details=VrPwMng:leave-standby)...
01-04 23:56:02.675  1048  1048 W UsageStatsService: Event reported without a package name, eventType:15
01-04 23:56:02.675  1048  1048 D ActivityManager: Is background playback enabled for all apps: false
01-04 23:56:02.676  1048  1098 I DisplayPowerController: Blocking screen on until initial contents have been drawn.
01-04 23:56:02.676  1048  1098 D ActivityTaskManager: Top Process State changed to PROCESS_STATE_TOP
01-04 23:56:02.676   841  1244 D SensorClientUtils: Cancelling delayed transition to SLEEP
01-04 23:56:02.676  1048  1048 D ActivityManager: Is background playback enabled for all apps: false
01-04 23:56:02.676   849  1432 D SensorClientUtils: Cancelling delayed transition to SLEEP
01-04 23:56:02.676   849  1432 D SensorClientUtils: Received transition request from SLEEP to RUNNING
01-04 23:56:02.676   841  1244 D SensorClientUtils: Received transition request from SLEEP to RUNNING
01-04 23:56:02.682  1564  4048 D SensorClientUtils: Cancelling delayed transition to SLEEP
01-04 23:56:02.683  1564  4048 D SensorClientUtils: Received transition request from SLEEP to RUNNING
01-04 23:56:02.701  1048  1048 I chatty  : uid=1000 system_server identical 38 lines
01-04 23:56:02.701  1048  1048 D ActivityManager: Is background playback enabled for all apps: false
01-04 23:56:02.708   849  1432 D SensorClientUtils: Executing transition from SLEEP to STANDBY
01-04 23:56:02.709  1048  1094 D KernelCpuUidUserSysTimeReader: Removing uids 1037-1037
01-04 23:56:02.709  1048  3787 E AppOps  : startOperation
01-04 23:56:02.709  1048  3787 E AppOps  : java.lang.SecurityException: Specified package MrSystemService under uid 1000 but it is really -1
01-04 23:56:02.709  1048  3787 E AppOps  : 	at com.android.server.appop.AppOpsService.verifyAndGetIsPrivileged(AppOpsService.java:2654)
01-04 23:56:02.709  1048  3787 E AppOps  : 	at com.android.server.appop.AppOpsService.startOperation(AppOpsService.java:2235)
01-04 23:56:02.709  1048  3787 E AppOps  : 	at android.app.AppOpsManager.startOpNoThrow(AppOpsManager.java:5469)
01-04 23:56:02.709  1048  3787 E AppOps  : 	at android.app.AppOpsManager.startOpNoThrow(AppOpsManager.java:5450)
01-04 23:56:02.709  1048  3787 E AppOps  : 	at com.android.server.power.Notifier.onWakeLockAcquired(Notifier.java:224)
01-04 23:56:02.709  1048  3787 E AppOps  : 	at com.android.server.power.PowerManagerService.notifyWakeLockAcquiredLocked(PowerManagerService.java:1277)
01-04 23:56:02.709  1048  3787 E AppOps  : 	at com.android.server.power.PowerManagerService.acquireWakeLockInternal(PowerManagerService.java:1112)
01-04 23:56:02.709  1048  3787 E AppOps  : 	at com.android.server.power.PowerManagerService.access$3900(PowerManagerService.java:118)
01-04 23:56:02.709  1048  3787 E AppOps  : 	at com.android.server.power.PowerManagerService$BinderService.acquireWakeLock(PowerManagerService.java:4346)
01-04 23:56:02.709  1048  3787 E AppOps  : 	at android.os.IPowerManager$Stub.onTransact(IPowerManager.java:349)
01-04 23:56:02.709  1048  3787 E AppOps  : 	at android.os.Binder.execTransactInternal(Binder.java:1021)
01-04 23:56:02.709  1048  3787 E AppOps  : 	at android.os.Binder.execTransact(Binder.java:994)
01-04 23:56:02.709   841  1244 D SensorClientUtils: Executing transition from SLEEP to STANDBY
01-04 23:56:02.709   841  1244 D SensorClientUtils: Executing transition from STANDBY to RUNNING
01-04 23:56:02.711  1048  1094 D KernelCpuUidUserSysTimeReader: Removing uids 1037-1037
01-04 23:56:02.712  1564  4048 D SensorClientUtils: Executing transition from SLEEP to STANDBY
01-04 23:56:02.712  1564  4048 D OVRRemoteService: ControllerGlue: setting expected mode to Streaming
01-04 23:56:02.712  1564  4048 D OVRRemoteService: ControllerGlue: Setting current mode to Streaming
01-04 23:56:02.712  1564  4048 D OVRRemoteService: ControllerGlue: leave mode Disabled
01-04 23:56:02.712  1564  4048 D OVRRemoteService: ControllerGlue: Setting mode to Streaming
01-04 23:56:02.712  1564  4048 D OVRRemoteService: ControllerGlue: enter mode Streaming
01-04 23:56:02.712   732  1018 D SensorService: ControllerProvider: acquiring StreamingSession
01-04 23:56:02.713   732  1018 D SensorService: SyncbossEventHandler: starting all streams
01-04 23:56:02.714   849  1039 I TrackingService: [ vision_manager] SLEEP -> STANDBY transition time: 4 ms
01-04 23:56:02.714   849  1039 I TrackingService: [            iad] SLEEP -> STANDBY transition time: 0 ms
01-04 23:56:02.714  1048  3230 W ContextImpl: Calling a method in the system process without a qualified user: android.app.ContextImpl.sendBroadcast:1057 com.android.server.audio.AudioService.setMicrophoneMuteNoCallerCheck:2893 com.android.server.audio.AudioService.setMicrophoneMute:2879 android.media.IAudioService$Stub.onTransact:1112 android.os.Binder.execTransactInternal:1021 
01-04 23:56:02.714   732  4833 D SensorService: SyncbossEventHandler::producerThreadFunc() start
01-04 23:56:02.714   732  4833 W SensorService: Data for sensor type HMD_IMU dropped because of failure to update clock drift from vsync. 1 drops in the last 0s.
01-04 23:56:02.715   849   849 W TrackingService: attachClient: found client in attached list
01-04 23:56:02.717  1048  1169 D ConnectivityService: Blocked status changed to false for 10144(18) on netId 100
01-04 23:56:02.719  1048  1074 I DisplayManagerService: Display device changed state: "Built-in Screen", ON
01-04 23:56:02.722   732  1018 I SyncBossHAL: [info   ] syncboss_hal_impl_input.c(277): No pulsar frequency blocklist set
01-04 23:56:02.722   732  1018 I SyncBossHAL: [info   ] syncboss_hal_impl_input.c(304): No AFH behavior specified, enabled by default
01-04 23:56:02.722   732  1018 I SyncBossHAL: [info   ] syncboss_hal_impl_input.c(344): Input device auto-whitelisting disabled
01-04 23:56:02.726   732  1018 D SensorService: ControllerProvider: acquiring StreamingClient impl; approx # alive: 1
01-04 23:56:02.726   732  1018 D libsensorscommon: ControllerProvider: acquiring StreamingClient hidl
01-04 23:56:02.727  1564  4842 D OVRRemoteService: processStateChange([PairedControllerInfo JEDI 729165a0fe4054d7 disconnected mcnt=0])
01-04 23:56:02.727  1564  4842 D OVRRemoteService: processStateChange([PairedControllerInfo JEDI 86557c336c360320 disconnected mcnt=0])
01-04 23:56:02.727  1564  4048 D OVRRemoteService: [controller] SLEEP -> STANDBY
01-04 23:56:02.727  1564  4048 D SensorClientUtils: Executing transition from STANDBY to RUNNING
01-04 23:56:02.727  1564  4048 D OVRRemoteService: [controller] STANDBY -> RUNNING
01-04 23:56:02.729   849  1039 I TrackingService: [           bolt] SLEEP -> STANDBY transition time: 14 ms
01-04 23:56:02.730  1048  1098 I DisplayPowerController: Unblocked screen on after 54 ms
01-04 23:56:02.731   732  4832 D SensorService: stateChangeNotifierFunc(): Reporting controller info. Change token: 4, paired=2 connected=0
01-04 23:56:02.731  1564  4842 D OVRRemoteService: processStateChange([PairedControllerInfo JEDI 86557c336c360320 disconnected update-required mcnt=0])
01-04 23:56:02.731  1564  4842 D OVRRemoteService: processStateChange([PairedControllerInfo JEDI 729165a0fe4054d7 disconnected update-required mcnt=0])
01-04 23:56:02.761   849   849 W TrackingService: attachClient: found client in attached list
01-04 23:56:02.777  1048  1300 D ConnectivityService: Returning UNBLOCKED NetworkInfo to uid=10144
01-04 23:56:02.801   849   849 W TrackingService: attachClient: found client in attached list
01-04 23:56:02.806   732   901 I SyncBossHAL: [info   ] syncboss_hal_impl_input.c(1060): Pulsar connected devices state change: 3
01-04 23:56:02.844   849   849 W TrackingService: attachClient: found client in attached list
01-04 23:56:02.869   732   902 I SyncBossHAL: [info   ] pulsar_manager.c(396): 729165a0xxxxxxxx: Configuring IR LED to ontime = 34, period = 40000, delay = -9
01-04 23:56:02.870   849  1039 I TrackingService: [            iot] SLEEP -> STANDBY transition time: 140 ms
01-04 23:56:02.870   849  4878 D TrackingService: starting IOT motion thread, imu batch dispatch enabled=false
01-04 23:56:02.872   849  1039 I TrackingService: ConstellationTrackingGlue: setEnableExtendedDeadreckoning to false
01-04 23:56:02.872   849  1039 I TrackingService: [  constellation] SLEEP -> STANDBY transition time: 2 ms
01-04 23:56:02.873   849  1039 I TrackingService: [selftracked_client] SLEEP -> STANDBY transition time: 0 ms
01-04 23:56:02.873   849  1039 I TrackingService: [           hand] SLEEP -> STANDBY transition time: 0 ms
01-04 23:56:02.874   849  1039 I TrackingService: [         object] SLEEP -> STANDBY transition time: 1 ms
01-04 23:56:02.874   849  1039 I TrackingService: [     controller] SLEEP -> STANDBY transition time: 0 ms
01-04 23:56:02.874   849  1039 I TrackingService: [ExposureControl] SLEEP -> STANDBY transition time: 0 ms
01-04 23:56:02.874   849  1432 D TrackingService: setPowerState: STANDBY
01-04 23:56:02.874   849  1432 D SensorClientUtils: Executing transition from STANDBY to RUNNING
01-04 23:56:02.874   849  1039 I TrackingService: [ vision_manager] STANDBY -> RUNNING transition time: 0 ms
01-04 23:56:02.874   849  1039 I TrackingService: [            iad] STANDBY -> RUNNING transition time: 0 ms
01-04 23:56:02.874   849  1039 I TrackingService: [           bolt] STANDBY -> RUNNING transition time: 0 ms
01-04 23:56:02.875   732   732 D SensorService: ControllerProvider: acquiring StreamingClient impl; approx # alive: 2
01-04 23:56:02.875  1564  4842 D OVRRemoteService: processStateChange([PairedControllerInfo JEDI 86557c336c360320 disconnected update-required mcnt=0])
01-04 23:56:02.875  1564  4842 D OVRRemoteService: processStateChange([PairedControllerInfo JEDI 729165a0fe4054d7 disconnected update-required mcnt=0])
01-04 23:56:02.875   732   732 D libsensorscommon: ControllerProvider: acquiring StreamingClient hidl
01-04 23:56:02.876  1564  4048 D RemoteService: RemoteService - Registering status callback
01-04 23:56:02.876   732   902 I SyncBossHAL: [info   ] pulsar_manager.c(343): Finished getting cache data for controller
01-04 23:56:02.876   732   902 I SyncBossHAL:     id            : 729165a0xxxxxxxx
01-04 23:56:02.876   732   902 I SyncBossHAL:     pulsar_type   : 0x09011401
01-04 23:56:02.876   732   902 I SyncBossHAL:     connection id : 0x3
01-04 23:56:02.876   732   902 I SyncBossHAL:     fw ver        : 1.9.0
01-04 23:56:02.876   732   902 I SyncBossHAL:     spl ver       : 1.5.1
01-04 23:56:02.876   732   902 I SyncBossHAL:     serial        : 1WMHCR70112121
01-04 23:56:02.876   732   902 I SyncBossHAL:     handedness    : right
01-04 23:56:02.876   732   902 I SyncBossHAL:     battery state : 100%
01-04 23:56:02.876   732   902 I SyncBossHAL: [info   ] pulsar_manager.c(360): Jedi-specific cache data:
01-04 23:56:02.876   732   902 I SyncBossHAL:     captouch ver  : 1.9.0
01-04 23:56:02.877   732  4833 W SensorService: Data for sensor type PULSAR dropped because of failure to update clock drift from vsync. 1 drops in the last 0s.
01-04 23:56:02.879   732  1018 I FrameSetDispatcher: [HEADSET] Client thread started
01-04 23:56:02.879   732  1018 I CameraClientManager: [HEADSET] Added client (849) - started clients: 1
01-04 23:56:02.880   732  4832 D SensorService: stateChangeNotifierFunc(): Reporting controller info. Change token: 5, paired=2 connected=1
01-04 23:56:02.880  1564  4842 D OVRRemoteService: processStateChange([PairedControllerInfo JEDI 729165a0fe4054d7 connected mcnt=0])
01-04 23:56:02.880   732   732 D SensorService: ControllerProvider: Succesfully set tx power to -4, filter to -4
01-04 23:56:02.880   732   902 I SyncBossHAL: [info   ] pulsar_manager.c(866): Setting transmit power for all connected controllers to -4 dBm
01-04 23:56:02.881  1564  4842 D OVRRemoteService: processStateChange([PairedControllerInfo JEDI 86557c336c360320 disconnected update-required mcnt=0])
01-04 23:56:02.883   849   849 W TrackingService: attachClient: found client in attached list
01-04 23:56:02.886   732   902 I SyncBossHAL: [info   ] pulsar_manager.c(866): Setting filter transmit power for all connected controllers to -4 dBm
01-04 23:56:02.890   732   732 D SensorService: Found paired controllers: 2
01-04 23:56:02.890   849  4885 D TrackingService: Creating RemoteConstellationTrackedDevice
01-04 23:56:02.891   849  4885 I TrackingService: Registering primary controller 729165a0fe4054d7 in slot 0
01-04 23:56:02.892   849  4885 D TrackingService: TrackingDataPostProcessor: Hand autotransition v2 GK enabled: 1
01-04 23:56:02.892   849  4885 D TrackingService: registerRemote: 729165a0fe4054d7
01-04 23:56:02.905   849  4885 W TrackingService: Attempted to control leds, but gatekeeper is disabled. Skipping operation.
01-04 23:56:02.915   732  4833 W SensorService: Data for sensor type HMD_MAG dropped because of failure to update clock drift from vsync. 1 drops in the last 0s.
01-04 23:56:02.925   849   849 W TrackingService: attachClient: found client in attached list
01-04 23:56:02.936   849   849 I chatty  : uid=1000(system) /system/bin/trackingservice identical 2 lines
01-04 23:56:02.951   849   849 W TrackingService: attachClient: found client in attached list
01-04 23:56:02.954   732  4833 I SyncBossInput: [info   ] [jedi (right) 729165a0xxxxxxxx]:  273899 [info   ] {THDG}: active_seek -> inactive_seek
01-04 23:56:02.983   732  4833 I SyncBossInput: [info   ] [jedi (right) 729165a0xxxxxxxx]:  678751 [info   ] {APP }: Connected
01-04 23:56:02.985   849   849 W TrackingService: attachClient: found client in attached list
01-04 23:56:03.030   849   849 W TrackingService: attachClient: found client in attached list
01-04 23:56:03.034   732  4833 I SyncBossInput: [info   ] [jedi (right) 729165a0xxxxxxxx]:  678752 [info   ] {THDG}: inactive_seek -> active_connected
01-04 23:56:03.058   849  4885 D TrackingService: [HANDTRACKING] Controller 729165a0fe4054d7 in hand: Y, valid: Y
01-04 23:56:03.062  1048  1098 W PowerManagerService: Screen on took 387 ms
01-04 23:56:03.072   732  1018 I HollywoodCameraProvider: [HollywoodCameraProvider] Set cameras to 10 bpp (format 0x00000007)
01-04 23:56:03.076   849   849 W TrackingService: attachClient: found client in attached list
01-04 23:56:03.077   732   902 I SyncBossHAL: [info   ] pulsar_manager.c(810): Setting controller LED config to period: 40000us, on-time: 34us, delay: -9us
01-04 23:56:03.121   849   849 W TrackingService: attachClient: found client in attached list
01-04 23:56:03.123   849  1217 W TrackingService: attachClient: found client in attached list
01-04 23:56:03.135   849  1217 W TrackingService: attachClient: found client in attached list
01-04 23:56:03.136   849  1217 D TrackingService: getSharedMemory: com.oculus.systemdriver#1779, HeadTracker
01-04 23:56:03.140   849  1039 I TrackingService: [            iot] STANDBY -> RUNNING transition time: 265 ms
01-04 23:56:03.145   732  1018 I FrameSetDispatcher: [CONTROLLER] Client thread started
01-04 23:56:03.145   732  1018 I CameraClientManager: [CONTROLLER] Added client (849) - started clients: 1
01-04 23:56:03.146   849  1039 I TrackingService: ConstellationTrackingGlue: setEnableExtendedDeadreckoning to false
01-04 23:56:03.146   849  1039 I TrackingService: [  constellation] STANDBY -> RUNNING transition time: 6 ms
01-04 23:56:03.146   849  1039 I TrackingService: [selftracked_client] STANDBY -> RUNNING transition time: 0 ms
01-04 23:56:03.147   849  1039 I TrackingService: [           hand] STANDBY -> RUNNING transition time: 0 ms
01-04 23:56:03.150   732  1018 I FrameSetDispatcher: [HEADSET] Client thread started
01-04 23:56:03.150   732  1018 I CameraClientManager: [HEADSET] Added client (849) - started clients: 2
01-04 23:56:03.150   849  1039 I TrackingService: [         object] STANDBY -> RUNNING transition time: 3 ms
01-04 23:56:03.150   849  1039 I TrackingService: [     controller] STANDBY -> RUNNING transition time: 0 ms
01-04 23:56:03.159   849  1039 I TrackingService: Setting initial exposure: 0.005000, initial gain: 3.000000
01-04 23:56:03.162   732  1018 I FrameSetDispatcher: [HEADSET] Client thread started
01-04 23:56:03.162   732  1018 I CameraClientManager: [HEADSET] Added client (849) - started clients: 3
01-04 23:56:03.163   849  1039 I TrackingService: [ExposureControl] STANDBY -> RUNNING transition time: 12 ms
01-04 23:56:03.163   849  1432 D TrackingService: setPowerState: RUNNING
01-04 23:56:03.165   849  1432 W TrackingService: attachClient: found client in attached list
01-04 23:56:03.201   849  1432 W TrackingService: attachClient: found client in attached list
01-04 23:56:03.202   732  4911 W libsensorscommon: frameset capture timestamp out of spec by -840099.53 ms. FrameType=HEADSET, observed=840139532000 expected=40000000. FrameSyncPeriod is: 40.00 ms
01-04 23:56:03.203   849  1432 D TrackingService: getSharedMemory: com.oculus.mrservice#1674, HeadTracker
01-04 23:56:03.211   849  1432 W TrackingService: attachClient: found client in attached list
01-04 23:56:03.217   849  1432 W TrackingService: attachClient: found client in attached list
01-04 23:56:03.218   849  1432 D TrackingService: getSharedMemory: com.oculus.systemdriver, Controller
01-04 23:56:03.223   849  1432 D TrackingService: haptic socket already exists
01-04 23:56:03.223   849  1432 D TrackingService: getSocket: com.oculus.guardian#2902
01-04 23:56:03.224   732  1018 W SyncBossHAL: [warning] pulsar_manager.c(701): No cache entry for device 86557c33xxxxxxxx with unknown type
01-04 23:56:03.224   732  1018 E SyncBossHAL: [error  ] syncboss_hal_input_helpers.c(158): Failure reading cache data when attempting to check if input is awake
01-04 23:56:03.225   849  1432 W TrackingService: attachClient: found client in attached list
01-04 23:56:03.226   849  1432 D TrackingService: getSharedMemory: com.oculus.guardian, Controller
01-04 23:56:03.233   849  1432 D TrackingService: getSharedMemory: com.YourCompany.PrototypeV4, Controller
01-04 23:56:03.256   849  1432 W TrackingService: attachClient: found client in attached list
01-04 23:56:03.302   849  1432 W TrackingService: attachClient: found client in attached list
01-04 23:56:03.315   732  4888 E FrameSetDispatcher: [HEADSET] Client pid=849 (849): Failed to read from receive FMQ for 1 packets in 5000ms.
01-04 23:56:03.315   732  4888 E FrameSetDispatcher: This probably means this client is taking more than 33 ms to process the frame.
01-04 23:56:03.315   732  4888 E FrameSetDispatcher: Retrying.
01-04 23:56:03.332   849  1432 W TrackingService: attachClient: found client in attached list
01-04 23:56:03.334   849  1432 D TrackingService: getSharedMemory: com.oculus.guardian, HeadTracker
01-04 23:56:03.334   849  1432 W TrackingService: attachClient: found client in attached list
01-04 23:56:03.337   849  1432 D TrackingService: getSharedMemory: com.oculus.guardian, AnchorTracker
01-04 23:56:03.347   849  1432 W TrackingService: attachClient: found client in attached list
01-04 23:56:03.382   849  1432 I chatty  : uid=1000(system) Binder:849_4 identical 2 lines
01-04 23:56:03.421   849  1432 W TrackingService: attachClient: found client in attached list
01-04 23:56:03.428  1048  4329 E WindowManager: App trying to use insecure INPUT_FEATURE_NO_INPUT_CHANNEL flag. Ignoring
01-04 23:56:03.445   849  1432 D TrackingService: getSharedMemory: com.oculus.vrshell#2129, HeadTracker
01-04 23:56:03.447   849  1217 W TrackingService: attachClient: found client in attached list
01-04 23:56:03.450   849  1217 D TrackingService: haptic socket already exists
01-04 23:56:03.450   849  1217 D TrackingService: getSocket: com.YourCompany.PrototypeV4
01-04 23:56:03.451   732  1018 E SensorService: Failed to set simple multi haptics, ret: -1
01-04 23:56:03.451   849   849 D TrackingService: getSharedMemory: com.oculus.vrshell, Controller
01-04 23:56:03.458   849   849 W TrackingService: attachClient: found client in attached list
01-04 23:56:03.459   849  1217 W TrackingService: attachClient: found client in attached list
01-04 23:56:03.459   849   849 D TrackingService: getSharedMemory: com.oculus.systemdriver, Controller
01-04 23:56:03.462   849  1217 D TrackingService: getSharedMemory: com.oculus.guardian, Controller
01-04 23:56:03.465   849   849 W TrackingService: attachClient: found client in attached list
01-04 23:56:03.472   732  4833 I SyncBossInput: [info   ] [jedi (right) 729165a0xxxxxxxx]:  679370 [info   ] {HPTH}: Set haptics frequency to 0x2149
01-04 23:56:03.510   849   849 W TrackingService: attachClient: found client in attached list
01-04 23:56:03.551   849   849 W TrackingService: attachClient: found client in attached list
01-04 23:56:03.566  1048  3003 I ActivityTaskManager: START u0 {act=android.intent.action.MAIN cmp=com.oculus.os.clearactivity/.ClearActivity (has extras)} from uid 10020
01-04 23:56:03.567  1048  3003 W ActivityTaskManager: startActivity called from non-Activity context; forcing Intent.FLAG_ACTIVITY_NEW_TASK for: Intent { act=android.intent.action.MAIN flg=0x800000 cmp=com.oculus.os.clearactivity/.ClearActivity (has extras) }
01-04 23:56:03.583  1048  1074 D ActivityManager: Is background playback enabled for all apps: false
01-04 23:56:03.590   849  1217 W TrackingService: attachClient: found client in attached list
01-04 23:56:03.631   849   849 W TrackingService: attachClient: found client in attached list
01-04 23:56:03.631   849   849 I chatty  : uid=1000(system) /system/bin/trackingservice identical 1 line
01-04 23:56:03.640  1048  1088 W ActivityManager: Slow operation: 59ms so far, now at startProcess: returned from zygote!
01-04 23:56:03.640  1048  1088 W ActivityManager: Slow operation: 60ms so far, now at startProcess: done updating battery stats
01-04 23:56:03.641  1048  1088 D ActivityManager: Is background playback enabled for all apps: false
01-04 23:56:03.641  1048  1088 W ActivityManager: Slow operation: 60ms so far, now at startProcess: building log message
01-04 23:56:03.641  1048  1088 I ActivityManager: Start proc 4973:com.oculus.os.clearactivity/u0a72 for activity {com.oculus.os.clearactivity/com.oculus.os.clearactivity.ClearActivity}
01-04 23:56:03.641  1048  1088 W ActivityManager: Slow operation: 60ms so far, now at startProcess: starting to update pids map
01-04 23:56:03.645  1048  1088 W ActivityManager: Slow operation: 64ms so far, now at startProcess: done updating pids map
01-04 23:56:03.672   849   849 W TrackingService: attachClient: found client in attached list
01-04 23:56:03.714   849  1217 W TrackingService: attachClient: found client in attached list
01-04 23:56:03.753  1048  1547 E WindowManager: App trying to use insecure INPUT_FEATURE_NO_INPUT_CHANNEL flag. Ignoring
01-04 23:56:03.758   849   849 W TrackingService: attachClient: found client in attached list
01-04 23:56:03.801   849   849 W TrackingService: attachClient: found client in attached list
01-04 23:56:03.832   732  4833 I SyncBossHAL: [info   ] syncboss_hal_input_controller.c(195): Controller 729165a0xxxxxxxx battery level changed: 0% -> 100%
01-04 23:56:03.836   732  4832 D SensorService: stateChangeNotifierFunc(): Reporting controller info. Change token: 6, paired=2 connected=1
01-04 23:56:03.836  1564  4842 D OVRRemoteService: processStateChange([PairedControllerInfo JEDI 729165a0fe4054d7 connected mcnt=0])
01-04 23:56:03.836  1564  4842 D OVRRemoteService: processStateChange([PairedControllerInfo JEDI 86557c336c360320 disconnected update-required mcnt=0])
01-04 23:56:03.847   849   849 W TrackingService: attachClient: found client in attached list
01-04 23:56:03.893   849   849 W TrackingService: attachClient: found client in attached list
01-04 23:56:03.894   849  1217 W TrackingService: attachClient: found client in attached list
01-04 23:56:04.114  1553  4890 W ContextImpl: Calling a method in the system process without a qualified user: android.app.ContextImpl.sendBroadcast:1057 android.content.ContextWrapper.sendBroadcast:448 X.np.A00:133 X.no.A00:17 X.no.handleMessage:80 
01-04 23:56:04.213   849  1217 I chatty  : uid=1000(system) Binder:849_3 identical 8 lines
01-04 23:56:04.260   849  1217 W TrackingService: attachClient: found client in attached list
01-04 23:56:04.299   849  1217 D TrackingService: haptic socket already exists
01-04 23:56:04.299   849  1217 D TrackingService: getSocket: com.oculus.vrshell
01-04 23:56:04.305   849  1217 W TrackingService: attachClient: found client in attached list
01-04 23:56:04.338  1048  1080 W VoiceInteractionManagerService: no available voice interaction services found for user 0
01-04 23:56:04.384  1553  5000 W ContextImpl: Calling a method in the system process without a qualified user: android.app.ContextImpl.sendBroadcast:1057 android.content.ContextWrapper.sendBroadcast:448 X.np.A00:133 X.no.A00:17 X.no.handleMessage:80 
01-04 23:56:04.387   849  1217 I chatty  : uid=1000(system) Binder:849_3 identical 2 lines
01-04 23:56:04.403  1048  4836 I ActivityTaskManager: START u0 {act=com.oculus.os.clearactivity.FINISH cmp=com.oculus.os.clearactivity/.ClearActivity (has extras)} from uid 10020
01-04 23:56:04.404  1048  4836 W ActivityTaskManager: startActivity called from non-Activity context; forcing Intent.FLAG_ACTIVITY_NEW_TASK for: Intent { act=com.oculus.os.clearactivity.FINISH flg=0x800000 cmp=com.oculus.os.clearactivity/.ClearActivity (has extras) }
01-04 23:56:04.431   849  1217 W TrackingService: attachClient: found client in attached list
01-04 23:56:04.433   849   849 W TrackingService: attachClient: found client in attached list
01-04 23:56:04.440  1048  1074 D ActivityManager: Is background playback enabled for all apps: false
01-04 23:56:04.461   849  1217 W TrackingService: attachClient: found client in attached list
01-04 23:56:04.462   849  1217 D TrackingService: getSharedMemory: com.YourCompany.PrototypeV4, Controller
01-04 23:56:04.478   849  1217 W TrackingService: attachClient: found client in attached list
01-04 23:56:04.661   849  1217 I chatty  : uid=1000(system) Binder:849_3 identical 4 lines
01-04 23:56:04.701   849  1217 W TrackingService: attachClient: found client in attached list
01-04 23:56:04.702   849   849 W TrackingService: attachClient: found client in attached list
01-04 23:56:05.151   849   849 I chatty  : uid=1000(system) /system/bin/trackingservice identical 13 lines
01-04 23:56:05.152   849   849 W TrackingService: attachClient: found client in attached list
01-04 23:56:05.193   849  1217 W TrackingService: attachClient: found client in attached list
01-04 23:56:05.237   849  1217 W TrackingService: attachClient: found client in attached list
01-04 23:56:05.281   849   849 W TrackingService: attachClient: found client in attached list
01-04 23:56:05.381   849   849 I chatty  : uid=1000(system) /system/bin/trackingservice identical 3 lines
01-04 23:56:05.383   849   849 W TrackingService: attachClient: found client in attached list
01-04 23:56:05.405   849   849 I TrackingService: Unregistering client by ITrackingService.unregisterClient
01-04 23:56:05.405   849   849 I TrackingService: Failed to unregister client because client not found in registered list
01-04 23:56:05.405   849   849 I chatty  : uid=1000(system) /system/bin/trackingservice identical 7 lines
01-04 23:56:05.405   849   849 I TrackingService: Failed to unregister client because client not found in registered list
01-04 23:56:05.405   849   849 D TrackingService: unregister: com.YourCompany.PrototypeV4
01-04 23:56:05.422   849   849 W TrackingService: attachClient: found client in attached list
01-04 23:56:05.448  1048  1547 D WindowManager: relayoutVisibleWindow: Window{bff25ed u0 com.YourCompany.PrototypeV4/com.epicgames.ue4.GameActivity EXITING} mAnimatingExit=true, mRemoveOnExit=false, mDestroying=false
01-04 23:56:05.461  1048  1222 I ActivityTaskManager: Activity reported stop, but no longer stopping: ActivityRecord{10c2b0e u0 com.YourCompany.PrototypeV4/com.epicgames.ue4.GameActivity t314}
01-04 23:56:05.465   849  1217 W TrackingService: attachClient: found client in attached list
01-04 23:56:05.594   849  1217 I chatty  : uid=1000(system) Binder:849_3 identical 3 lines
01-04 23:56:05.602   849  1217 W TrackingService: attachClient: found client in attached list
01-04 23:56:05.604   849   849 W TrackingService: attachClient: found client in attached list
01-04 23:56:05.650   849  1217 W TrackingService: attachClient: found client in attached list
01-04 23:56:05.826   849  1217 I chatty  : uid=1000(system) Binder:849_3 identical 4 lines
01-04 23:56:05.858  1048  1722 D ConnectivityService: requestNetwork for uid/pid:10080/2846 NetworkRequest [ TRACK_DEFAULT id=19, [ Capabilities: INTERNET&NOT_RESTRICTED&TRUSTED Uid: 10080] ]
01-04 23:56:05.871   849  1217 W TrackingService: attachClient: found client in attached list
01-04 23:56:05.872   849   849 W TrackingService: attachClient: found client in attached list
01-04 23:56:05.915   849   849 W TrackingService: attachClient: found client in attached list
01-04 23:56:05.939  1048  1169 D ConnectivityService: Blocked status changed to true for 10080(19) on netId 100
01-04 23:56:05.945   849   849 D TrackingService: getSharedMemory: com.YourCompany.PrototypeV4, HeadTracker
01-04 23:56:05.948   849   849 D TrackingService: getSharedMemory: com.YourCompany.PrototypeV4, Controller
01-04 23:56:05.961   849   849 W TrackingService: attachClient: found client in attached list
01-04 23:56:05.967  1048  1169 D ConnectivityService: releasing NetworkRequest [ TRACK_DEFAULT id=19, [ Capabilities: INTERNET&NOT_RESTRICTED&TRUSTED Uid: 10080] ] (release request)
01-04 23:56:06.691   849   849 I chatty  : uid=1000(system) /system/bin/trackingservice identical 21 lines
01-04 23:56:06.736   849   849 W TrackingService: attachClient: found client in attached list
01-04 23:56:06.767   732   901 I SyncBossHAL: [info   ] syncboss_hal_impl_input.c(1060): Pulsar connected devices state change: 4
01-04 23:56:06.784   849  1217 W TrackingService: attachClient: found client in attached list
01-04 23:56:06.830   849  1217 W TrackingService: attachClient: found client in attached list
01-04 23:56:06.831   732   902 I SyncBossHAL: [info   ] pulsar_manager.c(396): 86557c33xxxxxxxx: Configuring IR LED to ontime = 34, period = 40000, delay = -9
01-04 23:56:06.837   732   902 I SyncBossHAL: [info   ] pulsar_manager.c(343): Finished getting cache data for controller
01-04 23:56:06.837   732   902 I SyncBossHAL:     id            : 86557c33xxxxxxxx
01-04 23:56:06.837   732   902 I SyncBossHAL:     pulsar_type   : 0x09001401
01-04 23:56:06.837   732   902 I SyncBossHAL:     connection id : 0x4
01-04 23:56:06.837   732   902 I SyncBossHAL:     fw ver        : 1.9.0
01-04 23:56:06.837   732   902 I SyncBossHAL:     spl ver       : 1.5.1
01-04 23:56:06.837   732   902 I SyncBossHAL:     serial        : 1WMHCLE3D42127
01-04 23:56:06.837   732   902 I SyncBossHAL:     handedness    : left
01-04 23:56:06.837   732   902 I SyncBossHAL:     battery state : 100%
01-04 23:56:06.837   732   902 I SyncBossHAL: [info   ] pulsar_manager.c(360): Jedi-specific cache data:
01-04 23:56:06.837   732   902 I SyncBossHAL:     captouch ver  : 1.9.0
01-04 23:56:06.841   732  4832 D SensorService: stateChangeNotifierFunc(): Reporting controller info. Change token: 7, paired=2 connected=2
01-04 23:56:06.841  1564  4842 D OVRRemoteService: processStateChange([PairedControllerInfo JEDI 729165a0fe4054d7 connected mcnt=0])
01-04 23:56:06.841  1564  4842 D OVRRemoteService: processStateChange([PairedControllerInfo JEDI 86557c336c360320 connected mcnt=0])
01-04 23:56:06.842   732  1018 D SensorService: ControllerProvider: Succesfully set tx power to -4, filter to -4
01-04 23:56:06.842   732   902 I SyncBossHAL: [info   ] pulsar_manager.c(866): Setting transmit power for all connected controllers to -4 dBm
01-04 23:56:06.850   732  1018 D SensorService: Found paired controllers: 2
01-04 23:56:06.851   849  4885 D TrackingService: Creating RemoteConstellationTrackedDevice
01-04 23:56:06.851   849  4885 I TrackingService: Registering primary controller 86557c336c360320 in slot 1
01-04 23:56:06.855   849  4885 D TrackingService: TrackingDataPostProcessor: Hand autotransition v2 GK enabled: 1
01-04 23:56:06.855   849  4885 D TrackingService: registerRemote: 86557c336c360320
01-04 23:56:06.858   732   902 I SyncBossHAL: [info   ] pulsar_manager.c(866): Setting filter transmit power for all connected controllers to -4 dBm
01-04 23:56:06.864   849  1217 W TrackingService: attachClient: found client in attached list
01-04 23:56:06.868   849   849 W TrackingService: attachClient: found client in attached list
01-04 23:56:06.869   849  4885 W TrackingService: Attempted to control leds, but gatekeeper is disabled. Skipping operation.
01-04 23:56:06.879  1048  1048 I RoleManagerService: Granting default permissions...
01-04 23:56:06.888  1048  1080 W VoiceInteractionManagerService: no available voice interaction services found for user 0
01-04 23:56:06.910   849   849 W TrackingService: attachClient: found client in attached list
01-04 23:56:06.914   732  4833 I SyncBossInput: [info   ] [jedi ( left) 86557c33xxxxxxxx]:  329689 [info   ] {THDG}: active_seek -> inactive_seek
01-04 23:56:06.923   849  4885 D TrackingService: [HANDTRACKING] Controller 86557c336c360320 in hand: Y, valid: Y
01-04 23:56:06.942   732  4833 I SyncBossInput: [info   ] [jedi ( left) 86557c33xxxxxxxx]:  738495 [info   ] {APP }: Connected
01-04 23:56:06.957   849   849 W TrackingService: attachClient: found client in attached list
01-04 23:56:06.992   732  4833 I SyncBossInput: [info   ] [jedi ( left) 86557c33xxxxxxxx]:  738496 [info   ] {THDG}: inactive_seek -> active_connected
01-04 23:56:07.001   849   849 W TrackingService: attachClient: found client in attached list
01-04 23:56:07.134  1048  1080 I RoleUserState: Wrote roles.xml successfully
01-04 23:56:07.369   849   849 I chatty  : uid=1000(system) /system/bin/trackingservice identical 11 lines
01-04 23:56:07.417   849   849 W TrackingService: attachClient: found client in attached list
01-04 23:56:07.428   732  4833 I SyncBossInput: [info   ] [jedi ( left) 86557c33xxxxxxxx]:  739116 [info   ] {HPTH}: Set haptics frequency to 0x2127
01-04 23:56:07.461   849   849 W TrackingService: attachClient: found client in attached list
01-04 23:56:07.462   849  4885 D TrackingService: [HANDTRACKING] Controller 729165a0fe4054d7 in hand: N, valid: Y
01-04 23:56:07.465  1048  1510 E TaskPersister: File error accessing recents directory (directory doesn't exist?).
01-04 23:56:07.503   849   849 W TrackingService: attachClient: found client in attached list
01-04 23:56:07.515   849   849 D TrackingService: haptic socket already exists
01-04 23:56:07.516   849   849 D TrackingService: getSocket: com.YourCompany.PrototypeV4
01-04 23:56:07.548   849   849 W TrackingService: attachClient: found client in attached list
01-04 23:56:07.553   732  4833 I SyncBossHAL: [info   ] syncboss_hal_input_controller.c(195): Controller 86557c33xxxxxxxx battery level changed: 0% -> 100%
01-04 23:56:07.558   732  4832 D SensorService: stateChangeNotifierFunc(): Reporting controller info. Change token: 8, paired=2 connected=2
01-04 23:56:07.558  1564  4842 D OVRRemoteService: processStateChange([PairedControllerInfo JEDI 729165a0fe4054d7 connected mcnt=0])
01-04 23:56:07.558  1564  4842 D OVRRemoteService: processStateChange([PairedControllerInfo JEDI 86557c336c360320 connected mcnt=0])
01-04 23:56:07.594   849   849 W TrackingService: attachClient: found client in attached list
01-04 23:56:07.640   849   849 W TrackingService: attachClient: found client in attached list
01-04 23:56:07.644   849  1217 W TrackingService: attachClient: found client in attached list
01-04 23:56:08.187  1048  1048 I RoleManagerService: Granting default permissions...
01-04 23:56:08.189  1048  1080 W VoiceInteractionManagerService: no available voice interaction services found for user 0
01-04 23:56:08.445  1048  1080 I RoleUserState: Wrote roles.xml successfully
01-04 23:56:08.621   849  1217 I chatty  : uid=1000(system) Binder:849_3 identical 26 lines
01-04 23:56:08.660   849  1217 W TrackingService: attachClient: found client in attached list
01-04 23:56:08.661   849   849 W TrackingService: attachClient: found client in attached list
01-04 23:56:09.741   849   849 I chatty  : uid=1000(system) /system/bin/trackingservice identical 29 lines
01-04 23:56:09.786   849   849 W TrackingService: attachClient: found client in attached list
01-04 23:56:09.804   849  1217 W TrackingService: attachClient: found client in attached list
01-04 23:56:10.275   849  1217 I chatty  : uid=1000(system) Binder:849_3 identical 14 lines
01-04 23:56:10.314   849  1217 W TrackingService: attachClient: found client in attached list
01-04 23:56:10.353   849   849 W TrackingService: attachClient: found client in attached list
01-04 23:56:10.708   849   849 I chatty  : uid=1000(system) /system/bin/trackingservice identical 10 lines
01-04 23:56:10.749   849   849 W TrackingService: attachClient: found client in attached list
01-04 23:56:10.791   849  1432 W TrackingService: attachClient: found client in attached list
01-04 23:56:12.350   849  1432 I chatty  : uid=1000(system) Binder:849_4 identical 44 lines
01-04 23:56:12.392   849  1432 W TrackingService: attachClient: found client in attached list
01-04 23:56:12.394   849   849 W TrackingService: attachClient: found client in attached list
01-04 23:56:13.180   849   849 I chatty  : uid=1000(system) /system/bin/trackingservice identical 25 lines
01-04 23:56:13.225   849   849 W TrackingService: attachClient: found client in attached list
01-04 23:56:13.271   849  1432 W TrackingService: attachClient: found client in attached list
01-04 23:56:13.496   849  1432 I chatty  : uid=1000(system) Binder:849_4 identical 6 lines
01-04 23:56:13.525   849  1432 W TrackingService: attachClient: found client in attached list
01-04 23:56:13.526   849   849 W TrackingService: attachClient: found client in attached list
01-04 23:56:14.733   849   849 I chatty  : uid=1000(system) /system/bin/trackingservice identical 36 lines
01-04 23:56:14.778   849   849 W TrackingService: attachClient: found client in attached list
01-04 23:56:14.822   849  1432 W TrackingService: attachClient: found client in attached list
01-04 23:56:14.913   849  1432 I chatty  : uid=1000(system) Binder:849_4 identical 2 lines
01-04 23:56:14.930   849  1432 W TrackingService: attachClient: found client in attached list
01-04 23:56:14.932   849   849 W TrackingService: attachClient: found client in attached list
01-04 23:56:16.131   849   849 I chatty  : uid=1000(system) /system/bin/trackingservice identical 33 lines
01-04 23:56:16.173   849   849 W TrackingService: attachClient: found client in attached list
01-04 23:56:16.178   849  1432 W TrackingService: attachClient: found client in attached list
01-04 23:56:17.442   849  1432 I chatty  : uid=1000(system) Binder:849_4 identical 33 lines
01-04 23:56:17.492   849  1432 W TrackingService: attachClient: found client in attached list
01-04 23:56:17.493   849   849 W TrackingService: attachClient: found client in attached list
01-04 23:56:18.153   849   849 I chatty  : uid=1000(system) /system/bin/trackingservice identical 19 lines
01-04 23:56:18.188   849   849 W TrackingService: attachClient: found client in attached list
01-04 23:56:18.190   849  1432 W TrackingService: attachClient: found client in attached list
01-04 23:56:21.082   849  1432 I chatty  : uid=1000(system) Binder:849_4 identical 82 lines
01-04 23:56:21.123   849  1432 W TrackingService: attachClient: found client in attached list
01-04 23:56:21.124   849   849 W TrackingService: attachClient: found client in attached list
01-04 23:56:21.803   849   849 I chatty  : uid=1000(system) /system/bin/trackingservice identical 19 lines
01-04 23:56:21.843   849   849 W TrackingService: attachClient: found client in attached list
01-04 23:56:21.845   849  1432 W TrackingService: attachClient: found client in attached list
01-04 23:56:24.811   849  1432 I chatty  : uid=1000(system) Binder:849_4 identical 86 lines
01-04 23:56:24.854   849  1432 W TrackingService: attachClient: found client in attached list
01-04 23:56:24.882   849   849 W TrackingService: attachClient: found client in attached list
01-04 23:56:25.150   849   849 I chatty  : uid=1000(system) /system/bin/trackingservice identical 7 lines
01-04 23:56:25.196   849   849 W TrackingService: attachClient: found client in attached list
01-04 23:56:25.243   849  1432 W TrackingService: attachClient: found client in attached list
01-04 23:56:27.215   849  1432 I chatty  : uid=1000(system) Binder:849_4 identical 55 lines
01-04 23:56:27.261   849  1432 W TrackingService: attachClient: found client in attached list
01-04 23:56:27.262   849   849 W TrackingService: attachClient: found client in attached list
01-04 23:56:28.941   849   849 I chatty  : uid=1000(system) /system/bin/trackingservice identical 45 lines
01-04 23:56:28.987   849   849 W TrackingService: attachClient: found client in attached list
01-04 23:56:29.030   849  1432 W TrackingService: attachClient: found client in attached list
01-04 23:56:29.319   849  1432 I chatty  : uid=1000(system) Binder:849_4 identical 8 lines
01-04 23:56:29.321   849  1432 W TrackingService: attachClient: found client in attached list
01-04 23:56:29.361   849   849 W TrackingService: attachClient: found client in attached list
01-04 23:56:29.520   849   849 I chatty  : uid=1000(system) /system/bin/trackingservice identical 4 lines
01-04 23:56:29.540   849   849 W TrackingService: attachClient: found client in attached list
01-04 23:56:29.541   849  1432 W TrackingService: attachClient: found client in attached list
01-04 23:56:29.730   849  1432 I chatty  : uid=1000(system) Binder:849_4 identical 5 lines
01-04 23:56:29.776   849  1432 W TrackingService: attachClient: found client in attached list
01-04 23:56:29.781   849   849 W TrackingService: attachClient: found client in attached list
01-04 23:56:29.957   849   849 I chatty  : uid=1000(system) /system/bin/trackingservice identical 4 lines
01-04 23:56:30.001   849   849 W TrackingService: attachClient: found client in attached list
01-04 23:56:30.032   849  1432 W TrackingService: attachClient: found client in attached list
01-04 23:56:30.392   849  1432 I chatty  : uid=1000(system) Binder:849_4 identical 10 lines
01-04 23:56:30.437   849  1432 W TrackingService: attachClient: found client in attached list
01-04 23:56:30.484   849   849 W TrackingService: attachClient: found client in attached list
01-04 23:56:32.191   849   849 I chatty  : uid=1000(system) /system/bin/trackingservice identical 50 lines
01-04 23:56:32.232   849   849 W TrackingService: attachClient: found client in attached list
01-04 23:56:32.233   849  1432 W TrackingService: attachClient: found client in attached list
01-04 23:56:32.401   849  1432 I chatty  : uid=1000(system) Binder:849_4 identical 4 lines
01-04 23:56:32.442   849  1432 W TrackingService: attachClient: found client in attached list
01-04 23:56:32.491   849   849 W TrackingService: attachClient: found client in attached list
01-04 23:56:32.831   849   849 I chatty  : uid=1000(system) /system/bin/trackingservice identical 10 lines
01-04 23:56:32.877   849   849 W TrackingService: attachClient: found client in attached list
01-04 23:56:32.902   849  1432 W TrackingService: attachClient: found client in attached list
01-04 23:56:32.931   849  1432 I chatty  : uid=1000(system) Binder:849_4 identical 3 lines
01-04 23:56:32.972   849  1432 W TrackingService: attachClient: found client in attached list
01-04 23:56:33.013   849   849 W TrackingService: attachClient: found client in attached list
01-04 23:56:33.206   849   849 I chatty  : uid=1000(system) /system/bin/trackingservice identical 6 lines
01-04 23:56:33.234   849   849 W TrackingService: attachClient: found client in attached list
01-04 23:56:33.280   849  1432 W TrackingService: attachClient: found client in attached list
01-04 23:56:33.942   849  1432 I chatty  : uid=1000(system) Binder:849_4 identical 19 lines
01-04 23:56:33.987   849  1432 W TrackingService: attachClient: found client in attached list
01-04 23:56:34.032   849   849 W TrackingService: attachClient: found client in attached list
01-04 23:56:37.189   849   849 I chatty  : uid=1000(system) /system/bin/trackingservice identical 93 lines
01-04 23:56:37.235   849   849 W TrackingService: attachClient: found client in attached list
01-04 23:56:37.237   849  1217 W TrackingService: attachClient: found client in attached list
01-04 23:56:37.715   849  1217 I chatty  : uid=1000(system) Binder:849_3 identical 12 lines
01-04 23:56:37.754   849  1217 W TrackingService: attachClient: found client in attached list
01-04 23:56:37.756   849   849 W TrackingService: attachClient: found client in attached list
01-04 23:56:38.199   849   849 I chatty  : uid=1000(system) /system/bin/trackingservice identical 12 lines
01-04 23:56:38.241   849   849 W TrackingService: attachClient: found client in attached list
01-04 23:56:38.244   849  1217 W TrackingService: attachClient: found client in attached list
01-04 23:56:38.685   849  1217 I chatty  : uid=1000(system) Binder:849_3 identical 12 lines
01-04 23:56:38.731   849  1217 W TrackingService: attachClient: found client in attached list
01-04 23:56:38.732   849   849 W TrackingService: attachClient: found client in attached list
