01-06 22:13:19.033  1660  4846 I RPCServer: HandleClientDisconnect: Client: com.oculus.vrshell:com.oculus.vrshell:Overlay:2189, Server: com.oculus.os.dialoghost:com.oculus.os.dialoghost (DialogHostService)
01-06 22:13:19.033  3505  3667 D [SEO] BaseOverlayService: setOverlayInputFocus : entrypoint - inputFocus=true shouldSupportIME=true
01-06 22:13:19.033  3505  3505 D [SEO] BaseOverlayService: attachServiceWindowView shouldSupportIME:true
01-06 22:13:19.033  3505  3667 I [SEO] ShellTransitionState: Logging ShellTransitionState to dumpsys: {"state":"Foregrounding","timeMillis":"2589047"}
01-06 22:13:19.033  3505  3667 I [SEO] VrPlatformOpenXr: Setting clock levels to cpu=2, gpu=4
01-06 22:13:19.033  3505  3667 I [SEO] VrPlatformOpenXr: Setting perf thread tids to main=3667, render=unset
01-06 22:13:19.033  3505  3667 I OpenXR  : ------------ xrBeginSession [start] -----------
01-06 22:13:19.033  3505  3667 I VrRuntimeClient: Tracing is disabled
01-06 22:13:19.033  3505  3667 I VrRuntimeClient: SysProp debug mode is disabled on Client side
01-06 22:13:19.033  1680  3153 I [CT]    : MIXEDREALITY: MrServiceModel: Hibernating caller (most likely rendering thread) due to commandQueue being empty.
01-06 22:13:19.035  3505  3667 D VrApi   : targetSDKVersion 29
01-06 22:13:19.037  1050  1068 E WindowManager: App trying to use insecure INPUT_FEATURE_NO_INPUT_CHANNEL flag. Ignoring
01-06 22:13:19.038  8039  8134 E OsSdk   : error getting shared memory region, memory type: HeadTracker, failed with Status(-1, EX_SECURITY): 'requested shared memory region when not registered/focused'
01-06 22:13:19.038   862  1634 I chatty  : uid=1000(system) Binder:862_4 identical 2 lines
01-06 22:13:19.045  8039  8134 E OsSdk   : error getting shared memory region, memory type: AnchorTracker, failed with Status(-1, EX_SECURITY): 'requested shared memory region when not registered/focused'
01-06 22:13:19.046  2189  2882 I RuntimeIPCClient: RuntimeIPCClient: Shutdown: Client: com.oculus.vrshell:com.oculus.vrshell:Overlay:2189, Server: com.oculus.os.dialoghost:com.oculus.os.dialoghost (DialogHostService)
01-06 22:13:19.046  3505  3667 I VrRuntimeClient: DEVICE MODEL NUMBER = Quest 2
01-06 22:13:19.046  3505  3667 I VrRuntimeClient: DEVICE BUILD NAME = user-49068160412800150
01-06 22:13:19.046  3505  3667 I VrRuntimeClient: DEVICE BUILD TYPE = user
01-06 22:13:19.046  3505  3667 I VrRuntimeClient: DEVICE OS VERSION = 10
01-06 22:13:19.047  3505  3667 I VrRuntimeClient: API LOADER VERSION = 1.0.22
01-06 22:13:19.047  3505  3667 I VrRuntimeClient: RUNTIME API VERSION = 1.0.25
01-06 22:13:19.047  3505  3667 I VrRuntimeClient: RUNTIME VERSION = 47.0.0.282.341 Nov 25 2022 14:16:37 RELEASE
01-06 22:13:19.047  3505  3667 I VrRuntimeClient: APP NAME = Oculus App Runtime
01-06 22:13:19.047  3505  3667 I VrRuntimeClient: APP VERSION = 47.0.0.282.341 versionCode 428237138 internalVersionName 47.0.0.282.341.8e28c4f8052b 2022_12_12_06_16
01-06 22:13:19.047  3505  3667 I VrRuntimeClient: APP VR TYPE = vr_only
01-06 22:13:19.047  3505  3667 I VrRuntimeClient: APP MODE TYPE = VR
01-06 22:13:19.047  3505  3667 I VrRuntimeClient: APP PACKAGE NAME = com.oculus.vrshell
01-06 22:13:19.047  3505  3667 I VrRuntimeClient: APP ACTIVITY CLASS = com.oculus.vrshell.ShellApplication
01-06 22:13:19.047  3505  3667 I Sensor  : OSSDKTRACKING Initializing head tracking
01-06 22:13:19.047  3505  3667 I Sensor  : OSSDKTRACKING Head tracker != nullpointer 0xc98dba98, 1
01-06 22:13:19.047  3505  3667 I Sensor  : OSSDKTRACKING Initializing controller tracking
01-06 22:13:19.047  3505  3667 I Sensor  : OSSDKTRACKING Controller tracker != nullpointer 0xc98debb0, 1
01-06 22:13:19.047  3505  3667 D BatteryReceiver: Registering battery receiver
01-06 22:13:19.048  1775  1775 I ClientMgr: FocusedWindowChanged: found matching overlay client: 2499966418
01-06 22:13:19.048  1775  1775 I ClientMgr: FocusedClient changed.
01-06 22:13:19.048  1775  1775 I ClientMgr: ClientMgr::SetFocusedClient: 3505:com.oculus.vrshell type 1
01-06 22:13:19.048  1775  1775 I ClientMgr: SetFocusedPackageName - packageName com.oculus.vrshell processName com.oculus.vrshell clientId 2499966418 clientPid 3505
01-06 22:13:19.048  1775  1775 I VrRuntimeService: RuntimeIPC: SendFocusChangeEventToAllClients: PostClientEvent SUCCESS: com.oculus.xrstreamingclient:com.oculus.xrstreamingclient:8039, com.oculus.vrshell, com.oculus.vrshell
01-06 22:13:19.048  1775  1775 I VrRuntimeService: RuntimeIPC: SendFocusChangeEventToAllClients: PostClientEvent SUCCESS: com.oculus.shellenv:com.oculus.shellenv:3476, com.oculus.vrshell, com.oculus.vrshell
01-06 22:13:19.048  1775  1775 I VrRuntimeService: RuntimeIPC: SendFocusChangeEventToAllClients: PostClientEvent SUCCESS: com.oculus.vrshell:com.oculus.vrshell:3505, com.oculus.vrshell, com.oculus.vrshell
01-06 22:13:19.048  1775  1775 I VrRuntimeService: RuntimeIPC: SendFocusChangeEventToAllClients: PostClientEvent SUCCESS: com.oculus.mrservice:com.oculus.mrservice:1680, com.oculus.vrshell, com.oculus.vrshell
01-06 22:13:19.048  1775  1775 I VrRuntimeService: RuntimeIPC: SendFocusChangeEventToAllClients: PostClientEvent SUCCESS: com.oculus.guardian:com.oculus.vrguardianservice:2853, com.oculus.vrshell, com.oculus.vrshell
01-06 22:13:19.048  1775  1775 I VrRuntimeService: RuntimeIPC: SendFocusChangeEventToAllClients: PostClientEvent SUCCESS: com.oculus.vrshell:com.oculus.vrshell:Overlay:2189, com.oculus.vrshell, com.oculus.vrshell
01-06 22:13:19.051  1943  2155 I OVRMediaServiceManager: Sending onAppStart (com.oculus.shellenv) to SocialPlatform (com.oculus.socialplatform)
01-06 22:13:19.052  3013  3013 D MetaCam (MediaCapabilityChecker): checkMediaHasRecordingCapabilities packageName: com.oculus.vrshell
01-06 22:13:19.052  3013  3013 D MetaCam (MediaCapabilityChecker): checkMediaHasRecordingCapabilities packageName: com.oculus.vrshell
01-06 22:13:19.052  3505  3505 D [SEO] BaseOverlayService: setOverlayInputFocus : completed - inputFocus=true shouldSupportIME=true actionTaken:true
01-06 22:13:19.053  1775  8535 I Vsync   : Vsync 8550:  1 x 11.14 ms (71.83 Hz, at 2589.067)
01-06 22:13:19.054  3505  3667 D HeadsetReceiver: getCurrentHeadsetState: false
01-06 22:13:19.054  3505  3667 I DeviceStatus: nativeHeadsetEvent(0)
01-06 22:13:19.056  3476  3504 I VrRuntimeClient: Client has lost focus.
01-06 22:13:19.056  3505  3667 I VrRuntimeClient: SetCompositorClientFeatureFlag ClientFeatureFlag 0 
01-06 22:13:19.056  3505  3667 I LogTimer: CPUTIME: VrRuntimeClient_BeginSession took 22.9252 ms
01-06 22:13:19.056  3505  3667 I ClientInputInterface: DEADRECKONING SetControllerTrackingExtendedDeadreckoning 0
01-06 22:13:19.057  3505  3667 I ClientInputSettings: HANDTRACKING package name is com.oculus.vrshell
01-06 22:13:19.058  3476  3504 I OpenXR  : PostSessionStateChange: XR_SESSION_STATE_FOCUSED -> XR_SESSION_STATE_VISIBLE
01-06 22:13:19.059  1775  2837 I VrRuntimeServer: DisableCompositorClient: 0
01-06 22:13:19.059  1775  2837 I CompositorClientMgr: Disable client 0
01-06 22:13:19.059  1775  2837 I CompositorClientMgr: DisableClient: frame flush required: 1
01-06 22:13:19.059  3505  3667 I ClientInputSettings: HANDTRACKING: Manifest Permission request for com.oculus.vrshell
01-06 22:13:19.059  3476  3504 I Clay    : xrPollEvent: SESSION_STATE_CHANGED: VISIBLE
01-06 22:13:19.060  1680  1707 I [CT]    : MIXEDREALITY: MrServiceController: VrFocusManager::Top Activity Changed, topActivity now is: 'com.oculus.shellenv', immersiveApp now is: 'com.oculus.shellenv'.
01-06 22:13:19.060  1680  3153 I [CT]    : MIXEDREALITY: MrServiceModel: Hibernating caller (most likely rendering thread) due to commandQueue being empty.
01-06 22:13:19.061  2189  2882 I RuntimeIPCApi: ipc_Shutdown
01-06 22:13:19.062  3505  3667 I ClientInputSettings: HANDTRACKING:  'com.oculus.vrshell' Is hands or controller.
01-06 22:13:19.063  2189  2882 I RuntimeIPCServiceClient: Shutdown: Refs still outstanding: 17, com.oculus.vrshell:Overlay
01-06 22:13:19.063  2189  2882 I [OAO] OverlaySystemUxOsDialogFlow: OverlaySystemUxOsDialogFlow UpdatePrimaryPackage isVrShellPackage:1 isSystemPackage:0
01-06 22:13:19.065  2189  2882 I [OAO] OverlayGuardianPtodFlow: OverlayGuardianPtodFlow UpdatePrimaryPackage lastNonSystemPackage:com.oculus.shellenv isVrShellPackage1
01-06 22:13:19.065  2189  2882 I [OAO] OverlayGuardianFlow: OverlayGuardianFlow UpdatePrimaryPackage lastNonSystemPackage:com.oculus.shellenv isVrShellPackage1
01-06 22:13:19.065  2189  2882 I [OAO] ShellOverlayApp: Start sleep timeout. Now:2589.079393, Timeout:2591.079393
01-06 22:13:19.066  3505  3667 I ClientInputSettings: HANDTRACKING: feature flag set to 2
01-06 22:13:19.066  3505  3667 I ClientInputInterface: HANDTRACKING sethandmanifest 2
01-06 22:13:19.066  3505  3667 D InputHooksJava: Enabling Java Input Hooks
01-06 22:13:19.066  3505  3667 W InputHooksJava: Unable to enable input hooks on a non-Activity Context
01-06 22:13:19.066  3505  3667 I InputDeviceManager: ovrInputDeviceManager::Initialize
01-06 22:13:19.067  2853  2954 I GuardianSystem: runtimeServiceSDKClient_.ForceShowGuardianEvent
01-06 22:13:19.067  2853  2954 I GuardianSystem: ForceShowGuardian: false, 0.00
01-06 22:13:19.069  1775  8535 I CompositorProgs: [0x778566c710] Built layerProgram 0:0x100000048082:0x0 in 5.6 ms
01-06 22:13:19.074   862  1634 W TrackingService: attachClient: found client in attached list
01-06 22:13:19.075   862  1634 D TrackingService: getSharedMemory: com.oculus.vrshell#3505, HeadTracker
01-06 22:13:19.075  3505  3667 I Distortion: Initializing Mesh Decenter Correction
01-06 22:13:19.076   862  1634 W TrackingService: attachClient: found client in attached list
01-06 22:13:19.076   849  1025 E CalibrationProvider: loadCalibration(LDISP_SN) failed: Calibration store didn't load any info
01-06 22:13:19.076   849  1025 E CalibrationProvider: loadCalibration(RDISP_SN) failed: Calibration store didn't load any info
01-06 22:13:19.077   862  1634 D TrackingService: getSharedMemory: com.oculus.vrshell, Controller
01-06 22:13:19.077  3505  3667 I Distortion: SetLensPositions - iad=0.0629988, left offset=-0.000261459,-0.00102733, right offset=0.000140626,-0.00104481
01-06 22:13:19.077  3505  3667 I Distortion: Initializing Mesh Decenter Correction
01-06 22:13:19.077  3505  8954 I InputDevice_TrackedRemote: REMOTE: Hand=2 IndexAnalog=0.00 GripAnalog=0.00 Buttons=0x00000000
01-06 22:13:19.077  3505  8954 I InputDevice_TrackedRemote: REMOTE: Hand=1 IndexAnalog=0.00 GripAnalog=0.00 Buttons=0x00000000
01-06 22:13:19.077  3505  8954 I InputDeviceManager: HANDTRACKING Pointer filter profile changed to: 0
01-06 22:13:19.077  3505  8954 I InputDeviceManager: HANDTRACKING Pointer filter profile changed to: 0
01-06 22:13:19.077  3505  8954 I InputDeviceManager: HANDTRACKING Root pose filter profile changed for (version, freq) to (2, 1) from (1,2)
01-06 22:13:19.078   849  1025 E CalibrationProvider: loadCalibration(LDISP_SN) failed: Calibration store didn't load any info
01-06 22:13:19.078   849  1025 E CalibrationProvider: loadCalibration(RDISP_SN) failed: Calibration store didn't load any info
01-06 22:13:19.079  3505  3667 I Distortion: SetLensPositions - iad=0.0629988, left offset=-0.000261459,-0.00102733, right offset=0.000140626,-0.00104481
01-06 22:13:19.079  3505  3667 I Distortion: Created custom distortion mesh.
01-06 22:13:19.079  3505  3667 I PhaseSync: PhaseSync::PhaseSync PaddingLowerLimit 0.350000 StandardDeviations 2.000000 PaddingUpperLimit 0.750000 on instance 5
01-06 22:13:19.079  3505  3667 I VrRuntimeClient: PhaseSync Instance created
01-06 22:13:19.079  1775  3666 I VrRuntimeService: RuntimeServiceSDKServer::EnableRendering: 0x0, 0, com.oculus.vrshell
01-06 22:13:19.079  1775  3666 I ClientMgr: EnableRendering2: invalid clientWindow, testing uid/pid
01-06 22:13:19.079  1775  3666 I ClientMgr: EnableRendering2: matched uid: 10020 and pid: 3505 
01-06 22:13:19.079  1775  3666 I ClientMgr: EnableRendering2: Calling SetFocusedClient: 2499966418
01-06 22:13:19.079  1775  3666 I ClientMgr: ClientMgr::SetFocusedClient: 3505:com.oculus.vrshell type 1
01-06 22:13:19.079  1775  3666 I ClientMgr: SetFocusedPackageName - packageName com.oculus.vrshell processName com.oculus.vrshell clientId 2499966418 clientPid 3505
01-06 22:13:19.079  1775  3666 I ClientMgr: ClientMgr::EnableRendering 3505:com.oculus.vrshell : type 1 comp-id 7: enable
01-06 22:13:19.079  1775  3666 I CompositorClientMgr: Enable client 7
01-06 22:13:19.079  1775  3666 I VrRuntimeServer: EnableCompositorClient client(7): layer placement(2147483647) flags(0) sm(0x77e5184010)
01-06 22:13:19.079  1775  3666 I CompositorVR: CheckDebuggerConnected: debugger 0
01-06 22:13:19.079  1775  3666 I VrRuntimeServer: SysProp debug mode is disabled on Server side
01-06 22:13:19.079  1775  3666 I UnifiedTelemetryWrapper: Started UT session render:com.oculus.vrshell
01-06 22:13:19.080  3505  3667 I VrApi   : OVR::Stats thread started
01-06 22:13:19.080  3505  3667 I XrRuntimeUtils: XrRuntimeUtils::BeginSession
01-06 22:13:19.080  3505  3667 I XrRuntimeSystem_Client: BeginSession
01-06 22:13:19.080  3505  3667 I OpenXR  : ------------ xrBeginSession [end] -----------
01-06 22:13:19.082  1680  3714 I [CT]    : MIXEDREALITY: MrFeatureStatus: Client status changed from Paused to Started.
01-06 22:13:19.082  1680  3714 I [CT]    : MIXEDREALITY: MrFeatureStatus: Target status Started, CurrentStatus: Paused
01-06 22:13:19.082  1680  3714 I [CT]    : MIXEDREALITY: MrFeatureStatus: Operation chain: Start
01-06 22:13:19.082  1680  3714 I [CT]    : MIXEDREALITY: MrFeatureStatus: Global status changed from Paused to Started.
01-06 22:13:19.082  1680  3714 I [CT]    : MIXEDREALITY: MrServiceController: Queuing command linked to operation Start for feature 0
01-06 22:13:19.082  3476  3504 I Clay    : xrPollEvent: DISPLAY_REFRESH_RATE_CHANGED_FB: 72.000000 -> 90.000000
01-06 22:13:19.082  1680  3153 I [CT]    : MIXEDREALITY: OpenXrSupport: renderIteration: Display refresh rate changed, new value: 90.
01-06 22:13:19.082  1680  3153 I [CT]    : MIXEDREALITY: MrRuntimeImpl: onDisplayRefreshRateChanged: Display rate changed from 72 to 90.
01-06 22:13:19.082  1680  3153 I [CT]    : MIXEDREALITY: MrRuntimeImpl: Force telemetry to be sent now.
01-06 22:13:19.082  1680  3153 I [CT]    : MIXEDREALITY: MrRuntimeImpl: Reset telemetry such to start collecting data using the new refresh rate.
01-06 22:13:19.082  1680  3153 I [CT]    : MIXEDREALITY: MrRuntimeImpl: setSessionInitTime: Capability 0: timer set to 2589.096721146 ns, duration reset after 209.178753566 s.
01-06 22:13:19.082  1680  3153 I [CT]    : MIXEDREALITY: MrRuntimeImpl: setSessionInitTime: Capability 2: timer set to 2589.096744271 ns, duration reset after 209.178482993 s.
01-06 22:13:19.083  1680  3153 I [CT]    : MIXEDREALITY: MrServiceModel: Hibernating caller (most likely rendering thread) due to commandQueue being empty.
01-06 22:13:19.083  1680  3153 I [CT]    : MIXEDREALITY: MrServiceController: Executing passthroughStart on model
01-06 22:13:19.083  1680  3153 I [CT]    : MIXEDREALITY: MrServiceModel: passthroughStart()
01-06 22:13:19.083  1680  3153 I [CT]    : MIXEDREALITY: MrServiceModel: passthroughStart: Started Passthrough
01-06 22:13:19.084  3505  3667 I [SEO] VrPlatformOpenXr: VrPlatformOpenXr::SetPropInhibitHandleHomeKey inhibit:1
01-06 22:13:19.084  3505  3667 I OpenXR_DeviceSettings: ------------ xrSetDeviceSettingBooleanFB -----------
01-06 22:13:19.084  3505  3667 I ClientInputSettings: SetInhibitHandleHomeKey = true for com.oculus.vrshell
01-06 22:13:19.084  3505  3667 I ClientInputInterface: SetInhibitHandleHomeKey 1 for process com.oculus.vrshell 3505
01-06 22:13:19.084  3505  3667 I [SEO] VrPlatformOpenXr: VrPlatformOpenXr::SetPropInhibitHandleHomeKey result = 0
01-06 22:13:19.085  3505  3667 I [SEO] Compositor: EnterVrMode with eye buffer: 1440x1584 : 3
01-06 22:13:19.085  3505  3667 I [SEO] AudioMixer: Enabling AudioPlayer.
01-06 22:13:19.085  3505  3667 I [SEO] AudioEngine: virtual void AudioLibrary::AudioEngine::EnablePlayer()
01-06 22:13:19.085  3505  3667 D         : PlayerBase::PlayerBase()
01-06 22:13:19.086  3505  3667 D         : TrackPlayerBase::TrackPlayerBase()
01-06 22:13:19.086  3505  3667 I libOpenSLES: Emulating old channel mask behavior (ignoring positional mask 0x3, using default mask 0x3 based on channel count of 2)
01-06 22:13:19.087  3505  8957 D VrApi   : targetSDKVersion 29
01-06 22:13:19.087   731  4309 I audio_hw_primary: getting vr mode to 0
01-06 22:13:19.087  1943  2337 W OVRLibrary: null cursor received for query content://com.oculus.ocms.library/apps/com.oculus.vrshell
01-06 22:13:19.090  1680  3153 I [CT]    : MIXEDREALITY: MrServiceView: renderIteration: Nothing to render, hibernating the rendering thread since ID is off and no active PT layers.
01-06 22:13:19.090  1680  3153 I [CT]    : MIXEDREALITY: MrServiceModel: Hibernating caller (most likely rendering thread) due to commandQueue being empty.
01-06 22:13:19.090   862  1634 W TrackingService: attachClient: found client in attached list
01-06 22:13:19.090   750  1183 I AudioPolicyManagerCustom: VR mode is 0, switch to primary output if request is for fast|raw
01-06 22:13:19.091  8039  8134 E OsSdk   : error getting shared memory region, memory type: HeadTracker, failed with Status(-1, EX_SECURITY): 'requested shared memory region when not registered/focused'
01-06 22:13:19.091   750  1183 W AudioFlinger: createTrack_l(): mismatch between requested flags (00000104) and output flags (00000006)
01-06 22:13:19.091   750  1183 D AudioFlinger: Client defaulted notificationFrames to 192 for frameCount 384
01-06 22:13:19.092  3505  8957 I JniUtils: ovr_GetCurrentPackageSignature 
01-06 22:13:19.093   750  1183 D AF::TrackHandle: OpPlayAudio: track:111 uid:10020 pkg:com.oculus.vrshell usage:1 not muted
01-06 22:13:19.093  3505  8957 I Metrics : device name = Oculus Quest 2
01-06 22:13:19.097  3505  3667 I AudioTrack: createTrack_l(36): AUDIO_OUTPUT_FLAG_FAST successful; frameCount 0 -> 384
01-06 22:13:19.101  1276  1276 V AvrcpMediaPlayerList: onPlaybackConfigChanged(): Configs list size=6
01-06 22:13:19.104  1943  2337 I OVRMediaService: onStartCommand Received message type: overlay_input_focus_change, caller package: com.oculus.vrshell, app identify: AppIdentity{uid=10020, packageNames=[com.oculus.vrshell], sha1=MxZgtt071YLz39PLrkVGckZooCE, sha2=3C-DTjwZQjeLFPB2yCzRq1nqZWa_9HMLIEfpjvyfna8, version=null, domain=null}
01-06 22:13:19.114  1943  2337 I OVRMediaService: Received OVERLAY_INPUT_FOCUS_CHANGE. is focused: true
01-06 22:13:19.121  2189  2882 I [OAO] VrPlatformOpenXr: xrPollEvent: received XR_TYPE_EVENT_DATA_DISPLAY_REFRESH_RATE_CHANGED_FB event: fromRate 72.000000 -> toRate 90.000000
01-06 22:13:19.124  1943  2349 E OVRMediaServiceManager: LivestreamingManager Not initialized
01-06 22:13:19.127  1583  1583 D OculusNotificationListenerService: Notification posted: 0|android|0|com.android.server.wm.AlertWindowNotification - com.oculus.vrshell|1000
01-06 22:13:19.131   731  4309 D msm8974_platform: platform_split_snd_device: snd_device(2) num devices(1) new_snd_devices(0)
01-06 22:13:19.132  3505  3667 D [SEO] ShellApplication: requestAudioFocus, transientFocus=false
01-06 22:13:19.132  3505  3667 W AudioManager: Use of stream types is deprecated for operations other than volume control
01-06 22:13:19.132  3505  3667 W AudioManager: See the documentation of requestAudioFocus() for what to use instead with android.media.AudioAttributes to qualify your playback use case
01-06 22:13:19.133  1050  1562 I MediaFocusControl: requestAudioFocus() from uid/pid 10020/3505 clientId=android.media.AudioManager@e1cfa41com.oculus.vrshell.ShellAudioFocusHandler@5dc8be6 callingPack=com.oculus.vrshell req=1 flags=0x0 sdk=29
01-06 22:13:19.134  3505  3667 I [SEO] AudioSystem: Got audio focus : 1
01-06 22:13:19.134  2320  2320 W VRLifecycleManager: onHeadsetMounted
01-06 22:13:19.134  1943  2155 E OVRMediaServiceManager: LivestreamingManager Not initialized
01-06 22:13:19.136   862  1634 I chatty  : uid=1000(system) Binder:862_4 identical 1 line
01-06 22:13:19.137  8039  8134 E OsSdk   : error getting shared memory region, memory type: HeadTracker, failed with Status(-1, EX_SECURITY): 'requested shared memory region when not registered/focused'
01-06 22:13:19.138  3505  3667 I [SEO] EnvironmentManagerUtilities: Skipping entitlement check for sideloaded environment apk://com.environment.matrixloadingvoid/assets/scene.zip.
01-06 22:13:19.139  3505  3667 I [SEO] LocalSpace: ResetNextFrame
01-06 22:13:19.139  3505  3667 I [SEO] SystemAssistant: OnModeChanged from ImmersiveAppFocused to FullShell
01-06 22:13:19.139  3505  3667 I [SEO] LocalSpace: EnterVrMode: Setting local pose state.
01-06 22:13:19.140  3505  3667 I ipcLoader_static: RuntimeIPC: Loader: IPC Service API Loader Version: 33 Nov 25 2022 14:15:55
01-06 22:13:19.140  3505  3667 I RuntimeIPCApi: ipc_Initialize
01-06 22:13:19.140  3505  3667 I RuntimeIPCServiceClient: Init: Already initialized: com.oculus.vrshell, 17
01-06 22:13:19.141  1660  4846 D RPCServer: RegisterClient: Client: com.oculus.vrshell:com.oculus.vrshell:3505, Server: com.oculus.os.dialoghost:com.oculus.os.dialoghost (DialogHostService)
01-06 22:13:19.142  2189  2189 D VrNotificationAnalytics: logNotificationPosted: key(0|android|0|com.android.server.wm.AlertWindowNotification - com.oculus.vrshell|1000), type(third_party), isToast(false)
01-06 22:13:19.142  1660  4846 I IPCSharedMemory: CreateSharedMemory: Allocated shared memory fd 42 (ipcStateReadWrite)
01-06 22:13:19.142  1660  4846 I IPCSharedMemory: CreateSharedMemory: Allocated shared memory fd 43 (ipcReadOnlyState)
01-06 22:13:19.142  1660  4846 I RPCClientHandler: Event buffer size (server): 8192
01-06 22:13:19.143  1660  4846 I IPCSharedMemory: CreateSharedMemory: Allocated shared memory fd 44 (ipcEventBuffer)
01-06 22:13:19.143  1660  4846 I IPCSharedMemory: CreateSharedMemory: Allocated shared memory fd 45 (ipcEventBuffer_Private)
01-06 22:13:19.143  2189  2189 I [OAO] VrNotificationListenerService: onNotificationPosted() - key = 0|android|0|com.android.server.wm.AlertWindowNotification - com.oculus.vrshell|1000, type = third_party, isToast = false, isBlocked with reason = true Blocked by does not contain all markers for a toast notification
01-06 22:13:19.143  2189  2189 D [OAO] VrBroadcastReceiver: action: com.oculus.vrshell.intent.action.NOTIFICATION_WAKE
01-06 22:13:19.144  2189  2189 D [OAO] VrNotificationService: VrNotificationService onStartCommand() Intent { cmp=com.oculus.vrshell/.VrNotificationService }
01-06 22:13:19.153   731  4309 D msm8974_platform: platform_split_snd_device: snd_device(2) num devices(1) new_snd_devices(0)
01-06 22:13:19.153   731  4309 D ACDB-LOADER: ACDB -> send_audvoltable
01-06 22:13:19.153   731  4309 D ACDB-LOADER: ACDB -> ACDB_CMD_GET_AUDPROC_INSTANCE_GAIN_DEP_STEP_TABLE_SIZE
01-06 22:13:19.153   731  4309 D         : Failed to fetch the lookup information of the device 0000000F 
01-06 22:13:19.154   731  4309 D ACDB-LOADER: Error: ACDB_CMD_GET_AUDPROC_INSTANCE_GAIN_DEP_STEP_TABLE_SIZE Returned = -19
01-06 22:13:19.154   731  4309 D ACDB-LOADER: ACDB -> ACDB_CMD_GET_AUDPROC_INSTANCE_GAIN_DEP_STEP_TABLE, vol index 9
01-06 22:13:19.154   731  4309 D         : Failed to fetch the lookup information of the device 0000000F 
01-06 22:13:19.154   731  4309 D ACDB-LOADER: Error: ACDB AudProc vol returned = -19
01-06 22:13:19.154   731  4309 D ACDB-LOADER: ACDB -> AUDIO_SET_VOL_CAL cal type = 40
01-06 22:13:19.158  1660  4846 I RuntimeIPCServerMgr: HandleClientConnect SUCCESS: Client: com.oculus.vrshell:com.oculus.vrshell:3505, Server: com.oculus.os.dialoghost:com.oculus.os.dialoghost (DialogHostService)
01-06 22:13:19.167  1660  4846 I RPCServer: GetServerStatesConfig -> {MaxBufferSize=32768, MaxEntries=64}
01-06 22:13:19.167  3505  3667 I RuntimeIPCClient: GetServerStatesConfig returned maxEntries=64, maxBuffSize=32768
01-06 22:13:19.167  3505  3667 I RuntimeIPCClient: Event buffer size (client): 8192
01-06 22:13:19.167  3505  3667 I RuntimeIPCClient: TryToGetIPCResourcesFromServer: RPC_CONNECTOR_CONNECT_TO_SERVER SUCCESS: Client: com.oculus.vrshell:com.oculus.vrshell:3505, Server: com.oculus.os.dialoghost:com.oculus.os.dialoghost (DialogHostService)
01-06 22:13:19.167  3505  3667 I RuntimeIPCClient: EnsureServerConnection: SUCCESS. Client: com.oculus.vrshell:com.oculus.vrshell:3505, Server: com.oculus.os.dialoghost:com.oculus.os.dialoghost (DialogHostService)
01-06 22:13:19.167  3505  3667 I RuntimeIPCClientMgr: ConnectToServer: SUCCESS: Client: com.oculus.vrshell:com.oculus.vrshell:3505, Server: com.oculus.os.dialoghost:com.oculus.os.dialoghost (DialogHostService)
01-06 22:13:19.168  3505  3667 I [SEO] OsDialogProvider: dialogHostClient.InitClient SUCCESS
01-06 22:13:19.168  3505  3667 I OpenXR_Hands: ------------ xrGetHandMeshFB -----------
01-06 22:13:19.168  3505  3667 I OpenXR_Hands: ------------ xrGetHandMeshFB -----------
01-06 22:13:19.168  3505  3667 D VrRuntimeClient: loadDriverResource - resourceName: 'hand_left' 
01-06 22:13:19.170  3193  3193 W OVRLibrary: null cursor received for query content://com.oculus.ocms.library/apps/com.oculus.xrstreamingclient
01-06 22:13:19.172  3505  3667 I OpenXR_Hands: ------------ xrGetHandMeshFB -----------
01-06 22:13:19.172  3505  3667 I OpenXR_Hands: ------------ xrGetHandMeshFB -----------
01-06 22:13:19.172  3505  3667 D VrRuntimeClient: loadDriverResource - resourceName: 'hand_left' 
01-06 22:13:19.176   862  1634 W TrackingService: attachClient: found client in attached list
01-06 22:13:19.176  1943  2124 E OVRMediaServiceManager: LivestreamingManager Not initialized
01-06 22:13:19.177  8039  8134 E OsSdk   : error getting shared memory region, memory type: HeadTracker, failed with Status(-1, EX_SECURITY): 'requested shared memory region when not registered/focused'
01-06 22:13:19.182  3505  3667 I [SEO] ShellTransitionState: Logging ShellTransitionState to dumpsys: {"state":"Resuming frame loop","timeMillis":"2589196"}
01-06 22:13:19.183  3505  3667 I [SEO] LocalSpace: Reset - initialRawFromLocalPose: quat(-0.115297, 0.290595, 0.008979, 0.949832), translation(0.013829, -0.054771, 0.140387)
01-06 22:13:19.183  3505  3667 I [SEO] LocalSpace: Applying VRAPI Reorient, the reorient reason is 3
01-06 22:13:19.183  1775  3666 I VrRuntimeService: RuntimeServiceSDKServer::RecenterLocalSpace
01-06 22:13:19.183  1775  3666 I VrRuntimeService: RuntimeServiceSDKServer::RecenterLocalSpaceInternal
01-06 22:13:19.183  1775  3666 I VrRuntimeServer: UpdateLocalSpace: Src: 2, Version: 27, VersionUser: 0, RawFloorHeightOld: -1.457830, RawFloorHeightNew: -1.457830
01-06 22:13:19.183  1775  8535 I CompositorVR: SetSchedFifo( tid=3153, pol=2, pri=0 ) succeeded
01-06 22:13:19.186  2853  2954 I GuardianSystem: UpdateSystem: Responding to local space version number change.
01-06 22:13:19.186  2853  2954 I GuardianSurfaceMgr: ForceShowSurfaceBounds: Soft fade out: currentTime 2589.20, ForceShowTime 2590.20, ForceShowFadeTime 2591.20
01-06 22:13:19.186  2853  2954 I GuardianSystem: ForceShowGuardian: false, 1.00
01-06 22:13:19.187  3476  3504 I Clay    : xrPollEvent: REFERENCE_SPACE_CHANGE_PENDING
01-06 22:13:19.190  3505  3667 I [SEO] SystemTaskBar: Create PanelApp
01-06 22:13:19.190  3505  3667 I [SEO] PanelAppLaunchInfo: PanelAppLaunchInfo componentString:com.oculus.systemux/com.oculus.panelapp.anytimeui.AnytimeUIAndroidPanelService packageName:com.oculus.systemux serviceName:com.oculus.panelapp.anytimeui.AnytimeUIAndroidPanelService componentName:com.oculus.systemux/com.oculus.panelapp.anytimeui.AnytimeUIAndroidPanelService
01-06 22:13:19.190  3505  3667 I [SEO] HostPlatform: Retrieving component launch information for package (com.oculus.systemux) and service (com.oculus.panelapp.anytimeui.AnytimeUIAndroidPanelService)
01-06 22:13:19.194  3505  3667 I [SEO] HostPlatform: Is valid panel service component for package (com.oculus.systemux) and service (com.oculus.panelapp.anytimeui.AnytimeUIAndroidPanelService) - true
01-06 22:13:19.194  3505  3667 I [SEO] ShellApp: CreatePanelApp( com.oculus.systemux/com.oculus.panelapp.anytimeui.AnytimeUIAndroidPanelService )
01-06 22:13:19.194  3505  3667 I [SEO] ShellApp: Environment:
01-06 22:13:19.194  3505  3667 I [SEO] PanelAppHost: PanelAppHost constructor, panel 27 (com.oculus.systemux/com.oculus.panelapp.anytimeui.AnytimeUIAndroidPanelService)
01-06 22:13:19.194  3505  3667 I [SEO] PanelAppHost: Panel app 27 (com.oculus.systemux/com.oculus.panelapp.anytimeui.AnytimeUIAndroidPanelService) changing state from startup to foreground
01-06 22:13:19.195  1775  3591 I VrRuntimeService: CreateAndroidSurfaceSwapChain: 3682786235
01-06 22:13:19.195  1775  3591 I VrRuntimeService: CreateAndroidSurfaceSwapChain: 131072 1 32856 65536 65536 1 1 1 0 3
01-06 22:13:19.195  1775  2791 I SwapChain_Surface: CreateAndroidSurfaceSwapChainGLES: 0x778574a000: SurfaceTexture 0x2aaa Surface 0x2aba
01-06 22:13:19.195  1775  3591 I VrRuntimeServer: CreateAndroidSurfaceSwapChain: result surface 0x778574a000
01-06 22:13:19.196  2853  2954 I StateMachine: StateMachine::Update ForceShow: forceShowForTime -> ForceShowOnForTime
01-06 22:13:19.198  1775  3591 I VrRuntimeService: CreateAndroidSurfaceSwapChain: 3682786235
01-06 22:13:19.198  1775  3591 I VrRuntimeService: CreateAndroidSurfaceSwapChain: 131072 1 32856 65536 65536 1 1 1 0 3
01-06 22:13:19.198  1775  2791 I SwapChain_Surface: CreateAndroidSurfaceSwapChainGLES: 0x778574d000: SurfaceTexture 0x2ae6 Surface 0x2af6
01-06 22:13:19.198  1775  3591 I VrRuntimeServer: CreateAndroidSurfaceSwapChain: result surface 0x778574d000
01-06 22:13:19.200  3505  3667 I [SEO] PanelAppHost: Passing env var _oc_analytics_session_id = 5acad713-eda9-46ad-9e45-d9e2eb4e14a8
01-06 22:13:19.200  3505  3667 I [SEO] PanelAppHost: Passing env var _oc_userid = 106765628877334
01-06 22:13:19.200  3505  3667 I [SEO] PanelAppHost: Passing env var _oc_shell_version_name = 47.0.0.282.341
01-06 22:13:19.200  3505  3667 I [SEO] PanelAppHost: Passing env var _oc_shell_version_code = 428237138
01-06 22:13:19.200  3505  3667 I [SEO] PanelAppHost: Passing env var _oc_shell_automation_enabled = false
01-06 22:13:19.200  3505  3667 I [SEO] PanelAppHost: Passing env var _oc_shell_view_id_debugging_enabled = false
01-06 22:13:19.200  3505  3667 I [SEO] PanelAppHost: Passing env var _oc_shell_pixel_density = 20
01-06 22:13:19.200  3505  3667 I [SEO] PanelAppHost: Passing env var _oc_shell_render_scale = 1.250000
01-06 22:13:19.200  3505  3667 I [SEO] PanelAppHost: Passing env var _oc_shell_ux_policy = {"panelBackgroundLayerOriginDepths":{"far":0.2,"mid":0.1,"near":0.015}}
01-06 22:13:19.200  3505  3667 I [SEO] PanelAppHost: Passing env var _oc_shell_panel_session_id = 5acad713-eda9-46ad-9e45-d9e2eb4e14a8-27
01-06 22:13:19.200  3505  3667 I [SEO] PanelAppHost: Passing env var _oc_shell_valid_panel_session_ids = ["5acad713-eda9-46ad-9e45-d9e2eb4e14a8-27"]
01-06 22:13:19.200  3505  3667 I [SEO] PanelAppHost: Passing env var _oc_shell_back_navigation_enabled = false
01-06 22:13:19.200  3505  3667 I [SEO] PanelAppHost: Passing env var _oc_shell_feature_sets = appmenu-v1,appmenu-v2,cooperativeState-v2,destinationUi-v2,dragDrop-v1,layerClipping-v1,layerClipping-v2,layerOptions-v1,layerTranslate-v1,multiapp-v1,multiapp-v2,multiapp-v3,multitasking-v1,shellPanelAdaptability-v1,systemActionBackgroundPanels-v1,systemThemeSetting-v1,system-reauth-v1,system-ux-file-picker-v1,vrNotificationsBootLoad-v1,theaterScreen,theaterScreen-v2,recoverInstances-v1,systemThemeSetting-v2,controlBar-v1,copresence-v1,copresenceVersion-v1,vrLibraryAppLock-v1,dragToDesktop-v1
01-06 22:13:19.200  3505  3667 I [SEO] PanelAppHost: Passing env var _oc_launch_timestamp = 2589208
01-06 22:13:19.200  3505  3667 I [SEO] PanelAppHost: Passing env var _oc_shell_host = vrshell
01-06 22:13:19.200  3505  3667 I [SEO] PanelAppHost: Passing env var _oc_shell_panel_id = 27
01-06 22:13:19.200  3505  3667 I [SEO] PanelAppHost: Calling sendPanelLaunchIntent for panel app 27 (com.oculus.systemux/com.oculus.panelapp.anytimeui.AnytimeUIAndroidPanelService)
01-06 22:13:19.200  3505  3667 D [SEO] ShellApplication: sendApkPanelLaunchIntent: packageName=com.oculus.systemux, serviceClassName=com.oculus.panelapp.anytimeui.AnytimeUIAndroidPanelService
01-06 22:13:19.203  3505  3667 D [SEO] PanelAppConnection: getSystemProcessUidForCurrentUser: 'android' systemUid = 1000
01-06 22:13:19.203  3505  3667 D [SEO] ShellApplication: bindService Intent { cmp=com.oculus.systemux/com.oculus.panelapp.anytimeui.AnytimeUIAndroidPanelService }
01-06 22:13:19.212  3505  3667 D [SEO] ShellApplication: notify OS to set com.oculus.systemux/com.oculus.panelapp.anytimeui.AnytimeUIAndroidPanelService to FOREGROUND
01-06 22:13:19.214  3505  3667 I [SEO] DesktopFocusManager: Focused panel changed from 24 to 0
01-06 22:13:19.214  3505  3667 I OpenXR_DeviceSettings: ------------ xrSetDeviceSettingBooleanFB -----------
01-06 22:13:19.214  3505  3667 I ClientInputTrackedKeyboardManager: TRACKEDKEYBOARD created PTKServiceClient
01-06 22:13:19.214  3505  3667 I PTKService: PTKServiceClient Init
01-06 22:13:19.214  3505  3667 I ipcLoader_static: RuntimeIPC: Loader: IPC Service API Loader Version: 33 Nov 25 2022 14:17:17
01-06 22:13:19.214  3505  3667 I RuntimeIPCApi: ipc_Initialize
01-06 22:13:19.214  3505  3667 I RuntimeIPCServiceClient: Init: Already initialized: com.oculus.vrshell, 18
01-06 22:13:19.216  2189  2189 I [OAO] ShellOverlayService: onStartCommand(): Intent { cmp=com.oculus.vrshell/.ShellOverlayService }
01-06 22:13:19.218  3505  3667 I [SEO] InputManager: Adding hand deviceId = 4
01-06 22:13:19.218  3505  3667 I [SEO] ShaderCache: ShaderCache::ShaderCache()
01-06 22:13:19.219  3476  3504 I Clay    : EnvironmentSystem: setCurrentEnvironment from '' to 'apk://com.environment.matrixloadingvoid/assets/scene.zip'. Computed visibility: Visible (reason: <none>)
01-06 22:13:19.219  3505  3667 I [SEO] ShaderCache: ShaderCache::compiling PBR shader for featureMask 576
01-06 22:13:19.220   862   862 W TrackingService: attachClient: found client in attached list
01-06 22:13:19.220  3505  3667 I [SEO] ShaderCache: ShaderCache::ShaderCache()
01-06 22:13:19.220  8039  8134 E OsSdk   : error getting shared memory region, memory type: HeadTracker, failed with Status(-1, EX_SECURITY): 'requested shared memory region when not registered/focused'
01-06 22:13:19.221  3505  3667 I [SEO] ShaderCache: ShaderCache::compiling PBR shader for featureMask 576
01-06 22:13:19.222  2189  2882 I [OAO] VrPlatformOpenXr: xrPollEvent: received XR_TYPE_EVENT_DATA_REFERENCE_SPACE_CHANGE_PENDING event
01-06 22:13:19.223  3505  3667 I [SEO] InputManager: Adding hand deviceId = 3
01-06 22:13:19.224  3505  3667 I [SEO] ShaderCache: ShaderCache::ShaderCache()
01-06 22:13:19.224  3505  3667 I [SEO] ShaderCache: ShaderCache::compiling PBR shader for featureMask 576
01-06 22:13:19.226  3505  3667 I [SEO] ShaderCache: ShaderCache::ShaderCache()
01-06 22:13:19.226  3505  3667 I [SEO] ShaderCache: ShaderCache::compiling PBR shader for featureMask 576
01-06 22:13:19.229  3505  3667 I [SEO] InputManager: Adding controller deviceId = 2
01-06 22:13:19.229  3476  3504 I Clay    : EnvironmentSystem: Loading 'apk://com.environment.matrixloadingvoid/assets/scene.zip' as asset package
01-06 22:13:19.230  3505  3667 I [SEO] ModelCache: Load controller model
01-06 22:13:19.230  3505  3667 I [SEO] InputManager: Adding controller deviceId = 1
01-06 22:13:19.231  3505  3667 I [SEO] ModelCache: Load controller model
01-06 22:13:19.231  3505  3667 I [SEO] InputManager: Switching primary device (id -1 to 2).
01-06 22:13:19.231  3505  3667 I [SEO] InputManager: Switching secondary device (id to 1).
01-06 22:13:19.232  2853  3708 I VrGuardianService: GuardianSDKServer::SetGuardianHitDialog2 0
01-06 22:13:19.232  1660  4846 I RPCServer: GetServerStatesConfig -> {MaxBufferSize=32768, MaxEntries=64}
01-06 22:13:19.232  3505  3667 I RuntimeIPCClient: GetServerStatesConfig returned maxEntries=64, maxBuffSize=32768
01-06 22:13:19.232  3505  3667 I RuntimeIPCClient: InitServerStateBuffer: SUCCESS. 1, Client: com.oculus.vrshell:com.oculus.vrshell:3505, Server: com.oculus.os.dialoghost:com.oculus.os.dialoghost (DialogHostService)
01-06 22:13:19.232  3505  3667 I [SEO] PanelAppOSLifecycleNotificationManager: Sending frameState isForeground:0 to OS for app com.oculus.systemux/com.oculus.panelapp.quicksettings.QuickSettingsPanelService
01-06 22:13:19.232  3505  3667 I [SEO] PanelAppOSLifecycleNotificationManager: Sending frameState isForeground:0 to OS for app com.oculus.systemux/com.oculus.panelapp.controlbar.ControlBarPanelService
01-06 22:13:19.233  3193  3193 W OVRLibrary: null cursor received for query content://com.oculus.ocms.library/apps/notifications_system_app
01-06 22:13:19.241  3505  3667 I [SEO] ShellEnvHomeController: copresence: received setCollisionShapes
01-06 22:13:19.242  3505  8966 I FenceChecker: FenceChecker::MainLoop - started
01-06 22:13:19.243  3505  3667 I OpenXR  : PostSessionStateChange: XR_SESSION_STATE_READY -> XR_SESSION_STATE_SYNCHRONIZED
01-06 22:13:19.243  3505  3667 I [SEO] VrPlatformOpenXr: xrPollEvent: received XR_TYPE_EVENT_DATA_REFERENCE_SPACE_CHANGE_PENDING event
01-06 22:13:19.243  3505  3667 I OpenXR  : PostSessionStateChange: XR_SESSION_STATE_SYNCHRONIZED -> XR_SESSION_STATE_VISIBLE
01-06 22:13:19.243  3505  3667 I OpenXR  : PostSessionStateChange: XR_SESSION_STATE_VISIBLE -> XR_SESSION_STATE_FOCUSED
01-06 22:13:19.243  3505  3667 I [SEO] VrPlatformOpenXr: xrPollEvent: received XR_TYPE_EVENT_DATA_DISPLAY_REFRESH_RATE_CHANGED_FB event: fromRate 72.000000 -> toRate 90.000000
01-06 22:13:19.243  3505  3667 I [SEO] VrPlatformOpenXr: xrPollEvent: received XR_TYPE_EVENT_DATA_SESSION_STATE_CHANGED: 3 for session 0x2 at time 2589.257765
01-06 22:13:19.243  3505  3667 I [SEO] VrPlatformOpenXr: Session state changed XR_SESSION_STATE_SYNCHRONIZED
01-06 22:13:19.243  3505  3667 I [SEO] VrPlatformOpenXr: xrPollEvent: received XR_TYPE_EVENT_DATA_SESSION_STATE_CHANGED: 4 for session 0x2 at time 2589.257799
01-06 22:13:19.243  3505  3667 I [SEO] VrPlatformOpenXr: Session state changed XR_SESSION_STATE_VISIBLE
01-06 22:13:19.243  3505  3667 I [SEO] VrPlatformOpenXr: xrPollEvent: received XR_TYPE_EVENT_DATA_SESSION_STATE_CHANGED: 5 for session 0x2 at time 2589.257805
01-06 22:13:19.244  3505  3667 I [SEO] VrPlatformOpenXr: Session state changed XR_SESSION_STATE_FOCUSED
01-06 22:13:19.253  3505  3667 I [SEO] ShellEnvHomeController: copresence: processing currentCollisionShapes
01-06 22:13:19.253  3505  3667 I [SEO] ShellEnvHomeController: Theaterscreen transform node set for the env size x: 4.660000, y: 2.621250
01-06 22:13:19.253  3505  3667 I [SEO] LocalSpace: New Space: quat(0.034417, -0.000374, 0.010871, 0.999348), translation(0.000000, 1.426913, 0.000000) - Prior Space: quat(0.034417, -0.000374, 0.010871, 0.999348), translation(0.000000, 1.426913, 0.000000)
01-06 22:13:19.253  3505  3667 I [SEO] LocalSpace: Local space version from 18 to 19, local space user version from 0 to 0.
01-06 22:13:19.254  3505  3667 I [SEO] SystemUXController: OnReorient(reason: 3)
01-06 22:13:19.256  3505  3667 I [SEO] TelemetryProvider: aui_reorient system 0 0 0 com.oculus.shellenv
01-06 22:13:19.265  8039  8134 E OsSdk   : error getting shared memory region, memory type: HeadTracker, failed with Status(-1, EX_SECURITY): 'requested shared memory region when not registered/focused'
01-06 22:13:19.287  3476  3504 I Clay    : Local user with id 106765628877334 does have a custom avatar
01-06 22:13:19.292  2242  2254 I com.oculus.ocm: Background young concurrent copying GC freed 6790(812KB) AllocSpace objects, 5(100KB) LOS objects, 19% free, 3503KB/4359KB, paused 34us total 110.175ms
01-06 22:13:19.292  1775  8535 I CompositorProgs: [0x778566c710] Built layerProgram 0:0x100000048002:0x0 in 2.3 ms
01-06 22:13:19.302  3193  3193 W OVRLibrary: null cursor received for query content://com.oculus.ocms.library/apps/com.YourCompany.TemplateProject3
01-06 22:13:19.312  8039  8134 E OsSdk   : error getting shared memory region, memory type: HeadTracker, failed with Status(-1, EX_SECURITY): 'requested shared memory region when not registered/focused'
01-06 22:13:19.314  2320  2339 I .socialplatfor: Background young concurrent copying GC freed 5013(649KB) AllocSpace objects, 4(80KB) LOS objects, 17% free, 2908KB/3541KB, paused 46us total 138.816ms
01-06 22:13:19.324  8039  8134 E OsSdk   : error getting shared memory region, memory type: AnchorTracker, failed with Status(-1, EX_SECURITY): 'requested shared memory region when not registered/focused'
01-06 22:13:19.364  3476  3504 I Clay    : EnvironmentSystem::update: setting scene background audio for scene zip 'apk://com.environment.matrixloadingvoid/assets/scene.zip'
01-06 22:13:19.364  3476  3504 I Clay    : EnvironmentAudioSystem::setSceneBackgroundLoop: set scene audio: apk://com.environment.matrixloadingvoid/assets/scene.zip
01-06 22:13:19.364  3476  3504 I Clay    : EnvironmentSystem: Scene loaded
01-06 22:13:19.365  3476  3504 I Clay    : SharedHomeSystem::_onEnvironmentActivated
01-06 22:13:19.367   862   862 I chatty  : uid=1000(system) /system/bin/trackingservice identical 4 lines
01-06 22:13:19.369  8039  8134 E OsSdk   : error getting shared memory region, memory type: HeadTracker, failed with Status(-1, EX_SECURITY): 'requested shared memory region when not registered/focused'
01-06 22:13:19.378  3505  3667 I [SEO] ShellEnvHomeController: copresence: received setCollisionShapes
01-06 22:13:19.379  3193  3193 W OVRLibrary: null cursor received for query content://com.oculus.ocms.library/apps/paused_app
01-06 22:13:19.383  3505  3667 I [SEO] ShellEnvHomeController: copresence: processing currentCollisionShapes
01-06 22:13:19.383  3505  3667 I [SEO] ShellEnvHomeController: Theaterscreen transform node set for the env size x: 4.660000, y: 2.621250
01-06 22:13:19.404  3193  3193 W OVRLibrary: null cursor received for query content://com.oculus.ocms.library/apps/com.android.settings
01-06 22:13:19.413   862   862 W TrackingService: attachClient: found client in attached list
01-06 22:13:19.413  8039  8134 E OsSdk   : error getting shared memory region, memory type: HeadTracker, failed with Status(-1, EX_SECURITY): 'requested shared memory region when not registered/focused'
01-06 22:13:19.423  3193  3193 W OVRLibrary: null cursor received for query content://com.oculus.ocms.library/apps/quick_settings_app
01-06 22:13:19.456  3193  3193 W OVRLibrary: null cursor received for query content://com.oculus.ocms.library/apps/com.YourCompany.PrototypeV4
01-06 22:13:19.456   862  1634 W TrackingService: attachClient: found client in attached list
01-06 22:13:19.457  8039  8134 E OsSdk   : error getting shared memory region, memory type: HeadTracker, failed with Status(-1, EX_SECURITY): 'requested shared memory region when not registered/focused'
01-06 22:13:19.487  3193  3193 W OVRLibrary: null cursor received for query content://com.oculus.ocms.library/apps/com.oculus.xrstreamingclient
01-06 22:13:19.499   862  1634 W TrackingService: attachClient: found client in attached list
01-06 22:13:19.500  8039  8134 E OsSdk   : error getting shared memory region, memory type: HeadTracker, failed with Status(-1, EX_SECURITY): 'requested shared memory region when not registered/focused'
01-06 22:13:19.502  3193  3193 W OVRLibrary: null cursor received for query content://com.oculus.ocms.library/apps/notifications_system_app
01-06 22:13:19.533  3193  3193 W OVRLibrary: null cursor received for query content://com.oculus.ocms.library/apps/com.YourCompany.TemplateProject3
01-06 22:13:19.544   862   862 W TrackingService: attachClient: found client in attached list
01-06 22:13:19.545  8039  8134 E OsSdk   : error getting shared memory region, memory type: HeadTracker, failed with Status(-1, EX_SECURITY): 'requested shared memory region when not registered/focused'
01-06 22:13:19.550  8039  8121 I xrstreaming: AudioPlayer: NetworkMetrics: [1.414,28.805]9.878
01-06 22:13:19.555  3193  3193 W OVRLibrary: null cursor received for query content://com.oculus.ocms.library/apps/paused_app
01-06 22:13:19.583  3193  3193 W OVRLibrary: null cursor received for query content://com.oculus.ocms.library/apps/com.android.settings
01-06 22:13:19.584  3193  3193 I PanelService: VR Shell socket closed(ECONNRESET); shutting down fd: 52
01-06 22:13:19.584  3193  3193 I PanelService: Quitting application via hardExit flag. Shutting down fd 52.
01-06 22:13:19.587   862  8523 W [CT]    : TIMESTAMPCHECKER: Nominal rate wrong. Estimated data rate: 25, Nominal is 30.000300003000028
01-06 22:13:19.591  8039  8134 E OsSdk   : error getting shared memory region, memory type: HeadTracker, failed with Status(-1, EX_SECURITY): 'requested shared memory region when not registered/focused'
01-06 22:13:19.593  8039  8134 E OsSdk   : error getting shared memory region, memory type: AnchorTracker, failed with Status(-1, EX_SECURITY): 'requested shared memory region when not registered/focused'
01-06 22:13:19.622  3193  8978 W OVRLibrary: null cursor received for query content://com.oculus.ocms.library/apps/com.oculus.shellenv
01-06 22:13:19.622  3193  3193 V LifecycleAwareViewModelStore: LifecycleAwareViewModelStore destroyed
01-06 22:13:19.622  3193  3193 V LifecycleAwarePanelApp: PanelApp lifecycle moved to final state: DESTROYED
01-06 22:13:19.622  3193  3193 I AndroidPanelApp: Destroyed
01-06 22:13:19.623  3193  3193 D [SUI] PanelAppBase: Releasing viewModel DynamicAppsViewModel refCount: 1
01-06 22:13:19.623  3193  3193 D [SUI] PanelAppBase: Releasing viewModel SharingViewModel refCount: 0
01-06 22:13:19.623  3193  3193 D [SUI] SharingViewModel: Destroying ViewModel
01-06 22:13:19.623  3193  3193 D [SUI] AbuseReportCaptureUtil: clearAbuseReportRecordingTimer
01-06 22:13:19.623  3193  3193 D [SUI] BarView: Destroying BarView
01-06 22:13:19.623  3193  3193 D [SUI] SocialViewModel: removeObserver(): -$$Lambda$SystemStatusView$hvdttGlyfUmlGZJVTLPJRt2c5Fk
01-06 22:13:19.624  3193  3193 E [SUI] PanelAppBase: Release ViewModel called on already destroyed ViewModelcom.oculus.panelapp.anytimeui.bar.social.SocialViewModel@3b81272
01-06 22:13:19.624  3193  3193 D [SUI] PanelAppBase: Releasing viewModel SystemStatusViewModel refCount: 0
01-06 22:13:19.624  3193  3193 D [SUI] PanelAppBase: Releasing viewModel BarViewModel refCount: 1
01-06 22:13:19.624  3193  3193 D [SUI] StatusViewModel: Destroying ViewModel
01-06 22:13:19.624  3476  8979 D CCodec  : allocate(c2.android.vorbis.decoder)
01-06 22:13:19.625   847  1567 V C2Store : in init
01-06 22:13:19.625   847  1567 V C2Store : loading dll
01-06 22:13:19.625  2242  2254 I com.oculus.ocm: Background concurrent copying GC freed 12070(1297KB) AllocSpace objects, 9(180KB) LOS objects, 49% free, 3604KB/7209KB, paused 58us total 160.684ms
01-06 22:13:19.634  3476  8979 I CCodec  : Created component [c2.android.vorbis.decoder]
01-06 22:13:19.634  3193  3193 D [SUI] PanelAppBase: Releasing viewModel ActiveCallBarViewModel refCount: 0
01-06 22:13:19.634  3193  3193 E [SUI] PanelAppBase: Release ViewModel called on already destroyed ViewModelcom.oculus.panelapp.anytimeui.bar.social.SocialViewModel@3b81272
01-06 22:13:19.634  3193  3193 I PresenceAPK(ServicePresenceClient): ServicePresenceClient close
01-06 22:13:19.634  3193  3193 I PresenceAPK(GroupManager): removeListener with id SystemCallGroup
01-06 22:13:19.634  3193  3193 I PresenceAPK(ServiceApiManager): onApiNotReady
01-06 22:13:19.634  3476  8979 D CCodecConfig: read media type: audio/vorbis
01-06 22:13:19.634  3193  3193 D PresenceAPK(ServicePresenceClient): Calling onServiceDown
01-06 22:13:19.635  3193  3193 I PresenceAPK(GroupManager): disconnected
01-06 22:13:19.638  3193  3193 D [SUI] MessengerCallViewModel: removeObserver
01-06 22:13:19.638  3193  3193 D [SUI] PanelAppBase: Releasing viewModel MessengerCallViewModel refCount: 0
01-06 22:13:19.638  3193  3193 D HyperspaceClient: destroy - start
01-06 22:13:19.638  8039  8134 E OsSdk   : error getting shared memory region, memory type: HeadTracker, failed with Status(-1, EX_SECURITY): 'requested shared memory region when not registered/focused'
01-06 22:13:19.641  3476  8979 D ReflectedParamUpdater: extent() != 1 for single value type: algo.buffers.max-count.values
01-06 22:13:19.644  3476  8979 D ReflectedParamUpdater: extent() != 1 for single value type: output.subscribed-indices.values
01-06 22:13:19.645  3476  8979 D ReflectedParamUpdater: extent() != 1 for single value type: input.buffers.allocator-ids.values
01-06 22:13:19.645  3476  8979 D ReflectedParamUpdater: extent() != 1 for single value type: output.buffers.allocator-ids.values
01-06 22:13:19.645  3476  8979 D ReflectedParamUpdater: extent() != 1 for single value type: algo.buffers.allocator-ids.values
01-06 22:13:19.645  3476  8979 D ReflectedParamUpdater: extent() != 1 for single value type: output.buffers.pool-ids.values
01-06 22:13:19.645  3476  8979 D ReflectedParamUpdater: extent() != 1 for single value type: algo.buffers.pool-ids.values
01-06 22:13:19.646  3476  8979 I CCodecConfig: query failed after returning 7 values (BAD_INDEX)
01-06 22:13:19.647  3476  8979 D CCodecConfig: c2 config diff is Dict {
01-06 22:13:19.647  3476  8979 D CCodecConfig:   c2::u32 coded.bitrate.value = 64000
01-06 22:13:19.647  3476  8979 D CCodecConfig:   c2::u32 input.buffers.max-size.value = 32768
01-06 22:13:19.647  3476  8979 D CCodecConfig:   c2::u32 input.delay.value = 0
01-06 22:13:19.647  3476  8979 D CCodecConfig:   string input.media-type.value = "audio/vorbis"
01-06 22:13:19.647  3476  8979 D CCodecConfig:   string output.media-type.value = "audio/raw"
01-06 22:13:19.647  3476  8979 D CCodecConfig:   c2::u32 raw.channel-count.value = 1
