--------- beginning of system
01-06 16:14:31.707  1052  4364 I ActivityTaskManager: START u0 {flg=0x10000000 cmp=com.YourCompany.PrototypeV4/com.epicgames.ue4.GameActivity} from uid 2000
01-06 16:14:31.735  1052  1090 I ActivityManager: Start proc 13153:com.YourCompany.PrototypeV4/u0a153 for activity {com.YourCompany.PrototypeV4/com.epicgames.ue4.GameActivity}
01-06 16:14:31.744  1052  9772 W ActivityManager: Package for pid 860: no process record found
01-06 16:14:32.086  1052  9772 D ConnectivityService: Returning BLOCKED NetworkInfo to uid=10153
01-06 16:14:32.288  1052  1080 W ActivityTaskManager: Activity top resumed state loss timeout for ActivityRecord{4be5d67 u0 com.YourCompany.PrototypeV4/com.epicgames.ue4.GameActivity t351}
01-06 16:14:32.288  1052  1080 W ActivityTaskManager: Activity pause timeout for ActivityRecord{4be5d67 u0 com.YourCompany.PrototypeV4/com.epicgames.ue4.GameActivity t351}
01-06 16:14:33.499  1052  9772 E WindowManager: App trying to use insecure INPUT_FEATURE_NO_INPUT_CHANNEL flag. Ignoring
--------- beginning of tracking
01-06 16:14:33.542   864  8442 W TrackingService: attachClient: found client in attached list
01-06 16:14:34.173   864  8442 I chatty  : uid=1000(system) Binder:864_5 identical 18 lines
01-06 16:14:34.213   864  8442 W TrackingService: attachClient: found client in attached list
01-06 16:14:34.247   744   922 I SyncBossHAL: [info   ] syncboss_hal_powerstate.c(50): Reporting powerstate event: PROX_ON
01-06 16:14:34.248  1052  1247 I PowerManagerService: Waking up from Asleep (uid=1000, reason=WAKE_REASON_UNKNOWN, details=VrPwMng:leave-standby)...
01-06 16:14:34.249  1052  1052 W UsageStatsService: Event reported without a package name, eventType:15
01-06 16:14:34.250  1052  1052 D ActivityManager: Is background playback enabled for all apps: false
01-06 16:14:34.255   864  8442 W TrackingService: attachClient: found client in attached list
01-06 16:14:34.257  1052  1052 I chatty  : uid=1000 system_server identical 10 lines
01-06 16:14:34.257  1052  1052 D ActivityManager: Is background playback enabled for all apps: false
01-06 16:14:34.258  1052  1106 I DisplayPowerController: Blocking screen on until initial contents have been drawn.
01-06 16:14:34.258  1052  1106 D ActivityTaskManager: Top Process State changed to PROCESS_STATE_TOP
01-06 16:14:34.273   860  1255 D SensorClientUtils: Cancelling delayed transition to SLEEP
01-06 16:14:34.274   860  1255 D SensorClientUtils: Received transition request from SLEEP to RUNNING
01-06 16:14:34.274   864  8442 D SensorClientUtils: Cancelling delayed transition to SLEEP
01-06 16:14:34.274   864  8442 D SensorClientUtils: Received transition request from SLEEP to RUNNING
01-06 16:14:34.274  1052  4364 E AppOps  : startOperation
01-06 16:14:34.274  1052  4364 E AppOps  : java.lang.SecurityException: Specified package MrSystemService under uid 1000 but it is really -1
01-06 16:14:34.274  1052  4364 E AppOps  : 	at com.android.server.appop.AppOpsService.verifyAndGetIsPrivileged(AppOpsService.java:2654)
01-06 16:14:34.274  1052  4364 E AppOps  : 	at com.android.server.appop.AppOpsService.startOperation(AppOpsService.java:2235)
01-06 16:14:34.274  1052  4364 E AppOps  : 	at android.app.AppOpsManager.startOpNoThrow(AppOpsManager.java:5469)
01-06 16:14:34.274  1052  4364 E AppOps  : 	at android.app.AppOpsManager.startOpNoThrow(AppOpsManager.java:5450)
01-06 16:14:34.274  1052  4364 E AppOps  : 	at com.android.server.power.Notifier.onWakeLockAcquired(Notifier.java:224)
01-06 16:14:34.274  1052  4364 E AppOps  : 	at com.android.server.power.PowerManagerService.notifyWakeLockAcquiredLocked(PowerManagerService.java:1277)
01-06 16:14:34.274  1052  4364 E AppOps  : 	at com.android.server.power.PowerManagerService.acquireWakeLockInternal(PowerManagerService.java:1112)
01-06 16:14:34.274  1052  4364 E AppOps  : 	at com.android.server.power.PowerManagerService.access$3900(PowerManagerService.java:118)
01-06 16:14:34.274  1052  4364 E AppOps  : 	at com.android.server.power.PowerManagerService$BinderService.acquireWakeLock(PowerManagerService.java:4346)
01-06 16:14:34.274  1052  4364 E AppOps  : 	at android.os.IPowerManager$Stub.onTransact(IPowerManager.java:349)
01-06 16:14:34.274  1052  4364 E AppOps  : 	at android.os.Binder.execTransactInternal(Binder.java:1021)
01-06 16:14:34.274  1052  4364 E AppOps  : 	at android.os.Binder.execTransact(Binder.java:994)
01-06 16:14:34.274   860  1255 D SensorClientUtils: Executing transition from SLEEP to STANDBY
01-06 16:14:34.274   860  1255 D SensorClientUtils: Executing transition from STANDBY to RUNNING
01-06 16:14:34.275  1602  9572 D SensorClientUtils: Cancelling delayed transition to SLEEP
01-06 16:14:34.275  1602  9572 D SensorClientUtils: Received transition request from SLEEP to RUNNING
01-06 16:14:34.278   864  8442 D SensorClientUtils: Executing transition from SLEEP to STANDBY
01-06 16:14:34.279  1602  9572 D SensorClientUtils: Executing transition from SLEEP to STANDBY
01-06 16:14:34.279  1602  9572 D OVRRemoteService: ControllerGlue: setting expected mode to Streaming
01-06 16:14:34.279  1602  9572 D OVRRemoteService: ControllerGlue: Setting current mode to Streaming
01-06 16:14:34.279  1602  9572 D OVRRemoteService: ControllerGlue: leave mode Disabled
01-06 16:14:34.279  1602  9572 D OVRRemoteService: ControllerGlue: Setting mode to Streaming
01-06 16:14:34.279  1602  9572 D OVRRemoteService: ControllerGlue: enter mode Streaming
01-06 16:14:34.280   744   744 D SensorService: ControllerProvider: acquiring StreamingSession
01-06 16:14:34.280   744   744 D SensorService: SyncbossEventHandler: starting all streams
01-06 16:14:34.281   744 13210 D SensorService: SyncbossEventHandler::producerThreadFunc() start
01-06 16:14:34.281   744 13210 W SensorService: Data for sensor type HMD_IMU dropped because of failure to update clock drift from vsync. 1 drops in the last 0s.
01-06 16:14:34.282  1052  1052 D ActivityManager: Is background playback enabled for all apps: false
01-06 16:14:34.285   864  1045 I TrackingService: [ vision_manager] SLEEP -> STANDBY transition time: 6 ms
01-06 16:14:34.285   864  1045 I TrackingService: [            iad] SLEEP -> STANDBY transition time: 0 ms
01-06 16:14:34.287  1052  1052 I chatty  : uid=1000 system_server identical 17 lines
01-06 16:14:34.287  1052  1052 D ActivityManager: Is background playback enabled for all apps: false
01-06 16:14:34.287  1052  9772 W ContextImpl: Calling a method in the system process without a qualified user: android.app.ContextImpl.sendBroadcast:1057 com.android.server.audio.AudioService.setMicrophoneMuteNoCallerCheck:2893 com.android.server.audio.AudioService.setMicrophoneMute:2879 android.media.IAudioService$Stub.onTransact:1112 android.os.Binder.execTransactInternal:1021 
01-06 16:14:34.287  1052  1052 D ActivityManager: Is background playback enabled for all apps: false
01-06 16:14:34.289  1052  1052 I chatty  : uid=1000 system_server identical 6 lines
01-06 16:14:34.289  1052  1052 D ActivityManager: Is background playback enabled for all apps: false
01-06 16:14:34.293  1052  1080 I DisplayManagerService: Display device changed state: "Built-in Screen", ON
01-06 16:14:34.294  1052  1178 D ConnectivityService: Blocked status changed to false for 10153(35) on netId 100
01-06 16:14:34.297   864  1042 W TrackingService: attachClient: found client in attached list
01-06 16:14:34.300   744   744 I SyncBossHAL: [info   ] syncboss_hal_impl_input.c(296): Restoring blocklist to property values: 2428 - 2462
01-06 16:14:34.306   744   744 I SyncBossHAL: [info   ] syncboss_hal_impl_input.c(304): No AFH behavior specified, enabled by default
01-06 16:14:34.306   744   744 I SyncBossHAL: [info   ] syncboss_hal_impl_input.c(344): Input device auto-whitelisting disabled
01-06 16:14:34.311   744   744 D SensorService: ControllerProvider: acquiring StreamingClient impl; approx # alive: 1
01-06 16:14:34.312   744   744 D libsensorscommon: ControllerProvider: acquiring StreamingClient hidl
01-06 16:14:34.315  1602  9572 D OVRRemoteService: [controller] SLEEP -> STANDBY
01-06 16:14:34.315  1602 13221 D OVRRemoteService: processStateChange([PairedControllerInfo JEDI 729165a0fe4054d7 disconnected mcnt=0])
01-06 16:14:34.315  1602 13221 D OVRRemoteService: processStateChange([PairedControllerInfo JEDI 86557c336c360320 disconnected mcnt=0])
01-06 16:14:34.315  1602  9572 D SensorClientUtils: Executing transition from STANDBY to RUNNING
01-06 16:14:34.315  1602  9572 D OVRRemoteService: [controller] STANDBY -> RUNNING
01-06 16:14:34.316   864  1045 I TrackingService: [           bolt] SLEEP -> STANDBY transition time: 30 ms
01-06 16:14:34.316   744 13209 D SensorService: stateChangeNotifierFunc(): Reporting controller info. Change token: 36, paired=2 connected=0
01-06 16:14:34.316  1602 13221 D OVRRemoteService: processStateChange([PairedControllerInfo JEDI 86557c336c360320 disconnected update-required mcnt=0])
01-06 16:14:34.316  1602 13221 D OVRRemoteService: processStateChange([PairedControllerInfo JEDI 729165a0fe4054d7 disconnected update-required mcnt=0])
01-06 16:14:34.316  1052  1106 I DisplayPowerController: Unblocked screen on after 58 ms
01-06 16:14:34.342   864  1042 W TrackingService: attachClient: found client in attached list
01-06 16:14:34.367  1052  4364 D ConnectivityService: Returning UNBLOCKED NetworkInfo to uid=10153
01-06 16:14:34.384   864  1042 I chatty  : uid=1000(system) Binder:864_2 identical 2 lines
01-06 16:14:34.430   864  1042 W TrackingService: attachClient: found client in attached list
01-06 16:14:34.456   864  1045 I TrackingService: [            iot] SLEEP -> STANDBY transition time: 140 ms
01-06 16:14:34.456   864 13252 D TrackingService: starting IOT motion thread, imu batch dispatch enabled=false
01-06 16:14:34.458   864  1045 I TrackingService: ConstellationTrackingGlue: setEnableExtendedDeadreckoning to false
01-06 16:14:34.458   864  1045 I TrackingService: [  constellation] SLEEP -> STANDBY transition time: 2 ms
01-06 16:14:34.459   864  1045 I TrackingService: [selftracked_client] SLEEP -> STANDBY transition time: 0 ms
01-06 16:14:34.459   864  1045 I TrackingService: [           hand] SLEEP -> STANDBY transition time: 0 ms
01-06 16:14:34.460   864  1045 I TrackingService: [         object] SLEEP -> STANDBY transition time: 0 ms
01-06 16:14:34.460   864  1045 I TrackingService: [     controller] SLEEP -> STANDBY transition time: 0 ms
01-06 16:14:34.460   864  1045 I TrackingService: [ExposureControl] SLEEP -> STANDBY transition time: 0 ms
01-06 16:14:34.460   744  4161 D SensorService: ControllerProvider: acquiring StreamingClient impl; approx # alive: 2
01-06 16:14:34.460  1602 13221 D OVRRemoteService: processStateChange([PairedControllerInfo JEDI 86557c336c360320 disconnected update-required mcnt=0])
01-06 16:14:34.460   864  8442 D TrackingService: setPowerState: STANDBY
01-06 16:14:34.460   864  8442 D SensorClientUtils: Executing transition from STANDBY to RUNNING
01-06 16:14:34.460   864  1045 I TrackingService: [ vision_manager] STANDBY -> RUNNING transition time: 0 ms
01-06 16:14:34.460  1602 13221 D OVRRemoteService: processStateChange([PairedControllerInfo JEDI 729165a0fe4054d7 disconnected update-required mcnt=0])
01-06 16:14:34.460   744  4161 D libsensorscommon: ControllerProvider: acquiring StreamingClient hidl
01-06 16:14:34.461   864  1045 I TrackingService: [            iad] STANDBY -> RUNNING transition time: 0 ms
01-06 16:14:34.461   864  1045 I TrackingService: [           bolt] STANDBY -> RUNNING transition time: 0 ms
01-06 16:14:34.462  1602  9572 D RemoteService: RemoteService - Registering status callback
01-06 16:14:34.464   744  4161 I FrameSetDispatcher: [HEADSET] Client thread started
01-06 16:14:34.465   744  4161 I CameraClientManager: [HEADSET] Added client (864) - started clients: 1
01-06 16:14:34.469   864  1042 W TrackingService: attachClient: found client in attached list
01-06 16:14:34.502   744 13210 W SensorService: Data for sensor type HMD_MAG dropped because of failure to update clock drift from vsync. 1 drops in the last 0s.
01-06 16:14:34.515   864  1042 W TrackingService: attachClient: found client in attached list
01-06 16:14:34.597   864  1042 I chatty  : uid=1000(system) Binder:864_2 identical 2 lines
01-06 16:14:34.632  1052  1106 W PowerManagerService: Screen on took 384 ms
01-06 16:14:34.643   864  1042 W TrackingService: attachClient: found client in attached list
01-06 16:14:34.645   864  1221 W TrackingService: attachClient: found client in attached list
01-06 16:14:34.659   744 13210 E SensorService: HMD IMU samples delayed: 4.200ms between sample arrivals (expected 1.000ms)
01-06 16:14:34.663   744  4161 I HollywoodCameraProvider: [HollywoodCameraProvider] Set cameras to 10 bpp (format 0x00000007)
01-06 16:14:34.671   744   908 I SyncBossHAL: [info   ] pulsar_manager.c(801): No IRLED tracked controllers connected/ready
01-06 16:14:34.686   864  1221 W TrackingService: attachClient: found client in attached list
01-06 16:14:34.691   864  1221 W TrackingService: attachClient: found client in attached list
01-06 16:14:34.692   864  1221 D TrackingService: getSharedMemory: com.oculus.systemdriver#1804, HeadTracker
01-06 16:14:34.731   864  1221 W TrackingService: attachClient: found client in attached list
01-06 16:14:34.737   864  1045 I TrackingService: [            iot] STANDBY -> RUNNING transition time: 276 ms
01-06 16:14:34.739   744  4161 I FrameSetDispatcher: [CONTROLLER] Client thread started
01-06 16:14:34.739   744  4161 I CameraClientManager: [CONTROLLER] Added client (864) - started clients: 1
01-06 16:14:34.741   864  1045 I TrackingService: ConstellationTrackingGlue: setEnableExtendedDeadreckoning to false
01-06 16:14:34.741   864  1045 I TrackingService: [  constellation] STANDBY -> RUNNING transition time: 3 ms
01-06 16:14:34.741   864  1045 I TrackingService: [selftracked_client] STANDBY -> RUNNING transition time: 0 ms
01-06 16:14:34.742   864  1045 I TrackingService: [           hand] STANDBY -> RUNNING transition time: 0 ms
01-06 16:14:34.755   744  4161 I FrameSetDispatcher: [HEADSET] Client thread started
01-06 16:14:34.755   744  4161 I CameraClientManager: [HEADSET] Added client (864) - started clients: 2
01-06 16:14:34.755   864  1045 I TrackingService: [         object] STANDBY -> RUNNING transition time: 13 ms
01-06 16:14:34.755   864  1045 I TrackingService: [     controller] STANDBY -> RUNNING transition time: 0 ms
01-06 16:14:34.765   864  1221 W TrackingService: attachClient: found client in attached list
01-06 16:14:34.765   864  1221 D TrackingService: getSharedMemory: com.oculus.mrservice#1687, HeadTracker
01-06 16:14:34.777   864  1221 W TrackingService: attachClient: found client in attached list
01-06 16:14:34.777   864  1042 W TrackingService: attachClient: found client in attached list
01-06 16:14:34.779   864  1042 D TrackingService: getSharedMemory: com.oculus.systemdriver, Controller
01-06 16:14:34.780   864  1045 I TrackingService: Setting initial exposure: 0.005000, initial gain: 3.000000
01-06 16:14:34.785   744  4161 I FrameSetDispatcher: [HEADSET] Client thread started
01-06 16:14:34.785   744  4161 I CameraClientManager: [HEADSET] Added client (864) - started clients: 3
01-06 16:14:34.785   864  1045 I TrackingService: [ExposureControl] STANDBY -> RUNNING transition time: 29 ms
01-06 16:14:34.785   864  8442 D TrackingService: setPowerState: RUNNING
01-06 16:14:34.791   744  4161 W SyncBossHAL: [warning] pulsar_manager.c(701): No cache entry for device 729165a0xxxxxxxx with unknown type
01-06 16:14:34.792   744  4161 E SyncBossHAL: [error  ] syncboss_hal_input_helpers.c(158): Failure reading cache data when attempting to check if input is awake
01-06 16:14:34.793   744  4161 W SyncBossHAL: [warning] pulsar_manager.c(701): No cache entry for device 86557c33xxxxxxxx with unknown type
01-06 16:14:34.793   744  4161 E SyncBossHAL: [error  ] syncboss_hal_input_helpers.c(158): Failure reading cache data when attempting to check if input is awake
01-06 16:14:34.798   744 13276 W libsensorscommon: frameset capture timestamp out of spec by -9054939.53 ms. FrameType=HEADSET, observed=9054979532000 expected=40000000. FrameSyncPeriod is: 40.00 ms
01-06 16:14:34.815   744   906 I SyncBossHAL: [info   ] syncboss_hal_impl_input.c(1060): Pulsar connected devices state change: 19
01-06 16:14:34.822   864  8442 W TrackingService: attachClient: found client in attached list
01-06 16:14:34.862   864  8442 W TrackingService: attachClient: found client in attached list
01-06 16:14:34.863   864  8442 D TrackingService: getSharedMemory: com.oculus.guardian#2954, HeadTracker
01-06 16:14:34.863   864  8442 W TrackingService: attachClient: found client in attached list
01-06 16:14:34.864   864  8442 D TrackingService: getSharedMemory: com.oculus.guardian, Controller
01-06 16:14:34.864   864  8442 W TrackingService: attachClient: found client in attached list
01-06 16:14:34.865   864  8442 D TrackingService: getSharedMemory: com.oculus.guardian, AnchorTracker
01-06 16:14:34.867   864  8442 W TrackingService: attachClient: found client in attached list
01-06 16:14:34.875   744   908 I SyncBossHAL: [info   ] pulsar_manager.c(396): 729165a0xxxxxxxx: Configuring IR LED to ontime = 34, period = 40000, delay = -9
01-06 16:14:34.882   744   908 I SyncBossHAL: [info   ] pulsar_manager.c(343): Finished getting cache data for controller
01-06 16:14:34.882   744   908 I SyncBossHAL:     id            : 729165a0xxxxxxxx
01-06 16:14:34.882   744   908 I SyncBossHAL:     pulsar_type   : 0x09011401
01-06 16:14:34.882   744   908 I SyncBossHAL:     connection id : 0x13
01-06 16:14:34.882   744   908 I SyncBossHAL:     fw ver        : 1.9.0
01-06 16:14:34.882   744   908 I SyncBossHAL:     spl ver       : 1.5.1
01-06 16:14:34.882   744   908 I SyncBossHAL:     serial        : 1WMHCR70112121
01-06 16:14:34.882   744   908 I SyncBossHAL:     handedness    : right
01-06 16:14:34.882   744   908 I SyncBossHAL:     battery state : 100%
01-06 16:14:34.882   744   908 I SyncBossHAL: [info   ] pulsar_manager.c(360): Jedi-specific cache data:
01-06 16:14:34.882   744   908 I SyncBossHAL:     captouch ver  : 1.9.0
01-06 16:14:34.886   744 13209 D SensorService: stateChangeNotifierFunc(): Reporting controller info. Change token: 37, paired=2 connected=1
01-06 16:14:34.886  1602 13221 D OVRRemoteService: processStateChange([PairedControllerInfo JEDI 729165a0fe4054d7 connected mcnt=0])
01-06 16:14:34.886   744  4161 D SensorService: ControllerProvider: Succesfully set tx power to -4, filter to -4
01-06 16:14:34.887   744   908 I SyncBossHAL: [info   ] pulsar_manager.c(866): Setting transmit power for all connected controllers to -4 dBm
01-06 16:14:34.887  1602 13221 D OVRRemoteService: processStateChange([PairedControllerInfo JEDI 86557c336c360320 disconnected update-required mcnt=0])
01-06 16:14:34.892   744   908 I SyncBossHAL: [info   ] pulsar_manager.c(866): Setting filter transmit power for all connected controllers to -4 dBm
01-06 16:14:34.897   744  4161 D SensorService: Found paired controllers: 2
01-06 16:14:34.897   864 13255 D TrackingService: Creating RemoteConstellationTrackedDevice
01-06 16:14:34.898   864 13255 I TrackingService: Registering primary controller 729165a0fe4054d7 in slot 0
01-06 16:14:34.902   864 13255 D TrackingService: TrackingDataPostProcessor: Hand autotransition v2 GK enabled: 1
01-06 16:14:34.902   864 13255 D TrackingService: registerRemote: 729165a0fe4054d7
01-06 16:14:34.911   744 13258 E FrameSetDispatcher: [HEADSET] Client pid=864 (864): Failed to read from receive FMQ for 1 packets in 5000ms.
01-06 16:14:34.911   744 13258 E FrameSetDispatcher: This probably means this client is taking more than 33 ms to process the frame.
01-06 16:14:34.911   744 13258 E FrameSetDispatcher: Retrying.
01-06 16:14:34.912   864  1221 W TrackingService: attachClient: found client in attached list
01-06 16:14:34.916   864 13255 W TrackingService: Attempted to control leds, but gatekeeper is disabled. Skipping operation.
01-06 16:14:34.917   864  1221 W TrackingService: attachClient: found client in attached list
01-06 16:14:34.942  1052  2105 W ActivityManager: Permission Denial: Accessing service com.oculus.vrshell/.ShellOverlayService from pid=13153, uid=10153 requires com.oculus.vrshell.OVERLAY_HOST
01-06 16:14:34.961   744 13210 I SyncBossInput: [info   ] [jedi (right) 729165a0xxxxxxxx]: 8333291 [info   ] {THDG}: active_seek -> inactive_seek
01-06 16:14:34.969   864  8442 W TrackingService: attachClient: found client in attached list
01-06 16:14:34.970   864 13255 D TrackingService: [HANDTRACKING] Controller 729165a0fe4054d7 in hand: Y, valid: Y
01-06 16:14:34.990   744 13210 I SyncBossInput: [info   ] [jedi (right) 729165a0xxxxxxxx]: 9051842 [info   ] {APP }: Connected
01-06 16:14:35.019   864  8442 W TrackingService: attachClient: found client in attached list
01-06 16:14:35.042   744 13210 I SyncBossInput: [info   ] [jedi (right) 729165a0xxxxxxxx]: 9051843 [info   ] {THDG}: inactive_seek -> active_connected
01-06 16:14:35.064   864  8442 W TrackingService: attachClient: found client in attached list
01-06 16:14:35.135  1052  1178 D ConnectivityService: Blocked status changed to false for 10097(17) on netId 100
01-06 16:14:35.136  1052  1178 D ConnectivityService: Blocked status changed to false for 10097(18) on netId 100
01-06 16:14:35.149   864  8442 I chatty  : uid=1000(system) Binder:864_5 identical 2 lines
01-06 16:14:35.192   864  8442 W TrackingService: attachClient: found client in attached list
01-06 16:14:35.193   864  1221 W TrackingService: attachClient: found client in attached list
01-06 16:14:35.243  1052  1090 D ActivityManager: Is background playback enabled for all apps: false
01-06 16:14:35.244  1052  1090 I ActivityManager: Start proc 13329:com.oculus.deviceauthserver/1000 for service {com.oculus.deviceauthserver/com.oculus.deviceauthserver.DeviceAuthService}
01-06 16:14:35.356  1052  1546 E TaskPersister: File error accessing recents directory (directory doesn't exist?).
01-06 16:14:35.374   864  1221 I chatty  : uid=1000(system) Binder:864_4 identical 4 lines
01-06 16:14:35.416   864  1221 W TrackingService: attachClient: found client in attached list
01-06 16:14:35.420   744 13210 I SyncBossHAL: [info   ] syncboss_hal_input_controller.c(195): Controller 729165a0xxxxxxxx battery level changed: 0% -> 100%
01-06 16:14:35.424   744 13209 D SensorService: stateChangeNotifierFunc(): Reporting controller info. Change token: 38, paired=2 connected=1
01-06 16:14:35.424  1602 13221 D OVRRemoteService: processStateChange([PairedControllerInfo JEDI 729165a0fe4054d7 connected mcnt=0])
01-06 16:14:35.424  1602 13221 D OVRRemoteService: processStateChange([PairedControllerInfo JEDI 86557c336c360320 disconnected update-required mcnt=0])
01-06 16:14:35.462   864  1221 W TrackingService: attachClient: found client in attached list
01-06 16:14:35.463   864  1221 W TrackingService: attachClient: found client in attached list
01-06 16:14:35.482   744 13210 I SyncBossInput: [info   ] [jedi (right) 729165a0xxxxxxxx]: 9052464 [info   ] {HPTH}: Set haptics frequency to 0x2142
01-06 16:14:35.507   864  1221 W TrackingService: attachClient: found client in attached list
01-06 16:14:35.554   864  1221 I chatty  : uid=1000(system) Binder:864_4 identical 1 line
01-06 16:14:35.599   864  1221 W TrackingService: attachClient: found client in attached list
01-06 16:14:35.637   864  1221 D TrackingService: getSharedMemory: com.YourCompany.PrototypeV4#13153, HeadTracker
01-06 16:14:35.644   864  1221 W TrackingService: attachClient: found client in attached list
01-06 16:14:35.659   864  1221 D TrackingService: getSharedMemory: com.YourCompany.PrototypeV4, Controller
01-06 16:14:35.667  1052  4027 E WindowManager: App trying to use insecure INPUT_FEATURE_NO_INPUT_CHANNEL flag. Ignoring
01-06 16:14:35.673   864  8442 W TrackingService: attachClient: found client in attached list
01-06 16:14:35.674   864  8442 D TrackingService: getSharedMemory: com.oculus.guardian, Controller
01-06 16:14:35.677   864  8442 W TrackingService: attachClient: found client in attached list
01-06 16:14:35.680   864  1042 W TrackingService: attachClient: found client in attached list
01-06 16:14:35.681   864  8442 W TrackingService: attachClient: found client in attached list
01-06 16:14:35.681   864  1042 D TrackingService: getSharedMemory: com.oculus.systemdriver, Controller
01-06 16:14:35.685   864  1042 W TrackingService: attachClient: found client in attached list
01-06 16:14:35.686   864  8442 D TrackingService: haptic socket already exists
01-06 16:14:35.686   864  8442 D TrackingService: getSocket: com.YourCompany.PrototypeV4
01-06 16:14:35.687   744  4161 E SensorService: Failed to set simple multi haptics, ret: -1
01-06 16:14:35.732   864  1042 W TrackingService: attachClient: found client in attached list
01-06 16:14:35.733   864  8442 W TrackingService: attachClient: found client in attached list
01-06 16:14:35.751   864  8442 W TrackingService: attachClient: found client in attached list
01-06 16:14:35.752   864  8442 D TrackingService: getSharedMemory: com.oculus.vrshell#2150, HeadTracker
01-06 16:14:35.754   864  8442 W TrackingService: attachClient: found client in attached list
01-06 16:14:35.755   864  8442 D TrackingService: getSharedMemory: com.oculus.vrshell, Controller
01-06 16:14:35.778   864  8442 W TrackingService: attachClient: found client in attached list
01-06 16:14:35.887  1052  4027 I ActivityTaskManager: START u0 {act=android.intent.action.MAIN cmp=com.oculus.os.clearactivity/.ClearActivity (has extras)} from uid 10020
01-06 16:14:35.890  1052  4027 W ActivityTaskManager: startActivity called from non-Activity context; forcing Intent.FLAG_ACTIVITY_NEW_TASK for: Intent { act=android.intent.action.MAIN flg=0x800000 cmp=com.oculus.os.clearactivity/.ClearActivity (has extras) }
01-06 16:14:35.912  1052  1072 D ActivityManager: Is background playback enabled for all apps: false
01-06 16:14:35.979  1052  1090 W ActivityManager: Slow operation: 65ms so far, now at startProcess: returned from zygote!
01-06 16:14:35.985  1052  1090 W ActivityManager: Slow operation: 71ms so far, now at startProcess: done updating battery stats
01-06 16:14:35.985  1052  1090 D ActivityManager: Is background playback enabled for all apps: false
01-06 16:14:35.990  1052  1090 W ActivityManager: Slow operation: 76ms so far, now at startProcess: building log message
01-06 16:14:35.990  1052  1090 I ActivityManager: Start proc 13426:com.oculus.os.clearactivity/u0a72 for activity {com.oculus.os.clearactivity/com.oculus.os.clearactivity.ClearActivity}
01-06 16:14:35.992  1052  1090 W ActivityManager: Slow operation: 78ms so far, now at startProcess: starting to update pids map
01-06 16:14:35.992  1052  1090 W ActivityManager: Slow operation: 79ms so far, now at startProcess: done updating pids map
01-06 16:14:36.144  1052  4027 E WindowManager: App trying to use insecure INPUT_FEATURE_NO_INPUT_CHANNEL flag. Ignoring
01-06 16:14:36.312   864  8442 I chatty  : uid=1000(system) Binder:864_5 identical 14 lines
01-06 16:14:36.327  1052  5078 I ActivityTaskManager: START u0 {act=com.oculus.os.clearactivity.FINISH cmp=com.oculus.os.clearactivity/.ClearActivity (has extras)} from uid 10020
01-06 16:14:36.328  1052  5078 W ActivityTaskManager: startActivity called from non-Activity context; forcing Intent.FLAG_ACTIVITY_NEW_TASK for: Intent { act=com.oculus.os.clearactivity.FINISH flg=0x800000 cmp=com.oculus.os.clearactivity/.ClearActivity (has extras) }
01-06 16:14:36.356   864  8442 W TrackingService: attachClient: found client in attached list
01-06 16:14:36.397  1052  1080 D ActivityManager: Is background playback enabled for all apps: false
01-06 16:14:36.402   864  1221 W TrackingService: attachClient: found client in attached list
--------- beginning of main
01-06 16:14:36.421   751  4523 D AF::RecordHandle: OpRecordAudio: track:154 uid:10032 pkg:com.oculus.horizon usage:0 not muted
01-06 16:14:36.421   751  3620 D AF::RecordHandle: OpRecordAudio: track:56 uid:10014 pkg:com.oculus.shellenv usage:0 muted
01-06 16:14:36.422   864  1042 W TrackingService: attachClient: found client in attached list
01-06 16:14:36.422   751  1600 D AF::RecordHandle: OpRecordAudio: track:149 uid:10033 pkg:com.oculus.xrstreamingclient usage:0 muted
01-06 16:14:36.423   864  1042 D TrackingService: getSharedMemory: com.YourCompany.PrototypeV4, Controller
01-06 16:14:36.424 13153 13381 I chatty  : uid=10153(com.YourCompany.PrototypeV4) expire 3 lines
01-06 16:14:36.425   751  3620 D AF::TrackHandle: OpPlayAudio: track:57 uid:10014 pkg:com.oculus.shellenv usage:1 muted
01-06 16:14:36.425   751  1600 D AF::TrackHandle: OpPlayAudio: track:152 uid:10153 pkg:com.YourCompany.PrototypeV4 usage:1 not muted
01-06 16:14:36.426   751  4523 D AF::TrackHandle: OpPlayAudio: track:120 uid:10033 pkg:com.oculus.xrstreamingclient usage:1 muted
01-06 16:14:36.426   751  3620 D AF::RecordHandle: OpRecordAudio: track:149 uid:10033 pkg:com.oculus.xrstreamingclient usage:0 muted
01-06 16:14:36.427   751  1600 D AF::RecordHandle: OpRecordAudio: track:154 uid:10032 pkg:com.oculus.horizon usage:0 not muted
01-06 16:14:36.428   751  7545 D AF::RecordHandle: OpRecordAudio: track:56 uid:10014 pkg:com.oculus.shellenv usage:0 muted
01-06 16:14:36.449   864  1042 W TrackingService: attachClient: found client in attached list
01-06 16:14:36.463  3392  3392 W OVRLibrary: null cursor received for query content://com.oculus.ocms.library/apps/com.YourCompany.PrototypeV4
01-06 16:14:36.463  3392  3392 D MetaCam (MediaCapabilityChecker): checkMediaHasRecordingCapabilities packageName: com.YourCompany.PrototypeV4
01-06 16:14:36.476  2410 13458 W OVRLibrary: null cursor received for query content://com.oculus.ocms.library/apps/com.YourCompany.PrototypeV4
01-06 16:14:36.493  3392  3392 W OVRLibrary: null cursor received for query content://com.oculus.ocms.library/apps/com.YourCompany.PrototypeV4
01-06 16:14:36.497 13153 13459 I chatty  : uid=10153(com.YourCompany.PrototypeV4) expire 1 line
01-06 16:14:36.497  1052  1088 I ActivityTaskManager: Displayed com.oculus.os.clearactivity/.ClearActivity: +294ms
01-06 16:14:36.509   874  2921 E VrApiService: Failed to set affinity for thread 13459, err: -3
01-06 16:14:36.509   874  2921 E VrApiService: Error set scheduler for process 1804 thread 13459 to 3 : No such process (3)
01-06 16:14:36.525 13153 13461 I chatty  : uid=10153(com.YourCompany.PrototypeV4) expire 35 lines
01-06 16:14:36.534   864  1234 I chatty  : uid=1000(system) KeypointCache expire 2 lines
01-06 16:14:36.572  2410  2436 I com.oculus.ocm: Background concurrent copying GC freed 24267(2585KB) AllocSpace objects, 19(380KB) LOS objects, 49% free, 3691KB/7383KB, paused 35us total 407.146ms
01-06 16:14:36.578  2954  3062 I [CT]    : GuardianMapDataMgr: CheckRelocalizationStatus: Relocalization done
01-06 16:14:36.578  1804  3059 I chatty  : uid=10025(com.oculus.systemdriver) Thread-17 expire 4 lines
01-06 16:14:36.587  2954  3062 I GuardianSystem: UpdateGuardianSystemState: Flags changed: 528384, 524288, SYSTEM_RELOCALIZING,SYSTEM_GUARDIAN_VALID to SYSTEM_GUARDIAN_VALID
01-06 16:14:36.587  2954  3062 I GuardianSystem: UpdateLocalSpaceToCurrentPose
01-06 16:14:36.590  2954  3062 I GuardianSystem: UpdateSystem: Responding to local space version number change.
01-06 16:14:36.590  2954  3062 I GuardianSurfaceMgr: ForceShowSurfaceBounds: Soft fade out: currentTime 9059.19, ForceShowTime 9060.19, ForceShowFadeTime 9061.19
01-06 16:14:36.590  2954  3062 I GuardianSystem: ForceShowGuardian: false, 1.00
01-06 16:14:36.592  1962  1989 I .oculus.horizo: Background concurrent copying GC freed 26741(1740KB) AllocSpace objects, 8(288KB) LOS objects, 49% free, 5607KB/10MB, paused 228us total 942.149ms
01-06 16:14:36.606   874  2071 E VrApiService: Error set scheduler for process 1804 thread 13459 to 2 : No such process (3)
01-06 16:14:36.629  2954  3062 I StateMachine: StateMachine::Update GuardianInitializationStateMachine: finishedRelocalizingEvent -> Valid_NoBlack
01-06 16:14:36.629  2954  3062 I StateMachine: StateMachine::Update ForceShow: forceShowForTime -> ForceShowOnForTime
01-06 16:14:36.629  3515 13463 I chatty  : uid=10026 com.oculus.systemux:SystemUX expire 8 lines
01-06 16:14:36.667  2954  3062 I GuardianSystem: ForceShowGuardian: false, 3.00
01-06 16:14:36.675  2954  3062 I GuardianSystem: world updating because worldfromanchor threshold passed
01-06 16:14:36.677  2954  3062 I GuardianSystem: UpdateGuardianSystemState: Flags changed: 524288, 532480, SYSTEM_GUARDIAN_VALID to SYSTEM_GUARDIAN_VISIBLE,SYSTEM_GUARDIAN_VALID
01-06 16:14:36.677  2954  3062 I GuardianSystem: UpdateGuardianSystemState: Flags2 changed: 49, 1, SYSTEM_2_DIRECTIONAL_PASSTHROUGH_ENABLED,SYSTEM_2_LOADING_DOTS,SYSTEM_2_SHOULD_PUSH_BLACK to SYSTEM_2_DIRECTIONAL_PASSTHROUGH_ENABLED
01-06 16:14:36.697  2954  3277 I VrRuntimeClient: UpdateEvents: HMT was mounted
01-06 16:14:36.697  1804  2847 I chatty  : uid=10025(com.oculus.systemdriver) OVR::Clocks expire 40 lines
01-06 16:14:36.704  1687  3207 I [CT]    : MIXEDREALITY: MrServiceModel: Hibernating caller (most likely rendering thread) due to commandQueue being empty.
01-06 16:14:36.705  1962 13421 I libjingle: [9040:070] [13421] (opensslidentity.cc:82): Returning key pair
01-06 16:14:36.705  1962 13421 I libjingle: [9040:070] [13421] (opensslidentity.cc:89): Making certificate for WebRTC
01-06 16:14:36.707  1962 13421 I libjingle: [9040:072] [13421] (opensslidentity.cc:137): Returning certificate
01-06 16:14:36.711  1962  1962 I OVRPlatform: [P2PNetworkTransport] oculus_parties_enable_aui_mic_switcher_controls gk is OFF, mic_switcher_controls is disabled
01-06 16:14:36.711  1962  1962 I OVRPlatform: [RequestStopwatch] AndroidFinishInitialization took 1011.6780 milliseconds
01-06 16:14:36.712  1962  1962 I OVRPlatform: [RequestStopwatch] AndroidSynchronousInitialize took 1016.7170 milliseconds
01-06 16:14:36.712  1962  1962 I PlatformPlugin: [PlatformPluginManager] Successfully initialized Platform
01-06 16:14:36.712  1962  1962 D PlatformPlugin: [PlatformPluginManager] Releasing lock: nativeInit
01-06 16:14:36.713  1962  1962 I PlatformPluginManager: onHeadphonesStateChange: false
01-06 16:14:36.713  1962  1962 I OVRPlatform: [AudioManager] SetHeadphoneStatus: DISCONNECTED
01-06 16:14:36.713  1962  1962 I OVRPlatform: [AudioManager] Current headsetMounted_ true
01-06 16:14:36.714  1962  1962 I OVRPlatform: [AudioManager] Current headphoneStatus_: DISCONNECTED
01-06 16:14:36.714  1962  1962 I PlatformPluginManager: Starting up connection reaper
01-06 16:14:36.714  1962  1962 I PlatformPluginManager: Adding client com.oculus.horizon.service_media.OVRMediaServiceManager@c6b384e
01-06 16:14:36.714  1962  1962 I OVRPlatform: [AudioManager] SetHeadsetMounted: true
01-06 16:14:36.714  1962  1962 I OVRPlatform: [AudioManager] Current headsetMounted_ true
01-06 16:14:36.714  1962  1962 I OVRPlatform: [AudioManager] Current headphoneStatus_: DISCONNECTED
01-06 16:14:36.715   864  1042 I chatty  : uid=1000(system) Binder:864_2 identical 7 lines
01-06 16:14:36.726  1962  2541 I OVRMediaService: onStartCommand Received message type: overlay_input_focus_change, caller package: com.oculus.vrshell, app identify: AppIdentity{uid=10020, packageNames=[com.oculus.vrshell], sha1=MxZgtt071YLz39PLrkVGckZooCE, sha2=3C-DTjwZQjeLFPB2yCzRq1nqZWa_9HMLIEfpjvyfna8, version=null, domain=null}
01-06 16:14:36.736  1962  1962 I UserManagerUpdaterServiceStarter: Multi-user enabled, starting service...
01-06 16:14:36.740  1962  1962 I MeManager: Successfully refreshed user data
01-06 16:14:36.743  1962  2541 I OVRMediaService: Received OVERLAY_INPUT_FOCUS_CHANGE. is focused: true
01-06 16:14:36.743  1962  2096 W OVRLibrary: null cursor received for query content://com.oculus.ocms.library/apps/com.YourCompany.PrototypeV4
01-06 16:14:36.743  1962  2096 I OVRMediaServiceManager: Sending onAppStart (com.YourCompany.PrototypeV4) to SocialPlatform (com.oculus.socialplatform)
01-06 16:14:36.750  1962  2399 I OVRMediaService: onStartCommand Received message type: overlay_input_focus_change, caller package: com.oculus.vrshell, app identify: AppIdentity{uid=10020, packageNames=[com.oculus.vrshell], sha1=MxZgtt071YLz39PLrkVGckZooCE, sha2=3C-DTjwZQjeLFPB2yCzRq1nqZWa_9HMLIEfpjvyfna8, version=null, domain=null}
01-06 16:14:36.752  1962  2562 W OVRLibrary: null cursor received for query content://com.oculus.ocms.library/apps/com.oculus.vrshell
01-06 16:14:36.756  1962  2399 I OVRMediaService: Received OVERLAY_INPUT_FOCUS_CHANGE. is focused: false
01-06 16:14:36.760   864  1042 W TrackingService: attachClient: found client in attached list
01-06 16:14:36.770  1962  2399 W OVRLibrary: null cursor received for query content://com.oculus.ocms.library/apps/com.YourCompany.PrototypeV4
01-06 16:14:36.770  1962  2562 W OVRLibrary: null cursor received for query content://com.oculus.ocms.library/apps/com.YourCompany.PrototypeV4
01-06 16:14:36.770  1962  2562 I OVRMediaServiceManager: Sending onAppStart (com.YourCompany.PrototypeV4) to SocialPlatform (com.oculus.socialplatform)
01-06 16:14:36.776  1962  2541 W OVRLibrary: null cursor received for query content://com.oculus.ocms.library/apps/com.oculus.os.clearactivity
01-06 16:14:36.790  1962  2399 W OVRLibrary: null cursor received for query content://com.oculus.ocms.library/apps/com.YourCompany.PrototypeV4
01-06 16:14:36.791  1962  2399 I OVRMediaServiceManager: Sending onAppStart (com.YourCompany.PrototypeV4) to SocialPlatform (com.oculus.socialplatform)
01-06 16:14:36.805   864  8442 W TrackingService: attachClient: found client in attached list
01-06 16:14:36.806   864  1042 W TrackingService: attachClient: found client in attached list
01-06 16:14:36.819  1962  2096 E OVRMediaServiceManager: LivestreamingManager Not initialized
01-06 16:14:36.826   692   953 I netd    : firewallSetUidRule(2, 10003, 1) <0.02ms>
01-06 16:14:36.827  1962  2562 E OVRMediaServiceManager: LivestreamingManager Not initialized
01-06 16:14:36.835  1962  2399 E OVRMediaServiceManager: LivestreamingManager Not initialized
01-06 16:14:36.841   692   953 I netd    : firewallSetUidRule(2, 10003, 2) <0.03ms>
01-06 16:14:36.860 10451 10539 I chatty  : uid=10033(com.oculus.xrstreamingclient) xrsp-rt-read expire 10 lines
01-06 16:14:36.940   864  1042 I chatty  : uid=1000(system) Binder:864_2 identical 3 lines
01-06 16:14:36.983   864  1042 W TrackingService: attachClient: found client in attached list
01-06 16:14:37.006 13153 13384 I chatty  : uid=10153(com.YourCompany.PrototypeV4) expire 4 lines
01-06 16:14:37.008   860 13437 I [CT]    : MIXEDREALITY: ServiceLogic: sendMrEngine: Pause
01-06 16:14:37.008   860 13437 I [CT]    : MIXEDREALITY: ServiceLogic: Camera Thread has now tid -1
01-06 16:14:37.028   864  8442 W TrackingService: attachClient: found client in attached list
01-06 16:14:37.153   692   953 I netd    : firewallSetUidRule(2, 10071, 2) <0.03ms>
01-06 16:14:37.155   864  8442 I chatty  : uid=1000(system) Binder:864_5 identical 4 lines
01-06 16:14:37.202   864  8442 W TrackingService: attachClient: found client in attached list
01-06 16:14:37.234   864  1042 W TrackingService: attachClient: found client in attached list
01-06 16:14:37.577 13153 13478 I chatty  : uid=10153(com.YourCompany.PrototypeV4) expire 3 lines
01-06 16:14:37.756   864  1042 I chatty  : uid=1000(system) Binder:864_2 identical 15 lines
01-06 16:14:37.797   864  1042 W TrackingService: attachClient: found client in attached list
01-06 16:14:37.800   864  8442 W TrackingService: attachClient: found client in attached list
01-06 16:14:37.836  1052  1470 D WificondControl: Scan result ready event
01-06 16:14:37.945   864  8442 I chatty  : uid=1000(system) Binder:864_5 identical 4 lines
01-06 16:14:37.989   864  8442 W TrackingService: attachClient: found client in attached list
01-06 16:14:38.032   864  1042 W TrackingService: attachClient: found client in attached list
01-06 16:14:38.141   692   953 I netd    : firewallSetUidRule(2, 10080, 1) <0.03ms>
01-06 16:14:38.151  2825  2825 D IdentityManagementJobService: onStartJob - starting async IMS jobs
01-06 16:14:38.151  2825  2878 D IdentityManagementAsyncTask: doInBackground - working on IMS async tasks
01-06 16:14:38.177   692   953 I netd    : firewallSetUidRule(2, 10080, 2) <0.02ms>
01-06 16:14:38.193  2825  2853 W agement.servic: Reducing the number of considered missed Gc histogram windows from 116 to 100
01-06 16:14:38.195   692   953 I netd    : firewallSetUidRule(2, 10080, 1) <0.02ms>
01-06 16:14:38.197  1052  1072 D ConnectivityService: requestNetwork for uid/pid:10080/2825 NetworkRequest [ TRACK_DEFAULT id=36, [ Capabilities: INTERNET&NOT_RESTRICTED&TRUSTED Uid: 10080] ]
01-06 16:14:38.198  1052  1174 D WifiNetworkFactory: got request NetworkRequest [ TRACK_DEFAULT id=36, [ Capabilities: INTERNET&NOT_RESTRICTED&TRUSTED Uid: 10080] ] with score 60 and serial -1
01-06 16:14:38.198  1052  1174 D UntrustedWifiNetworkFactory: got request NetworkRequest [ TRACK_DEFAULT id=36, [ Capabilities: INTERNET&NOT_RESTRICTED&TRUSTED Uid: 10080] ] with score 60 and serial -1
01-06 16:14:38.198  1052  1224 D WIFI_AWARE_FACTORY: got request NetworkRequest [ TRACK_DEFAULT id=36, [ Capabilities: INTERNET&NOT_RESTRICTED&TRUSTED Uid: 10080] ] with score 60 and serial -1
01-06 16:14:38.199  1052  1225 D Ethernet: got request NetworkRequest [ TRACK_DEFAULT id=36, [ Capabilities: INTERNET&NOT_RESTRICTED&TRUSTED Uid: 10080] ] with score 60 and serial -1
01-06 16:14:38.224  2825  3512 D AccessTokenWorker: doWork fetch accesstoken
01-06 16:14:38.226  2825  3399 D AccessTokenWorker: doWork fetch accesstoken
01-06 16:14:38.226  2825  3512 D WorkerLoggerHelper: log success for access_token_worker
01-06 16:14:38.227  2825  2935 I WM-WorkerWrapper: Worker result SUCCESS for Work [ id=5054fbc5-7a17-4761-98fc-0d5a3f1c2ee1, tags={ com.oculus.identitymanagement.service.workers.AccessTokenWorker } ]
01-06 16:14:38.228  2825  3399 D WorkerLoggerHelper: log success for access_token_worker
01-06 16:14:38.229  2825  2935 I WM-WorkerWrapper: Setting status to enqueued for f9022abc-29d8-4a6c-8ac1-c063ed36d888
01-06 16:14:38.232   692   953 I netd    : firewallSetUidRule(2, 10080, 2) <0.04ms>
01-06 16:14:38.233  1052  1178 D ConnectivityService: Blocked status changed to true for 10080(36) on netId 100
01-06 16:14:38.233   692   953 I netd    : firewallSetUidRule(2, 10080, 1) <0.01ms>
01-06 16:14:38.233  1052  1178 D ConnectivityService: Blocked status changed to false for 10080(36) on netId 100
01-06 16:14:38.239   692   953 I netd    : firewallSetUidRule(2, 10080, 2) <0.02ms>
01-06 16:14:38.240  1052  1178 D ConnectivityService: Blocked status changed to true for 10080(36) on netId 100
01-06 16:14:38.254  2825  2935 I WM-WorkerWrapper: Worker result SUCCESS for Work [ id=e836becd-aa27-4efa-a55d-b3b47e7f06b7, tags={ com.oculus.identitymanagement.service.workers.AccessTokenWorker } ]
01-06 16:14:38.257  2825  2935 I WM-WorkerWrapper: Setting status to enqueued for 4045e725-1340-41f1-b4e4-3b3f3858d0ee
01-06 16:14:38.262   864  1042 I chatty  : uid=1000(system) Binder:864_2 identical 6 lines
01-06 16:14:38.269  1052  1178 D ConnectivityService: releasing NetworkRequest [ TRACK_DEFAULT id=36, [ Capabilities: INTERNET&NOT_RESTRICTED&TRUSTED Uid: 10080] ] (release request)
01-06 16:14:38.300  2825  2979 D MVanScreenTimeUploadWorker: doWork MVanScreenTimeUploadWorker
01-06 16:14:38.303   864  1042 W TrackingService: attachClient: found client in attached list
01-06 16:14:38.305   864  8442 W TrackingService: attachClient: found client in attached list
01-06 16:14:38.317  2825  2979 W OVRLibrary: null cursor received for query content://com.oculus.ocms.library/apps/com.oculus.shellenv
01-06 16:14:38.317  2825  2979 D MVanScreenTimeUploadWorker: Creating screen time mutation for com.oculus.shellenv startime = 1673020737 endTime = 1673020745 duration = 8
01-06 16:14:38.335  2825  2979 W OVRLibrary: null cursor received for query content://com.oculus.ocms.library/apps/com.YourCompany.PrototypeV4
01-06 16:14:38.336  2825  2979 D MVanScreenTimeUploadWorker: Creating screen time mutation for com.YourCompany.PrototypeV4 startime = 1673021671 endTime = 1673021672 duration = 1
01-06 16:14:38.339  2825  2979 D MVanScreenTimeUploadWorker: Creating screen time mutation for com.YourCompany.PrototypeV4 startime = 1673021674 endTime = 1673021676 duration = 2
01-06 16:14:38.341  2825  2979 D MVanScreenTimeUploadWorker: Creating screen time mutation for com.YourCompany.PrototypeV4 startime = 1673021676 endTime = 1673021678 duration = 2
01-06 16:14:38.355  2825  2979 W OVRLibrary: null cursor received for query content://com.oculus.ocms.library/apps/com.oculus.os.clearactivity
01-06 16:14:38.396  2825  2979 W OVRLibrary: null cursor received for query content://com.oculus.ocms.library/apps/com.oculus.systemux
01-06 16:14:38.411  2825  2979 W OVRLibrary: null cursor received for query content://com.oculus.ocms.library/apps/com.oculus.xrstreamingclient
01-06 16:14:38.412  2825  2979 D MVanScreenTimeUploadWorker: Creating screen time mutation for com.oculus.xrstreamingclient startime = 1673020745 endTime = 1673020807 duration = 62
01-06 16:14:38.417  2825  2979 D MVanScreenTimeUploadWorker: updating latest sync time to 1673021678
01-06 16:14:38.420  2825  2979 D WorkerLoggerHelper: log success for mvan_screen_time_upload_worker
01-06 16:14:38.423  2825  2935 I WM-WorkerWrapper: Worker result SUCCESS for Work [ id=4045e725-1340-41f1-b4e4-3b3f3858d0ee, tags={ com.oculus.identitymanagement.service.workers.MVanScreenTimeUploadWorker } ]
01-06 16:14:38.524   864  8442 I chatty  : uid=1000(system) Binder:864_5 identical 5 lines
01-06 16:14:38.540  1570 13486 W ContextImpl: Calling a method in the system process without a qualified user: android.app.ContextImpl.sendBroadcast:1057 android.content.ContextWrapper.sendBroadcast:448 X.np.A00:133 X.no.A00:17 X.no.handleMessage:80 
01-06 16:14:38.569   864  8442 W TrackingService: attachClient: found client in attached list
01-06 16:14:38.572   864  1042 W TrackingService: attachClient: found client in attached list
01-06 16:14:38.621  2825 13491 D UserIdentityContextWorker: UserAccountQueryResponse onSuccess
01-06 16:14:38.625  2825 13491 D UserIdentityContextWorker: Update user database entities complete
01-06 16:14:38.626  2825 13491 D WorkerLoggerHelper: log success for user_identity_context_worker
01-06 16:14:38.628  2825  2935 I WM-WorkerWrapper: Worker result SUCCESS for Work [ id=f9022abc-29d8-4a6c-8ac1-c063ed36d888, tags={ com.oculus.identitymanagement.service.workers.UserIdentityContextWorker } ]
01-06 16:14:38.630  2825  2935 I WM-WorkerWrapper: Setting status to enqueued for 2646b8f6-c519-4001-8df4-afe07882fc99
01-06 16:14:38.674  2825 13498 D MVanScreenTimeUploadWorker: uploaded 2 seconds screentime for com.YourCompany.PrototypeV4
01-06 16:14:38.702  2825 13496 D MVanScreenTimeUploadWorker: uploaded 1 seconds screentime for com.YourCompany.PrototypeV4
01-06 16:14:38.703  2825 13497 D MVanScreenTimeUploadWorker: uploaded 2 seconds screentime for com.YourCompany.PrototypeV4
01-06 16:14:38.724  2825 13505 D MVanScreenTimeUploadWorker: uploaded 62 seconds screentime for com.oculus.xrstreamingclient
01-06 16:14:38.762  2825 13493 D MVanScreenTimeUploadWorker: uploaded 8 seconds screentime for com.oculus.shellenv
01-06 16:14:38.824   864  1042 I chatty  : uid=1000(system) Binder:864_2 identical 6 lines
01-06 16:14:38.826   864  1042 W TrackingService: attachClient: found client in attached list
01-06 16:14:38.867   744   906 I SyncBossHAL: [info   ] syncboss_hal_impl_input.c(1060): Pulsar connected devices state change: 20
01-06 16:14:38.868   581   607 I SyncBossFW: 9059063 [info   ] {WIHO}: Pulsar device connected 86557c336c360320 (type: 9001401, connection id: 0x14)
01-06 16:14:38.872   864  1042 W TrackingService: attachClient: found client in attached list
01-06 16:14:38.876 13153 13181 I chatty  : uid=10153(com.YourCompany.PrototypeV4) expire 120 lines
01-06 16:14:38.911   864  8442 W TrackingService: attachClient: found client in attached list
01-06 16:14:38.929   744   908 I SyncBossHAL: [info   ] pulsar_manager.c(396): 86557c33xxxxxxxx: Configuring IR LED to ontime = 34, period = 40000, delay = -9
01-06 16:14:38.935   744   908 I SyncBossHAL: [info   ] pulsar_manager.c(343): Finished getting cache data for controller
01-06 16:14:38.935   744   908 I SyncBossHAL:     id            : 86557c33xxxxxxxx
01-06 16:14:38.935   744   908 I SyncBossHAL:     pulsar_type   : 0x09001401
01-06 16:14:38.935   744   908 I SyncBossHAL:     connection id : 0x14
01-06 16:14:38.935   744   908 I SyncBossHAL:     fw ver        : 1.9.0
01-06 16:14:38.935   744   908 I SyncBossHAL:     spl ver       : 1.5.1
01-06 16:14:38.935   744   908 I SyncBossHAL:     serial        : 1WMHCLE3D42127
01-06 16:14:38.935   744   908 I SyncBossHAL:     handedness    : left
01-06 16:14:38.935   744   908 I SyncBossHAL:     battery state : 100%
01-06 16:14:38.935   744   908 I SyncBossHAL: [info   ] pulsar_manager.c(360): Jedi-specific cache data:
01-06 16:14:38.935   744   908 I SyncBossHAL:     captouch ver  : 1.9.0
01-06 16:14:38.939   744 13209 D SensorService: Syncboss input 729165a0fe4054d7 hardware type 4, subtype 2, revision 0x09
01-06 16:14:38.939   744 13209 I SensorService: preparePairedControllerInfo is adding device with valid 1
01-06 16:14:38.939   744 13209 D SensorService: Syncboss input 86557c336c360320 hardware type 4, subtype 1, revision 0x09
01-06 16:14:38.939   744 13209 I SensorService: preparePairedControllerInfo is adding device with valid 1
01-06 16:14:38.939   744 13209 D SensorService: stateChangeNotifierFunc(): Reporting controller info. Change token: 39, paired=2 connected=2
