01-09 19:02:41.324 10519 10544 D UE4     : [2023.01.09-19.02.41:324][  1]LogAndroidEvents: Display: LogAndroidEvents::DequeueAppEvent : 11, [width=-1, height=-1], APP_EVENT_STATE_WINDOW_GAINED_FOCUS
01-09 19:02:41.324 10519 10544 D UE4     : FAppEventManager::Tick processing, 11
01-09 19:02:41.324 10519 10544 D UE4     : [2023.01.09-19.02.41:324][  1]LogAndroidEvents: Display: ExecWindowCreated
01-09 19:02:41.324 10519 10544 D UE4     : AndroidEGL::ReInitWindow()
01-09 19:02:41.324 10519 10544 D UE4     : ExecWindowCreated, 0, 1, 1
01-09 19:02:41.324 10519 10544 D UE4     : [2023.01.09-19.02.41:324][  1]LogAndroidEvents: Display: LogAndroidEvents::DequeueAppEvent : 14, [width=-1, height=-1], APP_EVENT_STATE_APP_ACTIVATED
01-09 19:02:41.324 10519 10544 D UE4     : FAppEventManager::Tick processing, 14
01-09 19:02:41.324 10519 10544 D UE4     : Execution will be resumed!
01-09 19:02:41.324 10519 10544 D UE4     : [2023.01.09-19.02.41:324][  1]LogAndroidEvents: Display: LogAndroidEvents::DequeueAppEvent : 15, [width=-1, height=-1], APP_EVENT_RUN_CALLBACK
01-09 19:02:41.324 10519 10544 D UE4     : FAppEventManager::Tick processing, 15
01-09 19:02:41.324 10519 10544 D UE4     : [2023.01.09-19.02.41:324][  1]LogAndroidEvents: Display: Event thread callback running.
01-09 19:02:41.324 10519 10544 D UE4     : [2023.01.09-19.02.41:324][  1]LogAndroid: performing app foregrounding callback.
01-09 19:02:41.324 10519 10544 D UE4     : [2023.01.09-19.02.41:324][  1]LogHMD: Initializing OVRPlugin session
01-09 19:02:41.324 10519 10544 D UE4     : [2023.01.09-19.02.41:324][  1]LogHMD: OculusHMD plugin supports multiview!
01-09 19:02:41.324 10519 10544 D OVRPlugin: Finished setting up render thread.
01-09 19:02:41.324 10519 10544 D OVRPlugin: Entering VR mode.
01-09 19:02:41.324 10519 10544 I VrApi   : ---------- vrapi_EnterVrMode [start] ----------
01-09 19:02:41.325  1654  3419 I [CT]    : MIXEDREALITY: MrServiceController: VrFocusManager::Top Activity Changed, topActivity now is: 'com.oculus.shellenv', immersiveApp now is: ''.
01-09 19:02:41.325 10519 10544 I VrRuntimeClient: Tracing is disabled
01-09 19:02:41.325 10519 10544 I VrRuntimeClient: SysProp debug mode is disabled on Client side
01-09 19:02:41.325  1654  3419 I [CT]    : MIXEDREALITY: MrServiceController: VrFocusManager::Top Activity Changed, topActivity now is: 'com.YourCompany.PrototypeV4', immersiveApp now is: 'com.YourCompany.PrototypeV4'.
01-09 19:02:41.327 10519 10544 D VrApi   : targetSDKVersion 29
01-09 19:02:41.329  1654  3147 I [CT]    : MIXEDREALITY: MrServiceModel: Hibernating caller (most likely rendering thread) due to commandQueue being empty.
01-09 19:02:41.330 10519 10544 I VrRuntimeClient: DEVICE MODEL NUMBER = Quest
01-09 19:02:41.330 10519 10544 I VrRuntimeClient: DEVICE BUILD NAME = user-49068160412800150
01-09 19:02:41.330 10519 10544 I VrRuntimeClient: DEVICE BUILD TYPE = user
01-09 19:02:41.330 10519 10544 I VrRuntimeClient: DEVICE OS VERSION = 10
01-09 19:02:41.330 10519 10544 I VrRuntimeClient: API LOADER VERSION = 1.44.0
01-09 19:02:41.330 10519 10544 I VrRuntimeClient: RUNTIME API VERSION = 1.64.0
01-09 19:02:41.330 10519 10544 I VrRuntimeClient: RUNTIME VERSION = 47.0.0.282.341 Nov 25 2022 14:16:37 RELEASE
01-09 19:02:41.330 10519 10544 I VrRuntimeClient: APP NAME = PrototypeV4
01-09 19:02:41.330 10519 10544 I VrRuntimeClient: APP VERSION = 1.0 versionCode 1 internalVersionName <none>
01-09 19:02:41.330 10519 10544 I VrRuntimeClient: APP VR TYPE = <none>
01-09 19:02:41.330 10519 10544 I VrRuntimeClient: APP MODE TYPE = VR
01-09 19:02:41.330 10519 10544 I VrRuntimeClient: APP PACKAGE NAME = com.YourCompany.PrototypeV4
01-09 19:02:41.330 10519 10544 I VrRuntimeClient: APP ACTIVITY CLASS = com.epicgames.ue4.GameActivity
01-09 19:02:41.330 10519 10544 I Sensor  : OSSDKTRACKING Initializing head tracking
01-09 19:02:41.330 10519 10544 D OsSdk   : TrackingServiceConnection ctor
01-09 19:02:41.330 10519 10544 I Sensor  : OSSDKTRACKING Head tracker != nullpointer 0xcaf8f778, 1
01-09 19:02:41.330 10519 10544 I Sensor  : OSSDKTRACKING Initializing controller tracking
01-09 19:02:41.330 10519 10544 I Sensor  : OSSDKTRACKING Controller tracker != nullpointer 0xcaf8f780, 1
01-09 19:02:41.330 10519 10544 D BatteryReceiver: Registering battery receiver
01-09 19:02:41.331 10519 10544 D HeadsetReceiver: getCurrentHeadsetState: false
01-09 19:02:41.331 10519 10544 I DeviceStatus: nativeHeadsetEvent(0)
01-09 19:02:41.332 10519 10544 I VrRuntimeClient: SetCompositorClientFeatureFlag ClientFeatureFlag 0 
01-09 19:02:41.332 10519 10544 I LogTimer: CPUTIME: VrRuntimeClient_BeginSession took 6.5174 ms
01-09 19:02:41.332 10519 10544 I ClientInputInterface: DEADRECKONING SetControllerTrackingExtendedDeadreckoning 0
01-09 19:02:41.332 10519 10544 I ClientInputSettings: HANDTRACKING package name is com.YourCompany.PrototypeV4
01-09 19:02:41.333 10519 10544 I ClientInputSettings: HANDTRACKING: feature flag set to 0
01-09 19:02:41.333 10519 10544 I ClientInputInterface: HANDTRACKING sethandmanifest 0
01-09 19:02:41.333 10519 10544 I InputHooks_Internal: Enabling Native Input Hooks
01-09 19:02:41.333 10519 10544 I InputDeviceManager: ovrInputDeviceManager::Initialize
01-09 19:02:41.334 10519 10544 D OsSdk   : TrackingServiceConnection registered
01-09 19:02:41.335   834  1454 D TrackingService: getSharedMemory: com.YourCompany.PrototypeV4, HeadTracker
01-09 19:02:41.335 10519 10544 I Distortion: Initializing Mesh Decenter Correction
01-09 19:02:41.335   828  5627 E CalibrationProvider: loadCalibration(LDISP_SN) failed: Calibration store didn't load any info
01-09 19:02:41.335   834  1454 D TrackingService: getSharedMemory: com.YourCompany.PrototypeV4, Controller
01-09 19:02:41.336 10519 10823 I InputDevice_TrackedRemote: REMOTE: Hand=2 IndexAnalog=0.00 GripAnalog=0.00 Buttons=0x00000000
01-09 19:02:41.336 10519 10823 I InputDeviceManager: HANDTRACKING Pointer filter profile changed to: 0
01-09 19:02:41.336 10519 10823 I InputDeviceManager: HANDTRACKING Pointer filter profile changed to: 0
01-09 19:02:41.336 10519 10823 I InputDeviceManager: HANDTRACKING Root pose filter profile changed for (version, freq) to (2, 1) from (1,2)
01-09 19:02:41.336   828  5627 E CalibrationProvider: loadCalibration(RDISP_SN) failed: Calibration store didn't load any info
01-09 19:02:41.336 10519 10544 I Distortion: SetLensPositions - iad=0.0629896, left offset=-0.000266064,-0.00102733, right offset=0.00014523,-0.00104481
01-09 19:02:41.336 10519 10544 I Distortion: Initializing Mesh Decenter Correction
01-09 19:02:41.336   828  5627 E CalibrationProvider: loadCalibration(LDISP_SN) failed: Calibration store didn't load any info
01-09 19:02:41.336   828  5627 E CalibrationProvider: loadCalibration(RDISP_SN) failed: Calibration store didn't load any info
01-09 19:02:41.337 10519 10544 I Distortion: SetLensPositions - iad=0.0629896, left offset=-0.000266064,-0.00102733, right offset=0.00014523,-0.00104481
01-09 19:02:41.337 10519 10544 I Distortion: Created custom distortion mesh.
01-09 19:02:41.337 10519 10544 I VrApi   : ovrModeParms::VRAPI_MODE_FLAG_RESET_WINDOW_FULLSCREEN = 1
01-09 19:02:41.337 10519 10544 I VrApi   : ovrModeParms::VRAPI_MODE_FLAG_NATIVE_WINDOW = 1
01-09 19:02:41.337 10519 10544 I VrApi   : ovrModeParms::VRAPI_MODE_FLAG_FRONT_BUFFER_SRGB = 1
01-09 19:02:41.337 10519 10544 I VrApi   : ovrModeParms::VRAPI_MODE_FLAG_PHASE_SYNC = 0
01-09 19:02:41.337 10519 10544 I VrApi   : ovrModeParms::VRAPI_MODE_FLAG_APP_SPACE_WARP = 0
01-09 19:02:41.337 10519 10544 I VrRuntimeClient: SetPhaseSyncMode 0
01-09 19:02:41.337 10519 10544 I VrApi   : PhaseSync disabled
01-09 19:02:41.337 10519 10544 I VrApi   : HMD sensor attached.
01-09 19:02:41.337 10519 10544 D VrRuntimeClient: pokeGuardianUserServiceForThisClient: com.YourCompany.PrototypeV4:10161
01-09 19:02:41.338 10519 10544 D VrRuntimeClient: VrRuntimeClient: getClientWindow: activity client
01-09 19:02:41.338  2925  2925 D VrGuardianUserService: onStartCommandIntent { act=FOREGROUND_CLIENT cmp=com.oculus.guardian/com.oculus.vrguardianservice.VrGuardianUserService (has extras) }
01-09 19:02:41.338  2925  2925 D VrGuardianUserService: maybeSubscribeDeviceConfig
01-09 19:02:41.338  2925  2925 D VrGuardianUserService: onStartCommand FOREGROUND_CLIENT user = 0
01-09 19:02:41.338  2925  2925 D VrGuardianService: setCurrentUser() called with: userId = [0]
01-09 19:02:41.338  2925  2925 I VrGuardianService: nativeSetCurrentUser userid = 0
01-09 19:02:41.338  2925  2925 I GuardianSystem: GuardianSystem::SetCurrentUser: 0 
01-09 19:02:41.339  1770 10730 I chatty  : uid=10025(com.oculus.systemdriver) OVR::TimeWarp expire 1 line
01-09 19:02:41.339 10519 10544 I ScreenCaptureHelper: Advertising com.YourCompany.PrototypeV4 as streamable
01-09 19:02:41.339  1770 10586 I chatty  : uid=10025(com.oculus.systemdriver) com.oculus.vrruntimeservice expire 2 lines
01-09 19:02:41.339 10519 10544 I VrApi   : Creating Default swapchain
01-09 19:02:41.340 10519 10544 I VrApi   : Creating Loading Icon swapchain
01-09 19:02:41.340 10519 10544 I VrApi   : OVR::Stats thread started
01-09 19:02:41.340 10519 10544 I XrRuntimeUtils: XrRuntimeUtils::CreateSession
01-09 19:02:41.340 10519 10544 I VrApi   : Initial BaseVsync 205 
01-09 19:02:41.340 10519 10544 I XrRuntimeUtils: XrRuntimeUtils::BeginSession
01-09 19:02:41.340 10519 10544 I XrRuntimeSystem_Client: BeginSession
01-09 19:02:41.340 10519 10544 I VrApi   : ---------- vrapi_EnterVrMode [end] ----------
01-09 19:02:41.340 10519 10544 I ClientInputSettings: EatNativeGamepadEvents = false
01-09 19:02:41.340 10519 10544 D OVRPlugin: Registering utility receivers.
01-09 19:02:41.340 10519 10544 D UE4     : [GameActivity] Registering volume receiver
01-09 19:02:41.341  1961  2054 I OVRMediaService: onStartCommand Received message type: set_package_name, caller package: no_app_identity, app identify: null
01-09 19:02:41.341 10519 10826 D VrApi   : targetSDKVersion 29
01-09 19:02:41.342  1961  2054 I OVRMediaService: Got package name intent (com.YourCompany.PrototypeV4)
01-09 19:02:41.343 10519 10544 D UE4     : [GameActivity] startVolumeReceiver: 8
01-09 19:02:41.343 10519 10544 D UE4     : nativeVolumeEvent(8)
01-09 19:02:41.343 10519 10544 D UE4     : [GameActivity] Registering battery receiver
01-09 19:02:41.344 10519 10826 I JniUtils: ovr_GetCurrentPackageSignature 
01-09 19:02:41.344 10519 10544 D UE4     : [GameActivity] Registering headset receiver
01-09 19:02:41.344 10519 10544 D UE4     : [GameActivity] startHeadsetReceiver: 0
01-09 19:02:41.344 10519 10544 D UE4     : nativeHeadsetEvent(0)
01-09 19:02:41.344 10519 10544 D UE4     : [2023.01.09-19.02.41:344][  1]LogCore: Display: AppLifetime: Application has entered foreground
01-09 19:02:41.344 10519 10544 D UE4     : [2023.01.09-19.02.41:344][  1]LogTcpMessaging: Initializing TcpMessaging bridge, listening on 127.0.0.1:6666
01-09 19:02:41.344 10519 10826 I Metrics : device name = Oculus Quest
01-09 19:02:41.345 10519 10544 D UE4     : [2023.01.09-19.02.41:345][  1]LogUdpMessaging: Initializing bridge on interface 0.0.0.0:0 to multicast group 230.0.0.1:6666.
01-09 19:02:41.345 10519 10544 D UE4     : [2023.01.09-19.02.41:345][  1]LogCore: Display: AppLifetime: Application has reactivated
01-09 19:02:41.345 10519 10544 D UE4     : [2023.01.09-19.02.41:345][  1]LogTemp: Android resume audio
01-09 19:02:41.345 10519 10544 D UE4     : [2023.01.09-19.02.41:345][  1]LogAudioMixerAndroid: Display: Resuming android audio renderer
01-09 19:02:41.346  1770  2850 I chatty  : uid=10025(com.oculus.systemdriver) ClientRequest expire 13 lines
01-09 19:02:41.346  1274  1274 V AvrcpMediaPlayerList: onPlaybackConfigChanged(): Configs list size=6
01-09 19:02:41.348  1961  2054 W OVRLibrary: null cursor received for query content://com.oculus.ocms.library/apps/com.YourCompany.PrototypeV4
01-09 19:02:41.349  1961  2054 I OVRMediaServiceManager: Sending onAppStart (com.YourCompany.PrototypeV4) to SocialPlatform (com.oculus.socialplatform)
01-09 19:02:41.352  1770 10730 I chatty  : uid=10025(com.oculus.systemdriver) OVR::TimeWarp expire 5 lines
01-09 19:02:41.356  2925  2999 I GuardianSystem: runtimeServiceSDKClient_.ForceShowGuardianEvent
01-09 19:02:41.356  2925  2999 I GuardianSystem: ForceShowGuardian: false, 0.00
01-09 19:02:41.359 10519 10544 I OVRPlugin: HandleVrapiEvents: Unknown Event.
01-09 19:02:41.359 10519 10544 I OVRPlugin: HandleVrapiEvents: Unknown Event.
01-09 19:02:41.367 10519 10834 D UE4     : [2023.01.09-19.02.41:367][  1]LogHMD: Error: FOculusHMDModule::GetPluginWrapper().BeginFrame4 0 failed (-1003)
01-09 19:02:41.368 10519 10544 D UE4     : [2023.01.09-19.02.41:368][  1]LogSlate: Took 0.000273 seconds to synchronously load lazily loaded font '../../../Engine/Content/Slate/Fonts/Roboto-Regular.ttf' (155K)
01-09 19:02:41.368   724   957 D msm8974_platform: platform_split_snd_device: snd_device(2) num devices(1) new_snd_devices(0)
01-09 19:02:41.368   724   957 D ACDB-LOADER: ACDB -> send_audvoltable
01-09 19:02:41.368   724   957 D ACDB-LOADER: ACDB -> ACDB_CMD_GET_AUDPROC_INSTANCE_GAIN_DEP_STEP_TABLE_SIZE
01-09 19:02:41.368   724   957 D         : Failed to fetch the lookup information of the device 0000000F 
01-09 19:02:41.368   724   957 D ACDB-LOADER: Error: ACDB_CMD_GET_AUDPROC_INSTANCE_GAIN_DEP_STEP_TABLE_SIZE Returned = -19
01-09 19:02:41.368   724   957 D ACDB-LOADER: ACDB -> ACDB_CMD_GET_AUDPROC_INSTANCE_GAIN_DEP_STEP_TABLE, vol index 1
01-09 19:02:41.368   724   957 D         : Failed to fetch the lookup information of the device 0000000F 
01-09 19:02:41.368   724   957 D ACDB-LOADER: Error: ACDB AudProc vol returned = -19
01-09 19:02:41.368   724   957 D ACDB-LOADER: ACDB -> AUDIO_SET_VOL_CAL cal type = 40
01-09 19:02:41.369  2925  2999 I StateMachine: StateMachine::Update ForceShow: stopForceShow -> ForceShowOff
01-09 19:02:41.373   724   957 D msm8974_platform: platform_split_snd_device: snd_device(2) num devices(1) new_snd_devices(0)
01-09 19:02:41.373   724   957 D ACDB-LOADER: ACDB -> send_audvoltable
01-09 19:02:41.373   724   957 D ACDB-LOADER: ACDB -> ACDB_CMD_GET_AUDPROC_INSTANCE_GAIN_DEP_STEP_TABLE_SIZE
01-09 19:02:41.373   724   957 D         : Failed to fetch the lookup information of the device 0000000F 
01-09 19:02:41.373   724   957 D ACDB-LOADER: Error: ACDB_CMD_GET_AUDPROC_INSTANCE_GAIN_DEP_STEP_TABLE_SIZE Returned = -19
01-09 19:02:41.373   724   957 D ACDB-LOADER: ACDB -> ACDB_CMD_GET_AUDPROC_INSTANCE_GAIN_DEP_STEP_TABLE, vol index 7
01-09 19:02:41.373   724   957 D         : Failed to fetch the lookup information of the device 0000000F 
01-09 19:02:41.373   724   957 D ACDB-LOADER: Error: ACDB AudProc vol returned = -19
01-09 19:02:41.373   724   957 D ACDB-LOADER: ACDB -> AUDIO_SET_VOL_CAL cal type = 40
01-09 19:02:41.373 10519 10544 D UE4     : [2023.01.09-19.02.41:373][  2]LogSlate: Took 0.000230 seconds to synchronously load lazily loaded font '../../../Engine/Content/EngineFonts/Faces/RobotoBold.ufont' (160K)
01-09 19:02:41.376  1961  2054 E OVRMediaServiceManager: LivestreamingManager Not initialized
01-09 19:02:41.452 10519 10834 D UE4     : [2023.01.09-19.02.41:452][  3]LogProfilingDebugging: Allocated a 1024 x 1024 texture for HMD canvas layer
01-09 19:02:41.473 10519 10834 D UE4     : [2023.01.09-19.02.41:473][  4]LogHMD: Error: FOculusHMDModule::GetPluginWrapper().BeginFrame4 1 failed (-1003)
01-09 19:02:41.477   683   921 I netd    : firewallSetUidRule(2, 10080, 1) <0.01ms>
01-09 19:02:41.490  1770 10586 I chatty  : uid=10025(com.oculus.systemdriver) com.oculus.vrruntimeservice expire 3 lines
01-09 19:02:41.494 10519 10834 I SwapChain_Vulkan: Imported texture has requirements 3, ends up index 0
01-09 19:02:41.495 10519 10834 I chatty  : uid=10161(com.YourCompany.PrototypeV4) identical 23 lines
01-09 19:02:41.496  2780  2780 D IdentityManagementJobService: onStartJob - starting async IMS jobs
01-09 19:02:41.497  2780  2813 D IdentityManagementAsyncTask: doInBackground - working on IMS async tasks
01-09 19:02:41.502   683   921 I netd    : firewallSetUidRule(2, 10080, 2) <0.02ms>
01-09 19:02:41.529   683   921 I netd    : firewallSetUidRule(2, 10080, 1) <0.01ms>
01-09 19:02:41.533  1053  6314 D ConnectivityService: requestNetwork for uid/pid:10080/2780 NetworkRequest [ TRACK_DEFAULT id=27, [ Capabilities: INTERNET&NOT_RESTRICTED&TRUSTED Uid: 10080] ]
01-09 19:02:41.533  1053  1164 D UntrustedWifiNetworkFactory: got request NetworkRequest [ TRACK_DEFAULT id=27, [ Capabilities: INTERNET&NOT_RESTRICTED&TRUSTED Uid: 10080] ] with score 60 and serial -1
01-09 19:02:41.534  1053  1227 D WIFI_AWARE_FACTORY: got request NetworkRequest [ TRACK_DEFAULT id=27, [ Capabilities: INTERNET&NOT_RESTRICTED&TRUSTED Uid: 10080] ] with score 60 and serial -1
01-09 19:02:41.534  1053  1228 D Ethernet: got request NetworkRequest [ TRACK_DEFAULT id=27, [ Capabilities: INTERNET&NOT_RESTRICTED&TRUSTED Uid: 10080] ] with score 60 and serial -1
01-09 19:02:41.534  1053  1164 D WifiNetworkFactory: got request NetworkRequest [ TRACK_DEFAULT id=27, [ Capabilities: INTERNET&NOT_RESTRICTED&TRUSTED Uid: 10080] ] with score 60 and serial -1
01-09 19:02:41.549   834  1454 D TrackingService: haptic socket already exists
01-09 19:02:41.549   834  1454 D TrackingService: getSocket: com.YourCompany.PrototypeV4
01-09 19:02:41.549 10519 10838 I chatty  : uid=10161(com.YourCompany.PrototypeV4) expire 1 line
01-09 19:02:41.558  1770 10730 I chatty  : uid=10025(com.oculus.systemdriver) OVR::TimeWarp expire 4 lines
01-09 19:02:41.569  1770  2850 I chatty  : uid=10025(com.oculus.systemdriver) ClientRequest expire 3 lines
01-09 19:02:41.570  2780  3005 D AccessTokenWorker: doWork fetch accesstoken
01-09 19:02:41.572  2780  3005 D WorkerLoggerHelper: log success for access_token_worker
01-09 19:02:41.573  1770 10730 I chatty  : uid=10025(com.oculus.systemdriver) OVR::TimeWarp expire 1 line
01-09 19:02:41.577  2780  2859 D AccessTokenWorker: doWork fetch accesstoken
01-09 19:02:41.579  2925  2999 I GuardianSystem: runtimeServiceSDKClient_.ForceShowGuardianEvent
01-09 19:02:41.579  2925  2999 I GuardianSystem: ForceShowGuardian: false, 0.00
01-09 19:02:41.580  2780  2859 D WorkerLoggerHelper: log success for access_token_worker
01-09 19:02:41.581  2780  2857 I WM-WorkerWrapper: Worker result SUCCESS for Work [ id=457af82f-7b2a-4ab0-8d2a-e4dd22fae147, tags={ com.oculus.identitymanagement.service.workers.AccessTokenWorker } ]
01-09 19:02:41.584  2780  2857 I WM-WorkerWrapper: Setting status to enqueued for dc3a62f3-8cac-44e7-851c-f607946d0418
01-09 19:02:41.589   683   921 I netd    : firewallSetUidRule(2, 10080, 2) <0.02ms>
01-09 19:02:41.591  1053  1169 D ConnectivityService: Blocked status changed to true for 10080(27) on netId 100
01-09 19:02:41.596   683   921 I netd    : firewallSetUidRule(2, 10080, 1) <0.02ms>
01-09 19:02:41.597  1053  1169 D ConnectivityService: Blocked status changed to false for 10080(27) on netId 100
01-09 19:02:41.601   683   921 I netd    : firewallSetUidRule(2, 10080, 2) <0.02ms>
01-09 19:02:41.602  1053  1169 D ConnectivityService: Blocked status changed to true for 10080(27) on netId 100
01-09 19:02:41.618  2780  2857 I WM-WorkerWrapper: Worker result SUCCESS for Work [ id=d0a49272-207b-4c87-a4a8-38497df78559, tags={ com.oculus.identitymanagement.service.workers.AccessTokenWorker } ]
01-09 19:02:41.620  2780  2857 I WM-WorkerWrapper: Setting status to enqueued for 7323dffa-d408-4b86-a62a-cc9e13921f5d
01-09 19:02:41.638  1053  1169 D ConnectivityService: releasing NetworkRequest [ TRACK_DEFAULT id=27, [ Capabilities: INTERNET&NOT_RESTRICTED&TRUSTED Uid: 10080] ] (release request)
01-09 19:02:41.664  2780  3275 D MVanScreenTimeUploadWorker: doWork MVanScreenTimeUploadWorker
01-09 19:02:41.687  2780  3275 W OVRLibrary: null cursor received for query content://com.oculus.ocms.library/apps/com.oculus.shellenv
01-09 19:02:41.687  2780  3275 D MVanScreenTimeUploadWorker: Creating screen time mutation for com.oculus.shellenv startime = 1673290050 endTime = 1673290124 duration = 74
01-09 19:02:41.691  2780  3275 D MVanScreenTimeUploadWorker: Creating screen time mutation for com.oculus.shellenv startime = 1673290293 endTime = 1673290352 duration = 59
01-09 19:02:41.701  1053  6314 D WificondControl: Scan result ready event
01-09 19:02:41.714  2780  3275 D MVanScreenTimeUploadWorker: Creating screen time mutation for com.oculus.explore startime = 1673290041 endTime = 1673290050 duration = 9
01-09 19:02:41.738  2780  3275 W OVRLibrary: null cursor received for query content://com.oculus.ocms.library/apps/com.YourCompany.PrototypeV4
01-09 19:02:41.738  2780  3275 D MVanScreenTimeUploadWorker: Creating screen time mutation for com.YourCompany.PrototypeV4 startime = 1673290226 endTime = 1673290227 duration = 1
01-09 19:02:41.741  2780  3275 D MVanScreenTimeUploadWorker: Creating screen time mutation for com.YourCompany.PrototypeV4 startime = 1673290228 endTime = 1673290293 duration = 65
01-09 19:02:41.744  2780  3275 D MVanScreenTimeUploadWorker: Creating screen time mutation for com.YourCompany.PrototypeV4 startime = 1673290958 endTime = 1673290959 duration = 1
01-09 19:02:41.747  2780  3275 D MVanScreenTimeUploadWorker: Creating screen time mutation for com.YourCompany.PrototypeV4 startime = 1673290960 endTime = 1673290961 duration = 1
01-09 19:02:41.766  2780  3275 W OVRLibrary: null cursor received for query content://com.oculus.ocms.library/apps/com.oculus.os.clearactivity
01-09 19:02:41.766  2780  3275 D MVanScreenTimeUploadWorker: Creating screen time mutation for com.oculus.os.clearactivity startime = 1673290227 endTime = 1673290228 duration = 1
01-09 19:02:41.769  2780  3275 D MVanScreenTimeUploadWorker: Creating screen time mutation for com.oculus.os.clearactivity startime = 1673290959 endTime = 1673290960 duration = 1
01-09 19:02:41.788  2780  3275 W OVRLibrary: null cursor received for query content://com.oculus.ocms.library/apps/com.oculus.xrstreamingclient
01-09 19:02:41.788  2780  3275 D MVanScreenTimeUploadWorker: Creating screen time mutation for com.oculus.xrstreamingclient startime = 1673290041 endTime = 1673290050 duration = 9
01-09 19:02:41.811  2780  3275 W OVRLibrary: null cursor received for query content://com.oculus.ocms.library/apps/com.oculus.systemux
01-09 19:02:41.811  2780  3275 D MVanScreenTimeUploadWorker: updating latest sync time to 1673290961
01-09 19:02:41.830  2780  3275 D WorkerLoggerHelper: log success for mvan_screen_time_upload_worker
01-09 19:02:41.841  2780  2856 I WM-WorkerWrapper: Worker result SUCCESS for Work [ id=7323dffa-d408-4b86-a62a-cc9e13921f5d, tags={ com.oculus.identitymanagement.service.workers.MVanScreenTimeUploadWorker } ]
01-09 19:02:41.875 10519 10544 I chatty  : uid=10161(com.YourCompany.PrototypeV4) expire 48 lines
01-09 19:02:41.892  1554 10836 W ContextImpl: Calling a method in the system process without a qualified user: android.app.ContextImpl.sendBroadcast:1057 android.content.ContextWrapper.sendBroadcast:448 X.np.A00:133 X.no.A00:17 X.no.handleMessage:80 
01-09 19:02:42.021 10519 10546 I chatty  : uid=10161(com.YourCompany.PrototypeV4) expire 9 lines
01-09 19:02:42.076  2780 10844 D MVanScreenTimeUploadWorker: uploaded 74 seconds screentime for com.oculus.shellenv
01-09 19:02:42.076  2780 10845 D MVanScreenTimeUploadWorker: uploaded 59 seconds screentime for com.oculus.shellenv
01-09 19:02:42.083  2780 10851 D MVanScreenTimeUploadWorker: uploaded 1 seconds screentime for com.YourCompany.PrototypeV4
01-09 19:02:42.093  2780 10842 D UserIdentityContextWorker: UserAccountQueryResponse onSuccess
01-09 19:02:42.093  2780 10852 D MVanScreenTimeUploadWorker: uploaded 1 seconds screentime for com.YourCompany.PrototypeV4
01-09 19:02:42.095  2780 10842 D UserIdentityContextWorker: Update user database entities complete
01-09 19:02:42.095  2780 10842 D WorkerLoggerHelper: log success for user_identity_context_worker
01-09 19:02:42.097  2780  2857 I WM-WorkerWrapper: Worker result SUCCESS for Work [ id=dc3a62f3-8cac-44e7-851c-f607946d0418, tags={ com.oculus.identitymanagement.service.workers.UserIdentityContextWorker } ]
01-09 19:02:42.098  2780  2857 I WM-WorkerWrapper: Setting status to enqueued for 4160b15f-4e9d-486a-a398-26ce2713e0b5
01-09 19:02:42.116  2780 10849 D MVanScreenTimeUploadWorker: uploaded 1 seconds screentime for com.YourCompany.PrototypeV4
01-09 19:02:42.126  2780 10854 D MVanScreenTimeUploadWorker: uploaded 1 seconds screentime for com.oculus.os.clearactivity
01-09 19:02:42.139  2780 10857 D MVanScreenTimeUploadWorker: uploaded 9 seconds screentime for com.oculus.xrstreamingclient
01-09 19:02:42.151  2925  2925 W guardianservice: type=1400 audit(0.0:5303): avc: denied " {" read" } for " name="u:object_r:vendor_board_init_prop:s0" dev="tmpfs" ino=15981 scontext=u:r:priv_app:s0:c512,c768 tcontext=u:object_r:vendor_board_init_prop:s0 tclass=file permissive=0
01-09 19:02:42.155  2925  2986 E libc    : Access denied finding property "ro.vendor.product.model_extended"
01-09 19:02:42.176  2780 10853 D MVanScreenTimeUploadWorker: uploaded 1 seconds screentime for com.oculus.os.clearactivity
01-09 19:02:42.195  2780 10850 D MVanScreenTimeUploadWorker: uploaded 65 seconds screentime for com.YourCompany.PrototypeV4
01-09 19:02:42.313  2780 10848 D MVanScreenTimeUploadWorker: uploaded 9 seconds screentime for com.oculus.explore
01-09 19:02:42.358  2780 10898 D CapabilitiesQueryWorker: CapabilitiesQueryResponse onSuccess
01-09 19:02:42.378  2780 10898 D WorkerLoggerHelper: log success for capability_query_worker
01-09 19:02:42.380  2780  2822 I WM-WorkerWrapper: Worker result SUCCESS for Work [ id=4160b15f-4e9d-486a-a398-26ce2713e0b5, tags={ com.oculus.identitymanagement.service.workers.CapabilitiesQueryWorker } ]
01-09 19:02:42.382  2780  2822 I WM-WorkerWrapper: Setting status to enqueued for be78b233-d99f-4611-bcac-f026ffb39d49
01-09 19:02:42.558  1053  1080 W Searchables: No global search activity found
01-09 19:02:42.558  1053  1053 I RoleManagerService: Granting default permissions...
01-09 19:02:42.559  1274  1274 V AvrcpMediaPlayerList: mPackageChangedBroadcastReceiver: action: android.intent.action.PACKAGE_CHANGED
01-09 19:02:42.559  1274  1274 D AvrcpMediaPlayerList: Name of package changed: com.oculus.identitymanagement.service
01-09 19:02:42.560  1053  1153 I InputReader: Reconfiguring input devices.  changes=0x00000010
01-09 19:02:42.560  1053  1080 W VoiceInteractionManagerService: no available voice interaction services found for user 0
01-09 19:02:42.576  2527 10904 W ExclusiveDefaultHolderMixin: Cannot get ApplicationInfo for default holder, config: config_defaultSms, package: com.android.messaging
01-09 19:02:42.676  2780 10901 D UserAccountCapabilitiesQueryWorker: UserAccountCapabilitesQueryResponse onSuccess
01-09 19:02:42.676  2780 10901 D WorkerLoggerHelper: log success for user_account_capability_query_worker
01-09 19:02:42.687  2780  2840 I WM-WorkerWrapper: Worker result SUCCESS for Work [ id=be78b233-d99f-4611-bcac-f026ffb39d49, tags={ com.oculus.identitymanagement.service.workers.UserAccountCapabilitiesQueryWorker } ]
01-09 19:02:42.690  2780  2840 I WM-WorkerWrapper: Setting status to enqueued for d6638172-5636-4328-9001-0ab741fc26db
01-09 19:02:42.819  1053  1080 I RoleUserState: Wrote roles.xml successfully
01-09 19:02:42.900   736   912 I SyncBossHAL: [info   ] syncboss_hal_impl_input.c(1060): Pulsar connected devices state change: 22
01-09 19:02:42.902   575   599 I SyncBossFW: 8894385 [info   ] {WIHO}: Pulsar device connected 86557c336c360320 (type: 9001401, connection id: 0x16)
01-09 19:02:42.965  2780 10905 D UserAccountCapabilitiesQueryWorker: UserAccountApplicationGroupingCapabilitesQueryResponse onSuccess
01-09 19:02:42.965  2780 10905 D WorkerLoggerHelper: log success for user_account_application_grouping_capabilities_query_worker
01-09 19:02:42.967  2780  2856 I WM-WorkerWrapper: Worker result SUCCESS for Work [ id=d6638172-5636-4328-9001-0ab741fc26db, tags={ com.oculus.identitymanagement.service.workers.UserAccountApplicationGroupingCapabilitiesQueryWorker } ]
01-09 19:02:42.968   736   928 I SyncBossHAL: [info   ] pulsar_manager.c(396): 86557c33xxxxxxxx: Configuring IR LED to ontime = 34, period = 40000, delay = -9
01-09 19:02:42.970  2780  2856 I WM-WorkerWrapper: Setting status to enqueued for 7e47afe6-e6ac-4862-a9a0-c7808a968e57
01-09 19:02:42.974   736   928 I SyncBossHAL: [info   ] pulsar_manager.c(343): Finished getting cache data for controller
01-09 19:02:42.974   736   928 I SyncBossHAL:     id            : 86557c33xxxxxxxx
01-09 19:02:42.974   736   928 I SyncBossHAL:     pulsar_type   : 0x09001401
01-09 19:02:42.974   736   928 I SyncBossHAL:     connection id : 0x16
01-09 19:02:42.974   736   928 I SyncBossHAL:     fw ver        : 1.9.0
01-09 19:02:42.974   736   928 I SyncBossHAL:     spl ver       : 1.5.1
01-09 19:02:42.974   736   928 I SyncBossHAL:     serial        : 1WMHCLE3D42127
01-09 19:02:42.974   736   928 I SyncBossHAL:     handedness    : left
01-09 19:02:42.974   736   928 I SyncBossHAL:     battery state : 90%
01-09 19:02:42.974   736   928 I SyncBossHAL: [info   ] pulsar_manager.c(360): Jedi-specific cache data:
01-09 19:02:42.974   736   928 I SyncBossHAL:     captouch ver  : 1.9.0
01-09 19:02:42.979   575   599 I SyncBossFW: 8894463 [info   ] {APPI}: Found 2 connected pulsar devices
01-09 19:02:42.979   736 10639 D SensorService: Syncboss input 729165a0fe4054d7 hardware type 4, subtype 2, revision 0x09
01-09 19:02:42.979   736 10639 I SensorService: preparePairedControllerInfo is adding device with valid 1
01-09 19:02:42.979   736 10639 D SensorService: Syncboss input 86557c336c360320 hardware type 4, subtype 1, revision 0x09
01-09 19:02:42.979   736 10639 I SensorService: preparePairedControllerInfo is adding device with valid 1
01-09 19:02:42.980   736 10639 D SensorService: stateChangeNotifierFunc(): Reporting controller info. Change token: 45, paired=2 connected=2
01-09 19:02:42.980  1575 10648 D OVRRemoteService: processStateChange([PairedControllerInfo JEDI 729165a0fe4054d7 connected mcnt=0])
01-09 19:02:42.980  1575 10648 D OVRRemoteService: processStateChange([PairedControllerInfo JEDI 86557c336c360320 connected mcnt=0])
01-09 19:02:42.980   736   975 D SensorService: ControllerProvider: Succesfully set tx power to -4, filter to -4
01-09 19:02:42.980   736   928 I SyncBossHAL: [info   ] pulsar_manager.c(866): Setting transmit power for all connected controllers to -4 dBm
01-09 19:02:42.987   736   975 D SensorService: Found paired controllers: 2
01-09 19:02:42.987   736   975 D SensorService: Syncboss input 729165a0fe4054d7 hardware type 4, subtype 2, revision 0x09
01-09 19:02:42.987   736   975 I SensorService: preparePairedControllerInfo is adding device with valid 1
01-09 19:02:42.987   736   975 D SensorService: Syncboss input 86557c336c360320 hardware type 4, subtype 1, revision 0x09
01-09 19:02:42.987   736   975 I SensorService: preparePairedControllerInfo is adding device with valid 1
01-09 19:02:42.988   834 10701 D TrackingService: Creating RemoteConstellationTrackedDevice
01-09 19:02:42.988   834 10701 I TrackingService: Registering primary controller 86557c336c360320 in slot 1
01-09 19:02:42.990   834 10701 D TrackingService: TrackingDataPostProcessor: Hand autotransition v2 GK enabled: 1
01-09 19:02:42.990   834 10701 D TrackingService: registerRemote: 86557c336c360320
01-09 19:02:42.992   736   928 I SyncBossHAL: [info   ] pulsar_manager.c(866): Setting filter transmit power for all connected controllers to -4 dBm
01-09 19:02:42.992  1053  1153 W EventHub: Unable to disable kernel key repeat for /dev/input/event4: Function not implemented
01-09 19:02:42.992  1053  1153 I EventHub: wakeMechanism=EPOLLWAKEUP, usingClockIoctl=true
01-09 19:02:42.992  1053  1153 I EventHub: New device: id=25, fd=244, path='/dev/input/event4', name='Device 0x86557C336C360320', classes=0x2001, configuration='/system/usr/idc/Vendor_2833_Product_0160.idc', keyLayout='/system/usr/keylayout/oculus-device.kl', keyCharacterMap='/system/usr/keychars/oculus-device.kcm', builtinKeyboard=false, 
01-09 19:02:42.993  1053  1153 I InputReader: Device added: id=25, name='Device 0x86557C336C360320', sources=0x65432102
01-09 19:02:42.995  1053  1152 W InputReader: Device has associated, but no associated display id.
01-09 19:02:43.003  1770  2850 I chatty  : uid=10025(com.oculus.systemdriver) ClientRequest expire 11 lines
01-09 19:02:43.004   834 10701 W TrackingService: Attempted to control leds, but gatekeeper is disabled. Skipping operation.
01-09 19:02:43.005 10519 10826 I chatty  : uid=10161(com.YourCompany.PrototypeV4) expire 14 lines
01-09 19:02:43.008  2925  3490 I InputDevice_TrackedRemote: REMOTE: Hand=1 IndexAnalog=0.00 GripAnalog=0.00 Buttons=0x00000000
01-09 19:02:43.014 10519 10823 I chatty  : uid=10161(com.YourCompany.PrototypeV4) expire 2 lines
01-09 19:02:43.028  2780 10913 E DeviceConfigTelemetryLogger: Can't find param: oculus_shared_social:oculus_social_parental_control
01-09 19:02:43.028  2780 10913 E DeviceConfigTelemetryLogger: Invalid input param: oculus_shared_social:oculus_social_parental_control
01-09 19:02:43.030  2780 10913 E AnalyticsEvent: could not set key=selection_args value=null
01-09 19:02:43.031  2780 10913 D CapabilitiesProvider: Capabilities Content Provider called content://com.oculus.identitymanagement.capabilities.contentprovider/account/activeuser/capabilities/com.oculus.capability.social.all, selection= null, selectionArgs=null, sortOrder= null
01-09 19:02:43.032  2780 10913 I SyncPreferencesStoreWorker: caching com.oculus.capability.social.all = true
01-09 19:02:43.036  2780 10913 E AnalyticsEvent: could not set key=selection_args value=null
01-09 19:02:43.036  2780 10913 D CapabilitiesProvider: Capabilities Content Provider called content://com.oculus.identitymanagement.capabilities.contentprovider/account/activeuser/capabilities/com.oculus.capability.system.sideloaded_app, selection= null, selectionArgs=null, sortOrder= null
01-09 19:02:43.037   736 10640 I SyncBossInput: [info   ] [jedi ( left) 86557c33xxxxxxxx]: 8455341 [info   ] {THDG}: active_seek -> inactive_seek
01-09 19:02:43.040  2780 10913 I SyncPreferencesStoreWorker: caching com.oculus.capability.system.sideloaded_app = true
01-09 19:02:43.042  2780 10913 E AnalyticsEvent: could not set key=selection_args value=null
01-09 19:02:43.042  2780 10913 D CapabilitiesProvider: Capabilities Content Provider called content://com.oculus.identitymanagement.capabilities.contentprovider/account/activeuser/capabilities/com.oculus.capability.system.oculus_link, selection= null, selectionArgs=null, sortOrder= null
01-09 19:02:43.044  2780 10913 I SyncPreferencesStoreWorker: caching com.oculus.capability.system.oculus_link = true
01-09 19:02:43.045  2780 10913 D WorkerLoggerHelper: log success for sync_preference_store_worker
01-09 19:02:43.049  2780  2856 I WM-WorkerWrapper: Worker result SUCCESS for Work [ id=7e47afe6-e6ac-4862-a9a0-c7808a968e57, tags={ com.oculus.identitymanagement.service.workers.SyncPreferencesStoreWorker } ]
01-09 19:02:43.054   834 10701 D TrackingService: [HANDTRACKING] Controller 86557c336c360320 in hand: Y, valid: Y
01-09 19:02:43.076   736 10640 I SyncBossInput: [info   ] [jedi ( left) 86557c33xxxxxxxx]: 8916413 [info   ] {APP }: Connected
01-09 19:02:43.123   736 10640 I SyncBossInput: [info   ] [jedi ( left) 86557c33xxxxxxxx]: 8916414 [info   ] {THDG}: inactive_seek -> active_connected
01-09 19:02:43.160  1053  1523 E TaskPersister: File error accessing recents directory (directory doesn't exist?).
01-09 19:02:43.345 10519 10914 I chatty  : uid=10161(com.YourCompany.PrototypeV4) expire 2 lines
01-09 19:02:43.379  1770  2846 I chatty  : uid=10025(com.oculus.systemdriver) OVR::Clocks expire 22 lines
01-09 19:02:43.382   736 10640 I SyncBossHAL: [info   ] syncboss_hal_input_controller.c(195): Controller 86557c33xxxxxxxx battery level changed: 0% -> 90%
01-09 19:02:43.387   736 10639 D SensorService: Syncboss input 729165a0fe4054d7 hardware type 4, subtype 2, revision 0x09
01-09 19:02:43.387   736 10639 I SensorService: preparePairedControllerInfo is adding device with valid 1
01-09 19:02:43.387   736 10639 D SensorService: Syncboss input 86557c336c360320 hardware type 4, subtype 1, revision 0x09
01-09 19:02:43.387   736 10639 I SensorService: preparePairedControllerInfo is adding device with valid 1
01-09 19:02:43.387   736 10639 D SensorService: stateChangeNotifierFunc(): Reporting controller info. Change token: 46, paired=2 connected=2
01-09 19:02:43.387  1575 10648 D OVRRemoteService: processStateChange([PairedControllerInfo JEDI 729165a0fe4054d7 connected mcnt=0])
01-09 19:02:43.388  1575 10648 D OVRRemoteService: processStateChange([PairedControllerInfo JEDI 86557c336c360320 connected mcnt=0])
01-09 19:02:43.411  1585  1585 D ControllerNotifications: Enabling notifications
01-09 19:02:43.411  1585  1585 I ControllerNotifications: Updating input notifications based on state ConnectedBatteryNormal
01-09 19:02:43.564   736 10640 I SyncBossInput: [info   ] [jedi ( left) 86557c33xxxxxxxx]: 8917030 [info   ] {HPTH}: Set haptics frequency to 0x2120
01-09 19:02:43.875  3500  3630 I OVR     : OVRPlatform saving push token credentials for signed in user
01-09 19:02:43.927  3500  3630 I OVRPlatform: [FBNSHandler] Push token received
01-09 19:02:43.948  3500  3630 I chatty  : uid=10014(com.oculus.shellenv) ovr_Platform identical 6 lines
01-09 19:02:43.981  3500  3630 I OVRPlatform: [FBNSHandler] Push token received
01-09 19:02:44.091  1053  1053 I RoleManagerService: Granting default permissions...
01-09 19:02:44.091  1274  1274 V AvrcpMediaPlayerList: mPackageChangedBroadcastReceiver: action: android.intent.action.PACKAGE_CHANGED
01-09 19:02:44.091  1274  1274 D AvrcpMediaPlayerList: Name of package changed: com.oculus.identitymanagement.service
01-09 19:02:44.092  1053  1153 I InputReader: Reconfiguring input devices.  changes=0x00000010
01-09 19:02:44.094  1053  1080 W Searchables: No global search activity found
01-09 19:02:44.094  2527 10904 W ExclusiveDefaultHolderMixin: Cannot get ApplicationInfo for default holder, config: config_defaultSms, package: com.android.messaging
01-09 19:02:44.095  1053  1080 W VoiceInteractionManagerService: no available voice interaction services found for user 0
01-09 19:02:44.344  1053  1080 I RoleUserState: Wrote roles.xml successfully
01-09 19:02:44.769  2457  3392 E LoggingErrorHandler: Retrofit error, url: [https://graph.oculus.com/graphql?doc=query+GetCurrentPartyQuery+%7B++viewer+%7B++++user+%7B++++++current_party+%7B++++++++id%2C++++++++anchored_home_instance+%7B++++++++++id++++++++%7D%2C++++++++only_quest_users%2C++++++++join_policy%2C++++++++party_type%2C++++++++has_active_link_sharing%2C++++++++max_size%2C++++++++party_leader+%7Bid%2Cname%2Calias%2Cpresence%2Cpresence_status%2Cfollow_status%2Cprofile_status%2Cprofile_photo%28size%3A+%22240x240%22%29+%7B++name%2C++uri%2C++width%2C++height%2C%7D%2Cfriend_status%2Cis_blocked_by_viewer%2Ccan_viewer_message%2Ccurrent_party+%7B++id%2C++join_policy%2C++max_size%2C++party_users+%7B++++count%2C++%7D%2C%7D%2Cis_presence_deeplink_joinable%2Cmost_recent_presence+%7B++last_active_description%2C++destination_api_name%2C++scoped_user_id%2C++deeplink_message_for_deeplink_target%2C++launch_params_as_json_string%2C++vr_apps_for_deeplink_target+%7B++++id%2C+++++vr_platform%2C++++package_name%2C+%7D%2C%7D%2C++++++++%7D%2C++++++++invited_users+%7B++++++++++count%2C++++++++++edges+%7B++++++++++++sender%2C++++++++++++node+%7Bid%2Cname%2Calias%2Cpresence%2Cpresence_status%2Cfollow_status%2Cprofile_status%2Cprofile_photo%28size%3A+%22240x240%22%29+%7B++name%2C++uri%2C++width%2C++height%2C%7D%2Cfriend_status%2Cis_blocked_by_viewer%2Ccan_viewer_message%2Ccurrent_party+%7B++id%2C++join_policy%2C++max_size%2C++party_users+%7B++++count%2C++%7D%2C%7D%2Cis_presence_deeplink_joinable%2Cmost_recent_presence+%7B++last_active_description%2C++destination_api_name%2C++scoped_user_id%2C++deeplink_message_for_deeplink_target%2C++launch_params_as_json_string%2C++vr_apps_for_deeplink_target+%7B++++id%2C+++++vr_platform%2C++++package_name%2C+%7D%2C%7D%2C++++++++++++%7D%2C++++++++++%7D%2C++++++++%7D%2C++++++++party_users+%7B++++++++++count%2C++++++++++edges+%7B++++++++++++microphone_channel_selection%2C++++++++++++node+%7Bid%2Cname%2Calias%2Cpresence%2Cpresence_status%2Cfollow_status%2Cprofile_status%2Cprofile_photo%28size%3A+%22240x240%22%29+%7B++name%2C++uri%2C++width%2C++height%2C%7D%2Cfriend_status%2Cis_blocked_by_viewer%2Ccan_viewer_message%2Ccurrent_party+%7B++id%2C++join_policy%2C++max_size%2C++party_users+%7B++++count%2C++%7D%2C%7D%2Cis_presence_deeplink_joinable%2Cmost_recent_presence+%7B++last_active_description%2C++destination_api_name%2C++scoped_user_id%2C++deeplink_message_for_deeplink_target%2C++launch_params_as_json_string%2C++vr_apps_for_deeplink_target+%7B++++id%2C+++++vr_platform%2C++++package_name%2C+%7D%2C%7D%2C++++++++++++%7D%2C++++++++++%7D++++++++%7D%2C++++++++party_blocked_users+%7B++++++++++nodes+%7B++++++++++++id%2C++++++++++++alias%2C++++++++++%7D%2C++++++++%7D%2C++++++++party_blocked_invited_users+%7B++++++++++nodes+%7B++++++++++++id%2C++++++++++++alias%2C++++++++++%7D%2C++++++++%7D%2C++++++++party_invite_activity+%7B++++++++++id%2C++++++++++does_activity_support_group_launch%2C++++++++++application+%7B++++++++++++id%2C++++++++++++display_name%2C++++++++++++package_name%2C++++++++++++max_group_launch_capacity%2C++++++++++++icon_image+%7B++++++++++++++uri%2C++++++++++++%7D%2C++++++++++%7D%2C++++++++++deeplink%2C++++++++++title%2C++++++++%7D%2C++++++++party_group_launch+%7B++++++++++id%2C++++++++++state%2C++++++++++only_quest_users%2C++++++++++creator+%7B++++++++++++id%2C++++++++++%7D++++++++++vr_deeplink_target+%7B++++++++++++vr_apps_for_deeplink_target+%7B++++++++++++++vr_icon_image+%7B++++++++++++++++uri%2C++++++++++++++%7D%2C++++++++++++++id%2C++++++++++++++display_name%2C++++++++++++++is_viewer_entitled%2C++++++++++++%7D%2C++++++++++++deeplink_message_for_deeplink_target%2C++++++++++++...+on+VRDeeplinkTargetWithDefaultWebLink+%7B++++++++++++++description_for_deeplink_target_website%2C++++++++++++++name_for_deeplink_target_website%2C++++++++++++++id%2C++++++++++++++icon_image_for_deeplink_target_website+%7B++++++++++++++++uri%2C++++++++++++++%7D%2C++++++++++++%7D%2C++++++++++++...+on+VRPresenceStatusDefinition+%7B++++++++++++++is_external_deeplinkable%2C++++++++++++++max_group_launch_capacity%2C++++++++++++%7D%
01-09 19:02:44.774  2457  3392 E RetryWrapper: Got error, retrying (retry 1 of 5) after sleeping for 500 ms.
01-09 19:02:44.774  2457  3392 E RetryWrapper: retrofit.RetrofitError: failed to connect to graph.oculus.com/157.240.225.54 (port 443) from /10.85.132.28 (port 57802) after 15000ms
01-09 19:02:44.774  2457  3392 E RetryWrapper: 	at retrofit.RestAdapter$RestHandler.invokeRequest(:337)
01-09 19:02:44.774  2457  3392 E RetryWrapper: 	at retrofit.RestAdapter$RestHandler.invoke(:29)
01-09 19:02:44.774  2457  3392 E RetryWrapper: 	at java.lang.reflect.Proxy.invoke(Proxy.java:1006)
01-09 19:02:44.774  2457  3392 E RetryWrapper: 	at $Proxy0.getPartyInfoSync(Unknown Source)
01-09 19:02:44.774  2457  3392 E RetryWrapper: 	at com.oculus.horizon.social.SocialMethods.fetchPartyInfo(:4)
01-09 19:02:44.774  2457  3392 E RetryWrapper: 	at com.oculus.socialplatform.partyservice.graphql.PartyServiceGraphQLManager$2.execute(:10)
01-09 19:02:44.774  2457  3392 E RetryWrapper: 	at com.oculus.socialplatform.partyservice.graphql.PartyServiceGraphQLManager$2.execute(:268435456)
01-09 19:02:44.774  2457  3392 E RetryWrapper: 	at com.oculus.horizon.social.RetryWrapper.executeWithRetries(:7)
01-09 19:02:44.774  2457  3392 E RetryWrapper: 	at com.oculus.socialplatform.partyservice.graphql.PartyServiceGraphQLManager.fetchPartyInfoFromServerWithRetries(:268435461)
01-09 19:02:44.774  2457  3392 E RetryWrapper: 	at com.oculus.socialplatform.partyservice.graphql.PartyServiceGraphQLManager.fetchPartyData(:39)
01-09 19:02:44.774  2457  3392 E RetryWrapper: 	at com.oculus.socialplatform.partyservice.graphql.PartyServiceGraphQLManager.lambda$0ESYP4IF0p_MezJBxfTrqhjRqDg(Unknown Source:0)
01-09 19:02:44.774  2457  3392 E RetryWrapper: 	at com.oculus.socialplatform.partyservice.graphql.-$$Lambda$PartyServiceGraphQLManager$0ESYP4IF0p_MezJBxfTrqhjRqDg.run(Unknown Source:2)
01-09 19:02:44.774  2457  3392 E RetryWrapper: 	at java.util.concurrent.Executors$RunnableAdapter.call(Executors.java:462)
01-09 19:02:44.774  2457  3392 E RetryWrapper: 	at java.util.concurrent.FutureTask.run(FutureTask.java:266)
01-09 19:02:44.774  2457  3392 E RetryWrapper: 	at java.util.concurrent.ScheduledThreadPoolExecutor$ScheduledFutureTask.run(ScheduledThreadPoolExecutor.java:301)
01-09 19:02:44.774  2457  3392 E RetryWrapper: 	at java.util.concurrent.ThreadPoolExecutor.runWorker(ThreadPoolExecutor.java:1167)
01-09 19:02:44.774  2457  3392 E RetryWrapper: 	at java.util.concurrent.ThreadPoolExecutor$Worker.run(ThreadPoolExecutor.java:641)
01-09 19:02:44.774  2457  3392 E RetryWrapper: 	at java.lang.Thread.run(Thread.java:919)
01-09 19:02:44.774  2457  3392 E RetryWrapper: Caused by: java.net.SocketTimeoutException: failed to connect to graph.oculus.com/157.240.225.54 (port 443) from /10.85.132.28 (port 57802) after 15000ms
01-09 19:02:44.774  2457  3392 E RetryWrapper: 	at libcore.io.IoBridge.connectErrno(IoBridge.java:191)
01-09 19:02:44.774  2457  3392 E RetryWrapper: 	at libcore.io.IoBridge.connect(IoBridge.java:135)
01-09 19:02:44.774  2457  3392 E RetryWrapper: 	at java.net.PlainSocketImpl.socketConnect(PlainSocketImpl.java:142)
01-09 19:02:44.774  2457  3392 E RetryWrapper: 	at java.net.AbstractPlainSocketImpl.doConnect(AbstractPlainSocketImpl.java:390)
01-09 19:02:44.774  2457  3392 E RetryWrapper: 	at java.net.AbstractPlainSocketImpl.connectToAddress(AbstractPlainSocketImpl.java:230)
01-09 19:02:44.774  2457  3392 E RetryWrapper: 	at java.net.AbstractPlainSocketImpl.connect(AbstractPlainSocketImpl.java:212)
01-09 19:02:44.774  2457  3392 E RetryWrapper: 	at java.net.SocksSocketImpl.connect(SocksSocketImpl.java:436)
01-09 19:02:44.774  2457  3392 E RetryWrapper: 	at java.net.Socket.connect(Socket.java:621)
01-09 19:02:44.774  2457  3392 E RetryWrapper: 	at okhttp3.internal.platform.AndroidPlatform.connectSocket(:0)
01-09 19:02:44.774  2457  3392 E RetryWrapper: 	at okhttp3.internal.connection.RealConnection.connectSocket(:48)
01-09 19:02:44.774  2457  3392 E RetryWrapper: 	at okhttp3.internal.connection.RealConnection.connect(:92)
01-09 19:02:44.774  2457  3392 E RetryWrapper: 	at okhttp3.internal.connection.StreamAllocation.findConnection(:72)
01-09 19:02:44.774  2457  3392 E RetryWrapper: 	at okhttp3.internal.connection.StreamAllocation.findHealthyConnection(:0)
01-09 19:02:44.774  2457  3392 E RetryWrapper: 	at okhttp3.internal.connection.StreamAllocation.newStream(:10)
01-09 19:02:44.774  2457  3392 E RetryWrapper: 	at okhttp3.internal.connection.ConnectInterceptor.intercept(:20)
01-09 19:02:44.774  2457  3392 E RetryWrapper: 	at okhttp3.internal.http.RealInterceptorChain.proceed(:268435573)
01-09 19:02:44.774  2457  3392 E RetryWrapper: 	at okhttp3.internal.http.RealInterceptorChain.proceed(:6)
01-09 19:02:44.774  2457  3392 E RetryWrapper: 	at okhttp3.internal.cache.CacheInterceptor.intercept(:106)
01-09 19:02:44.774  2457  3392 E RetryWrapper: 	at okhttp3.internal.http.RealInterceptorChain.proceed(:268435573)
01-09 19:02:44.774  2457  3392 E RetryWrapper: 	at okhttp3.internal.http.RealInterceptorChain.proceed(:6)
01-09 19:02:44.774  2457  3392 E RetryWrapper: 	at okhttp3.internal.http.BridgeInterceptor.intercept(:145)
01-09 19:02:44.774  2457  3392 E RetryWrapper: 	at okhttp3.internal.http.RealInterceptorChain.proceed(:268435573)
01-09 19:02:44.774  2457  3392 E RetryWrapper: 	at okhttp3.internal.http.RetryAndFollowUpInterceptor.intercept(:36)
01-09 19:02:44.774  2457  3392 E RetryWrapper: 	at okhttp3.internal.http.RealInterceptorChain.proceed(:268435573)
01-09 19:02:44.774  2457  3392 E RetryWrapper: 	at okhttp3.internal.http.RealInterceptorChain.proceed(:6)
01-09 19:02:44.774  2457  3392 E RetryWrapper: 	at okhttp3.RealCall.getResponseWithInterceptorChain(:84)
01-09 19:02:44.774  2457  3392 E RetryWrapper: 	at okhttp3.RealCall.execute(:19)
01-09 19:02:44.774  2457  3392 E RetryWrapper: 	at X.2Gg.execute(:127)
01-09 19:02:44.774  2457  3392 E RetryWrapper: 	at retrofit.RestAdapter$RestHandler.invokeRequest(:115)
01-09 19:02:44.774  2457  3392 E RetryWrapper: 	... 17 more
01-09 19:02:44.887   831 10814 I [CT]    : MIXEDREALITY: StereoPipeline: StereoPipeline: pausing, active clients: 'NONE'.
01-09 19:02:44.887   831 10814 W [CT]    : BOLTDEPTH: BoltDepthSystem: onPause: The depth system had been paused already
01-09 19:02:47.182  1961  2679 E DeviceConfigVersionMapBuilder: Could not get version for com.oculus.vrdriver
01-09 19:02:47.183  1961  2679 E DeviceConfigVersionMapBuilder: Could not get version for com.oculus.reactvrdeviceconfigtest
01-09 19:02:47.186  1961  2679 E DeviceConfigVersionMapBuilder: Could not get version for com.oculus.calendar
01-09 19:02:47.189  1961  2679 E DeviceConfigVersionMapBuilder: Could not get version for com.oculus.realtimeinfra
01-09 19:02:47.189  1961  2679 E DeviceConfigVersionMapBuilder: Could not get version for com.readyatdawn.r15
01-09 19:02:47.192  1961  2679 E DeviceConfigVersionMapBuilder: Could not get version for com.oculus.accountscenter
01-09 19:02:47.193  1961  2679 E DeviceConfigVersionMapBuilder: Could not get version for com.meta.ar.felios.playground
01-09 19:02:47.193  1961  2679 E DeviceConfigVersionMapBuilder: Could not get version for com.facebook.felios.augworld
01-09 19:02:47.193  1961  2679 E DeviceConfigVersionMapBuilder: Could not get version for com.meta.ar.arplayground
01-09 19:02:47.193  1961  2679 E DeviceConfigVersionMapBuilder: Could not get version for com.meta.ar.Gallery
