--------- beginning of system
01-02 17:22:47.660  1022  1816 I ActivityTaskManager: START u0 {flg=0x10000000 cmp=com.YourCompany.PrototypeV4/com.epicgames.ue4.GameActivity} from uid 2000
01-02 17:22:47.694  1022  1045 D ActivityManager: Is background playback enabled for all apps: false
01-02 17:22:47.712  1022  1052 D ActivityManager: Is background playback enabled for all apps: false
01-02 17:22:47.712  1022  1052 I ActivityManager: Start proc 17613:com.YourCompany.PrototypeV4/u0a142 for activity {com.YourCompany.PrototypeV4/com.epicgames.ue4.GameActivity}
--------- beginning of tracking
01-02 17:22:47.721   748 13195 E SensorService: Failed to set simple multi haptics, ret: -1
01-02 17:22:47.807  1022  1051 W ActivityManager: Skipping broadcast of Intent { act=com.oculus.intent.action.PRIVACY_INDICATORS_UPDATE flg=0x10 pkg=com.oculus.systemux (has extras) }: user 10033 and its parent (if any) are stopped
01-02 17:22:48.313  1022  6288 E WindowManager: App trying to use insecure INPUT_FEATURE_NO_INPUT_CHANNEL flag. Ignoring
01-02 17:22:48.343   860  4170 W TrackingService: attachClient: found client in attached list
01-02 17:22:48.343   860  4170 D TrackingService: getSharedMemory: com.oculus.systemdriver#2453, Controller
01-02 17:22:48.343  1022  1840 W ActivityManager: Package for pid 843: no process record found
01-02 17:22:48.344   860  7412 W TrackingService: attachClient: found client in attached list
01-02 17:22:48.346   860  7412 D TrackingService: getSharedMemory: /system/bin/mrsystemservice, Controller
01-02 17:22:48.348   860  7412 W TrackingService: attachClient: found client in attached list
01-02 17:22:48.348   860  7412 D TrackingService: getSharedMemory: com.oculus.guardian#3167, Controller
01-02 17:22:48.706   748 17466 I FrameSetDispatcher: [HEADSET] Client thread stopping
01-02 17:22:48.706   748 13195 I FrameSetDispatcher: [HEADSET] Client thread joined
01-02 17:22:48.706   748 13195 I CameraClientManager: [HEADSET] Removed client (843) - started clients: 3
01-02 17:22:48.990   860  7412 W TrackingService: attachClient: found client in attached list
01-02 17:22:48.993   860  7412 D TrackingService: getSharedMemory: com.oculus.systemdriver, HeadTracker
01-02 17:22:49.006   860  7412 W TrackingService: attachClient: found client in attached list
01-02 17:22:49.008   860  7412 D TrackingService: getSharedMemory: com.oculus.guardian, HeadTracker
01-02 17:22:49.008   860  7412 W TrackingService: attachClient: found client in attached list
01-02 17:22:49.010   860  7412 D TrackingService: getSharedMemory: com.oculus.guardian, AnchorTracker
01-02 17:22:49.013   860  7412 W TrackingService: attachClient: found client in attached list
01-02 17:22:49.407  1022  1816 W ActivityManager: Permission Denial: Accessing service com.oculus.vrshell/.ShellOverlayService from pid=17613, uid=10142 requires com.oculus.vrshell.OVERLAY_HOST
01-02 17:22:49.549   860  7412 I chatty  : uid=1000(system) Binder:860_5 identical 15 lines
01-02 17:22:49.591   860  7412 W TrackingService: attachClient: found client in attached list
01-02 17:22:49.625   748  1253 I SyncBossHAL: [info   ] syncboss_hal_powerstate.c(50): Reporting powerstate event: PROX_ON
01-02 17:22:49.627   860  7412 D SensorClientUtils: Received transition request from STANDBY to RUNNING
01-02 17:22:49.627  1843  1886 D SensorClientUtils: Received transition request from STANDBY to RUNNING
01-02 17:22:49.627   843  8667 D SensorClientUtils: Received transition request from STANDBY to RUNNING
01-02 17:22:49.640   860  7412 W TrackingService: attachClient: found client in attached list
01-02 17:22:50.452   860  7412 I chatty  : uid=1000(system) Binder:860_5 identical 22 lines
01-02 17:22:50.492   860  7412 W TrackingService: attachClient: found client in attached list
01-02 17:22:50.493   860  7412 D TrackingService: getSharedMemory: com.oculus.mrservice#1936, HeadTracker
01-02 17:22:50.496   860  7412 W TrackingService: attachClient: found client in attached list
01-02 17:22:50.506   860  7412 D TrackingService: getSharedMemory: com.YourCompany.PrototypeV4#17613, HeadTracker
01-02 17:22:50.530   860  7412 D TrackingService: getSharedMemory: com.YourCompany.PrototypeV4, Controller
01-02 17:22:50.542   860  7412 W TrackingService: attachClient: found client in attached list
--------- beginning of main
01-02 17:22:50.638 17613 17643 D UE4     : [2023.01.02-17.22.50:638][  0]LogSlate: Updating window title bar state: overlay mode, drag disabled, window buttons hidden, title bar hidden
01-02 17:22:50.639  3167  3311 I GuardianSystem: runtimeServiceSDKClient_.ForceShowGuardianEvent
01-02 17:22:50.639  3167  3311 I GuardianSystem: ForceShowGuardian: false, 0.00
01-02 17:22:50.639 17613 17643 D UE4     : [2023.01.02-17.22.50:639][  0]LogInit: Display: Game Engine Initialized.
01-02 17:22:50.640 17613 17643 D UE4     : [2023.01.02-17.22.50:640][  0]LogInit: Display: Starting Game.
01-02 17:22:50.640 17613 17643 D UE4     : [2023.01.02-17.22.50:640][  0]LogNet: Browse: /Game/VRTemplate/Maps/VRTemplateMap?Name=Player
01-02 17:22:50.642   728   917 D msm8974_platform: platform_split_snd_device: snd_device(22) num devices(1) new_snd_devices(0)
01-02 17:22:50.642   728   917 D ACDB-LOADER: ACDB -> send_audvoltable
01-02 17:22:50.642   728   917 D ACDB-LOADER: ACDB -> ACDB_CMD_GET_AUDPROC_INSTANCE_GAIN_DEP_STEP_TABLE_SIZE
01-02 17:22:50.642   728   917 D         : Failed to fetch the lookup information of the device 0000000F 
01-02 17:22:50.642   728   917 D ACDB-LOADER: Error: ACDB_CMD_GET_AUDPROC_INSTANCE_GAIN_DEP_STEP_TABLE_SIZE Returned = -19
01-02 17:22:50.642   728   917 D ACDB-LOADER: ACDB -> ACDB_CMD_GET_AUDPROC_INSTANCE_GAIN_DEP_STEP_TABLE, vol index 8
01-02 17:22:50.642   728   917 D         : Failed to fetch the lookup information of the device 0000000F 
01-02 17:22:50.642   728   917 D ACDB-LOADER: Error: ACDB AudProc vol returned = -19
01-02 17:22:50.642   728   917 D ACDB-LOADER: ACDB -> AUDIO_SET_VOL_CAL cal type = 40
01-02 17:22:50.667 17613 17643 D UE4     : [2023.01.02-17.22.50:667][  0]LogHMD: FSplash::DoShow
01-02 17:22:50.667 17613 17643 D UE4     : [2023.01.02-17.22.50:667][  0]LogLoad: LoadMap: /Game/VRTemplate/Maps/VRTemplateMap?Name=Player
01-02 17:22:50.667 17613 17643 D UE4     : [2023.01.02-17.22.50:667][  0]LogWorld: BeginTearingDown for /Temp/Untitled_0
01-02 17:22:50.669 17613 17643 D UE4     : [2023.01.02-17.22.50:669][  0]LogWorld: UWorld::CleanupWorld for Untitled, bSessionEnded=true, bCleanupResources=true
01-02 17:22:50.669 17613 17643 D UE4     : [2023.01.02-17.22.50:669][  0]LogSlate: InvalidateAllWidgets triggered.  All widgets were invalidated
01-02 17:22:50.674 17613 17643 D UE4     : [2023.01.02-17.22.50:674][  0]LogAudio: Display: Audio Device unregistered from world 'None'.
01-02 17:22:50.676 17613 17643 D UE4     : [2023.01.02-17.22.50:676][  0]LogUObjectHash: Compacting FUObjectHashTables data took   0.80ms
01-02 17:22:50.767   860  7412 I chatty  : uid=1000(system) Binder:860_5 identical 6 lines
01-02 17:22:50.769 17613 17643 D UE4     : [2023.01.02-17.22.50:769][  0]LogAudio: Display: Audio Device (ID: 1) registered with world 'VRTemplateMap'.
01-02 17:22:50.770 17613 17643 D UE4     : [2023.01.02-17.22.50:770][  0]LogAIModule: Creating AISystem for world VRTemplateMap
01-02 17:22:50.771 17613 17643 D UE4     : [2023.01.02-17.22.50:771][  0]LogLoad: Game class is 'VRGameMode_C'
01-02 17:22:50.776 17613 17643 D UE4     : [2023.01.02-17.22.50:776][  0]LogWorld: Bringing World /Game/VRTemplate/Maps/VRTemplateMap.VRTemplateMap up for play (max tick rate 0) at 2023.01.02-17.22.50
01-02 17:22:50.776 17613 17643 D UE4     : [2023.01.02-17.22.50:776][  0]LogWorld: Bringing up level for play took: 0.004425
01-02 17:22:50.793 17613 17643 D OVRPlugin: ovrp_InitializeMixedReality(): call ovrp_Media_Initialize()
01-02 17:22:50.793 17613 17643 D OVRPlugin: ovrp_Media_Initialize: call ovrm_Initialize()
01-02 17:22:50.793 17613 17643 D OVRMrcLib: [MediaManager] Set JavaVM to 0xeb6562a0
01-02 17:22:50.794 17613 17643 I OVRMrcLib: GetExternalAppFilesPath() returns /storage/emulated/0/Android/data/com.YourCompany.PrototypeV4/files
01-02 17:22:50.794 17613 17643 D OVRMrcLib: MRC config file can't be opened: tried /storage/emulated/0/Android/data/com.YourCompany.PrototypeV4/files/mrc.xml
01-02 17:22:50.794 17613 17643 D OVRMrcLib: [MediaManager] InitConfiguration()
01-02 17:22:50.794 17613 17643 D OVRMrcLib: m_externalCameraCount 0, m_isDefaultExternalCameraAvailable 0
01-02 17:22:50.794 17613 17643 I OVRMrcLib: [MediaManager] MrcConfig: enabled 0 hq_mode 0, frame 2560 x 1080 image 1920 x 1080 tcp_port 28734 debugcamera 0 bitrate 8000000
01-02 17:22:50.794 17613 17643 I OVRMrcLib: [MediaManager] GraphicsAPI set to Vulkan
01-02 17:22:50.794 17613 17643 D OVRPlugin: ovrp_Media_Initialize(), new counter 1
01-02 17:22:50.794 17613 17643 D OVRPlugin: ovrp_Media_Initialize(), new counter 2
01-02 17:22:50.794 17613 17643 D UE4     : [2023.01.02-17.22.50:794][  0]LogMR: MRC Initialized
01-02 17:22:50.794 17613 17643 D OVRPlugin: ovrp_Media_Shutdown(), new counter 1
01-02 17:22:50.794 17613 17643 D OVRPlugin: ovrp_ShutdownMixedReality(): call ovrp_Media_Shutdown()
01-02 17:22:50.794 17613 17643 D OVRPlugin: ovrp_Media_Shutdown, call ovrm_Shutdown()
01-02 17:22:50.794 17613 17643 I OVRMrcLib: [MediaManager] deconstruct
01-02 17:22:50.794 17613 17643 D OVRPlugin: ovrp_Media_Shutdown(), new counter 0
01-02 17:22:50.794 17613 17643 D UE4     : [2023.01.02-17.22.50:794][  0]LogHMD: FSplash::OnPostLoadMap Hide Auto Splash
01-02 17:22:50.795 17613 17643 D UE4     : [2023.01.02-17.22.50:795][  0]LogLoad: Took 0.127589 seconds to LoadMap(/Game/VRTemplate/Maps/VRTemplateMap)
01-02 17:22:50.809   860  7412 W TrackingService: attachClient: found client in attached list
01-02 17:22:50.836   860 17399 D TrackingService: [HANDTRACKING] Controller 729165a0fe4054d7 in hand: Y, valid: Y
01-02 17:22:50.853   860  7412 W TrackingService: attachClient: found client in attached list
01-02 17:22:50.878 17613 17643 D UE4     : [2023.01.02-17.22.50:878][  0]LogSlate: Took 0.000328 seconds to synchronously load lazily loaded font '../../../Engine/Content/Slate/Fonts/Roboto-Regular.ttf' (155K)
01-02 17:22:50.879 17613 17643 D UE4     : [2023.01.02-17.22.50:879][  0]LogRHI: Display: ShaderPipelineCache: Paused Batching. 1
01-02 17:22:50.879 17613 17643 D UE4     : [2023.01.02-17.22.50:879][  0]LogRHI: Display: ShaderPipelineCache: Resumed Batching. 0
01-02 17:22:50.879 17613 17643 D UE4     : [2023.01.02-17.22.50:879][  0]LogRHI: Display: ShaderPipelineCache: Batching Resumed.
01-02 17:22:50.879 17613 17643 D UE4     : [2023.01.02-17.22.50:879][  0]LogInit: Display: Engine is initialized. Leaving FEngineLoop::Init()
01-02 17:22:50.879 17613 17643 D UE4     : [2023.01.02-17.22.50:879][  0]LogAndroid: Passed GEngineLoop.Init()
01-02 17:22:50.880 17613 17643 D UE4     : [2023.01.02-17.22.50:879][  0]LogAndroidEvents: Display: LogAndroidEvents::DequeueAppEvent : 9, [width=-1, height=-1], APP_EVENT_STATE_ON_START
01-02 17:22:50.880 17613 17643 D UE4     : FAppEventManager::Tick processing, 9
01-02 17:22:50.880 17613 17643 D UE4     : [2023.01.02-17.22.50:880][  0]LogAndroidEvents: Display: LogAndroidEvents::DequeueAppEvent : 7, [width=-1, height=-1], APP_EVENT_STATE_ON_RESUME
01-02 17:22:50.880 17613 17643 D UE4     : FAppEventManager::Tick processing, 7
01-02 17:22:50.880 17613 17643 D UE4     : [2023.01.02-17.22.50:880][  0]LogAndroidEvents: Display: LogAndroidEvents::DequeueAppEvent : 0, [width=3664, height=1920], APP_EVENT_STATE_WINDOW_CREATED
01-02 17:22:50.880 17613 17643 D UE4     : FAppEventManager::Tick processing, 0
01-02 17:22:50.880 17613 17643 D UE4     : [2023.01.02-17.22.50:880][  0]LogAndroidEvents: Display: ExecWindowCreated
01-02 17:22:50.880 17613 17643 D UE4     : AndroidEGL::ReInitWindow()
01-02 17:22:50.880 17613 17643 D UE4     : ExecWindowCreated, 0, 1, 1
01-02 17:22:50.880 17613 17643 D UE4     : [2023.01.02-17.22.50:880][  0]LogAndroidEvents: Display: LogAndroidEvents::DequeueAppEvent : 11, [width=-1, height=-1], APP_EVENT_STATE_WINDOW_GAINED_FOCUS
01-02 17:22:50.880 17613 17643 D UE4     : FAppEventManager::Tick processing, 11
01-02 17:22:50.880 17613 17643 D UE4     : [2023.01.02-17.22.50:880][  0]LogAndroidEvents: Display: LogAndroidEvents::DequeueAppEvent : 14, [width=-1, height=-1], APP_EVENT_STATE_APP_ACTIVATED
01-02 17:22:50.880 17613 17643 D UE4     : FAppEventManager::Tick processing, 14
01-02 17:22:50.880 17613 17643 D UE4     : Execution will be resumed!
01-02 17:22:50.880 17613 17643 D UE4     : [2023.01.02-17.22.50:880][  0]LogAndroidEvents: Display: LogAndroidEvents::DequeueAppEvent : 15, [width=-1, height=-1], APP_EVENT_RUN_CALLBACK
01-02 17:22:50.880 17613 17643 D UE4     : FAppEventManager::Tick processing, 15
01-02 17:22:50.880 17613 17643 D UE4     : [2023.01.02-17.22.50:880][  0]LogAndroidEvents: Display: Event thread callback running.
01-02 17:22:50.880 17613 17643 D UE4     : [2023.01.02-17.22.50:880][  0]LogAndroid: performing app foregrounding callback.
01-02 17:22:50.880 17613 17643 D UE4     : [GameActivity] Registering volume receiver
01-02 17:22:50.883 17613 17643 D UE4     : [GameActivity] startVolumeReceiver: 10
01-02 17:22:50.883 17613 17643 D UE4     : nativeVolumeEvent(10)
01-02 17:22:50.883 17613 17643 D UE4     : [GameActivity] Registering battery receiver
01-02 17:22:50.884 17613 17643 D UE4     : [GameActivity] Registering headset receiver
01-02 17:22:50.885 17613 17613 D UE4     : [GameActivity] Battery: status = 4, rawlevel = 100, scale = 100
01-02 17:22:50.885 17613 17613 D UE4     : nativeBatteryEvent(stat = 4, lvl = 100  temp = 25.70 °C)
01-02 17:22:50.885 17613 17643 D UE4     : [GameActivity] startHeadsetReceiver: 0
01-02 17:22:50.885 17613 17643 D UE4     : nativeHeadsetEvent(0)
01-02 17:22:50.885 17613 17643 D UE4     : [2023.01.02-17.22.50:885][  0]LogCore: Display: AppLifetime: Application has entered foreground
01-02 17:22:50.886 17613 17721 D UE4     : [2023.01.02-17.22.50:886][  0]LogRenderer: Warning: Resizing VR buffer to 1440 by 1584
01-02 17:22:50.886 17613 17721 D UE4     : [2023.01.02-17.22.50:886][  0]LogRenderer: Reallocating scene render targets to support 1440x1584 Format 37 NumSamples 1 (Frame:1).
01-02 17:22:50.981   867  4206 E VrApiService: Error set scheduler for process 2453 thread 17703 to 2 : No such process (3)
01-02 17:22:51.156  3167  3311 I StateMachine: StateMachine::Update GuardianInitializationStateMachine: finishedSettlingBlackEvent -> Valid_NoBlack
01-02 17:22:51.195  3167  3311 I GuardianSystem: ForceShowGuardian: false, 3.00
01-02 17:22:51.197  3167  3311 I StateMachine: StateMachine::Update ForceShow: forceShowForTime -> ForceShowOnForTime
01-02 17:22:51.198  2453  3310 I chatty  : uid=10025(com.oculus.systemdriver) Thread-18 expire 6 lines
01-02 17:22:51.198  3167  3311 I GuardianSystem: UpdateGuardianSystemState: Flags2 changed: 33, 1, SYSTEM_2_DIRECTIONAL_PASSTHROUGH_ENABLED,SYSTEM_2_SHOULD_PUSH_BLACK to SYSTEM_2_DIRECTIONAL_PASSTHROUGH_ENABLED
01-02 17:22:51.242  1022  1766 E TaskPersister: File error accessing recents directory (directory doesn't exist?).
01-02 17:22:51.360   860  7412 I chatty  : uid=1000(system) Binder:860_5 identical 15 lines
01-02 17:22:51.395  5504  5593 I chatty  : uid=10033(com.oculus.xrstreamingclient) XRS_AudioData expire 5 lines
01-02 17:22:51.399   860  7412 W TrackingService: attachClient: found client in attached list
01-02 17:22:51.400  3167  3311 I GuardianSystem: UpdateGuardianSystemState: Flags changed: 524288, 532480, SYSTEM_GUARDIAN_VALID to SYSTEM_GUARDIAN_VISIBLE,SYSTEM_GUARDIAN_VALID
01-02 17:22:51.413  3167  3978 I VrRuntimeClient: UpdateEvents: HMT was mounted
01-02 17:22:51.428 17613 17723 D UE4     : [2023.01.02-17.22.51:428][  0]LogTcpMessaging: Started Connection to '127.0.0.1:39785'
01-02 17:22:51.428 17613 17723 D UE4     : [2023.01.02-17.22.51:428][  0]LogTcpMessaging: Discovered node 'E0A46E1E43B30B1C79F559AFAE868C4D' on connection '127.0.0.1:39785'...
01-02 17:22:51.435   860 17399 D TrackingService: [HANDTRACKING] Controller 86557c336c360320 in hand: Y, valid: Y
01-02 17:22:51.437   860  7412 W TrackingService: attachClient: found client in attached list
01-02 17:22:51.442  3167  3311 I GuardianCollisionTracker: Guardian Controller Collision: Magnitude: 8.982, Duration: -1.000 sec, TimeStamp: 16068.403320 sec
01-02 17:22:51.442  3167  3311 I GuardianCollisionTracker: Guardian Controller Collision: Magnitude: 9.890, Duration: -1.000 sec, TimeStamp: 16068.403320 sec
01-02 17:22:51.538 17613 17643 D UE4     : [2023.01.02-17.22.51:538][  0]LogUdpMessaging: Initializing bridge on interface 0.0.0.0:0 to multicast group 230.0.0.1:6666.
01-02 17:22:52.004 17613 17708 I Telemetry: App memory usage: PSS=477 MiB, PrivateDirty=331 MiB, PrivateClean=129 MiB, GPU=207.2/207.8 MiB (100% allocated)
01-02 17:22:52.006 17613 17708 I VrApi   : FPS=1/72,Prd=0ms,Tear=0,Early=0,Stale=0,VSnc=0,Lat=1,Fov=0,CPU4/GPU=3/3,1478/490MHz,OC=FF,TA=0/70/0,SP=N/F/E,Mem=1353MHz,Free=2082MB,PLS=0,Temp=25.7C/0.0C,TW=1.30ms,App=0.20ms,GD=0.00ms,CPU&GPU=0.00ms,LCnt=2(DR0,LM2),GPU%=0.10,CPU%=0.38(W0.62),DSF=1.00,CFL=19.71/21.42
01-02 17:22:52.032   860  7412 I chatty  : uid=1000(system) Binder:860_5 identical 17 lines
01-02 17:22:52.077   860  7412 W TrackingService: attachClient: found client in attached list
01-02 17:22:52.078   860  4170 W TrackingService: attachClient: found client in attached list
01-02 17:22:52.334   860  4170 I chatty  : uid=1000(system) Binder:860_3 identical 7 lines
01-02 17:22:52.381   860  4170 W TrackingService: attachClient: found client in attached list
01-02 17:22:52.417   860  7412 W TrackingService: attachClient: found client in attached list
01-02 17:22:52.429 17613 17723 D UE4     : [2023.01.02-17.22.52:429][  0]LogTcpMessaging: Lost node 'E0A46E1E43B30B1C79F559AFAE868C4D' on connection '127.0.0.1:39785'...
01-02 17:22:52.463   860  7412 I chatty  : uid=1000(system) Binder:860_5 identical 1 line
01-02 17:22:52.507   860  7412 W TrackingService: attachClient: found client in attached list
01-02 17:22:52.530 17613 17643 D UE4     : [2023.01.02-17.22.52:530][  0]LogTcpMessaging: Initializing TcpMessaging bridge, listening on 127.0.0.1:6666
01-02 17:22:52.530 17613 17643 D UE4     : [2023.01.02-17.22.52:530][  0]LogCore: Display: AppLifetime: Application has reactivated
01-02 17:22:52.530 17613 17643 D UE4     : [2023.01.02-17.22.52:530][  0]LogTemp: Android resume audio
01-02 17:22:52.531 17613 17643 D UE4     : [2023.01.02-17.22.52:531][  0]LogOcInput: OculusInput is initialized
01-02 17:22:52.532 17613 17643 D UE4     : [2023.01.02-17.22.52:532][  0]LogHMD: FSplash::DoHide
01-02 17:22:52.537 17613 17643 D UE4     : [2023.01.02-17.22.52:537][  0]LogHMD: Setting user focus to game viewport since session status is visible...
01-02 17:22:52.537 17613 17643 D OVRPlugin: User present: 1
01-02 17:22:52.537 17613 17643 D UE4     : [2023.01.02-17.22.52:537][  0]LogAndroid: Display: Low Power Mode Changed: 0
01-02 17:22:52.542 17613 17721 D UE4     : [2023.01.02-17.22.52:542][  0]LogHMD: Allocating Oculus 45 x 50 variable resolution swapchain
01-02 17:22:52.542 17613 17721 D UE4     : [2023.01.02-17.22.52:542][  0]LogHMD: Warning: 45 x 50 variable resolution swapchain is not a divider of 1440 x 1584 color swapchain, potential edge problems
01-02 17:22:52.549   860  4170 W TrackingService: attachClient: found client in attached list
01-02 17:22:52.594   860  4170 W TrackingService: attachClient: found client in attached list
01-02 17:22:52.598   860  7412 W TrackingService: attachClient: found client in attached list
01-02 17:22:52.705   843 17611 I [CT]    : MIXEDREALITY: StereoPipeline: StereoPipeline: pausing, active clients: 'NONE'.
01-02 17:22:52.705   843 17611 I [CT]    : BOLTDEPTH: BoltDepthSystem: onPause: starting asynchronous core deactivation
01-02 17:22:52.706   843 17736 I [CT]    : BOLTDEPTH: CvpDisparityPipeline: deactivate: CVP pipeline successfully deactivated.
01-02 17:22:52.909 17613 17643 D UE4     : [2023.01.02-17.22.52:909][  0]LogSlate: InvalidateAllWidgets triggered.  All widgets were invalidated
01-02 17:22:52.912 17613 17737 D UE4     : [2023.01.02-17.22.52:912][  0]LogProfilingDebugging: Allocated a 1024 x 1024 texture for HMD canvas layer
01-02 17:22:52.918   860  7412 I chatty  : uid=1000(system) Binder:860_5 identical 9 lines
01-02 17:22:52.926 17613 17737 I JniUtils: Creating temporary JNIEnv. This is a heavy operation and should be infrequent. To optimize, use JNI AttachCurrentThread on calling thread
01-02 17:22:52.926 17613 17737 W OsSdk   : Requested historical tracking state too far in the past; oldest: 16069.629265s, requested: 16069.572127s
01-02 17:22:52.928 17613 17643 D UE4     : [2023.01.02-17.22.52:928][  0]LogSlate: Slate font cache was flushed
01-02 17:22:52.930   867  1349 E VrApiService: Failed to set affinity for thread 17721, err: -3
01-02 17:22:52.930   867  1349 E VrApiService: Error set scheduler for process 2453 thread 17721 to 3 : No such process (3)
01-02 17:22:52.934 17613 17643 D UE4     : [2023.01.02-17.22.52:934][  1]LogSlate: Took 0.000354 seconds to synchronously load lazily loaded font '../../../Engine/Content/Slate/Fonts/Roboto-Regular.ttf' (155K)
01-02 17:22:52.938 17613 17737 I SwapChain_Vulkan: Imported texture has requirements 3, ends up index 0
01-02 17:22:52.939 17613 17737 I chatty  : uid=10142(com.YourCompany.PrototypeV4) identical 9 lines
01-02 17:22:52.960   860  7412 W TrackingService: attachClient: found client in attached list
01-02 17:22:52.984   860  7412 D TrackingService: haptic socket already exists
01-02 17:22:52.984   860  7412 D TrackingService: getSocket: com.YourCompany.PrototypeV4
01-02 17:22:52.985   867  4206 E VrApiService: Error set scheduler for process 2453 thread 17721 to 2 : No such process (3)
01-02 17:22:53.002 17613 17708 I chatty  : uid=10142(com.YourCompany.PrototypeV4) expire 15 lines
01-02 17:22:53.008   860  7412 W TrackingService: attachClient: found client in attached list
01-02 17:22:53.129   860  7412 I chatty  : uid=1000(system) Binder:860_5 identical 4 lines
01-02 17:22:53.144   860  7412 W TrackingService: attachClient: found client in attached list
01-02 17:22:53.184   860  4170 W TrackingService: attachClient: found client in attached list
01-02 17:22:53.233   860  4170 I chatty  : uid=1000(system) Binder:860_3 identical 1 line
01-02 17:22:53.279   860  4170 W TrackingService: attachClient: found client in attached list
01-02 17:22:53.280 17613 17643 I chatty  : uid=10142(com.YourCompany.PrototypeV4) expire 13 lines
01-02 17:22:53.325   860  7412 W TrackingService: attachClient: found client in attached list
01-02 17:22:53.459   860  7412 I chatty  : uid=1000(system) Binder:860_5 identical 4 lines
01-02 17:22:53.503   860  7412 W TrackingService: attachClient: found client in attached list
01-02 17:22:53.550   860  4170 W TrackingService: attachClient: found client in attached list
01-02 17:22:53.682   860  4170 I chatty  : uid=1000(system) Binder:860_3 identical 4 lines
01-02 17:22:53.724   860  4170 W TrackingService: attachClient: found client in attached list
01-02 17:22:53.756   860 17399 D TrackingService: [HANDTRACKING] Controller 86557c336c360320 in hand: N, valid: Y
01-02 17:22:53.764   860  4170 W TrackingService: attachClient: found client in attached list
01-02 17:22:53.808   860  4170 W TrackingService: attachClient: found client in attached list
01-02 17:22:53.853   860  7412 W TrackingService: attachClient: found client in attached list
01-02 17:22:53.877  5504  5596 I chatty  : uid=10033(com.oculus.xrstreamingclient) XRS_Battery expire 2 lines
01-02 17:22:53.889   860  7412 I chatty  : uid=1000(system) Binder:860_5 identical 2 lines
01-02 17:22:53.919   860  7412 W TrackingService: attachClient: found client in attached list
01-02 17:22:53.964   860  4170 W TrackingService: attachClient: found client in attached list
01-02 17:22:53.997   860  1346 I chatty  : uid=1000(system) Mapper expire 188 lines
01-02 17:22:54.023   860 17444 I chatty  : uid=1000(system) IOTcam expire 152 lines
01-02 17:22:54.031   860 17399 I chatty  : uid=1000(system) CtrlTracking expire 70 lines
01-02 17:22:54.038   860 17454 I chatty  : uid=1000(system) CtrllrCam expire 11 lines
01-02 17:22:54.225   860  4170 I chatty  : uid=1000(system) Binder:860_3 identical 7 lines
01-02 17:22:54.269   860  4170 W TrackingService: attachClient: found client in attached list
01-02 17:22:54.312   860  7412 W TrackingService: attachClient: found client in attached list
01-02 17:22:54.348   860  7412 W TrackingService: attachClient: found client in attached list
01-02 17:22:54.351   860  4170 W TrackingService: attachClient: found client in attached list
01-02 17:22:54.531 17613 17743 I chatty  : uid=10142(com.YourCompany.PrototypeV4) expire 2 lines
01-02 17:22:54.602   860  4170 I chatty  : uid=1000(system) Binder:860_3 identical 6 lines
01-02 17:22:54.604   860  4170 W TrackingService: attachClient: found client in attached list
01-02 17:22:54.627  1856  1856 D ControllerNotifications: Enabling notifications
01-02 17:22:54.628  1856  1856 I ControllerNotifications: Updating input notifications based on state ConnectedBatteryLow
01-02 17:22:54.640  1856  1856 D OculusNotificationListenerService: Notification posted: 0|com.oculus.notification_proxy|4104|null|1000
01-02 17:22:54.647   860  7412 W TrackingService: attachClient: found client in attached list
01-02 17:22:54.648  3781  3781 I chatty  : uid=10026 com.oculus.systemux:SystemUX expire 28 lines
01-02 17:22:54.664  3781 17411 I chatty  : uid=10026 com.oculus.systemux:SystemUX expire 6 lines
01-02 17:22:54.682   860  7412 I chatty  : uid=1000(system) Binder:860_5 identical 1 line
01-02 17:22:54.690  2430  3075 I ClientInputSettings: HANDTRACKING: Manifest Permission request for com.oculus.vrshell
01-02 17:22:54.691  2430  3075 I ClientInputSettings: HANDTRACKING:  'com.oculus.vrshell' Is hands or controller.
01-02 17:22:54.692  2430  3075 I ClientInputSettings: HANDTRACKING: feature flag set to 2
01-02 17:22:54.692  2430  3075 I ClientInputInterface: HANDTRACKING sethandmanifest 2
01-02 17:22:54.692  2430  3075 D InputHooksJava: Enabling Java Input Hooks
01-02 17:22:54.692  2430  3075 W InputHooksJava: Unable to enable input hooks on a non-Activity Context
01-02 17:22:54.693  2430  3075 I InputDeviceManager: ovrInputDeviceManager::Initialize
01-02 17:22:54.693   860  7412 W TrackingService: attachClient: found client in attached list
01-02 17:22:54.695   860  7412 D TrackingService: getSharedMemory: com.oculus.vrshell#2430, HeadTracker
01-02 17:22:54.695  2430  3075 I Distortion: Initializing Mesh Decenter Correction
01-02 17:22:54.695   860  7412 W TrackingService: attachClient: found client in attached list
01-02 17:22:54.696   837  3057 E CalibrationProvider: loadCalibration(LDISP_SN) failed: Calibration store didn't load any info
01-02 17:22:54.697   837  3057 E CalibrationProvider: loadCalibration(RDISP_SN) failed: Calibration store didn't load any info
01-02 17:22:54.697   860  7412 D TrackingService: getSharedMemory: com.oculus.vrshell, Controller
01-02 17:22:54.697  2430 17744 I InputDevice_TrackedRemote: REMOTE: Hand=1 IndexAnalog=0.00 GripAnalog=0.00 Buttons=0x00000000
01-02 17:22:54.697  2430 17744 I InputDevice_TrackedRemote: REMOTE: Hand=2 IndexAnalog=0.00 GripAnalog=0.00 Buttons=0x00000000
01-02 17:22:54.697  2430 17744 I InputDeviceManager: HANDTRACKING Pointer filter profile changed to: 0
01-02 17:22:54.697  2430 17744 I InputDeviceManager: HANDTRACKING Pointer filter profile changed to: 0
01-02 17:22:54.697  2430 17744 I InputDeviceManager: HANDTRACKING Root pose filter profile changed for (version, freq) to (2, 1) from (1,2)
01-02 17:22:54.697  2430  3075 I Distortion: SetLensPositions - iad=0.0630034, left offset=-0.000259154,-0.00102733, right offset=0.00013832,-0.00104481
01-02 17:22:54.697  2430  3075 I Distortion: Initializing Mesh Decenter Correction
01-02 17:22:54.698   837  3057 E CalibrationProvider: loadCalibration(LDISP_SN) failed: Calibration store didn't load any info
01-02 17:22:54.699   837  3057 E CalibrationProvider: loadCalibration(RDISP_SN) failed: Calibration store didn't load any info
01-02 17:22:54.699  2430  3075 I Distortion: SetLensPositions - iad=0.0630034, left offset=-0.000259154,-0.00102733, right offset=0.00013832,-0.00104481
01-02 17:22:54.700  2430  3075 I Distortion: Created custom distortion mesh.
01-02 17:22:54.700  2430  3075 I PhaseSync: PhaseSync::PhaseSync PaddingLowerLimit 0.350000 StandardDeviations 2.000000 PaddingUpperLimit 0.750000 on instance 48
01-02 17:22:54.700  2430  3075 I VrRuntimeClient: PhaseSync Instance created
01-02 17:22:54.700  2453  3049 I chatty  : uid=10025(com.oculus.systemdriver) Thread-9 expire 38 lines
01-02 17:22:54.705  2430  3075 I VrApi   : OVR::Stats thread started
01-02 17:22:54.705  2430  3075 I XrRuntimeUtils: XrRuntimeUtils::BeginSession
01-02 17:22:54.705  2430  3075 I XrRuntimeSystem_Client: BeginSession
01-02 17:22:54.705  2430  3075 I OpenXR  : ------------ xrBeginSession [end] -----------
01-02 17:22:54.705  1936  3542 I [CT]    : MIXEDREALITY: MrFeatureStatus: Client status changed from Paused to Started.
01-02 17:22:54.705  1936  3542 I [CT]    : MIXEDREALITY: MrFeatureStatus: Target status Started, CurrentStatus: Paused
01-02 17:22:54.705  1936  3542 I [CT]    : MIXEDREALITY: MrFeatureStatus: Operation chain: Start
01-02 17:22:54.705  1936  3542 I [CT]    : MIXEDREALITY: MrFeatureStatus: Global status changed from Paused to Started.
01-02 17:22:54.706  1936  3542 I [CT]    : MIXEDREALITY: MrServiceController: Queuing command linked to operation Start for feature 0
01-02 17:22:54.706  1936  3539 I [CT]    : MIXEDREALITY: MrServiceController: Executing passthroughStart on model
01-02 17:22:54.706  1936  3539 I [CT]    : MIXEDREALITY: MrServiceModel: passthroughStart()
01-02 17:22:54.706  1936  3539 I [CT]    : MIXEDREALITY: MrServiceModel: passthroughStart: Started Passthrough
01-02 17:22:54.706  2430  3075 I [OAO] ShellTransitionState: Logging ShellTransitionState to dumpsys: {"state":"Foregrounding","timeMillis":"16071699"}
01-02 17:22:54.706  2430  3075 I [OAO] VrPlatformOpenXr: VrPlatformOpenXr::SetPropInhibitHandleHomeKey inhibit:1
01-02 17:22:54.706  2430  3075 I OpenXR_DeviceSettings: ------------ xrSetDeviceSettingBooleanFB -----------
01-02 17:22:54.706  2430  3075 I ClientInputSettings: SetInhibitHandleHomeKey = true for com.oculus.vrshell
01-02 17:22:54.706  2430  3075 I ClientInputInterface: SetInhibitHandleHomeKey 1 for process com.oculus.vrshell 2430
01-02 17:22:54.706  2430  3075 I [OAO] VrPlatformOpenXr: VrPlatformOpenXr::SetPropInhibitHandleHomeKey result = 0
01-02 17:22:54.707  2430  3075 I [OAO] Compositor: EnterVrMode with eye buffer: 1024x1024 : 2
01-02 17:22:54.707  2430  3075 I [OAO] AudioMixer: Enabling AudioPlayer.
01-02 17:22:54.707  2430 17747 D VrApi   : targetSDKVersion 29
01-02 17:22:54.707  2430  3075 I [OAO] AudioEngine: virtual void AudioLibrary::AudioEngine::EnablePlayer()
01-02 17:22:54.708  2430  3075 D         : PlayerBase::PlayerBase()
01-02 17:22:54.708  1936  3539 I [CT]    : MIXEDREALITY: MrServiceView: renderIteration: Nothing to render, hibernating the rendering thread since ID is off and no active PT layers.
01-02 17:22:54.708  1936  3539 I [CT]    : MIXEDREALITY: MrServiceModel: Hibernating caller (most likely rendering thread) due to commandQueue being empty.
01-02 17:22:54.708  2430  3075 D         : TrackPlayerBase::TrackPlayerBase()
01-02 17:22:54.708  2430  3075 I libOpenSLES: Emulating old channel mask behavior (ignoring positional mask 0x3, using default mask 0x3 based on channel count of 2)
01-02 17:22:54.710   728   917 I audio_hw_primary: getting vr mode to 0
01-02 17:22:54.711   755 10223 I AudioPolicyManagerCustom: VR mode is 0, switch to primary output if request is for fast|raw
01-02 17:22:54.713   755 10223 W AudioFlinger: createTrack_l(): mismatch between requested flags (00000104) and output flags (00000006)
01-02 17:22:54.713   755 10223 D AudioFlinger: Client defaulted notificationFrames to 192 for frameCount 384
01-02 17:22:54.714  2430 17747 I JniUtils: ovr_GetCurrentPackageSignature 
01-02 17:22:54.714   755 10223 D AF::TrackHandle: OpPlayAudio: track:264 uid:10020 pkg:com.oculus.vrshell usage:1 not muted
01-02 17:22:54.716  2430 17747 I Metrics : device name = Oculus Quest 2
01-02 17:22:54.724  2430  3075 I AudioTrack: createTrack_l(6226021): AUDIO_OUTPUT_FLAG_FAST successful; frameCount 0 -> 384
01-02 17:22:54.727  1557  1557 V AvrcpMediaPlayerList: onPlaybackConfigChanged(): Configs list size=9
01-02 17:22:54.729   860  7412 W TrackingService: attachClient: found client in attached list
01-02 17:22:54.733  2430  3075 I [OAO] LocalSpace: EnterVrMode: Setting local pose state.
01-02 17:22:54.733  2430  3075 I OpenXR_Hands: ------------ xrGetHandMeshFB -----------
01-02 17:22:54.733  2430  3075 I OpenXR_Hands: ------------ xrGetHandMeshFB -----------
01-02 17:22:54.733  2430  3075 D VrRuntimeClient: loadDriverResource - resourceName: 'hand_left' 
01-02 17:22:54.737  2430  3075 I OpenXR_Hands: ------------ xrGetHandMeshFB -----------
01-02 17:22:54.737  2430  3075 I OpenXR_Hands: ------------ xrGetHandMeshFB -----------
01-02 17:22:54.738  2430  3075 D VrRuntimeClient: loadDriverResource - resourceName: 'hand_left' 
01-02 17:22:54.745  2430  3075 I [OAO] ShellTransitionState: Logging ShellTransitionState to dumpsys: {"state":"Resuming frame loop","timeMillis":"16071738"}
01-02 17:22:54.746   728  5644 D msm8974_platform: platform_split_snd_device: snd_device(22) num devices(1) new_snd_devices(0)
01-02 17:22:54.746   728  5644 D ACDB-LOADER: ACDB -> send_audvoltable
01-02 17:22:54.746   728  5644 D ACDB-LOADER: ACDB -> ACDB_CMD_GET_AUDPROC_INSTANCE_GAIN_DEP_STEP_TABLE_SIZE
01-02 17:22:54.746   728  5644 D         : Failed to fetch the lookup information of the device 0000000F 
01-02 17:22:54.746   728  5644 D ACDB-LOADER: Error: ACDB_CMD_GET_AUDPROC_INSTANCE_GAIN_DEP_STEP_TABLE_SIZE Returned = -19
01-02 17:22:54.746   728  5644 D ACDB-LOADER: ACDB -> ACDB_CMD_GET_AUDPROC_INSTANCE_GAIN_DEP_STEP_TABLE, vol index 10
01-02 17:22:54.746   728  5644 D         : Failed to fetch the lookup information of the device 0000000F 
01-02 17:22:54.746   728  5644 D ACDB-LOADER: Error: ACDB AudProc vol returned = -19
01-02 17:22:54.746   728  5644 D ACDB-LOADER: ACDB -> AUDIO_SET_VOL_CAL cal type = 40
01-02 17:22:54.760  2430  3075 I ClientInputTrackedKeyboardManager: TRACKEDKEYBOARD created PTKServiceClient
01-02 17:22:54.760  2430  3075 I PTKService: PTKServiceClient Init
01-02 17:22:54.760  2430  3075 I ipcLoader_static: RuntimeIPC: Loader: IPC Service API Loader Version: 33 Nov 25 2022 14:17:17
01-02 17:22:54.761  2430  3075 I RuntimeIPCApi: ipc_Initialize
01-02 17:22:54.761  2430  3075 I RuntimeIPCServiceClient: Init: Already initialized: com.oculus.vrshell:Overlay, 18
01-02 17:22:54.762  2430  3075 W vrshell:Overla: A binder object at 0xd4bcfc60 is being transacted on, however, this object is in the same process as its proxy. Transacting with this binder is expensive compared to just calling the corresponding functionality in the same process.
01-02 17:22:54.813  2430 17750 I chatty  : uid=10020(com.oculus.vrshell) ShellOverlayMai expire 2 lines
01-02 17:22:54.817  1022  5418 I DisplayManagerService: Display device added: DisplayDeviceInfo{"com.oculus.android_panel_app.AndroidPanelLayer-toast": uniqueId="virtual:com.oculus.systemux,10026,com.oculus.android_panel_app.AndroidPanelLayer-toast,0", 525 x 1250, modeId 260, defaultModeId 260, supportedModes [{id=260, width=525, height=1250, fps=60.0}], colorMode 0, supportedColorModes [0], HdrCapabilities null, density 200, 200.0 x 200.0 dpi, appVsyncOff 0, presDeadline 16666666, touch NONE, rotation 0, type VIRTUAL, state OFF, owner com.oculus.systemux (uid 10026), FLAG_PRIVATE, FLAG_NEVER_BLANK, FLAG_OWN_CONTENT_ONLY}
01-02 17:22:54.820   860  7412 I chatty  : uid=1000(system) Binder:860_5 identical 2 lines
01-02 17:22:54.826  1022  5418 I DisplayManagerService: Display device removed: DisplayDeviceInfo{"com.oculus.android_panel_app.AndroidPanelLayer-toast": uniqueId="virtual:com.oculus.systemux,10026,com.oculus.android_panel_app.AndroidPanelLayer-toast,0", 525 x 1250, modeId 260, defaultModeId 260, supportedModes [{id=260, width=525, height=1250, fps=60.0}], colorMode 0, supportedColorModes [0], HdrCapabilities null, density 200, 200.0 x 200.0 dpi, appVsyncOff 0, presDeadline 16666666, touch NONE, rotation 0, type VIRTUAL, state OFF, owner com.oculus.systemux (uid 10026), FLAG_PRIVATE, FLAG_NEVER_BLANK, FLAG_OWN_CONTENT_ONLY}
01-02 17:22:54.827  1022  3300 I DisplayManagerService: Display device added: DisplayDeviceInfo{"com.oculus.android_panel_app.AndroidPanelLayer-toast": uniqueId="virtual:com.oculus.systemux,10026,com.oculus.android_panel_app.AndroidPanelLayer-toast,0", 525 x 1, modeId 261, defaultModeId 261, supportedModes [{id=261, width=525, height=1, fps=60.0}], colorMode 0, supportedColorModes [0], HdrCapabilities null, density 200, 200.0 x 200.0 dpi, appVsyncOff 0, presDeadline 16666666, touch NONE, rotation 0, type VIRTUAL, state OFF, owner com.oculus.systemux (uid 10026), FLAG_PRIVATE, FLAG_NEVER_BLANK, FLAG_OWN_CONTENT_ONLY}
01-02 17:22:54.831  3781 17541 I chatty  : uid=10026(com.oculus.systemux) pool-1-thread-3 expire 6 lines
01-02 17:22:54.845  1022  1043 W InputReader: Device has associated, but no associated display id.
01-02 17:22:54.865   860  7412 W TrackingService: attachClient: found client in attached list
01-02 17:22:54.867   860  4170 W TrackingService: attachClient: found client in attached list
01-02 17:22:54.871  1022  1043 W InputReader: Device has associated, but no associated display id.
01-02 17:22:54.875  1022  1045 I DisplayManagerService: Display device changed state: "com.oculus.android_panel_app.AndroidPanelLayer-toast", ON
01-02 17:22:54.883  1022  1802 E WindowManager: App trying to use insecure INPUT_FEATURE_NO_INPUT_CHANNEL flag. Ignoring
01-02 17:22:54.885  1022  1045 W InputReader: Device has associated, but no associated display id.
01-02 17:22:54.885  1022  1045 I ActivityTaskManager: Override config changes=200055f8 {0.0 ?mcc?mnc ?localeList ?layoutDir ?swdp w420dp ?hdp 200dpi smll land ?uimode ?night -touch qwerty/v/v -nav/h winConfig={ mBounds=Rect(0, 0 - 525, 1) mAppBounds=Rect(0, 0 - 525, 1) mWindowingMode=fullscreen mDisplayWindowingMode=fullscreen mActivityType=undefined mAlwaysOnTop=undefined mRotation=ROTATION_0}} for displayId=200
01-02 17:22:54.917   860  4170 I chatty  : uid=1000(system) Binder:860_3 identical 1 line
01-02 17:22:54.924  1022  6245 I DisplayManagerService: Display device removed: DisplayDeviceInfo{"com.oculus.android_panel_app.AndroidPanelLayer-toast": uniqueId="virtual:com.oculus.systemux,10026,com.oculus.android_panel_app.AndroidPanelLayer-toast,0", 525 x 1, modeId 261, defaultModeId 261, supportedModes [{id=261, width=525, height=1, fps=60.0}], colorMode 0, supportedColorModes [0], HdrCapabilities null, density 200, 200.0 x 200.0 dpi, appVsyncOff 0, presDeadline 16666666, touch NONE, rotation 0, type VIRTUAL, state ON, owner com.oculus.systemux (uid 10026), FLAG_PRIVATE, FLAG_NEVER_BLANK, FLAG_OWN_CONTENT_ONLY}
01-02 17:22:54.928  1022  3300 I DisplayManagerService: Display device added: DisplayDeviceInfo{"com.oculus.android_panel_app.AndroidPanelLayer-toast": uniqueId="virtual:com.oculus.systemux,10026,com.oculus.android_panel_app.AndroidPanelLayer-toast,0", 525 x 79, modeId 262, defaultModeId 262, supportedModes [{id=262, width=525, height=79, fps=60.0}], colorMode 0, supportedColorModes [0], HdrCapabilities null, density 200, 200.0 x 200.0 dpi, appVsyncOff 0, presDeadline 16666666, touch NONE, rotation 0, type VIRTUAL, state OFF, owner com.oculus.systemux (uid 10026), FLAG_PRIVATE, FLAG_NEVER_BLANK, FLAG_OWN_CONTENT_ONLY}
01-02 17:22:54.947  1022  1043 W InputReader: Device has associated, but no associated display id.
01-02 17:22:54.949  1022  1802 W WindowManager: Failed looking up window callers=com.android.server.wm.WindowManagerService.windowForClientLocked:5339 com.android.server.wm.WindowManagerService.finishDrawingWindow:2432 com.android.server.wm.Session.finishDrawing:231 
01-02 17:22:54.953  1022  1045 W InputReader: Device has associated, but no associated display id.
01-02 17:22:54.953  1022  1045 I ActivityTaskManager: Override config changes=20005df8 {0.0 ?mcc?mnc ?localeList ?layoutDir sw63dp w420dp h63dp 200dpi smll land ?uimode ?night -touch qwerty/v/v -nav/h winConfig={ mBounds=Rect(0, 0 - 525, 79) mAppBounds=Rect(0, 0 - 525, 79) mWindowingMode=fullscreen mDisplayWindowingMode=fullscreen mActivityType=undefined mAlwaysOnTop=undefined mRotation=ROTATION_0}} for displayId=201
01-02 17:22:54.955  1022  1802 W WindowManager: Failed looking up window callers=com.android.server.wm.WindowManagerService.windowForClientLocked:5339 com.android.server.wm.WindowManagerService.removeWindow:1788 com.android.server.wm.Session.remove:176 
01-02 17:22:54.959   860  4170 W TrackingService: attachClient: found client in attached list
01-02 17:22:54.977  1022  1045 I DisplayManagerService: Display device changed state: "com.oculus.android_panel_app.AndroidPanelLayer-toast", ON
01-02 17:22:54.985  1022  1802 E WindowManager: App trying to use insecure INPUT_FEATURE_NO_INPUT_CHANNEL flag. Ignoring
01-02 17:22:54.998   860  7412 W TrackingService: attachClient: found client in attached list
01-02 17:22:55.018  2453 17432 I chatty  : uid=10025(com.oculus.systemdriver) OVR::TimeWarp expire 10 lines
01-02 17:22:55.054  1796 17751 W ContextImpl: Calling a method in the system process without a qualified user: android.app.ContextImpl.sendBroadcast:1057 android.content.ContextWrapper.sendBroadcast:448 X.np.A00:133 X.no.A00:17 X.no.handleMessage:80 
01-02 17:22:55.119  3167  3311 I GuardianSystem: Environment Status changed: 33 to 34
01-02 17:22:55.160  3167  3311 I StateMachine: StateMachine::Update ForceShow: stopForceShow -> ForceShowOff
01-02 17:22:55.236  1796 17755 W ContextImpl: Calling a method in the system process without a qualified user: android.app.ContextImpl.sendBroadcast:1057 android.content.ContextWrapper.sendBroadcast:448 X.np.A00:133 X.no.A00:17 X.no.handleMessage:80 
01-02 17:22:55.244   860  7412 I chatty  : uid=1000(system) Binder:860_5 identical 7 lines
01-02 17:22:55.246  5504  5606 I chatty  : uid=10033(com.oculus.xrstreamingclient) SlamAnchorMem expire 566 lines
01-02 17:22:55.283   860  7412 W TrackingService: attachClient: found client in attached list
01-02 17:22:55.290  2453  3027 I chatty  : uid=10025(com.oculus.systemdriver) ClientRequest expire 9 lines
01-02 17:22:55.290  2453  3023 I chatty  : uid=10025(com.oculus.systemdriver) OVR::Clocks expire 24 lines
01-02 17:22:55.331   860  4170 W TrackingService: attachClient: found client in attached list
01-02 17:22:55.854  5504  5585 I chatty  : uid=10033(com.oculus.xrstreamingclient) xrsp-rt-read expire 20 lines
01-02 17:22:56.015  2430 17747 I chatty  : uid=10020(com.oculus.vrshell) ShellOverlayMai expire 1 line
01-02 17:22:56.111   860  4170 I chatty  : uid=1000(system) Binder:860_3 identical 21 lines
01-02 17:22:56.153   860  4170 W TrackingService: attachClient: found client in attached list
01-02 17:22:56.157   860  7412 W TrackingService: attachClient: found client in attached list
01-02 17:22:56.168   860  1348 I chatty  : uid=1000(system) KeypointCache expire 10 lines
01-02 17:22:56.251   860  7412 I chatty  : uid=1000(system) Binder:860_5 identical 2 lines
01-02 17:22:56.282  1796 17758 W ContextImpl: Calling a method in the system process without a qualified user: android.app.ContextImpl.sendBroadcast:1057 android.content.ContextWrapper.sendBroadcast:448 X.np.A00:133 X.no.A00:17 X.no.handleMessage:80 
01-02 17:22:56.297   860  7412 W TrackingService: attachClient: found client in attached list
01-02 17:22:56.340   860  4170 W TrackingService: attachClient: found client in attached list
01-02 17:22:56.995   860  4170 I chatty  : uid=1000(system) Binder:860_3 identical 18 lines
01-02 17:22:57.037   860  4170 W TrackingService: attachClient: found client in attached list
01-02 17:22:57.083   860  7412 W TrackingService: attachClient: found client in attached list
01-02 17:22:57.174   860  7412 I chatty  : uid=1000(system) Binder:860_5 identical 2 lines
01-02 17:22:57.220   860  7412 W TrackingService: attachClient: found client in attached list
01-02 17:22:57.223   860  4170 W TrackingService: attachClient: found client in attached list
01-02 17:22:57.295  2272  2665 W DeviceConfigUtil: Try to get config param "oculus_shared_social:oculus_messenger_reauth_removal" before Device Config has subscribed to the service.
01-02 17:22:57.472  3167  3311 I GuardianSystem: UpdateGuardianSystemState: Flags changed: 532480, 524288, SYSTEM_GUARDIAN_VISIBLE,SYSTEM_GUARDIAN_VALID to SYSTEM_GUARDIAN_VALID
01-02 17:22:57.709   860  4170 I chatty  : uid=1000(system) Binder:860_3 identical 12 lines
01-02 17:22:57.754   860  4170 W TrackingService: attachClient: found client in attached list
01-02 17:22:57.756   860  7412 W TrackingService: attachClient: found client in attached list
01-02 17:22:58.102  2205  2795 I OVRPlatform: [FBNSHandler] Push token received
01-02 17:22:58.106  2205  2795 I chatty  : uid=10014(com.oculus.shellenv) ovr_Platform identical 8 lines
01-02 17:22:58.108  2205  2795 I OVRPlatform: [FBNSHandler] Push token received
01-02 17:22:58.111  2205  2795 I OVRPlatform: [FBNSHandler] Push token received
01-02 17:22:58.126  2205  2795 I OVRPlatform: [FBNSHandler] Push token received
01-02 17:22:58.165  2205  2218 W oculus.shellen: Reducing the number of considered missed Gc histogram windows from 165 to 100
01-02 17:22:58.461 17613 17645 I chatty  : uid=10142(com.YourCompany.PrototypeV4) expire 3 lines
01-02 17:22:58.507   860  7412 I chatty  : uid=1000(system) Binder:860_5 identical 19 lines
01-02 17:22:58.551   860  7412 W TrackingService: attachClient: found client in attached list
01-02 17:22:58.552   860  4170 W TrackingService: attachClient: found client in attached list
01-02 17:23:00.388   860  4170 I chatty  : uid=1000(system) Binder:860_3 identical 47 lines
01-02 17:23:00.414  1856  1856 D OculusNotificationListenerService: Notification removed: 0|com.oculus.notification_proxy|4104|null|1000
01-02 17:23:00.416  1022  1816 I DisplayManagerService: Display device removed: DisplayDeviceInfo{"com.oculus.android_panel_app.AndroidPanelLayer-toast": uniqueId="virtual:com.oculus.systemux,10026,com.oculus.android_panel_app.AndroidPanelLayer-toast,0", 525 x 79, modeId 262, defaultModeId 262, supportedModes [{id=262, width=525, height=79, fps=60.0}], colorMode 0, supportedColorModes [0], HdrCapabilities null, density 200, 200.0 x 200.0 dpi, appVsyncOff 0, presDeadline 16666666, touch NONE, rotation 0, type VIRTUAL, state ON, owner com.oculus.systemux (uid 10026), FLAG_PRIVATE, FLAG_NEVER_BLANK, FLAG_OWN_CONTENT_ONLY}
01-02 17:23:00.433   860  4170 W TrackingService: attachClient: found client in attached list
01-02 17:23:00.439   860  7412 W TrackingService: attachClient: found client in attached list
01-02 17:23:00.455  1936  3542 I [CT]    : MIXEDREALITY: MrFeatureStatus: Client status changed from Started to Paused.
01-02 17:23:00.455  1936  3542 I [CT]    : MIXEDREALITY: MrFeatureStatus: Target status Paused, CurrentStatus: Started
01-02 17:23:00.455  1936  3542 I [CT]    : MIXEDREALITY: MrFeatureStatus: Operation chain: Pause
01-02 17:23:00.455  1936  3542 I [CT]    : MIXEDREALITY: MrFeatureStatus: Global status changed from Started to Paused.
01-02 17:23:00.455  1936  3542 I [CT]    : MIXEDREALITY: MrServiceController: Queuing command linked to operation Pause for feature 0
01-02 17:23:00.455  1936  3539 I [CT]    : MIXEDREALITY: MrServiceController: Executing passthroughPause on model
01-02 17:23:00.455  1936  3539 I [CT]    : MIXEDREALITY: MrServiceModel: passthroughPause()
01-02 17:23:00.455  1936  3539 I [CT]    : MIXEDREALITY: MrServiceModel: passthroughPause: Paused Passthrough
01-02 17:23:00.455  1936  3539 I [CT]    : MIXEDREALITY: MrRuntimeImpl: onPause: Capability 0 on device 2.
01-02 17:23:00.455  1936  3539 I [CT]    : MIXEDREALITY: MrRuntimeImpl: onPause: Capability 1 on device 2.
01-02 17:23:00.455   843  3531 I [CT]    : MIXEDREALITY: MrSystemServiceIPCServer: ChangeMrCapabilityStatusNonBlocking: client 2122679448, capability 0, command 0.
01-02 17:23:00.455   843  3531 I [CT]    : MIXEDREALITY: ServiceLogic: Stopping: Passthrough
01-02 17:23:00.455   843  3531 I [CT]    : MIXEDREALITY: MrRuntimeCompute: onStop: Passthrough.
01-02 17:23:00.455   843  3531 I [CT]    : MIXEDREALITY: MrRuntimeCompute: onStop: All capabilities using stereopipeline are off, pausing stereo pipeline.
01-02 17:23:00.456   843  3531 I [CT]    : MIXEDREALITY: MrSystemServiceIPCServer: ChangeMrCapabilityStatusNonBlocking: client 2122679448, capability 1, command 0.
01-02 17:23:00.456   843  3531 I [CT]    : MIXEDREALITY: ServiceLogic: Stopping: Playspace
01-02 17:23:00.456   843  3531 I [CT]    : MIXEDREALITY: MrRuntimeCompute: onStop: Playspace.
01-02 17:23:00.456  1936  3539 W OsSdk   : Requested historical tracking state too far in the past; oldest: 16077.159703s, requested: 16071.730085s
01-02 17:23:00.456   843  3531 I [CT]    : MIXEDREALITY: MrRuntimeCompute: onStop: All capabilities using stereopipeline are off, pausing stereo pipeline.
01-02 17:23:00.458  1936  3539 I [CT]    : MIXEDREALITY: MrServiceModel: Hibernating caller (most likely rendering thread) due to commandQueue being empty.
01-02 17:23:00.478   860  7412 W TrackingService: attachClient: found client in attached list
01-02 17:23:00.494   748 13195 E SensorService: Failed to set simple multi haptics, ret: -1
01-02 17:23:00.499  2430 17744 I chatty  : uid=10020(com.oculus.vrshell) ShellOverlayMai expire 1 line
