01-04 18:11:01.882  1247  1247 D VrRuntimeService: onForegroundActivitiesChanged: pid=2686, uid=10020, hasForegroundActivities=true
01-04 18:11:01.883   744   965 D AF::TrackHandle: OpPlayAudio: track:89 uid:10020 pkg:com.oculus.vrshell usage:1 not muted
01-04 18:11:01.884   744  6229 D AF::RecordHandle: OpRecordAudio: track:56 uid:10014 pkg:com.oculus.shellenv usage:0 muted
01-04 18:11:01.884   744  5351 D AF::TrackHandle: OpPlayAudio: track:88 uid:10144 pkg:com.YourCompany.PrototypeV4 usage:1 muted
01-04 18:11:01.884   744   964 D AF::RecordHandle: OpRecordAudio: track:86 uid:10032 pkg:com.oculus.horizon usage:0 not muted
01-04 18:11:01.887   744  4032 D AF::TrackHandle: OpPlayAudio: track:57 uid:10014 pkg:com.oculus.shellenv usage:1 muted
01-04 18:11:01.892   719  1122 D msm8974_platform: platform_split_snd_device: snd_device(2) num devices(1) new_snd_devices(0)
01-04 18:11:01.892   719  1122 D ACDB-LOADER: ACDB -> send_audvoltable
01-04 18:11:01.892   719  1122 D ACDB-LOADER: ACDB -> ACDB_CMD_GET_AUDPROC_INSTANCE_GAIN_DEP_STEP_TABLE_SIZE
01-04 18:11:01.892   719  1122 D         : Failed to fetch the lookup information of the device 0000000F 
01-04 18:11:01.892   719  1122 D ACDB-LOADER: Error: ACDB_CMD_GET_AUDPROC_INSTANCE_GAIN_DEP_STEP_TABLE_SIZE Returned = -19
01-04 18:11:01.892   719  1122 D ACDB-LOADER: ACDB -> ACDB_CMD_GET_AUDPROC_INSTANCE_GAIN_DEP_STEP_TABLE, vol index 8
01-04 18:11:01.892   719  1122 D         : Failed to fetch the lookup information of the device 0000000F 
01-04 18:11:01.892   719  1122 D ACDB-LOADER: Error: ACDB AudProc vol returned = -19
01-04 18:11:01.892   719  1122 D ACDB-LOADER: ACDB -> AUDIO_SET_VOL_CAL cal type = 40
01-04 18:11:01.898  1040  4996 I ActivityTaskManager: START u0 {act=android.intent.action.MAIN cat=[android.intent.category.LAUNCHER] flg=0x14000000 pkg=com.oculus.shellenv cmp=com.oculus.shellenv/.ShellEnvActivity (has extras)} from uid 10020
01-04 18:11:01.899  1247  2512 I VrRuntimeService: DestroySwapChain: swapchain=184
01-04 18:11:01.903  2765  2979 I VrGuardianService: GuardianSDKServer::SetGuardianHitDialog2 0
01-04 18:11:01.905  7091  7091 D TrustedSignatureVerifier: Checking app signature for com.oculus.vrshell
01-04 18:11:01.910  7091  7091 D TrustedSignatureVerifier: Package com.oculus.vrshell trusted due to RELEASE signature.
01-04 18:11:01.910  7091  7091 D SystemActivitiesReceiver: App is trusted
01-04 18:11:01.911  7091  7091 I SystemActivitiesEvents: nativeSystemActivityIntent in 'com.YourCompany.PrototypeV4': 'com.oculus.vrshell' '{"Command":"exitToHome","PlatformUIVersion":4,"ToPackage":"com.YourCompany.PrototypeV4"}' ''
01-04 18:11:01.911  7091  7091 I SystemActivitiesEvents: SYSTEM_ACTIVITY_EVENT_EXIT_TO_HOME: finish() - exit to Home
01-04 18:11:01.912  7091  7091 W any.PrototypeV: Attempt to remove non-JNI local reference, dumping thread
01-04 18:11:01.913  7091  7091 I chatty  : uid=10144(com.YourCompany.PrototypeV4) identical 6 lines
01-04 18:11:01.919  1040  1065 D ActivityManager: Is background playback enabled for all apps: false
01-04 18:11:01.920   744  4032 D AF::TrackHandle: OpPlayAudio: track:57 uid:10014 pkg:com.oculus.shellenv usage:1 not muted
01-04 18:11:01.920   744  5351 D AF::TrackHandle: OpPlayAudio: track:88 uid:10144 pkg:com.YourCompany.PrototypeV4 usage:1 muted
01-04 18:11:01.920   744  4032 D AF::RecordHandle: OpRecordAudio: track:56 uid:10014 pkg:com.oculus.shellenv usage:0 not muted
01-04 18:11:01.921   744   964 D AF::TrackHandle: OpPlayAudio: track:89 uid:10020 pkg:com.oculus.vrshell usage:1 not muted
01-04 18:11:01.921   744  6229 D AF::RecordHandle: OpRecordAudio: track:86 uid:10032 pkg:com.oculus.horizon usage:0 not muted
01-04 18:11:01.921  1247  1247 D VrRuntimeService: onForegroundActivitiesChanged: pid=1946, uid=10014, hasForegroundActivities=true
01-04 18:11:01.922   744  6229 D AF::RecordHandle: OpRecordAudio: track:86 uid:10032 pkg:com.oculus.horizon usage:0 not muted
01-04 18:11:01.923   744  4032 D AF::RecordHandle: OpRecordAudio: track:56 uid:10014 pkg:com.oculus.shellenv usage:0 not muted
01-04 18:11:01.928  1040  4165 W InputReader: Device has associated, but no associated display id.
01-04 18:11:01.933   868  6811 W [CT]    : TIMESTAMPCHECKER: Nominal rate wrong. Estimated data rate: 25, Nominal is 30.000300003000028
01-04 18:11:01.963  1247  6806 I SwapChain: DestroyAndroidSurfaceSwapChain: 0x7e42d12000: Destroying SurfaceTexture 0x2826 Surface 0x2836
01-04 18:11:01.979  1921  2481 W DeviceConfigUtil: Try to get config param "oculus_shared_social:oculus_messenger_reauth_removal" before Device Config has subscribed to the service.
01-04 18:11:01.983  2686  2971 I chatty  : uid=10020(com.oculus.vrshell) ShellMainVR expire 139 lines
01-04 18:11:01.989  1946  1946 D ActivityLifecycleListener: onActivityResumed
01-04 18:11:01.989  1946  2667 D ActivityLifecycleListener: activity=com.oculus.shellenv.ShellEnvActivity@fb8db86, resumed=true
01-04 18:11:01.989  1946  2667 D ActivityLifecycleListener: Activity ready after 0ms
01-04 18:11:01.989  1946  2667 I OpenXR  : nativeOnActivityReady
01-04 18:11:01.991  1247  6806 I CompositorVR: SetSchedFifo( tid=7125, pol=2, pri=0 ) succeeded
01-04 18:11:01.991  1247  6806 I CompositorVR: SetSchedFifo( tid=7237, pol=2, pri=0 ) succeeded
01-04 18:11:01.991  1247  6806 I CompositorVR: SetSchedFifo( tid=7211, pol=2, pri=0 ) succeeded
01-04 18:11:02.006  7091  7190 I chatty  : uid=10144(com.YourCompany.PrototypeV4) expire 3 lines
01-04 18:11:02.013  1946  2041 I Clay    : BaseApp: Hibernate transition Unhibernate
01-04 18:11:02.013  1946  2041 I Clay    : copresence: microphone state transition, unpaused
01-04 18:11:02.014  1946  2041 I Clay    : SoundSystem: setPaused(false), m_paused=true
01-04 18:11:02.015  1289  1289 V AvrcpMediaPlayerList: onPlaybackConfigChanged(): Configs list size=7
01-04 18:11:02.021  1946  2041 I Clay    : EnvironmentSystem: computed visibility changed from Unload to Visible (reason: <none>)
01-04 18:11:02.023  1946  2041 I OpenXR  : PostSessionStateChange: XR_SESSION_STATE_IDLE -> XR_SESSION_STATE_READY
01-04 18:11:02.023  1685  1707 I [CT]    : MIXEDREALITY: MrServiceController: VrFocusManager::Top Activity Changed, topActivity now is: 'com.YourCompany.PrototypeV4', immersiveApp now is: 'com.YourCompany.PrototypeV4'.
01-04 18:11:02.023  1946  2041 I Clay    : xrPollEvent: DISPLAY_REFRESH_RATE_CHANGED_FB: 90.000000 -> 72.000000
01-04 18:11:02.024  1946  2041 I Clay    : xrPollEvent: SESSION_STATE_CHANGED: READY
01-04 18:11:02.024  1946  2041 I Clay    : Entering VR mode: cpu=-1, gpu=-1, perf threads: main=2041, gpu=unset
01-04 18:11:02.024  1946  2041 I OpenXR  : ------------ xrBeginSession [start] -----------
01-04 18:11:02.024  1946  2041 I VrRuntimeClient: Tracing is disabled
01-04 18:11:02.024  1946  2041 I VrRuntimeClient: SysProp debug mode is disabled on Client side
01-04 18:11:02.024  1685  3067 I [CT]    : MIXEDREALITY: MrServiceView: renderIteration: Nothing to render, hibernating the rendering thread since ID is off and no active PT layers.
01-04 18:11:02.024  1685  3067 I [CT]    : MIXEDREALITY: MrServiceModel: Hibernating caller (most likely rendering thread) due to commandQueue being empty.
01-04 18:11:02.025  1946  2041 D VrApi   : targetSDKVersion 29
01-04 18:11:02.025  1946  2041 I VrRuntimeClient: DEVICE MODEL NUMBER = Quest 2
01-04 18:11:02.025  1946  2041 I VrRuntimeClient: DEVICE BUILD NAME = user-49068160412800150
01-04 18:11:02.025  1946  2041 I VrRuntimeClient: DEVICE BUILD TYPE = user
01-04 18:11:02.025  1946  2041 I VrRuntimeClient: DEVICE OS VERSION = 10
01-04 18:11:02.025  1946  2041 I VrRuntimeClient: API LOADER VERSION = 1.0.22
01-04 18:11:02.025  1946  2041 I VrRuntimeClient: RUNTIME API VERSION = 1.0.25
01-04 18:11:02.025  1946  2041 I VrRuntimeClient: RUNTIME VERSION = 47.0.0.282.341 Nov 25 2022 14:16:35 RELEASE
01-04 18:11:02.025  1946  2041 I VrRuntimeClient: APP NAME = ShellEnv
01-04 18:11:02.025  1946  2041 I VrRuntimeClient: APP VERSION = 47.0.0.282.341 versionCode 428237325 internalVersionName 47.0.0.282.341.8e28c4f8052b 2022_12_12_06_39
01-04 18:11:02.025  1946  2041 I VrRuntimeClient: APP VR TYPE = vr_only
01-04 18:11:02.025  1946  2041 I VrRuntimeClient: APP MODE TYPE = VR
01-04 18:11:02.025  1946  2041 I VrRuntimeClient: APP PACKAGE NAME = com.oculus.shellenv
01-04 18:11:02.025  1946  2041 I VrRuntimeClient: APP ACTIVITY CLASS = com.oculus.shellenv.ShellEnvActivity
01-04 18:11:02.025  1946  2041 I Sensor  : OSSDKTRACKING Initializing head tracking
01-04 18:11:02.026  1946  2041 I Sensor  : OSSDKTRACKING Head tracker != nullpointer 0x7de6b3f2f8, 1
01-04 18:11:02.026  1946  2041 I Sensor  : OSSDKTRACKING Initializing controller tracking
01-04 18:11:02.026  1946  2041 I Sensor  : OSSDKTRACKING Controller tracker != nullpointer 0x7dac717cf0, 1
01-04 18:11:02.026  1946  2041 D BatteryReceiver: Registering battery receiver
01-04 18:11:02.030  1040  7075 W AppOps  : Noting op not finished: uid 10020 pkg com.oculus.vrshell code 24 time=1672855861880 duration=-1
01-04 18:11:02.031  1946  2041 D HeadsetReceiver: getCurrentHeadsetState: false
01-04 18:11:02.031  1946  2041 I DeviceStatus: nativeHeadsetEvent(0)
01-04 18:11:02.031  1040  7075 E WindowManager: App trying to use insecure INPUT_FEATURE_NO_INPUT_CHANNEL flag. Ignoring
01-04 18:11:02.032  1946  2041 I VrRuntimeClient: SetCompositorClientFeatureFlag ClientFeatureFlag 0 
01-04 18:11:02.032  1946  2041 I LogTimer: CPUTIME: VrRuntimeClient_BeginSession took 8.3285 ms
01-04 18:11:02.033   719  4121 D msm8974_platform: platform_split_snd_device: snd_device(2) num devices(1) new_snd_devices(0)
01-04 18:11:02.033   719  4121 D ACDB-LOADER: ACDB -> send_audvoltable
01-04 18:11:02.033  1247  1247 I ClientMgr: FocusedWindowChanged: falling back to client with same uid: 10020, and pid: 2686
01-04 18:11:02.033  1247  1247 I ClientMgr: FocusedClient changed.
01-04 18:11:02.033  1247  1247 I ClientMgr: ClientMgr::SetFocusedClient: 2686:com.oculus.vrshell type 1
01-04 18:11:02.033  1247  1247 I ClientMgr: SetFocusedPackageName - packageName com.oculus.vrshell processName com.oculus.vrshell clientId 4103708027 clientPid 2686
01-04 18:11:02.033  1247  1247 I VrRuntimeService: RuntimeIPC: SendFocusChangeEventToAllClients: PostClientEvent SUCCESS: com.oculus.mrservice:com.oculus.mrservice:1685, com.oculus.vrshell, com.oculus.vrshell
01-04 18:11:02.033  1247  1247 I VrRuntimeService: RuntimeIPC: SendFocusChangeEventToAllClients: PostClientEvent SUCCESS: com.YourCompany.PrototypeV4:com.YourCompany.PrototypeV4:7091, com.oculus.vrshell, com.oculus.vrshell
01-04 18:11:02.033  1247  1247 I VrRuntimeService: RuntimeIPC: SendFocusChangeEventToAllClients: PostClientEvent SUCCESS: com.oculus.guardian:com.oculus.vrguardianservice:2765, com.oculus.vrshell, com.oculus.vrshell
01-04 18:11:02.033  1247  1247 I VrRuntimeService: RuntimeIPC: SendFocusChangeEventToAllClients: PostClientEvent SUCCESS: com.oculus.vrshell:com.oculus.vrshell:2686, com.oculus.vrshell, com.oculus.vrshell
01-04 18:11:02.033  1247  1247 I VrRuntimeService: RuntimeIPC: SendFocusChangeEventToAllClients: PostClientEvent SUCCESS: com.oculus.shellenv:com.oculus.shellenv:1946, com.oculus.vrshell, com.oculus.vrshell
01-04 18:11:02.033  1247  1247 I VrRuntimeService: RuntimeIPC: SendFocusChangeEventToAllClients: PostClientEvent SUCCESS: com.oculus.vrshell:com.oculus.vrshell:Overlay:2205, com.oculus.vrshell, com.oculus.vrshell
01-04 18:11:02.033  1946  2041 I ClientInputInterface: DEADRECKONING SetControllerTrackingExtendedDeadreckoning 0
01-04 18:11:02.033  1946  2041 I ClientInputSettings: HANDTRACKING package name is com.oculus.shellenv
01-04 18:11:02.034   719  4121 D ACDB-LOADER: ACDB -> ACDB_CMD_GET_AUDPROC_INSTANCE_GAIN_DEP_STEP_TABLE_SIZE
01-04 18:11:02.034   719  4121 D         : Failed to fetch the lookup information of the device 0000000F 
01-04 18:11:02.034   719  4121 D ACDB-LOADER: Error: ACDB_CMD_GET_AUDPROC_INSTANCE_GAIN_DEP_STEP_TABLE_SIZE Returned = -19
01-04 18:11:02.034   719  4121 D ACDB-LOADER: ACDB -> ACDB_CMD_GET_AUDPROC_INSTANCE_GAIN_DEP_STEP_TABLE, vol index 9
01-04 18:11:02.034   719  4121 D         : Failed to fetch the lookup information of the device 0000000F 
01-04 18:11:02.034   719  4121 D ACDB-LOADER: Error: ACDB AudProc vol returned = -19
01-04 18:11:02.034   719  4121 D ACDB-LOADER: ACDB -> AUDIO_SET_VOL_CAL cal type = 40
01-04 18:11:02.035  3326  3326 D MetaCam (MediaCapabilityChecker): checkMediaHasRecordingCapabilities packageName: com.oculus.vrshell
01-04 18:11:02.035  3326  3326 D MetaCam (MediaCapabilityChecker): checkMediaHasRecordingCapabilities packageName: com.oculus.vrshell
01-04 18:11:02.036  1946  2041 I ClientInputSettings: HANDTRACKING: Manifest Permission request for com.oculus.shellenv
01-04 18:11:02.036  1946  2041 I ClientInputSettings: HANDTRACKING:  'com.oculus.shellenv' Is hands or controller.
01-04 18:11:02.037  1946  2041 I ClientInputSettings: HANDTRACKING: feature flag set to 2
01-04 18:11:02.037  1946  2041 I ClientInputInterface: HANDTRACKING sethandmanifest 2
01-04 18:11:02.037  1946  2041 I InputHooks_Internal: Enabling Native Input Hooks
01-04 18:11:02.037  1946  2041 I InputDeviceManager: ovrInputDeviceManager::Initialize
01-04 18:11:02.037  1946  2041 I Distortion: Initializing Mesh Decenter Correction
01-04 18:11:02.038   868  1027 W TrackingService: attachClient: found client in attached list
01-04 18:11:02.038   837  1020 E CalibrationProvider: loadCalibration(LDISP_SN) failed: Calibration store didn't load any info
01-04 18:11:02.038   837  1020 E CalibrationProvider: loadCalibration(RDISP_SN) failed: Calibration store didn't load any info
01-04 18:11:02.038   868  1027 D TrackingService: getSharedMemory: com.oculus.shellenv, Controller
01-04 18:11:02.038  1946  7336 I InputDevice_TrackedRemote: REMOTE: Hand=2 IndexAnalog=0.00 GripAnalog=0.00 Buttons=0x00000000
01-04 18:11:02.038  1946  7336 I InputDevice_TrackedRemote: Using new float conversion.
01-04 18:11:02.038  1946  7336 I InputDevice_TrackedRemote: REMOTE: Hand=1 IndexAnalog=0.00 GripAnalog=0.00 Buttons=0x00000000
01-04 18:11:02.038  1946  7336 I InputDeviceManager: HANDTRACKING Pointer filter profile changed to: 0
01-04 18:11:02.038  1946  7336 I InputDeviceManager: HANDTRACKING Pointer filter profile changed to: 0
01-04 18:11:02.038  1946  7336 I InputDeviceManager: HANDTRACKING Root pose filter profile changed for (version, freq) to (2, 1) from (1,2)
01-04 18:11:02.038  1946  2041 I Distortion: SetLensPositions - iad=0.063008, left offset=-0.000256851,-0.00102733, right offset=0.000136018,-0.00104481
01-04 18:11:02.038  1946  2041 I Distortion: Initializing Mesh Decenter Correction
01-04 18:11:02.039   837  1020 E CalibrationProvider: loadCalibration(LDISP_SN) failed: Calibration store didn't load any info
01-04 18:11:02.039   837  1020 E CalibrationProvider: loadCalibration(RDISP_SN) failed: Calibration store didn't load any info
01-04 18:11:02.039  1946  2041 I Distortion: SetLensPositions - iad=0.063008, left offset=-0.000256851,-0.00102733, right offset=0.000136018,-0.00104481
01-04 18:11:02.039  1946  2041 I Distortion: Created custom distortion mesh.
01-04 18:11:02.039  1946  2041 I PhaseSync: PhaseSync::PhaseSync PaddingLowerLimit 0.350000 StandardDeviations 2.000000 PaddingUpperLimit 0.750000 on instance 2
01-04 18:11:02.039  1946  2041 I VrRuntimeClient: PhaseSync Instance created
01-04 18:11:02.039  1946  2041 D VrRuntimeClient: pokeGuardianUserServiceForThisClient: com.oculus.shellenv:10014
01-04 18:11:02.040   868  1027 W TrackingService: attachClient: found client in attached list
01-04 18:11:02.040  1946  2041 D VrRuntimeClient: VrRuntimeClient: getClientWindow: activity client
01-04 18:11:02.040   837  1020 E CalibrationProvider: loadCalibration(LDISP_SN) failed: Calibration store didn't load any info
01-04 18:11:02.041   837   837 E CalibrationProvider: loadCalibration(RDISP_SN) failed: Calibration store didn't load any info
01-04 18:11:02.041  1247  2663 I VrRuntimeService: RuntimeServiceSDKServer::EnableRendering: 0x7dbc95c7c0, 1, com.oculus.shellenv
01-04 18:11:02.041  1247  2663 I ClientMgr: ClientMgr::EnableRendering 1946:com.oculus.shellenv : type 0 comp-id 1: enable
01-04 18:11:02.041  1247  2663 I CompositorVR: CheckDebuggerConnected: debugger 0
01-04 18:11:02.041  1247  2663 I VrRuntimeServer: SysProp debug mode is disabled on Server side
01-04 18:11:02.041  2765  2765 D VrGuardianUserService: onStartCommandIntent { act=FOREGROUND_CLIENT cmp=com.oculus.guardian/com.oculus.vrguardianservice.VrGuardianUserService (has extras) }
01-04 18:11:02.041  1247  2663 I UnifiedTelemetryWrapper: Started UT session render:com.oculus.shellenv
01-04 18:11:02.041  2765  2765 D VrGuardianUserService: maybeSubscribeDeviceConfig
01-04 18:11:02.041  2765  2765 D VrGuardianUserService: onStartCommand FOREGROUND_CLIENT user = 0
01-04 18:11:02.041   868  1027 D TrackingService: getSharedMemory: com.oculus.vrshell, Controller
01-04 18:11:02.041  2686  7339 I chatty  : uid=10020(com.oculus.vrshell) OVRInput expire 7 lines
01-04 18:11:02.041  2765  2765 D VrGuardianService: setCurrentUser() called with: userId = [0]
01-04 18:11:02.041  2765  2765 I VrGuardianService: nativeSetCurrentUser userid = 0
01-04 18:11:02.041  2765  2765 I GuardianSystem: GuardianSystem::SetCurrentUser: 0 
01-04 18:11:02.042   837   837 E CalibrationProvider: loadCalibration(LDISP_SN) failed: Calibration store didn't load any info
01-04 18:11:02.042   837   837 E CalibrationProvider: loadCalibration(RDISP_SN) failed: Calibration store didn't load any info
01-04 18:11:02.042  1247  2966 I VrRuntimeService: RuntimeServiceSDKServer::EnableRendering: 0x0, 0, com.oculus.vrshell
01-04 18:11:02.042  1247  2966 I ClientMgr: EnableRendering2: invalid clientWindow, testing uid/pid
01-04 18:11:02.042  1247  2966 I ClientMgr: EnableRendering2: matched uid: 10020 and pid: 2686 
01-04 18:11:02.043  1247  2966 I ClientMgr: EnableRendering2: Calling SetFocusedClient: 4103708027
01-04 18:11:02.043  1247  2966 I ClientMgr: ClientMgr::SetFocusedClient: 2686:com.oculus.vrshell type 1
01-04 18:11:02.043  1247  2966 I ClientMgr: SetFocusedPackageName - packageName com.oculus.vrshell processName com.oculus.vrshell clientId 4103708027 clientPid 2686
01-04 18:11:02.043  1247  2966 I ClientMgr: ClientMgr::EnableRendering 2686:com.oculus.vrshell : type 1 comp-id 5: enable
01-04 18:11:02.043  1247  2966 I CompositorClientMgr: Enable client 5
01-04 18:11:02.043  1247  2966 I VrRuntimeServer: EnableCompositorClient client(5): layer placement(2147483647) flags(0) sm(0x7e3dd59010)
01-04 18:11:02.043  1247  2966 I CompositorVR: CheckDebuggerConnected: debugger 0
01-04 18:11:02.043  1247  2966 I VrRuntimeServer: SysProp debug mode is disabled on Server side
01-04 18:11:02.043  1247  2966 I UnifiedTelemetryWrapper: Started UT session render:com.oculus.vrshell
01-04 18:11:02.043  1921  2482 W OVRLibrary: null cursor received for query content://com.oculus.ocms.library/apps/com.oculus.vrshell
01-04 18:11:02.043  1685  3559 I [CT]    : MIXEDREALITY: MrFeatureStatus: Client status changed from Paused to Started.
01-04 18:11:02.043  1685  3559 I [CT]    : MIXEDREALITY: MrFeatureStatus: Target status Started, CurrentStatus: Started
01-04 18:11:02.043  1685  3067 I [CT]    : MIXEDREALITY: MrServiceView: renderIteration: Nothing to render, hibernating the rendering thread since ID is off and no active PT layers.
01-04 18:11:02.043  1685  3067 I [CT]    : MIXEDREALITY: MrServiceModel: Hibernating caller (most likely rendering thread) due to commandQueue being empty.
01-04 18:11:02.045   719  4121 I audio_hw_primary: getting vr mode to 0
01-04 18:11:02.045   744  4032 I AudioPolicyManagerCustom: VR mode is 0, switch to primary output if request is for fast|raw
01-04 18:11:02.046  1946  2041 I ScreenCaptureHelper: Advertising com.oculus.shellenv as streamable
01-04 18:11:02.046   744  4032 W AudioFlinger: createTrack_l(): mismatch between requested flags (00000104) and output flags (00000006)
01-04 18:11:02.046   744  4032 D AudioFlinger: Client defaulted notificationFrames to 192 for frameCount 384
01-04 18:11:02.046  1946  2041 I VrApi   : OVR::Stats thread started
01-04 18:11:02.046  1946  2041 I XrRuntimeUtils: XrRuntimeUtils::BeginSession
01-04 18:11:02.046  1946  2041 I XrRuntimeSystem_Client: BeginSession
01-04 18:11:02.046  1946  2041 I OpenXR  : ------------ xrBeginSession [end] -----------
01-04 18:11:02.046  1946  2041 I Clay    : Setting CPU/GPU levels= 25/75
01-04 18:11:02.046  1946  2041 I VrRuntimeClient: Client has lost focus.
01-04 18:11:02.048  1921  2116 I OVRMediaService: onStartCommand Received message type: set_package_name, caller package: no_app_identity, app identify: null
01-04 18:11:02.048  1921  2116 I OVRMediaService: Got package name intent (com.oculus.shellenv)
01-04 18:11:02.048   744  4032 D AF::TrackHandle: OpPlayAudio: track:90 uid:10020 pkg:com.oculus.vrshell usage:1 not muted
01-04 18:11:02.048  1946  7345 D VrApi   : targetSDKVersion 29
01-04 18:11:02.049  2686  7342 I chatty  : uid=10020(com.oculus.vrshell) OVR::Stats expire 3 lines
01-04 18:11:02.050  1921  2657 I OVRMediaService: onStartCommand Received message type: overlay_input_focus_change, caller package: com.oculus.vrshell, app identify: AppIdentity{uid=10020, packageNames=[com.oculus.vrshell], sha1=MxZgtt071YLz39PLrkVGckZooCE, sha2=3C-DTjwZQjeLFPB2yCzRq1nqZWa_9HMLIEfpjvyfna8, version=null, domain=null}
01-04 18:11:02.050  1946  7345 I JniUtils: ovr_GetCurrentPackageSignature 
01-04 18:11:02.051  1946  7345 I Metrics : device name = Oculus Quest 2
01-04 18:11:02.051  1921  2116 I OVRMediaServiceManager: Sending onAppStart (com.oculus.shellenv) to SocialPlatform (com.oculus.socialplatform)
01-04 18:11:02.051  1921  2642 W OVRLibrary: null cursor received for query content://com.oculus.ocms.library/apps/com.YourCompany.PrototypeV4
01-04 18:11:02.052  1921  2642 I OVRMediaServiceManager: Sending onAppStart (com.oculus.shellenv) to SocialPlatform (com.oculus.socialplatform)
01-04 18:11:02.054  1247  2158 I ClientMgr: Non-overlay clients rendering status has changed: prev=23, curr=24, enabled=2
01-04 18:11:02.056  1289  1289 V AvrcpMediaPlayerList: onPlaybackConfigChanged(): Configs list size=8
01-04 18:11:02.057  1946  7347 I FenceChecker: FenceChecker::MainLoop - started
01-04 18:11:02.060  1247  2158 D VrRuntimeService: ForegroundAppInfo = {uid=10014 pid=1946 packageName=com.oculus.shellenv processName=com.oculus.shellenv
01-04 18:11:02.060  1247  2158 I ClientMgr: GetForegroundClientId: Found foreground uid 10014.
01-04 18:11:02.060  1247  2158 I ClientMgr: Primary client determined to be foreground client: com.oculus.shellenv.
01-04 18:11:02.060  1247  2158 I ClientMgr: ClientMgr::SetPrimaryCompositorClient: 1946:com.oculus.shellenv
01-04 18:11:02.060  1247  2158 W ClientMgr: ClientMgr::GetClientPermissionFlagsById: Client missing proper permissions: com.oculus.shellenv, 2
01-04 18:11:02.060  1247  2158 I CompositorClientMgr: Enable client 1
01-04 18:11:02.060  1247  2158 I VrRuntimeServer: EnableCompositorClient client(1): layer placement(0) flags(1) sm(0x7e427ef010)
01-04 18:11:02.060  1247  2158 I ClientMgr: SetPrimaryPackageName - packageName com.oculus.shellenv processName com.oculus.shellenv clientId 750024667 clientPid 1946
01-04 18:11:02.060  1247  2158 I ServiceInputManager: ServiceInputManager::SetPrimaryPackageName 'com.oculus.shellenv' 'com.oculus.shellenv'  updated AnytimeUI processname 0
01-04 18:11:02.060  1247  2158 I VrRuntimeService: RuntimeIPC: SendPrimaryPackageChangeEvent: PostClientEvent SUCCESS: com.oculus.mrservice:com.oculus.mrservice:1685, com.oculus.shellenv, com.oculus.shellenv
01-04 18:11:02.060  1247  2158 I VrRuntimeService: RuntimeIPC: SendPrimaryPackageChangeEvent: PostClientEvent SUCCESS: com.YourCompany.PrototypeV4:com.YourCompany.PrototypeV4:7091, com.oculus.shellenv, com.oculus.shellenv
01-04 18:11:02.060  1247  2158 I VrRuntimeService: RuntimeIPC: SendPrimaryPackageChangeEvent: PostClientEvent SUCCESS: com.oculus.guardian:com.oculus.vrguardianservice:2765, com.oculus.shellenv, com.oculus.shellenv
01-04 18:11:02.060  1247  2158 I VrRuntimeService: RuntimeIPC: SendPrimaryPackageChangeEvent: PostClientEvent SUCCESS: com.oculus.vrshell:com.oculus.vrshell:2686, com.oculus.shellenv, com.oculus.shellenv
01-04 18:11:02.060  1247  2158 I VrRuntimeService: RuntimeIPC: SendPrimaryPackageChangeEvent: PostClientEvent SUCCESS: com.oculus.shellenv:com.oculus.shellenv:1946, com.oculus.shellenv, com.oculus.shellenv
01-04 18:11:02.060  1247  2158 I VrRuntimeService: RuntimeIPC: SendPrimaryPackageChangeEvent: PostClientEvent SUCCESS: com.oculus.vrshell:com.oculus.vrshell:Overlay:2205, com.oculus.shellenv, com.oculus.shellenv
01-04 18:11:02.060  1247  2158 D VrRuntimeService: sendPrimaryPackageChangeBroadcast
01-04 18:11:02.061  1247  6806 I CompositorVR: LatchWarpClients: Multiple Primary Clients detected. Skipping frames for 8
01-04 18:11:02.061  1946  2041 I OpenXR  : PostSessionStateChange: XR_SESSION_STATE_READY -> XR_SESSION_STATE_SYNCHRONIZED
01-04 18:11:02.061  1247  6806 I CompositorVR: SetSchedFifo( tid=2041, pol=3, pri=0 ) succeeded
01-04 18:11:02.061  1247  6806 I CompositorVR: SetSchedFifo( tid=7347, pol=3, pri=0 ) succeeded
01-04 18:11:02.061  2765  2970 I GuardianSystem: runtimeServiceSDKClient_.ForceShowGuardianEvent
01-04 18:11:02.061  2765  2970 I GuardianSystem: ForceShowGuardian: false, 0.00
01-04 18:11:02.061  2765  2970 I GuardianSystem: runtimeServiceSDKClient_.PackageChangeEvent: package=[com.oculus.shellenv], process=[com.oculus.shellenv]
01-04 18:11:02.061  2765  2970 I GuardianSystem: SetCurrentProcessName: com.oculus.shellenv, previous ProcessName: com.YourCompany.PrototypeV4
01-04 18:11:02.061  1247  2158 I AADT    : SetAADTLutDataX: 0
01-04 18:11:02.061  1247  2158 I AADT    : SetAADTLutDataY: 0
01-04 18:11:02.061  1247  2158 I ServiceInputManager: DEADRECKONING deadReckoning mode on ClientMgr from server is 0
01-04 18:11:02.062  1247  2158 I CompositorClientMgr: Enable client 0
01-04 18:11:02.062  1247  2158 I VrRuntimeServer: EnableCompositorClient client(0): layer placement(2147483643) flags(8) sm(0x7dedbe2160)
01-04 18:11:02.065  1946  2041 I Clay    : xrPollEvent: SESSION_STATE_CHANGED: SYNCHRONIZED
01-04 18:11:02.065  1685  1707 I [CT]    : MIXEDREALITY: MrServiceController: VrFocusManager::Top Activity Changed, topActivity now is: 'com.YourCompany.PrototypeV4', immersiveApp now is: 'com.YourCompany.PrototypeV4'.
01-04 18:11:02.066  1685  3067 I [CT]    : MIXEDREALITY: MrServiceView: renderIteration: Nothing to render, hibernating the rendering thread since ID is off and no active PT layers.
01-04 18:11:02.067  1685  3067 I [CT]    : MIXEDREALITY: MrServiceModel: Hibernating caller (most likely rendering thread) due to commandQueue being empty.
01-04 18:11:02.068  1247  2158 I Vsync   : Adjusting vsync display refresh rate 72.000000 -> 90.000000
01-04 18:11:02.070  1247  6806 I CompositorVR: LatchWarpClients: Multiple Primary Clients detected. Skipping frames for 8
01-04 18:11:02.070  1247  6806 I CompositorVR: WarpToScreen: Skipping frames for 8
01-04 18:11:02.074  2686  7344 I chatty  : uid=10020(com.oculus.vrshell) AudioTrack expire 2 lines
01-04 18:11:02.075  1247  6806 I AADT    : SetAADTLutDataX. Thread. SizeX: 0
01-04 18:11:02.075  1247  6806 I AADT    : SetAADTLutDataY. Thread. SizeY: 0
01-04 18:11:02.076  1247  1247 D VrRuntimeService: onForegroundActivitiesChanged: pid=2686, uid=10020, hasForegroundActivities=false
01-04 18:11:02.076  1040  1744 I MediaFocusControl: requestAudioFocus() from uid/pid 10020/2686 clientId=android.media.AudioManager@2f7cebdcom.oculus.vrshell.ShellAudioFocusHandler@7aeccb2 callingPack=com.oculus.vrshell req=1 flags=0x0 sdk=29
01-04 18:11:02.084  1921  2657 I OVRMediaService: Received OVERLAY_INPUT_FOCUS_CHANGE. is focused: true
01-04 18:11:02.084  1247  6806 I CompositorVR: WarpToScreen: Skipping frames for 8
01-04 18:11:02.085  1660  1701 D RPCServer: RegisterClient: Client: com.oculus.vrshell:com.oculus.vrshell:2686, Server: com.oculus.os.dialoghost:com.oculus.os.dialoghost (DialogHostService)
01-04 18:11:02.086  1660  1701 I IPCSharedMemory: CreateSharedMemory: Allocated shared memory fd 47 (ipcStateReadWrite)
01-04 18:11:02.087  1660  1701 I IPCSharedMemory: CreateSharedMemory: Allocated shared memory fd 48 (ipcReadOnlyState)
01-04 18:11:02.087  1660  1701 I RPCClientHandler: Event buffer size (server): 8192
01-04 18:11:02.087  1660  1701 I IPCSharedMemory: CreateSharedMemory: Allocated shared memory fd 51 (ipcEventBuffer)
01-04 18:11:02.087  1660  1701 I IPCSharedMemory: CreateSharedMemory: Allocated shared memory fd 52 (ipcEventBuffer_Private)
01-04 18:11:02.088   873  1213 D VrApiService: refresh-rate changed to 90Hz
01-04 18:11:02.091  1660  1701 I RuntimeIPCServerMgr: HandleClientConnect SUCCESS: Client: com.oculus.vrshell:com.oculus.vrshell:2686, Server: com.oculus.os.dialoghost:com.oculus.os.dialoghost (DialogHostService)
01-04 18:11:02.091  1623  1623 D OculusNotificationListenerService: Notification posted: 0|android|0|com.android.server.wm.AlertWindowNotification - com.oculus.vrshell|1000
01-04 18:11:02.092   783   994 I SDM     : HWCDisplayBuiltIn::Validate: Validate +++ enable cac = 0
01-04 18:11:02.092   719  1122 D msm8974_platform: platform_split_snd_device: snd_device(2) num devices(1) new_snd_devices(0)
01-04 18:11:02.093   719  1122 D ACDB-LOADER: ACDB -> send_audvoltable
01-04 18:11:02.093   719  1122 D ACDB-LOADER: ACDB -> ACDB_CMD_GET_AUDPROC_INSTANCE_GAIN_DEP_STEP_TABLE_SIZE
01-04 18:11:02.093   719  1122 D         : Failed to fetch the lookup information of the device 0000000F 
01-04 18:11:02.093   719  1122 D ACDB-LOADER: Error: ACDB_CMD_GET_AUDPROC_INSTANCE_GAIN_DEP_STEP_TABLE_SIZE Returned = -19
01-04 18:11:02.093   719  1122 D ACDB-LOADER: ACDB -> ACDB_CMD_GET_AUDPROC_INSTANCE_GAIN_DEP_STEP_TABLE, vol index 10
01-04 18:11:02.093   719  1122 D         : Failed to fetch the lookup information of the device 0000000F 
01-04 18:11:02.093   719  1122 D ACDB-LOADER: Error: ACDB AudProc vol returned = -19
01-04 18:11:02.093   719  1122 D ACDB-LOADER: ACDB -> AUDIO_SET_VOL_CAL cal type = 40
01-04 18:11:02.095  1289  1289 V AvrcpMediaPlayerList: onPlaybackConfigChanged(): Configs list size=8
01-04 18:11:02.096  1247  1263 E BufferQueueProducer: [SurfaceTexture-139-1247-9] dequeueBuffer: BufferQueue has been abandoned
01-04 18:11:02.096   748   748 E CompositionEngine: ANativeWindow::dequeueBuffer failed for display [com.oculus.android_panel_app.AndroidPanelLayer-#main] with error: -19
01-04 18:11:02.096   748   748 W SurfaceFlinger: Dequeuing buffer for display [com.oculus.android_panel_app.AndroidPanelLayer-#main] failed, bailing out of client composition for this frame
01-04 18:11:02.097  1289  1289 V AvrcpMediaPlayerList: onPlaybackConfigChanged(): Configs list size=8
01-04 18:11:02.098  1247  6806 I CompositorVR: WarpToScreen: Skipping frames for 8
01-04 18:11:02.106   868  6811 W [CT]    : VEGA:MAP_TRACKING_HM: [Throttled count=8] Bad map tracking: map tracking failed @ Submap id = 2, version = 308832465 with status: 2
01-04 18:11:02.110  1247  2158 I VrRuntimeServer: DisableCompositorClient: 0
01-04 18:11:02.110  1247  2158 I CompositorClientMgr: Disable client 0
01-04 18:11:02.110  1247  2158 I CompositorClientMgr: DisableClient: frame flush required: 1
01-04 18:11:02.112  1247  6806 I CompositorVR: LatchWarpClients: Multiple Primary Clients detected. Skipping frames for 8
01-04 18:11:02.112  1247  6806 I CompositorVR: WarpToScreen: Skipping frames for 8
01-04 18:11:02.115  1660  1701 I RPCServer: GetServerStatesConfig -> {MaxBufferSize=32768, MaxEntries=64}
01-04 18:11:02.115  1247  2512 I VrRuntimeService: DestroySwapChain: swapchain=182
01-04 18:11:02.115  1247  2141 I SwapChain: DestroyAndroidSurfaceSwapChain: 0x7e42f3a000: Destroying SurfaceTexture 0x27e6 Surface 0x27f6
01-04 18:11:02.115  1247  2512 I VrRuntimeServer: DestroyTextureSwapChain: result destroyswapchain 1
01-04 18:11:02.117  1247  2512 I VrRuntimeService: DestroySwapChain: swapchain=180
01-04 18:11:02.117  1247  2141 I SwapChain: DestroyAndroidSurfaceSwapChain: 0x7de3438000: Destroying SurfaceTexture 0x27aa Surface 0x27ba
01-04 18:11:02.117  1247  6806 I Vsync   : Vsync 4088:  1 x 11.14 ms (71.83 Hz, at 6642.463)
01-04 18:11:02.118  1247  2512 I VrRuntimeServer: DestroyTextureSwapChain: result destroyswapchain 1
01-04 18:11:02.120  1660  1701 I RPCServer: HandleClientDisconnect: Client: com.oculus.vrshell:com.oculus.vrshell:Overlay:2205, Server: com.oculus.os.dialoghost:com.oculus.os.dialoghost (DialogHostService)
01-04 18:11:02.123  1247  6806 I CompositorVR: WarpToScreen: Skipping frames for 8
01-04 18:11:02.127  1247  2512 I VrRuntimeService: DestroySwapChain: swapchain=183
01-04 18:11:02.127  1685  3107 I [CT]    : MIXEDREALITY: MrFeatureStatus: Client status changed from Started to Paused.
01-04 18:11:02.128  1685  3107 I [CT]    : MIXEDREALITY: MrFeatureStatus: Target status Started, CurrentStatus: Started
01-04 18:11:02.128  1685  3067 I [CT]    : MIXEDREALITY: MrServiceView: renderIteration: Nothing to render, hibernating the rendering thread since ID is off and no active PT layers.
01-04 18:11:02.128  1685  3067 I [CT]    : MIXEDREALITY: MrServiceModel: Hibernating caller (most likely rendering thread) due to commandQueue being empty.
01-04 18:11:02.129  1921  2642 E OVRMediaServiceManager: LivestreamingManager Not initialized
01-04 18:11:02.132  1247  6806 I CompositorVR: WarpToScreen: Skipping frames for 8
01-04 18:11:02.133  1946  2041 I Clay    : xrPollEvent: DISPLAY_REFRESH_RATE_CHANGED_FB: 72.000000 -> 90.000000
01-04 18:11:02.139   868  6714 I [CT]    : boltlib: DSP utilization: 6.80 % (340 / 5004 ms)
01-04 18:11:02.143  1247  6806 I CompositorVR: WarpToScreen: Skipping frames for 8
01-04 18:11:02.148  1623  1623 D OculusNotificationListenerService: Notification removed: 0|android|0|com.android.server.wm.AlertWindowNotification - com.oculus.vrshell|1000
01-04 18:11:02.155  1247  6806 I CompositorVR: WarpToScreen: Skipping frames for 8
01-04 18:11:02.155  1921  2116 E OVRMediaServiceManager: LivestreamingManager Not initialized
01-04 18:11:02.165  1040  1070 E system_server: Dex checksum does not match for dex: /system/priv-app/ShellEnv/ShellEnv.apk.Expected: 1576427906, actual: 3617447080
01-04 18:11:02.166  1247  6806 I CompositorVR: WarpToScreen: Skipping frames for 8
01-04 18:11:02.166  1921  2482 I OVRMediaService: onStartCommand Received message type: overlay_input_focus_change, caller package: com.oculus.vrshell, app identify: AppIdentity{uid=10020, packageNames=[com.oculus.vrshell], sha1=MxZgtt071YLz39PLrkVGckZooCE, sha2=3C-DTjwZQjeLFPB2yCzRq1nqZWa_9HMLIEfpjvyfna8, version=null, domain=null}
01-04 18:11:02.177  1247  6806 I CompositorVR: WarpToScreen: Skipping frames for 8
01-04 18:11:02.177  1921  2482 I OVRMediaService: Received OVERLAY_INPUT_FOCUS_CHANGE. is focused: false
01-04 18:11:02.178  1040  1070 I ActivityTaskManager: Displayed com.oculus.shellenv/.ShellEnvActivity: +212ms
01-04 18:11:02.184   868  6771 I [CT]    : INPUT_TRACKING:Behavior:NearHeadMoving: [Left] state transition: TorsoInitialized -> InRange
01-04 18:11:02.184  1247  2512 I VrRuntimeService: RuntimeServiceSDKServer::EnableRendering: 0x0, 0, com.oculus.vrshell:Overlay
01-04 18:11:02.184  1247  2512 I ClientMgr: ClientMgr::EnableRendering 2205:com.oculus.vrshell : type 1 comp-id 2: disable
01-04 18:11:02.184  1247  2512 I VrRuntimeServer: DisableCompositorClient: 2
01-04 18:11:02.184  1247  2512 I CompositorClientMgr: Disable client 2
01-04 18:11:02.184  1247  2512 I CompositorClientMgr: DisableClient: frame flush required: 1
01-04 18:11:02.188  1247  6806 I CompositorVR: WarpToScreen: Skipping frames for 8
01-04 18:11:02.195  1247  2512 I UnifiedTelemetryWrapper: Stopped UT session render:com.oculus.vrshell:Overlay
01-04 18:11:02.199  1247  6806 I CompositorVR: LatchWarpClients: Multiple Primary Clients detected. Skipping frames for 8
01-04 18:11:02.199  1247  6806 I CompositorVR: WarpToScreen: Skipping frames for 8
01-04 18:11:02.210  1247  6806 I CompositorVR: WarpToScreen: Skipping frames for 8
01-04 18:11:02.221  1247  6806 I CompositorVR: WarpToScreen: Skipping frames for 8
01-04 18:11:02.222  1247  2966 I VrRuntimeService: RuntimeServiceSDKServer::RecenterLocalSpace
01-04 18:11:02.222  1247  2966 I VrRuntimeService: RuntimeServiceSDKServer::RecenterLocalSpaceInternal
01-04 18:11:02.222  1247  2966 I VrRuntimeServer: UpdateLocalSpace: Src: 2, Version: 18, VersionUser: 0, RawFloorHeightOld: -1.457830, RawFloorHeightNew: -1.457830
01-04 18:11:02.229  1946  2041 I Clay    : Local user with id 106765628877334 does have a custom avatar
01-04 18:11:02.229  1946  2041 I Clay    : xrPollEvent: REFERENCE_SPACE_CHANGE_PENDING
01-04 18:11:02.231  2765  2970 I GuardianSystem: UpdateSystem: Responding to local space version number change.
01-04 18:11:02.231  2765  2970 I GuardianSurfaceMgr: ForceShowSurfaceBounds: Soft fade out: currentTime 6642.58, ForceShowTime 6643.58, ForceShowFadeTime 6644.58
01-04 18:11:02.231  2765  2970 I GuardianSystem: ForceShowGuardian: false, 1.00
01-04 18:11:02.232  1247  6806 I CompositorVR: WarpToScreen: Skipping frames for 8
01-04 18:11:02.235  1247  2663 I VrRuntimeService: CreateAndroidSurfaceSwapChain: 750024667
01-04 18:11:02.235  1247  2663 I VrRuntimeService: CreateAndroidSurfaceSwapChain: 131072 1 32856 65536 65536 1 1 1 0 3
01-04 18:11:02.236  1247  2141 I SwapChain_Surface: CreateAndroidSurfaceSwapChainGLES: 0x7de3438000: SurfaceTexture 0x27b2 Surface 0x27a2
01-04 18:11:02.236  1247  2663 I VrRuntimeServer: CreateAndroidSurfaceSwapChain: result surface 0x7de3438000
01-04 18:11:02.237  1247  2663 I VrRuntimeService: CreateAndroidSurfaceSwapChain: 750024667
01-04 18:11:02.238  1247  2663 I VrRuntimeService: CreateAndroidSurfaceSwapChain: 131072 1 32856 65536 65536 1 1 1 0 3
01-04 18:11:02.238  1247  2141 I SwapChain_Surface: CreateAndroidSurfaceSwapChainGLES: 0x7dc1026000: SurfaceTexture 0x2846 Surface 0x2856
01-04 18:11:02.238  1247  2663 I VrRuntimeServer: CreateAndroidSurfaceSwapChain: result surface 0x7dc1026000
01-04 18:11:02.243  1247  6806 I CompositorVR: WarpToScreen: Skipping frames for 8
01-04 18:11:02.251  1946  2041 I Clay    : EnvironmentSystem: setCurrentEnvironment from '' to 'apk://com.environment.matrixloadingvoid/assets/scene.zip'. Computed visibility: Visible (reason: <none>)
01-04 18:11:02.255  1247  6806 I CompositorVR: WarpToScreen: Skipping frames for 8
01-04 18:11:02.255  2686  2971 I chatty  : uid=10020(com.oculus.vrshell) ShellMainVR expire 12 lines
01-04 18:11:02.260  1660  1701 I RPCServer: GetServerStatesConfig -> {MaxBufferSize=32768, MaxEntries=64}
01-04 18:11:02.261  1946  2041 I Clay    : EnvironmentSystem: Loading 'apk://com.environment.matrixloadingvoid/assets/scene.zip' as asset package
01-04 18:11:02.262  2686  7352 I chatty  : uid=10020(com.oculus.vrshell) FenceChecker expire 1 line
01-04 18:11:02.264  2686  2971 I chatty  : uid=10020(com.oculus.vrshell) ShellMainVR expire 7 lines
01-04 18:11:02.264  2686  2971 I [SEO] VrPlatformOpenXr: xrPollEvent: received XR_TYPE_EVENT_DATA_SESSION_STATE_CHANGED: 4 for session 0x2 at time 6642.609591
01-04 18:11:02.264  2686  2971 I [SEO] VrPlatformOpenXr: Session state changed XR_SESSION_STATE_VISIBLE
01-04 18:11:02.264  2686  2971 I [SEO] VrPlatformOpenXr: xrPollEvent: received XR_TYPE_EVENT_DATA_SESSION_STATE_CHANGED: 5 for session 0x2 at time 6642.609600
01-04 18:11:02.264  2686  2971 I [SEO] VrPlatformOpenXr: Session state changed XR_SESSION_STATE_FOCUSED
01-04 18:11:02.266  1247  6806 I CompositorVR: WarpToScreen: Skipping frames for 8
01-04 18:11:02.270  2765  2970 I StateMachine: StateMachine::Update ForceShow: forceShowForTime -> ForceShowOnForTime
01-04 18:11:02.273  2686  2971 I [SEO] ShellEnvHomeController: copresence: processing currentCollisionShapes
01-04 18:11:02.273  2686  2971 I [SEO] ShellEnvHomeController: Theaterscreen transform node set for the env size x: 4.660000, y: 2.621250
01-04 18:11:02.273  2686  2971 I [SEO] LocalSpace: New Space: quat(-0.156933, 0.002139, 0.013462, 0.987515), translation(0.000000, 1.442858, 0.000000) - Prior Space: quat(-0.156933, 0.002139, 0.013462, 0.987515), translation(0.000000, 1.442858, 0.000000)
01-04 18:11:02.273  2686  2971 I [SEO] LocalSpace: Local space version from 6 to 7, local space user version from 0 to 0.
01-04 18:11:02.274  2686  2971 I [SEO] SystemUXController: Home button release detected.
01-04 18:11:02.274  2686  2971 I [SEO] TelemetryProvider: Toggling egocentric panels visible: true
01-04 18:11:02.274  2686  2971 I [SEO] SystemTaskBar: UpdateVisiblity(cooperative, 0)
01-04 18:11:02.274  2686  2971 I [SEO] SystemUXController: OnReorient(reason: 3)
01-04 18:11:02.277  1247  6806 I CompositorVR: WarpToScreen: Skipping frames for 8
01-04 18:11:02.277  2686  2971 I [SEO] TelemetryProvider: aui_reorient system -1 0 0 com.oculus.shellenv
01-04 18:11:02.288  1247  6806 I CompositorVR: WarpToScreen: Skipping frames for 8
01-04 18:11:02.290  1040  7075 I DisplayManagerService: Display device removed: DisplayDeviceInfo{"com.oculus.android_panel_app.AndroidPanelLayer-#main": uniqueId="virtual:com.oculus.systemux,10026,com.oculus.android_panel_app.AndroidPanelLayer-#main,1", 1000 x 625, modeId 87, defaultModeId 87, supportedModes [{id=87, width=1000, height=625, fps=60.0}], colorMode 0, supportedColorModes [0], HdrCapabilities null, density 200, 200.0 x 200.0 dpi, appVsyncOff 0, presDeadline 16666666, touch NONE, rotation 0, type VIRTUAL, state ON, owner com.oculus.systemux (uid 10026), FLAG_PRIVATE, FLAG_NEVER_BLANK, FLAG_OWN_CONTENT_ONLY}
01-04 18:11:02.299  1247  6806 I CompositorVR: WarpToScreen: Skipping frames for 8
01-04 18:11:02.299  3456  7225 I chatty  : uid=10026 com.oculus.systemux:SystemUX expire 2 lines
01-04 18:11:02.310  1247  6806 I CompositorVR: WarpToScreen: Skipping frames for 8
01-04 18:11:02.321  1247  6806 I CompositorVR: WarpToScreen: Skipping frames for 8
01-04 18:11:02.333  1247  6806 I CompositorVR: WarpToScreen: Skipping frames for 8
01-04 18:11:02.344  1247  6806 I CompositorVR: WarpToScreen: Skipping frames for 8
01-04 18:11:02.355  1247  6806 I CompositorVR: WarpToScreen: Skipping frames for 8
01-04 18:11:02.366  1247  6806 I CompositorVR: WarpToScreen: Skipping frames for 8
01-04 18:11:02.377  1247  6806 I CompositorVR: WarpToScreen: Skipping frames for 8
01-04 18:11:02.388  1247  6806 I CompositorVR: WarpToScreen: Skipping frames for 8
01-04 18:11:02.395  1946  2041 I Clay    : EnvironmentSystem::update: setting scene background audio for scene zip 'apk://com.environment.matrixloadingvoid/assets/scene.zip'
01-04 18:11:02.395  1946  2041 I Clay    : EnvironmentAudioSystem::setSceneBackgroundLoop: set scene audio: apk://com.environment.matrixloadingvoid/assets/scene.zip
01-04 18:11:02.396  1946  2041 I Clay    : EnvironmentSystem: Scene loaded
01-04 18:11:02.396  1946  2041 I Clay    : SharedHomeSystem::_onEnvironmentActivated
01-04 18:11:02.399  1247  6806 I CompositorVR: WarpToScreen: Skipping frames for 8
01-04 18:11:02.407  2205  7311 I [OAO] AudioMixer: Notifying VrThread to shutdown.
01-04 18:11:02.407  2205  2615 I [OAO] AudioMixer: Successful shutdown.
01-04 18:11:02.407  2205  2615 I [OAO] AudioEngine: virtual void AudioLibrary::AudioEngine::DisablePlayer()
01-04 18:11:02.407  2205  2615 I [OAO] AudioEngine: Setting ShuttingDown.
01-04 18:11:02.410  2686  2971 I [SEO] ShellEnvHomeController: copresence: received setCollisionShapes
01-04 18:11:02.411  1247  6806 I CompositorVR: WarpToScreen: Skipping frames for 8
01-04 18:11:02.414  2686  2971 I [SEO] ShellEnvHomeController: copresence: processing currentCollisionShapes
01-04 18:11:02.414  2686  2971 I [SEO] ShellEnvHomeController: Theaterscreen transform node set for the env size x: 4.660000, y: 2.621250
01-04 18:11:02.422  1247  6806 I CompositorVR: WarpToScreen: Skipping frames for 8
01-04 18:11:02.425  1946  7355 D CCodec  : allocate(c2.android.vorbis.decoder)
01-04 18:11:02.425   831  4519 V C2Store : in init
01-04 18:11:02.425   831  4519 V C2Store : loading dll
01-04 18:11:02.427  2205  7311 I [OAO] AudioMixer: Notifying VrThread to shutdown.
01-04 18:11:02.427  2205  7311 I [OAO] AudioEngine: Fading final buffer
01-04 18:11:02.432  1946  7355 I CCodec  : Created component [c2.android.vorbis.decoder]
01-04 18:11:02.432  1946  7355 D CCodecConfig: read media type: audio/vorbis
01-04 18:11:02.433  1247  6806 I CompositorVR: WarpToScreen: Skipping frames for 8
01-04 18:11:02.434  1946  7355 D ReflectedParamUpdater: extent() != 1 for single value type: algo.buffers.max-count.values
01-04 18:11:02.434  1946  7355 D ReflectedParamUpdater: extent() != 1 for single value type: output.subscribed-indices.values
01-04 18:11:02.434  1946  7355 D ReflectedParamUpdater: extent() != 1 for single value type: input.buffers.allocator-ids.values
01-04 18:11:02.434  1946  7355 D ReflectedParamUpdater: extent() != 1 for single value type: output.buffers.allocator-ids.values
01-04 18:11:02.434  1946  7355 D ReflectedParamUpdater: extent() != 1 for single value type: algo.buffers.allocator-ids.values
01-04 18:11:02.434  1946  7355 D ReflectedParamUpdater: extent() != 1 for single value type: output.buffers.pool-ids.values
01-04 18:11:02.434  1946  7355 D ReflectedParamUpdater: extent() != 1 for single value type: algo.buffers.pool-ids.values
01-04 18:11:02.435  1946  7355 I CCodecConfig: query failed after returning 7 values (BAD_INDEX)
01-04 18:11:02.435  1946  7355 D CCodecConfig: c2 config diff is Dict {
01-04 18:11:02.435  1946  7355 D CCodecConfig:   c2::u32 coded.bitrate.value = 64000
01-04 18:11:02.435  1946  7355 D CCodecConfig:   c2::u32 input.buffers.max-size.value = 32768
01-04 18:11:02.435  1946  7355 D CCodecConfig:   c2::u32 input.delay.value = 0
01-04 18:11:02.435  1946  7355 D CCodecConfig:   string input.media-type.value = "audio/vorbis"
01-04 18:11:02.435  1946  7355 D CCodecConfig:   string output.media-type.value = "audio/raw"
01-04 18:11:02.435  1946  7355 D CCodecConfig:   c2::u32 raw.channel-count.value = 1
01-04 18:11:02.435  1946  7355 D CCodecConfig:   c2::u32 raw.sample-rate.value = 48000
01-04 18:11:02.435  1946  7355 D CCodecConfig: }
01-04 18:11:02.435  1946  7355 D CCodecConfig: no c2 equivalents for durationUs
01-04 18:11:02.435  1946  7355 D CCodecConfig: no c2 equivalents for csd-1
01-04 18:11:02.435  1946  7355 D CCodecConfig: no c2 equivalents for track-id
01-04 18:11:02.435  1946  7355 D CCodecConfig: no c2 equivalents for channel-mask
01-04 18:11:02.436  1946  7355 D CCodecConfig: c2 config diff is   c2::u32 raw.channel-count.value = 2
01-04 18:11:02.436  1946  7355 D CCodecConfig:   c2::u32 raw.sample-rate.value = 44100
01-04 18:11:02.436  1946  7355 W Codec2Client: query -- param skipped: index = 1107298332.
01-04 18:11:02.436  1946  7355 D CCodec  : setup formats input: AMessage(what = 0x00000000) = {
01-04 18:11:02.436  1946  7355 D CCodec  :   int32_t channel-count = 2
01-04 18:11:02.436  1946  7355 D CCodec  :   int32_t max-input-size = 32768
01-04 18:11:02.436  1946  7355 D CCodec  :   string mime = "audio/vorbis"
01-04 18:11:02.436  1946  7355 D CCodec  :   int32_t sample-rate = 44100
01-04 18:11:02.436  1946  7355 D CCodec  : } and output: AMessage(what = 0x00000000) = {
01-04 18:11:02.436  1946  7355 D CCodec  :   int32_t channel-count = 2
01-04 18:11:02.436  1946  7355 D CCodec  :   string mime = "audio/raw"
01-04 18:11:02.436  1946  7355 D CCodec  :   int32_t sample-rate = 44100
01-04 18:11:02.436  1946  7355 D CCodec  :   int32_t channel-mask = 3
01-04 18:11:02.436  1946  7355 D CCodec  : }
01-04 18:11:02.438   831  3619 V C2Store : in ~ComponentModule
01-04 18:11:02.438   831  3619 V C2Store : unloading dll
01-04 18:11:02.444  1247  6806 I CompositorVR: WarpToScreen: Skipping frames for 8
01-04 18:11:02.446  2205  7311 I [OAO] AudioEngine: Notifying VrThread to shutdown.
01-04 18:11:02.446  2205  7311 D         : PlayerBase::stop() from IPlayer
01-04 18:11:02.446  2205  7311 D AudioTrack: stop(60): called with 86400 frames delivered
01-04 18:11:02.446  2205  2615 I [OAO] AudioEngine: Stopping player
01-04 18:11:02.447  2205  2615 D         : PlayerBase::stop() from IPlayer
01-04 18:11:02.448  1289  1289 V AvrcpMediaPlayerList: onPlaybackConfigChanged(): Configs list size=8
01-04 18:11:02.449  2205  2615 D [OAO] ShellApplication: setOverlayInputFocus: inputFocus=false shouldSupportIME=false
01-04 18:11:02.449  1289  1289 V AvrcpMediaPlayerList: onPlaybackConfigChanged(): Configs list size=7
01-04 18:11:02.450  2205  2615 D [OAO] BaseOverlayService: setOverlayInputFocus : entrypoint - inputFocus=false shouldSupportIME=false
01-04 18:11:02.450  2205  2615 I [OAO] SystemAssistant: OnModeChanged from FullShell to ImmersiveAppFocused
01-04 18:11:02.450  2205  2205 D [OAO] BaseOverlayService: detachServiceWindowView
01-04 18:11:02.450  2205  2205 D [OAO] BaseOverlayService: setOverlayInputFocus : completed - inputFocus=false shouldSupportIME=false actionTaken:false
01-04 18:11:02.452  2205  2615 I [OAO] ShellOverlayApp: Start sleep timeout. Now:6642.797327, Timeout:6644.797327
01-04 18:11:02.455  1247  6806 I CompositorVR: WarpToScreen: Skipping frames for 8
01-04 18:11:02.466  1247  6806 I CompositorVR: WarpToScreen: Skipping frames for 8
01-04 18:11:02.470  1946  7359 D CCodec  : allocate(c2.android.vorbis.decoder)
01-04 18:11:02.470   831  3619 V C2Store : in init
01-04 18:11:02.470   831  3619 V C2Store : loading dll
01-04 18:11:02.475  1946  7359 I CCodec  : Created component [c2.android.vorbis.decoder]
01-04 18:11:02.475  1946  7359 D CCodecConfig: read media type: audio/vorbis
01-04 18:11:02.476  1946  7359 D ReflectedParamUpdater: extent() != 1 for single value type: algo.buffers.max-count.values
