--------- beginning of system
01-02 13:32:20.118  1022  1839 I ActivityTaskManager: START u0 {flg=0x10000000 cmp=com.YourCompany.PrototypeV4/com.epicgames.ue4.GameActivity} from uid 2000
01-02 13:32:20.152  1022  1045 D ActivityManager: Is background playback enabled for all apps: false
01-02 13:32:20.186  1022  1052 D ActivityManager: Is background playback enabled for all apps: false
--------- beginning of tracking
01-02 13:32:20.186   748  1263 E SensorService: Failed to set simple multi haptics, ret: -1
01-02 13:32:20.186  1022  1052 I ActivityManager: Start proc 7062:com.YourCompany.PrototypeV4/u0a141 for activity {com.YourCompany.PrototypeV4/com.epicgames.ue4.GameActivity}
01-02 13:32:20.277  1022  1051 W ActivityManager: Skipping broadcast of Intent { act=com.oculus.intent.action.PRIVACY_INDICATORS_UPDATE flg=0x10 pkg=com.oculus.systemux (has extras) }: user 10033 and its parent (if any) are stopped
01-02 13:32:20.824  1022  3301 E WindowManager: App trying to use insecure INPUT_FEATURE_NO_INPUT_CHANNEL flag. Ignoring
01-02 13:32:20.851   860  1008 W TrackingService: attachClient: found client in attached list
01-02 13:32:20.852   860  1008 D TrackingService: getSharedMemory: com.oculus.guardian#3167, Controller
01-02 13:32:20.854   860   860 W TrackingService: attachClient: found client in attached list
01-02 13:32:20.854   860   860 D TrackingService: getSharedMemory: com.oculus.systemdriver#2453, Controller
01-02 13:32:20.858  1022  3300 W ActivityManager: Package for pid 843: no process record found
01-02 13:32:20.859   860   860 W TrackingService: attachClient: found client in attached list
01-02 13:32:20.871   860   860 D TrackingService: getSharedMemory: /system/bin/mrsystemservice, Controller
01-02 13:32:21.147   748  6915 I FrameSetDispatcher: [HEADSET] Client thread stopping
01-02 13:32:21.148   748  1263 I FrameSetDispatcher: [HEADSET] Client thread joined
01-02 13:32:21.148   748  1263 I CameraClientManager: [HEADSET] Removed client (843) - started clients: 3
01-02 13:32:21.496   860  1008 W TrackingService: attachClient: found client in attached list
01-02 13:32:21.498   860  1008 D TrackingService: getSharedMemory: com.oculus.systemdriver, HeadTracker
01-02 13:32:21.504   860  1008 W TrackingService: attachClient: found client in attached list
01-02 13:32:21.505   860  1008 D TrackingService: getSharedMemory: com.oculus.guardian, HeadTracker
01-02 13:32:21.506   860   860 W TrackingService: attachClient: found client in attached list
01-02 13:32:21.508   860   860 D TrackingService: getSharedMemory: com.oculus.guardian, AnchorTracker
01-02 13:32:21.521   860   860 W TrackingService: attachClient: found client in attached list
01-02 13:32:21.887   860   860 I chatty  : uid=1000(system) /system/bin/trackingservice identical 10 lines
01-02 13:32:21.934   860   860 W TrackingService: attachClient: found client in attached list
01-02 13:32:21.938   860  1008 W TrackingService: attachClient: found client in attached list
01-02 13:32:22.183  1022  1039 W ActivityManager: Permission Denial: Accessing service com.oculus.vrshell/.ShellOverlayService from pid=7062, uid=10141 requires com.oculus.vrshell.OVERLAY_HOST
01-02 13:32:23.051   860  1008 I chatty  : uid=1000(system) Binder:860_2 identical 30 lines
01-02 13:32:23.094   860  1008 W TrackingService: attachClient: found client in attached list
01-02 13:32:23.130   860  6852 D TrackingService: [HANDTRACKING] Controller 729165a0fe4054d7 in hand: Y, valid: Y
01-02 13:32:23.137   860  1008 W TrackingService: attachClient: found client in attached list
01-02 13:32:23.224   860  1008 I chatty  : uid=1000(system) Binder:860_2 identical 2 lines
01-02 13:32:23.228   860  1008 W TrackingService: attachClient: found client in attached list
01-02 13:32:23.274   860   860 W TrackingService: attachClient: found client in attached list
01-02 13:32:23.283   860   860 W TrackingService: attachClient: found client in attached list
01-02 13:32:23.284   860   860 D TrackingService: getSharedMemory: com.oculus.mrservice#1936, HeadTracker
01-02 13:32:23.303   860   860 D TrackingService: getSharedMemory: com.YourCompany.PrototypeV4#7062, HeadTracker
01-02 13:32:23.312   860   860 W TrackingService: attachClient: found client in attached list
01-02 13:32:23.323   860   860 D TrackingService: getSharedMemory: com.YourCompany.PrototypeV4, Controller
01-02 13:32:23.357   860   860 W TrackingService: attachClient: found client in attached list
01-02 13:32:23.402   860  1008 W TrackingService: attachClient: found client in attached list
01-02 13:32:23.693  1022  1766 E TaskPersister: File error accessing recents directory (directory doesn't exist?).
01-02 13:32:23.952   860  1008 I chatty  : uid=1000(system) Binder:860_2 identical 15 lines
01-02 13:32:23.991   860  1008 W TrackingService: attachClient: found client in attached list
01-02 13:32:23.991   860   860 W TrackingService: attachClient: found client in attached list
01-02 13:32:24.925   860   860 I chatty  : uid=1000(system) /system/bin/trackingservice identical 25 lines
01-02 13:32:24.971   860   860 W TrackingService: attachClient: found client in attached list
01-02 13:32:24.987   860  6852 D TrackingService: [HANDTRACKING] Controller 86557c336c360320 in hand: Y, valid: Y
01-02 13:32:25.013   860   860 W TrackingService: attachClient: found client in attached list
01-02 13:32:25.998   860   860 I chatty  : uid=1000(system) /system/bin/trackingservice identical 27 lines
01-02 13:32:26.044   860   860 W TrackingService: attachClient: found client in attached list
01-02 13:32:26.044   860  1008 W TrackingService: attachClient: found client in attached list
01-02 13:32:26.956   860  1008 I chatty  : uid=1000(system) Binder:860_2 identical 26 lines
01-02 13:32:27.001   860  1008 W TrackingService: attachClient: found client in attached list
01-02 13:32:27.002   860   860 W TrackingService: attachClient: found client in attached list
01-02 13:32:27.221   860   860 I chatty  : uid=1000(system) /system/bin/trackingservice identical 5 lines
01-02 13:32:27.267   860   860 W TrackingService: attachClient: found client in attached list
01-02 13:32:27.269   860  6852 D TrackingService: [HANDTRACKING] Controller 86557c336c360320 in hand: N, valid: Y
01-02 13:32:27.272   860   860 W TrackingService: attachClient: found client in attached list
01-02 13:32:27.457   860   860 I chatty  : uid=1000(system) /system/bin/trackingservice identical 5 lines
01-02 13:32:27.501   860   860 W TrackingService: attachClient: found client in attached list
01-02 13:32:27.504   860  1008 W TrackingService: attachClient: found client in attached list
01-02 13:32:27.808   860  1008 I chatty  : uid=1000(system) Binder:860_2 identical 8 lines
01-02 13:32:27.852   860  1008 W TrackingService: attachClient: found client in attached list
01-02 13:32:27.869   860  6852 D TrackingService: [HANDTRACKING] Controller 729165a0fe4054d7 in hand: N, valid: Y
01-02 13:32:27.897   860  1008 W TrackingService: attachClient: found client in attached list
01-02 13:32:28.901   860  1008 I chatty  : uid=1000(system) Binder:860_2 identical 28 lines
01-02 13:32:28.944   860  1008 W TrackingService: attachClient: found client in attached list
01-02 13:32:28.988   860   860 W TrackingService: attachClient: found client in attached list
01-02 13:32:29.245   860   860 I chatty  : uid=1000(system) /system/bin/trackingservice identical 7 lines
01-02 13:32:29.292   860   860 W TrackingService: attachClient: found client in attached list
01-02 13:32:29.294   860  1008 W TrackingService: attachClient: found client in attached list
01-02 13:32:29.339   860  1008 I chatty  : uid=1000(system) Binder:860_2 identical 1 line
01-02 13:32:29.382   860  1008 W TrackingService: attachClient: found client in attached list
01-02 13:32:29.428   860   860 W TrackingService: attachClient: found client in attached list
01-02 13:32:29.553   860   860 I chatty  : uid=1000(system) /system/bin/trackingservice identical 4 lines
01-02 13:32:29.600   860   860 W TrackingService: attachClient: found client in attached list
01-02 13:32:29.647   860  1008 W TrackingService: attachClient: found client in attached list
01-02 13:32:30.348   860  1008 I chatty  : uid=1000(system) Binder:860_2 identical 21 lines
01-02 13:32:30.392   860  1008 W TrackingService: attachClient: found client in attached list
01-02 13:32:30.431   860   860 W TrackingService: attachClient: found client in attached list
01-02 13:32:30.467   860   860 W TrackingService: attachClient: found client in attached list
01-02 13:32:30.516   860  1008 W TrackingService: attachClient: found client in attached list
01-02 13:32:30.518   860  1008 I chatty  : uid=1000(system) Binder:860_2 identical 1 line
01-02 13:32:30.561   860  1008 W TrackingService: attachClient: found client in attached list
01-02 13:32:30.588   860  6852 D TrackingService: [HANDTRACKING] Controller 729165a0fe4054d7 in hand: Y, valid: Y
01-02 13:32:30.598   860  1008 W TrackingService: attachClient: found client in attached list
01-02 13:32:30.774   860  1008 I chatty  : uid=1000(system) Binder:860_2 identical 4 lines
01-02 13:32:30.775   860  1008 W TrackingService: attachClient: found client in attached list
01-02 13:32:30.787   860  6852 D TrackingService: [HANDTRACKING] Controller 86557c336c360320 in hand: Y, valid: Y
01-02 13:32:30.815   860  1008 W TrackingService: attachClient: found client in attached list
01-02 13:32:31.021   860  1008 I chatty  : uid=1000(system) Binder:860_2 identical 5 lines
01-02 13:32:31.023   860  1008 W TrackingService: attachClient: found client in attached list
01-02 13:32:31.051   860  1008 D TrackingService: haptic socket already exists
01-02 13:32:31.051   860  1008 D TrackingService: getSocket: com.YourCompany.PrototypeV4
01-02 13:32:31.065   860  1008 W TrackingService: attachClient: found client in attached list
01-02 13:32:31.798   860  1008 I chatty  : uid=1000(system) Binder:860_2 identical 22 lines
01-02 13:32:31.845   860  1008 W TrackingService: attachClient: found client in attached list
01-02 13:32:31.889   860   860 W TrackingService: attachClient: found client in attached list
01-02 13:32:32.201   860   860 I chatty  : uid=1000(system) /system/bin/trackingservice identical 8 lines
01-02 13:32:32.248   860   860 W TrackingService: attachClient: found client in attached list
01-02 13:32:32.250   860  1008 W TrackingService: attachClient: found client in attached list
01-02 13:32:33.381   860  1008 I chatty  : uid=1000(system) Binder:860_2 identical 33 lines
01-02 13:32:33.423   860  1008 W TrackingService: attachClient: found client in attached list
01-02 13:32:33.424   860   860 W TrackingService: attachClient: found client in attached list
01-02 13:32:33.570  1796  7216 W ContextImpl: Calling a method in the system process without a qualified user: android.app.ContextImpl.sendBroadcast:1057 android.content.ContextWrapper.sendBroadcast:448 X.np.A00:133 X.no.A00:17 X.no.handleMessage:80 
01-02 13:32:34.634   860   860 I chatty  : uid=1000(system) /system/bin/trackingservice identical 33 lines
01-02 13:32:34.674   860   860 W TrackingService: attachClient: found client in attached list
01-02 13:32:34.675   860  1008 W TrackingService: attachClient: found client in attached list
01-02 13:32:34.937   860  1008 I chatty  : uid=1000(system) Binder:860_2 identical 6 lines
01-02 13:32:34.938   860  1008 W TrackingService: attachClient: found client in attached list
01-02 13:32:34.982   860   860 W TrackingService: attachClient: found client in attached list
--------- beginning of main
01-02 13:32:35.088   860  6878 W [CT]    : TIMESTAMPCHECKER: Nominal rate wrong. Estimated data rate: 25, Nominal is 30.000300003000028
01-02 13:32:35.142   860   860 I chatty  : uid=1000(system) /system/bin/trackingservice identical 4 lines
01-02 13:32:35.188   860   860 W TrackingService: attachClient: found client in attached list
01-02 13:32:35.190   860  1008 W TrackingService: attachClient: found client in attached list
01-02 13:32:35.262   860  6878 W [CT]    : VEGA:MAP_TRACKING_HM: [Throttled count=24] Map tracking did not run.
01-02 13:32:35.342   592   624 I SyncBossFW: 2221082 [info   ] {PERF}: cpu load cur=0.4566 min=0.0507 max=0.4894 avg=0.2228
01-02 13:32:35.391   860  6886 I [CT]    : CONSTELLATION:VISION_STATUS: 729165a0fe4054d7 (R): BlobDetection:[#BlobsDetected=(21.45, 32.74)]Matching:[MatchSuccess=0.928, MatchCost=(0.00258, 0.00000), #MatchedBlobs=(9.18, 14.25), #MatchedLeds=(5.60, 4.26), RematchM=0.008, SkipRefine=0.000] MatchMethod:[Prox=0.916, ConstBrute=0.012, UnconstBrute=0.000] MatchResets[AnomBlobSize=0.000, SharedMatch=0.000, DenseReacq=0.000] | Fusion:[FusionError=0.000, ImuFromCamMs=(9.185, 1.529), RematchF=0.076] FusionUpdates:[Successful=0.456, Reliable=0.440, TightFusion=0.432, FullPose=0.020, StaticPrior=0.472, StaticForHandTrans=0.472, PoseUpdateMD=(0.0836, 0.0013)] FusionResets[6DoFReset=0.036, ResetSuccess=0.004] FusionStatus[HasPosition=0.968, HasVelocity=1.000] 
01-02 13:32:35.415   860  6852 I [CT]    : CONSTELLATION:IMU_STATUS: 729165a0fe4054d7 (R): [FusionTracked=0.967, OutputTracked=0.943, OutputValid=1.000] [AccelSat=0.000, GyroSat=0.000] 
01-02 13:32:35.703   860  6878 W [CT]    : VEGA:MAP_TRACKING_HM: [Throttled count=1] Bad map tracking: map tracking failed @ Submap id = 0, version = 389573074 with status: 2
01-02 13:32:35.840   860  1008 I chatty  : uid=1000(system) Binder:860_2 identical 19 lines
01-02 13:32:35.887   860  1008 W TrackingService: attachClient: found client in attached list
01-02 13:32:35.893   860   860 W TrackingService: attachClient: found client in attached list
01-02 13:32:35.948   860  6852 I [CT]    : INPUT_TRACKING:Behavior:OutOfFoVRotation: [Right] state transition: InRange -> Active
01-02 13:32:35.948   860  6852 I [CT]    : INPUT_TRACKING:Behavior:OutOfFoVRotation: [Right] activated
01-02 13:32:35.948   860  6852 I [CT]    : INPUT_TRACKING:Behavior:OutOfFoVRotation: [Right] using reliablePoseInWorld
01-02 13:32:35.948   860  6852 I [CT]    : INPUT_TRACKING:ControllerMotionModel: [Right] t = 2221.686s, behavior transition: None -> OutOfFoVRotation
01-02 13:32:36.037   860  6852 I [CT]    : INPUT_TRACKING:Behavior:NearHeadMoving: [Left] state transition: TorsoInitialized -> InRange
01-02 13:32:36.084   860  6852 W [CT]    : CONSTELLATION: R: Lost position tracking, waiting for 6DoF reset: [#VisionUp=21, #RelUp=0, VelNorm=0.009, CurTimeDur=0.94s, DurThresh=0.2s]
01-02 13:32:36.107  1022  1839 D WificondControl: Scan result ready event
01-02 13:32:36.111   860  6886 I [CT]    : CONSTELLATION: R: Not reinitializing 6DoF filter yet (no valid pose from matching).
01-02 13:32:36.251   860  6852 I [CT]    : INPUT_TRACKING:Behavior:NearHeadMoving: [Left] state transition: InRange -> Init
01-02 13:32:36.253   860  6852 I [CT]    : INPUT_TRACKING:Behavior:NearHeadMoving: [Left] state transition: Init -> TorsoInitialized
01-02 13:32:36.262   860  6878 W [CT]    : VEGA:MAP_TRACKING_HM: [Throttled count=24] Map tracking did not run.
01-02 13:32:36.356   860   860 I chatty  : uid=1000(system) /system/bin/trackingservice identical 12 lines
01-02 13:32:36.395   860   860 W TrackingService: attachClient: found client in attached list
01-02 13:32:36.396   860  1008 W TrackingService: attachClient: found client in attached list
01-02 13:32:36.432   860  6886 I [CT]    : CONSTELLATION: R: Successfully reinitialized 6DoF filter. Keep Cov and Calib States = Y. Keep velocity state and covariance = Y
01-02 13:32:36.433   860  6852 I [CT]    : INPUT_TRACKING:Behavior:OutOfFoVRotation: [Right] state transition: Active -> Transition
01-02 13:32:36.441   860   860 W TrackingService: attachClient: found client in attached list
01-02 13:32:36.541   860  6852 I [CT]    : INPUT_TRACKING:Behavior:NearHeadMoving: [Left] state transition: TorsoInitialized -> InRange
01-02 13:32:36.662   860   860 I chatty  : uid=1000(system) /system/bin/trackingservice identical 7 lines
01-02 13:32:36.704   860   860 W TrackingService: attachClient: found client in attached list
01-02 13:32:36.750   860  1008 W TrackingService: attachClient: found client in attached list
01-02 13:32:36.806   860  6852 I [CT]    : INPUT_TRACKING:Behavior:OutOfFoVRotation: [Right] deactivated
01-02 13:32:36.806   860  6852 I [CT]    : INPUT_TRACKING:ControllerMotionModel: [Right] t = 2222.545s, behavior transition: OutOfFoVRotation -> None
01-02 13:32:37.013   860  6852 I [CT]    : INPUT_TRACKING:Behavior:NearHeadMoving: [Left] state transition: InRange -> Init
01-02 13:32:37.015   860  6852 I [CT]    : INPUT_TRACKING:Behavior:NearHeadMoving: [Left] state transition: Init -> TorsoInitialized
01-02 13:32:37.128   860  6878 W [CT]    : TIMESTAMPCHECKER: Nominal rate wrong. Estimated data rate: 25, Nominal is 30.000300003000028
01-02 13:32:37.244  3167  4198 I Telemetry: App memory usage: PSS=37 MiB, PrivateDirty=25 MiB, PrivateClean=3 MiB, GPU=3.9/4.1 MiB (96% allocated)
01-02 13:32:37.301   860  6878 W [CT]    : VEGA:MAP_TRACKING_HM: [Throttled count=25] Map tracking did not run.
01-02 13:32:37.374   860  6805 I [CT]    : boltlib: DSP utilization: 6.73 % (336 / 5000 ms)
01-02 13:32:37.462   860  6878 W [CT]    : VEGA:MAP_TRACKING_HM: [Throttled count=14] Bad map tracking: map tracking failed @ Submap id = 0, version = 389573074 with status: 2
01-02 13:32:37.514  5504  5596 I chatty  : uid=10033(com.oculus.xrstreamingclient) XRS_Battery expire 1 line
01-02 13:32:37.708   860  6852 I [CT]    : INPUT_TRACKING:Behavior:OutOfFoVRotation: [Right] state transition: InRange -> Active
01-02 13:32:37.708   860  6852 I [CT]    : INPUT_TRACKING:Behavior:OutOfFoVRotation: [Right] activated
01-02 13:32:37.708   860  6852 I [CT]    : INPUT_TRACKING:Behavior:OutOfFoVRotation: [Right] using reliablePoseInWorld
01-02 13:32:37.708   860  6852 I [CT]    : INPUT_TRACKING:ControllerMotionModel: [Right] t = 2223.445s, behavior transition: None -> OutOfFoVRotation
01-02 13:32:38.003  7062  7160 I VrApi   : FPS=72/72,Prd=48ms,Tear=0,Early=72,Stale=0,VSnc=1,Lat=1,Fov=0,CPU4/GPU=2/3,1171/490MHz,OC=FF,TA=0/70/70,SP=N/F/F,Mem=2092MHz,Free=2290MB,PLS=0,Temp=25.2C/0.0C,TW=1.73ms,App=4.97ms,GD=0.13ms,CPU&GPU=9.08ms,LCnt=2(DR0,LM2),GPU%=0.51,CPU%=0.30(W0.30),DSF=1.00,CFL=19.61/21.53
01-02 13:32:38.083   860  6852 I [CT]    : INPUT_TRACKING:Behavior:NearHeadMoving: [Left] state transition: TorsoInitialized -> InRange
01-02 13:32:38.195   860  6852 I [CT]    : INPUT_TRACKING:Behavior:NearHeadMoving: [Left] state transition: InRange -> Init
01-02 13:32:38.197   860  6852 I [CT]    : INPUT_TRACKING:Behavior:NearHeadMoving: [Left] state transition: Init -> TorsoInitialized
01-02 13:32:38.275  5504  5606 I chatty  : uid=10033(com.oculus.xrstreamingclient) SlamAnchorMem expire 9 lines
01-02 13:32:38.303   860  6878 W [CT]    : VEGA:MAP_TRACKING_HM: [Throttled count=24] Map tracking did not run.
01-02 13:32:38.347   860  6878 I [CT]    : VIPER: Mode=SuperVega,Status=6DoF,TRACKING,Inl=29,Mem=89.7,Jit=0.3mm,Issues(Cam/min=0.0,IMU/min=0.0),Exp=(2.1ms,g=1.0,I=76,Ir=36527.0)(3.8ms,g=3.0,I=123,Ir=10777.9)(3.8ms,g=3.0,I=111,Ir=9691.2)(5.1ms,g=1.0,I=76,Ir=14950.8)
01-02 13:32:38.387   860  1346 W [CT]    : VEGA_MAP_BUILDER: Resolved a potential TrackToMapPointAssosiation conflict between tracks 16646171 (index = 254, version = 27) and 11927572 (index = 182, version = 20). Point handle: 1659 0.
01-02 13:32:38.464   860  6878 W [CT]    : VEGA:MAP_TRACKING_HM: [Throttled count=3] Bad map tracking: map tracking failed @ Submap id = 0, version = 389573074 with status: 2
01-02 13:32:38.516  5504  5585 I chatty  : uid=10033(com.oculus.xrstreamingclient) xrsp-rt-read expire 1 line
01-02 13:32:38.556  5504  5606 I chatty  : uid=10033(com.oculus.xrstreamingclient) SlamAnchorMem expire 6 lines
01-02 13:32:38.602   860  1008 I chatty  : uid=1000(system) Binder:860_2 identical 55 lines
01-02 13:32:38.614   860  1008 W TrackingService: attachClient: found client in attached list
01-02 13:32:38.627   860  1346 I [CT]    : Vega:SubmapPublisher: Tracking parent no change: frame movement above thresh -> Publish
01-02 13:32:38.627   860  1346 I [CT]    : Vega:SubmapPublisher: Start to publish submaps, found candidates:  3
01-02 13:32:38.651   860  6878 I [CT]    : VegaTrackTracker: Starting map tracking on map. SubmapId Submap id = 2, version = 144751003 Active contexts: 2
01-02 13:32:38.659   860   860 W TrackingService: attachClient: found client in attached list
01-02 13:32:38.688  5504  5593 I chatty  : uid=10033(com.oculus.xrstreamingclient) XRS_AudioData expire 1 line
01-02 13:32:38.693   860  6852 W [CT]    : CONSTELLATION: R: Lost position tracking, waiting for 6DoF reset: [#VisionUp=19, #RelUp=0, VelNorm=0.010, CurTimeDur=1.55s, DurThresh=0.2s]
01-02 13:32:38.713   860  6886 I [CT]    : CONSTELLATION: R: Not reinitializing 6DoF filter yet (no valid pose from matching).
01-02 13:32:38.753  5504  5606 I chatty  : uid=10033(com.oculus.xrstreamingclient) SlamAnchorMem expire 23 lines
01-02 13:32:38.784   860  6878 W [CT]    : VEGA:MAP_TRACKING_HM: Validation failed after 0.04 seconds of bad frames. Switching from Validating to NoTracking
01-02 13:32:38.791   860   860 I chatty  : uid=1000(system) /system/bin/trackingservice identical 4 lines
01-02 13:32:38.811   860  6878 I [CT]    : TrackedMapContext: Stop tracking map with ID Submap id = 2, version = 144751003 at index: 2 in contexts: 3
01-02 13:32:38.825   860   860 W TrackingService: attachClient: found client in attached list
01-02 13:32:38.871   860  1008 W TrackingService: attachClient: found client in attached list
01-02 13:32:39.003  7062  7160 I VrApi   : FPS=72/72,Prd=48ms,Tear=0,Early=72,Stale=0,VSnc=1,Lat=1,Fov=0,CPU4/GPU=2/3,1171/490MHz,OC=FF,TA=0/70/70,SP=N/F/F,Mem=2092MHz,Free=2290MB,PLS=0,Temp=25.2C/0.0C,TW=1.73ms,App=5.00ms,GD=0.13ms,CPU&GPU=9.02ms,LCnt=2(DR0,LM2),GPU%=0.52,CPU%=0.34(W0.36),DSF=1.00,CFL=19.57/21.93
01-02 13:32:39.128   860  6878 W [CT]    : TIMESTAMPCHECKER: Nominal rate wrong. Estimated data rate: 25, Nominal is 30.000300003000028
01-02 13:32:39.304   860  6878 W [CT]    : VEGA:MAP_TRACKING_HM: [Throttled count=21] Map tracking did not run.
01-02 13:32:39.516  5504  5585 I chatty  : uid=10033(com.oculus.xrstreamingclient) xrsp-rt-read expire 1 line
01-02 13:32:39.551  5504  5606 I chatty  : uid=10033(com.oculus.xrstreamingclient) SlamAnchorMem expire 32 lines
01-02 13:32:39.793   860  6886 I [CT]    : CONSTELLATION: R: Successfully reinitialized 6DoF filter. Keep Cov and Calib States = Y. Keep velocity state and covariance = Y
01-02 13:32:39.794   860  6852 I [CT]    : INPUT_TRACKING:Behavior:OutOfFoVRotation: [Right] state transition: Active -> Transition
01-02 13:32:39.948   860  6852 I [CT]    : INPUT_TRACKING:Behavior:OutOfFoVRotation: [Right] deactivated
01-02 13:32:39.948   860  6852 I [CT]    : INPUT_TRACKING:ControllerMotionModel: [Right] t = 2225.686s, behavior transition: OutOfFoVRotation -> None
01-02 13:32:40.003  7062  7160 I VrApi   : FPS=72/72,Prd=48ms,Tear=0,Early=72,Stale=0,VSnc=1,Lat=1,Fov=0,CPU4/GPU=2/3,1171/490MHz,OC=FF,TA=0/70/70,SP=N/F/F,Mem=2092MHz,Free=2290MB,PLS=0,Temp=25.2C/0.0C,TW=1.73ms,App=5.23ms,GD=0.13ms,CPU&GPU=9.14ms,LCnt=2(DR0,LM2),GPU%=0.54,CPU%=0.31(W0.36),DSF=1.00,CFL=19.74/21.48
01-02 13:32:40.343   860  6878 W [CT]    : VEGA:MAP_TRACKING_HM: [Throttled count=25] Map tracking did not run.
01-02 13:32:40.382   860  1008 I chatty  : uid=1000(system) Binder:860_2 identical 44 lines
01-02 13:32:40.425   860  1008 W TrackingService: attachClient: found client in attached list
01-02 13:32:40.427   860   860 W TrackingService: attachClient: found client in attached list
01-02 13:32:40.516  5504  5585 I chatty  : uid=10033(com.oculus.xrstreamingclient) xrsp-rt-read expire 7 lines
01-02 13:32:40.692  5504  5606 I chatty  : uid=10033(com.oculus.xrstreamingclient) SlamAnchorMem expire 167 lines
01-02 13:32:41.003  7062  7160 I VrApi   : FPS=72/72,Prd=48ms,Tear=0,Early=72,Stale=0,VSnc=1,Lat=1,Fov=0,CPU4/GPU=2/3,1171/490MHz,OC=FF,TA=0/70/70,SP=N/F/F,Mem=2092MHz,Free=2290MB,PLS=0,Temp=25.2C/0.0C,TW=1.73ms,App=5.08ms,GD=0.13ms,CPU&GPU=9.21ms,LCnt=2(DR0,LM2),GPU%=0.52,CPU%=0.39(W0.45),DSF=1.00,CFL=19.56/21.28
01-02 13:32:41.128   860  6878 W [CT]    : TIMESTAMPCHECKER: Nominal rate wrong. Estimated data rate: 25, Nominal is 30.000300003000028
01-02 13:32:41.202  7062  7095 D UE4     : [GameActivity] Used memory: 462327 (VmRSS:	  214076 kB)
01-02 13:32:41.343   860  6878 W [CT]    : VEGA:MAP_TRACKING_HM: [Throttled count=24] Map tracking did not run.
01-02 13:32:41.574   860   860 I chatty  : uid=1000(system) /system/bin/trackingservice identical 30 lines
01-02 13:32:41.627   860   860 W TrackingService: attachClient: found client in attached list
01-02 13:32:41.671   860  1008 W TrackingService: attachClient: found client in attached list
01-02 13:32:41.844   860  6852 I [CT]    : INPUT_TRACKING:Behavior:NearHeadMoving: [Right] state transition: TorsoInitialized -> InRange
01-02 13:32:41.942   860  6878 I [CT]    : VIPER: Mode=SuperVega,Status=6DoF,TRACKING,Inl=28,Mem=89.8,Jit=0.3mm,Issues(Cam/min=0.0,IMU/min=0.0),Exp=(1.7ms,g=1.0,I=76,Ir=43956.7)(3.3ms,g=2.0,I=116,Ir=17638.8)(3.3ms,g=2.0,I=111,Ir=16799.5)(3.3ms,g=1.0,I=75,Ir=22790.0)
01-02 13:32:42.004  7062  7160 I VrApi   : FPS=72/72,Prd=48ms,Tear=0,Early=72,Stale=0,VSnc=1,Lat=1,Fov=0,CPU4/GPU=2/3,1171/490MHz,OC=FF,TA=0/70/70,SP=N/F/F,Mem=2092MHz,Free=2290MB,PLS=0,Temp=25.2C/0.0C,TW=1.73ms,App=5.22ms,GD=0.13ms,CPU&GPU=9.19ms,LCnt=2(DR0,LM2),GPU%=0.53,CPU%=0.30(W0.35),DSF=1.00,CFL=19.76/21.44
01-02 13:32:42.041   860  1008 I chatty  : uid=1000(system) Binder:860_2 identical 11 lines
01-02 13:32:42.079   860  1008 W TrackingService: attachClient: found client in attached list
01-02 13:32:42.123   860   860 W TrackingService: attachClient: found client in attached list
01-02 13:32:42.374   860  6805 I [CT]    : boltlib: DSP utilization: 7.33 % (366 / 5000 ms)
01-02 13:32:42.381   860  6878 W [CT]    : VEGA:MAP_TRACKING_HM: [Throttled count=25] Map tracking did not run.
01-02 13:32:43.003  7062  7160 I VrApi   : FPS=72/72,Prd=48ms,Tear=0,Early=72,Stale=0,VSnc=1,Lat=1,Fov=0,CPU4/GPU=2/3,1171/490MHz,OC=FF,TA=0/70/70,SP=N/F/F,Mem=2092MHz,Free=2290MB,PLS=0,Temp=25.2C/0.0C,TW=1.73ms,App=5.25ms,GD=0.13ms,CPU&GPU=9.00ms,LCnt=2(DR0,LM2),GPU%=0.46,CPU%=0.39(W0.48),DSF=1.00,CFL=19.58/21.44
01-02 13:32:43.167   860  6878 W [CT]    : TIMESTAMPCHECKER: Nominal rate wrong. Estimated data rate: 25, Nominal is 30.000300003000028
01-02 13:32:43.265   860   860 I chatty  : uid=1000(system) /system/bin/trackingservice identical 32 lines
01-02 13:32:43.311   860   860 W TrackingService: attachClient: found client in attached list
01-02 13:32:43.339  2453  3027 E TREX    : Interface version 1 was not found. Check debug build for more information.
01-02 13:32:43.356   860  1008 W TrackingService: attachClient: found client in attached list
01-02 13:32:43.422   860  6878 W [CT]    : VEGA:MAP_TRACKING_HM: [Throttled count=25] Map tracking did not run.
01-02 13:32:43.686  5504  5593 I chatty  : uid=10033(com.oculus.xrstreamingclient) XRS_AudioData expire 1 line
01-02 13:32:43.907   860  1346 I [CT]    : Vega:MapBuilderBase: Created keyRig with frameID 1039 and uid 19e4b6f8
01-02 13:32:43.914   860  1346 I [CT]    : KEYPOINT_CACHE: New keyrig added has 289 corners and 84 tracks to immature points that will be used to extract descriptors and insert into the index.
01-02 13:32:43.916   860  1348 I [CT]    : VIPER:DEEP_DESCRIPTOR: Computing Deep Descriptors using gravity orientation.
01-02 13:32:43.918   860  1346 I [CT]    : MapCullingTask: Culled 0 L1 nodes, 1 individual keyrigs, and 5 individual points
01-02 13:32:43.922   860  1346 I [CT]    : VegaBAOptimize: Num points adjusted: 656 fixed: 0 Num residuals in-in: 4228 in-out: 439 out-in: 0 fixed (out-out): 0 outside ROI: 0 total: 4747
01-02 13:32:43.924   860  1346 I [CT]    : VegaBAOptimize: Total: neighbor 3 L1s, adjust 2 L1s. KRs 43  Points 656  Cameras 172  OutsideFixedKR 13  AdjustKR 30  Imus 7
01-02 13:32:44.004  7062  7160 I VrApi   : FPS=69/72,Prd=48ms,Tear=0,Early=68,Stale=4,VSnc=1,Lat=1,Fov=0,CPU4/GPU=2/3,1171/490MHz,OC=FF,TA=0/70/70,SP=N/F/F,Mem=2092MHz,Free=2290MB,PLS=0,Temp=25.2C/0.0C,TW=1.73ms,App=5.38ms,GD=0.13ms,CPU&GPU=9.44ms,LCnt=2(DR0,LM2),GPU%=0.55,CPU%=0.30(W0.33),DSF=1.00,CFL=19.53/21.45
01-02 13:32:44.195   860  6886 I [CT]    : CONSTELLATION:VISION_STATUS: 86557c336c360320 (L): BlobDetection:[#BlobsDetected=(17.94, 43.89)]Matching:[MatchSuccess=1.000, MatchCost=(0.00651, 0.00001), #MatchedBlobs=(10.86, 4.17), #MatchedLeds=(7.80, 0.84), RematchM=0.000, SkipRefine=0.000] MatchMethod:[Prox=1.000, ConstBrute=0.000, UnconstBrute=0.000] MatchResets[AnomBlobSize=0.000, SharedMatch=0.000, DenseReacq=0.000] | Fusion:[FusionError=0.000, ImuFromCamMs=(9.026, 1.572), RematchF=0.000] FusionUpdates:[Successful=1.000, Reliable=1.000, TightFusion=1.000, FullPose=0.000, StaticPrior=0.000, StaticForHandTrans=0.004, PoseUpdateMD=(0.0000, 0.0000)] FusionResets[6DoFReset=0.000, ResetSuccess=0.000] FusionStatus[HasPosition=1.000, HasVelocity=1.000] 
01-02 13:32:44.231   860  6852 I [CT]    : CONSTELLATION:IMU_STATUS: 86557c336c360320 (L): [FusionTracked=1.000, OutputTracked=1.000, OutputValid=1.000] [AccelSat=0.000, GyroSat=0.000] 
01-02 13:32:44.463   860  6878 W [CT]    : VEGA:MAP_TRACKING_HM: [Throttled count=25] Map tracking did not run.
01-02 13:32:44.479  2272  2665 W DeviceConfigUtil: Try to get config param "oculus_shared_social:oculus_messenger_reauth_removal" before Device Config has subscribed to the service.
01-02 13:32:45.008  7062  7160 I Telemetry: App memory usage: PSS=452 MiB, PrivateDirty=305 MiB, PrivateClean=131 MiB, GPU=160.7/161.3 MiB (100% allocated)
01-02 13:32:45.009  7062  7160 I VrApi   : FPS=72/72,Prd=48ms,Tear=0,Early=72,Stale=0,VSnc=1,Lat=1,Fov=0,CPU4/GPU=2/3,1171/490MHz,OC=FF,TA=0/70/70,SP=N/F/F,Mem=2092MHz,Free=2316MB,PLS=0,Temp=25.2C/0.0C,TW=1.73ms,App=5.29ms,GD=0.13ms,CPU&GPU=9.51ms,LCnt=2(DR0,LM2),GPU%=0.54,CPU%=0.33(W0.39),DSF=1.00,CFL=19.70/21.37
01-02 13:32:45.162   860  1008 I chatty  : uid=1000(system) Binder:860_2 identical 52 lines
01-02 13:32:45.201   860  1008 W TrackingService: attachClient: found client in attached list
01-02 13:32:45.202   860   860 W TrackingService: attachClient: found client in attached list
01-02 13:32:45.207   860  6878 W [CT]    : TIMESTAMPCHECKER: Nominal rate wrong. Estimated data rate: 25, Nominal is 30.000300003000028
01-02 13:32:45.281   860   860 I chatty  : uid=1000(system) /system/bin/trackingservice identical 2 lines
01-02 13:32:45.324   860   860 W TrackingService: attachClient: found client in attached list
01-02 13:32:45.347   860  1008 W TrackingService: attachClient: found client in attached list
01-02 13:32:45.395   860  6886 I [CT]    : CONSTELLATION:VISION_STATUS: 729165a0fe4054d7 (R): BlobDetection:[#BlobsDetected=(19.24, 45.06)]Matching:[MatchSuccess=0.640, MatchCost=(0.00144, 0.00000), #MatchedBlobs=(4.48, 14.12), #MatchedLeds=(3.60, 8.19), RematchM=0.016, SkipRefine=0.000] MatchMethod:[Prox=0.616, ConstBrute=0.024, UnconstBrute=0.000] MatchResets[AnomBlobSize=0.000, SharedMatch=0.000, DenseReacq=0.000] | Fusion:[FusionError=0.000, ImuFromCamMs=(9.788, 1.745), RematchF=0.044] FusionUpdates:[Successful=0.640, Reliable=0.616, TightFusion=0.612, FullPose=0.020, StaticPrior=0.000, StaticForHandTrans=0.000, PoseUpdateMD=(1.1323, 1.3399)] FusionResets[6DoFReset=0.148, ResetSuccess=0.008] FusionStatus[HasPosition=0.860, HasVelocity=1.000] 
01-02 13:32:45.418   860  6852 I [CT]    : CONSTELLATION:IMU_STATUS: 729165a0fe4054d7 (R): [FusionTracked=0.855, OutputTracked=0.690, OutputValid=1.000] [AccelSat=0.000, GyroSat=0.000] 
01-02 13:32:45.479   860  1008 I chatty  : uid=1000(system) Binder:860_2 identical 4 lines
01-02 13:32:45.502   860  6878 W [CT]    : VEGA:MAP_TRACKING_HM: [Throttled count=25] Map tracking did not run.
01-02 13:32:45.524   860  1008 W TrackingService: attachClient: found client in attached list
01-02 13:32:45.544   860  6878 I [CT]    : VIPER: Mode=SuperVega,Status=6DoF,TRACKING,Inl=33,Mem=89.8,Jit=0.1mm,Issues(Cam/min=0.0,IMU/min=0.0),Exp=(1.7ms,g=1.0,I=75,Ir=44958.6)(3.4ms,g=2.0,I=116,Ir=17111.6)(3.4ms,g=2.0,I=111,Ir=16359.5)(2.9ms,g=1.0,I=75,Ir=25886.4)
01-02 13:32:45.561   860   860 W TrackingService: attachClient: found client in attached list
01-02 13:32:45.921   860   860 I chatty  : uid=1000(system) /system/bin/trackingservice identical 9 lines
01-02 13:32:45.967   860   860 W TrackingService: attachClient: found client in attached list
01-02 13:32:45.972   860  1008 W TrackingService: attachClient: found client in attached list
01-02 13:32:46.003  7062  7160 I VrApi   : FPS=72/72,Prd=48ms,Tear=0,Early=72,Stale=0,VSnc=1,Lat=1,Fov=0,CPU4/GPU=2/3,1171/490MHz,OC=FF,TA=0/70/70,SP=N/F/F,Mem=2092MHz,Free=2316MB,PLS=0,Temp=25.2C/0.0C,TW=1.73ms,App=5.33ms,GD=0.13ms,CPU&GPU=9.50ms,LCnt=2(DR0,LM2),GPU%=0.55,CPU%=0.33(W0.36),DSF=1.00,CFL=19.52/21.45
01-02 13:32:46.242  1936  3623 I Telemetry: App memory usage: PSS=25 MiB, PrivateDirty=18 MiB, PrivateClean=1 MiB, GPU=3.4/3.6 MiB (95% allocated)
01-02 13:32:46.486   860  1008 I chatty  : uid=1000(system) Binder:860_2 identical 15 lines
01-02 13:32:46.503   860  6878 W [CT]    : VEGA:MAP_TRACKING_HM: [Throttled count=24] Map tracking did not run.
01-02 13:32:46.534   860  1008 W TrackingService: attachClient: found client in attached list
01-02 13:32:46.559   860   860 W TrackingService: attachClient: found client in attached list
01-02 13:32:46.582   860  6878 W [CT]    : VEGA:MAP_TRACKING_HM: [Throttled count=4] Bad map tracking: map tracking failed @ Submap id = 0, version = 389573074 with status: 2
01-02 13:32:46.647  5504  5606 I chatty  : uid=10033(com.oculus.xrstreamingclient) SlamAnchorMem expire 28 lines
01-02 13:32:47.003  7062  7160 I VrApi   : FPS=72/72,Prd=48ms,Tear=0,Early=71,Stale=0,VSnc=1,Lat=1,Fov=0,CPU4/GPU=2/3,1171/490MHz,OC=FF,TA=0/70/70,SP=N/F/F,Mem=2092MHz,Free=2316MB,PLS=0,Temp=25.2C/0.0C,TW=1.73ms,App=5.51ms,GD=0.13ms,CPU&GPU=9.44ms,LCnt=2(DR0,LM2),GPU%=0.56,CPU%=0.29(W0.33),DSF=1.00,CFL=19.71/21.44
01-02 13:32:47.076   860   860 I chatty  : uid=1000(system) /system/bin/trackingservice identical 14 lines
01-02 13:32:47.094   860   860 W TrackingService: attachClient: found client in attached list
01-02 13:32:47.135   860  1008 W TrackingService: attachClient: found client in attached list
01-02 13:32:47.181   860  1008 W TrackingService: attachClient: found client in attached list
01-02 13:32:47.183   860   860 W TrackingService: attachClient: found client in attached list
01-02 13:32:47.208   860  6878 W [CT]    : TIMESTAMPCHECKER: Nominal rate wrong. Estimated data rate: 25, Nominal is 30.000300003000028
01-02 13:32:47.271   860   860 I chatty  : uid=1000(system) /system/bin/trackingservice identical 2 lines
01-02 13:32:47.317   860   860 W TrackingService: attachClient: found client in attached list
01-02 13:32:47.358   860  1008 W TrackingService: attachClient: found client in attached list
01-02 13:32:47.377   860  6805 I [CT]    : boltlib: DSP utilization: 6.97 % (348 / 5002 ms)
01-02 13:32:47.401   860  1008 W TrackingService: attachClient: found client in attached list
01-02 13:32:47.442   860   860 W TrackingService: attachClient: found client in attached list
01-02 13:32:47.479   860  6852 I [CT]    : INPUT_TRACKING:Behavior:NearHeadMoving: [Right] state transition: InRange -> Init
01-02 13:32:47.481   860  6852 I [CT]    : INPUT_TRACKING:Behavior:NearHeadMoving: [Right] state transition: Init -> TorsoInitialized
01-02 13:32:47.503   860  6878 W [CT]    : VEGA:MAP_TRACKING_HM: [Throttled count=24] Map tracking did not run.
01-02 13:32:47.567  5504  5585 I chatty  : uid=10033(com.oculus.xrstreamingclient) xrsp-rt-read expire 1 line
01-02 13:32:47.583  5504  5606 I chatty  : uid=10033(com.oculus.xrstreamingclient) SlamAnchorMem expire 205 lines
01-02 13:32:47.623   860  6878 W [CT]    : VEGA:MAP_TRACKING_HM: Bad map tracking: map tracking failed @ Submap id = 0, version = 389573074 with status: 2
01-02 13:32:47.750   860  6852 I [CT]    : INPUT_TRACKING:Behavior:NearHeadMoving: [Right] state transition: TorsoInitialized -> InRange
01-02 13:32:47.842   860   860 I chatty  : uid=1000(system) /system/bin/trackingservice identical 15 lines
01-02 13:32:47.884   860   860 W TrackingService: attachClient: found client in attached list
01-02 13:32:47.931   860  1008 W TrackingService: attachClient: found client in attached list
01-02 13:32:47.985   860  1346 I [CT]    : Vega:SubmapPublisher: Tracking parent no change: frame movement above thresh -> Publish
01-02 13:32:47.985   860  1346 I [CT]    : Vega:SubmapPublisher: Start to publish submaps, found candidates:  3
01-02 13:32:47.994   860  1346 W [CT]    : Vega:SubmapPublisher: [Throttled count=192] Force publishing an ill-conditioned point.
01-02 13:32:48.003  7062  7160 I VrApi   : FPS=72/72,Prd=48ms,Tear=0,Early=72,Stale=0,VSnc=1,Lat=1,Fov=0,CPU4/GPU=2/3,1171/490MHz,OC=FF,TA=0/70/70,SP=N/F/F,Mem=2092MHz,Free=2316MB,PLS=0,Temp=25.2C/0.0C,TW=1.73ms,App=5.50ms,GD=0.13ms,CPU&GPU=9.63ms,LCnt=2(DR0,LM2),GPU%=0.56,CPU%=0.30(W0.36),DSF=1.00,CFL=19.63/21.41
01-02 13:32:48.011   860  6878 I [CT]    : VegaTrackTracker: Starting map tracking on map. SubmapId Submap id = 2, version = 396366544 Active contexts: 2
01-02 13:32:48.020   860  6852 I [CT]    : INPUT_TRACKING:Behavior:NearHeadMoving: [Right] state transition: InRange -> Init
01-02 13:32:48.023   860  6852 I [CT]    : INPUT_TRACKING:Behavior:NearHeadMoving: [Right] state transition: Init -> TorsoInitialized
01-02 13:32:48.062   860  6878 W [CT]    : VEGA:MAP_TRACKING_HM: Validation failed after 0.04 seconds of bad frames. Switching from Validating to NoTracking
01-02 13:32:48.090   860  6878 I [CT]    : TrackedMapContext: Stop tracking map with ID Submap id = 2, version = 396366544 at index: 2 in contexts: 3
01-02 13:32:48.104   860  6852 I [CT]    : INPUT_TRACKING:Behavior:NearHeadMoving: [Right] state transition: TorsoInitialized -> InRange
01-02 13:32:48.289   860  1008 I chatty  : uid=1000(system) Binder:860_2 identical 9 lines
01-02 13:32:48.332   860  1008 W TrackingService: attachClient: found client in attached list
01-02 13:32:48.371   860   860 W TrackingService: attachClient: found client in attached list
01-02 13:32:48.372   860  1008 W TrackingService: attachClient: found client in attached list
01-02 13:32:48.500   860  1008 I chatty  : uid=1000(system) Binder:860_2 identical 3 lines
01-02 13:32:48.541   860  1008 W TrackingService: attachClient: found client in attached list
01-02 13:32:48.543   860  6878 W [CT]    : VEGA:MAP_TRACKING_HM: [Throttled count=25] Map tracking did not run.
01-02 13:32:48.556   860   860 W TrackingService: attachClient: found client in attached list
01-02 13:32:48.576  5504  5585 I chatty  : uid=10033(com.oculus.xrstreamingclient) xrsp-rt-read expire 7 lines
01-02 13:32:48.622   860  6852 I [CT]    : INPUT_TRACKING:Behavior:NearHeadMoving: [Right] state transition: InRange -> Init
01-02 13:32:48.624   860  6852 I [CT]    : INPUT_TRACKING:Behavior:NearHeadMoving: [Right] state transition: Init -> TorsoInitialized
01-02 13:32:48.634   860   860 I chatty  : uid=1000(system) /system/bin/trackingservice identical 3 lines
01-02 13:32:48.661   860   860 W TrackingService: attachClient: found client in attached list
01-02 13:32:48.686  5504  5593 I chatty  : uid=10033(com.oculus.xrstreamingclient) XRS_AudioData expire 2 lines
01-02 13:32:48.704   860  1008 W TrackingService: attachClient: found client in attached list
01-02 13:32:48.952   860  1346 I [CT]    : VIPER: InternalAnchorHealthMonitor: Anchors: 3 | Persistent anchors: 2 | Anchors never observed: 2
01-02 13:32:48.952   860  1346 I [CT]    :   (min/avg/max) Anchor landmarks: (1|6.333333333333333|15) | Covisible keyframes: (0|6.333333333333333|17) | Times since observation: (0|0|0)
01-02 13:32:49.004  7062  7160 I VrApi   : FPS=72/72,Prd=48ms,Tear=0,Early=72,Stale=0,VSnc=1,Lat=1,Fov=0,CPU4/GPU=2/3,1171/490MHz,OC=FF,TA=0/70/70,SP=N/F/F,Mem=2092MHz,Free=2316MB,PLS=0,Temp=25.2C/0.0C,TW=1.73ms,App=5.40ms,GD=0.13ms,CPU&GPU=9.53ms,LCnt=2(DR0,LM2),GPU%=0.56,CPU%=0.31(W0.36),DSF=1.00,CFL=19.62/21.49
01-02 13:32:49.142   860  6878 I [CT]    : VIPER: Mode=SuperVega,Status=6DoF,TRACKING,Inl=23,Mem=89.9,Jit=0.1mm,Issues(Cam/min=0.0,IMU/min=0.0),Exp=(2.0ms,g=1.0,I=75,Ir=38563.4)(4.5ms,g=2.0,I=117,Ir=12971.1)(4.5ms,g=2.0,I=111,Ir=12320.7)(4.7ms,g=1.0,I=74,Ir=15906.1)
01-02 13:32:49.248   860  6878 W [CT]    : TIMESTAMPCHECKER: Nominal rate wrong. Estimated data rate: 25, Nominal is 30.000300003000028
01-02 13:32:49.582   860  6878 W [CT]    : VEGA:MAP_TRACKING_HM: [Throttled count=25] Map tracking did not run.
01-02 13:32:50.005  7062  7160 I VrApi   : FPS=72/72,Prd=48ms,Tear=0,Early=72,Stale=0,VSnc=1,Lat=1,Fov=0,CPU4/GPU=2/3,1171/490MHz,OC=FF,TA=0/70/70,SP=N/F/F,Mem=2092MHz,Free=2316MB,PLS=0,Temp=25.2C/0.0C,TW=1.72ms,App=4.54ms,GD=0.13ms,CPU&GPU=8.85ms,LCnt=2(DR0,LM2),GPU%=0.49,CPU%=0.33(W0.36),DSF=1.00,CFL=19.61/21.81
01-02 13:32:50.262   860  1008 I chatty  : uid=1000(system) Binder:860_2 identical 44 lines
01-02 13:32:50.309   860  1008 W TrackingService: attachClient: found client in attached list
01-02 13:32:50.312   860   860 W TrackingService: attachClient: found client in attached list
01-02 13:32:50.351   860  1008 W TrackingService: attachClient: found client in attached list
01-02 13:32:50.622   860  6878 W [CT]    : VEGA:MAP_TRACKING_HM: [Throttled count=25] Map tracking did not run.
01-02 13:32:50.849   860  1008 I chatty  : uid=1000(system) Binder:860_2 identical 15 lines
01-02 13:32:50.891   860  1008 W TrackingService: attachClient: found client in attached list
01-02 13:32:50.937   860   860 W TrackingService: attachClient: found client in attached list
01-02 13:32:51.004  7062  7160 I VrApi   : FPS=72/72,Prd=48ms,Tear=0,Early=72,Stale=0,VSnc=1,Lat=1,Fov=0,CPU4/GPU=2/3,1171/490MHz,OC=FF,TA=0/70/70,SP=N/F/F,Mem=2092MHz,Free=2316MB,PLS=0,Temp=25.2C/0.0C,TW=1.72ms,App=4.51ms,GD=0.13ms,CPU&GPU=9.03ms,LCnt=2(DR0,LM2),GPU%=0.48,CPU%=0.29(W0.36),DSF=1.00,CFL=19.68/21.37
01-02 13:32:51.242   860   860 I chatty  : uid=1000(system) /system/bin/trackingservice identical 8 lines
01-02 13:32:51.287   860   860 W TrackingService: attachClient: found client in attached list
01-02 13:32:51.288   860  6878 W [CT]    : TIMESTAMPCHECKER: Nominal rate wrong. Estimated data rate: 25, Nominal is 30.000300003000028
01-02 13:32:51.289   860  1008 W TrackingService: attachClient: found client in attached list
01-02 13:32:51.380  7062  7095 D UE4     : [GameActivity] Used memory: 464535 (VmRSS:	  216100 kB)
01-02 13:32:51.622   860  6878 W [CT]    : VEGA:MAP_TRACKING_HM: [Throttled count=24] Map tracking did not run.
01-02 13:32:51.822   860  1008 I chatty  : uid=1000(system) Binder:860_2 identical 15 lines
01-02 13:32:51.855   860  1008 W TrackingService: attachClient: found client in attached list
01-02 13:32:51.901   860   860 W TrackingService: attachClient: found client in attached list
01-02 13:32:52.005  7062  7160 I VrApi   : FPS=72/72,Prd=48ms,Tear=0,Early=72,Stale=0,VSnc=1,Lat=1,Fov=0,CPU4/GPU=2/3,1171/490MHz,OC=FF,TA=0/70/70,SP=N/F/F,Mem=2092MHz,Free=2316MB,PLS=0,Temp=25.2C/0.0C,TW=1.72ms,App=4.44ms,GD=0.13ms,CPU&GPU=8.43ms,LCnt=2(DR0,LM2),GPU%=0.48,CPU%=0.28(W0.33),DSF=1.00,CFL=19.56/21.33
01-02 13:32:52.378   860   860 I chatty  : uid=1000(system) /system/bin/trackingservice identical 13 lines
01-02 13:32:52.410   860  6805 I [CT]    : boltlib: DSP utilization: 6.94 % (349 / 5033 ms)
01-02 13:32:52.423   860   860 W TrackingService: attachClient: found client in attached list
01-02 13:32:52.469   860  1008 W TrackingService: attachClient: found client in attached list
01-02 13:32:52.510   860  1008 I chatty  : uid=1000(system) Binder:860_2 identical 1 line
01-02 13:32:52.557   860  1008 W TrackingService: attachClient: found client in attached list
01-02 13:32:52.558   860   860 W TrackingService: attachClient: found client in attached list
01-02 13:32:52.623   860  6878 W [CT]    : VEGA:MAP_TRACKING_HM: [Throttled count=24] Map tracking did not run.
01-02 13:32:52.745   860  6878 I [CT]    : VIPER: Mode=SuperVega,Status=6DoF,TRACKING,Inl=27,Mem=89.9,Jit=0.1mm,Issues(Cam/min=0.0,IMU/min=0.0),Exp=(2.0ms,g=1.0,I=74,Ir=37245.4)(5.3ms,g=2.0,I=118,Ir=11229.1)(5.3ms,g=2.0,I=109,Ir=10360.3)(4.8ms,g=1.0,I=74,Ir=15461.2)
01-02 13:32:52.955   860   860 I chatty  : uid=1000(system) /system/bin/trackingservice identical 10 lines
01-02 13:32:52.965   860   860 W TrackingService: attachClient: found client in attached list
01-02 13:32:53.005  7062  7160 I VrApi   : FPS=72/72,Prd=48ms,Tear=0,Early=72,Stale=0,VSnc=1,Lat=1,Fov=0,CPU4/GPU=2/3,1171/490MHz,OC=FF,TA=0/70/70,SP=N/F/F,Mem=2092MHz,Free=2316MB,PLS=0,Temp=25.2C/0.0C,TW=1.72ms,App=4.41ms,GD=0.13ms,CPU&GPU=8.18ms,LCnt=2(DR0,LM2),GPU%=0.48,CPU%=0.25(W0.30),DSF=1.00,CFL=19.56/21.44
01-02 13:32:53.012   860  4170 W TrackingService: attachClient: found client in attached list
01-02 13:32:53.044   860  4170 W TrackingService: attachClient: found client in attached list
01-02 13:32:53.045   860  1008 W TrackingService: attachClient: found client in attached list
01-02 13:32:53.182   860  6878 W [CT]    : VEGA:MAP_TRACKING_HM: [Throttled count=23] Bad map tracking: map tracking failed @ Submap id = 0, version = 389573074 with status: 2
01-02 13:32:53.328   860  6878 W [CT]    : TIMESTAMPCHECKER: Nominal rate wrong. Estimated data rate: 25, Nominal is 30.000300003000028
01-02 13:32:53.349  2453  3027 E TREX    : Interface version 1 was not found. Check debug build for more information.
01-02 13:32:53.531   860  1008 I chatty  : uid=1000(system) Binder:860_2 identical 12 lines
01-02 13:32:53.570   860  1008 W TrackingService: attachClient: found client in attached list
01-02 13:32:53.572   860   860 W TrackingService: attachClient: found client in attached list
01-02 13:32:53.662   860  6878 W [CT]    : VEGA:MAP_TRACKING_HM: [Throttled count=25] Map tracking did not run.
01-02 13:32:54.004  7062  7160 I VrApi   : FPS=72/72,Prd=48ms,Tear=0,Early=72,Stale=0,VSnc=1,Lat=1,Fov=0,CPU4/GPU=2/3,1171/490MHz,OC=FF,TA=0/70/70,SP=N/F/F,Mem=2092MHz,Free=2316MB,PLS=0,Temp=25.2C/0.0C,TW=1.73ms,App=4.28ms,GD=0.13ms,CPU&GPU=8.54ms,LCnt=2(DR0,LM2),GPU%=0.46,CPU%=0.30(W0.33),DSF=1.00,CFL=19.78/21.58
01-02 13:32:54.193   860  6886 I [CT]    : CONSTELLATION:VISION_STATUS: 86557c336c360320 (L): BlobDetection:[#BlobsDetected=(26.56, 7.00)]Matching:[MatchSuccess=1.000, MatchCost=(0.00219, 0.00000), #MatchedBlobs=(13.15, 0.28), #MatchedLeds=(7.92, 0.44), RematchM=0.000, SkipRefine=0.000] MatchMethod:[Prox=1.000, ConstBrute=0.000, UnconstBrute=0.000] MatchResets[AnomBlobSize=0.000, SharedMatch=0.000, DenseReacq=0.000] | Fusion:[FusionError=0.000, ImuFromCamMs=(9.822, 1.558), RematchF=0.000] FusionUpdates:[Successful=1.000, Reliable=1.000, TightFusion=1.000, FullPose=0.000, StaticPrior=0.000, StaticForHandTrans=0.076, PoseUpdateMD=(0.0000, 0.0000)] FusionResets[6DoFReset=0.000, ResetSuccess=0.000] FusionStatus[HasPosition=1.000, HasVelocity=1.000] 
01-02 13:32:54.232   860  6852 I [CT]    : CONSTELLATION:IMU_STATUS: 86557c336c360320 (L): [FusionTracked=1.000, OutputTracked=1.000, OutputValid=1.000] [AccelSat=0.000, GyroSat=0.000] 
01-02 13:32:54.263   860  6878 W [CT]    : VEGA:MAP_TRACKING_HM: [Throttled count=13] Bad map tracking: map tracking failed @ Submap id = 0, version = 389573074 with status: 2
01-02 13:32:54.462   860  6878 W [CT]    : VIO_HAS_TRACKING: Bad tracking: large covariance-weighted vision correction : 125.22856140136719 > 90
01-02 13:32:54.462   860  6878 W [CT]    : VEGA:PERCEPTUAL_HM: Bad tracking: tracker health is bad
01-02 13:32:54.462   860  6878 I [CT]    : VEGA:PERCEPTUAL_HM: Perceptual HM: bad tracking while exposing 6DoF. Delaying switch to 3DoF for 0.266666666 seconds.
01-02 13:32:54.463   860  6878 I [CT]    : VegaTracker: [Throttled count=6] VegaTracker::track returned 321 track measurement(s) 146 track-to-landmark association(s) and 3 closed track ID(s) while reporting poor tracking quality. (isTrackerHealthy = false, isMapTrackingHealthy = true)
01-02 13:32:54.488   860  6878 I [CT]    : VIPER: [Throttled count=17] Image mean intensities (per camera): 74.36, 122.38, 107.78, 74.66
01-02 13:32:54.490   860  6878 I [CT]    : VegaTracker: [Throttled count=6] Performing big search to recover from bad map tracking or new reloc.
01-02 13:32:54.515   860   860 I chatty  : uid=1000(system) /system/bin/trackingservice identical 25 lines
01-02 13:32:54.562   860   860 W TrackingService: attachClient: found client in attached list
01-02 13:32:54.599   860  1008 W TrackingService: attachClient: found client in attached list
01-02 13:32:54.632   860  1008 I chatty  : uid=1000(system) Binder:860_2 identical 2 lines
01-02 13:32:54.663   860  1008 W TrackingService: attachClient: found client in attached list
01-02 13:32:54.702   860  6878 W [CT]    : VEGA:MAP_TRACKING_HM: [Throttled count=25] Map tracking did not run.
01-02 13:32:54.703   860   860 W TrackingService: attachClient: found client in attached list
01-02 13:32:54.807  5504  5606 I chatty  : uid=10033(com.oculus.xrstreamingclient) SlamAnchorMem expire 24 lines
01-02 13:32:54.998  2272  2665 W DeviceConfigUtil: Try to get config param "oculus_shared_social:oculus_messenger_reauth_removal" before Device Config has subscribed to the service.
01-02 13:32:55.005  7062  7160 I VrApi   : FPS=72/72,Prd=48ms,Tear=0,Early=72,Stale=0,VSnc=1,Lat=1,Fov=0,CPU4/GPU=2/3,1171/490MHz,OC=FF,TA=0/70/70,SP=N/F/F,Mem=2092MHz,Free=2316MB,PLS=0,Temp=25.2C/0.0C,TW=1.72ms,App=4.35ms,GD=0.13ms,CPU&GPU=7.95ms,LCnt=2(DR0,LM2),GPU%=0.47,CPU%=0.27(W0.33),DSF=1.00,CFL=19.72/21.28
01-02 13:32:55.084   860   860 I chatty  : uid=1000(system) /system/bin/trackingservice identical 12 lines
01-02 13:32:55.100   860   860 W TrackingService: attachClient: found client in attached list
