01-08 22:48:23.582   726  3869 I audio_hw_primary: adev_open_input_stream: enter: sample_rate(48000) channel_mask(0x10) devices(0x80000004)        stream_handle(0xf29cb000) io_handle(182) source(1) format 5
01-08 22:48:23.583   726  3869 I audio_hw_primary: adev_open_input_stream: enter: sample_rate(48000) channel_mask(0x10) devices(0x80000004)        stream_handle(0xf29cb000) io_handle(182) source(1) format 1
01-08 22:48:23.583   726  3869 I audio_hw_primary: adev_open_input_stream: exit
01-08 22:48:23.585  2358  4195 W PublicLibraryProvider: Cannot find entitlement for com.YourCompany.PrototypeV4
01-08 22:48:23.589   750 13261 I AudioFlinger: AudioFlinger's thread 0x75b6568600 tid=13261 ready to run
01-08 22:48:23.590   726  3869 D audio_hw_primary: in_standby: enter: stream (0xf29cb000) usecase(22: audio-record)
01-08 22:48:23.593   726  3869 D audio_hw_primary: in_standby: enter: stream (0xf29cb000) usecase(22: audio-record)
01-08 22:48:23.594  3306 13246 D NotificationsBadgeLiveData: MessageBadgeData, pullAndCheckNotifs, old data source notif count: 1, oc chats count: 0, messenger count: 0
01-08 22:48:23.594  3306  3306 V [SUI] BarView: Notifs badge count: 1, Messenger badge count 0
01-08 22:48:23.598   726  3869 W EffectHAL: Effect 0xf2bac9a0 command SET_CONFIG returned status: Invalid argument
01-08 22:48:23.600  3306  3373 I PresenceAPK(PresenceClient): onServiceUp
01-08 22:48:23.600  3306  3373 I PresenceAPK(GroupManager): onConnected
01-08 22:48:23.601  3306 10021 I PresenceAPK(GroupManager): initialEnumerationFinished
01-08 22:48:23.601  3306 10021 I PresenceAPK(GroupManager): no reconnect groups
01-08 22:48:23.613   726  3869 W EffectHAL: Effect 0xf2bac9a0 command SET_CONFIG returned status: Invalid argument
01-08 22:48:23.613   726  3869 W EffectHAL: Effect 0xf2bac9f0 command SET_CONFIG returned status: Invalid argument
01-08 22:48:23.615   750  6800 D AF::RecordHandle: OpRecordAudio: track:178 uid:10032 pkg:com.oculus.horizon usage:0 not muted
01-08 22:48:23.617  1910  1910 I AAudio  : AAudioStreamBuilder_openStream() returns 0 = AAUDIO_OK for s#33 ----------------
01-08 22:48:23.619  1910  1910 I libjingle: [7002:564] [1910] (WebRtcPeerConnectionFactory.cpp:119): WebRtcPeerConnectionFactory::WebRtcPeerConnectionFactory
01-08 22:48:23.621  1910 13266 I libjingle: [7002:566] [13266] (WebRtcPeerConnectionFactory.cpp:100): SetThreadCPUAffinity thread 0, cpu mask 127
01-08 22:48:23.625  1910 13267 I libjingle: [7002:570] [13267] (WebRtcPeerConnectionFactory.cpp:100): SetThreadCPUAffinity thread 0, cpu mask 127
01-08 22:48:23.626  1910  1910 I libjingle: [7002:571] [1910] (WebRtcPeerConnectionFactory.cpp:164): WebRtcPeerConnectionFactory::WebRtcPeerConnectionFactory enc 0x7891a51490 dec 0x7891a51cd0
01-08 22:48:23.626  1910 13267 D JVM     : AttachCurrentThreadIfNeeded::ctor@[tid=13267]
01-08 22:48:23.626  1910 13267 D JVM     : Attaching thread to JVM
01-08 22:48:23.627  1910 13267 D JVM     : JVM::environment@[tid=13267]
01-08 22:48:23.627  1910 13267 D JVM     : JNIEnvironment::ctor@[tid=13267]
01-08 22:48:23.627  1910 13267 D AudioManager: ctor@[tid=13267]
01-08 22:48:23.627  1910 13267 D JVM     : JNIEnvironment::RegisterNatives(org/webrtc/voiceengine/WebRtcAudioManager)
01-08 22:48:23.627  1910 13267 D JVM     : NativeRegistration::ctor@[tid=13267]
01-08 22:48:23.627  1910 13267 D JVM     : NativeRegistration::NewObject@[tid=13267]
01-08 22:48:23.627  1910 13267 I org.webrtc.Logging: WebRtcAudioManager: ctor@[name=Thread-195, id=1508]
01-08 22:48:23.627  1910 13267 I org.webrtc.Logging: WebRtcAudioManager: Sample rate is set to 48000 Hz
01-08 22:48:23.628  1910 13267 D AudioManager: OnCacheAudioParameters@[tid=13267]
01-08 22:48:23.628  1910 13267 D AudioManager: hardware_aec: 1
01-08 22:48:23.628  1910 13267 D AudioManager: hardware_agc: 0
01-08 22:48:23.628  1910 13267 D AudioManager: hardware_ns: 1
01-08 22:48:23.628  1910 13267 D AudioManager: low_latency_output: 1
01-08 22:48:23.628  1910 13267 D AudioManager: sample_rate: 48000
01-08 22:48:23.628  1910 13267 D AudioManager: channels: 1
01-08 22:48:23.628  1910 13267 D AudioManager: output_buffer_size: 192
01-08 22:48:23.628  1910 13267 D AudioManager: input_buffer_size: 1920
01-08 22:48:23.628  1910 13267 D JVM     : GlobalRef::ctor@[tid=13267]
01-08 22:48:23.628  1910 13267 D AudioManager: JavaAudioManager::ctor@[tid=13267]
01-08 22:48:23.628  1910 13267 D JVM     : AttachCurrentThreadIfNeeded::ctor@[tid=13267]
01-08 22:48:23.628  1910 13267 D JVM     : JVM::environment@[tid=13267]
01-08 22:48:23.628  1910 13267 D JVM     : JNIEnvironment::ctor@[tid=13267]
01-08 22:48:23.628  1910 13267 D AudioTrackJni: ctor@[tid=13267]
01-08 22:48:23.628  1910 13267 D JVM     : JNIEnvironment::RegisterNatives(org/webrtc/voiceengine/WebRtcAudioTrack)
01-08 22:48:23.628  1910 13267 D JVM     : NativeRegistration::ctor@[tid=13267]
01-08 22:48:23.628  1910 13267 D JVM     : NativeRegistration::NewObject@[tid=13267]
01-08 22:48:23.628  1910 13267 I org.webrtc.Logging: WebRtcAudioTrack: ctor@[name=Thread-195, id=1508]
01-08 22:48:23.628  1910 13267 D JVM     : GlobalRef::ctor@[tid=13267]
01-08 22:48:23.628  1910 13267 D AudioManager: SetActiveAudioLayer(5)@[tid=13267]
01-08 22:48:23.628  1910 13267 D AudioManager: delay_estimate_in_milliseconds: 150
01-08 22:48:23.628  1910 13267 D AudioTrackJni: AttachAudioBuffer@[tid=13267]
01-08 22:48:23.628  1910 13267 D AudioTrackJni: SetPlayoutSampleRate(48000)
01-08 22:48:23.628  1910 13267 D AudioTrackJni: SetPlayoutChannels(1)
01-08 22:48:23.628  1910 13267 I libjingle: [7002:573] [13267] (AudioRecordWrapper.cpp:53): Attached an audio buffer to AudioRecordWrapper
01-08 22:48:23.632  1910 13267 I libjingle: [7002:577] [13267] (webrtcvoiceengine.cc:246): WebRtc VoiceEngine codecs:
01-08 22:48:23.632  1910 13267 I libjingle: [7002:577] [13267] (webrtcvoiceengine.cc:273): ISAC/16000/1 (103)
01-08 22:48:23.632  1910 13267 I libjingle: [7002:577] [13267] (webrtcvoiceengine.cc:273): ISAC/32000/1 (104)
01-08 22:48:23.632  1910 13267 I libjingle: [7002:577] [13267] (webrtcvoiceengine.cc:273): PCMU/8000/1 (0)
01-08 22:48:23.633  1910 13267 I libjingle: [7002:577] [13267] (webrtcvoiceengine.cc:273): PCMA/8000/1 (8)
01-08 22:48:23.633  1910 13267 W libjingle: [7002:578] [13267] (webrtcvoiceengine.cc:297): Unexpected codec: PCMU/8000/2 (110)
01-08 22:48:23.633  1910 13267 W libjingle: [7002:578] [13267] (webrtcvoiceengine.cc:297): Unexpected codec: PCMA/8000/2 (118)
01-08 22:48:23.633  1910 13267 I libjingle: [7002:578] [13267] (webrtcvoiceengine.cc:273): ILBC/8000/1 (102)
01-08 22:48:23.633  1910 13267 I libjingle: [7002:578] [13267] (webrtcvoiceengine.cc:273): G722/8000/1 (9)
01-08 22:48:23.633  1910 13267 W libjingle: [7002:578] [13267] (webrtcvoiceengine.cc:297): Unexpected codec: G722/8000/2 (119)
01-08 22:48:23.633  1910 13267 I libjingle: [7002:578] [13267] (webrtcvoiceengine.cc:273): opus/48000/2 (111)
01-08 22:48:23.633  1910 13267 I libjingle: [7002:578] [13267] (webrtcvoiceengine.cc:273): CN/8000/1 (13)
01-08 22:48:23.633  1910 13267 I libjingle: [7002:578] [13267] (webrtcvoiceengine.cc:273): CN/16000/1 (105)
01-08 22:48:23.633  1910 13267 I libjingle: [7002:578] [13267] (webrtcvoiceengine.cc:273): CN/32000/1 (106)
01-08 22:48:23.633  1910 13267 I libjingle: [7002:578] [13267] (webrtcvoiceengine.cc:273): telephone-event/8000/1 (126)
01-08 22:48:23.633  1910 13267 I libjingle: [7002:578] [13267] (webrtcvoiceengine.cc:273): red/8000/1 (127)
01-08 22:48:23.633  1910 13267 I libjingle: [7002:578] [13267] (webrtcvideoengine2.cc:497): WebRtcVideoEngine2::WebRtcVideoEngine2()
01-08 22:48:23.634  1910 13267 I libjingle: [7002:579] [13267] (webrtcvoiceengine.cc:551): WebRtcVoiceEngine::Init
01-08 22:48:23.634  1910 13267 I libjingle: [7002:579] [13267] (webrtcvoiceengine.cc:575): VoiceEngine 4.1.0
01-08 22:48:23.635  1910 13267 I libjingle: [7002:580] [13267] (voe_base_impl.cc:244): Init: An external ADM implementation will be used in VoiceEngine
01-08 22:48:23.635  1910 13267 D AudioManager: Init@[tid=13267]
01-08 22:48:23.635  1910 13267 I org.webrtc.Logging: WebRtcAudioManager: init@[name=Thread-195, id=1508]
01-08 22:48:23.635  1910 13267 I org.webrtc.Logging: WebRtcAudioManager: audio mode is: MODE_NORMAL
01-08 22:48:23.635  1910 13267 D AudioTrackJni: Init@[tid=13267]
01-08 22:48:23.635  1910 13267 I libjingle: [7002:580] [13267] (webrtcvoiceengine.cc:1066): webrtc: output: available=0
01-08 22:48:23.635  1910 13267 E libjingle: [7002:580] [13267] (webrtcvoiceengine.cc:1066): webrtc: stereo playout is not supported
01-08 22:48:23.635  1910 13267 W libjingle: [7002:580] [13267] (webrtcvoiceengine.cc:1066): webrtc: Init() failed to set mono/stereo playout mode (error=8090)
01-08 22:48:23.635  1910 13267 I libjingle: [7002:580] [13267] (webrtcvoiceengine.cc:1066): webrtc: output: available=0
01-08 22:48:23.635  1910 13267 E libjingle: [7002:580] [13267] (webrtcvoiceengine.cc:1066): webrtc: recording in stereo is not supported
01-08 22:48:23.635  1910 13267 W libjingle: [7002:580] [13267] (webrtcvoiceengine.cc:1066): webrtc: Init() failed to set mono/stereo recording mode (error=8090)
01-08 22:48:23.635  1910 13267 I libjingle: [7002:580] [13267] (webrtcvoiceengine.cc:1066): webrtc: TransmitMixer::SetAudioProcessingModule(audioProcessingModule=0xd6468100)
01-08 22:48:23.636  1910 13267 I libjingle: [7002:580] [13267] (webrtcvoiceengine.cc:1066): webrtc: OutputMixer::SetAudioProcessingModule(audioProcessingModule=0xd6468100)
01-08 22:48:23.636  1910 13267 E libjingle: [7002:580] [13267] (voe_base_impl.cc:371): Init: Failed to set agc to enabled: 0
01-08 22:48:23.636  1910 13267 I libjingle: [7002:581] [13267] (webrtcvoiceengine.cc:648): ApplyOptions: AudioOptions {aec: true, agc: true, ns: true, hf: true, swap: false, audio_jitter_buffer_max_packets: 50, audio_jitter_buffer_fast_accelerate: false, typing: true, agc_delta: 0, experimental_agc: false, extended_filter_aec: false, delay_agnostic_aec: false, experimental_ns: false, }
01-08 22:48:23.636  1910 13267 I OVRPlatform: [SharedMicrophoneAudioRecord] EnableBuiltInEffect(): called to enable effect 0
01-08 22:48:23.636  1910 13267 I libjingle: [7002:581] [13267] (webrtcvoiceengine.cc:722): Disabling EC since built-in EC will be used instead
01-08 22:48:23.636  1910 13267 I libjingle: [7002:581] [13267] (webrtcvoiceengine.cc:729): Echo control set to 0 with mode 4
01-08 22:48:23.637  1910 13267 I libjingle: [7002:581] [13267] (webrtcvoiceengine.cc:764): Auto gain set to 0 with mode 4
01-08 22:48:23.637  1910 13267 I OVRPlatform: [SharedMicrophoneAudioRecord] EnableBuiltInEffect(): called to enable effect 2
01-08 22:48:23.637  1910 13267 I libjingle: [7002:582] [13267] (webrtcvoiceengine.cc:804): Disabling NS since built-in NS will be used instead
01-08 22:48:23.638  1910 13267 I libjingle: [7002:582] [13267] (webrtcvoiceengine.cc:811): Noise suppression set to 0 with mode 5
01-08 22:48:23.638  1910 13267 I libjingle: [7002:582] [13267] (webrtcvoiceengine.cc:817): High pass filter enabled? 0
01-08 22:48:23.638  1910 13267 I libjingle: [7002:582] [13267] (webrtcvoiceengine.cc:825): Stereo swapping enabled? 0
01-08 22:48:23.638  1910 13267 I libjingle: [7002:583] [13267] (webrtcvoiceengine.cc:834): NetEq capacity is 50
01-08 22:48:23.639  1910 13267 I libjingle: [7002:584] [13267] (webrtcvoiceengine.cc:842): NetEq fast mode? 0
01-08 22:48:23.639  1910 13267 I libjingle: [7002:584] [13267] (webrtcvoiceengine.cc:850): Typing detection is enabled? 0
01-08 22:48:23.639  1910 13267 E libjingle: [7002:584] [13267] (voe_audio_processing_impl.cc:955): SetTypingDetectionStatus: not supported
01-08 22:48:23.639  1910 13267 W libjingle: [7002:584] [13267] (webrtcvoiceengine.cc:854): SetTypingDetectionStatus(0) failed, err=8003
01-08 22:48:23.639  1910 13267 I libjingle: [7002:584] [13267] (webrtcvoiceengine.cc:859): Adjust agc delta is 0
01-08 22:48:23.639  1910 13267 I libjingle: [7002:584] [13267] (webrtcvoiceengine.cc:1091): Adjusting AGC level from default -3dB to -3dB
01-08 22:48:23.639  1910 13267 I libjingle: [7002:584] [13267] (webrtcvoiceengine.cc:870): Delay agnostic aec is enabled? 0
01-08 22:48:23.639  1910 13267 I libjingle: [7002:584] [13267] (webrtcvoiceengine.cc:879): Extended filter aec is enabled? 0
01-08 22:48:23.639  1910 13267 I libjingle: [7002:584] [13267] (webrtcvoiceengine.cc:888): Experimental ns is enabled? 0
01-08 22:48:23.639  1910 13267 I libjingle: [7002:584] [13267] (webrtcvoiceengine.cc:611): WebRtc VoiceEngine codecs:
01-08 22:48:23.639  1910 13267 I libjingle: [7002:584] [13267] (webrtcvoiceengine.cc:613): opus/48000/2 (111)
01-08 22:48:23.639  1910 13267 I libjingle: [7002:584] [13267] (webrtcvoiceengine.cc:613): ISAC/16000/1 (103)
01-08 22:48:23.639  1910 13267 I libjingle: [7002:584] [13267] (webrtcvoiceengine.cc:613): ISAC/32000/1 (104)
01-08 22:48:23.639  1910 13267 I libjingle: [7002:584] [13267] (webrtcvoiceengine.cc:613): G722/8000/1 (9)
01-08 22:48:23.639  1910 13267 I libjingle: [7002:584] [13267] (webrtcvoiceengine.cc:613): ILBC/8000/1 (102)
01-08 22:48:23.639  1910 13267 I libjingle: [7002:584] [13267] (webrtcvoiceengine.cc:613): PCMU/8000/1 (0)
01-08 22:48:23.639  1910 13267 I libjingle: [7002:584] [13267] (webrtcvoiceengine.cc:613): PCMA/8000/1 (8)
01-08 22:48:23.639  1910 13267 I libjingle: [7002:584] [13267] (webrtcvoiceengine.cc:613): CN/32000/1 (106)
01-08 22:48:23.639  1910 13267 I libjingle: [7002:584] [13267] (webrtcvoiceengine.cc:613): CN/16000/1 (105)
01-08 22:48:23.639  1910 13267 I libjingle: [7002:584] [13267] (webrtcvoiceengine.cc:613): CN/8000/1 (13)
01-08 22:48:23.639  1910 13267 I libjingle: [7002:584] [13267] (webrtcvoiceengine.cc:613): red/8000/1 (127)
01-08 22:48:23.639  1910 13267 I libjingle: [7002:584] [13267] (webrtcvoiceengine.cc:613): telephone-event/8000/1 (126)
01-08 22:48:23.639  1910 13267 I libjingle: [7002:584] [13267] (webrtcvoiceengine.cc:961): Setting microphone to (id=0) and speaker to (id=0)
01-08 22:48:23.640  1910 13267 W libjingle: [7002:584] [13267] (webrtcvoiceengine.cc:1066): webrtc: SetRecordingChannel() unable to set the recording channel (error=10028)
01-08 22:48:23.640  1910 13267 E libjingle: [7002:584] [13267] (webrtcvoiceengine.cc:1066): webrtc: recording in stereo is not supported
01-08 22:48:23.640  1910 13267 W libjingle: [7002:585] [13267] (webrtcvoiceengine.cc:1066): webrtc: SetRecordingDevice() failed to set mono recording mode (error=8090)
01-08 22:48:23.640  1910 13267 E libjingle: [7002:585] [13267] (webrtcvoiceengine.cc:1066): webrtc: stereo playout is not supported
01-08 22:48:23.640  1910 13267 W libjingle: [7002:585] [13267] (webrtcvoiceengine.cc:1066): webrtc: SetPlayoutDevice() failed to set stereo playout mode (error=8090)
01-08 22:48:23.640  1910 13267 I libjingle: [7002:585] [13267] (webrtcvoiceengine.cc:981): Set microphone to (id=0) and speaker to (id=0)
01-08 22:48:23.640  1910 13267 I libjingle: [7002:585] [13267] (webrtcvoiceengine.cc:554): WebRtcVoiceEngine::Init Done!
01-08 22:48:23.640  1910 13267 I libjingle: [7002:585] [13267] (webrtcvideoengine2.cc:506): WebRtcVideoEngine2::Init
01-08 22:48:23.646  1910 13267 I libjingle: [7002:591] [13267] (dtlsidentitystore.cc:53): Generating identity, using keytype 0
01-08 22:48:23.646  1910 13267 I libjingle: [7002:591] [13267] (opensslidentity.cc:41): Making key pair
01-08 22:48:23.656  1910  1910 I OVRPlatform: [P2PNetworkTransport] oculus_parties_enable_aui_mic_switcher_controls gk is OFF, mic_switcher_controls is disabled
01-08 22:48:23.656  1910  1910 I OVRPlatform: [RequestStopwatch] AndroidFinishInitialization took 136.5980 milliseconds
01-08 22:48:23.657  1910  1910 I OVRPlatform: [RequestStopwatch] AndroidSynchronousInitialize took 139.3640 milliseconds
01-08 22:48:23.658  1910  1910 I PlatformPlugin: [PlatformPluginManager] Successfully initialized Platform
01-08 22:48:23.658  1910  1910 D PlatformPlugin: [PlatformPluginManager] Releasing lock: nativeInit
01-08 22:48:23.660  1910  1910 I PlatformPluginManager: onHeadphonesStateChange: false
01-08 22:48:23.660  1910  1910 I OVRPlatform: [AudioManager] SetHeadphoneStatus: DISCONNECTED
01-08 22:48:23.660  1910  1910 I OVRPlatform: [AudioManager] Current headsetMounted_ true
01-08 22:48:23.660  1910  1910 I OVRPlatform: [AudioManager] Current headphoneStatus_: DISCONNECTED
01-08 22:48:23.660  1910  1910 I PlatformPluginManager: Starting up connection reaper
01-08 22:48:23.661  1910  1910 I PlatformPluginManager: Adding client com.oculus.horizon.service_media.OVRMediaServiceManager@764a184
01-08 22:48:23.661  1910  1910 I OVRPlatform: [AudioManager] SetHeadsetMounted: true
01-08 22:48:23.661  1910  1910 I OVRPlatform: [AudioManager] Current headsetMounted_ true
01-08 22:48:23.661  1910  1910 I OVRPlatform: [AudioManager] Current headphoneStatus_: DISCONNECTED
01-08 22:48:23.692  1910 13267 I libjingle: [7002:637] [13267] (opensslidentity.cc:82): Returning key pair
01-08 22:48:23.692  1910 13267 I libjingle: [7002:637] [13267] (opensslidentity.cc:89): Making certificate for WebRTC
01-08 22:48:23.699  1910 13267 I libjingle: [7002:644] [13267] (opensslidentity.cc:137): Returning certificate
01-08 22:48:23.716   870 11753 I chatty  : uid=1000(system) IOTmotion expire 1 line
01-08 22:48:23.717  2790  2790 D MVanServiceReceiver: MVanServiceReceiver Action: com.oculus.intent.action.MOUNT_STATE_CHANGED
01-08 22:48:23.718  2962  3012 I StateMachine: StateMachine::Update TrackingLost: valid -> Valid
01-08 22:48:23.721  1767  3009 I VrRuntimeService: RuntimeServiceSDKServer::SetGuardianSystemState: 593440871
01-08 22:48:23.722  2962  3012 I GuardianSystem: UpdateGuardianSystemState: Flags changed: 544768, 528384, SYSTEM_RELOCALIZING,SYSTEM_TRACKING_LOST,SYSTEM_GUARDIAN_VALID to SYSTEM_RELOCALIZING,SYSTEM_GUARDIAN_VALID
01-08 22:48:23.850  1910  2505 I AuthLogger: Action succeeded: SYNC_ACCOUNTS, callingPackage: com.oculus.horizon, accountType: null, tokenType: null, extras: {}, duration: 149ms
01-08 22:48:23.869 12990 13281 I chatty  : uid=10159(com.YourCompany.PrototypeV4) expire 2 lines
01-08 22:48:23.918  1767  3009 I VrRuntimeService: RuntimeServiceSDKServer::SetGuardianSystemState: 593440871
01-08 22:48:23.918  2962  3012 I GuardianSystem: UpdateGuardianSystemState: Flags2 changed: 32, 33, SYSTEM_2_SHOULD_PUSH_BLACK to SYSTEM_2_DIRECTIONAL_PASSTHROUGH_ENABLED,SYSTEM_2_SHOULD_PUSH_BLACK
01-08 22:48:23.971   867 13223 I [CT]    : MIXEDREALITY: ServiceLogic: sendMrEngine: Pause
01-08 22:48:23.971   867 13223 I [CT]    : MIXEDREALITY: ServiceLogic: Camera Thread has now tid -1
01-08 22:48:24.005 12990 13202 I chatty  : uid=10159(com.YourCompany.PrototypeV4) expire 4 lines
01-08 22:48:24.197   870 13186 I chatty  : uid=1000(system) CtrllrCam expire 17 lines
01-08 22:48:24.317  2962  3012 I [CT]    : GuardianMapDataMgr: CheckRelocalizationStatus: Relocalization done
01-08 22:48:24.318  1767  3009 I VrRuntimeService: RuntimeServiceSDKServer::SetGuardianSystemState: 593440871
01-08 22:48:24.318  2962  3012 I GuardianSystem: UpdateGuardianSystemState: Flags changed: 528384, 524288, SYSTEM_RELOCALIZING,SYSTEM_GUARDIAN_VALID to SYSTEM_GUARDIAN_VALID
01-08 22:48:24.318  2962  3012 I GuardianSystem: UpdateLocalSpaceToCurrentPose
01-08 22:48:24.318  1767  3009 I VrRuntimeService: RuntimeServiceSDKServer::UpdateLocalSpace
01-08 22:48:24.318  1767  3009 I VrRuntimeServer: UpdateLocalSpace: Src: 3, Version: 55, VersionUser: 0, RawFloorHeightOld: -1.457830, RawFloorHeightNew: -1.457830
01-08 22:48:24.318  2962  3012 I GuardianSystem: UpdateSystem: Responding to local space version number change.
01-08 22:48:24.318  2962  3012 I GuardianSurfaceMgr: ForceShowSurfaceBounds: Soft fade out: currentTime 7402.42, ForceShowTime 7403.42, ForceShowFadeTime 7404.42
01-08 22:48:24.318  2962  3012 I GuardianSystem: ForceShowGuardian: false, 1.00
01-08 22:48:24.329  2097  2946 I [OAO] VrPlatformOpenXr: xrPollEvent: received XR_TYPE_EVENT_DATA_REFERENCE_SPACE_CHANGE_PENDING event
01-08 22:48:24.357  2962  3012 I StateMachine: StateMachine::Update ForceShow: forceShowForTime -> ForceShowOnForTime
01-08 22:48:24.721  2962  3012 I GuardianCollisionTracker: Guardian Controller Collision: Magnitude: 25.316, Duration: -1.000 sec, TimeStamp: 7402.769043 sec
01-08 22:48:24.932  2097  2946 I [OAO] ShellOverlayApp: Sleep timeout exceeded. Timeout:7403.021099, Now:7403.032941. Sleeping... 
01-08 22:48:24.932  2097  2946 I [OAO] ShellOverlayApp: WaitForWake: VrThread entering waiting state
01-08 22:48:25.001  2962  3012 I StateMachine: StateMachine::Update GuardianInitializationStateMachine: finishedSettlingBlackEvent -> Valid_NoBlack
01-08 22:48:25.040  2962  3012 I GuardianSystem: ForceShowGuardian: false, 3.00
01-08 22:48:25.041  1767  3009 I VrRuntimeService: RuntimeServiceSDKServer::SetGuardianSystemState: 593440871
01-08 22:48:25.041  2962  3012 I GuardianSystem: UpdateGuardianSystemState: Flags2 changed: 33, 1, SYSTEM_2_DIRECTIONAL_PASSTHROUGH_ENABLED,SYSTEM_2_SHOULD_PUSH_BLACK to SYSTEM_2_DIRECTIONAL_PASSTHROUGH_ENABLED
01-08 22:48:25.046  1767  2879 I VrRuntimeServer: DisableCompositorClient: 0
01-08 22:48:25.046  1767  2879 I CompositorClientMgr: Disable client 0
01-08 22:48:25.046  1767  2879 I CompositorClientMgr: DisableClient: frame flush required: 1
01-08 22:48:25.049  1767 13195 I CompositorProgs: loaded binary layerProgram 0:0x300000048002:0x0 in 0.8 ms
01-08 22:48:25.200  1767  3009 I VrRuntimeService: RuntimeServiceSDKServer::SetGuardianSystemState: 593440871
01-08 22:48:25.200  2962  3012 I GuardianSystem: UpdateGuardianSystemState: Flags changed: 524288, 532480, SYSTEM_GUARDIAN_VALID to SYSTEM_GUARDIAN_VISIBLE,SYSTEM_GUARDIAN_VALID
01-08 22:48:25.221  1602  3237 I VrRuntimeClient: UpdateEvents: HMT was mounted
01-08 22:48:25.221  2962  3447 I VrRuntimeClient: UpdateEvents: HMT was mounted
01-08 22:48:25.222  1602  3237 I [CT]    : MIXEDREALITY: MrServiceModel: Hibernating caller (most likely rendering thread) due to commandQueue being empty.
01-08 22:48:25.232  1767 13195 I CompositorProgs: [0x7997e38710] Built layerProgram 0:0x100000048002:0x0 in 2.4 ms
01-08 22:48:25.234  1767 13195 I CompositorVR: SetSchedFifo( tid=3237, pol=5, pri=1 ) succeeded
01-08 22:48:25.234  1767 13195 I CompositorVR: SetSchedFifo( tid=3012, pol=5, pri=1 ) succeeded
01-08 22:48:25.234  1767 13195 I CompositorVR: SetSchedFifo( tid=3447, pol=5, pri=1 ) succeeded
01-08 22:48:25.234  1767 13195 I CompositorVR: SetSchedFifo( tid=3548, pol=5, pri=1 ) succeeded
01-08 22:48:25.275   870   870 D TrackingService: haptic socket already exists
01-08 22:48:25.275   870   870 D TrackingService: getSocket: com.YourCompany.PrototypeV4
01-08 22:48:25.331  1767 13195 I CompositorVR: SetSchedFifo( tid=3237, pol=2, pri=0 ) succeeded
01-08 22:48:25.485  3030  3030 D MetaCam (DeviceLifecycleManager): onCapabilitiesChanged(...). Has NET_CAPABILITY_VALIDATED.
01-08 22:48:25.485  3030  3030 D MetaCam (DeviceLifecycleManager): onCapabilitiesChanged(...). Has NET_CAPABILITY_VALIDATED.
01-08 22:48:25.486 12990 13018 I chatty  : uid=10159(com.YourCompany.PrototypeV4) expire 1 line
01-08 22:48:25.487 12990 13284 I chatty  : uid=10159(com.YourCompany.PrototypeV4) expire 3 lines
01-08 22:48:25.673  1767  2879 I PerformanceManager_V0: SetClockLevels: Apply pending clock request change: 3,3 -> 2,3
01-08 22:48:25.673  1767  2873 I Clocks  : ReleaseClocks - start
01-08 22:48:25.673  1767  2873 I Clocks  : ReleaseClocks - end (0.4 ms)
01-08 22:48:25.673  1767  2873 I Clocks  : LockClocks( cpu=2, gpu=3 ) - start
01-08 22:48:25.674  1767  2873 I Clocks  : CPU levels [0, 4]
01-08 22:48:25.674  1767  2873 I Clocks  : GPU levels [0, 5]
01-08 22:48:25.674  1767  2873 I Clocks  : LockClocks( cpu=2, gpu=3 ) - end (0.6 ms)
01-08 22:48:26.527 12990 13025 I chatty  : uid=10159(com.YourCompany.PrototypeV4) expire 11 lines
01-08 22:48:26.571  1767 13195 I CompositorVR: SetSchedFifo( tid=13025, pol=2, pri=0 ) succeeded
01-08 22:48:26.571  1767 13195 I CompositorVR: SetSchedFifo( tid=13213, pol=2, pri=0 ) succeeded
01-08 22:48:26.571  1767 13195 I CompositorVR: SetSchedFifo( tid=13227, pol=2, pri=0 ) succeeded
01-08 22:48:26.690  1602  3470 I Telemetry: App memory usage: PSS=37 MiB, PrivateDirty=31 MiB, PrivateClean=1 MiB, GPU=3.6/3.8 MiB (96% allocated)
01-08 22:48:26.690  2962  3545 I Telemetry: App memory usage: PSS=35 MiB, PrivateDirty=25 MiB, PrivateClean=4 MiB, GPU=3.9/4.1 MiB (96% allocated)
01-08 22:48:26.724  1767 13195 I CompositorVR: SetSchedFifo( tid=13025, pol=3, pri=0 ) succeeded
01-08 22:48:26.724  1767 13195 I CompositorVR: SetSchedFifo( tid=13213, pol=3, pri=0 ) succeeded
01-08 22:48:26.724  1767 13195 I CompositorVR: SetSchedFifo( tid=13227, pol=3, pri=0 ) succeeded
01-08 22:48:26.815  1767  2879 I PerformanceManager_V0: SetClockLevels: Apply pending clock request change: 2,3 -> 3,3
01-08 22:48:26.815  1767  2873 I Clocks  : ReleaseClocks - start
01-08 22:48:26.815  1767  2873 I Clocks  : ReleaseClocks - end (0.3 ms)
01-08 22:48:26.815  1767  2873 I Clocks  : LockClocks( cpu=3, gpu=3 ) - start
01-08 22:48:26.815  1767  2873 I Clocks  : CPU levels [0, 4]
01-08 22:48:26.815  1767  2873 I Clocks  : GPU levels [0, 5]
01-08 22:48:26.816  1767  2873 I Clocks  : LockClocks( cpu=3, gpu=3 ) - end (0.5 ms)
01-08 22:48:27.002 12990 13202 I chatty  : uid=10159(com.YourCompany.PrototypeV4) expire 2 lines
01-08 22:48:27.744   870 11722 I chatty  : uid=1000(system) BoltWorkerThrea expire 5 lines
01-08 22:48:27.971   867 13222 I [CT]    : MIXEDREALITY: StereoPipeline: StereoPipeline: pausing, active clients: 'NONE'.
01-08 22:48:27.971   867 13222 W [CT]    : BOLTDEPTH: BoltDepthSystem: onPause: The depth system had been paused already
01-08 22:48:28.423 12990 13025 I chatty  : uid=10159(com.YourCompany.PrototypeV4) expire 2 lines
01-08 22:48:28.488  1527  1527 D ControllerNotifications: Enabling notifications
01-08 22:48:28.489  1527  1527 I ControllerNotifications: Updating input notifications based on state ConnectedBatteryNormal
01-08 22:48:28.549 12990 13027 I chatty  : uid=10159(com.YourCompany.PrototypeV4) expire 4 lines
01-08 22:48:29.002 12990 13202 I chatty  : uid=10159(com.YourCompany.PrototypeV4) expire 11 lines
01-08 22:48:29.010  2962  3012 I StateMachine: StateMachine::Update ForceShow: stopForceShow -> ForceShowOff
01-08 22:48:29.014  1767  2879 I PerformanceManager_V0: SetClockLevels: Apply pending clock request change: 3,3 -> 2,3
01-08 22:48:29.014  1767  2873 I Clocks  : ReleaseClocks - start
01-08 22:48:29.015  1767  2873 I Clocks  : ReleaseClocks - end (0.3 ms)
01-08 22:48:29.015  1767  2873 I Clocks  : LockClocks( cpu=2, gpu=3 ) - start
01-08 22:48:29.015  1767  2873 I Clocks  : CPU levels [0, 4]
01-08 22:48:29.015  1767  2873 I Clocks  : GPU levels [0, 5]
01-08 22:48:29.015  1767  2873 I Clocks  : LockClocks( cpu=2, gpu=3 ) - end (0.4 ms)
01-08 22:48:29.766  1767  2879 E TREX    : Interface version 1 was not found. Check debug build for more information.
01-08 22:48:32.764   870 13186 I chatty  : uid=1000(system) CtrllrCam expire 13 lines
01-08 22:48:32.823   870 13179 I chatty  : uid=1000(system) IOTcam expire 33 lines
01-08 22:48:32.922  1910  2344 W DeviceConfigUtil: Try to get config param "oculus_shared_social:oculus_messenger_reauth_removal" before Device Config has subscribed to the service.
01-08 22:48:33.481 12990 12990 I chatty  : uid=10159(com.YourCompany.PrototypeV4) expire 2 lines
01-08 22:48:33.880   870  1199 I chatty  : uid=1000(system) Mapper expire 26 lines
01-08 22:48:34.431   697   697 I netd    : trafficSwapActiveStatsMap() <0.13ms>
01-08 22:48:34.437   697   697 I netd    : tetherGetStats() <4.07ms>
01-08 22:48:34.445   697   697 I netd    : bandwidthSetGlobalAlert(2097152) <0.20ms>
01-08 22:48:37.048  1767  2879 I PerformanceManager_V0: SetClockLevels: Apply pending clock request change: 2,3 -> 3,3
01-08 22:48:37.048  1767  2873 I Clocks  : ReleaseClocks - start
01-08 22:48:37.048  1767  2873 I Clocks  : ReleaseClocks - end (0.4 ms)
01-08 22:48:37.048  1767  2873 I Clocks  : LockClocks( cpu=3, gpu=3 ) - start
01-08 22:48:37.049  1767  2873 I Clocks  : CPU levels [0, 4]
01-08 22:48:37.049  1767  2873 I Clocks  : GPU levels [0, 5]
01-08 22:48:37.049  1767  2873 I Clocks  : LockClocks( cpu=3, gpu=3 ) - end (0.6 ms)
01-08 22:48:39.247  1767  2879 I PerformanceManager_V0: SetClockLevels: Apply pending clock request change: 3,3 -> 2,3
01-08 22:48:39.247  1767  2873 I Clocks  : ReleaseClocks - start
01-08 22:48:39.248  1767  2873 I Clocks  : ReleaseClocks - end (0.3 ms)
01-08 22:48:39.248  1767  2873 I Clocks  : LockClocks( cpu=2, gpu=3 ) - start
01-08 22:48:39.248  1767  2873 I Clocks  : CPU levels [0, 4]
01-08 22:48:39.248  1767  2873 I Clocks  : GPU levels [0, 5]
01-08 22:48:39.248  1767  2873 I Clocks  : LockClocks( cpu=2, gpu=3 ) - end (0.5 ms)
01-08 22:48:39.776  1767  2879 E TREX    : Interface version 1 was not found. Check debug build for more information.
01-08 22:48:40.007 12990 13202 I chatty  : uid=10159(com.YourCompany.PrototypeV4) expire 17 lines
01-08 22:48:40.412   870 11756 I chatty  : uid=1000(system) CtrlTracking expire 19 lines
01-08 22:48:43.182  1051  1391 W AlarmManagerService: Unable to set rtc to 1673218123: Permission denied
01-08 22:48:43.247  1051  1391 D SntpClient: round trip: 47ms, clock offset: -65ms
01-08 22:48:43.248  1051  1391 D AlarmManagerService: Setting time of day to sec=1673218123
01-08 22:48:43.464  1910  2344 W DeviceConfigUtil: Try to get config param "oculus_shared_social:oculus_messenger_reauth_removal" before Device Config has subscribed to the service.
01-08 22:48:43.532   870 13179 I chatty  : uid=1000(system) IOTcam expire 62 lines
01-08 22:48:45.602  1051  5617 D WificondControl: Scan result ready event
01-08 22:48:46.625  1602  3470 I Telemetry: App memory usage: PSS=37 MiB, PrivateDirty=31 MiB, PrivateClean=1 MiB, GPU=3.6/3.8 MiB (96% allocated)
01-08 22:48:46.625  2962  3545 I Telemetry: App memory usage: PSS=35 MiB, PrivateDirty=25 MiB, PrivateClean=4 MiB, GPU=3.9/4.1 MiB (96% allocated)
01-08 22:48:46.626  2962  3012 I GuardianSystem: Environment Status changed: 33 to 34
01-08 22:48:48.701  2962  3012 I GuardianSystem: Environment Status changed: 34 to 33
01-08 22:48:49.720  1767  2879 E TREX    : Interface version 1 was not found. Check debug build for more information.
01-08 22:48:52.696   870 13186 I chatty  : uid=1000(system) CtrllrCam expire 7 lines
01-08 22:48:52.724   870 11722 I chatty  : uid=1000(system) BoltWorkerThrea expire 3 lines
01-08 22:48:53.013   870  1199 I chatty  : uid=1000(system) Mapper expire 30 lines
01-08 22:48:53.982   870  1201 I chatty  : uid=1000(system) KeypointCache expire 3 lines
01-08 22:48:54.981  1910  2344 W DeviceConfigUtil: Try to get config param "oculus_shared_social:oculus_messenger_reauth_removal" before Device Config has subscribed to the service.
01-08 22:48:55.939 12990 13202 I chatty  : uid=10159(com.YourCompany.PrototypeV4) expire 8 lines
01-08 22:48:58.622  3030  3030 D MetaCam (DeviceLifecycleManager): onCapabilitiesChanged(...). Has NET_CAPABILITY_VALIDATED.
01-08 22:48:58.622  3030  3030 D MetaCam (DeviceLifecycleManager): onCapabilitiesChanged(...). Has NET_CAPABILITY_VALIDATED.
01-08 22:48:58.622 12990 13018 I chatty  : uid=10159(com.YourCompany.PrototypeV4) expire 2 lines
01-08 22:48:58.623 12990 13354 I chatty  : uid=10159(com.YourCompany.PrototypeV4) expire 3 lines
01-08 22:48:59.731  1767  2879 E TREX    : Interface version 1 was not found. Check debug build for more information.
01-08 22:49:00.349   870 11756 I chatty  : uid=1000(system) CtrlTracking expire 2 lines
01-08 22:49:01.657  3030  3030 D MetaCam (DeviceLifecycleManager): onCapabilitiesChanged(...). Has NET_CAPABILITY_VALIDATED.
01-08 22:49:01.657  3030  3030 D MetaCam (DeviceLifecycleManager): onCapabilitiesChanged(...). Has NET_CAPABILITY_VALIDATED.
01-08 22:49:01.660 12990 13361 I chatty  : uid=10159(com.YourCompany.PrototypeV4) expire 3 lines
01-08 22:49:02.996   870 13179 I chatty  : uid=1000(system) IOTcam expire 14 lines
01-08 22:49:03.947 12990 13202 I chatty  : uid=10159(com.YourCompany.PrototypeV4) expire 4 lines
01-08 22:49:04.829  1051  1063 I system_server: Background concurrent copying GC freed 151999(6238KB) AllocSpace objects, 53(1204KB) LOS objects, 42% free, 12MB/21MB, paused 68us total 169.721ms
01-08 22:49:05.473  1051 10084 D WificondControl: Scan result ready event
01-08 22:49:05.492  1051  1205 D WificondScannerImpl: Filtering out 25 scan results.
01-08 22:49:05.502   581   610 I SyncBossFW: 7441336 [info   ] {PERF}: cpu load cur=0.4555 min=0.0502 max=0.4839 avg=0.3633
01-08 22:49:05.521  1910  2344 W DeviceConfigUtil: Try to get config param "oculus_shared_social:oculus_messenger_reauth_removal" before Device Config has subscribed to the service.
01-08 22:49:05.575   870  1199 I chatty  : uid=1000(system) Mapper expire 17 lines
01-08 22:49:06.626  2962  3545 I Telemetry: App memory usage: PSS=35 MiB, PrivateDirty=25 MiB, PrivateClean=4 MiB, GPU=3.9/4.1 MiB (96% allocated)
01-08 22:49:06.626  1602  3470 I Telemetry: App memory usage: PSS=37 MiB, PrivateDirty=31 MiB, PrivateClean=1 MiB, GPU=3.6/3.8 MiB (96% allocated)
01-08 22:49:06.862 12990 13025 I chatty  : uid=10159(com.YourCompany.PrototypeV4) expire 44 lines
01-08 22:49:06.941 12990 13202 I chatty  : uid=10159(com.YourCompany.PrototypeV4) expire 11 lines
01-08 22:49:06.977  1767 13195 I CompositorVR: SetSchedFifo( tid=13025, pol=2, pri=0 ) succeeded
01-08 22:49:06.977  1767 13195 I CompositorVR: SetSchedFifo( tid=13213, pol=2, pri=0 ) succeeded
01-08 22:49:06.977  1767 13195 I CompositorVR: SetSchedFifo( tid=13227, pol=2, pri=0 ) succeeded
01-08 22:49:06.997   870 13179 I chatty  : uid=1000(system) IOTcam expire 21 lines
01-08 22:49:07.422  1767 13195 I CompositorVR: SetSchedFifo( tid=13025, pol=3, pri=0 ) succeeded
01-08 22:49:07.422  1767 13195 I CompositorVR: SetSchedFifo( tid=13213, pol=3, pri=0 ) succeeded
01-08 22:49:07.422  1767 13195 I CompositorVR: SetSchedFifo( tid=13227, pol=3, pri=0 ) succeeded
01-08 22:49:07.430  1767  2879 I PerformanceManager_V0: SetClockLevels: Apply pending clock request change: 2,3 -> 3,3
01-08 22:49:07.430  1767  2873 I Clocks  : ReleaseClocks - start
01-08 22:49:07.430  1767  2873 I Clocks  : ReleaseClocks - end (0.3 ms)
01-08 22:49:07.430  1767  2873 I Clocks  : LockClocks( cpu=3, gpu=3 ) - start
01-08 22:49:07.430  1767  2873 I Clocks  : CPU levels [0, 4]
01-08 22:49:07.430  1767  2873 I Clocks  : GPU levels [0, 5]
01-08 22:49:07.430  1767  2873 I Clocks  : LockClocks( cpu=3, gpu=3 ) - end (0.4 ms)
01-08 22:49:07.764   870 11722 I chatty  : uid=1000(system) BoltWorkerThrea expire 4 lines
01-08 22:49:09.162 12990 13027 I chatty  : uid=10159(com.YourCompany.PrototypeV4) expire 2 lines
01-08 22:49:09.741  1767  2879 E TREX    : Interface version 1 was not found. Check debug build for more information.
01-08 22:49:09.782  1767  2879 I PerformanceManager_V0: SetClockLevels: Apply pending clock request change: 3,3 -> 2,3
01-08 22:49:09.783  1767  2873 I Clocks  : ReleaseClocks - start
01-08 22:49:09.783  1767  2873 I Clocks  : ReleaseClocks - end (0.2 ms)
01-08 22:49:09.783  1767  2873 I Clocks  : LockClocks( cpu=2, gpu=3 ) - start
01-08 22:49:09.783  1767  2873 I Clocks  : CPU levels [0, 4]
01-08 22:49:09.783  1767  2873 I Clocks  : GPU levels [0, 5]
01-08 22:49:09.783  1767  2873 I Clocks  : LockClocks( cpu=2, gpu=3 ) - end (0.4 ms)
01-08 22:49:10.304  1767 13195 I CompositorVR: SetSchedFifo( tid=13025, pol=2, pri=0 ) succeeded
01-08 22:49:10.304  1767 13195 I CompositorVR: SetSchedFifo( tid=13213, pol=2, pri=0 ) succeeded
01-08 22:49:10.304  1767 13195 I CompositorVR: SetSchedFifo( tid=13227, pol=2, pri=0 ) succeeded
01-08 22:49:10.349   870 11756 I chatty  : uid=1000(system) CtrlTracking expire 4 lines
01-08 22:49:10.596  1767 13195 I CompositorVR: SetSchedFifo( tid=13025, pol=3, pri=0 ) succeeded
01-08 22:49:10.597  1767 13195 I CompositorVR: SetSchedFifo( tid=13213, pol=3, pri=0 ) succeeded
01-08 22:49:10.597  1767 13195 I CompositorVR: SetSchedFifo( tid=13227, pol=3, pri=0 ) succeeded
01-08 22:49:10.604  1767  2879 I PerformanceManager_V0: SetClockLevels: Apply pending clock request change: 2,3 -> 3,3
01-08 22:49:10.604  1767  2873 I Clocks  : ReleaseClocks - start
01-08 22:49:10.604  1767  2873 I Clocks  : ReleaseClocks - end (0.2 ms)
01-08 22:49:10.604  1767  2873 I Clocks  : LockClocks( cpu=3, gpu=3 ) - start
01-08 22:49:10.605  1767  2873 I Clocks  : CPU levels [0, 4]
01-08 22:49:10.605  1767  2873 I Clocks  : GPU levels [0, 5]
01-08 22:49:10.605  1767  2873 I Clocks  : LockClocks( cpu=3, gpu=3 ) - end (0.4 ms)
01-08 22:49:12.697   870 13186 I chatty  : uid=1000(system) CtrllrCam expire 4 lines
01-08 22:49:12.804  1767  2879 I PerformanceManager_V0: SetClockLevels: Apply pending clock request change: 3,3 -> 2,3
01-08 22:49:12.804  1767  2873 I Clocks  : ReleaseClocks - start
01-08 22:49:12.804  1767  2873 I Clocks  : ReleaseClocks - end (0.3 ms)
01-08 22:49:12.804  1767  2873 I Clocks  : LockClocks( cpu=2, gpu=3 ) - start
01-08 22:49:12.804  1767  2873 I Clocks  : CPU levels [0, 4]
01-08 22:49:12.804  1767  2873 I Clocks  : GPU levels [0, 5]
01-08 22:49:12.805  1767  2873 I Clocks  : LockClocks( cpu=2, gpu=3 ) - end (0.4 ms)
01-08 22:49:13.729  3030  3030 D MetaCam (DeviceLifecycleManager): onCapabilitiesChanged(...). Has NET_CAPABILITY_VALIDATED.
01-08 22:49:13.729  3030  3030 D MetaCam (DeviceLifecycleManager): onCapabilitiesChanged(...). Has NET_CAPABILITY_VALIDATED.
01-08 22:49:13.731 12990 13018 I chatty  : uid=10159(com.YourCompany.PrototypeV4) expire 4 lines
01-08 22:49:13.732 12990 13384 I chatty  : uid=10159(com.YourCompany.PrototypeV4) expire 3 lines
01-08 22:49:16.005  1910  2344 W DeviceConfigUtil: Try to get config param "oculus_shared_social:oculus_messenger_reauth_removal" before Device Config has subscribed to the service.
01-08 22:49:16.743  3030  3030 D MetaCam (DeviceLifecycleManager): onCapabilitiesChanged(...). Has NET_CAPABILITY_VALIDATED.
01-08 22:49:16.743  3030  3030 D MetaCam (DeviceLifecycleManager): onCapabilitiesChanged(...). Has NET_CAPABILITY_VALIDATED.
01-08 22:49:16.744 12990 13392 I chatty  : uid=10159(com.YourCompany.PrototypeV4) expire 3 lines
01-08 22:49:17.071  2962  2962 W guardianservice: type=1400 audit(0.0:5392): avc: denied " {" read" } for " name="u:object_r:vendor_board_init_prop:s0" dev="tmpfs" ino=15638 scontext=u:r:priv_app:s0:c512,c768 tcontext=u:object_r:vendor_board_init_prop:s0 tclass=file permissive=0
01-08 22:49:17.071  2962  2962 W guardianservice: type=1400 audit(0.0:5393): avc: denied " {" read" } for " name="u:object_r:vendor_board_init_prop:s0" dev="tmpfs" ino=15638 scontext=u:r:priv_app:s0:c512,c768 tcontext=u:object_r:vendor_board_init_prop:s0 tclass=file permissive=0
01-08 22:49:17.071  2962  2962 W guardianservice: type=1400 audit(0.0:5394): avc: denied " {" read" } for " name="u:object_r:vendor_board_init_prop:s0" dev="tmpfs" ino=15638 scontext=u:r:priv_app:s0:c512,c768 tcontext=u:object_r:vendor_board_init_prop:s0 tclass=file permissive=0
01-08 22:49:17.082  2962  3004 E libc    : Access denied finding property "ro.vendor.product.model_extended"
01-08 22:49:17.082  2962  3004 E libc    : Access denied finding property "ro.vendor.product.model_extended"
01-08 22:49:17.082  2962  3004 E libc    : Access denied finding property "ro.vendor.product.model_extended"
01-08 22:49:17.251   870 13179 I chatty  : uid=1000(system) IOTcam expire 23 lines
01-08 22:49:17.337   870  1199 I chatty  : uid=1000(system) Mapper expire 6 lines
01-08 22:49:17.941 12990 13202 I chatty  : uid=10159(com.YourCompany.PrototypeV4) expire 11 lines
01-08 22:49:19.751  1767  2879 E TREX    : Interface version 1 was not found. Check debug build for more information.
01-08 22:49:19.773  3030  3030 D MetaCam (DeviceLifecycleManager): onCapabilitiesChanged(...). Has NET_CAPABILITY_VALIDATED.
01-08 22:49:19.773  3030  3030 D MetaCam (DeviceLifecycleManager): onCapabilitiesChanged(...). Has NET_CAPABILITY_VALIDATED.
01-08 22:49:19.774 12990 13399 I chatty  : uid=10159(com.YourCompany.PrototypeV4) expire 3 lines
01-08 22:49:22.610   870 13180 I chatty  : uid=1000(system) TelCollector expire 6 lines
01-08 22:49:22.699  2962  3012 I GuardianSystem: Environment Status changed: 33 to 97
01-08 22:49:22.790  3030  3030 D MetaCam (DeviceLifecycleManager): onCapabilitiesChanged(...). Has NET_CAPABILITY_VALIDATED.
01-08 22:49:22.791  3030  3030 D MetaCam (DeviceLifecycleManager): onCapabilitiesChanged(...). Has NET_CAPABILITY_VALIDATED.
01-08 22:49:22.794 12990 13406 I chatty  : uid=10159(com.YourCompany.PrototypeV4) expire 3 lines
01-08 22:49:23.207 12990 13025 I chatty  : uid=10159(com.YourCompany.PrototypeV4) expire 129 lines
01-08 22:49:23.322  1767 13195 I CompositorVR: SetSchedFifo( tid=13025, pol=2, pri=0 ) succeeded
01-08 22:49:23.322  1767 13195 I CompositorVR: SetSchedFifo( tid=13213, pol=2, pri=0 ) succeeded
01-08 22:49:23.322  1767 13195 I CompositorVR: SetSchedFifo( tid=13227, pol=2, pri=0 ) succeeded
01-08 22:49:23.767  1767 13195 I CompositorVR: SetSchedFifo( tid=13025, pol=3, pri=0 ) succeeded
01-08 22:49:23.767  1767 13195 I CompositorVR: SetSchedFifo( tid=13213, pol=3, pri=0 ) succeeded
01-08 22:49:23.767  1767 13195 I CompositorVR: SetSchedFifo( tid=13227, pol=3, pri=0 ) succeeded
01-08 22:49:23.774  1767  2879 I PerformanceManager_V0: SetClockLevels: Apply pending clock request change: 2,3 -> 3,3
01-08 22:49:23.775  1767  2873 I Clocks  : ReleaseClocks - start
01-08 22:49:23.775  1767  2873 I Clocks  : ReleaseClocks - end (0.4 ms)
01-08 22:49:23.775  1767  2873 I Clocks  : LockClocks( cpu=3, gpu=3 ) - start
01-08 22:49:23.775  1767  2873 I Clocks  : CPU levels [0, 4]
01-08 22:49:23.775  1767  2873 I Clocks  : GPU levels [0, 5]
01-08 22:49:23.777  1767  2873 I Clocks  : LockClocks( cpu=3, gpu=3 ) - end (1.7 ms)
01-08 22:49:24.522   697   697 I netd    : firewallSetUidRule(2, 10071, 1) <0.05ms>
01-08 22:49:24.827  1051  1078 W ActivityManager: Stopping service due to app idle: u0a46 -1m1s867ms com.oculus.socialplatform/.partyservice.PartyService
01-08 22:49:24.915   697   697 I netd    : firewallSetUidRule(2, 10071, 2) <0.03ms>
01-08 22:49:24.917  2358 13419 W OVRLibrary: null cursor received for query content://com.oculus.ocms.library/apps/com.YourCompany.PrototypeV4
01-08 22:49:26.169  1767  2879 I PerformanceManager_V0: SetClockLevels: Apply pending clock request change: 3,3 -> 2,3
01-08 22:49:26.169  1767  2873 I Clocks  : ReleaseClocks - start
01-08 22:49:26.169  1767  2873 I Clocks  : ReleaseClocks - end (0.3 ms)
01-08 22:49:26.169  1767  2873 I Clocks  : LockClocks( cpu=2, gpu=3 ) - start
01-08 22:49:26.170  1767  2873 I Clocks  : CPU levels [0, 4]
01-08 22:49:26.170  1767  2873 I Clocks  : GPU levels [0, 5]
01-08 22:49:26.170  1767  2873 I Clocks  : LockClocks( cpu=2, gpu=3 ) - end (0.4 ms)
01-08 22:49:26.614  1910  2344 W DeviceConfigUtil: Try to get config param "oculus_shared_social:oculus_messenger_reauth_removal" before Device Config has subscribed to the service.
01-08 22:49:26.629  1602  3470 I Telemetry: App memory usage: PSS=37 MiB, PrivateDirty=31 MiB, PrivateClean=1 MiB, GPU=3.6/3.8 MiB (96% allocated)
01-08 22:49:26.630  2962  3545 I Telemetry: App memory usage: PSS=35 MiB, PrivateDirty=25 MiB, PrivateClean=4 MiB, GPU=3.9/4.1 MiB (96% allocated)
01-08 22:49:26.940  1767 13055 I VrRuntimeService: DestroySwapChain: swapchain=308
01-08 22:49:26.941  1767 13055 I VrRuntimeService: DestroySwapChain: swapchain=307
01-08 22:49:26.970  1284  1284 V AvrcpMediaPlayerList: onPlaybackConfigChanged(): Configs list size=6
01-08 22:49:26.972  1284  1284 V AvrcpMediaPlayerList: onPlaybackConfigChanged(): Configs list size=5
01-08 22:49:26.977 12990 13213 I chatty  : uid=10159(com.YourCompany.PrototypeV4) expire 1 line
01-08 22:49:27.039  1767 13195 I CompositorVR: SetSchedFifo( tid=13025, pol=2, pri=0 ) succeeded
01-08 22:49:27.039   874  3379 E VrApiService: Error set scheduler for process 1767 thread 13213 to 2 : No such process (3)
01-08 22:49:27.039  1767 13195 I CompositorVR: SetSchedFifo( tid=13213, pol=2, pri=0 ) succeeded
01-08 22:49:27.039  1767 13195 I CompositorVR: SetSchedFifo( tid=13227, pol=2, pri=0 ) succeeded
01-08 22:49:27.050   726  3869 D msm8974_platform: platform_split_snd_device: snd_device(2) num devices(1) new_snd_devices(0)
01-08 22:49:27.050   726  3869 D ACDB-LOADER: ACDB -> send_audvoltable
01-08 22:49:27.050   726  3869 D ACDB-LOADER: ACDB -> ACDB_CMD_GET_AUDPROC_INSTANCE_GAIN_DEP_STEP_TABLE_SIZE
01-08 22:49:27.050   726  3869 D         : Failed to fetch the lookup information of the device 0000000F 
01-08 22:49:27.050   726  3869 D ACDB-LOADER: Error: ACDB_CMD_GET_AUDPROC_INSTANCE_GAIN_DEP_STEP_TABLE_SIZE Returned = -19
01-08 22:49:27.050   726  3869 D ACDB-LOADER: ACDB -> ACDB_CMD_GET_AUDPROC_INSTANCE_GAIN_DEP_STEP_TABLE, vol index 0
01-08 22:49:27.050   726  3869 D         : Failed to fetch the lookup information of the device 0000000F 
01-08 22:49:27.050   726  3869 D ACDB-LOADER: Error: ACDB AudProc vol returned = -19
01-08 22:49:27.050   726  3869 D ACDB-LOADER: ACDB -> AUDIO_SET_VOL_CAL cal type = 40
01-08 22:49:27.051   726  3869 D msm8974_platform: platform_split_snd_device: snd_device(2) num devices(1) new_snd_devices(0)
01-08 22:49:27.234 12990 13025 I chatty  : uid=10159(com.YourCompany.PrototypeV4) expire 176 lines
01-08 22:49:27.570   870 13179 W [CT]    : VEGA:MAP_TRACKING_HM: [Throttled count=2] Bad map tracking: map tracking failed @ Submap id = 2, version = 1140298689 with status: 2
01-08 22:49:27.570   870 13179 W [CT]    : VEGA:MAP_TRACKING_HM: [Throttled count=2] Map tracking did not run.
01-08 22:49:27.648 12990 13025 D UE4     : 0x00000000C0B24110 libUE4.so(0x000000000714D110)!VulkanRHI::FVulkanResourceHeap::AllocateResource(VulkanRHI::FVulkanAllocation&, FVulkanEvictable*, VulkanRHI::EType, unsigned int, unsigned int, bool, bool, VulkanRHI::EVulkanAllocationMetaType, bool, char const*, unsigned int)  []
01-08 22:49:27.648 12990 13025 D UE4     : 0x00000000C0B29C00 libUE4.so(0x0000000007152C00)!VulkanRHI::FMemoryManager::AllocateImageMemory(VulkanRHI::FVulkanAllocation&, FVulkanEvictable*, VkMemoryRequirements const&, unsigned int, VulkanRHI::EVulkanAllocationMetaType, bool, char const*, unsigned int)  []
01-08 22:49:27.648 12990 13025 D UE4     : 0x00000000C0B9BA2C libUE4.so(0x00000000071C4A2C)!FVulkanSurface::FVulkanSurface(FVulkanDevice&, FVulkanEvictable*, VkImageViewType, EPixelFormat, unsigned int, unsigned int, unsigned int, unsigned int, unsigned int, unsigned int, ETextureCreateFlags, ERHIAccess, FRHIResourceCreateInfo const&)  []
01-08 22:49:27.648 12990 13025 D UE4     : 0x00000000C0BA10F0 libUE4.so(0x00000000071CA0F0)!FVulkanTextureBase::FVulkanTextureBase(FVulkanDevice&, VkImageViewType, EPixelFormat, unsigned int, unsigned int, unsigned int, unsigned int, unsigned int, unsigned int, ETextureCreateFlags, ERHIAccess, FRHIResourceCreateInfo const&)  []
01-08 22:49:27.648 12990 13025 D UE4     : 0x00000000C0BA48CC libUE4.so(0x00000000071CD8CC)!FVulkanDynamicRHI::RHICreateTextureCube(unsigned int, unsigned char, unsigned int, ETextureCreateFlags, ERHIAccess, FRHIResourceCreateInfo&)  []
01-08 22:49:27.648 12990 13025 D UE4     : 0x00000000C0BBB0DC libUE4.so(0x00000000071E40DC)!FVulkanDynamicRHI::RHICreateTextureCube_RenderThread(FRHICommandListImmediate&, unsigned int, unsigned char, unsigned int, ETextureCreateFlags, ERHIAccess, FRHIResourceCreateInfo&)  []
01-08 22:49:27.648 12990 13025 D UE4     : 0x00000000C595220C libUE4.so(0x000000000BF7B20C)!FTextureCubeResource::InitRHI()  []
01-08 22:49:27.648 12990 13025 D UE4     : 0x00000000C24EBD14 libUE4.so(0x0000000008B14D14)!FRenderResource::InitResource()  []
01-08 22:49:27.648 12990 13025 D UE4     : 
01-08 22:49:27.648 12990 13025 D UE4     : 
01-08 22:49:27.648 12990 13025 D UE4     : [2023.01.08-22.49.27:648][446]LogVulkanRHI: Display: /******************************************* Device Memory ********************************************\
01-08 22:49:27.648 12990 13025 D UE4     : [2023.01.08-22.49.27:648][446]LogVulkanRHI: Display: 2 Device Memory Heaps; Max memory allocations 4096
01-08 22:49:27.648 12990 13025 D UE4     : [2023.01.08-22.49.27:648][446]LogVulkanRHI: Display:  0: Flags 0x1 Size 4294967296 (4096.00 MB) GPU
01-08 22:49:27.648 12990 13025 D UE4     : [2023.01.08-22.49.27:648][446]LogVulkanRHI: Display:  1: Flags 0x1 Size 268435456 (256.00 MB) GPU
01-08 22:49:27.648 12990 13025 D UE4     : [2023.01.08-22.49.27:648][446]LogVulkanRHI: Display: 7 Device Memory Types (unified)
01-08 22:49:27.648 12990 13025 D UE4     : [2023.01.08-22.49.27:648][446]LogVulkanRHI: Display:  0: Flags 0x00001 Heap  0  Local                                         
01-08 22:49:27.648 12990 13025 D UE4     : [2023.01.08-22.49.27:648][446]LogVulkanRHI: Display:  1: Flags 0x00001 Heap  0  Local                                         
01-08 22:49:27.648 12990 13025 D UE4     : [2023.01.08-22.49.27:648][446]LogVulkanRHI: Display:  2: Flags 0x0000b Heap  0  Local HostVisible              HostCached     
01-08 22:49:27.648 12990 13025 D UE4     : [2023.01.08-22.49.27:648][446]LogVulkanRHI: Display:  3: Flags 0x00007 Heap  0  Local HostVisible HostCoherent                
01-08 22:49:27.648 12990 13025 D UE4     : [2023.01.08-22.49.27:648][446]LogVulkanRHI: Display:  4: Flags 0x0000f Heap  0  Local HostVisible HostCoherent HostCached     
01-08 22:49:27.648 12990 13025 D UE4     : [2023.01.08-22.49.27:648][446]LogVulkanRHI: Display:  6: Flags 0x00011 Heap  0  Local                                     Lazy
01-08 22:49:27.648 12990 13025 D UE4     : [2023.01.08-22.49.27:648][446]LogVulkanRHI: Display:  5: Flags 0x00021 Heap  1  Local                                         
01-08 22:49:27.649 12990 13025 D UE4     : [2023.01.08-22.49.27:649][446]LogVulkanRHI: Display: Host Allocation Percentage   0.00% -          0.00MB /    0.000MB
