--------- beginning of system
01-09 19:02:27.879  1053  6314 I ActivityTaskManager: START u0 {flg=0x10000000 cmp=com.YourCompany.PrototypeV4/com.epicgames.ue4.GameActivity} from uid 2000
01-09 19:02:27.907  1053  1082 I ActivityManager: Start proc 10519:com.YourCompany.PrototypeV4/u0a161 for activity {com.YourCompany.PrototypeV4/com.epicgames.ue4.GameActivity}
01-09 19:02:27.912  1053  6314 W ActivityManager: Package for pid 831: no process record found
01-09 19:02:28.235  1053  1430 D ConnectivityService: Returning BLOCKED NetworkInfo to uid=10161
01-09 19:02:28.468  1053  1074 W ActivityTaskManager: Activity top resumed state loss timeout for ActivityRecord{8f9d5c5 u0 com.YourCompany.PrototypeV4/com.epicgames.ue4.GameActivity t395}
01-09 19:02:28.468  1053  1074 W ActivityTaskManager: Activity pause timeout for ActivityRecord{8f9d5c5 u0 com.YourCompany.PrototypeV4/com.epicgames.ue4.GameActivity t395}
01-09 19:02:29.646  1053  6314 E WindowManager: App trying to use insecure INPUT_FEATURE_NO_INPUT_CHANNEL flag. Ignoring
01-09 19:02:31.285  1053  4285 W ActivityManager: Permission Denial: Accessing service com.oculus.vrshell/.ShellOverlayService from pid=10519, uid=10161 requires com.oculus.vrshell.OVERLAY_HOST
01-09 19:02:31.471  1053  1523 E TaskPersister: File error accessing recents directory (directory doesn't exist?).
--------- beginning of tracking
01-09 19:02:33.296   834  1454 D TrackingService: getSharedMemory: com.YourCompany.PrototypeV4#10519, HeadTracker
01-09 19:02:33.331  1053  1169 D ConnectivityService: Blocked status changed to false for 10097(15) on netId 100
01-09 19:02:33.331  1053  1169 D ConnectivityService: Blocked status changed to false for 10097(16) on netId 100
01-09 19:02:38.373   736   934 I SyncBossHAL: [info   ] syncboss_hal_powerstate.c(50): Reporting powerstate event: PROX_ON
01-09 19:02:38.375  1053  1240 I PowerManagerService: Waking up from Asleep (uid=1000, reason=WAKE_REASON_UNKNOWN, details=VrPwMng:leave-standby)...
01-09 19:02:38.376  1053  1053 W UsageStatsService: Event reported without a package name, eventType:15
01-09 19:02:38.378  1053  1053 D ActivityManager: Is background playback enabled for all apps: false
01-09 19:02:38.402  1053  1053 I chatty  : uid=1000 system_server identical 26 lines
01-09 19:02:38.403  1053  1053 D ActivityManager: Is background playback enabled for all apps: false
01-09 19:02:38.403  1053  1103 I DisplayPowerController: Blocking screen on until initial contents have been drawn.
01-09 19:02:38.403  1053  1103 D ActivityTaskManager: Top Process State changed to PROCESS_STATE_TOP
01-09 19:02:38.407   831  1248 D SensorClientUtils: Cancelling delayed transition to SLEEP
01-09 19:02:38.407   834   834 D SensorClientUtils: Cancelling delayed transition to SLEEP
01-09 19:02:38.407   831  1248 D SensorClientUtils: Received transition request from SLEEP to RUNNING
01-09 19:02:38.407   834   834 D SensorClientUtils: Received transition request from SLEEP to RUNNING
01-09 19:02:38.408  1575  1599 D SensorClientUtils: Cancelling delayed transition to SLEEP
01-09 19:02:38.408  1575  1599 D SensorClientUtils: Received transition request from SLEEP to RUNNING
01-09 19:02:38.412  1053  1053 D ActivityManager: Is background playback enabled for all apps: false
01-09 19:02:38.417  1053  1053 I chatty  : uid=1000 system_server identical 12 lines
01-09 19:02:38.417  1053  1053 D ActivityManager: Is background playback enabled for all apps: false
01-09 19:02:38.424  1053  1087 D KernelCpuUidUserSysTimeReader: Removing uids 10159-10159
01-09 19:02:38.425  1053  2292 E AppOps  : startOperation
01-09 19:02:38.425  1053  2292 E AppOps  : java.lang.SecurityException: Specified package MrSystemService under uid 1000 but it is really -1
01-09 19:02:38.425  1053  2292 E AppOps  : 	at com.android.server.appop.AppOpsService.verifyAndGetIsPrivileged(AppOpsService.java:2654)
01-09 19:02:38.425  1053  2292 E AppOps  : 	at com.android.server.appop.AppOpsService.startOperation(AppOpsService.java:2235)
01-09 19:02:38.425  1053  2292 E AppOps  : 	at android.app.AppOpsManager.startOpNoThrow(AppOpsManager.java:5469)
01-09 19:02:38.425  1053  2292 E AppOps  : 	at android.app.AppOpsManager.startOpNoThrow(AppOpsManager.java:5450)
01-09 19:02:38.425  1053  2292 E AppOps  : 	at com.android.server.power.Notifier.onWakeLockAcquired(Notifier.java:224)
01-09 19:02:38.425  1053  2292 E AppOps  : 	at com.android.server.power.PowerManagerService.notifyWakeLockAcquiredLocked(PowerManagerService.java:1277)
01-09 19:02:38.425  1053  2292 E AppOps  : 	at com.android.server.power.PowerManagerService.acquireWakeLockInternal(PowerManagerService.java:1112)
01-09 19:02:38.425  1053  2292 E AppOps  : 	at com.android.server.power.PowerManagerService.access$3900(PowerManagerService.java:118)
01-09 19:02:38.425  1053  2292 E AppOps  : 	at com.android.server.power.PowerManagerService$BinderService.acquireWakeLock(PowerManagerService.java:4346)
01-09 19:02:38.425  1053  2292 E AppOps  : 	at android.os.IPowerManager$Stub.onTransact(IPowerManager.java:349)
01-09 19:02:38.425  1053  2292 E AppOps  : 	at android.os.Binder.execTransactInternal(Binder.java:1021)
01-09 19:02:38.425  1053  2292 E AppOps  : 	at android.os.Binder.execTransact(Binder.java:994)
01-09 19:02:38.425   831  1248 D SensorClientUtils: Executing transition from SLEEP to STANDBY
01-09 19:02:38.425   831  1248 D SensorClientUtils: Executing transition from STANDBY to RUNNING
01-09 19:02:38.426  1575  1599 D SensorClientUtils: Executing transition from SLEEP to STANDBY
01-09 19:02:38.426  1575  1599 D OVRRemoteService: ControllerGlue: setting expected mode to Streaming
01-09 19:02:38.426  1575  1599 D OVRRemoteService: ControllerGlue: Setting current mode to Streaming
01-09 19:02:38.426  1575  1599 D OVRRemoteService: ControllerGlue: leave mode Disabled
01-09 19:02:38.426  1575  1599 D OVRRemoteService: ControllerGlue: Setting mode to Streaming
01-09 19:02:38.426  1575  1599 D OVRRemoteService: ControllerGlue: enter mode Streaming
01-09 19:02:38.426   834   834 D SensorClientUtils: Executing transition from SLEEP to STANDBY
01-09 19:02:38.426   736   975 D SensorService: ControllerProvider: acquiring StreamingSession
01-09 19:02:38.427  1053  4788 W ContextImpl: Calling a method in the system process without a qualified user: android.app.ContextImpl.sendBroadcast:1057 com.android.server.audio.AudioService.setMicrophoneMuteNoCallerCheck:2893 com.android.server.audio.AudioService.setMicrophoneMute:2879 android.media.IAudioService$Stub.onTransact:1112 android.os.Binder.execTransactInternal:1021 
01-09 19:02:38.430  1053  1169 D ConnectivityService: Blocked status changed to false for 10161(26) on netId 100
01-09 19:02:38.431   736   975 D SensorService: SyncbossEventHandler: starting all streams
01-09 19:02:38.431   736 10640 D SensorService: SyncbossEventHandler::producerThreadFunc() start
01-09 19:02:38.431   736 10640 W SensorService: Data for sensor type HMD_IMU dropped because of failure to update clock drift from vsync. 1 drops in the last 0s.
01-09 19:02:38.433   834  1044 I TrackingService: [ vision_manager] SLEEP -> STANDBY transition time: 6 ms
01-09 19:02:38.433   834  1044 I TrackingService: [            iad] SLEEP -> STANDBY transition time: 0 ms
01-09 19:02:38.435  1053  1074 I DisplayManagerService: Display device changed state: "Built-in Screen", ON
01-09 19:02:38.436   736   975 I SyncBossHAL: [info   ] syncboss_hal_impl_input.c(277): No pulsar frequency blocklist set
01-09 19:02:38.436   736   975 I SyncBossHAL: [info   ] syncboss_hal_impl_input.c(304): No AFH behavior specified, enabled by default
01-09 19:02:38.436   736   975 I SyncBossHAL: [info   ] syncboss_hal_impl_input.c(344): Input device auto-whitelisting disabled
01-09 19:02:38.440   736   975 D SensorService: ControllerProvider: acquiring StreamingClient impl; approx # alive: 1
01-09 19:02:38.440   736   975 D libsensorscommon: ControllerProvider: acquiring StreamingClient hidl
01-09 19:02:38.441  1575  1599 D OVRRemoteService: [controller] SLEEP -> STANDBY
01-09 19:02:38.441  1575 10648 D OVRRemoteService: processStateChange([PairedControllerInfo JEDI 729165a0fe4054d7 disconnected mcnt=0])
01-09 19:02:38.441  1575 10648 D OVRRemoteService: processStateChange([PairedControllerInfo JEDI 86557c336c360320 disconnected mcnt=0])
01-09 19:02:38.441  1575  1599 D SensorClientUtils: Executing transition from STANDBY to RUNNING
01-09 19:02:38.441  1575  1599 D OVRRemoteService: [controller] STANDBY -> RUNNING
01-09 19:02:38.442  1053  1103 I DisplayPowerController: Unblocked screen on after 39 ms
01-09 19:02:38.444   736 10639 D SensorService: stateChangeNotifierFunc(): Reporting controller info. Change token: 42, paired=2 connected=0
01-09 19:02:38.444  1575 10648 D OVRRemoteService: processStateChange([PairedControllerInfo JEDI 86557c336c360320 disconnected update-required mcnt=0])
01-09 19:02:38.444  1575 10648 D OVRRemoteService: processStateChange([PairedControllerInfo JEDI 729165a0fe4054d7 disconnected update-required mcnt=0])
01-09 19:02:38.448   834  1044 I TrackingService: [           bolt] SLEEP -> STANDBY transition time: 14 ms
01-09 19:02:38.452  1053  4618 D ConnectivityService: Returning UNBLOCKED NetworkInfo to uid=10026
01-09 19:02:38.454  1053  5536 D ConnectivityService: Returning UNBLOCKED NetworkInfo to uid=10161
01-09 19:02:38.568   834  1044 I TrackingService: [            iot] SLEEP -> STANDBY transition time: 119 ms
01-09 19:02:38.568   834 10698 D TrackingService: starting IOT motion thread, imu batch dispatch enabled=false
01-09 19:02:38.571   834  1044 I TrackingService: ConstellationTrackingGlue: setEnableExtendedDeadreckoning to false
01-09 19:02:38.571   834  1044 I TrackingService: [  constellation] SLEEP -> STANDBY transition time: 2 ms
01-09 19:02:38.571   834  1044 I TrackingService: [selftracked_client] SLEEP -> STANDBY transition time: 0 ms
01-09 19:02:38.571   834  1044 I TrackingService: [           hand] SLEEP -> STANDBY transition time: 0 ms
01-09 19:02:38.572   834  1044 I TrackingService: [         object] SLEEP -> STANDBY transition time: 1 ms
01-09 19:02:38.572   834  1044 I TrackingService: [     controller] SLEEP -> STANDBY transition time: 0 ms
01-09 19:02:38.572   834  1044 I TrackingService: [ExposureControl] SLEEP -> STANDBY transition time: 0 ms
01-09 19:02:38.572   834   834 D TrackingService: setPowerState: STANDBY
01-09 19:02:38.573   834   834 D SensorClientUtils: Executing transition from STANDBY to RUNNING
01-09 19:02:38.573   736   975 D SensorService: ControllerProvider: acquiring StreamingClient impl; approx # alive: 2
01-09 19:02:38.573   834  1044 I TrackingService: [ vision_manager] STANDBY -> RUNNING transition time: 0 ms
01-09 19:02:38.573  1575 10648 D OVRRemoteService: processStateChange([PairedControllerInfo JEDI 86557c336c360320 disconnected update-required mcnt=0])
01-09 19:02:38.573  1575 10648 D OVRRemoteService: processStateChange([PairedControllerInfo JEDI 729165a0fe4054d7 disconnected update-required mcnt=0])
01-09 19:02:38.573   736   975 D libsensorscommon: ControllerProvider: acquiring StreamingClient hidl
01-09 19:02:38.573   834  1044 I TrackingService: [            iad] STANDBY -> RUNNING transition time: 0 ms
01-09 19:02:38.573   834  1044 I TrackingService: [           bolt] STANDBY -> RUNNING transition time: 0 ms
01-09 19:02:38.573  1575  1599 D RemoteService: RemoteService - Registering status callback
01-09 19:02:38.575   736   975 I FrameSetDispatcher: [HEADSET] Client thread started
01-09 19:02:38.575   736   975 I CameraClientManager: [HEADSET] Added client (834) - started clients: 1
01-09 19:02:38.614   736 10640 W SensorService: Data for sensor type HMD_MAG dropped because of failure to update clock drift from vsync. 1 drops in the last 0s.
01-09 19:02:38.757   736   975 I HollywoodCameraProvider: [HollywoodCameraProvider] Set cameras to 10 bpp (format 0x00000007)
01-09 19:02:38.761   736   928 I SyncBossHAL: [info   ] pulsar_manager.c(801): No IRLED tracked controllers connected/ready
01-09 19:02:38.773  1053  1103 W PowerManagerService: Screen on took 398 ms
01-09 19:02:38.814   834  1044 I TrackingService: [            iot] STANDBY -> RUNNING transition time: 240 ms
01-09 19:02:38.815   736   975 I FrameSetDispatcher: [CONTROLLER] Client thread started
01-09 19:02:38.815   736   975 I CameraClientManager: [CONTROLLER] Added client (834) - started clients: 1
01-09 19:02:38.816   834  1044 I TrackingService: ConstellationTrackingGlue: setEnableExtendedDeadreckoning to false
01-09 19:02:38.816   834  1044 I TrackingService: [  constellation] STANDBY -> RUNNING transition time: 2 ms
01-09 19:02:38.816   834  1044 I TrackingService: [selftracked_client] STANDBY -> RUNNING transition time: 0 ms
01-09 19:02:38.817   834  1044 I TrackingService: [           hand] STANDBY -> RUNNING transition time: 0 ms
01-09 19:02:38.818   736   975 I FrameSetDispatcher: [HEADSET] Client thread started
01-09 19:02:38.818   736   975 I CameraClientManager: [HEADSET] Added client (834) - started clients: 2
01-09 19:02:38.818   834  1044 I TrackingService: [         object] STANDBY -> RUNNING transition time: 1 ms
01-09 19:02:38.818   834  1044 I TrackingService: [     controller] STANDBY -> RUNNING transition time: 0 ms
01-09 19:02:38.826   834  1044 I TrackingService: Setting initial exposure: 0.005000, initial gain: 3.000000
01-09 19:02:38.828   736   978 I FrameSetDispatcher: [HEADSET] Client thread started
01-09 19:02:38.828   736   978 I CameraClientManager: [HEADSET] Added client (834) - started clients: 3
01-09 19:02:38.828   834  1044 I TrackingService: [ExposureControl] STANDBY -> RUNNING transition time: 9 ms
01-09 19:02:38.828   834   834 D TrackingService: setPowerState: RUNNING
01-09 19:02:38.854   736   912 I SyncBossHAL: [info   ] syncboss_hal_impl_input.c(1060): Pulsar connected devices state change: 21
01-09 19:02:38.887  1053  4618 D ActivityManager: Is background playback enabled for all apps: false
01-09 19:02:38.899   736   975 W SyncBossHAL: [warning] pulsar_manager.c(701): No cache entry for device 86557c33xxxxxxxx with unknown type
01-09 19:02:38.900   736   975 E SyncBossHAL: [error  ] syncboss_hal_input_helpers.c(158): Failure reading cache data when attempting to check if input is awake
01-09 19:02:38.900   736   975 E SyncBossHAL: [error  ] syncboss_hal_input_helpers.c(158): Failure reading cache data when attempting to check if input is awake
01-09 19:02:38.905   736 10733 W libsensorscommon: frameset capture timestamp out of spec by -8890339.53 ms. FrameType=HEADSET, observed=8890379532000 expected=40000000. FrameSyncPeriod is: 40.00 ms
01-09 19:02:38.917   736   928 I SyncBossHAL: [info   ] pulsar_manager.c(396): 729165a0xxxxxxxx: Configuring IR LED to ontime = 34, period = 40000, delay = -9
01-09 19:02:38.924   736   928 I SyncBossHAL: [info   ] pulsar_manager.c(343): Finished getting cache data for controller
01-09 19:02:38.924   736   928 I SyncBossHAL:     id            : 729165a0xxxxxxxx
01-09 19:02:38.924   736   928 I SyncBossHAL:     pulsar_type   : 0x09011401
01-09 19:02:38.924   736   928 I SyncBossHAL:     connection id : 0x15
01-09 19:02:38.924   736   928 I SyncBossHAL:     fw ver        : 1.9.0
01-09 19:02:38.924   736   928 I SyncBossHAL:     spl ver       : 1.5.1
01-09 19:02:38.924   736   928 I SyncBossHAL:     serial        : 1WMHCR70112121
01-09 19:02:38.924   736   928 I SyncBossHAL:     handedness    : right
01-09 19:02:38.924   736   928 I SyncBossHAL:     battery state : 90%
01-09 19:02:38.924   736   928 I SyncBossHAL: [info   ] pulsar_manager.c(360): Jedi-specific cache data:
01-09 19:02:38.924   736   928 I SyncBossHAL:     captouch ver  : 1.9.0
01-09 19:02:38.928   736 10639 D SensorService: stateChangeNotifierFunc(): Reporting controller info. Change token: 43, paired=2 connected=1
01-09 19:02:38.928  1575 10648 D OVRRemoteService: processStateChange([PairedControllerInfo JEDI 729165a0fe4054d7 connected mcnt=0])
01-09 19:02:38.929   736   975 D SensorService: ControllerProvider: Succesfully set tx power to -4, filter to -4
01-09 19:02:38.929  1575 10648 D OVRRemoteService: processStateChange([PairedControllerInfo JEDI 86557c336c360320 disconnected update-required mcnt=0])
01-09 19:02:38.929   736   928 I SyncBossHAL: [info   ] pulsar_manager.c(866): Setting transmit power for all connected controllers to -4 dBm
01-09 19:02:38.933   736   975 D SensorService: Found paired controllers: 2
01-09 19:02:38.933   834 10701 D TrackingService: Creating RemoteConstellationTrackedDevice
01-09 19:02:38.934   834 10701 I TrackingService: Registering primary controller 729165a0fe4054d7 in slot 0
01-09 19:02:38.935   736   928 I SyncBossHAL: [info   ] pulsar_manager.c(866): Setting filter transmit power for all connected controllers to -4 dBm
01-09 19:02:38.935   834 10701 D TrackingService: TrackingDataPostProcessor: Hand autotransition v2 GK enabled: 1
01-09 19:02:38.935   834 10701 D TrackingService: registerRemote: 729165a0fe4054d7
01-09 19:02:38.947   834   834 D TrackingService: getSharedMemory: com.YourCompany.PrototypeV4, Controller
01-09 19:02:38.950   834 10701 W TrackingService: Attempted to control leds, but gatekeeper is disabled. Skipping operation.
01-09 19:02:39.002   736 10640 I SyncBossInput: [info   ] [jedi (right) 729165a0xxxxxxxx]: 8450574 [info   ] {THDG}: active_seek -> inactive_seek
01-09 19:02:39.008   834 10701 D TrackingService: [HANDTRACKING] Controller 729165a0fe4054d7 in hand: Y, valid: Y
01-09 19:02:39.034  1053  4788 E WindowManager: App trying to use insecure INPUT_FEATURE_NO_INPUT_CHANNEL flag. Ignoring
01-09 19:02:39.041   736 10640 I SyncBossInput: [info   ] [jedi (right) 729165a0xxxxxxxx]: 8907607 [info   ] {APP }: Connected
01-09 19:02:39.042   834  1454 W TrackingService: attachClient: found client in attached list
01-09 19:02:39.049   834  1454 W TrackingService: attachClient: found client in attached list
01-09 19:02:39.050   834  1454 D TrackingService: getSharedMemory: com.oculus.systemdriver#1770, Controller
01-09 19:02:39.051   834   834 W TrackingService: attachClient: found client in attached list
01-09 19:02:39.052   834   834 D TrackingService: getSharedMemory: com.oculus.guardian#2925, Controller
01-09 19:02:39.056   834   834 D TrackingService: haptic socket already exists
01-09 19:02:39.056   834   834 D TrackingService: getSocket: com.YourCompany.PrototypeV4
01-09 19:02:39.057   736   975 E SensorService: Failed to set simple multi haptics, ret: -1
01-09 19:02:39.060   834   834 W TrackingService: attachClient: found client in attached list
01-09 19:02:39.061   834   834 D TrackingService: getSharedMemory: com.oculus.vrshell#2112, HeadTracker
01-09 19:02:39.062   834   834 W TrackingService: attachClient: found client in attached list
01-09 19:02:39.063   834   834 D TrackingService: getSharedMemory: com.oculus.vrshell, Controller
01-09 19:02:39.087   736 10640 I SyncBossInput: [info   ] [jedi (right) 729165a0xxxxxxxx]: 8907608 [info   ] {THDG}: inactive_seek -> active_connected
01-09 19:02:39.128  1053  2292 I ActivityTaskManager: START u0 {act=android.intent.action.MAIN cmp=com.oculus.os.clearactivity/.ClearActivity (has extras)} from uid 10020
01-09 19:02:39.128  1053  2292 W ActivityTaskManager: startActivity called from non-Activity context; forcing Intent.FLAG_ACTIVITY_NEW_TASK for: Intent { act=android.intent.action.MAIN flg=0x800000 cmp=com.oculus.os.clearactivity/.ClearActivity (has extras) }
01-09 19:02:39.142   736 10704 E FrameSetDispatcher: [HEADSET] Client pid=834 (834): Failed to read from receive FMQ for 1 packets in 5000ms.
01-09 19:02:39.142   736 10704 E FrameSetDispatcher: This probably means this client is taking more than 33 ms to process the frame.
01-09 19:02:39.142   736 10704 E FrameSetDispatcher: Retrying.
01-09 19:02:39.147  1053  1074 D ActivityManager: Is background playback enabled for all apps: false
01-09 19:02:39.170  1053  1430 E WindowManager: App trying to use insecure INPUT_FEATURE_NO_INPUT_CHANNEL flag. Ignoring
01-09 19:02:39.386  1053  2292 I DisplayManagerService: Display device added: DisplayDeviceInfo{"com.oculus.android_panel_app.AndroidPanelLayer-#main": uniqueId="virtual:com.oculus.systemux,10026,com.oculus.android_panel_app.AndroidPanelLayer-#main,3", 840 x 1250, modeId 90, defaultModeId 90, supportedModes [{id=90, width=840, height=1250, fps=60.0}], colorMode 0, supportedColorModes [0], HdrCapabilities null, density 200, 200.0 x 200.0 dpi, appVsyncOff 0, presDeadline 16666666, touch NONE, rotation 0, type VIRTUAL, state OFF, owner com.oculus.systemux (uid 10026), FLAG_PRIVATE, FLAG_NEVER_BLANK, FLAG_OWN_CONTENT_ONLY}
01-09 19:02:39.406  1053  1074 I ActivityTaskManager: Override config changes=20005df8 {0.0 ?mcc?mnc ?localeList ?layoutDir sw672dp w672dp h1000dp 200dpi lrg port ?uimode ?night -touch qwerty/v/v -nav/h winConfig={ mBounds=Rect(0, 0 - 840, 1250) mAppBounds=Rect(0, 0 - 840, 1250) mWindowingMode=fullscreen mDisplayWindowingMode=fullscreen mActivityType=undefined mAlwaysOnTop=undefined mRotation=ROTATION_0}} for displayId=29
01-09 19:02:39.416  1053  2292 W ActivityManager: Unable to start service Intent { cmp=com.oculus.presence/.service.PresenceService } U=0: not found
01-09 19:02:39.437  1053  3057 I DisplayManagerService: Display device removed: DisplayDeviceInfo{"com.oculus.android_panel_app.AndroidPanelLayer-#main": uniqueId="virtual:com.oculus.systemux,10026,com.oculus.android_panel_app.AndroidPanelLayer-#main,3", 840 x 1250, modeId 90, defaultModeId 90, supportedModes [{id=90, width=840, height=1250, fps=60.0}], colorMode 0, supportedColorModes [0], HdrCapabilities null, density 200, 200.0 x 200.0 dpi, appVsyncOff 0, presDeadline 16666666, touch NONE, rotation 0, type VIRTUAL, state OFF, owner com.oculus.systemux (uid 10026), FLAG_PRIVATE, FLAG_NEVER_BLANK, FLAG_OWN_CONTENT_ONLY}
01-09 19:02:39.442  1053  6314 I DisplayManagerService: Display device added: DisplayDeviceInfo{"com.oculus.android_panel_app.AndroidPanelLayer-#main": uniqueId="virtual:com.oculus.systemux,10026,com.oculus.android_panel_app.AndroidPanelLayer-#main,3", 840 x 110, modeId 91, defaultModeId 91, supportedModes [{id=91, width=840, height=110, fps=60.0}], colorMode 0, supportedColorModes [0], HdrCapabilities null, density 200, 200.0 x 200.0 dpi, appVsyncOff 0, presDeadline 16666666, touch NONE, rotation 0, type VIRTUAL, state OFF, owner com.oculus.systemux (uid 10026), FLAG_PRIVATE, FLAG_NEVER_BLANK, FLAG_OWN_CONTENT_ONLY}
01-09 19:02:39.461  1053  1074 I ActivityTaskManager: Override config changes=20005df8 {0.0 ?mcc?mnc ?localeList ?layoutDir sw88dp w672dp h88dp 200dpi nrml long land ?uimode ?night -touch qwerty/v/v -nav/h winConfig={ mBounds=Rect(0, 0 - 840, 110) mAppBounds=Rect(0, 0 - 840, 110) mWindowingMode=fullscreen mDisplayWindowingMode=fullscreen mActivityType=undefined mAlwaysOnTop=undefined mRotation=ROTATION_0}} for displayId=30
01-09 19:02:39.492  1053  6799 W ActivityManager: Unable to start service Intent { cmp=com.oculus.presence/.service.PresenceService } U=0: not found
01-09 19:02:39.513   736 10640 I SyncBossInput: [info   ] [jedi (right) 729165a0xxxxxxxx]: 8908228 [info   ] {HPTH}: Set haptics frequency to 0x2154
01-09 19:02:39.820  1053  1074 I DisplayManagerService: Display device changed state: "com.oculus.android_panel_app.AndroidPanelLayer-#main", ON
01-09 19:02:39.824  1053  6799 E WindowManager: App trying to use insecure INPUT_FEATURE_NO_INPUT_CHANNEL flag. Ignoring
01-09 19:02:40.006   736 10640 I SyncBossHAL: [info   ] syncboss_hal_input_controller.c(195): Controller 729165a0xxxxxxxx battery level changed: 0% -> 90%
01-09 19:02:40.011   736 10639 D SensorService: stateChangeNotifierFunc(): Reporting controller info. Change token: 44, paired=2 connected=1
01-09 19:02:40.011  1575 10648 D OVRRemoteService: processStateChange([PairedControllerInfo JEDI 729165a0fe4054d7 connected mcnt=0])
01-09 19:02:40.011  1575 10648 D OVRRemoteService: processStateChange([PairedControllerInfo JEDI 86557c336c360320 disconnected update-required mcnt=0])
01-09 19:02:40.095  1053  2292 I ActivityTaskManager: START u0 {act=com.oculus.os.clearactivity.FINISH cmp=com.oculus.os.clearactivity/.ClearActivity (has extras)} from uid 10020
01-09 19:02:40.095  1053  2292 W ActivityTaskManager: startActivity called from non-Activity context; forcing Intent.FLAG_ACTIVITY_NEW_TASK for: Intent { act=com.oculus.os.clearactivity.FINISH flg=0x800000 cmp=com.oculus.os.clearactivity/.ClearActivity (has extras) }
01-09 19:02:40.123  1053  1074 D ActivityManager: Is background playback enabled for all apps: false
--------- beginning of main
01-09 19:02:40.138   724   957 D ACDB-LOADER: ACDB -> send_audvoltable
01-09 19:02:40.138   724   957 D ACDB-LOADER: ACDB -> ACDB_CMD_GET_AUDPROC_INSTANCE_GAIN_DEP_STEP_TABLE_SIZE
01-09 19:02:40.138   724   957 D         : Failed to fetch the lookup information of the device 0000000F 
01-09 19:02:40.138   724   957 D ACDB-LOADER: Error: ACDB_CMD_GET_AUDPROC_INSTANCE_GAIN_DEP_STEP_TABLE_SIZE Returned = -19
01-09 19:02:40.138   724   957 D ACDB-LOADER: ACDB -> ACDB_CMD_GET_AUDPROC_INSTANCE_GAIN_DEP_STEP_TABLE, vol index 7
01-09 19:02:40.138   724   957 D         : Failed to fetch the lookup information of the device 0000000F 
01-09 19:02:40.138   724   957 D ACDB-LOADER: Error: ACDB AudProc vol returned = -19
01-09 19:02:40.138   724   957 D ACDB-LOADER: ACDB -> AUDIO_SET_VOL_CAL cal type = 40
01-09 19:02:40.139   743  1190 D AF::TrackHandle: OpPlayAudio: track:60 uid:10014 pkg:com.oculus.shellenv usage:1 muted
01-09 19:02:40.142  2979  2979 D MetaCam (MediaCapabilityChecker): checkMediaHasRecordingCapabilities packageName: com.YourCompany.PrototypeV4
01-09 19:02:40.153   834   834 W TrackingService: attachClient: found client in attached list
01-09 19:02:40.153   834   834 D TrackingService: getSharedMemory: com.YourCompany.PrototypeV4, Controller
01-09 19:02:40.163  1961  2524 W OVRLibrary: null cursor received for query content://com.oculus.ocms.library/apps/com.YourCompany.PrototypeV4
01-09 19:02:40.164  1961  2524 I OVRMediaServiceManager: Sending onAppStart (com.YourCompany.PrototypeV4) to SocialPlatform (com.oculus.socialplatform)
01-09 19:02:40.168  1961  2054 W OVRLibrary: null cursor received for query content://com.oculus.ocms.library/apps/com.YourCompany.PrototypeV4
01-09 19:02:40.196 10519 10624 I chatty  : uid=10161(com.YourCompany.PrototypeV4) expire 1 line
01-09 19:02:40.200  2979  2979 W OVRLibrary: null cursor received for query content://com.oculus.ocms.library/apps/com.YourCompany.PrototypeV4
01-09 19:02:40.200  2979  2979 D MetaCam (MediaCapabilityChecker): checkMediaHasRecordingCapabilities packageName: com.YourCompany.PrototypeV4
01-09 19:02:40.210  1961  2524 E OVRMediaServiceManager: LivestreamingManager Not initialized
01-09 19:02:40.220  2979  2979 W OVRLibrary: null cursor received for query content://com.oculus.ocms.library/apps/com.YourCompany.PrototypeV4
01-09 19:02:40.266  2925  2999 I GuardianCollisionTracker: Guardian Controller Collision: Magnitude: 4.910, Duration: -1.000 sec, TimeStamp: 8894.251953 sec
01-09 19:02:40.344  2925  2999 I GuardianSystem: runtimeServiceSDKClient_.ForceShowGuardianEvent
01-09 19:02:40.344  2925  2999 I GuardianSystem: ForceShowGuardian: false, 0.00
01-09 19:02:40.408  1053  1065 I system_server: NativeAlloc concurrent copying GC freed 84285(4157KB) AllocSpace objects, 44(1280KB) LOS objects, 42% free, 12MB/21MB, paused 107us total 172.989ms
01-09 19:02:40.463  2925  2999 I [CT]    : GuardianMapDataMgr: CheckRelocalizationStatus: Relocalization done
01-09 19:02:40.463  2925  2999 I GuardianSystem: UpdateGuardianSystemState: Flags changed: 528384, 524288, SYSTEM_RELOCALIZING,SYSTEM_GUARDIAN_VALID to SYSTEM_GUARDIAN_VALID
01-09 19:02:40.463  2925  2999 I GuardianSystem: UpdateLocalSpaceToCurrentPose
01-09 19:02:40.464  2925  2999 I GuardianSystem: UpdateSystem: Responding to local space version number change.
01-09 19:02:40.464  2925  2999 I GuardianSurfaceMgr: ForceShowSurfaceBounds: Soft fade out: currentTime 8894.51, ForceShowTime 8895.51, ForceShowFadeTime 8896.51
01-09 19:02:40.464  2925  2999 I GuardianSystem: ForceShowGuardian: false, 1.00
01-09 19:02:40.502  2925  2999 I StateMachine: StateMachine::Update GuardianInitializationStateMachine: finishedRelocalizingEvent -> Valid_NoBlack
01-09 19:02:40.502  2925  2999 I StateMachine: StateMachine::Update ForceShow: forceShowForTime -> ForceShowOnForTime
01-09 19:02:40.541  2925  2999 I GuardianSystem: ForceShowGuardian: false, 3.00
01-09 19:02:40.542  2925  2999 I GuardianSystem: UpdateGuardianSystemState: Flags2 changed: 49, 1, SYSTEM_2_DIRECTIONAL_PASSTHROUGH_ENABLED,SYSTEM_2_LOADING_DOTS,SYSTEM_2_SHOULD_PUSH_BLACK to SYSTEM_2_DIRECTIONAL_PASSTHROUGH_ENABLED
01-09 19:02:40.582  1770 10730 I chatty  : uid=10025(com.oculus.systemdriver) OVR::TimeWarp expire 24 lines
01-09 19:02:40.595   858   858 E adbd    : failed to connect to socket 'tcp:6666': Connection refused
01-09 19:02:40.628 10519 10763 W VrApi   : FrameIndex = 5, RetiredClientFrameIndex = 1, waited for 300 msec for frame to retire
01-09 19:02:40.653 10519 10763 W VrApi   : FrameIndex = 5, RetiredClientFrameIndex = 1, waited for 325 msec for frame to retire
01-09 19:02:40.661  2925  2999 I GuardianSystem: UpdateGuardianSystemState: Flags changed: 524288, 532480, SYSTEM_GUARDIAN_VALID to SYSTEM_GUARDIAN_VISIBLE,SYSTEM_GUARDIAN_VALID
01-09 19:02:40.676  2925  3434 I VrRuntimeClient: UpdateEvents: HMT was mounted
01-09 19:02:40.678 10519 10763 W VrApi   : FrameIndex = 5, RetiredClientFrameIndex = 1, waited for 350 msec for frame to retire
01-09 19:02:40.682  1654  3147 I [CT]    : MIXEDREALITY: MrServiceModel: Hibernating caller (most likely rendering thread) due to commandQueue being empty.
01-09 19:02:40.703 10519 10763 W VrApi   : FrameIndex = 5, RetiredClientFrameIndex = 1, waited for 375 msec for frame to retire
01-09 19:02:40.728 10519 10763 W VrApi   : FrameIndex = 5, RetiredClientFrameIndex = 1, waited for 400 msec for frame to retire
01-09 19:02:40.750 10519 10544 D UE4     : [2023.01.09-19.02.40:750][  0]LogCore: Display: AppLifetime: Application will deactivate
01-09 19:02:40.753 10519 10763 W VrApi   : FrameIndex = 5, RetiredClientFrameIndex = 1, waited for 425 msec for frame to retire
01-09 19:02:40.778 10519 10763 W VrApi   : FrameIndex = 5, RetiredClientFrameIndex = 1, waited for 450 msec for frame to retire
01-09 19:02:40.803 10519 10763 W VrApi   : FrameIndex = 5, RetiredClientFrameIndex = 1, waited for 475 msec for frame to retire
01-09 19:02:40.828 10519 10763 W VrApi   : FrameIndex = 5, RetiredClientFrameIndex = 1, waited for 500 msec for frame to retire
01-09 19:02:40.828 10519 10763 D OVRPlugin: Leaving VR mode.
01-09 19:02:40.828 10519 10763 I VrApi   : ---------- vrapi_LeaveVrMode [start] ----------
01-09 19:02:40.830  1654  3419 I [CT]    : MIXEDREALITY: MrServiceController: VrFocusManager::Top Activity Changed, topActivity now is: 'com.oculus.shellenv', immersiveApp now is: ''.
01-09 19:02:40.830 10519 10763 I XrRuntimeUtils: XrRuntimeUtils::EndSession
01-09 19:02:40.830  1654  3419 I [CT]    : MIXEDREALITY: MrServiceController: VrFocusManager::Top Activity Changed, topActivity now is: 'com.oculus.shellenv', immersiveApp now is: ''.
01-09 19:02:40.832 10519 10763 D VrApi   : targetSDKVersion 29
01-09 19:02:40.833 10519 10763 I VrRuntimeClient: DEVICE MODEL NUMBER = Quest
01-09 19:02:40.833 10519 10763 I VrRuntimeClient: DEVICE BUILD NAME = user-49068160412800150
01-09 19:02:40.833 10519 10763 I VrRuntimeClient: DEVICE BUILD TYPE = user
01-09 19:02:40.833 10519 10763 I VrRuntimeClient: DEVICE OS VERSION = 10
01-09 19:02:40.833 10519 10763 I VrRuntimeClient: API LOADER VERSION = 1.44.0
01-09 19:02:40.833 10519 10763 I VrRuntimeClient: RUNTIME API VERSION = 1.64.0
01-09 19:02:40.833 10519 10763 I VrRuntimeClient: RUNTIME VERSION = 47.0.0.282.341 Nov 25 2022 14:16:37 RELEASE
01-09 19:02:40.833 10519 10763 I VrRuntimeClient: APP NAME = PrototypeV4
01-09 19:02:40.833 10519 10763 I VrRuntimeClient: APP VERSION = 1.0 versionCode 1 internalVersionName <none>
01-09 19:02:40.833 10519 10763 I VrRuntimeClient: APP VR TYPE = <none>
01-09 19:02:40.833 10519 10763 I VrRuntimeClient: APP MODE TYPE = VR
01-09 19:02:40.833 10519 10763 I VrRuntimeClient: APP PACKAGE NAME = com.YourCompany.PrototypeV4
01-09 19:02:40.833 10519 10763 I VrRuntimeClient: APP ACTIVITY CLASS = com.epicgames.ue4.GameActivity
01-09 19:02:40.833  1654  3147 I [CT]    : MIXEDREALITY: MrServiceModel: Hibernating caller (most likely rendering thread) due to commandQueue being empty.
01-09 19:02:40.834 10519 10763 D BatteryReceiver: Unregistering battery receiver
01-09 19:02:40.834 10519 10763 I Sensor  : OSSDKTRACKING Shutdown tracking
01-09 19:02:40.834 10519 10763 I LogTimer: CPUTIME: VrRuntimeClient_EndSession took 3.9335 ms
01-09 19:02:40.836 10519 10624 I VrApi   : FPS=1/72,Prd=10ms,Tear=0,Early=0,Stale=90,VSnc=1,Lat=1,Fov=0,CPU4/GPU=2/3,2419/490MHz,OC=FF,TA=0/70/0,SP=N/N/E,Mem=2092MHz,Free=3330MB,PLS=0,Temp=26.5C/0.0C,TW=0.00ms,App=0.04ms,GD=0.00ms,CPU&GPU=5.69ms,LCnt=0(DR0,LM0),GPU%=0.13,CPU%=0.08(W0.14),DSF=1.00,CFL=0.00/0.00
01-09 19:02:40.837 10519 10763 I VrApi   : OVR::Stats thread stopped
01-09 19:02:40.837 10519 10763 I InputDeviceManager: ovrInputDeviceManager::~ovrInputDeviceManager
01-09 19:02:40.837 10519 10763 I InputDevice_TrackedRemote: OSSDKTRACKING shutting down Haptics
01-09 19:02:40.837 10519 10763 I InputDevice_TrackedRemote: OSSDKTRACKING shutting down Haptics
01-09 19:02:40.837 10519 10763 I OSHandDataQuerier: OSSDKTRACKING shutting down HandsTracker
01-09 19:02:40.837 10519 10763 I OSHandDataQuerier: OSSDKTRACKING shutting down HandsTracker
01-09 19:02:40.837 10519 10763 D OsSdk   : TrackingServiceConnection dtor
01-09 19:02:40.837   834   834 I TrackingService: Unregistering client by ITrackingService.unregisterClient
01-09 19:02:40.837   834   834 I TrackingService: Failed to unregister client because client not found in registered list
01-09 19:02:40.837   834   834 I chatty  : uid=1000(system) /system/bin/trackingservice identical 7 lines
01-09 19:02:40.837   834   834 I TrackingService: Failed to unregister client because client not found in registered list
01-09 19:02:40.837   834   834 D TrackingService: unregister: com.YourCompany.PrototypeV4
01-09 19:02:40.838 10519 10763 D OsSdk   : TrackingServiceConnection unregistered
01-09 19:02:40.847 10519 10620 I ClientInputThread_Internal: InputThreadRun ShutdownRequest received
01-09 19:02:40.847 10519 10763 I InputHooks_Internal: Disabling Native Input Hooks
01-09 19:02:40.847 10519 10763 I ClientInputTrackedKeyboardManager: TRACKEDKEYBOARD ClearTrackedObjectManager called on client
01-09 19:02:40.847  1770 10586 I chatty  : uid=10025(com.oculus.systemdriver) com.oculus.vrruntimeservice expire 14 lines
01-09 19:02:40.853 10519 10629 I FenceChecker: FenceChecker::MainLoop - ended
01-09 19:02:40.853 10519 10763 I XrRuntimeUtils: XrRuntimeUtils::DestroySession
01-09 19:02:40.853 10519 10763 I VrApi   : ---------- vrapi_LeaveVrMode [end] ----------
01-09 19:02:40.853 10519 10763 D OVRPlugin: Reset m_session to nullptr
01-09 19:02:40.853 10519 10544 D UE4     : [GameActivity] Unregistering volume receiver
01-09 19:02:40.853 10519 10763 D UE4     : [2023.01.09-19.02.40:853][  0]LogHMD: Error: Splash FOculusHMDModule::GetPluginWrapper().WaitToBeginFrame 6 failed (-1003)
01-09 19:02:40.854 10519 10763 D UE4     : [2023.01.09-19.02.40:854][  0]LogHMD: Error: Splash FOculusHMDModule::GetPluginWrapper().WaitToBeginFrame 6 failed (-1003)
01-09 19:02:40.854 10519 10763 D UE4     : [2023.01.09-19.02.40:854][  0]LogHMD: Error: Splash FOculusHMDModule::GetPluginWrapper().WaitToBeginFrame 6 failed (-1003)
01-09 19:02:40.854 10519 10544 D UE4     : [GameActivity] Unregistering battery receiver
01-09 19:02:40.855 10519 10544 D UE4     : [GameActivity] Unregistering headset receiver
01-09 19:02:40.856 10519 10544 D UE4     : [2023.01.09-19.02.40:856][  0]LogCore: Display: AppLifetime: Application will enter background
01-09 19:02:40.856 10519 10544 D UE4     : [2023.01.09-19.02.40:856][  0]LogTemp: Android pause audio
01-09 19:02:40.856 10519 10544 D UE4     : [2023.01.09-19.02.40:856][  0]LogAudioMixerAndroid: Display: Suspending android audio renderer
01-09 19:02:40.856 10519 10544 D         : PlayerBase::pause() from IPlayer
01-09 19:02:40.857 10519 10763 D UE4     : [2023.01.09-19.02.40:856][  0]LogHMD: Error: Splash FOculusHMDModule::GetPluginWrapper().WaitToBeginFrame 6 failed (-1003)
01-09 19:02:40.857 10519 10545 D UE4     : [2023.01.09-19.02.40:857][  0]LogAndroid: Blocking renderer on invalid window.
01-09 19:02:40.857 10519 10545 D UE4     : [2023.01.09-19.02.40:857][  0]LogAndroid: Waiting for renderer to encounter blocking command.
01-09 19:02:40.857 10519 10763 D UE4     : [2023.01.09-19.02.40:857][  0]LogAndroid: Blocking renderer
01-09 19:02:40.857 10519 10763 D UE4     : [2023.01.09-19.02.40:857][  0]LogAndroid: RendererBlock release window callback
01-09 19:02:40.857 10519 10763 D UE4     : [2023.01.09-19.02.40:857][  0]LogVulkanRHI: Destroy swapchain ... 
01-09 19:02:40.857 10519 10545 D UE4     : LogAndroidEvents::EnqueueAppEvent : 13, [width=-1, height=-1], tid = 10545, APP_EVENT_STATE_APP_SUSPENDED
01-09 19:02:40.857 10519 10545 D UE4     : Case APP_CMD_TERM_WINDOW, tid = 10545
01-09 19:02:40.857 10519 10545 D UE4     : [2023.01.09-19.02.40:857][  0]LogAndroid: Case APP_CMD_TERM_WINDOW
01-09 19:02:40.857 10519 10545 D UE4     : LogAndroidEvents::EnqueueAppEvent : 3, [width=-1, height=-1], tid = 10545, APP_EVENT_STATE_WINDOW_DESTROYED
01-09 19:02:40.857 10519 10544 D UE4     : [2023.01.09-19.02.40:857][  0]LogOcInput: OculusInput is initialized
01-09 19:02:40.857 10519 10544 D UE4     : [2023.01.09-19.02.40:857][  0]LogHMD: FSplash::DoHide
01-09 19:02:40.858  1274  1274 V AvrcpMediaPlayerList: onPlaybackConfigChanged(): Configs list size=6
01-09 19:02:40.861 10519 10519 D UE4     : [GameActivity] ==============> GameActive.onTrimMemory(TRIM_MEMORY_UI_HIDDEN) called!
01-09 19:02:40.862 10519 10519 D UE4     : [GameActivity] ==============> GameActive.onStop complete!
01-09 19:02:40.862 10519 10545 D UE4     : [2023.01.09-19.02.40:862][  0]LogAndroid: Case APP_CMD_STOP
01-09 19:02:40.862 10519 10545 D UE4     : LogAndroidEvents::EnqueueAppEvent : 8, [width=-1, height=-1], tid = 10545, APP_EVENT_STATE_ON_STOP
01-09 19:02:40.863 10519 10545 D UE4     : [2023.01.09-19.02.40:863][  0]LogAndroid: Case APP_CMD_SAVE_STATE
01-09 19:02:40.863 10519 10545 D UE4     : LogAndroidEvents::EnqueueAppEvent : 12, [width=-1, height=-1], tid = 10545, APP_EVENT_STATE_SAVE_STATE
01-09 19:02:40.863 10519 10519 V UE4     : [GameApp] App in background
01-09 19:02:40.864 10519 10519 D UE4     : [GameActivity] Creating console command broadcast listener
01-09 19:02:40.864 10519 10545 D UE4     : [2023.01.09-19.02.40:864][  0]LogAndroid: Case APP_CMD_START
01-09 19:02:40.864 10519 10545 D UE4     : LogAndroidEvents::EnqueueAppEvent : 9, [width=-1, height=-1], tid = 10545, APP_EVENT_STATE_ON_START
01-09 19:02:40.864 10519 10519 D UE4     : [GameActivity] ==================================> Inside onStart function in GameActivity
01-09 19:02:40.864 10519 10519 V UE4     : [GameApp] App in foreground
01-09 19:02:40.865 10519 10545 D UE4     : Case APP_CMD_RESUME
01-09 19:02:40.865 10519 10519 D UE4     : [GameActivity] onResume: start memory reporter runnable
01-09 19:02:40.865 10519 10545 D UE4     : [2023.01.09-19.02.40:865][  0]LogAndroid: Case APP_CMD_RESUME
01-09 19:02:40.865 10519 10545 D UE4     : LogAndroidEvents::EnqueueAppEvent : 7, [width=-1, height=-1], tid = 10545, APP_EVENT_STATE_ON_RESUME
01-09 19:02:40.865 10519 10519 D UE4     : [GameActivity] === Restoring Transparent Bars ===
01-09 19:02:40.865 10519 10519 D UE4     : [GameActivity] ==============> [JAVA] AndroidThunkJava_KeepScreenOn(false) - Enabled screen saver
01-09 19:02:40.865 10519 10519 D UE4     : [GameActivity] ==============> [JAVA] AndroidThunkJava_DisableScreenCapture(false) - Enabled screen captures
01-09 19:02:40.865 10519 10519 D UE4     : App is running in Landscape
01-09 19:02:40.865 10519 10519 D UE4     : [GameActivity] === Restoring Transparent Bars ===
01-09 19:02:40.865 10519 10519 D UE4     : [GameActivity] ==============> Resuming main init
01-09 19:02:40.865 10519 10519 D UE4     : [GameActivity] ==============> GameActive.onResume complete!
01-09 19:02:40.866 10519 10545 D UE4     : [2023.01.09-19.02.40:866][  0]LogAndroid: Case APP_CMD_LOST_FOCUS
01-09 19:02:40.866 10519 10545 D UE4     : LogAndroidEvents::EnqueueAppEvent : 10, [width=-1, height=-1], tid = 10545, APP_EVENT_STATE_WINDOW_LOST_FOCUS
01-09 19:02:40.870  1053  5536 D WindowManager: relayoutVisibleWindow: Window{2c9e734 u0 com.YourCompany.PrototypeV4/com.epicgames.ue4.GameActivity EXITING} mAnimatingExit=true, mRemoveOnExit=false, mDestroying=false
01-09 19:02:40.872  2979  2979 D MetaCam (MediaCapabilityChecker): checkMediaHasRecordingCapabilities packageName: com.YourCompany.PrototypeV4
01-09 19:02:40.873   724  4362 D msm8974_platform: platform_split_snd_device: snd_device(2) num devices(1) new_snd_devices(0)
01-09 19:02:40.873   724  4362 D ACDB-LOADER: ACDB -> send_audvoltable
01-09 19:02:40.873   724  4362 D ACDB-LOADER: ACDB -> ACDB_CMD_GET_AUDPROC_INSTANCE_GAIN_DEP_STEP_TABLE_SIZE
01-09 19:02:40.873   724  4362 D         : Failed to fetch the lookup information of the device 0000000F 
01-09 19:02:40.873   724  4362 D ACDB-LOADER: Error: ACDB_CMD_GET_AUDPROC_INSTANCE_GAIN_DEP_STEP_TABLE_SIZE Returned = -19
01-09 19:02:40.873   724  4362 D ACDB-LOADER: ACDB -> ACDB_CMD_GET_AUDPROC_INSTANCE_GAIN_DEP_STEP_TABLE, vol index 1
01-09 19:02:40.873   724  4362 D         : Failed to fetch the lookup information of the device 0000000F 
01-09 19:02:40.873   724  4362 D ACDB-LOADER: Error: ACDB AudProc vol returned = -19
01-09 19:02:40.873   724  4362 D ACDB-LOADER: ACDB -> AUDIO_SET_VOL_CAL cal type = 40
01-09 19:02:40.875 10519 10545 D UE4     : Case APP_CMD_INIT_WINDOW
01-09 19:02:40.876 10519 10545 D UE4     : [2023.01.09-19.02.40:875][  0]LogAndroid: Case APP_CMD_INIT_WINDOW
01-09 19:02:40.876 10519 10545 D UE4     : LogAndroidEvents::EnqueueAppEvent : 0, [width=3664, height=1920], tid = 10545, APP_EVENT_STATE_WINDOW_CREATED
01-09 19:02:40.878  1961  2357 W OVRLibrary: null cursor received for query content://com.oculus.ocms.library/apps/com.YourCompany.PrototypeV4
01-09 19:02:40.878  1961  2513 W OVRLibrary: null cursor received for query content://com.oculus.ocms.library/apps/com.YourCompany.PrototypeV4
01-09 19:02:40.878  1961  2513 I OVRMediaServiceManager: Sending onAppStart (com.YourCompany.PrototypeV4) to SocialPlatform (com.oculus.socialplatform)
01-09 19:02:40.879  1053  4788 I ActivityTaskManager: Activity reported stop, but no longer stopping: ActivityRecord{8f9d5c5 u0 com.YourCompany.PrototypeV4/com.epicgames.ue4.GameActivity t395}
01-09 19:02:40.882 10519 10545 D UE4     : [2023.01.09-19.02.40:882][  0]LogAndroid: Case APP_CMD_GAINED_FOCUS
01-09 19:02:40.882 10519 10545 D UE4     : LogAndroidEvents::EnqueueAppEvent : 11, [width=-1, height=-1], tid = 10545, APP_EVENT_STATE_WINDOW_GAINED_FOCUS
01-09 19:02:40.882 10519 10545 D UE4     : [2023.01.09-19.02.40:882][  0]LogAndroid: event thread, activate app, unlocking HW window
01-09 19:02:40.882 10519 10545 D UE4     : LogAndroidEvents::EnqueueAppEvent : 14, [width=-1, height=-1], tid = 10545, APP_EVENT_STATE_APP_ACTIVATED
01-09 19:02:40.882 10519 10545 D UE4     : LogAndroidEvents::EnqueueAppEvent : 15, [width=-1, height=-1], tid = 10545, APP_EVENT_RUN_CALLBACK
01-09 19:02:40.882 10519 10763 D UE4     : [2023.01.09-19.02.40:882][  0]LogAndroid: RendererBlock acquired window lock
01-09 19:02:40.882 10519 10763 D UE4     : [2023.01.09-19.02.40:882][  0]LogVulkanRHI: Recreate swapchain ... 
01-09 19:02:40.883 10519 10763 D UE4     : [2023.01.09-19.02.40:883][  0]LogAndroid: RendererBlock updating window
01-09 19:02:40.883 10519 10763 D UE4     : [2023.01.09-19.02.40:883][  0]LogAndroid: RendererBlock released window lock
01-09 19:02:40.884 10519 10544 D UE4     : [2023.01.09-19.02.40:884][  0]LogHMD: Error: FOculusHMDModule::GetPluginWrapper().WaitToBeginFrame 6 failed (-1003)
01-09 19:02:40.884 10519 10544 D UE4     : [2023.01.09-19.02.40:884][  0]LogAndroid: Mobile HDR: no
01-09 19:02:40.887   831 10815 I [CT]    : MIXEDREALITY: ServiceLogic: sendMrEngine: Pause
01-09 19:02:40.887   831 10815 I [CT]    : MIXEDREALITY: ServiceLogic: Camera Thread has now tid -1
01-09 19:02:40.890 10519 10544 D UE4     : [2023.01.09-19.02.40:890][  0]LogHMD: Setting user focus to game viewport since session status is visible...
01-09 19:02:40.890 10519 10544 D OVRPlugin: User present: 1
01-09 19:02:40.890 10519 10544 D UE4     : [2023.01.09-19.02.40:890][  0]LogAndroid: Display: Low Power Mode Changed: 0
01-09 19:02:40.891 10519 10544 D UE4     : EngineMemoryWarningHandler: Mem Used 337.54 MB, Texture Memory 10.79 MB, Render Target memory 93.03 MB, OS Free 3114.95 MB
01-09 19:02:40.892 10519 10763 D UE4     : [2023.01.09-19.02.40:892][  0]LogHMD: Error: FOculusHMDModule::GetPluginWrapper().BeginFrame4 6 failed (-1003)
01-09 19:02:40.895 10519 10763 D UE4     : [2023.01.09-19.02.40:895][  0]LogHMD: Allocating Oculus 45 x 50 variable resolution swapchain
01-09 19:02:40.895 10519 10763 D UE4     : [2023.01.09-19.02.40:895][  0]LogHMD: Warning: 45 x 50 variable resolution swapchain is not a divider of 1440 x 1584 color swapchain, potential edge problems
01-09 19:02:40.896  2979  2979 W OVRLibrary: null cursor received for query content://com.oculus.ocms.library/apps/com.YourCompany.PrototypeV4
01-09 19:02:40.897  2979  2979 D MetaCam (MediaCapabilityChecker): checkMediaHasRecordingCapabilities packageName: com.YourCompany.PrototypeV4
01-09 19:02:40.908  1961  2513 E OVRMediaServiceManager: LivestreamingManager Not initialized
01-09 19:02:40.917  2979  2979 W OVRLibrary: null cursor received for query content://com.oculus.ocms.library/apps/com.YourCompany.PrototypeV4
01-09 19:02:40.955   724   957 D msm8974_platform: platform_split_snd_device: snd_device(2) num devices(1) new_snd_devices(0)
01-09 19:02:40.955   724   957 D ACDB-LOADER: ACDB -> send_audvoltable
01-09 19:02:40.955   724   957 D ACDB-LOADER: ACDB -> ACDB_CMD_GET_AUDPROC_INSTANCE_GAIN_DEP_STEP_TABLE_SIZE
01-09 19:02:40.955   724   957 D         : Failed to fetch the lookup information of the device 0000000F 
01-09 19:02:40.955   724   957 D ACDB-LOADER: Error: ACDB_CMD_GET_AUDPROC_INSTANCE_GAIN_DEP_STEP_TABLE_SIZE Returned = -19
01-09 19:02:40.955   724   957 D ACDB-LOADER: ACDB -> ACDB_CMD_GET_AUDPROC_INSTANCE_GAIN_DEP_STEP_TABLE, vol index 0
01-09 19:02:40.955   724   957 D         : Failed to fetch the lookup information of the device 0000000F 
01-09 19:02:40.955   724   957 D ACDB-LOADER: Error: ACDB AudProc vol returned = -19
01-09 19:02:40.955   724   957 D ACDB-LOADER: ACDB -> AUDIO_SET_VOL_CAL cal type = 40
01-09 19:02:40.957   724  4362 D msm8974_platform: platform_split_snd_device: snd_device(2) num devices(1) new_snd_devices(0)
01-09 19:02:41.310 10519 10544 D UE4     : [2023.01.09-19.02.41:310][  0]LogSlate: InvalidateAllWidgets triggered.  All widgets were invalidated
01-09 19:02:41.313 10519 10821 D UE4     : [2023.01.09-19.02.41:313][  0]LogProfilingDebugging: Allocated a 1024 x 1024 texture for HMD canvas layer
01-09 19:02:41.322 10519 10544 D UE4     : [2023.01.09-19.02.41:322][  0]LogSlate: Slate font cache was flushed
01-09 19:02:41.324 10519 10544 D UE4     : [2023.01.09-19.02.41:324][  1]LogAndroidEvents: Display: LogAndroidEvents::DequeueAppEvent : 13, [width=-1, height=-1], APP_EVENT_STATE_APP_SUSPENDED
01-09 19:02:41.324 10519 10544 D UE4     : FAppEventManager::Tick processing, 13
01-09 19:02:41.324 10519 10544 D UE4     : Execution will be paused...
01-09 19:02:41.324 10519 10544 D UE4     : [2023.01.09-19.02.41:324][  1]LogAndroidEvents: Display: LogAndroidEvents::DequeueAppEvent : 3, [width=-1, height=-1], APP_EVENT_STATE_WINDOW_DESTROYED
01-09 19:02:41.324 10519 10544 D UE4     : FAppEventManager::Tick processing, 3
01-09 19:02:41.324 10519 10544 D UE4     : APP_EVENT_STATE_WINDOW_DESTROYED, 0, 0, 0
01-09 19:02:41.324 10519 10544 D UE4     : [2023.01.09-19.02.41:324][  1]LogAndroidEvents: Display: LogAndroidEvents::DequeueAppEvent : 8, [width=-1, height=-1], APP_EVENT_STATE_ON_STOP
01-09 19:02:41.324 10519 10544 D UE4     : FAppEventManager::Tick processing, 8
01-09 19:02:41.324 10519 10544 D UE4     : [2023.01.09-19.02.41:324][  1]LogAndroidEvents: Display: LogAndroidEvents::DequeueAppEvent : 12, [width=-1, height=-1], APP_EVENT_STATE_SAVE_STATE
01-09 19:02:41.324 10519 10544 D UE4     : FAppEventManager::Tick processing, 12
01-09 19:02:41.324 10519 10544 D UE4     : [2023.01.09-19.02.41:324][  1]LogAndroidEvents: Display: LogAndroidEvents::DequeueAppEvent : 9, [width=-1, height=-1], APP_EVENT_STATE_ON_START
01-09 19:02:41.324 10519 10544 D UE4     : FAppEventManager::Tick processing, 9
01-09 19:02:41.324 10519 10544 D UE4     : [2023.01.09-19.02.41:324][  1]LogAndroidEvents: Display: LogAndroidEvents::DequeueAppEvent : 7, [width=-1, height=-1], APP_EVENT_STATE_ON_RESUME
01-09 19:02:41.324 10519 10544 D UE4     : FAppEventManager::Tick processing, 7
01-09 19:02:41.324 10519 10544 D UE4     : [2023.01.09-19.02.41:324][  1]LogAndroidEvents: Display: LogAndroidEvents::DequeueAppEvent : 10, [width=-1, height=-1], APP_EVENT_STATE_WINDOW_LOST_FOCUS
01-09 19:02:41.324 10519 10544 D UE4     : FAppEventManager::Tick processing, 10
01-09 19:02:41.324 10519 10544 D UE4     : [2023.01.09-19.02.41:324][  1]LogAndroidEvents: Display: LogAndroidEvents::DequeueAppEvent : 0, [width=3664, height=1920], APP_EVENT_STATE_WINDOW_CREATED
01-09 19:02:41.324 10519 10544 D UE4     : FAppEventManager::Tick processing, 0
