01-06 16:14:54.703  3515  3515 W OVRLibrary: null cursor received for query content://com.oculus.ocms.library/apps/com.oculus.xrstreamingclient
01-06 16:14:54.722  3515  3515 W OVRLibrary: null cursor received for query content://com.oculus.ocms.library/apps/notifications_system_app
01-06 16:14:54.722 10451 10569 E OsSdk   : error getting shared memory region, memory type: HeadTracker, failed with Status(-1, EX_SECURITY): 'requested shared memory region when not registered/focused'
01-06 16:14:54.739  3515  3515 W OVRLibrary: null cursor received for query content://com.oculus.ocms.library/apps/com.YourCompany.TemplateProject3
01-06 16:14:54.751  3515  3515 W OVRLibrary: null cursor received for query content://com.oculus.ocms.library/apps/paused_app
01-06 16:14:54.763   864  1042 I chatty  : uid=1000(system) Binder:864_2 identical 3 lines
01-06 16:14:54.764 10451 10569 E OsSdk   : error getting shared memory region, memory type: HeadTracker, failed with Status(-1, EX_SECURITY): 'requested shared memory region when not registered/focused'
01-06 16:14:54.771  3515  3515 W OVRLibrary: null cursor received for query content://com.oculus.ocms.library/apps/com.android.settings
01-06 16:14:54.772  3515  3515 I PresenceAPK(ServiceApiManager): onServiceConnected componentName=ComponentInfo{com.oculus.presence/com.oculus.presence.services.presence.PresenceService}
01-06 16:14:54.773  3515  3515 I PresenceAPK(ServiceApiManager): setting apiStatusListener
01-06 16:14:54.773  3515  6490 I PresenceAPK(ServiceApiManager): onApiReady
01-06 16:14:54.773  3515  3515 D [SUI] LibraryViewModel: Calling notifyPropertyChanged(BR.items)
01-06 16:14:54.773  3515  3515 D [SUI] LibraryView: No scroll to position available
01-06 16:14:54.773  3515  3515 D [SUI] LibraryTTI: Apps cache fetched, 230ms after initialization started.
01-06 16:14:54.774  3515  3515 D [SUI] LibraryViewModel: Executing Actions after initial apps load.
01-06 16:14:54.774  3515  3515 D [SUI] LibraryAppMigration: Verifying if App Migration Dialog should be shown.
01-06 16:14:54.774  3515  3515 D [SUI] LibraryAppMigration: Not showing App Migration dialog, Dialog has been shown once already
01-06 16:14:54.774  3515  3515 D [SUI] LibraryViewModel: Not showing App Migration dialog, already been shown once
01-06 16:14:54.774  3515  3515 D [SUI] LibraryViewModel: maybeRestoreScrollPosition
01-06 16:14:54.774  3515  3515 D [SUI] LibraryView: Setting pending scroll position: 0
01-06 16:14:54.774  3515  3515 D [SUI] LibrarySyncing: Updated Library data source for all apps
01-06 16:14:54.774  3515  3515 D [SUI] LibraryViewModel: Calling notifyPropertyChanged(BR.items)
01-06 16:14:54.779  3515  3515 D [SUI] LibraryAppsOrchestrator: Apps fetched from cache: 
01-06 16:14:54.779  3515  3515 D [SUI] LibraryAppsOrchestrator: App: com.vrchat.oculus.quest status: INSTALLED downloadedSizeBytes: 0 downloadSizeBytes: 0
01-06 16:14:54.779  3515  3515 D [SUI] LibraryAppsOrchestrator: App: com.oculus.store status: INSTALLED downloadedSizeBytes: 0 downloadSizeBytes: 0
01-06 16:14:54.779  3515  3515 D [SUI] LibraryAppsOrchestrator: App: com.facebook.arvr.quillplayer status: INSTALLED downloadedSizeBytes: 0 downloadSizeBytes: 0
01-06 16:14:54.779  3515  3515 D [SUI] LibraryAppsOrchestrator: App: com.oculus.keyboard.prod.applemagic status: ENTITLED downloadedSizeBytes: 0 downloadSizeBytes: 0
01-06 16:14:54.779  3515  3515 D [SUI] LibraryAppsOrchestrator: App: com.meta.environment.prod.vista status: ENTITLED downloadedSizeBytes: 0 downloadSizeBytes: 0
01-06 16:14:54.779  3515  3515 D [SUI] LibraryAppsOrchestrator: App: com.oculus.keyboard.prod.logitechmx_mac_sg status: ENTITLED downloadedSizeBytes: 0 downloadSizeBytes: 0
01-06 16:14:54.779  3515  3515 D [SUI] LibraryAppsOrchestrator: App: com.oculus.keyboard.prod.k003b_logitechk800_fr status: ENTITLED downloadedSizeBytes: 0 downloadSizeBytes: 0
01-06 16:14:54.779  3515  3515 D [SUI] LibraryAppsOrchestrator: App: com.facebook.horizon status: INSTALLED downloadedSizeBytes: 0 downloadSizeBytes: 0
01-06 16:14:54.779  3515  3515 D [SUI] LibraryAppsOrchestrator: App: com.oculus.keyboard.prod.k017d_apple_macbook_air_13_gold_uk status: ENTITLED downloadedSizeBytes: 0 downloadSizeBytes: 0
01-06 16:14:54.779  3515  3515 D [SUI] LibraryAppsOrchestrator: App: com.oculus.keyboard.prod.microsoftsurfacepro8_black status: ENTITLED downloadedSizeBytes: 0 downloadSizeBytes: 0
01-06 16:14:54.779  3515  3515 D [SUI] LibraryAppsOrchestrator: App: com.meta.keyboard.prod.k026a_microsoft_surface_pro_5_6_7_ice_blue status: ENTITLED downloadedSizeBytes: 0 downloadSizeBytes: 0
01-06 16:14:54.779  3515  3515 D [SUI] LibraryAppsOrchestrator: App: com.oculus.keyboard.prod.k024a_hp_envy_x360_convert_13_silver status: ENTITLED downloadedSizeBytes: 0 downloadSizeBytes: 0
01-06 16:14:54.779  3515  3515 D [SUI] LibraryAppsOrchestrator: App: com.oculus.environment.prod.personaloffice01 status: ENTITLED downloadedSizeBytes: 0 downloadSizeBytes: 0
01-06 16:14:54.779  3515  3515 D [SUI] LibraryAppsOrchestrator: App: com.oculus.environment.prod.personaloffice02 status: ENTITLED downloadedSizeBytes: 0 downloadSizeBytes: 0
01-06 16:14:54.779  3515  3515 D [SUI] LibraryAppsOrchestrator: App: com.oculus.keyboard.prod.k017c_apple_macbook_air_13_gold_us status: ENTITLED downloadedSizeBytes: 0 downloadSizeBytes: 0
01-06 16:14:54.779  3515  3515 D [SUI] LibraryAppsOrchestrator: App: com.oculus.environment.prod.bubbles status: INSTALLED downloadedSizeBytes: 0 downloadSizeBytes: 0
01-06 16:14:54.779  3515  3515 D [SUI] LibraryAppsOrchestrator: App: com.oculus.keyboard.prod.applemacbook13_us_ansi status: ENTITLED downloadedSizeBytes: 0 downloadSizeBytes: 0
01-06 16:14:54.779  3515  3515 D [SUI] LibraryAppsOrchestrator: App: com.meta.environment.prod.monolith status: ENTITLED downloadedSizeBytes: 0 downloadSizeBytes: 0
01-06 16:14:54.779  3515  3515 D [SUI] LibraryAppsOrchestrator: App: com.oculus.keyboard.prod.k020a_microsoft_surface_laptop_4_15_platinum_us status: ENTITLED downloadedSizeBytes: 0 downloadSizeBytes: 0
01-06 16:14:54.779  3515  3515 D [SUI] LibraryAppsOrchestrator: App: com.oculus.environment.prod.rifthome status: ENTITLED downloadedSizeBytes: 0 downloadSizeBytes: 0
01-06 16:14:54.779  3515  3515 D [SUI] LibraryAppsOrchestrator: App: com.oculus.environment.prod.spacestation status: ENTITLED downloadedSizeBytes: 0 downloadSizeBytes: 0
01-06 16:14:54.779  3515  3515 D [SUI] LibraryAppsOrchestrator: App: com.oculus.avatareditor status: INSTALLED downloadedSizeBytes: 0 downloadSizeBytes: 0
01-06 16:14:54.779  3515  3515 D [SUI] LibraryAppsOrchestrator: App: com.oculus.environment.prod.cyberhome status: ENTITLED downloadedSizeBytes: 0 downloadSizeBytes: 0
01-06 16:14:54.779  3515  3515 D [SUI] LibraryAppsOrchestrator: App: com.oculus.keyboard.prod.logitechmx status: ENTITLED downloadedSizeBytes: 0 downloadSizeBytes: 0
01-06 16:14:54.779  3515  3515 D [SUI] LibraryAppsOrchestrator: App: com.oculus.explore status: INSTALLED downloadedSizeBytes: 0 downloadSizeBytes: 0
01-06 16:14:54.779  3515  3515 D [SUI] LibraryAppsOrchestrator: App: com.oculus.keyboard.prod.k016c_applemacbook13_2020_uk status: ENTITLED downloadedSizeBytes: 0 downloadSizeBytes: 0
01-06 16:14:54.779  3515  3515 D [SUI] LibraryAppsOrchestrator: App: com.oculus.MiramarSetupRetail status: INSTALLED downloadedSizeBytes: 0 downloadSizeBytes: 0
01-06 16:14:54.779  3515  3515 D [SUI] LibraryAppsOrchestrator: App: com.oculus.environment.prod.japan status: INSTALLED downloadedSizeBytes: 0 downloadSizeBytes: 0
01-06 16:14:54.779  3515  3515 D [SUI] LibraryAppsOrchestrator: App: com.iillusions.spacepiratetrainerquest status: INSTALLED downloadedSizeBytes: 0 downloadSizeBytes: 0
01-06 16:14:54.779  3515  3515 D [SUI] LibraryAppsOrchestrator: App: com.oculus.keyboard.prod.microsoftallinone_us status: ENTITLED downloadedSizeBytes: 0 downloadSizeBytes: 0
01-06 16:14:54.779  3515  3515 D [SUI] LibraryAppsOrchestrator: App: com.oculus.keyboard.prod.logitechk830 status: ENTITLED downloadedSizeBytes: 0 downloadSizeBytes: 0
01-06 16:14:54.779  3515  3515 D [SUI] LibraryAppsOrchestrator: App: com.oculus.environment.prod.dome status: ENTITLED downloadedSizeBytes: 0 downloadSizeBytes: 0
01-06 16:14:54.779  3515  3515 D [SUI] LibraryAppsOrchestrator: App: com.oculus.socialplatform status: INSTALLED downloadedSizeBytes: 0 downloadSizeBytes: 0
01-06 16:14:54.779  3515  3515 D [SUI] LibraryAppsOrchestrator: App: com.oculus.keyboard.prod.applemagic_num_us status: ENTITLED downloadedSizeBytes: 0 downloadSizeBytes: 0
01-06 16:14:54.779  3515  3515 D [SUI] LibraryAppsOrchestrator: App: com.oculus.mobile_mrc_setup status: INSTALLED downloadedSizeBytes: 0 downloadSizeBytes: 0
01-06 16:14:54.779  3515  3515 D [SUI] LibraryAppsOrchestrator: App: com.oculus.keyboard.prod.hpzbook15ug6 status: ENTITLED downloadedSizeBytes: 0 downloadSizeBytes: 0
01-06 16:14:54.779  3515  3515 D [SUI] LibraryAppsOrchestrator: App: com.oculus.tv status: INSTALLED downloadedSizeBytes: 0 downloadSizeBytes: 0
01-06 16:14:54.779  3515  3515 D [SUI] LibraryAppsOrchestrator: App: com.oculus.keyboard.prod.k017a_apple_macbook_air_13_space_gray_and_silver_us status: ENTITLED downloadedSizeBytes: 0 downloadSizeBytes: 0
01-06 16:14:54.779  3515  3515 D [SUI] LibraryAppsOrchestrator: App: com.oculus.keyboard.prod.k018c_microsoft_surface_pro_x_ice_blue status: ENTITLED downloadedSizeBytes: 0 downloadSizeBytes: 0
01-06 16:14:54.779  3515  3515 D [SUI] LibraryAppsOrchestrator: App: com.oculus.keyboard.prod.k010b_lenovothinkpadx1yoga_uk status: ENTITLED downloadedSizeBytes: 0 downloadSizeBytes: 0
01-06 16:14:54.779  3515  3515 D [SUI] LibraryAppsOrchestrator: App: com.oculus.keyboard.prod.k021a_dell_xps_13_platinum_black status: ENTITLED downloadedSizeBytes: 0 downloadSizeBytes: 0
01-06 16:14:54.779  3515  3515 D [SUI] LibraryAppsOrchestrator: App: com.oculus.keyboard.prod.k018a_microsoft_surface_pro_x_poppy_red status: ENTITLED downloadedSizeBytes: 0 downloadSizeBytes: 0
01-06 16:14:54.779  3515  3515 D [SUI] LibraryAppsOrchestrator: App: com.oculus.keyboard.prod.k022a_dell_inspiron_15_platinum_silver status: ENTITLED downloadedSizeBytes: 0 downloadSizeBytes: 0
01-06 16:14:54.779  3515  3515 D [SUI] LibraryAppsOrchestrator: App: com.oculus.keyboard.prod.k019a_microsoft_surface_laptop_4_13_platinum_us status: ENTITLED downloadedSizeBytes: 0 downloadSizeBytes: 0
01-06 16:14:54.779  3515  3515 D [SUI] LibraryAppsOrchestrator: App: com.oculus.keyboard.prod.logitechmx_mini_mac_pg status: ENTITLED downloadedSizeBytes: 0 downloadSizeBytes: 0
01-06 16:14:54.779  3515  3515 D [SUI] LibraryAppsOrchestrator: App: com.oculus.gamingactivity status: INSTALLED downloadedSizeBytes: 0 downloadSizeBytes: 0
01-06 16:14:54.779  3515  3515 D [SUI] LibraryAppsOrchestrator: App: com.oculus.keyboard.prod.k012e_applemacbook15_us status: ENTITLED downloadedSizeBytes: 0 downloadSizeBytes: 0
01-06 16:14:54.779  3515  3515 D [SUI] LibraryAppsOrchestrator: App: com.oculus.keyboard.prod.logitechmx_mini_pg status: ENTITLED downloadedSizeBytes: 0 downloadSizeBytes: 0
01-06 16:14:54.779  3515  3515 D [SUI] LibraryAppsOrchestrator: App: com.oculus.environment.prod.winterlodge status: ENTITLED downloadedSizeBytes: 0 downloadSizeBytes: 0
01-06 16:14:54.779  3515  3515 D [SUI] LibraryAppsOrchestrator: App: com.oculus.environment.prod.adobe status: INSTALLED downloadedSizeBytes: 0 downloadSizeBytes: 0
01-06 16:14:54.779  3515  3515 D [SUI] LibraryAppsOrchestrator: App: com.oculus.keyboard.prod.lenovothinkpadx1yoga status: ENTITLED downloadedSizeBytes: 0 downloadSizeBytes: 0
01-06 16:14:54.779  3515  3515 D [SUI] LibraryAppsOrchestrator: App: com.beatgames.beatsaber status: INSTALLED downloadedSizeBytes: 0 downloadSizeBytes: 0
01-06 16:14:54.779  3515  3515 D [SUI] LibraryAppsOrchestrator: App: com.oculus.browser status: INSTALLED downloadedSizeBytes: 0 downloadSizeBytes: 0
01-06 16:14:54.779  3515  3515 D [SUI] LibraryAppsOrchestrator: App: com.oculus.keyboard.prod.k012f_applemacbook15_uk status: ENTITLED downloadedSizeBytes: 0 downloadSizeBytes: 0
01-06 16:14:54.779  3515  3515 D [SUI] LibraryAppsOrchestrator: App: com.meta.keyboard.prod.k025d_apple_magic_with_touchid_uk status: ENTITLED downloadedSizeBytes: 0 downloadSizeBytes: 0
01-06 16:14:54.779  3515  3515 D [SUI] LibraryAppsOrchestrator: App: com.meta.environment.prod.polarvillage status: ENTITLED downloadedSizeBytes: 0 downloadSizeBytes: 0
01-06 16:14:54.779  3515  3515 D [SUI] LibraryAppsOrchestrator: App: com.oculus.keyboard.prod.k012b_applemacbook13_uk status: ENTITLED downloadedSizeBytes: 0 downloadSizeBytes: 0
01-06 16:14:54.779  3515  3515 D [SUI] LibraryAppsOrchestrator: App: com.oculus.keyboard.prod.logitechk800_us status: ENTITLED downloadedSizeBytes: 0 downloadSizeBytes: 0
01-06 16:14:54.779  3515  3515 D [SUI] LibraryAppsOrchestrator: App: com.oculus.keyboard.prod.k012g_applemacbook16_us status: ENTITLED downloadedSizeBytes: 0 downloadSizeBytes: 0
01-06 16:14:54.779  3515  3515 D [SUI] LibraryAppsOrchestrator: App: com.oculus.keyboard.prod.k019c_microsoft_surface_laptop_4_13_sandstone_us status: ENTITLED downloadedSizeBytes: 0 downloadSizeBytes: 0
01-06 16:14:54.779  3515  3515 D [SUI] LibraryAppsOrchestrator: App: com.oculus.keyboard.prod.k025a_apple_magic_with_numpad_touch_id_us status: ENTITLED downloadedSizeBytes: 0 downloadSizeBytes: 0
01-06 16:14:54.779  3515  3515 D [SUI] LibraryAppsOrchestrator: App: com.oculus.fitnesstracker status: INSTALLED downloadedSizeBytes: 0 downloadSizeBytes: 0
01-06 16:14:54.779  3515  3515 D [SUI] LibraryAppsOrchestrator: App: com.meta.keyboard.prod.k026b_microsoft_surface_pro_5_6_7_poppy_red status: ENTITLED downloadedSizeBytes: 0 downloadSizeBytes: 0
01-06 16:14:54.779  3515  3515 D [SUI] LibraryAppsOrchestrator: App: com.oculus.helpcenter status: INSTALLED downloadedSizeBytes: 0 downloadSizeBytes: 0
01-06 16:14:54.779  3515  3515 D [SUI] LibraryAppsOrchestrator: App: com.oculus.keyboard.prod.k017b_apple_macbook_air_13_space_gray_and_silver_uk status: ENTITLED downloadedSizeBytes: 0 downloadSizeBytes: 0
01-06 16:14:54.779  3515  3515 D [SUI] LibraryAppsOrchestrator: App: com.oculus.keyboard.prod.microsoftsurfacepro8_plat status: ENTITLED downloadedSizeBytes: 0 downloadSizeBytes: 0
01-06 16:14:54.779  3515  3515 D [SUI] LibraryAppsOrchestrator: App: com.oculus.keyboard.prod.dellxps159500 status: ENTITLED downloadedSizeBytes: 0 downloadSizeBytes: 0
01-06 16:14:54.779  3515  3515 D [SUI] LibraryAppsOrchestrator: App: com.meta.keyboard.prod.k002k_logitechmx_mini_gb_pg status: ENTITLED downloadedSizeBytes: 0 downloadSizeBytes: 0
01-06 16:14:54.779  3515  3515 D [SUI] LibraryAppsOrchestrator: App: com.meta.environment.prod.rockquarry status: ENTITLED downloadedSizeBytes: 0 downloadSizeBytes: 0
01-06 16:14:54.779  3515  3515 D [SUI] LibraryAppsOrchestrator: App: com.oculus.keyboard.prod.k015a_dellinspiron7000_us status: ENTITLED downloadedSizeBytes: 0 downloadSizeBytes: 0
01-06 16:14:54.779  3515  3515 D [SUI] LibraryAppsOrchestrator: App: com.oculus.keyboard.prod.logitechk375 status: ENTITLED downloadedSizeBytes: 0 downloadSizeBytes: 0
01-06 16:14:54.779  3515  3515 D [SUI] LibraryAppsOrchestrator: App: com.meta.keyboard.prod.k002l_logitechmx_mini_mac_gb_pg status: ENTITLED downloadedSizeBytes: 0 downloadSizeBytes: 0
01-06 16:14:54.779  3515  3515 D [SUI] LibraryAppsOrchestrator: App: com.oculus.guidebook status: INSTALLED downloadedSizeBytes: 0 downloadSizeBytes: 0
01-06 16:14:54.779  3515  3515 D [SUI] LibraryAppsOrchestrator: App: com.oculus.keyboard.prod.k012h_applemacbook16_uk status: ENTITLED downloadedSizeBytes: 0 downloadSizeBytes: 0
01-06 16:14:54.779  3515  3515 D [SUI] LibraryAppsOrchestrator: App: com.meta.keyboard.prod.k002m_mx_keys_graphite_uni_uk status: ENTITLED downloadedSizeBytes: 0 downloadSizeBytes: 0
01-06 16:14:54.779  3515  3515 D [SUI] LibraryAppsOrchestrator: App: com.oculus.keyboard.prod.k019b_microsoft_surface_laptop_4_13_ice_blue_us status: ENTITLED downloadedSizeBytes: 0 downloadSizeBytes: 0
01-06 16:14:54.779  3515  3515 D [SUI] LibraryAppsOrchestrator: App: com.meta.keyboard.prod.k004b_logitech_k375s_uk status: ENTITLED downloadedSizeBytes: 0 downloadSizeBytes: 0
01-06 16:14:54.779  3515  3515 D [SUI] LibraryAppsOrchestrator: App: com.oculus.keyboard.prod.k005b_microsoftallinone_fr status: ENTITLED downloadedSizeBytes: 0 downloadSizeBytes: 0
01-06 16:14:54.779  3515  3515 D [SUI] LibraryAppsOrchestrator: App: com.oculus.keyboard.prod.k016a_applemacbook13_2020_us status: ENTITLED downloadedSizeBytes: 0 downloadSizeBytes: 0
01-06 16:14:54.779  3515  3515 D [SUI] LibraryAppsOrchestrator: App: com.meta.environment.prod.treehouse status: ENTITLED downloadedSizeBytes: 0 downloadSizeBytes: 0
01-06 16:14:54.779  3515  3515 D [SUI] LibraryAppsOrchestrator: App: com.oculus.keyboard.prod.k021b_dell_xps_13_arctic_white status: ENTITLED downloadedSizeBytes: 0 downloadSizeBytes: 0
01-06 16:14:54.779  3515  3515 D [SUI] LibraryAppsOrchestrator: App: com.oculus.keyboard.prod.hpelitebook830g7 status: ENTITLED downloadedSizeBytes: 0 downloadSizeBytes: 0
01-06 16:14:54.780  3515  3515 D [SUI] LibraryBackgroundExecutor: Execution Completed: Cache Apps Fetch in 209 ms
01-06 16:14:54.780  3515  3515 D [SUI] LibraryBackgroundTaskDeduper: Execution finished CacheAppsFetch
01-06 16:14:54.780  3515  3515 I [SUI] OVRAuthHelper: fetchAuthToken - completed, result: -1
01-06 16:14:54.780  3515  3515 D UserAppScopedAuthHelper: fetchUserInfo - completed
01-06 16:14:54.780  3515  3515 D UserAppScopedAuthHelper: fetchUserInfo - fetching app scoped access token
01-06 16:14:54.780  3515  3515 D PanelAppClient: BEGIN: Initializing panel application via MSG_CREATE_PANEL_APP.
01-06 16:14:54.781  3515  3515 I AndroidPanelApp: Created
01-06 16:14:54.781  3515  3515 I [SUI] ControlBarPanelApp: Create control bar panel app.
01-06 16:14:54.781  3515  3515 I PanelService: BEGIN: nativeInitializePanelInstance - Configure and set up thread polling.
01-06 16:14:54.781  3515  3515 I PanelService: BEGIN: Call hosted app's Configure method.
01-06 16:14:54.781  3515  3515 I PanelService: END: Call hosted app's Configure method.
01-06 16:14:54.781  3515  3515 I PanelService: END: nativeInitializePanelInstance - Add fd 96 to looper with error code 1
01-06 16:14:54.781  3515  3515 D PanelAppClient: END: Initializing panel application via MSG_CREATE_PANEL_APP.
01-06 16:14:54.784  1962  2501 W ProfileContentProvider: [doQuery] uri: content://com.oculus.horizon/profile
01-06 16:14:54.784  1962  2501 W ProfileContentProvider: [doQuery] appId: null, callingPackage: com.oculus.systemux
01-06 16:14:54.788  1962  2501 W ProfileContentProvider: [doQuery] isLoggedIn: true, isFirstPartyOrSystem: true
01-06 16:14:54.788  1962  2501 W ProfileContentProvider: [doQuery] app: null
01-06 16:14:54.789  1962  2501 W ProfileContentProvider: [doQuery] accessFeatureKeys: all features
01-06 16:14:54.790  2990  3126 I [SEO] PanelRenderLayer: ResetSurface #main 0 x 0 - shape:0 stereo:0
01-06 16:14:54.791  1962  2501 W ProfileContentProvider: [doQuery] callingAppHasSystemPlatformSDKPermission: false
01-06 16:14:54.793  1962  2501 W ProfileContentProvider: [doQuery] verifyProductionFirstPartyApplication: true
01-06 16:14:54.794  1962  2501 W ProfileContentProvider: [doQuery] verifyDebugFirstPartyApplication: false
01-06 16:14:54.794  1962  2501 W ProfileContentProvider: [doQuery] isTrustedUser: false, verifyDebugFirstPartyApplication w/ isTrustedUser: false
01-06 16:14:54.794  1962  2501 W ProfileContentProvider: [doQuery] isDebugOS: false
01-06 16:14:54.794  1962  2501 W ProfileContentProvider: [doQuery] accessFeatureKeys contains USER_ID
01-06 16:14:54.794  1962  2501 W ProfileContentProvider: [doQuery] sWhitelistedAppPackageNameToId has com.oculus.systemux: true
01-06 16:14:54.795  1962  2501 W ProfileContentProvider: [doQuery] userId lookup succeeded: true
01-06 16:14:54.797  3515 13700 W OVRLibrary: null cursor received for query content://com.oculus.ocms.library/apps/library_system_app
01-06 16:14:54.804  3515  6490 I PresenceAPK(ServicePresenceClient): calling onServiceUp
01-06 16:14:54.805  1962  2501 W ProfileContentProvider: [doQuery] normal return
01-06 16:14:54.808   864 13212 I [CT]    : boltlib: DSP utilization: 9.38 % (468 / 5000 ms)
01-06 16:14:54.808   864  1042 W TrackingService: attachClient: found client in attached list
01-06 16:14:54.810 10451 10569 E OsSdk   : error getting shared memory region, memory type: HeadTracker, failed with Status(-1, EX_SECURITY): 'requested shared memory region when not registered/focused'
01-06 16:14:54.810   864  1221 W TrackingService: attachClient: found client in attached list
01-06 16:14:54.813 10451 10569 E OsSdk   : error getting shared memory region, memory type: AnchorTracker, failed with Status(-1, EX_SECURITY): 'requested shared memory region when not registered/focused'
01-06 16:14:54.819  3515  3515 D [SUI] LibraryView: onSizeChanged1000
01-06 16:14:54.822  1962  2501 W ProfileContentProvider: [doQuery] uri: content://com.oculus.horizon/profile
01-06 16:14:54.823  1962  2501 W ProfileContentProvider: [doQuery] appId: null, callingPackage: com.oculus.systemux
01-06 16:14:54.825  1962  2501 W ProfileContentProvider: [doQuery] isLoggedIn: true, isFirstPartyOrSystem: true
01-06 16:14:54.825  1962  2501 W ProfileContentProvider: [doQuery] app: null
01-06 16:14:54.827  1962  2501 W ProfileContentProvider: [doQuery] accessFeatureKeys: all features
01-06 16:14:54.827  1962  2501 W ProfileContentProvider: [doQuery] callingAppHasSystemPlatformSDKPermission: false
01-06 16:14:54.829  1962  2501 W ProfileContentProvider: [doQuery] verifyProductionFirstPartyApplication: true
01-06 16:14:54.830  1962  2501 W ProfileContentProvider: [doQuery] verifyDebugFirstPartyApplication: false
01-06 16:14:54.831  1962  2501 W ProfileContentProvider: [doQuery] isTrustedUser: false, verifyDebugFirstPartyApplication w/ isTrustedUser: false
01-06 16:14:54.831  1962  2501 W ProfileContentProvider: [doQuery] isDebugOS: false
01-06 16:14:54.831  1962  2501 W ProfileContentProvider: [doQuery] accessFeatureKeys contains USER_ID
01-06 16:14:54.831  1962  2501 W ProfileContentProvider: [doQuery] sWhitelistedAppPackageNameToId has com.oculus.systemux: true
01-06 16:14:54.831  1962  2501 W ProfileContentProvider: [doQuery] userId lookup succeeded: true
01-06 16:14:54.832  3515  6490 I PresenceAPK(PresenceClient): onServiceUp
01-06 16:14:54.832  3515  6490 I PresenceAPK(GroupManager): onConnected
01-06 16:14:54.832  3515  3532 I PresenceAPK(GroupManager): initialEnumerationFinished
01-06 16:14:54.832  3515  3532 I PresenceAPK(GroupManager): no reconnect groups
01-06 16:14:54.843  1962  2501 W ProfileContentProvider: [doQuery] normal return
01-06 16:14:54.851  3515  3515 D [SUI] ControlBarViewModel: Constructing ViewModel for barId: controlbar4
01-06 16:14:54.851  3515  3515 I AndroidPanelApp: HideLayer(controlbar4, shape: 2, shouldMinimizeLayer: false)
01-06 16:14:54.854  1052  1595 I DisplayManagerService: Display device added: DisplayDeviceInfo{"com.oculus.android_panel_app.AndroidPanelLayer-controlbar4": uniqueId="virtual:com.oculus.systemux,10026,com.oculus.android_panel_app.AndroidPanelLayer-controlbar4,0", 1250 x 50, modeId 168, defaultModeId 168, supportedModes [{id=168, width=1250, height=50, fps=60.0}], colorMode 0, supportedColorModes [0], HdrCapabilities null, density 200, 200.0 x 200.0 dpi, appVsyncOff 0, presDeadline 16666666, touch NONE, rotation 0, type VIRTUAL, state OFF, owner com.oculus.systemux (uid 10026), FLAG_PRIVATE, FLAG_NEVER_BLANK, FLAG_OWN_CONTENT_ONLY}
01-06 16:14:54.858   864  1221 I chatty  : uid=1000(system) Binder:864_4 identical 1 line
01-06 16:14:54.858 10451 10569 E OsSdk   : error getting shared memory region, memory type: HeadTracker, failed with Status(-1, EX_SECURITY): 'requested shared memory region when not registered/focused'
01-06 16:14:54.859  3515  3515 I [SUI] ControlBarView: ControlBarView created
01-06 16:14:54.861  3515  3515 I [SUI] ControlBarView: Initializing ControlBarViewcontrolbar4
01-06 16:14:54.864  1052  1595 I DisplayManagerService: Display device removed: DisplayDeviceInfo{"com.oculus.android_panel_app.AndroidPanelLayer-controlbar4": uniqueId="virtual:com.oculus.systemux,10026,com.oculus.android_panel_app.AndroidPanelLayer-controlbar4,0", 1250 x 50, modeId 168, defaultModeId 168, supportedModes [{id=168, width=1250, height=50, fps=60.0}], colorMode 0, supportedColorModes [0], HdrCapabilities null, density 200, 200.0 x 200.0 dpi, appVsyncOff 0, presDeadline 16666666, touch NONE, rotation 0, type VIRTUAL, state OFF, owner com.oculus.systemux (uid 10026), FLAG_PRIVATE, FLAG_NEVER_BLANK, FLAG_OWN_CONTENT_ONLY}
01-06 16:14:54.865  1052  1595 I DisplayManagerService: Display device added: DisplayDeviceInfo{"com.oculus.android_panel_app.AndroidPanelLayer-controlbar4": uniqueId="virtual:com.oculus.systemux,10026,com.oculus.android_panel_app.AndroidPanelLayer-controlbar4,0", 1000 x 50, modeId 169, defaultModeId 169, supportedModes [{id=169, width=1000, height=50, fps=60.0}], colorMode 0, supportedColorModes [0], HdrCapabilities null, density 200, 200.0 x 200.0 dpi, appVsyncOff 0, presDeadline 16666666, touch NONE, rotation 0, type VIRTUAL, state OFF, owner com.oculus.systemux (uid 10026), FLAG_PRIVATE, FLAG_NEVER_BLANK, FLAG_OWN_CONTENT_ONLY}
01-06 16:14:54.868  3515  3515 I AndroidPanelApp: Processing pending hide layer for layer controlbar4.
01-06 16:14:54.868  3515  3515 I AndroidPanelApp: Processing pending show layer info for layer controlbar4 with width 1000 and height 50.
01-06 16:14:54.868  3515  3515 I AndroidPanelApp: layerSupersample no changes
01-06 16:14:54.869  2990  3126 I [SEO] PanelAppHost: Setting panel layer visibility of layer "controlbar4" to invisible, panel 42 (com.oculus.systemux/com.oculus.panelapp.controlbar.ControlBarPanelService)
01-06 16:14:54.869  2990  3126 I [SEO] PanelAppHost: Resize layer controlbar4 to size 1000 x 50 shape: 2 stereo: 0, panel 42 (com.oculus.systemux/com.oculus.panelapp.controlbar.ControlBarPanelService)
01-06 16:14:54.869  2990  3126 I [SEO] PanelRenderLayer: ResetSurface controlbar4 1000 x 50 - shape:2 stereo:0
01-06 16:14:54.870  2990  3126 W OpenGLRenderer: [SurfaceTexture-77-2990-134] bindTextureImage: clearing GL error: 0x502
01-06 16:14:54.872  1052  1078 W InputReader: Device has associated, but no associated display id.
01-06 16:14:54.874  3515  3515 I AndroidPanelApp: Processing next frame action "layerShow" for layer "controlbar4"
01-06 16:14:54.876  1052  1080 W InputReader: Device has associated, but no associated display id.
01-06 16:14:54.876  1052  1080 I ActivityTaskManager: Override config changes=20005df8 {0.0 ?mcc?mnc ?localeList ?layoutDir sw40dp w1000dp h40dp 200dpi nrml long land ?uimode ?night -touch qwerty/v/v -nav/h winConfig={ mBounds=Rect(0, 0 - 1250, 50) mAppBounds=Rect(0, 0 - 1250, 50) mWindowingMode=fullscreen mDisplayWindowingMode=fullscreen mActivityType=undefined mAlwaysOnTop=undefined mRotation=ROTATION_0}} for displayId=107
01-06 16:14:54.878  1052  1080 I DisplayManagerService: Display device changed state: "com.oculus.android_panel_app.AndroidPanelLayer-controlbar4", ON
01-06 16:14:54.892  2990  3126 I [SEO] LayerSwapChainResource: LayerSwapChainResource 1000,50 : 3
01-06 16:14:54.892  1804  2916 I VrRuntimeService: CreateSwapChain: 866258678
01-06 16:14:54.892  1804  2916 I VrRuntimeService: CreateSwapChain: api:vk 0 0x2b 1000 50 10 3 1 4 3
01-06 16:14:54.893  1804  2916 W SwapChain_Vulkan: CreateTextureSwapChainFoveationVulkan: ShouldCreateFragmentDensityMap: false
01-06 16:14:54.893  1804  2916 W SwapChain_Vulkan: ExportTextureResourcesFoveationVulkan: chain->VkInteropFoveation.Device == nullptr
01-06 16:14:54.893  1804  2916 W SwapChain: CreateTextureSwapChainFoveation: export failed
01-06 16:14:54.893  1804  2916 I VrRuntimeServer: CreateTextureSwapChain: result importswapchaingles 1
01-06 16:14:54.894  1950  3613 I SwapChain_Vulkan: Imported texture has requirements 3, ends up index 0
01-06 16:14:54.895  1950  3613 I chatty  : uid=10014(com.oculus.shellenv) Thread-31 identical 1 line
01-06 16:14:54.895  1950  3613 I SwapChain_Vulkan: Imported texture has requirements 3, ends up index 0
01-06 16:14:54.895  1950  3613 W VrRuntimeClient: CreateTextureSwapChain: Failed to import foveation swapchain
01-06 16:14:54.896  1804  2916 I VrRuntimeService: UpdateSwapChainSamplerState: 417
01-06 16:14:54.896  1804  2916 I VrRuntimeService: UpdateSwapChainSamplerState: minFilter=1 magFilter=1 wrapModeS=3 warpModeT=3 maxAniso=1.000000 border={0.000000,0.000000,0.000000,0.000000} swizzle={0,1,2,3}
01-06 16:14:54.899  2150  2891 I [OAO] ShellOverlayApp: Sleep timeout exceeded. Timeout:9077.482910, Now:9077.497467. Sleeping... 
01-06 16:14:54.899  2150  2891 I [OAO] ShellOverlayApp: WaitForWake: VrThread entering waiting state
01-06 16:14:54.902   864  1221 W TrackingService: attachClient: found client in attached list
01-06 16:14:54.903 10451 10569 E OsSdk   : error getting shared memory region, memory type: HeadTracker, failed with Status(-1, EX_SECURITY): 'requested shared memory region when not registered/focused'
01-06 16:14:54.906  1052  9772 W InputReader: Device has associated, but no associated display id.
01-06 16:14:54.928  1052  9772 E WindowManager: App trying to use insecure INPUT_FEATURE_NO_INPUT_CHANNEL flag. Ignoring
01-06 16:14:54.932  3515  3515 I [SUI] OVRAuthHelper: fetchAuthToken - completed, result: -1
01-06 16:14:54.932  3515  3515 D UserAppScopedAuthHelper: fetchUserInfo - completed
01-06 16:14:54.932  3515  3515 D UserAppScopedAuthHelper: fetchUserInfo - fetching app scoped access token
01-06 16:14:54.933  3515  3515 I [SUI] OVRAuthHelper: fetchAuthToken - completed, result: -1
01-06 16:14:54.933  3515  3515 D UserAppScopedAuthHelper: fetchUserInfo - completed
01-06 16:14:54.933  3515  3515 D UserAppScopedAuthHelper: fetchUserInfo - fetching app scoped access token
01-06 16:14:54.933  3515  3515 D [SUI] LibraryPartyFetcher: success party data from party service
01-06 16:14:54.936   864 13287 I [CT]    : CONSTELLATION:VISION_STATUS: 729165a0fe4054d7 (R): BlobDetection:[#BlobsDetected=(5.94, 7.92)]Matching:[MatchSuccess=0.088, MatchCost=(0.00361, 0.00001), #MatchedBlobs=(0.43, 2.19), #MatchedLeds=(0.43, 2.19), RematchM=0.004, SkipRefine=0.000] MatchMethod:[Prox=0.088, ConstBrute=0.000, UnconstBrute=0.000] MatchResets[AnomBlobSize=0.000, SharedMatch=0.000, DenseReacq=0.000] | Fusion:[FusionError=0.000, ImuFromCamMs=(7.229, 0.703), RematchF=0.060] FusionUpdates:[Successful=0.088, Reliable=0.088, TightFusion=0.068, FullPose=0.020, StaticPrior=0.000, StaticForHandTrans=0.096, PoseUpdateMD=(0.7141, 0.5675)] FusionResets[6DoFReset=0.872, ResetSuccess=0.000] FusionStatus[HasPosition=0.128, HasVelocity=0.496] 
01-06 16:14:54.937  3515  3515 I [SUI] AnytimeUIAndroidPanelApp: hideTooltip (configuring Android tooltip view)
01-06 16:14:54.940  1052  1080 W InputReader: Device has associated, but no associated display id.
01-06 16:14:54.941  1052  1080 I ActivityTaskManager: Override config changes=20005df8 {0.0 ?mcc?mnc ?localeList ?layoutDir sw40dp w800dp h40dp 200dpi nrml long land ?uimode ?night -touch qwerty/v/v -nav/h winConfig={ mBounds=Rect(0, 0 - 1000, 50) mAppBounds=Rect(0, 0 - 1000, 50) mWindowingMode=fullscreen mDisplayWindowingMode=fullscreen mActivityType=undefined mAlwaysOnTop=undefined mRotation=ROTATION_0}} for displayId=108
01-06 16:14:54.941  1052  1080 I WindowManager: Screen frozen for +34ms due to new-config
01-06 16:14:54.947   864  1042 W TrackingService: attachClient: found client in attached list
01-06 16:14:54.947 10451 10569 E OsSdk   : error getting shared memory region, memory type: HeadTracker, failed with Status(-1, EX_SECURITY): 'requested shared memory region when not registered/focused'
01-06 16:14:54.947  1052  4364 I DisplayManagerService: Display device removed: DisplayDeviceInfo{"com.oculus.android_panel_app.AndroidPanelLayer-tooltip": uniqueId="virtual:com.oculus.systemux,10026,com.oculus.android_panel_app.AndroidPanelLayer-tooltip,0", 121 x 65, modeId 166, defaultModeId 166, supportedModes [{id=166, width=121, height=65, fps=60.0}], colorMode 0, supportedColorModes [0], HdrCapabilities null, density 200, 200.0 x 200.0 dpi, appVsyncOff 0, presDeadline 16666666, touch NONE, rotation 0, type VIRTUAL, state ON, owner com.oculus.systemux (uid 10026), FLAG_PRIVATE, FLAG_NEVER_BLANK, FLAG_OWN_CONTENT_ONLY}
01-06 16:14:54.948  3515  3515 I AndroidPanelApp: HideLayer(tooltip, shape: 1, shouldMinimizeLayer: true)
01-06 16:14:54.948  3515  3515 I AndroidPanelApp: Processing pending hide layer for layer tooltip.
01-06 16:14:54.948  3515  3515 D [SUI] LibrarySyncing: Fetched data for all apps from OCMS
01-06 16:14:54.948  3515  3515 D [SUI] LibrarySyncing: Updated Library data source for all apps
01-06 16:14:54.948  3515  3515 D [SUI] LibraryViewModel: Calling notifyPropertyChanged(BR.items)
01-06 16:14:54.950 10451 10539 D xrstreaming: receive ping: org 0 recv 0 xmt 13492758489400 (received at 9077548934554), offset divergence -9575
01-06 16:14:54.953  3515  3515 D [SUI] LibraryAppsOrchestrator: Apps are already marked as initialized, omitting marking again.
01-06 16:14:54.958  2990  3126 I [SEO] PanelAppHost: Setting panel layer visibility of layer "#main" to visible, panel 41 (com.oculus.systemux/com.oculus.panelapp.library.LibraryPanelService)
01-06 16:14:54.958  2990  3126 I [SEO] PanelAppHost: Setting panel layer visibility of layer "tooltip" to invisible, panel 40 (com.oculus.systemux/com.oculus.panelapp.anytimeui.AnytimeUIAndroidPanelService)
01-06 16:14:54.958  2990  3126 I [SEO] PanelAppHost: Resize layer tooltip to size 1 x 1 shape: 1 stereo: 0, panel 40 (com.oculus.systemux/com.oculus.panelapp.anytimeui.AnytimeUIAndroidPanelService)
01-06 16:14:54.958  2990  3126 I [SEO] PanelRenderLayer: ResetSurface tooltip 1 x 1 - shape:1 stereo:0
01-06 16:14:54.958  1804  2916 I VrRuntimeService: UpdateSwapChainSamplerState: 413
01-06 16:14:54.958  1804  2916 I VrRuntimeService: UpdateSwapChainSamplerState: minFilter=5 magFilter=1 wrapModeS=3 warpModeT=3 maxAniso=1.000000 border={0.000000,0.000000,0.000000,0.000000} swizzle={0,1,2,3}
01-06 16:14:54.959  2990  3126 I [SEO] LayerSwapChainResource: LayerSwapChainResource 1,1 : 3
01-06 16:14:54.959  1804  2916 I VrRuntimeService: CreateSwapChain: 866258678
01-06 16:14:54.959  1804  2916 I VrRuntimeService: CreateSwapChain: api:vk 0 0x2b 1 1 1 3 1 4 3
01-06 16:14:54.960  1804  2916 W SwapChain_Vulkan: CreateTextureSwapChainFoveationVulkan: ShouldCreateFragmentDensityMap: false
01-06 16:14:54.960  1804  2916 W SwapChain_Vulkan: ExportTextureResourcesFoveationVulkan: chain->VkInteropFoveation.Device == nullptr
01-06 16:14:54.960  1804  2916 W SwapChain: CreateTextureSwapChainFoveation: export failed
01-06 16:14:54.960  1804  2916 I VrRuntimeServer: CreateTextureSwapChain: result importswapchaingles 1
01-06 16:14:54.961  1950  3613 I SwapChain_Vulkan: Imported texture has requirements 3, ends up index 0
01-06 16:14:54.961  1950  3613 I chatty  : uid=10014(com.oculus.shellenv) Thread-31 identical 1 line
01-06 16:14:54.961  1950  3613 I SwapChain_Vulkan: Imported texture has requirements 3, ends up index 0
01-06 16:14:54.961  1950  3613 W VrRuntimeClient: CreateTextureSwapChain: Failed to import foveation swapchain
01-06 16:14:54.962  1950  3613 I VrRuntimeClient: SetTextureSwapChainSamplerState: No change in sampler state.
01-06 16:14:54.962  2990  3126 I [SEO] ShellEnvSwapChainApi: Destroying SwapChain:0xc0099c00
01-06 16:14:54.966  3515  3515 D [SUI] DiskCache: Wrote bytes to file at /data/user/0/com.oculus.systemux/cache/library/apps
01-06 16:14:54.966  3515  3515 D [SUI] LibraryAppsOrchestrator: Apps fetched: 
01-06 16:14:54.966  3515  3515 D [SUI] LibraryAppsOrchestrator: App: com.vrchat.oculus.quest status: INSTALLED downloadedSizeBytes: 0 downloadSizeBytes: 0
01-06 16:14:54.966  3515  3515 D [SUI] LibraryAppsOrchestrator: App: com.oculus.store status: INSTALLED downloadedSizeBytes: 0 downloadSizeBytes: 0
01-06 16:14:54.966  3515  3515 D [SUI] LibraryAppsOrchestrator: App: com.facebook.arvr.quillplayer status: INSTALLED downloadedSizeBytes: 0 downloadSizeBytes: 0
01-06 16:14:54.966  3515  3515 D [SUI] LibraryAppsOrchestrator: App: com.oculus.keyboard.prod.applemagic status: ENTITLED downloadedSizeBytes: 0 downloadSizeBytes: 0
01-06 16:14:54.966  3515  3515 D [SUI] LibraryAppsOrchestrator: App: com.meta.environment.prod.vista status: ENTITLED downloadedSizeBytes: 0 downloadSizeBytes: 0
01-06 16:14:54.966  3515  3515 D [SUI] LibraryAppsOrchestrator: App: com.oculus.keyboard.prod.logitechmx_mac_sg status: ENTITLED downloadedSizeBytes: 0 downloadSizeBytes: 0
01-06 16:14:54.966  3515  3515 D [SUI] LibraryAppsOrchestrator: App: com.oculus.keyboard.prod.k003b_logitechk800_fr status: ENTITLED downloadedSizeBytes: 0 downloadSizeBytes: 0
01-06 16:14:54.966  3515  3515 D [SUI] LibraryAppsOrchestrator: App: com.facebook.horizon status: INSTALLED downloadedSizeBytes: 0 downloadSizeBytes: 0
01-06 16:14:54.966  3515  3515 D [SUI] LibraryAppsOrchestrator: App: com.oculus.keyboard.prod.k017d_apple_macbook_air_13_gold_uk status: ENTITLED downloadedSizeBytes: 0 downloadSizeBytes: 0
01-06 16:14:54.966  3515  3515 D [SUI] LibraryAppsOrchestrator: App: com.oculus.keyboard.prod.microsoftsurfacepro8_black status: ENTITLED downloadedSizeBytes: 0 downloadSizeBytes: 0
01-06 16:14:54.966  3515  3515 D [SUI] LibraryAppsOrchestrator: App: com.meta.keyboard.prod.k026a_microsoft_surface_pro_5_6_7_ice_blue status: ENTITLED downloadedSizeBytes: 0 downloadSizeBytes: 0
01-06 16:14:54.966  3515  3515 D [SUI] LibraryAppsOrchestrator: App: com.oculus.keyboard.prod.k024a_hp_envy_x360_convert_13_silver status: ENTITLED downloadedSizeBytes: 0 downloadSizeBytes: 0
01-06 16:14:54.966  3515  3515 D [SUI] LibraryAppsOrchestrator: App: com.oculus.environment.prod.personaloffice01 status: ENTITLED downloadedSizeBytes: 0 downloadSizeBytes: 0
01-06 16:14:54.966  3515  3515 D [SUI] LibraryAppsOrchestrator: App: com.oculus.environment.prod.personaloffice02 status: ENTITLED downloadedSizeBytes: 0 downloadSizeBytes: 0
01-06 16:14:54.967  3515  3515 D [SUI] LibraryAppsOrchestrator: App: com.oculus.keyboard.prod.k017c_apple_macbook_air_13_gold_us status: ENTITLED downloadedSizeBytes: 0 downloadSizeBytes: 0
01-06 16:14:54.967  3515  3515 D [SUI] LibraryAppsOrchestrator: App: com.oculus.environment.prod.bubbles status: INSTALLED downloadedSizeBytes: 0 downloadSizeBytes: 0
01-06 16:14:54.967  3515  3515 D [SUI] LibraryAppsOrchestrator: App: com.oculus.keyboard.prod.applemacbook13_us_ansi status: ENTITLED downloadedSizeBytes: 0 downloadSizeBytes: 0
01-06 16:14:54.967  3515  3515 D [SUI] LibraryAppsOrchestrator: App: com.meta.environment.prod.monolith status: ENTITLED downloadedSizeBytes: 0 downloadSizeBytes: 0
01-06 16:14:54.967  3515  3515 D [SUI] LibraryAppsOrchestrator: App: com.oculus.keyboard.prod.k020a_microsoft_surface_laptop_4_15_platinum_us status: ENTITLED downloadedSizeBytes: 0 downloadSizeBytes: 0
01-06 16:14:54.967  3515  3515 D [SUI] LibraryAppsOrchestrator: App: com.oculus.environment.prod.rifthome status: ENTITLED downloadedSizeBytes: 0 downloadSizeBytes: 0
01-06 16:14:54.967  3515  3515 D [SUI] LibraryAppsOrchestrator: App: com.oculus.environment.prod.spacestation status: ENTITLED downloadedSizeBytes: 0 downloadSizeBytes: 0
01-06 16:14:54.967  3515  3515 D [SUI] LibraryAppsOrchestrator: App: com.oculus.avatareditor status: INSTALLED downloadedSizeBytes: 0 downloadSizeBytes: 0
01-06 16:14:54.967  3515  3515 D [SUI] LibraryAppsOrchestrator: App: com.oculus.environment.prod.cyberhome status: ENTITLED downloadedSizeBytes: 0 downloadSizeBytes: 0
01-06 16:14:54.967  3515  3515 D [SUI] LibraryAppsOrchestrator: App: com.oculus.keyboard.prod.logitechmx status: ENTITLED downloadedSizeBytes: 0 downloadSizeBytes: 0
01-06 16:14:54.967  3515  3515 D [SUI] LibraryAppsOrchestrator: App: com.oculus.explore status: INSTALLED downloadedSizeBytes: 0 downloadSizeBytes: 0
01-06 16:14:54.967  3515  3515 D [SUI] LibraryAppsOrchestrator: App: com.oculus.keyboard.prod.k016c_applemacbook13_2020_uk status: ENTITLED downloadedSizeBytes: 0 downloadSizeBytes: 0
01-06 16:14:54.967  3515  3515 D [SUI] LibraryAppsOrchestrator: App: com.oculus.MiramarSetupRetail status: INSTALLED downloadedSizeBytes: 0 downloadSizeBytes: 0
01-06 16:14:54.967  3515  3515 D [SUI] LibraryAppsOrchestrator: App: com.oculus.environment.prod.japan status: INSTALLED downloadedSizeBytes: 0 downloadSizeBytes: 0
01-06 16:14:54.967  3515  3515 D [SUI] LibraryAppsOrchestrator: App: com.iillusions.spacepiratetrainerquest status: INSTALLED downloadedSizeBytes: 0 downloadSizeBytes: 0
01-06 16:14:54.967  3515  3515 D [SUI] LibraryAppsOrchestrator: App: com.oculus.keyboard.prod.microsoftallinone_us status: ENTITLED downloadedSizeBytes: 0 downloadSizeBytes: 0
01-06 16:14:54.967  3515  3515 D [SUI] LibraryAppsOrchestrator: App: com.oculus.keyboard.prod.logitechk830 status: ENTITLED downloadedSizeBytes: 0 downloadSizeBytes: 0
01-06 16:14:54.967  3515  3515 D [SUI] LibraryAppsOrchestrator: App: com.oculus.environment.prod.dome status: ENTITLED downloadedSizeBytes: 0 downloadSizeBytes: 0
01-06 16:14:54.967  3515  3515 D [SUI] LibraryAppsOrchestrator: App: com.oculus.socialplatform status: INSTALLED downloadedSizeBytes: 0 downloadSizeBytes: 0
01-06 16:14:54.967  3515  3515 D [SUI] LibraryAppsOrchestrator: App: com.oculus.keyboard.prod.applemagic_num_us status: ENTITLED downloadedSizeBytes: 0 downloadSizeBytes: 0
01-06 16:14:54.967  3515  3515 D [SUI] LibraryAppsOrchestrator: App: com.oculus.mobile_mrc_setup status: INSTALLED downloadedSizeBytes: 0 downloadSizeBytes: 0
01-06 16:14:54.967  3515  3515 D [SUI] LibraryAppsOrchestrator: App: com.oculus.keyboard.prod.hpzbook15ug6 status: ENTITLED downloadedSizeBytes: 0 downloadSizeBytes: 0
01-06 16:14:54.967  3515  3515 D [SUI] LibraryAppsOrchestrator: App: com.oculus.tv status: INSTALLED downloadedSizeBytes: 0 downloadSizeBytes: 0
01-06 16:14:54.967  3515  3515 D [SUI] LibraryAppsOrchestrator: App: com.oculus.keyboard.prod.k017a_apple_macbook_air_13_space_gray_and_silver_us status: ENTITLED downloadedSizeBytes: 0 downloadSizeBytes: 0
01-06 16:14:54.967  3515  3515 D [SUI] LibraryAppsOrchestrator: App: com.oculus.keyboard.prod.k018c_microsoft_surface_pro_x_ice_blue status: ENTITLED downloadedSizeBytes: 0 downloadSizeBytes: 0
01-06 16:14:54.967  3515  3515 D [SUI] LibraryAppsOrchestrator: App: com.oculus.keyboard.prod.k010b_lenovothinkpadx1yoga_uk status: ENTITLED downloadedSizeBytes: 0 downloadSizeBytes: 0
01-06 16:14:54.967  3515  3515 D [SUI] LibraryAppsOrchestrator: App: com.oculus.keyboard.prod.k021a_dell_xps_13_platinum_black status: ENTITLED downloadedSizeBytes: 0 downloadSizeBytes: 0
01-06 16:14:54.967  3515  3515 D [SUI] LibraryAppsOrchestrator: App: com.oculus.keyboard.prod.k018a_microsoft_surface_pro_x_poppy_red status: ENTITLED downloadedSizeBytes: 0 downloadSizeBytes: 0
01-06 16:14:54.967  3515  3515 D [SUI] LibraryAppsOrchestrator: App: com.oculus.keyboard.prod.k022a_dell_inspiron_15_platinum_silver status: ENTITLED downloadedSizeBytes: 0 downloadSizeBytes: 0
01-06 16:14:54.967  3515  3515 D [SUI] LibraryAppsOrchestrator: App: com.oculus.keyboard.prod.k019a_microsoft_surface_laptop_4_13_platinum_us status: ENTITLED downloadedSizeBytes: 0 downloadSizeBytes: 0
01-06 16:14:54.967  3515  3515 D [SUI] LibraryAppsOrchestrator: App: com.oculus.keyboard.prod.logitechmx_mini_mac_pg status: ENTITLED downloadedSizeBytes: 0 downloadSizeBytes: 0
01-06 16:14:54.967  3515  3515 D [SUI] LibraryAppsOrchestrator: App: com.oculus.gamingactivity status: INSTALLED downloadedSizeBytes: 0 downloadSizeBytes: 0
01-06 16:14:54.967  3515  3515 D [SUI] LibraryAppsOrchestrator: App: com.oculus.keyboard.prod.k012e_applemacbook15_us status: ENTITLED downloadedSizeBytes: 0 downloadSizeBytes: 0
01-06 16:14:54.967  3515  3515 D [SUI] LibraryAppsOrchestrator: App: com.oculus.keyboard.prod.logitechmx_mini_pg status: ENTITLED downloadedSizeBytes: 0 downloadSizeBytes: 0
01-06 16:14:54.967  3515  3515 D [SUI] LibraryAppsOrchestrator: App: com.oculus.environment.prod.winterlodge status: ENTITLED downloadedSizeBytes: 0 downloadSizeBytes: 0
01-06 16:14:54.967  3515  3515 D [SUI] LibraryAppsOrchestrator: App: com.oculus.environment.prod.adobe status: INSTALLED downloadedSizeBytes: 0 downloadSizeBytes: 0
01-06 16:14:54.967  3515  3515 D [SUI] LibraryAppsOrchestrator: App: com.oculus.keyboard.prod.lenovothinkpadx1yoga status: ENTITLED downloadedSizeBytes: 0 downloadSizeBytes: 0
01-06 16:14:54.967  3515  3515 D [SUI] LibraryAppsOrchestrator: App: com.beatgames.beatsaber status: INSTALLED downloadedSizeBytes: 0 downloadSizeBytes: 0
01-06 16:14:54.967  3515  3515 D [SUI] LibraryAppsOrchestrator: App: com.oculus.browser status: INSTALLED downloadedSizeBytes: 0 downloadSizeBytes: 0
01-06 16:14:54.967  3515  3515 D [SUI] LibraryAppsOrchestrator: App: com.oculus.keyboard.prod.k012f_applemacbook15_uk status: ENTITLED downloadedSizeBytes: 0 downloadSizeBytes: 0
01-06 16:14:54.967  3515  3515 D [SUI] LibraryAppsOrchestrator: App: com.meta.keyboard.prod.k025d_apple_magic_with_touchid_uk status: ENTITLED downloadedSizeBytes: 0 downloadSizeBytes: 0
01-06 16:14:54.967  3515  3515 D [SUI] LibraryAppsOrchestrator: App: com.meta.environment.prod.polarvillage status: ENTITLED downloadedSizeBytes: 0 downloadSizeBytes: 0
01-06 16:14:54.967  3515  3515 D [SUI] LibraryAppsOrchestrator: App: com.oculus.keyboard.prod.k012b_applemacbook13_uk status: ENTITLED downloadedSizeBytes: 0 downloadSizeBytes: 0
01-06 16:14:54.967  3515  3515 D [SUI] LibraryAppsOrchestrator: App: com.oculus.keyboard.prod.logitechk800_us status: ENTITLED downloadedSizeBytes: 0 downloadSizeBytes: 0
01-06 16:14:54.967  3515  3515 D [SUI] LibraryAppsOrchestrator: App: com.oculus.keyboard.prod.k012g_applemacbook16_us status: ENTITLED downloadedSizeBytes: 0 downloadSizeBytes: 0
01-06 16:14:54.967  3515  3515 D [SUI] LibraryAppsOrchestrator: App: com.oculus.keyboard.prod.k019c_microsoft_surface_laptop_4_13_sandstone_us status: ENTITLED downloadedSizeBytes: 0 downloadSizeBytes: 0
01-06 16:14:54.967  3515  3515 D [SUI] LibraryAppsOrchestrator: App: com.oculus.keyboard.prod.k025a_apple_magic_with_numpad_touch_id_us status: ENTITLED downloadedSizeBytes: 0 downloadSizeBytes: 0
01-06 16:14:54.967  3515  3515 D [SUI] LibraryAppsOrchestrator: App: com.oculus.fitnesstracker status: INSTALLED downloadedSizeBytes: 0 downloadSizeBytes: 0
01-06 16:14:54.967  3515  3515 D [SUI] LibraryAppsOrchestrator: App: com.meta.keyboard.prod.k026b_microsoft_surface_pro_5_6_7_poppy_red status: ENTITLED downloadedSizeBytes: 0 downloadSizeBytes: 0
01-06 16:14:54.967  3515  3515 D [SUI] LibraryAppsOrchestrator: App: com.oculus.helpcenter status: INSTALLED downloadedSizeBytes: 0 downloadSizeBytes: 0
01-06 16:14:54.967  3515  3515 D [SUI] LibraryAppsOrchestrator: App: com.oculus.keyboard.prod.k017b_apple_macbook_air_13_space_gray_and_silver_uk status: ENTITLED downloadedSizeBytes: 0 downloadSizeBytes: 0
01-06 16:14:54.967  3515  3515 D [SUI] LibraryAppsOrchestrator: App: com.oculus.keyboard.prod.microsoftsurfacepro8_plat status: ENTITLED downloadedSizeBytes: 0 downloadSizeBytes: 0
01-06 16:14:54.967  3515  3515 D [SUI] LibraryAppsOrchestrator: App: com.oculus.keyboard.prod.dellxps159500 status: ENTITLED downloadedSizeBytes: 0 downloadSizeBytes: 0
01-06 16:14:54.967  3515  3515 D [SUI] LibraryAppsOrchestrator: App: com.meta.keyboard.prod.k002k_logitechmx_mini_gb_pg status: ENTITLED downloadedSizeBytes: 0 downloadSizeBytes: 0
01-06 16:14:54.967  3515  3515 D [SUI] LibraryAppsOrchestrator: App: com.meta.environment.prod.rockquarry status: ENTITLED downloadedSizeBytes: 0 downloadSizeBytes: 0
01-06 16:14:54.967  3515  3515 D [SUI] LibraryAppsOrchestrator: App: com.oculus.keyboard.prod.k015a_dellinspiron7000_us status: ENTITLED downloadedSizeBytes: 0 downloadSizeBytes: 0
01-06 16:14:54.967  3515  3515 D [SUI] LibraryAppsOrchestrator: App: com.oculus.keyboard.prod.logitechk375 status: ENTITLED downloadedSizeBytes: 0 downloadSizeBytes: 0
01-06 16:14:54.967  3515  3515 D [SUI] LibraryAppsOrchestrator: App: com.meta.keyboard.prod.k002l_logitechmx_mini_mac_gb_pg status: ENTITLED downloadedSizeBytes: 0 downloadSizeBytes: 0
01-06 16:14:54.967  3515  3515 D [SUI] LibraryAppsOrchestrator: App: com.oculus.guidebook status: INSTALLED downloadedSizeBytes: 0 downloadSizeBytes: 0
01-06 16:14:54.967  3515  3515 D [SUI] LibraryAppsOrchestrator: App: com.oculus.keyboard.prod.k012h_applemacbook16_uk status: ENTITLED downloadedSizeBytes: 0 downloadSizeBytes: 0
01-06 16:14:54.967  3515  3515 D [SUI] LibraryAppsOrchestrator: App: com.meta.keyboard.prod.k002m_mx_keys_graphite_uni_uk status: ENTITLED downloadedSizeBytes: 0 downloadSizeBytes: 0
01-06 16:14:54.967  3515  3515 D [SUI] LibraryAppsOrchestrator: App: com.oculus.keyboard.prod.k019b_microsoft_surface_laptop_4_13_ice_blue_us status: ENTITLED downloadedSizeBytes: 0 downloadSizeBytes: 0
01-06 16:14:54.968  3515  3515 D [SUI] LibraryAppsOrchestrator: App: com.meta.keyboard.prod.k004b_logitech_k375s_uk status: ENTITLED downloadedSizeBytes: 0 downloadSizeBytes: 0
01-06 16:14:54.968  3515  3515 D [SUI] LibraryAppsOrchestrator: App: com.oculus.keyboard.prod.k005b_microsoftallinone_fr status: ENTITLED downloadedSizeBytes: 0 downloadSizeBytes: 0
01-06 16:14:54.968  3515  3515 D [SUI] LibraryAppsOrchestrator: App: com.oculus.keyboard.prod.k016a_applemacbook13_2020_us status: ENTITLED downloadedSizeBytes: 0 downloadSizeBytes: 0
01-06 16:14:54.968  3515  3515 D [SUI] LibraryAppsOrchestrator: App: com.meta.environment.prod.treehouse status: ENTITLED downloadedSizeBytes: 0 downloadSizeBytes: 0
01-06 16:14:54.968  3515  3515 D [SUI] LibraryAppsOrchestrator: App: com.oculus.keyboard.prod.k021b_dell_xps_13_arctic_white status: ENTITLED downloadedSizeBytes: 0 downloadSizeBytes: 0
