01-05 18:28:31.029  4047  4165 E OsSdk   : error getting shared memory region, memory type: HeadTracker, failed with Status(-1, EX_SECURITY): 'requested shared memory region when not registered/focused'
01-05 18:28:31.031  1249  7988 I CompositorVR: WarpToScreen: Skipping frames for 8
01-05 18:28:31.042  1249  7988 I CompositorVR: WarpToScreen: Skipping frames for 8
01-05 18:28:31.042  7790  8055 I VrApi   : FPS=72/72,Prd=48ms,Tear=0,Early=72,Stale=0,VSnc=1,Lat=1,Fov=0,CPU4/GPU=4/4,2419/525MHz,OC=FF,TA=0/F/F,SP=N/N/N,Mem=2092MHz,Free=2197MB,PLS=0,Temp=25.7C/0.0C,TW=3.74ms,App=2.62ms,GD=0.12ms,CPU&GPU=7.77ms,LCnt=5(DR0,LM2),GPU%=0.59,CPU%=0.15(W0.24),DSF=1.00,CFL=19.73/21.23
01-05 18:28:31.045   855  7993 W [CT]    : VEGA:MAP_TRACKING_HM: [Throttled count=24] Map tracking did not run.
01-05 18:28:31.053  1249  7988 I CompositorVR: WarpToScreen: Skipping frames for 8
01-05 18:28:31.064  1249  7988 I CompositorVR: WarpToScreen: Skipping frames for 8
01-05 18:28:31.073   855   855 W TrackingService: attachClient: found client in attached list
01-05 18:28:31.074  4047  4165 E OsSdk   : error getting shared memory region, memory type: HeadTracker, failed with Status(-1, EX_SECURITY): 'requested shared memory region when not registered/focused'
01-05 18:28:31.074   855  1186 W TrackingService: attachClient: found client in attached list
01-05 18:28:31.075  4047  4165 E OsSdk   : error getting shared memory region, memory type: AnchorTracker, failed with Status(-1, EX_SECURITY): 'requested shared memory region when not registered/focused'
01-05 18:28:31.075  1249  7988 I CompositorVR: WarpToScreen: Skipping frames for 8
01-05 18:28:31.084  1249  2458 I PerformanceManager_V0: SetClockLevels: Apply pending clock request change: 4,4 -> 4,3
01-05 18:28:31.084  1249  2453 I Clocks  : ReleaseClocks - start
01-05 18:28:31.087  1249  7988 I CompositorVR: WarpToScreen: Skipping frames for 8
01-05 18:28:31.088  1249  2453 I Clocks  : ReleaseClocks - end (3.3 ms)
01-05 18:28:31.088  1249  2453 I Clocks  : LockClocks( cpu=4, gpu=3 ) - start
01-05 18:28:31.088  1249  2453 I Clocks  : CPU levels [0, 4]
01-05 18:28:31.088  1249  2453 I Clocks  : GPU levels [0, 5]
01-05 18:28:31.088  1249  2453 I Clocks  : LockClocks( cpu=4, gpu=3 ) - end (0.4 ms)
01-05 18:28:31.094  4047  4152 I xrstreaming: AudioPlayer: NetworkMetrics: [1.604,17.483]9.871
01-05 18:28:31.098  1249  7988 I CompositorVR: WarpToScreen: Skipping frames for 8
01-05 18:28:31.109  1249  7988 I CompositorVR: WarpToScreen: Skipping frames for 8
01-05 18:28:31.119  4047  4165 E OsSdk   : error getting shared memory region, memory type: HeadTracker, failed with Status(-1, EX_SECURITY): 'requested shared memory region when not registered/focused'
01-05 18:28:31.120  1249  7988 I CompositorVR: WarpToScreen: Skipping frames for 8
01-05 18:28:31.142  1249  7988 I chatty  : uid=10025(com.oculus.systemdriver) OVR::TimeWarp identical 2 lines
01-05 18:28:31.153  4047  4126 D xrstreaming: receive ping: org 0 recv 0 xmt 23995465617400 (received at 6239611624231), offset divergence 92338
01-05 18:28:31.153  1249  7988 I CompositorVR: WarpToScreen: Skipping frames for 8
01-05 18:28:31.163  4047  4165 E OsSdk   : error getting shared memory region, memory type: HeadTracker, failed with Status(-1, EX_SECURITY): 'requested shared memory region when not registered/focused'
01-05 18:28:31.164  1249  7988 I CompositorVR: WarpToScreen: Skipping frames for 8
01-05 18:28:31.187  1249  7988 I chatty  : uid=10025(com.oculus.systemdriver) OVR::TimeWarp identical 2 lines
01-05 18:28:31.198  1249  7988 I CompositorVR: WarpToScreen: Skipping frames for 8
01-05 18:28:31.207  4047  4165 E OsSdk   : error getting shared memory region, memory type: HeadTracker, failed with Status(-1, EX_SECURITY): 'requested shared memory region when not registered/focused'
01-05 18:28:31.208   855  7972 I [CT]    : INPUT_TRACKING:Behavior:NearHeadMoving: [Right] state transition: TorsoInitialized -> InRange
01-05 18:28:31.209  1249  7988 I CompositorVR: WarpToScreen: Skipping frames for 8
01-05 18:28:31.214  2675  2854 I StateMachine: StateMachine::Update ForceShow: stopForceShow -> ForceShowOff
01-05 18:28:31.220  1249  7988 I CompositorVR: WarpToScreen: Skipping frames for 8
01-05 18:28:31.231  1249  7988 I chatty  : uid=10025(com.oculus.systemdriver) OVR::TimeWarp identical 1 line
01-05 18:28:31.242  1249  7988 I CompositorVR: WarpToScreen: Skipping frames for 8
01-05 18:28:31.252  4047  4165 E OsSdk   : error getting shared memory region, memory type: HeadTracker, failed with Status(-1, EX_SECURITY): 'requested shared memory region when not registered/focused'
01-05 18:28:31.254  1249  7988 I CompositorVR: WarpToScreen: Skipping frames for 8
01-05 18:28:31.276  1249  7988 I chatty  : uid=10025(com.oculus.systemdriver) OVR::TimeWarp identical 2 lines
01-05 18:28:31.287  1249  7988 I CompositorVR: WarpToScreen: Skipping frames for 8
01-05 18:28:31.297   855  1186 I chatty  : uid=1000(system) Binder:855_3 identical 5 lines
01-05 18:28:31.298  4047  4165 E OsSdk   : error getting shared memory region, memory type: HeadTracker, failed with Status(-1, EX_SECURITY): 'requested shared memory region when not registered/focused'
01-05 18:28:31.298  1249  7988 I CompositorVR: WarpToScreen: Skipping frames for 8
01-05 18:28:31.309  1249  7988 I CompositorVR: WarpToScreen: Skipping frames for 8
01-05 18:28:31.311  2666  8230 I InputDevice_TrackedRemote: Using new float conversion.
01-05 18:28:31.317  1920  8222 I InputDevice_TrackedRemote: Using new float conversion.
01-05 18:28:31.320  1249  7988 I CompositorVR: WarpToScreen: Skipping frames for 8
01-05 18:28:31.325  2666  2945 I [SEO] InputManager: Switching primary device (id 1 to 2).
01-05 18:28:31.326  2666  2945 I [SEO] InputManager: Switching secondary device (id to 1).
01-05 18:28:31.327  2675  3469 I VrGuardianService: GuardianSDKServer::SetActiveHand
01-05 18:28:31.332  1249  7988 I CompositorVR: WarpToScreen: Skipping frames for 8
01-05 18:28:31.342   855  1186 W TrackingService: attachClient: found client in attached list
01-05 18:28:31.342  4047  4165 E OsSdk   : error getting shared memory region, memory type: HeadTracker, failed with Status(-1, EX_SECURITY): 'requested shared memory region when not registered/focused'
01-05 18:28:31.343   855   855 W TrackingService: attachClient: found client in attached list
01-05 18:28:31.343  1249  7988 I CompositorVR: WarpToScreen: Skipping frames for 8
01-05 18:28:31.343  4047  4165 E OsSdk   : error getting shared memory region, memory type: AnchorTracker, failed with Status(-1, EX_SECURITY): 'requested shared memory region when not registered/focused'
01-05 18:28:31.354  1249  7988 I CompositorVR: WarpToScreen: Skipping frames for 8
01-05 18:28:31.365  1249  7988 I chatty  : uid=10025(com.oculus.systemdriver) OVR::TimeWarp identical 1 line
01-05 18:28:31.376  1249  7988 I CompositorVR: WarpToScreen: Skipping frames for 8
01-05 18:28:31.377  4047  4165 E OsSdk   : error getting shared memory region, memory type: HeadTracker, failed with Status(-1, EX_SECURITY): 'requested shared memory region when not registered/focused'
01-05 18:28:31.387  1249  7988 I CompositorVR: WarpToScreen: Skipping frames for 8
01-05 18:28:31.409  1249  7988 I chatty  : uid=10025(com.oculus.systemdriver) OVR::TimeWarp identical 2 lines
01-05 18:28:31.421  1249  7988 I CompositorVR: WarpToScreen: Skipping frames for 8
01-05 18:28:31.422  4047  4165 E OsSdk   : error getting shared memory region, memory type: HeadTracker, failed with Status(-1, EX_SECURITY): 'requested shared memory region when not registered/focused'
01-05 18:28:31.432  1249  7988 I CompositorVR: WarpToScreen: Skipping frames for 8
01-05 18:28:31.443  1249  7988 I CompositorVR: WarpToScreen: Skipping frames for 8
01-05 18:28:31.454  7790  8108 D UE4     : [2023.01.05-18.28.31:454][587]LogTcpMessaging: Lost node 'C78CF713423FBE00259DEE9A662C8848' on connection '127.0.0.1:59275'...
01-05 18:28:31.454  1249  7988 I CompositorVR: WarpToScreen: Skipping frames for 8
01-05 18:28:31.463  4047  4165 E OsSdk   : error getting shared memory region, memory type: HeadTracker, failed with Status(-1, EX_SECURITY): 'requested shared memory region when not registered/focused'
01-05 18:28:31.465  1249  7988 I CompositorVR: WarpToScreen: Skipping frames for 8
01-05 18:28:31.476  1249  7988 I CompositorVR: WarpToScreen: Skipping frames for 8
01-05 18:28:31.481  2140  2573 I [OAO] ShellOverlayApp: Sleep timeout exceeded. Timeout:6239.928646, Now:6239.939767. Sleeping... 
01-05 18:28:31.481  2140  2573 I [OAO] ShellOverlayApp: WaitForWake: VrThread entering waiting state
01-05 18:28:31.487  1249  7988 I CompositorVR: WarpToScreen: Skipping frames for 8
01-05 18:28:31.499  1249  7988 I CompositorVR: WarpToScreen: Skipping frames for 8
01-05 18:28:31.506  4047  4165 E OsSdk   : error getting shared memory region, memory type: HeadTracker, failed with Status(-1, EX_SECURITY): 'requested shared memory region when not registered/focused'
01-05 18:28:31.510  1249  7988 I CompositorVR: WarpToScreen: Skipping frames for 8
01-05 18:28:31.521  1249  7988 I chatty  : uid=10025(com.oculus.systemdriver) OVR::TimeWarp identical 1 line
01-05 18:28:31.532  1249  7988 I CompositorVR: WarpToScreen: Skipping frames for 8
01-05 18:28:31.541  1249  2458 I PerformanceManager_V0: SetClockLevels: Apply pending clock request change: 4,3 -> 3,3
01-05 18:28:31.541  1249  2453 I Clocks  : ReleaseClocks - start
01-05 18:28:31.541  1249  2453 I Clocks  : ReleaseClocks - end (0.4 ms)
01-05 18:28:31.541  1249  2453 I Clocks  : LockClocks( cpu=3, gpu=3 ) - start
01-05 18:28:31.542  1249  2453 I Clocks  : CPU levels [0, 4]
01-05 18:28:31.542  1249  2453 I Clocks  : GPU levels [0, 5]
01-05 18:28:31.542  1249  2453 I Clocks  : LockClocks( cpu=3, gpu=3 ) - end (0.5 ms)
01-05 18:28:31.543  1249  7988 I CompositorVR: WarpToScreen: Skipping frames for 8
01-05 18:28:31.544   855   855 I chatty  : uid=1000(system) /system/bin/trackingservice identical 5 lines
01-05 18:28:31.545  4047  4165 E OsSdk   : error getting shared memory region, memory type: HeadTracker, failed with Status(-1, EX_SECURITY): 'requested shared memory region when not registered/focused'
01-05 18:28:31.554  1249  7988 I CompositorVR: WarpToScreen: Skipping frames for 8
01-05 18:28:31.565  1249  7988 I chatty  : uid=10025(com.oculus.systemdriver) OVR::TimeWarp identical 1 line
01-05 18:28:31.577  1249  7988 I CompositorVR: WarpToScreen: Skipping frames for 8
01-05 18:28:31.577   855   855 W TrackingService: attachClient: found client in attached list
01-05 18:28:31.577  4047  4165 E OsSdk   : error getting shared memory region, memory type: HeadTracker, failed with Status(-1, EX_SECURITY): 'requested shared memory region when not registered/focused'
01-05 18:28:31.578   855  1186 W TrackingService: attachClient: found client in attached list
01-05 18:28:31.578  4047  4165 E OsSdk   : error getting shared memory region, memory type: AnchorTracker, failed with Status(-1, EX_SECURITY): 'requested shared memory region when not registered/focused'
01-05 18:28:31.588  1249  7988 I CompositorVR: WarpToScreen: Skipping frames for 8
01-05 18:28:31.594  7790  7818 D UE4     : [2023.01.05-18.28.31:592][587]LogCore: Display: AppLifetime: Application will deactivate
01-05 18:28:31.595  7790  8063 D OVRPlugin: Leaving VR mode.
01-05 18:28:31.595  7790  8063 I VrApi   : ---------- vrapi_LeaveVrMode [start] ----------
01-05 18:28:31.596  1607  3024 I [CT]    : MIXEDREALITY: MrServiceController: VrFocusManager::Top Activity Changed, topActivity now is: 'com.oculus.shellenv', immersiveApp now is: ''.
01-05 18:28:31.596  1607  3078 I [CT]    : MIXEDREALITY: MrServiceView: renderIteration: Nothing to render, hibernating the rendering thread since ID is off and no active PT layers.
01-05 18:28:31.596  1607  3078 I [CT]    : MIXEDREALITY: MrServiceModel: Hibernating caller (most likely rendering thread) due to commandQueue being empty.
01-05 18:28:31.596  1607  3024 I [CT]    : MIXEDREALITY: MrServiceController: VrFocusManager::Top Activity Changed, topActivity now is: 'com.oculus.shellenv', immersiveApp now is: ''.
01-05 18:28:31.596  1607  3078 I [CT]    : MIXEDREALITY: MrServiceView: renderIteration: Nothing to render, hibernating the rendering thread since ID is off and no active PT layers.
01-05 18:28:31.596  1607  3078 I [CT]    : MIXEDREALITY: MrServiceModel: Hibernating caller (most likely rendering thread) due to commandQueue being empty.
01-05 18:28:31.596  7790  8063 I XrRuntimeUtils: XrRuntimeUtils::EndSession
01-05 18:28:31.599  7790  8063 D VrApi   : targetSDKVersion 29
01-05 18:28:31.599  1249  7988 I CompositorVR: WarpToScreen: Skipping frames for 8
01-05 18:28:31.601  7790  8063 I VrRuntimeClient: DEVICE MODEL NUMBER = Quest
01-05 18:28:31.601  7790  8063 I VrRuntimeClient: DEVICE BUILD NAME = user-49068160412800150
01-05 18:28:31.601  7790  8063 I VrRuntimeClient: DEVICE BUILD TYPE = user
01-05 18:28:31.601  7790  8063 I VrRuntimeClient: DEVICE OS VERSION = 10
01-05 18:28:31.601  7790  8063 I VrRuntimeClient: API LOADER VERSION = 1.44.0
01-05 18:28:31.601  7790  8063 I VrRuntimeClient: RUNTIME API VERSION = 1.64.0
01-05 18:28:31.601  7790  8063 I VrRuntimeClient: RUNTIME VERSION = 47.0.0.282.341 Nov 25 2022 14:16:37 RELEASE
01-05 18:28:31.601  7790  8063 I VrRuntimeClient: APP NAME = PrototypeV4
01-05 18:28:31.601  7790  8063 I VrRuntimeClient: APP VERSION = 1.0 versionCode 1 internalVersionName <none>
01-05 18:28:31.601  7790  8063 I VrRuntimeClient: APP VR TYPE = <none>
01-05 18:28:31.601  7790  8063 I VrRuntimeClient: APP MODE TYPE = VR
01-05 18:28:31.601  7790  8063 I VrRuntimeClient: APP PACKAGE NAME = com.YourCompany.PrototypeV4
01-05 18:28:31.601  7790  8063 I VrRuntimeClient: APP ACTIVITY CLASS = com.epicgames.ue4.GameActivity
01-05 18:28:31.602  7790  8063 D BatteryReceiver: Unregistering battery receiver
01-05 18:28:31.608  7790  8063 I Sensor  : OSSDKTRACKING Shutdown tracking
01-05 18:28:31.608  7790  8063 I LogTimer: CPUTIME: VrRuntimeClient_EndSession took 11.6093 ms
01-05 18:28:31.610  1249  7988 I CompositorVR: WarpToScreen: Skipping frames for 8
01-05 18:28:31.612   855  1186 W TrackingService: attachClient: found client in attached list
01-05 18:28:31.612  4047  4165 E OsSdk   : error getting shared memory region, memory type: HeadTracker, failed with Status(-1, EX_SECURITY): 'requested shared memory region when not registered/focused'
01-05 18:28:31.617  7790  8055 I VrApi   : FPS=72/72,Prd=48ms,Tear=0,Early=72,Stale=0,VSnc=1,Lat=1,Fov=0,CPU4/GPU=4/4,2419/490MHz,OC=FF,TA=0/F/F,SP=N/N/N,Mem=2092MHz,Free=2197MB,PLS=0,Temp=25.7C/0.0C,TW=3.74ms,App=2.62ms,GD=0.12ms,CPU&GPU=7.77ms,LCnt=5(DR0,LM2),GPU%=0.59,CPU%=0.15(W0.24),DSF=1.00,CFL=19.73/21.23
01-05 18:28:31.617  7790  8063 I VrApi   : OVR::Stats thread stopped
01-05 18:28:31.617  7790  8063 I InputDeviceManager: ovrInputDeviceManager::~ovrInputDeviceManager
01-05 18:28:31.617  7790  8063 I InputDevice_TrackedRemote: OSSDKTRACKING shutting down Haptics
01-05 18:28:31.617  7790  8063 I chatty  : uid=10145(com.YourCompany.PrototypeV4) identical 2 lines
01-05 18:28:31.617  7790  8063 I InputDevice_TrackedRemote: OSSDKTRACKING shutting down Haptics
01-05 18:28:31.617  7790  8063 I OSHandDataQuerier: OSSDKTRACKING shutting down HandsTracker
01-05 18:28:31.617  7790  8063 I OSHandDataQuerier: OSSDKTRACKING shutting down HandsTracker
01-05 18:28:31.617  7790  8063 D OsSdk   : TrackingServiceConnection dtor
01-05 18:28:31.618   855  1186 I TrackingService: Unregistering client by ITrackingService.unregisterClient
01-05 18:28:31.618   855  1186 I TrackingService: Failed to unregister client because client not found in registered list
01-05 18:28:31.618   855  1186 I chatty  : uid=1000(system) Binder:855_3 identical 7 lines
01-05 18:28:31.618   855  1186 I TrackingService: Failed to unregister client because client not found in registered list
01-05 18:28:31.618   855  1186 D TrackingService: unregister: com.YourCompany.PrototypeV4
01-05 18:28:31.618  7790  8063 D OsSdk   : TrackingServiceConnection unregistered
01-05 18:28:31.618   742  4207 E SensorService: Failed to set simple multi haptics, ret: -1
01-05 18:28:31.621  1249  7988 I CompositorVR: WarpToScreen: Skipping frames for 8
01-05 18:28:31.631  1607  3262 I Telemetry: App memory usage: PSS=33 MiB, PrivateDirty=27 MiB, PrivateClean=1 MiB, GPU=3.6/3.8 MiB (96% allocated)
01-05 18:28:31.632  1249  7988 I CompositorVR: WarpToScreen: Skipping frames for 8
01-05 18:28:31.643  1249  7988 I chatty  : uid=10025(com.oculus.systemdriver) OVR::TimeWarp identical 1 line
01-05 18:28:31.654   855  1186 W TrackingService: attachClient: found client in attached list
01-05 18:28:31.655  1249  7988 I CompositorVR: WarpToScreen: Skipping frames for 8
01-05 18:28:31.655  4047  4165 E OsSdk   : error getting shared memory region, memory type: HeadTracker, failed with Status(-1, EX_SECURITY): 'requested shared memory region when not registered/focused'
01-05 18:28:31.662  7790  8052 I ClientInputThread_Internal: InputThreadRun ShutdownRequest received
01-05 18:28:31.662  7790  8063 I InputHooks_Internal: Disabling Native Input Hooks
01-05 18:28:31.663  7790  8063 I ClientInputTrackedKeyboardManager: TRACKEDKEYBOARD ClearTrackedObjectManager called on client
01-05 18:28:31.663  1249  7858 I VrRuntimeService: RuntimeServiceSDKServer::EnableRendering: 0x0, 0, com.YourCompany.PrototypeV4
01-05 18:28:31.663  1249  7858 I ClientMgr: ClientMgr::EnableRendering 7790:com.YourCompany.PrototypeV4 : type 0 comp-id 8: disable
01-05 18:28:31.663  1249  7858 I VrRuntimeServer: DisableCompositorClient: 8
01-05 18:28:31.663  1249  7858 I CompositorClientMgr: Disable client 8
01-05 18:28:31.663  1249  7858 I CompositorClientMgr: DisableClient: frame flush required: 1
01-05 18:28:31.663  1249  2458 I ClientMgr: Non-overlay clients rendering status has changed: prev=34, curr=35, enabled=1
01-05 18:28:31.666  1249  7988 I CompositorVR: WarpToScreen: Skipping frames for 8
01-05 18:28:31.671  1249  7988 W CompositorClient: WarpToScreen: No completed frames to display for primary client 8. submittedFrameIndex = 2578
01-05 18:28:31.673  1249  2458 I ClientMgr: Primary client determined to be the current enabled client -991588461
01-05 18:28:31.673  1249  7858 I UnifiedTelemetryWrapper: Stopped UT session render:com.YourCompany.PrototypeV4
01-05 18:28:31.673  7790  8065 I FenceChecker: FenceChecker::MainLoop - ended
01-05 18:28:31.674  7790  8063 I XrRuntimeUtils: XrRuntimeUtils::DestroySession
01-05 18:28:31.674  7790  8063 I VrApi   : ---------- vrapi_LeaveVrMode [end] ----------
01-05 18:28:31.674  7790  8063 D OVRPlugin: Reset m_session to nullptr
01-05 18:28:31.675  7790  7818 D UE4     : [GameActivity] Unregistering volume receiver
01-05 18:28:31.677  7790  7818 D UE4     : [GameActivity] Unregistering battery receiver
01-05 18:28:31.681  7790  7818 D UE4     : [GameActivity] Unregistering headset receiver
01-05 18:28:31.685  7790  7818 D UE4     : [2023.01.05-18.28.31:684][587]LogCore: Display: AppLifetime: Application will enter background
01-05 18:28:31.685  7790  7818 D UE4     : [2023.01.05-18.28.31:685][587]LogTemp: Android pause audio
01-05 18:28:31.685  7790  7818 D UE4     : [2023.01.05-18.28.31:685][587]LogAudioMixerAndroid: Display: Suspending android audio renderer
01-05 18:28:31.685  7790  7818 D         : PlayerBase::pause() from IPlayer
01-05 18:28:31.685  7790  7819 D UE4     : [2023.01.05-18.28.31:685][587]LogAndroid: Blocking renderer on invalid window.
01-05 18:28:31.685  7790  7819 D UE4     : [2023.01.05-18.28.31:685][587]LogAndroid: Waiting for renderer to encounter blocking command.
01-05 18:28:31.686  7790  8063 D UE4     : [2023.01.05-18.28.31:686][587]LogAndroid: Blocking renderer
01-05 18:28:31.686  7790  8063 D UE4     : [2023.01.05-18.28.31:686][587]LogAndroid: RendererBlock release window callback
01-05 18:28:31.686  7790  8063 D UE4     : [2023.01.05-18.28.31:686][587]LogVulkanRHI: Destroy swapchain ... 
01-05 18:28:31.687  1292  1292 V AvrcpMediaPlayerList: onPlaybackConfigChanged(): Configs list size=9
01-05 18:28:31.687  7790  7819 D UE4     : LogAndroidEvents::EnqueueAppEvent : 13, [width=-1, height=-1], tid = 7819, APP_EVENT_STATE_APP_SUSPENDED
01-05 18:28:31.688  7790  7818 D UE4     : [2023.01.05-18.28.31:688][587]LogHMD: Error: FOculusHMDModule::GetPluginWrapper().WaitToBeginFrame 2584 failed (-1003)
01-05 18:28:31.688  7790  7819 D UE4     : Case APP_CMD_TERM_WINDOW, tid = 7819
01-05 18:28:31.688  7790  7819 D UE4     : [2023.01.05-18.28.31:688][587]LogAndroid: Case APP_CMD_TERM_WINDOW
01-05 18:28:31.688  7790  7819 D UE4     : LogAndroidEvents::EnqueueAppEvent : 3, [width=-1, height=-1], tid = 7819, APP_EVENT_STATE_WINDOW_DESTROYED
01-05 18:28:31.696  4047  4165 E OsSdk   : error getting shared memory region, memory type: HeadTracker, failed with Status(-1, EX_SECURITY): 'requested shared memory region when not registered/focused'
01-05 18:28:31.699  7790  7818 D UE4     : [2023.01.05-18.28.31:699][588]LogAndroidEvents: Display: LogAndroidEvents::DequeueAppEvent : 13, [width=-1, height=-1], APP_EVENT_STATE_APP_SUSPENDED
01-05 18:28:31.699  7790  7818 D UE4     : FAppEventManager::Tick processing, 13
01-05 18:28:31.699  7790  7818 D UE4     : Execution will be paused...
01-05 18:28:31.700  7790  7818 D UE4     : [2023.01.05-18.28.31:699][588]LogAndroidEvents: Display: LogAndroidEvents::DequeueAppEvent : 3, [width=-1, height=-1], APP_EVENT_STATE_WINDOW_DESTROYED
01-05 18:28:31.700  7790  7818 D UE4     : FAppEventManager::Tick processing, 3
01-05 18:28:31.700  7790  7818 D UE4     : APP_EVENT_STATE_WINDOW_DESTROYED, 0, 0, 0
01-05 18:28:31.700  7790  7818 D UE4     : FAppEventManager::Tick EventHandlerEvent Wait 
01-05 18:28:31.700  7790  7818 D UE4     : FAppEventManager::Tick EventHandlerEvent DONE Wait 
01-05 18:28:31.703  7790  7790 V UE4     : [GameApp] App in background
01-05 18:28:31.704  7790  7790 D UE4     : [GameActivity] ==============> GameActive.onStop complete!
01-05 18:28:31.704  7790  7819 D UE4     : [2023.01.05-18.28.31:703][588]LogAndroid: Case APP_CMD_STOP
01-05 18:28:31.704  7790  7819 D UE4     : LogAndroidEvents::EnqueueAppEvent : 8, [width=-1, height=-1], tid = 7819, APP_EVENT_STATE_ON_STOP
01-05 18:28:31.706  7790  7790 D UE4     : [GameActivity] onDestroy: destroy memoryHandlerThread
01-05 18:28:31.707  7790  7819 D UE4     : [2023.01.05-18.28.31:707][588]LogAndroid: Case APP_CMD_INPUT_CHANGED
01-05 18:28:31.707  7790  7819 D UE4     : [2023.01.05-18.28.31:707][588]LogAndroid: Case APP_CMD_DESTROY
01-05 18:28:31.707  7790  7819 D UE4     : LogAndroidEvents::EnqueueAppEvent : 15, [width=-1, height=-1], tid = 7819, APP_EVENT_RUN_CALLBACK
01-05 18:28:31.707  7790  7819 D UE4     : LogAndroidEvents::EnqueueAppEvent : 5, [width=-1, height=-1], tid = 7819, APP_EVENT_STATE_ON_DESTROY
01-05 18:28:31.709  7790  7819 I any.PrototypeV: System.exit called, status: 0
01-05 18:28:31.709  7790  7819 I AndroidRuntime: VM exiting with result code 0, cleanup skipped.
01-05 18:28:31.717  4047  4165 E OsSdk   : error getting shared memory region, memory type: HeadTracker, failed with Status(-1, EX_SECURITY): 'requested shared memory region when not registered/focused'
01-05 18:28:31.751   855  1186 I chatty  : uid=1000(system) Binder:855_3 identical 3 lines
01-05 18:28:31.751  4047  4165 E OsSdk   : error getting shared memory region, memory type: HeadTracker, failed with Status(-1, EX_SECURITY): 'requested shared memory region when not registered/focused'
01-05 18:28:31.786   730   730 D msm8974_platform: platform_split_snd_device: snd_device(22) num devices(1) new_snd_devices(0)
01-05 18:28:31.788  1249  7866 W RPCClientHandler: RPCClientHandler::MainLoop: Error reading pipe: Client: com.YourCompany.PrototypeV4:com.YourCompany.PrototypeV4:7790, Server: com.oculus.systemdriver:com.oculus.vrruntimeservice (HapticsServer)
01-05 18:28:31.788  2675  7862 W RPCClientHandler: RPCClientHandler::MainLoop: Error reading pipe: Client: com.YourCompany.PrototypeV4:com.YourCompany.PrototypeV4:7790, Server: com.oculus.guardian:com.oculus.vrguardianservice (guardianserver)
01-05 18:28:31.788  2675  7862 I REFLECT : GuardianSDKServer Client Disconnected 1932309906, com.YourCompany.PrototypeV4, com.YourCompany.PrototypeV4
01-05 18:28:31.789  2140  7861 W RPCClientHandler: RPCClientHandler::MainLoop: Error reading pipe: Client: com.YourCompany.PrototypeV4:com.YourCompany.PrototypeV4:7790, Server: com.oculus.vrshell:com.oculus.vrshell:Overlay (ptkserviceserver)
01-05 18:28:31.789  1249  7858 W RPCClientHandler: RPCClientHandler::MainLoop: Error reading pipe: Client: com.YourCompany.PrototypeV4:com.YourCompany.PrototypeV4:7790, Server: com.oculus.systemdriver:com.oculus.vrruntimeservice (RuntimeServiceServer)
01-05 18:28:31.789  1249  7858 I VrRuntimeService: RuntimeIPC: IPC_SYSTEM_EVENT_CLIENT_DISCONNECTED_EXT: com.YourCompany.PrototypeV4
01-05 18:28:31.789  1249  7858 I ClientMgr: ClientMgr::DestroyClient: 7790:com.YourCompany.PrototypeV4
01-05 18:28:31.789  1249  7858 I ClientMgr: ClientMgr::DestroyClient Destroying 2 swapchain(s) for 7790:com.YourCompany.PrototypeV4.
01-05 18:28:31.789  1249  7858 I ClientMgr: ClientMgr::DestroyClient: non-deferred ShutdownResources: 2584 == 2584 
01-05 18:28:31.789  1249  7858 I VrRuntimeServer: UnRegisterCompositorClient client(8)
01-05 18:28:31.789  1249  7858 I ClientMgr: RemoveClient: com.YourCompany.PrototypeV4:com.YourCompany.PrototypeV4:7790
01-05 18:28:31.789  1249  7858 I UnifiedTelemetryWrapper: Stopped UT session render_process_unknown
01-05 18:28:31.789  1249  7858 I UnifiedTelemetryWrapper: Stopped UT session lifetime:com.YourCompany.PrototypeV4
01-05 18:28:31.789  1249  7857 W RPCClientHandler: RPCClientHandler::MainLoop: Error reading pipe: Client: com.YourCompany.PrototypeV4:com.YourCompany.PrototypeV4:7790, Server: com.oculus.systemdriver:com.oculus.vrruntimeservice (gkcache)
01-05 18:28:31.793   855  1186 W TrackingService: attachClient: found client in attached list
01-05 18:28:31.795  2675  2854 I GuardianSystem: runtimeServiceSDKClient_.ActiveClientDestroyedEventData: package=[com.YourCompany.PrototypeV4], process=[com.YourCompany.PrototypeV4]
01-05 18:28:31.795  4047  4165 E OsSdk   : error getting shared memory region, memory type: HeadTracker, failed with Status(-1, EX_SECURITY): 'requested shared memory region when not registered/focused'
01-05 18:28:31.795  2675  2854 I GuardianSystem: OnDestroyActiveClient: com.YourCompany.PrototypeV4
01-05 18:28:31.795   855   855 W TrackingService: attachClient: found client in attached list
01-05 18:28:31.796  4047  4165 E OsSdk   : error getting shared memory region, memory type: AnchorTracker, failed with Status(-1, EX_SECURITY): 'requested shared memory region when not registered/focused'
01-05 18:28:31.817  1046  1141 W InputDispatcher: channel 'fdbbe9b com.YourCompany.PrototypeV4/com.epicgames.ue4.GameActivity (server)' ~ Consumer closed input channel or an error occurred.  events=0x9
01-05 18:28:31.817  1046  1141 E InputDispatcher: channel 'fdbbe9b com.YourCompany.PrototypeV4/com.epicgames.ue4.GameActivity (server)' ~ Channel is unrecoverably broken and will be disposed!
01-05 18:28:31.818   852   889 W IPCDataChannelAndroidBinder: binder_test2: RuntimeIPC: ConnectionDiedInfo: onBinderDied: 1, com.YourCompany.PrototypeV4:com.YourCompany.PrototypeV4:7790
01-05 18:28:31.818   852   889 W IPCDataChannelServer: datachannel_test: Disconnected: 1932309906, com.YourCompany.PrototypeV4:com.YourCompany.PrototypeV4:7790
01-05 18:28:31.818   852   889 E IPCThreadState: attemptIncStrongHandle(60): Not supported
01-05 18:28:31.818  2675  2918 W IPCDataChannelAndroidBinder: binder_test2: RuntimeIPC: ConnectionDiedInfo: onBinderDied: 1, com.YourCompany.PrototypeV4:com.YourCompany.PrototypeV4:7790
01-05 18:28:31.818  1249  4719 W IPCDataChannelAndroidBinder: binder_test2: RuntimeIPC: ConnectionDiedInfo: onBinderDied: 1, com.YourCompany.PrototypeV4:com.YourCompany.PrototypeV4:7790
01-05 18:28:31.818  2675  2918 W IPCDataChannelServer: datachannel_test: Disconnected: 1932309906, com.YourCompany.PrototypeV4:com.YourCompany.PrototypeV4:7790
01-05 18:28:31.818  1249  4719 W IPCDataChannelServer: datachannel_test: Disconnected: 1932309906, com.YourCompany.PrototypeV4:com.YourCompany.PrototypeV4:7790
01-05 18:28:31.818  1249  4719 E IPCThreadState: attemptIncStrongHandle(34): Not supported
01-05 18:28:31.818  2675  2918 E IPCThreadState: attemptIncStrongHandle(66): Not supported
01-05 18:28:31.818   852  1240 I RuntimeIPCService: DestroyBrokerConnection: com.YourCompany.PrototypeV4:com.YourCompany.PrototypeV4:7790
01-05 18:28:31.818   852  1240 E IPCThreadState: attemptIncStrongHandle(59): Not supported
01-05 18:28:31.818  1046  7523 D ConnectivityService: ConnectivityService NetworkRequestInfo binderDied(NetworkRequest [ LISTEN id=24, [ Transports: CELLULAR|WIFI|BLUETOOTH|ETHERNET|VPN Capabilities: INTERNET&NOT_RESTRICTED&TRUSTED&NOT_VPN&VALIDATED&FOREGROUND Uid: 10145] ], android.os.BinderProxy@93a5049)
01-05 18:28:31.819  2140  3327 W IPCDataChannelAndroidBinder: binder_test2: RuntimeIPC: ConnectionDiedInfo: onBinderDied: 1, com.YourCompany.PrototypeV4:com.YourCompany.PrototypeV4:7790
01-05 18:28:31.819  2140  3327 W IPCDataChannelServer: datachannel_test: Disconnected: 1932309906, com.YourCompany.PrototypeV4:com.YourCompany.PrototypeV4:7790
01-05 18:28:31.819  2140  3327 E IPCThreadState: attemptIncStrongHandle(38): Not supported
01-05 18:28:31.819  1046  5185 I WindowManager: WIN DEATH: Window{fdbbe9b u0 com.YourCompany.PrototypeV4/com.epicgames.ue4.GameActivity}
01-05 18:28:31.819  1046  5185 W InputDispatcher: Attempted to unregister already unregistered input channel 'fdbbe9b com.YourCompany.PrototypeV4/com.epicgames.ue4.GameActivity (server)'
01-05 18:28:31.819  1292  1292 V AvrcpMediaPlayerList: onPlaybackConfigChanged(): Configs list size=8
01-05 18:28:31.820  1046  7221 I ActivityManager: Process com.YourCompany.PrototypeV4 (pid 7790) has died: cch CRE 
01-05 18:28:31.821  1292  1292 V AvrcpMediaPlayerList: onPlaybackConfigChanged(): Configs list size=7
01-05 18:28:31.823  2003  2003 I Zygote  : Process 7790 exited cleanly (0)
01-05 18:28:31.840   855  1186 W TrackingService: attachClient: found client in attached list
01-05 18:28:31.840  4047  4165 E OsSdk   : error getting shared memory region, memory type: HeadTracker, failed with Status(-1, EX_SECURITY): 'requested shared memory region when not registered/focused'
01-05 18:28:31.857   855  1186 I chatty  : uid=1000(system) Binder:855_3 identical 1 line
01-05 18:28:31.857  4047  4165 E OsSdk   : error getting shared memory region, memory type: HeadTracker, failed with Status(-1, EX_SECURITY): 'requested shared memory region when not registered/focused'
01-05 18:28:31.863   855  7972 I [CT]    : INPUT_TRACKING:Behavior:NearHeadMoving: [Right] state transition: InRange -> Init
01-05 18:28:31.865   855  7972 I [CT]    : INPUT_TRACKING:Behavior:NearHeadMoving: [Right] state transition: Init -> TorsoInitialized
01-05 18:28:31.865  1046  1080 I libprocessgroup: Successfully killed process cgroup uid 10145 pid 7790 in 44ms
01-05 18:28:31.867  3107  3107 D MetaCam (DeviceLifecycleManager): onCapabilitiesChanged(...). Has NET_CAPABILITY_VALIDATED.
01-05 18:28:31.868  3107  3107 D MetaCam (DeviceLifecycleManager): onCapabilitiesChanged(...). Has NET_CAPABILITY_VALIDATED.
01-05 18:28:31.885   855  7993 W [CT]    : VEGA:MAP_TRACKING_HM: [Throttled count=4] Bad map tracking: map tracking failed @ Submap id = 2, version = 779198011 with status: 2
01-05 18:28:31.894   855  1186 W TrackingService: attachClient: found client in attached list
01-05 18:28:31.894  4047  4165 E OsSdk   : error getting shared memory region, memory type: HeadTracker, failed with Status(-1, EX_SECURITY): 'requested shared memory region when not registered/focused'
01-05 18:28:31.938   855   855 W TrackingService: attachClient: found client in attached list
01-05 18:28:31.939  4047  4165 I chatty  : uid=10033(com.oculus.xrstreamingclient) SlamAnchorMem identical 1 line
01-05 18:28:31.984   855   855 I chatty  : uid=1000(system) /system/bin/trackingservice identical 1 line
01-05 18:28:31.985  4047  4165 E OsSdk   : error getting shared memory region, memory type: HeadTracker, failed with Status(-1, EX_SECURITY): 'requested shared memory region when not registered/focused'
01-05 18:28:32.002  1920  8225 I VrApi   : FPS=90/90,Prd=27ms,Tear=0,Early=0,Stale=0,VSnc=0,Lat=-1,Fov=0,CPU4/GPU=3/3,2419/490MHz,OC=FF,TA=0/70/0,SP=N/F/N,Mem=2092MHz,Free=2195MB,PLS=0,Temp=25.7C/0.0C,TW=1.86ms,App=5.28ms,GD=0.12ms,CPU&GPU=7.78ms,LCnt=3(DR0,LM2),GPU%=0.67,CPU%=0.15(W0.20),DSF=1.00,CFL=14.65/19.63
01-05 18:28:32.030   855   855 W TrackingService: attachClient: found client in attached list
01-05 18:28:32.031  4047  4165 E OsSdk   : error getting shared memory region, memory type: HeadTracker, failed with Status(-1, EX_SECURITY): 'requested shared memory region when not registered/focused'
01-05 18:28:32.031   855  1186 W TrackingService: attachClient: found client in attached list
01-05 18:28:32.031  1940  2411 W DeviceConfigUtil: Try to get config param "oculus_shared_social:oculus_messenger_reauth_removal" before Device Config has subscribed to the service.
01-05 18:28:32.031  4047  4165 E OsSdk   : error getting shared memory region, memory type: AnchorTracker, failed with Status(-1, EX_SECURITY): 'requested shared memory region when not registered/focused'
01-05 18:28:32.065   855  1186 W TrackingService: attachClient: found client in attached list
01-05 18:28:32.066  4047  4165 E OsSdk   : error getting shared memory region, memory type: HeadTracker, failed with Status(-1, EX_SECURITY): 'requested shared memory region when not registered/focused'
01-05 18:28:32.087   855  7993 W [CT]    : VEGA:MAP_TRACKING_HM: [Throttled count=25] Map tracking did not run.
01-05 18:28:32.106   855   855 W TrackingService: attachClient: found client in attached list
01-05 18:28:32.107  4047  4165 E OsSdk   : error getting shared memory region, memory type: HeadTracker, failed with Status(-1, EX_SECURITY): 'requested shared memory region when not registered/focused'
01-05 18:28:32.136   855  7972 I [CT]    : INPUT_TRACKING:Behavior:NearHeadMoving: [Right] state transition: TorsoInitialized -> InRange
01-05 18:28:32.151  4047  4165 E OsSdk   : error getting shared memory region, memory type: HeadTracker, failed with Status(-1, EX_SECURITY): 'requested shared memory region when not registered/focused'
01-05 18:28:32.153  4047  4126 D xrstreaming: receive ping: org 0 recv 0 xmt 23996465945600 (received at 6240611607564), offset divergence 92338
01-05 18:28:32.193  4047  4165 E OsSdk   : error getting shared memory region, memory type: HeadTracker, failed with Status(-1, EX_SECURITY): 'requested shared memory region when not registered/focused'
01-05 18:28:32.230   855  7972 W [CT]    : TorsoModel: Not able to update controller's X-yaw (X is almost vertical)
01-05 18:28:32.238   855   855 I chatty  : uid=1000(system) /system/bin/trackingservice identical 3 lines
01-05 18:28:32.239  4047  4165 E OsSdk   : error getting shared memory region, memory type: HeadTracker, failed with Status(-1, EX_SECURITY): 'requested shared memory region when not registered/focused'
01-05 18:28:32.284   855   855 W TrackingService: attachClient: found client in attached list
01-05 18:28:32.285  4047  4165 E OsSdk   : error getting shared memory region, memory type: HeadTracker, failed with Status(-1, EX_SECURITY): 'requested shared memory region when not registered/focused'
01-05 18:28:32.285   855  1186 W TrackingService: attachClient: found client in attached list
01-05 18:28:32.287  4047  4165 E OsSdk   : error getting shared memory region, memory type: AnchorTracker, failed with Status(-1, EX_SECURITY): 'requested shared memory region when not registered/focused'
01-05 18:28:32.332   855  1186 W TrackingService: attachClient: found client in attached list
01-05 18:28:32.333  4047  4165 E OsSdk   : error getting shared memory region, memory type: HeadTracker, failed with Status(-1, EX_SECURITY): 'requested shared memory region when not registered/focused'
01-05 18:28:32.378   855   855 W TrackingService: attachClient: found client in attached list
01-05 18:28:32.379  4047  4165 E OsSdk   : error getting shared memory region, memory type: HeadTracker, failed with Status(-1, EX_SECURITY): 'requested shared memory region when not registered/focused'
01-05 18:28:32.410   855  7972 I [CT]    : INPUT_TRACKING:Behavior:NearHeadMoving: [Right] state transition: InRange -> Init
01-05 18:28:32.413   855  7972 I [CT]    : INPUT_TRACKING:Behavior:NearHeadMoving: [Right] state transition: Init -> TorsoInitialized
01-05 18:28:32.424  4047  4165 E OsSdk   : error getting shared memory region, memory type: HeadTracker, failed with Status(-1, EX_SECURITY): 'requested shared memory region when not registered/focused'
01-05 18:28:32.496  4047  4165 I chatty  : uid=10033(com.oculus.xrstreamingclient) SlamAnchorMem identical 2 lines
01-05 18:28:32.528  4047  4165 E OsSdk   : error getting shared memory region, memory type: HeadTracker, failed with Status(-1, EX_SECURITY): 'requested shared memory region when not registered/focused'
01-05 18:28:32.529  4047  4165 E OsSdk   : error getting shared memory region, memory type: AnchorTracker, failed with Status(-1, EX_SECURITY): 'requested shared memory region when not registered/focused'
01-05 18:28:32.572  4047  4165 E OsSdk   : error getting shared memory region, memory type: HeadTracker, failed with Status(-1, EX_SECURITY): 'requested shared memory region when not registered/focused'
01-05 18:28:32.696   855   855 I chatty  : uid=1000(system) /system/bin/trackingservice identical 9 lines
01-05 18:28:32.741   855   855 W TrackingService: attachClient: found client in attached list
01-05 18:28:32.742  4047  4165 I chatty  : uid=10033(com.oculus.xrstreamingclient) SlamAnchorMem identical 4 lines
01-05 18:28:32.787   855  1186 W TrackingService: attachClient: found client in attached list
01-05 18:28:32.788  4047  4165 E OsSdk   : error getting shared memory region, memory type: HeadTracker, failed with Status(-1, EX_SECURITY): 'requested shared memory region when not registered/focused'
01-05 18:28:32.788  4047  4165 E OsSdk   : error getting shared memory region, memory type: AnchorTracker, failed with Status(-1, EX_SECURITY): 'requested shared memory region when not registered/focused'
01-05 18:28:32.829  4047  4165 E OsSdk   : error getting shared memory region, memory type: HeadTracker, failed with Status(-1, EX_SECURITY): 'requested shared memory region when not registered/focused'
01-05 18:28:32.851   855  8001 I [CT]    : CONSTELLATION:VISION_STATUS: 86557c336c360320 (L): BlobDetection:[#BlobsDetected=(19.31, 10.46)]Matching:[MatchSuccess=1.000, MatchCost=(0.00545, 0.00001), #MatchedBlobs=(8.67, 7.89), #MatchedLeds=(6.10, 0.70), RematchM=0.000, SkipRefine=0.016] MatchMethod:[Prox=1.000, ConstBrute=0.000, UnconstBrute=0.000] MatchResets[AnomBlobSize=0.000, SharedMatch=0.000, DenseReacq=0.000] | Fusion:[FusionError=0.000, ImuFromCamMs=(8.336, 0.931), RematchF=0.092] FusionUpdates:[Successful=1.000, Reliable=0.976, TightFusion=0.996, FullPose=0.004, StaticPrior=0.000, StaticForHandTrans=0.008, PoseUpdateMD=(0.6240, 0.0000)] FusionResets[6DoFReset=0.000, ResetSuccess=0.000] FusionStatus[HasPosition=1.000, HasVelocity=1.000] 
01-05 18:28:32.875  4047  4165 E OsSdk   : error getting shared memory region, memory type: HeadTracker, failed with Status(-1, EX_SECURITY): 'requested shared memory region when not registered/focused'
01-05 18:28:32.898   855  7972 I [CT]    : CONSTELLATION:IMU_STATUS: 86557c336c360320 (L): [FusionTracked=1.000, OutputTracked=1.000, OutputValid=1.000] [AccelSat=0.000, GyroSat=0.000] 
01-05 18:28:32.913  4047  4165 E OsSdk   : error getting shared memory region, memory type: HeadTracker, failed with Status(-1, EX_SECURITY): 'requested shared memory region when not registered/focused'
01-05 18:28:32.925   855  7993 W [CT]    : VEGA:MAP_TRACKING_HM: [Throttled count=17] Bad map tracking: map tracking failed @ Submap id = 2, version = 779198011 with status: 2
01-05 18:28:32.953   855  7993 W [CT]    : TIMESTAMPCHECKER: Nominal rate wrong. Estimated data rate: 25, Nominal is 30.000300003000028
01-05 18:28:32.955  4047  4165 E OsSdk   : error getting shared memory region, memory type: HeadTracker, failed with Status(-1, EX_SECURITY): 'requested shared memory region when not registered/focused'
01-05 18:28:32.960  1046  1399 E TaskPersister: File error accessing recents directory (directory doesn't exist?).
01-05 18:28:32.988   855  1186 I chatty  : uid=1000(system) Binder:855_3 identical 6 lines
01-05 18:28:32.988  4047  4165 E OsSdk   : error getting shared memory region, memory type: HeadTracker, failed with Status(-1, EX_SECURITY): 'requested shared memory region when not registered/focused'
01-05 18:28:33.001  1920  8225 I VrApi   : FPS=90/90,Prd=27ms,Tear=0,Early=0,Stale=0,VSnc=0,Lat=-1,Fov=0,CPU4/GPU=3/3,2419/490MHz,OC=FF,TA=0/70/0,SP=N/F/N,Mem=2092MHz,Free=2195MB,PLS=0,Temp=25.7C/0.0C,TW=1.89ms,App=4.86ms,GD=0.12ms,CPU&GPU=7.98ms,LCnt=3(DR0,LM2),GPU%=0.64,CPU%=0.12(W0.16),DSF=1.00,CFL=14.52/19.88
01-05 18:28:33.029   855  1186 W TrackingService: attachClient: found client in attached list
01-05 18:28:33.029  4047  4165 E OsSdk   : error getting shared memory region, memory type: HeadTracker, failed with Status(-1, EX_SECURITY): 'requested shared memory region when not registered/focused'
01-05 18:28:33.029   855   855 W TrackingService: attachClient: found client in attached list
01-05 18:28:33.030  4047  4165 E OsSdk   : error getting shared memory region, memory type: AnchorTracker, failed with Status(-1, EX_SECURITY): 'requested shared memory region when not registered/focused'
01-05 18:28:33.040  3288  8260 E memtrack: Couldn't load memtrack module
01-05 18:28:33.040  3288  8260 W android.os.Debug: failed to get memory consumption info: -1
01-05 18:28:33.074  4047  4165 E OsSdk   : error getting shared memory region, memory type: HeadTracker, failed with Status(-1, EX_SECURITY): 'requested shared memory region when not registered/focused'
01-05 18:28:33.087  4047  4165 E OsSdk   : error getting shared memory region, memory type: HeadTracker, failed with Status(-1, EX_SECURITY): 'requested shared memory region when not registered/focused'
01-05 18:28:33.110   855  7972 I [CT]    : INPUT_TRACKING:Behavior:NearHeadMoving: [Right] state transition: TorsoInitialized -> InRange
01-05 18:28:33.125   855  7993 W [CT]    : VEGA:MAP_TRACKING_HM: [Throttled count=25] Map tracking did not run.
01-05 18:28:33.133  4047  4165 E OsSdk   : error getting shared memory region, memory type: HeadTracker, failed with Status(-1, EX_SECURITY): 'requested shared memory region when not registered/focused'
01-05 18:28:33.139  4047  4165 E OsSdk   : error getting shared memory region, memory type: HeadTracker, failed with Status(-1, EX_SECURITY): 'requested shared memory region when not registered/focused'
01-05 18:28:33.154  4047  4126 D xrstreaming: receive ping: org 0 recv 0 xmt 23997466274500 (received at 6241612248970), offset divergence 92338
01-05 18:28:33.172  4047  4165 E OsSdk   : error getting shared memory region, memory type: HeadTracker, failed with Status(-1, EX_SECURITY): 'requested shared memory region when not registered/focused'
01-05 18:28:33.218  4047  4165 E OsSdk   : error getting shared memory region, memory type: HeadTracker, failed with Status(-1, EX_SECURITY): 'requested shared memory region when not registered/focused'
01-05 18:28:33.219  4047  4165 E OsSdk   : error getting shared memory region, memory type: AnchorTracker, failed with Status(-1, EX_SECURITY): 'requested shared memory region when not registered/focused'
01-05 18:28:33.247   855  7993 I [CT]    : VIPER: Mode=SuperVega,Status=6DoF,TRACKING,Inl=25,Mem=88.8,Jit=0.2mm,Issues(Cam/min=0.0,IMU/min=0.0),Exp=(14.0ms,g=15.0,I=66,Ir=317.7)(14.0ms,g=15.0,I=85,Ir=407.7)(14.0ms,g=15.0,I=86,Ir=410.5)(14.0ms,g=15.0,I=74,Ir=355.0)
01-05 18:28:33.247   855  7993 W [CT]    : VIPER: Images too dark, 
01-05 18:28:33.263  4047  4165 E OsSdk   : error getting shared memory region, memory type: HeadTracker, failed with Status(-1, EX_SECURITY): 'requested shared memory region when not registered/focused'
01-05 18:28:33.376  4047  4165 I chatty  : uid=10033(com.oculus.xrstreamingclient) SlamAnchorMem identical 3 lines
01-05 18:28:33.421   855   855 I chatty  : uid=1000(system) /system/bin/trackingservice identical 12 lines
01-05 18:28:33.421  4047  4165 E OsSdk   : error getting shared memory region, memory type: HeadTracker, failed with Status(-1, EX_SECURITY): 'requested shared memory region when not registered/focused'
01-05 18:28:33.457   884   884 E adbd    : failed to connect to socket 'tcp:6666': Connection refused
01-05 18:28:33.465   855   855 W TrackingService: attachClient: found client in attached list
01-05 18:28:33.465  4047  4165 E OsSdk   : error getting shared memory region, memory type: HeadTracker, failed with Status(-1, EX_SECURITY): 'requested shared memory region when not registered/focused'
01-05 18:28:33.466   855  1186 W TrackingService: attachClient: found client in attached list
01-05 18:28:33.466  4047  4165 E OsSdk   : error getting shared memory region, memory type: AnchorTracker, failed with Status(-1, EX_SECURITY): 'requested shared memory region when not registered/focused'
01-05 18:28:33.504  4047  4165 E OsSdk   : error getting shared memory region, memory type: HeadTracker, failed with Status(-1, EX_SECURITY): 'requested shared memory region when not registered/focused'
01-05 18:28:33.546  1249  2458 I PerformanceManager_V0: SetClockLevels: Apply pending clock request change: 3,3 -> 2,3
01-05 18:28:33.546  1249  2453 I Clocks  : ReleaseClocks - start
01-05 18:28:33.546  1249  2453 I Clocks  : ReleaseClocks - end (0.5 ms)
01-05 18:28:33.546  1249  2453 I Clocks  : LockClocks( cpu=2, gpu=3 ) - start
01-05 18:28:33.546  1249  2453 I Clocks  : CPU levels [0, 4]
01-05 18:28:33.546  1249  2453 I Clocks  : GPU levels [0, 5]
01-05 18:28:33.547  4047  4165 E OsSdk   : error getting shared memory region, memory type: HeadTracker, failed with Status(-1, EX_SECURITY): 'requested shared memory region when not registered/focused'
01-05 18:28:33.547  1249  2453 I Clocks  : LockClocks( cpu=2, gpu=3 ) - end (0.6 ms)
01-05 18:28:33.593  4047  4165 E OsSdk   : error getting shared memory region, memory type: HeadTracker, failed with Status(-1, EX_SECURITY): 'requested shared memory region when not registered/focused'
01-05 18:28:33.612   855  7972 I [CT]    : INPUT_TRACKING:Behavior:NearHeadMoving: [Left] state transition: TorsoInitialized -> InRange
01-05 18:28:33.634  4047  4165 E OsSdk   : error getting shared memory region, memory type: HeadTracker, failed with Status(-1, EX_SECURITY): 'requested shared memory region when not registered/focused'
01-05 18:28:33.677   855  1186 I chatty  : uid=1000(system) Binder:855_3 identical 5 lines
01-05 18:28:33.678  4047  4165 I chatty  : uid=10033(com.oculus.xrstreamingclient) SlamAnchorMem identical 1 line
01-05 18:28:33.722   855  1186 W TrackingService: attachClient: found client in attached list
01-05 18:28:33.723  4047  4165 E OsSdk   : error getting shared memory region, memory type: HeadTracker, failed with Status(-1, EX_SECURITY): 'requested shared memory region when not registered/focused'
01-05 18:28:33.723   855   855 W TrackingService: attachClient: found client in attached list
01-05 18:28:33.724  4047  4165 E OsSdk   : error getting shared memory region, memory type: AnchorTracker, failed with Status(-1, EX_SECURITY): 'requested shared memory region when not registered/focused'
01-05 18:28:33.763  4047  4165 E OsSdk   : error getting shared memory region, memory type: HeadTracker, failed with Status(-1, EX_SECURITY): 'requested shared memory region when not registered/focused'
