01-06 16:14:52.223   864  8442 W TrackingService: attachClient: found client in attached list
01-06 16:14:52.225 10451 10569 E OsSdk   : error getting shared memory region, memory type: AnchorTracker, failed with Status(-1, EX_SECURITY): 'requested shared memory region when not registered/focused'
01-06 16:14:52.267  1052  1073 I ActivityTaskManager: START u0 {act=android.intent.action.MAIN cat=[android.intent.category.LAUNCHER] flg=0x10010000 pkg=com.oculus.vrshell cmp=com.oculus.vrshell/.MainActivity (has extras)} from uid 10020
01-06 16:14:52.269   864  8442 I chatty  : uid=1000(system) Binder:864_5 identical 1 line
01-06 16:14:52.271 10451 10569 E OsSdk   : error getting shared memory region, memory type: HeadTracker, failed with Status(-1, EX_SECURITY): 'requested shared memory region when not registered/focused'
01-06 16:14:52.276 13153 13153 D UE4     : [GameActivity] onPause: stop memory reporter runnable
01-06 16:14:52.276 13153 13182 D UE4     : Case APP_CMD_PAUSE
01-06 16:14:52.276 13153 13153 D UE4     : [GameActivity] ==============> GameActive.onPause complete!
01-06 16:14:52.276 13153 13182 D UE4     : [2023.01.06-16.14.52:276][822]LogAndroid: Case APP_CMD_PAUSE
01-06 16:14:52.276 13153 13182 D UE4     : LogAndroidEvents::EnqueueAppEvent : 6, [width=-1, height=-1], tid = 13182, APP_EVENT_STATE_ON_PAUSE
01-06 16:14:52.276 13153 13182 D UE4     : [2023.01.06-16.14.52:276][822]LogAndroid: event thread, suspending app, acquiring HW window lock.
01-06 16:14:52.276 13153 13182 D UE4     : LogAndroidEvents::EnqueueAppEvent : 15, [width=-1, height=-1], tid = 13182, APP_EVENT_RUN_CALLBACK
01-06 16:14:52.276 13153 13182 D UE4     : [2023.01.06-16.14.52:276][822]LogAndroid: AndroidEGL::  SuspendApp_EventThread, waiting for event manager to process. tid: 13182
01-06 16:14:52.277  1052  1073 W InputReader: Device has associated, but no associated display id.
01-06 16:14:52.277  2990  2990 I chatty  : uid=10020(com.oculus.vrshell) ShellMain expire 16 lines
01-06 16:14:52.278  2954  3093 I VrGuardianService: GuardianSDKServer::GuardianCmd: 14
01-06 16:14:52.278  2954  3093 I GuardianSystem: GuardianSystem::GuardianCmd CMD_CLEAR_RETURN_PACKAGE
01-06 16:14:52.283 13153 13153 D SystemActivitiesReceiver: SystemActivityReceiver.onReceive intent:Intent { act=com.oculus.system_activity flg=0x10 pkg=com.YourCompany.PrototypeV4 (has extras) }
01-06 16:14:52.283 13153 13153 D SystemActivitiesReceiver: fromPackageName: 'com.oculus.vrshell'
01-06 16:14:52.283 13153 13153 D SystemActivitiesReceiver: command: '{"Command":"exitToHome","PlatformUIVersion":4,"ToPackage":"com.YourCompany.PrototypeV4"}'
01-06 16:14:52.283 13153 13153 D SystemActivitiesReceiver: uri: ''
01-06 16:14:52.285  1052  1080 D ActivityManager: Is background playback enabled for all apps: false
01-06 16:14:52.287   751  7545 D AF::RecordHandle: OpRecordAudio: track:149 uid:10033 pkg:com.oculus.xrstreamingclient usage:0 muted
01-06 16:14:52.288  1804  1804 D VrRuntimeService: onForegroundActivitiesChanged: pid=2990, uid=10020, hasForegroundActivities=true
01-06 16:14:52.289 13153 13153 D TrustedSignatureVerifier: Checking app signature for com.oculus.vrshell
01-06 16:14:52.290 13153 13153 D TrustedSignatureVerifier: Package com.oculus.vrshell trusted due to RELEASE signature.
01-06 16:14:52.290   751  3620 D AF::RecordHandle: OpRecordAudio: track:154 uid:10032 pkg:com.oculus.horizon usage:0 not muted
01-06 16:14:52.290   751  1600 D AF::RecordHandle: OpRecordAudio: track:56 uid:10014 pkg:com.oculus.shellenv usage:0 muted
01-06 16:14:52.291 13153 13153 D SystemActivitiesReceiver: App is trusted
01-06 16:14:52.291 13153 13153 I SystemActivitiesEvents: nativeSystemActivityIntent in 'com.YourCompany.PrototypeV4': 'com.oculus.vrshell' '{"Command":"exitToHome","PlatformUIVersion":4,"ToPackage":"com.YourCompany.PrototypeV4"}' ''
01-06 16:14:52.291 13153 13153 I SystemActivitiesEvents: SYSTEM_ACTIVITY_EVENT_EXIT_TO_HOME: finish() - exit to Home
01-06 16:14:52.291 13153 13153 W any.PrototypeV: Attempt to remove non-JNI local reference, dumping thread
01-06 16:14:52.291   751  7545 D AF::TrackHandle: OpPlayAudio: track:155 uid:10020 pkg:com.oculus.vrshell usage:1 not muted
01-06 16:14:52.291   751 12493 D AF::TrackHandle: OpPlayAudio: track:120 uid:10033 pkg:com.oculus.xrstreamingclient usage:1 muted
01-06 16:14:52.294   751  4523 D AF::TrackHandle: OpPlayAudio: track:57 uid:10014 pkg:com.oculus.shellenv usage:1 muted
01-06 16:14:52.294   751 12493 D AF::RecordHandle: OpRecordAudio: track:154 uid:10032 pkg:com.oculus.horizon usage:0 not muted
01-06 16:14:52.295   751  3620 D AF::RecordHandle: OpRecordAudio: track:56 uid:10014 pkg:com.oculus.shellenv usage:0 muted
01-06 16:14:52.295   751  1600 D AF::TrackHandle: OpPlayAudio: track:152 uid:10153 pkg:com.YourCompany.PrototypeV4 usage:1 muted
01-06 16:14:52.296   751 12493 D AF::RecordHandle: OpRecordAudio: track:149 uid:10033 pkg:com.oculus.xrstreamingclient usage:0 muted
01-06 16:14:52.298  1052  1744 I ActivityTaskManager: START u0 {act=android.intent.action.MAIN cat=[android.intent.category.LAUNCHER] flg=0x14000000 pkg=com.oculus.shellenv cmp=com.oculus.shellenv/.ShellEnvActivity (has extras)} from uid 10020
01-06 16:14:52.300   730  6012 D msm8974_platform: platform_split_snd_device: snd_device(22) num devices(1) new_snd_devices(0)
01-06 16:14:52.300   730  6012 D ACDB-LOADER: ACDB -> send_audvoltable
01-06 16:14:52.300   730  6012 D ACDB-LOADER: ACDB -> ACDB_CMD_GET_AUDPROC_INSTANCE_GAIN_DEP_STEP_TABLE_SIZE
01-06 16:14:52.300   730  6012 D         : Failed to fetch the lookup information of the device 0000000F 
01-06 16:14:52.300   730  6012 D ACDB-LOADER: Error: ACDB_CMD_GET_AUDPROC_INSTANCE_GAIN_DEP_STEP_TABLE_SIZE Returned = -19
01-06 16:14:52.300   730  6012 D ACDB-LOADER: ACDB -> ACDB_CMD_GET_AUDPROC_INSTANCE_GAIN_DEP_STEP_TABLE, vol index 8
01-06 16:14:52.300   730  6012 D         : Failed to fetch the lookup information of the device 0000000F 
01-06 16:14:52.300   730  6012 D ACDB-LOADER: Error: ACDB AudProc vol returned = -19
01-06 16:14:52.300   730  6012 D ACDB-LOADER: ACDB -> AUDIO_SET_VOL_CAL cal type = 40
01-06 16:14:52.309 13153 13153 W any.PrototypeV: Attempt to remove non-JNI local reference, dumping thread
01-06 16:14:52.309 13153 13153 W any.PrototypeV: Attempt to remove non-JNI local reference, dumping thread
01-06 16:14:52.315   864  8442 W TrackingService: attachClient: found client in attached list
01-06 16:14:52.316 13153 13153 D ContextHelper: shouldSkipFinish: activity=com.epicgames.ue4.GameActivity@e12b4cd
01-06 16:14:52.317 13153 13153 W any.PrototypeV: Accessing hidden method Landroid/app/Activity;->isResumed()Z (greylist, reflection, allowed)
01-06 16:14:52.317 13153 13153 D ContextHelper: activity=com.epicgames.ue4.GameActivity@e12b4cd, resumed=false
01-06 16:14:52.317 10451 10569 E OsSdk   : error getting shared memory region, memory type: HeadTracker, failed with Status(-1, EX_SECURITY): 'requested shared memory region when not registered/focused'
01-06 16:14:52.317 13153 13153 D ContextHelper: Calling finish() on com.epicgames.ue4.GameActivity@e12b4cd
01-06 16:14:52.319 13153 13181 D UE4     : [2023.01.06-16.14.52:319][823]LogAndroidEvents: Display: LogAndroidEvents::DequeueAppEvent : 6, [width=-1, height=-1], APP_EVENT_STATE_ON_PAUSE
01-06 16:14:52.319 13153 13181 D UE4     : FAppEventManager::Tick processing, 6
01-06 16:14:52.319 13153 13181 D UE4     : [2023.01.06-16.14.52:319][823]LogVulkanRHI: FVulkanPipelineStateCacheManager: skipped saving because we only save if the PSOFC based one failed to load.
01-06 16:14:52.319 13153 13181 D UE4     : [2023.01.06-16.14.52:319][823]LogAndroidEvents: Display: LogAndroidEvents::DequeueAppEvent : 15, [width=-1, height=-1], APP_EVENT_RUN_CALLBACK
01-06 16:14:52.319 13153 13181 D UE4     : FAppEventManager::Tick processing, 15
01-06 16:14:52.319 13153 13181 D UE4     : [2023.01.06-16.14.52:319][823]LogAndroidEvents: Display: Event thread callback running.
01-06 16:14:52.319 13153 13181 D UE4     : [2023.01.06-16.14.52:319][823]LogAndroid: performing app backgrounding callback. 0xc2928300
01-06 16:14:52.323  1052  1744 W InputReader: Device has associated, but no associated display id.
01-06 16:14:52.331   864 13281 W [CT]    : VEGA:MAP_TRACKING_HM: [Throttled count=25] Map tracking did not run.
01-06 16:14:52.335   864 13287 I [CT]    : CONSTELLATION: R: Not reinitializing 6DoF filter yet (no valid pose from matching).
01-06 16:14:52.342   751  7545 D AF::RecordHandle: OpRecordAudio: track:56 uid:10014 pkg:com.oculus.shellenv usage:0 not muted
01-06 16:14:52.343   751  4523 D AF::TrackHandle: OpPlayAudio: track:120 uid:10033 pkg:com.oculus.xrstreamingclient usage:1 muted
01-06 16:14:52.343   751 12493 D AF::TrackHandle: OpPlayAudio: track:152 uid:10153 pkg:com.YourCompany.PrototypeV4 usage:1 muted
01-06 16:14:52.344   751  1006 D AF::RecordHandle: OpRecordAudio: track:149 uid:10033 pkg:com.oculus.xrstreamingclient usage:0 muted
01-06 16:14:52.344  1052  5078 D ActivityManager: Is background playback enabled for all apps: false
01-06 16:14:52.344   751  1139 D AF::RecordHandle: OpRecordAudio: track:154 uid:10032 pkg:com.oculus.horizon usage:0 not muted
01-06 16:14:52.344   751  1600 D AF::TrackHandle: OpPlayAudio: track:57 uid:10014 pkg:com.oculus.shellenv usage:1 not muted
01-06 16:14:52.344   751  3620 D AF::TrackHandle: OpPlayAudio: track:155 uid:10020 pkg:com.oculus.vrshell usage:1 not muted
01-06 16:14:52.345   751  1006 D AF::RecordHandle: OpRecordAudio: track:154 uid:10032 pkg:com.oculus.horizon usage:0 not muted
01-06 16:14:52.346   751  1600 D AF::RecordHandle: OpRecordAudio: track:56 uid:10014 pkg:com.oculus.shellenv usage:0 not muted
01-06 16:14:52.346   751  3620 D AF::RecordHandle: OpRecordAudio: track:149 uid:10033 pkg:com.oculus.xrstreamingclient usage:0 muted
01-06 16:14:52.349  1804  1804 D VrRuntimeService: onForegroundActivitiesChanged: pid=1950, uid=10014, hasForegroundActivities=true
01-06 16:14:52.362   864  1221 W TrackingService: attachClient: found client in attached list
01-06 16:14:52.363 10451 10569 E OsSdk   : error getting shared memory region, memory type: HeadTracker, failed with Status(-1, EX_SECURITY): 'requested shared memory region when not registered/focused'
01-06 16:14:52.379  1804  2863 I VrRuntimeService: DestroySwapChain: swapchain=408
01-06 16:14:52.380  2954  3093 I VrGuardianService: GuardianSDKServer::SetGuardianHitDialog2 0
01-06 16:14:52.385  2990  3126 I chatty  : uid=10020(com.oculus.vrshell) ShellMainVR expire 78 lines
01-06 16:14:52.386  1950  1950 D ActivityLifecycleListener: onActivityResumed
01-06 16:14:52.386  1950  2918 D ActivityLifecycleListener: activity=com.oculus.shellenv.ShellEnvActivity@aa5ba03, resumed=true
01-06 16:14:52.386  1950  2918 D ActivityLifecycleListener: Activity ready after 0ms
01-06 16:14:52.386  1950  2918 I OpenXR  : nativeOnActivityReady
01-06 16:14:52.408   864  1221 I chatty  : uid=1000(system) Binder:864_4 identical 1 line
01-06 16:14:52.409 10451 10569 E OsSdk   : error getting shared memory region, memory type: HeadTracker, failed with Status(-1, EX_SECURITY): 'requested shared memory region when not registered/focused'
01-06 16:14:52.415  1950  2037 I Clay    : BaseApp: Hibernate transition Unhibernate
01-06 16:14:52.415  1950  2037 I Clay    : copresence: microphone state transition, unpaused
01-06 16:14:52.415  1950  2037 I Clay    : SoundSystem: setPaused(false), m_paused=true
01-06 16:14:52.416  1281  1281 V AvrcpMediaPlayerList: onPlaybackConfigChanged(): Configs list size=8
01-06 16:14:52.421  1950  2037 I Clay    : EnvironmentSystem: computed visibility changed from Unload to Visible (reason: <none>)
01-06 16:14:52.422  1950  2037 I OpenXR  : PostSessionStateChange: XR_SESSION_STATE_IDLE -> XR_SESSION_STATE_READY
01-06 16:14:52.423  1950  2037 I Clay    : xrPollEvent: REFERENCE_SPACE_CHANGE_PENDING
01-06 16:14:52.423  1950  2037 I Clay    : xrPollEvent: SESSION_STATE_CHANGED: READY
01-06 16:14:52.423  1950  2037 I Clay    : Entering VR mode: cpu=-1, gpu=-1, perf threads: main=2037, gpu=unset
01-06 16:14:52.423  1950  2037 I OpenXR  : ------------ xrBeginSession [start] -----------
01-06 16:14:52.423  1950  2037 I VrRuntimeClient: Tracing is disabled
01-06 16:14:52.423  1950  2037 I VrRuntimeClient: SysProp debug mode is disabled on Client side
01-06 16:14:52.423  1687  3939 I [CT]    : MIXEDREALITY: MrServiceController: VrFocusManager::Top Activity Changed, topActivity now is: 'com.YourCompany.PrototypeV4', immersiveApp now is: 'com.YourCompany.PrototypeV4'.
01-06 16:14:52.423  1687  3207 I [CT]    : MIXEDREALITY: MrServiceView: renderIteration: Nothing to render, hibernating the rendering thread since ID is off and no active PT layers.
01-06 16:14:52.423  1687  3207 I [CT]    : MIXEDREALITY: MrServiceModel: Hibernating caller (most likely rendering thread) due to commandQueue being empty.
01-06 16:14:52.424  1950  2037 D VrApi   : targetSDKVersion 29
01-06 16:14:52.425  1950  2037 I VrRuntimeClient: DEVICE MODEL NUMBER = Quest 2
01-06 16:14:52.425  1950  2037 I VrRuntimeClient: DEVICE BUILD NAME = user-49068160412800150
01-06 16:14:52.425  1950  2037 I VrRuntimeClient: DEVICE BUILD TYPE = user
01-06 16:14:52.425  1950  2037 I VrRuntimeClient: DEVICE OS VERSION = 10
01-06 16:14:52.425  1950  2037 I VrRuntimeClient: API LOADER VERSION = 1.0.22
01-06 16:14:52.425  1950  2037 I VrRuntimeClient: RUNTIME API VERSION = 1.0.25
01-06 16:14:52.425  1950  2037 I VrRuntimeClient: RUNTIME VERSION = 47.0.0.282.341 Nov 25 2022 14:16:35 RELEASE
01-06 16:14:52.425  1950  2037 I VrRuntimeClient: APP NAME = ShellEnv
01-06 16:14:52.425  1950  2037 I VrRuntimeClient: APP VERSION = 47.0.0.282.341 versionCode 428237325 internalVersionName 47.0.0.282.341.8e28c4f8052b 2022_12_12_06_39
01-06 16:14:52.425  1950  2037 I VrRuntimeClient: APP VR TYPE = vr_only
01-06 16:14:52.425  1950  2037 I VrRuntimeClient: APP MODE TYPE = VR
01-06 16:14:52.425  1950  2037 I VrRuntimeClient: APP PACKAGE NAME = com.oculus.shellenv
01-06 16:14:52.425  1950  2037 I VrRuntimeClient: APP ACTIVITY CLASS = com.oculus.shellenv.ShellEnvActivity
01-06 16:14:52.425  1950  2037 I Sensor  : OSSDKTRACKING Initializing head tracking
01-06 16:14:52.425  1950  2037 I Sensor  : OSSDKTRACKING Head tracker != nullpointer 0x70cc4e97d8, 1
01-06 16:14:52.425  1950  2037 I Sensor  : OSSDKTRACKING Initializing controller tracking
01-06 16:14:52.425  1950  2037 I Sensor  : OSSDKTRACKING Controller tracker != nullpointer 0x70ccd5c380, 1
01-06 16:14:52.425  1950  2037 D BatteryReceiver: Registering battery receiver
01-06 16:14:52.427  1950  2037 D HeadsetReceiver: getCurrentHeadsetState: false
01-06 16:14:52.427  1950  2037 I DeviceStatus: nativeHeadsetEvent(0)
01-06 16:14:52.428  1950  2037 I VrRuntimeClient: SetCompositorClientFeatureFlag ClientFeatureFlag 0 
01-06 16:14:52.428  1950  2037 I LogTimer: CPUTIME: VrRuntimeClient_BeginSession took 5.4548 ms
01-06 16:14:52.429  1950  2037 I ClientInputInterface: DEADRECKONING SetControllerTrackingExtendedDeadreckoning 0
01-06 16:14:52.429  1950  2037 I ClientInputSettings: HANDTRACKING package name is com.oculus.shellenv
01-06 16:14:52.429  1950  2037 I ClientInputSettings: HANDTRACKING: Manifest Permission request for com.oculus.shellenv
01-06 16:14:52.430  1950  2037 I ClientInputSettings: HANDTRACKING:  'com.oculus.shellenv' Is hands or controller.
01-06 16:14:52.431  1950  2037 I ClientInputSettings: HANDTRACKING: feature flag set to 2
01-06 16:14:52.431  1950  2037 I ClientInputInterface: HANDTRACKING sethandmanifest 2
01-06 16:14:52.431  1950  2037 I InputHooks_Internal: Enabling Native Input Hooks
01-06 16:14:52.431  1950  2037 I InputDeviceManager: ovrInputDeviceManager::Initialize
01-06 16:14:52.432   864  1221 W TrackingService: attachClient: found client in attached list
01-06 16:14:52.432   864  1221 D TrackingService: getSharedMemory: com.oculus.shellenv#1950, HeadTracker
01-06 16:14:52.432  1950  2037 I Distortion: Initializing Mesh Decenter Correction
01-06 16:14:52.432   864  1221 W TrackingService: attachClient: found client in attached list
01-06 16:14:52.432   864  1221 D TrackingService: getSharedMemory: com.oculus.shellenv, Controller
01-06 16:14:52.433  1950 13630 I InputDevice_TrackedRemote: REMOTE: Hand=2 IndexAnalog=0.00 GripAnalog=0.00 Buttons=0x00000000
01-06 16:14:52.433  1950 13630 I InputDevice_TrackedRemote: REMOTE: Hand=1 IndexAnalog=0.00 GripAnalog=0.00 Buttons=0x00000000
01-06 16:14:52.433  1950 13630 I InputDeviceManager: HANDTRACKING Pointer filter profile changed to: 0
01-06 16:14:52.433  1950 13630 I InputDeviceManager: HANDTRACKING Pointer filter profile changed to: 0
01-06 16:14:52.433  1950 13630 I InputDeviceManager: HANDTRACKING Root pose filter profile changed for (version, freq) to (2, 1) from (1,2)
01-06 16:14:52.433   857  1025 E CalibrationProvider: loadCalibration(LDISP_SN) failed: Calibration store didn't load any info
01-06 16:14:52.433   857  1025 E CalibrationProvider: loadCalibration(RDISP_SN) failed: Calibration store didn't load any info
01-06 16:14:52.433  1950  2037 I Distortion: SetLensPositions - iad=0.063031, left offset=-0.000245333,-0.00102733, right offset=0.000124499,-0.00104481
01-06 16:14:52.433  1950  2037 I Distortion: Initializing Mesh Decenter Correction
01-06 16:14:52.434   857  1025 E CalibrationProvider: loadCalibration(LDISP_SN) failed: Calibration store didn't load any info
01-06 16:14:52.434   857  1025 E CalibrationProvider: loadCalibration(RDISP_SN) failed: Calibration store didn't load any info
01-06 16:14:52.434  1950  2037 I Distortion: SetLensPositions - iad=0.063031, left offset=-0.000245333,-0.00102733, right offset=0.000124499,-0.00104481
01-06 16:14:52.434  1950  2037 I Distortion: Created custom distortion mesh.
01-06 16:14:52.434  1950  2037 I PhaseSync: PhaseSync::PhaseSync PaddingLowerLimit 0.350000 StandardDeviations 2.000000 PaddingUpperLimit 0.750000 on instance 13
01-06 16:14:52.434  1950  2037 I VrRuntimeClient: PhaseSync Instance created
01-06 16:14:52.434  1950  2037 D VrRuntimeClient: pokeGuardianUserServiceForThisClient: com.oculus.shellenv:10014
01-06 16:14:52.435  1950  2037 D VrRuntimeClient: VrRuntimeClient: getClientWindow: activity client
01-06 16:14:52.435  2954  2954 D VrGuardianUserService: onStartCommandIntent { act=FOREGROUND_CLIENT cmp=com.oculus.guardian/com.oculus.vrguardianservice.VrGuardianUserService (has extras) }
01-06 16:14:52.435  2954  2954 D VrGuardianUserService: maybeSubscribeDeviceConfig
01-06 16:14:52.436  2954  2954 D VrGuardianUserService: onStartCommand FOREGROUND_CLIENT user = 0
01-06 16:14:52.436  1804 13269 I CompositorVR: SetSchedFifo( tid=13181, pol=2, pri=0 ) succeeded
01-06 16:14:52.436  1804  2916 I VrRuntimeService: RuntimeServiceSDKServer::EnableRendering: 0x71678fd0c0, 1, com.oculus.shellenv
01-06 16:14:52.436  1804  2916 I ClientMgr: ClientMgr::EnableRendering 1950:com.oculus.shellenv : type 0 comp-id 1: enable
01-06 16:14:52.436  1804  2916 I CompositorVR: CheckDebuggerConnected: debugger 0
01-06 16:14:52.436  1804 13269 I CompositorVR: SetSchedFifo( tid=13555, pol=2, pri=0 ) succeeded
01-06 16:14:52.436  1804  2916 I VrRuntimeServer: SysProp debug mode is disabled on Server side
01-06 16:14:52.436  1804  2916 I UnifiedTelemetryWrapper: Started UT session render:com.oculus.shellenv
01-06 16:14:52.436  1804 13269 I CompositorVR: SetSchedFifo( tid=13546, pol=2, pri=0 ) succeeded
01-06 16:14:52.443  1804  2851 I ClientMgr: Non-overlay clients rendering status has changed: prev=87, curr=88, enabled=2
01-06 16:14:52.444   730   847 D msm8974_platform: platform_split_snd_device: snd_device(22) num devices(1) new_snd_devices(0)
01-06 16:14:52.444  1804  2851 D VrRuntimeService: ForegroundAppInfo = {uid=10014 pid=1950 packageName=com.oculus.shellenv processName=com.oculus.shellenv
01-06 16:14:52.444  1804  2851 I ClientMgr: GetForegroundClientId: Found foreground uid 10014.
01-06 16:14:52.444  1804  2851 I ClientMgr: Primary client determined to be foreground client: com.oculus.shellenv.
01-06 16:14:52.444  1950  2037 I ScreenCaptureHelper: Advertising com.oculus.shellenv as streamable
01-06 16:14:52.444  1804  2851 I ClientMgr: ClientMgr::SetPrimaryCompositorClient: 1950:com.oculus.shellenv
01-06 16:14:52.444  1962  2096 I OVRMediaService: onStartCommand Received message type: set_package_name, caller package: no_app_identity, app identify: null
01-06 16:14:52.444  1950  2037 I VrApi   : OVR::Stats thread started
01-06 16:14:52.444  1950  2037 I XrRuntimeUtils: XrRuntimeUtils::BeginSession
01-06 16:14:52.444  1950  2037 I XrRuntimeSystem_Client: BeginSession
01-06 16:14:52.444  1950  2037 I OpenXR  : ------------ xrBeginSession [end] -----------
01-06 16:14:52.445  1950  2037 I Clay    : Setting CPU/GPU levels= 25/75
01-06 16:14:52.445  1950  2037 I VrRuntimeClient: Client has lost focus.
01-06 16:14:52.445   730   847 D ACDB-LOADER: ACDB -> send_audvoltable
01-06 16:14:52.445   730   847 D ACDB-LOADER: ACDB -> ACDB_CMD_GET_AUDPROC_INSTANCE_GAIN_DEP_STEP_TABLE_SIZE
01-06 16:14:52.445   730   847 D         : Failed to fetch the lookup information of the device 0000000F 
01-06 16:14:52.445   730   847 D ACDB-LOADER: Error: ACDB_CMD_GET_AUDPROC_INSTANCE_GAIN_DEP_STEP_TABLE_SIZE Returned = -19
01-06 16:14:52.445   730   847 D ACDB-LOADER: ACDB -> ACDB_CMD_GET_AUDPROC_INSTANCE_GAIN_DEP_STEP_TABLE, vol index 9
01-06 16:14:52.445   730   847 D         : Failed to fetch the lookup information of the device 0000000F 
01-06 16:14:52.445   730   847 D ACDB-LOADER: Error: ACDB AudProc vol returned = -19
01-06 16:14:52.445   730   847 D ACDB-LOADER: ACDB -> AUDIO_SET_VOL_CAL cal type = 40
01-06 16:14:52.445  1804  2851 W ClientMgr: ClientMgr::GetClientPermissionFlagsById: Client missing proper permissions: com.oculus.shellenv, 2
01-06 16:14:52.445  1804  2851 I CompositorClientMgr: Enable client 1
01-06 16:14:52.445  1804  2851 I VrRuntimeServer: EnableCompositorClient client(1): layer placement(0) flags(1) sm(0x716f3c3010)
01-06 16:14:52.445  1804  2851 I ClientMgr: SetPrimaryPackageName - packageName com.oculus.shellenv processName com.oculus.shellenv clientId 866258678 clientPid 1950
01-06 16:14:52.445  1804  2851 I ServiceInputManager: ServiceInputManager::SetPrimaryPackageName 'com.oculus.shellenv' 'com.oculus.shellenv'  updated AnytimeUI processname 0
01-06 16:14:52.445  1804  2851 I VrRuntimeService: RuntimeIPC: SendPrimaryPackageChangeEvent: PostClientEvent SUCCESS: com.YourCompany.PrototypeV4:com.YourCompany.PrototypeV4:13153, com.oculus.shellenv, com.oculus.shellenv
01-06 16:14:52.445  1804  2851 I VrRuntimeService: RuntimeIPC: SendPrimaryPackageChangeEvent: PostClientEvent SUCCESS: com.oculus.xrstreamingclient:com.oculus.xrstreamingclient:10451, com.oculus.shellenv, com.oculus.shellenv
01-06 16:14:52.445  1804  2851 W REFLECT : RuntimeIPC: ipc_PostClientEvent FAILED: PackageChangeEvent
01-06 16:14:52.445  1804  2851 W VrRuntimeService: RuntimeIPC: SendPrimaryPackageChangeEvent: PostClientEvent FAILED: com.oculus.mrservice:com.oculus.mrservice:1687, com.oculus.shellenv, com.oculus.shellenv
01-06 16:14:52.445  1804  2851 I VrRuntimeService: RuntimeIPC: SendPrimaryPackageChangeEvent: PostClientEvent SUCCESS: com.oculus.vrshell:com.oculus.vrshell:2990, com.oculus.shellenv, com.oculus.shellenv
01-06 16:14:52.445  1804  2851 I VrRuntimeService: RuntimeIPC: SendPrimaryPackageChangeEvent: PostClientEvent SUCCESS: com.oculus.guardian:com.oculus.vrguardianservice:2954, com.oculus.shellenv, com.oculus.shellenv
01-06 16:14:52.445  1804  2851 W REFLECT : RuntimeIPC: ipc_PostClientEvent FAILED: PackageChangeEvent
01-06 16:14:52.445  1804  2851 W VrRuntimeService: RuntimeIPC: SendPrimaryPackageChangeEvent: PostClientEvent FAILED: com.oculus.shellenv:com.oculus.shellenv:1950, com.oculus.shellenv, com.oculus.shellenv
01-06 16:14:52.445  1804  2851 I VrRuntimeService: RuntimeIPC: SendPrimaryPackageChangeEvent: PostClientEvent SUCCESS: com.oculus.vrshell:com.oculus.vrshell:Overlay:2150, com.oculus.shellenv, com.oculus.shellenv
01-06 16:14:52.445  1804  2851 D VrRuntimeService: sendPrimaryPackageChangeBroadcast
01-06 16:14:52.445  1950 13636 I FenceChecker: FenceChecker::MainLoop - started
01-06 16:14:52.448  1804  2851 I AADT    : SetAADTLutDataX: 0
01-06 16:14:52.448  1804  2851 I AADT    : SetAADTLutDataY: 0
01-06 16:14:52.448  1804  2851 I ServiceInputManager: DEADRECKONING deadReckoning mode on ClientMgr from server is 0
01-06 16:14:52.448  1804  2851 I CompositorClientMgr: Enable client 0
01-06 16:14:52.448  1804  2851 I VrRuntimeServer: EnableCompositorClient client(0): layer placement(2147483643) flags(8) sm(0x7113bc5160)
01-06 16:14:52.448  1962  2096 I OVRMediaService: Got package name intent (com.oculus.shellenv)
01-06 16:14:52.449  1950 13633 D VrApi   : targetSDKVersion 29
01-06 16:14:52.449  1950  2037 I OpenXR  : PostSessionStateChange: XR_SESSION_STATE_READY -> XR_SESSION_STATE_SYNCHRONIZED
01-06 16:14:52.449  1804 13269 I CompositorVR: LatchWarpClients: Multiple Primary Clients detected. Skipping frames for 21
01-06 16:14:52.450 10451 10539 D xrstreaming: receive pong: org 9075044774659 recv 13490255324300 xmt 13490257720400 (received at 9075048145180), offset divergence -9575
01-06 16:14:52.450 10451 10539 D xrstreaming: new clock offset=4415210119254 (rtt: 854087, dispersion: 3178358, jitter: 11213586)
01-06 16:14:52.450  1804 13269 I CompositorVR: SetSchedFifo( tid=2037, pol=3, pri=0 ) succeeded
01-06 16:14:52.450  1804 13269 I CompositorVR: SetSchedFifo( tid=13636, pol=3, pri=0 ) succeeded
01-06 16:14:52.450  1804 13269 I AADT    : SetAADTLutDataX. Thread. SizeX: 0
01-06 16:14:52.450  1804 13269 I AADT    : SetAADTLutDataY. Thread. SizeY: 0
01-06 16:14:52.454  2954  3062 I GuardianSystem: runtimeServiceSDKClient_.ForceShowGuardianEvent
01-06 16:14:52.454  2954  3062 I GuardianSystem: ForceShowGuardian: false, 0.00
01-06 16:14:52.454  2954  3062 I GuardianSystem: runtimeServiceSDKClient_.PackageChangeEvent: package=[com.oculus.shellenv], process=[com.oculus.shellenv]
01-06 16:14:52.454  2954  3062 I GuardianSystem: SetCurrentProcessName: com.oculus.shellenv, previous ProcessName: com.YourCompany.PrototypeV4
01-06 16:14:52.457  1804  2851 I Vsync   : Adjusting vsync display refresh rate 72.000000 -> 90.000000
01-06 16:14:52.457   864  1221 W TrackingService: attachClient: found client in attached list
01-06 16:14:52.458  1962  2096 I OVRMediaServiceManager: Sending onAppStart (com.oculus.shellenv) to SocialPlatform (com.oculus.socialplatform)
01-06 16:14:52.459  1804 13269 I CompositorVR: WarpToScreen: Skipping frames for 21
01-06 16:14:52.460  2954  2954 D VrGuardianService: setCurrentUser() called with: userId = [0]
01-06 16:14:52.460  2954  2954 I VrGuardianService: nativeSetCurrentUser userid = 0
01-06 16:14:52.460  2954  2954 I GuardianSystem: GuardianSystem::SetCurrentUser: 0 
01-06 16:14:52.462  1950  2037 I Clay    : xrPollEvent: SESSION_STATE_CHANGED: SYNCHRONIZED
01-06 16:14:52.462  1687  3939 I [CT]    : MIXEDREALITY: MrServiceController: VrFocusManager::Top Activity Changed, topActivity now is: 'com.YourCompany.PrototypeV4', immersiveApp now is: 'com.YourCompany.PrototypeV4'.
01-06 16:14:52.462 10451 10569 E OsSdk   : error getting shared memory region, memory type: HeadTracker, failed with Status(-1, EX_SECURITY): 'requested shared memory region when not registered/focused'
01-06 16:14:52.463  1687  3207 I [CT]    : MIXEDREALITY: MrServiceView: renderIteration: Nothing to render, hibernating the rendering thread since ID is off and no active PT layers.
01-06 16:14:52.463  1687  3207 I [CT]    : MIXEDREALITY: MrServiceModel: Hibernating caller (most likely rendering thread) due to commandQueue being empty.
01-06 16:14:52.463  1052  9897 W AppOps  : Noting op not finished: uid 10020 pkg com.oculus.vrshell code 24 time=1673021692285 duration=-1
01-06 16:14:52.464  1804  1804 D VrRuntimeService: onForegroundActivitiesChanged: pid=2990, uid=10020, hasForegroundActivities=false
01-06 16:14:52.464  1052  9897 E WindowManager: App trying to use insecure INPUT_FEATURE_NO_INPUT_CHANNEL flag. Ignoring
01-06 16:14:52.471  1804  1804 I ClientMgr: FocusedWindowChanged: falling back to client with same uid: 10020, and pid: 2990
01-06 16:14:52.471  1950 13633 I JniUtils: ovr_GetCurrentPackageSignature 
01-06 16:14:52.473  1950 13633 I Metrics : device name = Oculus Quest 2
01-06 16:14:52.473  1804 13269 I CompositorVR: WarpToScreen: Skipping frames for 21
01-06 16:14:52.476  3392  3392 D MetaCam (MediaCapabilityChecker): checkMediaHasRecordingCapabilities packageName: com.oculus.vrshell
01-06 16:14:52.476  3392  3392 D MetaCam (MediaCapabilityChecker): checkMediaHasRecordingCapabilities packageName: com.oculus.vrshell
01-06 16:14:52.485  1962  2399 I OVRMediaServiceManager: Sending onAppStart (com.oculus.shellenv) to SocialPlatform (com.oculus.socialplatform)
01-06 16:14:52.487  1804 13269 I CompositorVR: WarpToScreen: Skipping frames for 21
01-06 16:14:52.498   864  8442 W TrackingService: attachClient: found client in attached list
01-06 16:14:52.499   864  8442 D TrackingService: getSharedMemory: com.oculus.vrshell#2990, HeadTracker
01-06 16:14:52.499   864  8442 W TrackingService: attachClient: found client in attached list
01-06 16:14:52.500   864  8442 D TrackingService: getSharedMemory: com.oculus.vrshell, Controller
01-06 16:14:52.500  1804 13269 I CompositorVR: WarpToScreen: Skipping frames for 21
01-06 16:14:52.501  2990 13640 I chatty  : uid=10020(com.oculus.vrshell) OVRInput expire 5 lines
01-06 16:14:52.501   857  1025 E CalibrationProvider: loadCalibration(LDISP_SN) failed: Calibration store didn't load any info
01-06 16:14:52.502   857  1025 E CalibrationProvider: loadCalibration(RDISP_SN) failed: Calibration store didn't load any info
01-06 16:14:52.503   857  1025 E CalibrationProvider: loadCalibration(LDISP_SN) failed: Calibration store didn't load any info
01-06 16:14:52.504   857  5286 E CalibrationProvider: loadCalibration(RDISP_SN) failed: Calibration store didn't load any info
01-06 16:14:52.505  1804  3121 I VrRuntimeService: RuntimeServiceSDKServer::EnableRendering: 0x0, 0, com.oculus.vrshell
01-06 16:14:52.506   864  8442 W TrackingService: attachClient: found client in attached list
01-06 16:14:52.509 10451 10569 E OsSdk   : error getting shared memory region, memory type: HeadTracker, failed with Status(-1, EX_SECURITY): 'requested shared memory region when not registered/focused'
01-06 16:14:52.512 10451 10569 E OsSdk   : error getting shared memory region, memory type: AnchorTracker, failed with Status(-1, EX_SECURITY): 'requested shared memory region when not registered/focused'
01-06 16:14:52.514  1962  2562 I OVRMediaService: onStartCommand Received message type: overlay_input_focus_change, caller package: com.oculus.vrshell, app identify: AppIdentity{uid=10020, packageNames=[com.oculus.vrshell], sha1=MxZgtt071YLz39PLrkVGckZooCE, sha2=3C-DTjwZQjeLFPB2yCzRq1nqZWa_9HMLIEfpjvyfna8, version=null, domain=null}
01-06 16:14:52.514  1804 13269 I CompositorVR: WarpToScreen: Skipping frames for 21
01-06 16:14:52.516  1962  2541 W OVRLibrary: null cursor received for query content://com.oculus.ocms.library/apps/com.oculus.vrshell
01-06 16:14:52.517   874  2921 D VrApiService: refresh-rate changed to 90Hz
01-06 16:14:52.517  1804  2851 I VrRuntimeServer: DisableCompositorClient: 0
01-06 16:14:52.517  1804  2851 I CompositorClientMgr: Disable client 0
01-06 16:14:52.517  1804  2851 I CompositorClientMgr: DisableClient: frame flush required: 1
01-06 16:14:52.517  1804  1804 I ClientMgr: FocusedClient changed.
01-06 16:14:52.517  1804  1804 I ClientMgr: ClientMgr::SetFocusedClient: 2990:com.oculus.vrshell type 1
01-06 16:14:52.517  1804  1804 I ClientMgr: SetFocusedPackageName - packageName com.oculus.vrshell processName com.oculus.vrshell clientId 2736345305 clientPid 2990
01-06 16:14:52.517  1804  1804 I VrRuntimeService: RuntimeIPC: SendFocusChangeEventToAllClients: PostClientEvent SUCCESS: com.YourCompany.PrototypeV4:com.YourCompany.PrototypeV4:13153, com.oculus.vrshell, com.oculus.vrshell
01-06 16:14:52.517  1804  1804 I VrRuntimeService: RuntimeIPC: SendFocusChangeEventToAllClients: PostClientEvent SUCCESS: com.oculus.xrstreamingclient:com.oculus.xrstreamingclient:10451, com.oculus.vrshell, com.oculus.vrshell
01-06 16:14:52.517  1804  1804 W REFLECT : RuntimeIPC: ipc_PostClientEvent FAILED: FocusChangeEvent
01-06 16:14:52.517  1804  1804 W VrRuntimeService: RuntimeIPC: SendFocusChangeEventToAllClients: PostClientEvent FAILED: com.oculus.mrservice:com.oculus.mrservice:1687, com.oculus.vrshell, com.oculus.vrshell
01-06 16:14:52.517  1804  1804 I VrRuntimeService: RuntimeIPC: SendFocusChangeEventToAllClients: PostClientEvent SUCCESS: com.oculus.vrshell:com.oculus.vrshell:2990, com.oculus.vrshell, com.oculus.vrshell
01-06 16:14:52.517  1804  1804 I VrRuntimeService: RuntimeIPC: SendFocusChangeEventToAllClients: PostClientEvent SUCCESS: com.oculus.guardian:com.oculus.vrguardianservice:2954, com.oculus.vrshell, com.oculus.vrshell
01-06 16:14:52.517  1804  1804 W REFLECT : RuntimeIPC: ipc_PostClientEvent FAILED: FocusChangeEvent
01-06 16:14:52.517  1804  1804 W VrRuntimeService: RuntimeIPC: SendFocusChangeEventToAllClients: PostClientEvent FAILED: com.oculus.shellenv:com.oculus.shellenv:1950, com.oculus.vrshell, com.oculus.vrshell
01-06 16:14:52.517  1804  1804 I VrRuntimeService: RuntimeIPC: SendFocusChangeEventToAllClients: PostClientEvent SUCCESS: com.oculus.vrshell:com.oculus.vrshell:Overlay:2150, com.oculus.vrshell, com.oculus.vrshell
01-06 16:14:52.517  1804  3121 I ClientMgr: EnableRendering2: invalid clientWindow, testing uid/pid
01-06 16:14:52.517  1804  3121 I ClientMgr: EnableRendering2: matched uid: 10020 and pid: 2990 
01-06 16:14:52.517  1804  3121 I ClientMgr: EnableRendering2: Calling SetFocusedClient: 2736345305
01-06 16:14:52.517  1804  3121 I ClientMgr: ClientMgr::SetFocusedClient: 2990:com.oculus.vrshell type 1
01-06 16:14:52.517  1804  3121 I ClientMgr: SetFocusedPackageName - packageName com.oculus.vrshell processName com.oculus.vrshell clientId 2736345305 clientPid 2990
01-06 16:14:52.518  1804  3121 I ClientMgr: ClientMgr::EnableRendering 2990:com.oculus.vrshell : type 1 comp-id 5: enable
01-06 16:14:52.518  1804  3121 I CompositorClientMgr: Enable client 5
01-06 16:14:52.518  1804  3121 I VrRuntimeServer: EnableCompositorClient client(5): layer placement(2147483647) flags(0) sm(0x7163e7d010)
01-06 16:14:52.518  1804  3121 I CompositorVR: CheckDebuggerConnected: debugger 0
01-06 16:14:52.518  1804  3121 I VrRuntimeServer: SysProp debug mode is disabled on Server side
01-06 16:14:52.518  1804  3121 I UnifiedTelemetryWrapper: Started UT session render:com.oculus.vrshell
01-06 16:14:52.519  1804 13269 I CompositorVR: LatchWarpClients: Multiple Primary Clients detected. Skipping frames for 21
01-06 16:14:52.519  1687  3610 I [CT]    : MIXEDREALITY: MrFeatureStatus: Client status changed from Paused to Started.
01-06 16:14:52.519  1687  3610 I [CT]    : MIXEDREALITY: MrFeatureStatus: Target status Started, CurrentStatus: Started
01-06 16:14:52.520  1687  3207 I [CT]    : MIXEDREALITY: MrServiceView: renderIteration: Nothing to render, hibernating the rendering thread since ID is off and no active PT layers.
01-06 16:14:52.520  1687  3207 I [CT]    : MIXEDREALITY: MrServiceModel: Hibernating caller (most likely rendering thread) due to commandQueue being empty.
01-06 16:14:52.523   775  3278 I SDM     : HWCDisplayBuiltIn::Validate: Validate +++ enable cac = 0
01-06 16:14:52.527  1621  1621 D OculusNotificationListenerService: Notification posted: 0|android|0|com.android.server.wm.AlertWindowNotification - com.oculus.vrshell|1000
01-06 16:14:52.528  1804 13269 I CompositorVR: WarpToScreen: Skipping frames for 21
01-06 16:14:52.529   730  6012 I audio_hw_primary: getting vr mode to 0
01-06 16:14:52.529   751  1600 I AudioPolicyManagerCustom: VR mode is 0, switch to primary output if request is for fast|raw
01-06 16:14:52.530  1962  2562 I OVRMediaService: Received OVERLAY_INPUT_FOCUS_CHANGE. is focused: true
01-06 16:14:52.531   751  1600 W AudioFlinger: createTrack_l(): mismatch between requested flags (00000104) and output flags (00000006)
01-06 16:14:52.531   751  1600 D AudioFlinger: Client defaulted notificationFrames to 192 for frameCount 384
01-06 16:14:52.539  2990 13643 I chatty  : uid=10020(com.oculus.vrshell) OVR::Stats expire 3 lines
01-06 16:14:52.539   751  1600 D AF::TrackHandle: OpPlayAudio: track:156 uid:10020 pkg:com.oculus.vrshell usage:1 not muted
01-06 16:14:52.542  1804 13269 I CompositorVR: WarpToScreen: Skipping frames for 21
01-06 16:14:52.547  1281  1281 V AvrcpMediaPlayerList: onPlaybackConfigChanged(): Configs list size=9
01-06 16:14:52.548  1804 13269 I Vsync   : Vsync 1307:  1 x 11.14 ms (71.83 Hz, at 9075.146)
01-06 16:14:52.552  1804  2863 I VrRuntimeService: DestroySwapChain: swapchain=401
01-06 16:14:52.552  1804  2734 I SwapChain: DestroyAndroidSurfaceSwapChain: 0x70e7888000: Destroying SurfaceTexture 0x2e66 Surface 0x2e76
01-06 16:14:52.552  1804  2863 I VrRuntimeServer: DestroyTextureSwapChain: result destroyswapchain 1
01-06 16:14:52.553  1804 13269 I CompositorVR: WarpToScreen: Skipping frames for 21
01-06 16:14:52.554  1804  2863 I VrRuntimeService: DestroySwapChain: swapchain=400
01-06 16:14:52.554  1804  2734 I SwapChain: DestroyAndroidSurfaceSwapChain: 0x710b48f000: Destroying SurfaceTexture 0x2e26 Surface 0x2e36
01-06 16:14:52.554  1804  2863 I VrRuntimeServer: DestroyTextureSwapChain: result destroyswapchain 1
01-06 16:14:52.556  1662  7178 I RPCServer: HandleClientDisconnect: Client: com.oculus.vrshell:com.oculus.vrshell:Overlay:2150, Server: com.oculus.os.dialoghost:com.oculus.os.dialoghost (DialogHostService)
01-06 16:14:52.558  2150  2891 I chatty  : uid=10020(com.oculus.vrshell) ShellOverlayVR expire 10 lines
01-06 16:14:52.559 10451 10569 E OsSdk   : error getting shared memory region, memory type: HeadTracker, failed with Status(-1, EX_SECURITY): 'requested shared memory region when not registered/focused'
01-06 16:14:52.559  1804 13269 I SwapChain: DestroyAndroidSurfaceSwapChain: 0x710b535000: Destroying SurfaceTexture 0x2d62 Surface 0x2cba
01-06 16:14:52.563  1804 13269 I CompositorVR: WarpToScreen: Skipping frames for 21
01-06 16:14:52.563   730  6012 D msm8974_platform: platform_split_snd_device: snd_device(22) num devices(1) new_snd_devices(0)
01-06 16:14:52.563   730  6012 D ACDB-LOADER: ACDB -> send_audvoltable
01-06 16:14:52.563   730  6012 D ACDB-LOADER: ACDB -> ACDB_CMD_GET_AUDPROC_INSTANCE_GAIN_DEP_STEP_TABLE_SIZE
01-06 16:14:52.563   730  6012 D         : Failed to fetch the lookup information of the device 0000000F 
01-06 16:14:52.563  1950  2037 I Clay    : xrPollEvent: DISPLAY_REFRESH_RATE_CHANGED_FB: 72.000000 -> 90.000000
01-06 16:14:52.563   730  6012 D ACDB-LOADER: Error: ACDB_CMD_GET_AUDPROC_INSTANCE_GAIN_DEP_STEP_TABLE_SIZE Returned = -19
01-06 16:14:52.563   730  6012 D ACDB-LOADER: ACDB -> ACDB_CMD_GET_AUDPROC_INSTANCE_GAIN_DEP_STEP_TABLE, vol index 10
01-06 16:14:52.563   730  6012 D         : Failed to fetch the lookup information of the device 0000000F 
01-06 16:14:52.563   730  6012 D ACDB-LOADER: Error: ACDB AudProc vol returned = -19
01-06 16:14:52.563   730  6012 D ACDB-LOADER: ACDB -> AUDIO_SET_VOL_CAL cal type = 40
01-06 16:14:52.564  1804  2863 I VrRuntimeService: DestroySwapChain: swapchain=402
01-06 16:14:52.565  2150  2891 I OpenXR  : ------------ RequestExitSession [end] -----------
01-06 16:14:52.565  2150  2891 I OpenXR  : PostSessionStateChange: XR_SESSION_STATE_VISIBLE -> XR_SESSION_STATE_SYNCHRONIZED
01-06 16:14:52.565  2150  2891 I [OAO] VrPlatformOpenXr: xrPollEvent: received XR_TYPE_EVENT_DATA_DISPLAY_REFRESH_RATE_CHANGED_FB event: fromRate 72.000000 -> toRate 90.000000
01-06 16:14:52.565  2150  2891 I OpenXR  : PostSessionStateChange: XR_SESSION_STATE_SYNCHRONIZED -> XR_SESSION_STATE_STOPPING
01-06 16:14:52.565  2150  2891 I [OAO] VrPlatformOpenXr: xrPollEvent: received XR_TYPE_EVENT_DATA_SESSION_STATE_CHANGED: 3 for session 0x2 at time 9075.163849
01-06 16:14:52.565  2150  2891 I [OAO] VrPlatformOpenXr: Session state changed XR_SESSION_STATE_SYNCHRONIZED
01-06 16:14:52.565  2150  2891 I [OAO] VrPlatformOpenXr: xrPollEvent: received XR_TYPE_EVENT_DATA_SESSION_STATE_CHANGED: 6 for session 0x2 at time 9075.163903
01-06 16:14:52.566  2150  2891 I [OAO] VrPlatformOpenXr: Session state changed XR_SESSION_STATE_STOPPING
01-06 16:14:52.566  2150  2891 I [OAO] VrPlatformOpenXr: EndSession state XR_SESSION_STATE_STOPPING    focused:0
01-06 16:14:52.566  2150  2891 I [OAO] VrPlatformOpenXr: EndSession calling MrServiceClient EndSession
01-06 16:14:52.566  1687  3215 I [CT]    : MIXEDREALITY: MrFeatureStatus: Client status changed from Started to Paused.
01-06 16:14:52.566  1687  3215 I [CT]    : MIXEDREALITY: MrFeatureStatus: Target status Started, CurrentStatus: Started
01-06 16:14:52.566  1687  3207 I [CT]    : MIXEDREALITY: OpenXrSupport: renderIteration: Display refresh rate changed, new value: 90.
01-06 16:14:52.566  1687  3207 I [CT]    : MIXEDREALITY: MrRuntimeImpl: onDisplayRefreshRateChanged: Display rate changed from 72 to 90.
01-06 16:14:52.566  1687  3207 I [CT]    : MIXEDREALITY: MrRuntimeImpl: Force telemetry to be sent now.
01-06 16:14:52.566  1687  3207 I [CT]    : MIXEDREALITY: MrRuntimeImpl: Reset telemetry such to start collecting data using the new refresh rate.
01-06 16:14:52.566  1687  3207 I [CT]    : MIXEDREALITY: MrRuntimeImpl: setSessionInitTime: Capability 0: timer set to 9075.164940284 ns, duration reset after 885.187803413 s.
01-06 16:14:52.566  1687  3207 I [CT]    : MIXEDREALITY: MrRuntimeImpl: setSessionInitTime: Capability 2: timer set to 9075.164961013 ns, duration reset after 885.187805704 s.
01-06 16:14:52.569  1052  1073 I MediaFocusControl: requestAudioFocus() from uid/pid 10020/2990 clientId=android.media.AudioManager@34f9fd2com.oculus.vrshell.ShellAudioFocusHandler@a0538a3 callingPack=com.oculus.vrshell req=1 flags=0x0 sdk=29
01-06 16:14:52.571  1687  3207 I [CT]    : MIXEDREALITY: MrServiceView: renderIteration: Nothing to render, hibernating the rendering thread since ID is off and no active PT layers.
01-06 16:14:52.571  1687  3207 I [CT]    : MIXEDREALITY: MrServiceModel: Hibernating caller (most likely rendering thread) due to commandQueue being empty.
01-06 16:14:52.571  2990  3126 I [SEO] AudioSystem: Got audio focus : 1
01-06 16:14:52.572  2150  2891 I [OAO] VrPlatformOpenXr: EndSession MrServiceClient EndSession passed
01-06 16:14:52.572  2150  2891 I [OAO] VrPlatformOpenXr: EndSession calling xrEndSession
01-06 16:14:52.572  2150  2891 I OpenXR  : ------------ xrEndSession [start] -----------
01-06 16:14:52.572  2150  2891 I XrRuntimeUtils: XrRuntimeUtils::EndSession
01-06 16:14:52.574  1804 13269 I CompositorVR: WarpToScreen: Skipping frames for 21
01-06 16:14:52.574  2990  3126 I [SEO] EnvironmentManagerUtilities: Skipping entitlement check for sideloaded environment apk://com.environment.matrixloadingvoid/assets/scene.zip.
01-06 16:14:52.574  2990  3126 I [SEO] LocalSpace: ResetNextFrame
01-06 16:14:52.574  2990  3126 I [SEO] SystemAssistant: OnModeChanged from ImmersiveAppFocused to FullShell
01-06 16:14:52.575 10451 10557 V xrstreaming: batteryPercent = 100
01-06 16:14:52.575  2990  3126 I [SEO] LocalSpace: EnterVrMode: Setting local pose state.
01-06 16:14:52.575  2990  3126 I ipcLoader_static: RuntimeIPC: Loader: IPC Service API Loader Version: 33 Nov 25 2022 14:15:55
01-06 16:14:52.575  2990  3126 I RuntimeIPCApi: ipc_Initialize
01-06 16:14:52.575  2990  3126 I RuntimeIPCServiceClient: Init: Already initialized: com.oculus.vrshell, 17
01-06 16:14:52.576  1662  7178 D RPCServer: RegisterClient: Client: com.oculus.vrshell:com.oculus.vrshell:2990, Server: com.oculus.os.dialoghost:com.oculus.os.dialoghost (DialogHostService)
01-06 16:14:52.576  1662  7178 I IPCSharedMemory: CreateSharedMemory: Allocated shared memory fd 40 (ipcStateReadWrite)
01-06 16:14:52.576  1662  7178 I IPCSharedMemory: CreateSharedMemory: Allocated shared memory fd 41 (ipcReadOnlyState)
01-06 16:14:52.576  1662  7178 I RPCClientHandler: Event buffer size (server): 8192
01-06 16:14:52.577  1662  7178 I IPCSharedMemory: CreateSharedMemory: Allocated shared memory fd 43 (ipcEventBuffer)
01-06 16:14:52.577  1662  7178 I IPCSharedMemory: CreateSharedMemory: Allocated shared memory fd 45 (ipcEventBuffer_Private)
01-06 16:14:52.577  2150  2891 D VrApi   : targetSDKVersion 29
01-06 16:14:52.580  1662  7178 I RuntimeIPCServerMgr: HandleClientConnect SUCCESS: Client: com.oculus.vrshell:com.oculus.vrshell:2990, Server: com.oculus.os.dialoghost:com.oculus.os.dialoghost (DialogHostService)
01-06 16:14:52.581  2150  2891 I VrRuntimeClient: DEVICE MODEL NUMBER = Quest 2
01-06 16:14:52.581  2150  2891 I VrRuntimeClient: DEVICE BUILD NAME = user-49068160412800150
01-06 16:14:52.581  1662  7178 I RPCServer: GetServerStatesConfig -> {MaxBufferSize=32768, MaxEntries=64}
01-06 16:14:52.581  2150  2891 I VrRuntimeClient: DEVICE BUILD TYPE = user
01-06 16:14:52.581  2150  2891 I VrRuntimeClient: DEVICE OS VERSION = 10
01-06 16:14:52.581  2150  2891 I VrRuntimeClient: API LOADER VERSION = 1.0.22
01-06 16:14:52.581  2150  2891 I VrRuntimeClient: RUNTIME API VERSION = 1.0.25
01-06 16:14:52.581  2150  2891 I VrRuntimeClient: RUNTIME VERSION = 47.0.0.282.341 Nov 25 2022 14:16:37 RELEASE
01-06 16:14:52.581  2150  2891 I VrRuntimeClient: APP NAME = Oculus App Runtime
01-06 16:14:52.581  2150  2891 I VrRuntimeClient: APP VERSION = 47.0.0.282.341 versionCode 428237138 internalVersionName 47.0.0.282.341.8e28c4f8052b 2022_12_12_06_16
01-06 16:14:52.581  2150  2891 I VrRuntimeClient: APP VR TYPE = vr_only
01-06 16:14:52.581  2150  2891 I VrRuntimeClient: APP MODE TYPE = VR
01-06 16:14:52.581  2150  2891 I VrRuntimeClient: APP PACKAGE NAME = com.oculus.vrshell
01-06 16:14:52.581  2990  3126 I RuntimeIPCClient: GetServerStatesConfig returned maxEntries=64, maxBuffSize=32768
01-06 16:14:52.581  2150  2891 I VrRuntimeClient: APP ACTIVITY CLASS = com.oculus.vrshell.ShellOverlayService
01-06 16:14:52.581  2990  3126 I RuntimeIPCClient: Event buffer size (client): 8192
01-06 16:14:52.581  2990  3126 I RuntimeIPCClient: TryToGetIPCResourcesFromServer: RPC_CONNECTOR_CONNECT_TO_SERVER SUCCESS: Client: com.oculus.vrshell:com.oculus.vrshell:2990, Server: com.oculus.os.dialoghost:com.oculus.os.dialoghost (DialogHostService)
01-06 16:14:52.581  2990  3126 I RuntimeIPCClient: EnsureServerConnection: SUCCESS. Client: com.oculus.vrshell:com.oculus.vrshell:2990, Server: com.oculus.os.dialoghost:com.oculus.os.dialoghost (DialogHostService)
01-06 16:14:52.581  2990  3126 I RuntimeIPCClientMgr: ConnectToServer: SUCCESS: Client: com.oculus.vrshell:com.oculus.vrshell:2990, Server: com.oculus.os.dialoghost:com.oculus.os.dialoghost (DialogHostService)
01-06 16:14:52.582  2150  2891 D BatteryReceiver: Unregistering battery receiver
01-06 16:14:52.583  1052  1088 E system_server: Dex checksum does not match for dex: /system/priv-app/ShellEnv/ShellEnv.apk.Expected: 1576427906, actual: 3617447080
01-06 16:14:52.585  2150  2150 D VrNotificationAnalytics: logNotificationPosted: key(0|android|0|com.android.server.wm.AlertWindowNotification - com.oculus.vrshell|1000), type(third_party), isToast(false)
01-06 16:14:52.585  2150  2891 I Sensor  : OSSDKTRACKING Shutdown tracking
01-06 16:14:52.585  2150  2891 I LogTimer: CPUTIME: VrRuntimeClient_EndSession took 12.1817 ms
01-06 16:14:52.585  1804 13269 I CompositorVR: WarpToScreen: Skipping frames for 21
01-06 16:14:52.591  2150  2150 I [OAO] VrNotificationListenerService: onNotificationPosted() - key = 0|android|0|com.android.server.wm.AlertWindowNotification - com.oculus.vrshell|1000, type = third_party, isToast = false, isBlocked with reason = true Blocked by does not contain all markers for a toast notification
01-06 16:14:52.591  2150  2150 D [OAO] BaseOverlayService: detachServiceWindowView
01-06 16:14:52.594  2150  2891 I VrApi   : OVR::Stats thread stopped
01-06 16:14:52.594  2150  2891 I InputDeviceManager: ovrInputDeviceManager::~ovrInputDeviceManager
01-06 16:14:52.594  2150  2891 I InputDevice_TrackedRemote: OSSDKTRACKING shutting down Haptics
01-06 16:14:52.595  2150  2891 I InputDevice_TrackedRemote: OSSDKTRACKING shutting down Haptics
01-06 16:14:52.595  2150  2891 I OSHandDataQuerier: OSSDKTRACKING shutting down HandsTracker
01-06 16:14:52.595  2150  2891 I OSHandDataQuerier: OSSDKTRACKING shutting down HandsTracker
01-06 16:14:52.596  1804 13269 I CompositorVR: WarpToScreen: Skipping frames for 21
01-06 16:14:52.597  1621  1621 D OculusNotificationListenerService: Notification removed: 0|android|0|com.android.server.wm.AlertWindowNotification - com.oculus.vrshell|1000
01-06 16:14:52.604  2150 13595 I ClientInputThread_Internal: InputThreadRun ShutdownRequest received
01-06 16:14:52.604 10451 10569 E OsSdk   : error getting shared memory region, memory type: HeadTracker, failed with Status(-1, EX_SECURITY): 'requested shared memory region when not registered/focused'
01-06 16:14:52.605  2150  2891 D InputHooksJava: Disabling Java Input Hooks
01-06 16:14:52.605  2150  2891 I ClientInputTrackedKeyboardManager: TRACKEDKEYBOARD ClearTrackedObjectManager called on client
01-06 16:14:52.605  2150  2891 I RuntimeIPCClientMgr: RuntimeIPCClientMgr::DisconnectFromServer: Remaining refs: 3, Client: com.oculus.vrshell:com.oculus.vrshell:Overlay:2150, Server: com.oculus.vrshell:com.oculus.vrshell:Overlay (ptkserviceserver)
01-06 16:14:52.605  2150  2891 I RuntimeIPCApi: ipc_Shutdown
01-06 16:14:52.605  2150  2891 I RuntimeIPCServiceClient: Shutdown: Refs still outstanding: 17, com.oculus.vrshell:Overlay
01-06 16:14:52.606  1804  2863 I VrRuntimeService: RuntimeServiceSDKServer::EnableRendering: 0x0, 0, com.oculus.vrshell:Overlay
