01-04 18:11:04.237  1247  6806 I CompositorVR: WarpToScreen: Skipping frames for 8
01-04 18:11:04.248  1247  6806 I CompositorVR: WarpToScreen: Skipping frames for 8
01-04 18:11:04.251  3456  7316 I chatty  : uid=10026(com.oculus.systemux) pool-17-thread- expire 3 lines
01-04 18:11:04.258  2686  2971 I [SEO] PanelAppHost: Setting panel layer visibility of layer "#main" to invisible, panel 11 (com.oculus.systemux/com.oculus.panelapp.library.LibraryPanelService)
01-04 18:11:04.258  2686  2971 I [SEO] PanelAppHost: Resize layer #main to size 1000 x 625 shape: 1 stereo: 0, panel 11 (com.oculus.systemux/com.oculus.panelapp.library.LibraryPanelService)
01-04 18:11:04.258  2686  2971 I [SEO] PanelRenderLayer: ResetSurface #main 1000 x 625 - shape:1 stereo:0
01-04 18:11:04.258  1247  2663 I VrRuntimeService: UpdateAndroidSurfaceSwapChainDimensions: 190: 1000x625
01-04 18:11:04.258  1946  3562 I VrRuntimeClient: SetTextureSwapChainSamplerState: No change in sampler state.
01-04 18:11:04.259  2686  2971 I [SEO] PanelRenderLayer: ResetSurface #main 0 x 0 - shape:0 stereo:0
01-04 18:11:04.259  1247  6806 I CompositorVR: WarpToScreen: Skipping frames for 8
01-04 18:11:04.268  1921  3878 W ProfileContentProvider: [doQuery] uri: content://com.oculus.horizon/profile
01-04 18:11:04.268  1921  3878 W ProfileContentProvider: [doQuery] appId: null, callingPackage: com.oculus.systemux
01-04 18:11:04.270  1247  6806 I CompositorVR: WarpToScreen: Skipping frames for 8
01-04 18:11:04.271  1921  3878 W ProfileContentProvider: [doQuery] isLoggedIn: true, isFirstPartyOrSystem: true
01-04 18:11:04.271  1921  3878 W ProfileContentProvider: [doQuery] app: null
01-04 18:11:04.273  1921  3878 W ProfileContentProvider: [doQuery] accessFeatureKeys: all features
01-04 18:11:04.274  1921  3878 W ProfileContentProvider: [doQuery] callingAppHasSystemPlatformSDKPermission: false
01-04 18:11:04.275  1921  3878 W ProfileContentProvider: [doQuery] verifyProductionFirstPartyApplication: true
01-04 18:11:04.276  1921  3878 W ProfileContentProvider: [doQuery] verifyDebugFirstPartyApplication: false
01-04 18:11:04.277  1921  3878 W ProfileContentProvider: [doQuery] isTrustedUser: false, verifyDebugFirstPartyApplication w/ isTrustedUser: false
01-04 18:11:04.277  1921  3878 W ProfileContentProvider: [doQuery] isDebugOS: false
01-04 18:11:04.277  1921  3878 W ProfileContentProvider: [doQuery] accessFeatureKeys contains USER_ID
01-04 18:11:04.277  1921  3878 W ProfileContentProvider: [doQuery] sWhitelistedAppPackageNameToId has com.oculus.systemux: true
01-04 18:11:04.278  1921  3878 W ProfileContentProvider: [doQuery] userId lookup succeeded: true
01-04 18:11:04.278  3456  7366 I chatty  : uid=10026(com.oculus.systemux) pool-19-thread- expire 1 line
01-04 18:11:04.278  1921  7410 I AuthLogger: Action succeeded: com.oculus.auth.ACTION_STATUS, callingPackage: com.oculus.systemux, accountType: null, tokenType: null, extras: {is_relogin=false}, duration: 0ms
01-04 18:11:04.281  1247  6806 I CompositorVR: WarpToScreen: Skipping frames for 8
01-04 18:11:04.284  1921  3878 W ProfileContentProvider: [doQuery] normal return
01-04 18:11:04.288  3456  3456 I chatty  : uid=10026 com.oculus.systemux:SystemUX expire 12 lines
01-04 18:11:04.289  1040  1065 I DisplayManagerService: Display device changed state: "com.oculus.android_panel_app.AndroidPanelLayer-#main", ON
01-04 18:11:04.293  1247  6806 I CompositorVR: WarpToScreen: Skipping frames for 8
01-04 18:11:04.293  1040  2417 E WindowManager: App trying to use insecure INPUT_FEATURE_NO_INPUT_CHANNEL flag. Ignoring
01-04 18:11:04.296  1040  4996 I DisplayManagerService: Display device added: DisplayDeviceInfo{"com.oculus.android_panel_app.AndroidPanelLayer-controlbar4": uniqueId="virtual:com.oculus.systemux,10026,com.oculus.android_panel_app.AndroidPanelLayer-controlbar4,0", 1250 x 50, modeId 93, defaultModeId 93, supportedModes [{id=93, width=1250, height=50, fps=60.0}], colorMode 0, supportedColorModes [0], HdrCapabilities null, density 200, 200.0 x 200.0 dpi, appVsyncOff 0, presDeadline 16666666, touch NONE, rotation 0, type VIRTUAL, state OFF, owner com.oculus.systemux (uid 10026), FLAG_PRIVATE, FLAG_NEVER_BLANK, FLAG_OWN_CONTENT_ONLY}
01-04 18:11:04.304  1247  6806 I CompositorVR: WarpToScreen: Skipping frames for 8
01-04 18:11:04.305  7091  7245 I chatty  : uid=10144(com.YourCompany.PrototypeV4) expire 1 line
01-04 18:11:04.311  1040  7075 I DisplayManagerService: Display device removed: DisplayDeviceInfo{"com.oculus.android_panel_app.AndroidPanelLayer-controlbar4": uniqueId="virtual:com.oculus.systemux,10026,com.oculus.android_panel_app.AndroidPanelLayer-controlbar4,0", 1250 x 50, modeId 93, defaultModeId 93, supportedModes [{id=93, width=1250, height=50, fps=60.0}], colorMode 0, supportedColorModes [0], HdrCapabilities null, density 200, 200.0 x 200.0 dpi, appVsyncOff 0, presDeadline 16666666, touch NONE, rotation 0, type VIRTUAL, state OFF, owner com.oculus.systemux (uid 10026), FLAG_PRIVATE, FLAG_NEVER_BLANK, FLAG_OWN_CONTENT_ONLY}
01-04 18:11:04.312  1040  3653 I DisplayManagerService: Display device added: DisplayDeviceInfo{"com.oculus.android_panel_app.AndroidPanelLayer-controlbar4": uniqueId="virtual:com.oculus.systemux,10026,com.oculus.android_panel_app.AndroidPanelLayer-controlbar4,0", 1000 x 50, modeId 94, defaultModeId 94, supportedModes [{id=94, width=1000, height=50, fps=60.0}], colorMode 0, supportedColorModes [0], HdrCapabilities null, density 200, 200.0 x 200.0 dpi, appVsyncOff 0, presDeadline 16666666, touch NONE, rotation 0, type VIRTUAL, state OFF, owner com.oculus.systemux (uid 10026), FLAG_PRIVATE, FLAG_NEVER_BLANK, FLAG_OWN_CONTENT_ONLY}
01-04 18:11:04.313  1040  1063 W InputReader: Device has associated, but no associated display id.
01-04 18:11:04.315  1247  6806 I CompositorVR: WarpToScreen: Skipping frames for 8
01-04 18:11:04.315  2686  2971 I [SEO] PanelAppHost: Setting panel layer visibility of layer "controlbar4" to invisible, panel 12 (com.oculus.systemux/com.oculus.panelapp.controlbar.ControlBarPanelService)
01-04 18:11:04.315  2686  2971 I [SEO] PanelAppHost: Resize layer controlbar4 to size 1000 x 50 shape: 2 stereo: 0, panel 12 (com.oculus.systemux/com.oculus.panelapp.controlbar.ControlBarPanelService)
01-04 18:11:04.315  2686  2971 I [SEO] PanelRenderLayer: ResetSurface controlbar4 1000 x 50 - shape:2 stereo:0
01-04 18:11:04.317  2765  3553 I VrGuardianService: GuardianSDKServer::SetGuardianHitDialog2 0
01-04 18:11:04.326  1247  6806 I CompositorVR: WarpToScreen: Skipping frames for 8
01-04 18:11:04.327  2686  2971 W OpenGLRenderer: [SurfaceTexture-21-2686-34] bindTextureImage: clearing GL error: 0x502
01-04 18:11:04.337  1247  6806 I CompositorVR: WarpToScreen: Skipping frames for 8
01-04 18:11:04.339  1040  1063 W InputReader: Device has associated, but no associated display id.
01-04 18:11:04.346   868  6811 W [CT]    : VEGA:MAP_TRACKING_HM: [Throttled count=23] Bad map tracking: map tracking failed @ Submap id = 1, version = 41609599 with status: 2
01-04 18:11:04.348  1247  6806 I CompositorVR: WarpToScreen: Skipping frames for 8
01-04 18:11:04.354  1040  1065 W InputReader: Device has associated, but no associated display id.
01-04 18:11:04.354  1040  1065 I ActivityTaskManager: Override config changes=20005df8 {0.0 ?mcc?mnc ?localeList ?layoutDir sw40dp w800dp h40dp 200dpi nrml long land ?uimode ?night -touch qwerty/v/v -nav/h winConfig={ mBounds=Rect(0, 0 - 1000, 50) mAppBounds=Rect(0, 0 - 1000, 50) mWindowingMode=fullscreen mDisplayWindowingMode=fullscreen mActivityType=undefined mAlwaysOnTop=undefined mRotation=ROTATION_0}} for displayId=33
01-04 18:11:04.359  1247  6806 I CompositorVR: WarpToScreen: Skipping frames for 8
01-04 18:11:04.363  1040  1065 I DisplayManagerService: Display device changed state: "com.oculus.android_panel_app.AndroidPanelLayer-controlbar4", ON
01-04 18:11:04.367  1040  2417 E WindowManager: App trying to use insecure INPUT_FEATURE_NO_INPUT_CHANNEL flag. Ignoring
01-04 18:11:04.371  1247  6806 I CompositorVR: WarpToScreen: Skipping frames for 8
01-04 18:11:04.371  3456  5658 I chatty  : uid=10026(com.oculus.systemux) Binder:3456_7 expire 1 line
01-04 18:11:04.371  3456  3456 I chatty  : uid=10026 com.oculus.systemux:SystemUX expire 9 lines
01-04 18:11:04.372  2686  2971 I [SEO] LayerSwapChainResource: LayerSwapChainResource 1000,50 : 3
01-04 18:11:04.373  1247  2663 I VrRuntimeService: CreateSwapChain: 750024667
01-04 18:11:04.373  1247  2663 I VrRuntimeService: CreateSwapChain: api:vk 0 0x2b 1000 50 10 3 1 4 3
01-04 18:11:04.373  1247  2663 W SwapChain_Vulkan: CreateTextureSwapChainFoveationVulkan: ShouldCreateFragmentDensityMap: false
01-04 18:11:04.373  1247  2663 W SwapChain_Vulkan: ExportTextureResourcesFoveationVulkan: chain->VkInteropFoveation.Device == nullptr
01-04 18:11:04.373  1247  2663 W SwapChain: CreateTextureSwapChainFoveation: export failed
01-04 18:11:04.373  1247  2663 I VrRuntimeServer: CreateTextureSwapChain: result importswapchaingles 1
01-04 18:11:04.374  3456  3456 D [SUI] LibraryViewModel: Executing Actions after initial apps load.
01-04 18:11:04.374  1946  3562 I SwapChain_Vulkan: Imported texture has requirements 3, ends up index 0
01-04 18:11:04.375  1946  3562 I SwapChain_Vulkan: Imported texture has requirements 3, ends up index 0
01-04 18:11:04.375  1946  3562 W VrRuntimeClient: CreateTextureSwapChain: Failed to import foveation swapchain
01-04 18:11:04.375  3456  3456 D [SUI] LibraryAppMigration: Verifying if App Migration Dialog should be shown.
01-04 18:11:04.375  3456  3456 D [SUI] LibraryAppMigration: Not showing App Migration dialog, Dialog has been shown once already
01-04 18:11:04.375  3456  3456 D [SUI] LibraryViewModel: Not showing App Migration dialog, already been shown once
01-04 18:11:04.375  3456  3456 D [SUI] LibraryViewModel: maybeRestoreScrollPosition
01-04 18:11:04.375  3456  3456 D [SUI] LibraryView: Setting pending scroll position: 0
01-04 18:11:04.375  3456  3456 D [SUI] LibrarySyncing: Updated Library data source for all apps
01-04 18:11:04.375  3456  3456 D [SUI] LibraryViewModel: Calling notifyPropertyChanged(BR.items)
01-04 18:11:04.377  1247  2663 I VrRuntimeService: UpdateSwapChainSamplerState: 193
01-04 18:11:04.377  1247  2663 I VrRuntimeService: UpdateSwapChainSamplerState: minFilter=1 magFilter=1 wrapModeS=3 warpModeT=3 maxAniso=1.000000 border={0.000000,0.000000,0.000000,0.000000} swizzle={0,1,2,3}
01-04 18:11:04.377  3456  3456 D [SUI] LibraryAppsOrchestrator: Apps fetched from cache: 
01-04 18:11:04.377  3456  3456 D [SUI] LibraryAppsOrchestrator: App: com.vrchat.oculus.quest status: INSTALLED downloadedSizeBytes: 0 downloadSizeBytes: 0
01-04 18:11:04.377  3456  3456 D [SUI] LibraryAppsOrchestrator: App: com.oculus.store status: INSTALLED downloadedSizeBytes: 0 downloadSizeBytes: 0
01-04 18:11:04.377  3456  3456 D [SUI] LibraryAppsOrchestrator: App: com.facebook.arvr.quillplayer status: INSTALLED downloadedSizeBytes: 0 downloadSizeBytes: 0
01-04 18:11:04.377  3456  3456 D [SUI] LibraryAppsOrchestrator: App: com.oculus.keyboard.prod.applemagic status: ENTITLED downloadedSizeBytes: 0 downloadSizeBytes: 0
01-04 18:11:04.377  3456  3456 D [SUI] LibraryAppsOrchestrator: App: com.meta.environment.prod.vista status: ENTITLED downloadedSizeBytes: 0 downloadSizeBytes: 0
01-04 18:11:04.377  3456  3456 D [SUI] LibraryAppsOrchestrator: App: com.oculus.keyboard.prod.logitechmx_mac_sg status: ENTITLED downloadedSizeBytes: 0 downloadSizeBytes: 0
01-04 18:11:04.377  3456  3456 D [SUI] LibraryAppsOrchestrator: App: com.oculus.keyboard.prod.k003b_logitechk800_fr status: ENTITLED downloadedSizeBytes: 0 downloadSizeBytes: 0
01-04 18:11:04.377  3456  3456 D [SUI] LibraryAppsOrchestrator: App: com.facebook.horizon status: INSTALLED downloadedSizeBytes: 0 downloadSizeBytes: 0
01-04 18:11:04.377  3456  3456 D [SUI] LibraryAppsOrchestrator: App: com.oculus.keyboard.prod.k017d_apple_macbook_air_13_gold_uk status: ENTITLED downloadedSizeBytes: 0 downloadSizeBytes: 0
01-04 18:11:04.377  3456  3456 D [SUI] LibraryAppsOrchestrator: App: com.oculus.keyboard.prod.microsoftsurfacepro8_black status: ENTITLED downloadedSizeBytes: 0 downloadSizeBytes: 0
01-04 18:11:04.377  3456  3456 D [SUI] LibraryAppsOrchestrator: App: com.meta.keyboard.prod.k026a_microsoft_surface_pro_5_6_7_ice_blue status: ENTITLED downloadedSizeBytes: 0 downloadSizeBytes: 0
01-04 18:11:04.377  3456  3456 D [SUI] LibraryAppsOrchestrator: App: com.oculus.keyboard.prod.k024a_hp_envy_x360_convert_13_silver status: ENTITLED downloadedSizeBytes: 0 downloadSizeBytes: 0
01-04 18:11:04.377  3456  3456 D [SUI] LibraryAppsOrchestrator: App: com.oculus.environment.prod.personaloffice01 status: ENTITLED downloadedSizeBytes: 0 downloadSizeBytes: 0
01-04 18:11:04.378  3456  3456 D [SUI] LibraryAppsOrchestrator: App: com.oculus.environment.prod.personaloffice02 status: ENTITLED downloadedSizeBytes: 0 downloadSizeBytes: 0
01-04 18:11:04.378  3456  3456 D [SUI] LibraryAppsOrchestrator: App: com.oculus.keyboard.prod.k017c_apple_macbook_air_13_gold_us status: ENTITLED downloadedSizeBytes: 0 downloadSizeBytes: 0
01-04 18:11:04.378  3456  3456 D [SUI] LibraryAppsOrchestrator: App: com.oculus.environment.prod.bubbles status: INSTALLED downloadedSizeBytes: 0 downloadSizeBytes: 0
01-04 18:11:04.378  3456  3456 D [SUI] LibraryAppsOrchestrator: App: com.oculus.keyboard.prod.applemacbook13_us_ansi status: ENTITLED downloadedSizeBytes: 0 downloadSizeBytes: 0
01-04 18:11:04.378  3456  3456 D [SUI] LibraryAppsOrchestrator: App: com.meta.environment.prod.monolith status: ENTITLED downloadedSizeBytes: 0 downloadSizeBytes: 0
01-04 18:11:04.378  3456  3456 D [SUI] LibraryAppsOrchestrator: App: com.oculus.keyboard.prod.k020a_microsoft_surface_laptop_4_15_platinum_us status: ENTITLED downloadedSizeBytes: 0 downloadSizeBytes: 0
01-04 18:11:04.378  3456  3456 D [SUI] LibraryAppsOrchestrator: App: com.oculus.environment.prod.rifthome status: ENTITLED downloadedSizeBytes: 0 downloadSizeBytes: 0
01-04 18:11:04.378  3456  3456 D [SUI] LibraryAppsOrchestrator: App: com.oculus.environment.prod.spacestation status: ENTITLED downloadedSizeBytes: 0 downloadSizeBytes: 0
01-04 18:11:04.378  3456  3456 D [SUI] LibraryAppsOrchestrator: App: com.oculus.avatareditor status: INSTALLED downloadedSizeBytes: 0 downloadSizeBytes: 0
01-04 18:11:04.378  3456  3456 D [SUI] LibraryAppsOrchestrator: App: com.oculus.environment.prod.cyberhome status: ENTITLED downloadedSizeBytes: 0 downloadSizeBytes: 0
01-04 18:11:04.378  3456  3456 D [SUI] LibraryAppsOrchestrator: App: com.oculus.keyboard.prod.logitechmx status: ENTITLED downloadedSizeBytes: 0 downloadSizeBytes: 0
01-04 18:11:04.378  3456  3456 D [SUI] LibraryAppsOrchestrator: App: com.oculus.explore status: INSTALLED downloadedSizeBytes: 0 downloadSizeBytes: 0
01-04 18:11:04.378  3456  3456 D [SUI] LibraryAppsOrchestrator: App: com.oculus.keyboard.prod.k016c_applemacbook13_2020_uk status: ENTITLED downloadedSizeBytes: 0 downloadSizeBytes: 0
01-04 18:11:04.378  3456  3456 D [SUI] LibraryAppsOrchestrator: App: com.oculus.MiramarSetupRetail status: INSTALLED downloadedSizeBytes: 0 downloadSizeBytes: 0
01-04 18:11:04.378  3456  3456 D [SUI] LibraryAppsOrchestrator: App: com.oculus.environment.prod.japan status: INSTALLED downloadedSizeBytes: 0 downloadSizeBytes: 0
01-04 18:11:04.378  3456  3456 D [SUI] LibraryAppsOrchestrator: App: com.iillusions.spacepiratetrainerquest status: INSTALLED downloadedSizeBytes: 0 downloadSizeBytes: 0
01-04 18:11:04.378  3456  3456 D [SUI] LibraryAppsOrchestrator: App: com.oculus.keyboard.prod.microsoftallinone_us status: ENTITLED downloadedSizeBytes: 0 downloadSizeBytes: 0
01-04 18:11:04.378  3456  3456 D [SUI] LibraryAppsOrchestrator: App: com.oculus.keyboard.prod.logitechk830 status: ENTITLED downloadedSizeBytes: 0 downloadSizeBytes: 0
01-04 18:11:04.378  3456  3456 D [SUI] LibraryAppsOrchestrator: App: com.oculus.environment.prod.dome status: ENTITLED downloadedSizeBytes: 0 downloadSizeBytes: 0
01-04 18:11:04.378  3456  3456 D [SUI] LibraryAppsOrchestrator: App: com.oculus.socialplatform status: INSTALLED downloadedSizeBytes: 0 downloadSizeBytes: 0
01-04 18:11:04.378  3456  3456 D [SUI] LibraryAppsOrchestrator: App: com.oculus.keyboard.prod.applemagic_num_us status: ENTITLED downloadedSizeBytes: 0 downloadSizeBytes: 0
01-04 18:11:04.378  3456  3456 D [SUI] LibraryAppsOrchestrator: App: com.oculus.mobile_mrc_setup status: INSTALLED downloadedSizeBytes: 0 downloadSizeBytes: 0
01-04 18:11:04.378  3456  3456 D [SUI] LibraryAppsOrchestrator: App: com.oculus.keyboard.prod.hpzbook15ug6 status: ENTITLED downloadedSizeBytes: 0 downloadSizeBytes: 0
01-04 18:11:04.378  3456  3456 D [SUI] LibraryAppsOrchestrator: App: com.oculus.tv status: INSTALLED downloadedSizeBytes: 0 downloadSizeBytes: 0
01-04 18:11:04.378  3456  3456 D [SUI] LibraryAppsOrchestrator: App: com.oculus.keyboard.prod.k017a_apple_macbook_air_13_space_gray_and_silver_us status: ENTITLED downloadedSizeBytes: 0 downloadSizeBytes: 0
01-04 18:11:04.378  3456  3456 D [SUI] LibraryAppsOrchestrator: App: com.oculus.keyboard.prod.k018c_microsoft_surface_pro_x_ice_blue status: ENTITLED downloadedSizeBytes: 0 downloadSizeBytes: 0
01-04 18:11:04.378  3456  3456 D [SUI] LibraryAppsOrchestrator: App: com.oculus.keyboard.prod.k010b_lenovothinkpadx1yoga_uk status: ENTITLED downloadedSizeBytes: 0 downloadSizeBytes: 0
01-04 18:11:04.378  3456  3456 D [SUI] LibraryAppsOrchestrator: App: com.oculus.keyboard.prod.k021a_dell_xps_13_platinum_black status: ENTITLED downloadedSizeBytes: 0 downloadSizeBytes: 0
01-04 18:11:04.378  3456  3456 D [SUI] LibraryAppsOrchestrator: App: com.oculus.keyboard.prod.k018a_microsoft_surface_pro_x_poppy_red status: ENTITLED downloadedSizeBytes: 0 downloadSizeBytes: 0
01-04 18:11:04.378  3456  3456 D [SUI] LibraryAppsOrchestrator: App: com.oculus.keyboard.prod.k022a_dell_inspiron_15_platinum_silver status: ENTITLED downloadedSizeBytes: 0 downloadSizeBytes: 0
01-04 18:11:04.378  3456  3456 D [SUI] LibraryAppsOrchestrator: App: com.oculus.keyboard.prod.k019a_microsoft_surface_laptop_4_13_platinum_us status: ENTITLED downloadedSizeBytes: 0 downloadSizeBytes: 0
01-04 18:11:04.378  3456  3456 D [SUI] LibraryAppsOrchestrator: App: com.oculus.keyboard.prod.logitechmx_mini_mac_pg status: ENTITLED downloadedSizeBytes: 0 downloadSizeBytes: 0
01-04 18:11:04.378  3456  3456 D [SUI] LibraryAppsOrchestrator: App: com.oculus.gamingactivity status: INSTALLED downloadedSizeBytes: 0 downloadSizeBytes: 0
01-04 18:11:04.378  3456  3456 D [SUI] LibraryAppsOrchestrator: App: com.oculus.keyboard.prod.k012e_applemacbook15_us status: ENTITLED downloadedSizeBytes: 0 downloadSizeBytes: 0
01-04 18:11:04.378  3456  3456 D [SUI] LibraryAppsOrchestrator: App: com.oculus.keyboard.prod.logitechmx_mini_pg status: ENTITLED downloadedSizeBytes: 0 downloadSizeBytes: 0
01-04 18:11:04.378  3456  3456 D [SUI] LibraryAppsOrchestrator: App: com.oculus.environment.prod.winterlodge status: ENTITLED downloadedSizeBytes: 0 downloadSizeBytes: 0
01-04 18:11:04.378  3456  3456 D [SUI] LibraryAppsOrchestrator: App: com.oculus.environment.prod.adobe status: INSTALLED downloadedSizeBytes: 0 downloadSizeBytes: 0
01-04 18:11:04.378  3456  3456 D [SUI] LibraryAppsOrchestrator: App: com.oculus.keyboard.prod.lenovothinkpadx1yoga status: ENTITLED downloadedSizeBytes: 0 downloadSizeBytes: 0
01-04 18:11:04.378  3456  3456 D [SUI] LibraryAppsOrchestrator: App: com.beatgames.beatsaber status: INSTALLED downloadedSizeBytes: 0 downloadSizeBytes: 0
01-04 18:11:04.378  3456  3456 D [SUI] LibraryAppsOrchestrator: App: com.oculus.browser status: INSTALLED downloadedSizeBytes: 0 downloadSizeBytes: 0
01-04 18:11:04.378  3456  3456 D [SUI] LibraryAppsOrchestrator: App: com.oculus.keyboard.prod.k012f_applemacbook15_uk status: ENTITLED downloadedSizeBytes: 0 downloadSizeBytes: 0
01-04 18:11:04.378  3456  3456 D [SUI] LibraryAppsOrchestrator: App: com.meta.keyboard.prod.k025d_apple_magic_with_touchid_uk status: ENTITLED downloadedSizeBytes: 0 downloadSizeBytes: 0
01-04 18:11:04.378  3456  3456 D [SUI] LibraryAppsOrchestrator: App: com.meta.environment.prod.polarvillage status: ENTITLED downloadedSizeBytes: 0 downloadSizeBytes: 0
01-04 18:11:04.378  3456  3456 D [SUI] LibraryAppsOrchestrator: App: com.oculus.keyboard.prod.k012b_applemacbook13_uk status: ENTITLED downloadedSizeBytes: 0 downloadSizeBytes: 0
01-04 18:11:04.378  3456  3456 D [SUI] LibraryAppsOrchestrator: App: com.oculus.keyboard.prod.logitechk800_us status: ENTITLED downloadedSizeBytes: 0 downloadSizeBytes: 0
01-04 18:11:04.378  3456  3456 D [SUI] LibraryAppsOrchestrator: App: com.oculus.keyboard.prod.k012g_applemacbook16_us status: ENTITLED downloadedSizeBytes: 0 downloadSizeBytes: 0
01-04 18:11:04.378  3456  3456 D [SUI] LibraryAppsOrchestrator: App: com.oculus.keyboard.prod.k019c_microsoft_surface_laptop_4_13_sandstone_us status: ENTITLED downloadedSizeBytes: 0 downloadSizeBytes: 0
01-04 18:11:04.378  3456  3456 D [SUI] LibraryAppsOrchestrator: App: com.oculus.keyboard.prod.k025a_apple_magic_with_numpad_touch_id_us status: ENTITLED downloadedSizeBytes: 0 downloadSizeBytes: 0
01-04 18:11:04.378  3456  3456 D [SUI] LibraryAppsOrchestrator: App: com.oculus.fitnesstracker status: INSTALLED downloadedSizeBytes: 0 downloadSizeBytes: 0
01-04 18:11:04.378  3456  3456 D [SUI] LibraryAppsOrchestrator: App: com.meta.keyboard.prod.k026b_microsoft_surface_pro_5_6_7_poppy_red status: ENTITLED downloadedSizeBytes: 0 downloadSizeBytes: 0
01-04 18:11:04.378  3456  3456 D [SUI] LibraryAppsOrchestrator: App: com.oculus.helpcenter status: INSTALLED downloadedSizeBytes: 0 downloadSizeBytes: 0
01-04 18:11:04.378  3456  3456 D [SUI] LibraryAppsOrchestrator: App: com.oculus.keyboard.prod.k017b_apple_macbook_air_13_space_gray_and_silver_uk status: ENTITLED downloadedSizeBytes: 0 downloadSizeBytes: 0
01-04 18:11:04.378  3456  3456 D [SUI] LibraryAppsOrchestrator: App: com.oculus.keyboard.prod.microsoftsurfacepro8_plat status: ENTITLED downloadedSizeBytes: 0 downloadSizeBytes: 0
01-04 18:11:04.378  3456  3456 D [SUI] LibraryAppsOrchestrator: App: com.oculus.keyboard.prod.dellxps159500 status: ENTITLED downloadedSizeBytes: 0 downloadSizeBytes: 0
01-04 18:11:04.378  3456  3456 D [SUI] LibraryAppsOrchestrator: App: com.meta.keyboard.prod.k002k_logitechmx_mini_gb_pg status: ENTITLED downloadedSizeBytes: 0 downloadSizeBytes: 0
01-04 18:11:04.378  3456  3456 D [SUI] LibraryAppsOrchestrator: App: com.meta.environment.prod.rockquarry status: ENTITLED downloadedSizeBytes: 0 downloadSizeBytes: 0
01-04 18:11:04.378  3456  3456 D [SUI] LibraryAppsOrchestrator: App: com.oculus.keyboard.prod.k015a_dellinspiron7000_us status: ENTITLED downloadedSizeBytes: 0 downloadSizeBytes: 0
01-04 18:11:04.378  3456  3456 D [SUI] LibraryAppsOrchestrator: App: com.oculus.keyboard.prod.logitechk375 status: ENTITLED downloadedSizeBytes: 0 downloadSizeBytes: 0
01-04 18:11:04.378  3456  3456 D [SUI] LibraryAppsOrchestrator: App: com.meta.keyboard.prod.k002l_logitechmx_mini_mac_gb_pg status: ENTITLED downloadedSizeBytes: 0 downloadSizeBytes: 0
01-04 18:11:04.378  3456  3456 D [SUI] LibraryAppsOrchestrator: App: com.oculus.guidebook status: INSTALLED downloadedSizeBytes: 0 downloadSizeBytes: 0
01-04 18:11:04.378  3456  3456 D [SUI] LibraryAppsOrchestrator: App: com.oculus.keyboard.prod.k012h_applemacbook16_uk status: ENTITLED downloadedSizeBytes: 0 downloadSizeBytes: 0
01-04 18:11:04.378  3456  3456 D [SUI] LibraryAppsOrchestrator: App: com.meta.keyboard.prod.k002m_mx_keys_graphite_uni_uk status: ENTITLED downloadedSizeBytes: 0 downloadSizeBytes: 0
01-04 18:11:04.378  3456  3456 D [SUI] LibraryAppsOrchestrator: App: com.oculus.keyboard.prod.k019b_microsoft_surface_laptop_4_13_ice_blue_us status: ENTITLED downloadedSizeBytes: 0 downloadSizeBytes: 0
01-04 18:11:04.378  3456  3456 D [SUI] LibraryAppsOrchestrator: App: com.meta.keyboard.prod.k004b_logitech_k375s_uk status: ENTITLED downloadedSizeBytes: 0 downloadSizeBytes: 0
01-04 18:11:04.378  3456  3456 D [SUI] LibraryAppsOrchestrator: App: com.oculus.keyboard.prod.k005b_microsoftallinone_fr status: ENTITLED downloadedSizeBytes: 0 downloadSizeBytes: 0
01-04 18:11:04.378  3456  3456 D [SUI] LibraryAppsOrchestrator: App: com.oculus.keyboard.prod.k016a_applemacbook13_2020_us status: ENTITLED downloadedSizeBytes: 0 downloadSizeBytes: 0
01-04 18:11:04.378  3456  3456 D [SUI] LibraryAppsOrchestrator: App: com.meta.environment.prod.treehouse status: ENTITLED downloadedSizeBytes: 0 downloadSizeBytes: 0
01-04 18:11:04.378  3456  3456 D [SUI] LibraryAppsOrchestrator: App: com.oculus.keyboard.prod.k021b_dell_xps_13_arctic_white status: ENTITLED downloadedSizeBytes: 0 downloadSizeBytes: 0
01-04 18:11:04.378  3456  3456 D [SUI] LibraryAppsOrchestrator: App: com.oculus.keyboard.prod.hpelitebook830g7 status: ENTITLED downloadedSizeBytes: 0 downloadSizeBytes: 0
01-04 18:11:04.378  3456  3456 D [SUI] LibraryBackgroundExecutor: Execution Completed: Cache Apps Fetch in 273 ms
01-04 18:11:04.378  3456  3456 D [SUI] LibraryBackgroundTaskDeduper: Execution finished CacheAppsFetch
01-04 18:11:04.379  3456  3456 D [SUI] LibrarySyncing: Fetched data for all apps from OCMS
01-04 18:11:04.379  3456  3456 D [SUI] LibrarySyncing: Updated Library data source for all apps
01-04 18:11:04.379  3456  3456 D [SUI] LibraryViewModel: Calling notifyPropertyChanged(BR.items)
01-04 18:11:04.380  3456  3456 D [SUI] LibraryAppsOrchestrator: Apps are already marked as initialized, omitting marking again.
01-04 18:11:04.382  1247  6806 I CompositorVR: WarpToScreen: Skipping frames for 8
01-04 18:11:04.387  1247  6806 I CompositorVR: SetSchedFifo( tid=2970, pol=2, pri=0 ) succeeded
01-04 18:11:04.387  1247  6806 I CompositorVR: SetSchedFifo( tid=3191, pol=2, pri=0 ) succeeded
01-04 18:11:04.387  1247  6806 I CompositorVR: SetSchedFifo( tid=3261, pol=2, pri=0 ) succeeded
01-04 18:11:04.387  1921  1940 I .oculus.horizo: Background concurrent copying GC freed 125779(8170KB) AllocSpace objects, 14(496KB) LOS objects, 49% free, 6082KB/11MB, paused 96us total 108.044ms
01-04 18:11:04.393  1247  6806 I CompositorVR: WarpToScreen: Skipping frames for 8
01-04 18:11:04.401  3456  5658 I PresenceAPK(ServicePresenceClient): calling onServiceUp
01-04 18:11:04.404  1247  6806 I CompositorVR: WarpToScreen: Skipping frames for 8
01-04 18:11:04.415  1247  6806 I CompositorVR: WarpToScreen: Skipping frames for 8
01-04 18:11:04.420  3456  3456 D [SUI] DiskCache: Wrote bytes to file at /data/user/0/com.oculus.systemux/cache/library/apps
01-04 18:11:04.421  3456  3456 D [SUI] LibraryAppsOrchestrator: Apps fetched: 
01-04 18:11:04.421  3456  3456 D [SUI] LibraryAppsOrchestrator: App: com.vrchat.oculus.quest status: INSTALLED downloadedSizeBytes: 0 downloadSizeBytes: 0
01-04 18:11:04.421  3456  3456 D [SUI] LibraryAppsOrchestrator: App: com.oculus.store status: INSTALLED downloadedSizeBytes: 0 downloadSizeBytes: 0
01-04 18:11:04.421  3456  3456 D [SUI] LibraryAppsOrchestrator: App: com.facebook.arvr.quillplayer status: INSTALLED downloadedSizeBytes: 0 downloadSizeBytes: 0
01-04 18:11:04.421  3456  3456 D [SUI] LibraryAppsOrchestrator: App: com.oculus.keyboard.prod.applemagic status: ENTITLED downloadedSizeBytes: 0 downloadSizeBytes: 0
01-04 18:11:04.421  3456  3456 D [SUI] LibraryAppsOrchestrator: App: com.meta.environment.prod.vista status: ENTITLED downloadedSizeBytes: 0 downloadSizeBytes: 0
01-04 18:11:04.421  3456  3456 D [SUI] LibraryAppsOrchestrator: App: com.oculus.keyboard.prod.logitechmx_mac_sg status: ENTITLED downloadedSizeBytes: 0 downloadSizeBytes: 0
01-04 18:11:04.421  3456  3456 D [SUI] LibraryAppsOrchestrator: App: com.oculus.keyboard.prod.k003b_logitechk800_fr status: ENTITLED downloadedSizeBytes: 0 downloadSizeBytes: 0
01-04 18:11:04.421  3456  3456 D [SUI] LibraryAppsOrchestrator: App: com.facebook.horizon status: INSTALLED downloadedSizeBytes: 0 downloadSizeBytes: 0
01-04 18:11:04.421  3456  3456 D [SUI] LibraryAppsOrchestrator: App: com.oculus.keyboard.prod.k017d_apple_macbook_air_13_gold_uk status: ENTITLED downloadedSizeBytes: 0 downloadSizeBytes: 0
01-04 18:11:04.421  3456  3456 D [SUI] LibraryAppsOrchestrator: App: com.oculus.keyboard.prod.microsoftsurfacepro8_black status: ENTITLED downloadedSizeBytes: 0 downloadSizeBytes: 0
01-04 18:11:04.421  3456  3456 D [SUI] LibraryAppsOrchestrator: App: com.meta.keyboard.prod.k026a_microsoft_surface_pro_5_6_7_ice_blue status: ENTITLED downloadedSizeBytes: 0 downloadSizeBytes: 0
01-04 18:11:04.421  3456  3456 D [SUI] LibraryAppsOrchestrator: App: com.oculus.keyboard.prod.k024a_hp_envy_x360_convert_13_silver status: ENTITLED downloadedSizeBytes: 0 downloadSizeBytes: 0
01-04 18:11:04.421  3456  3456 D [SUI] LibraryAppsOrchestrator: App: com.oculus.environment.prod.personaloffice01 status: ENTITLED downloadedSizeBytes: 0 downloadSizeBytes: 0
01-04 18:11:04.421  3456  3456 D [SUI] LibraryAppsOrchestrator: App: com.oculus.environment.prod.personaloffice02 status: ENTITLED downloadedSizeBytes: 0 downloadSizeBytes: 0
01-04 18:11:04.421  3456  3456 D [SUI] LibraryAppsOrchestrator: App: com.oculus.keyboard.prod.k017c_apple_macbook_air_13_gold_us status: ENTITLED downloadedSizeBytes: 0 downloadSizeBytes: 0
01-04 18:11:04.421  3456  3456 D [SUI] LibraryAppsOrchestrator: App: com.oculus.environment.prod.bubbles status: INSTALLED downloadedSizeBytes: 0 downloadSizeBytes: 0
01-04 18:11:04.421  3456  3456 D [SUI] LibraryAppsOrchestrator: App: com.oculus.keyboard.prod.applemacbook13_us_ansi status: ENTITLED downloadedSizeBytes: 0 downloadSizeBytes: 0
01-04 18:11:04.421  3456  3456 D [SUI] LibraryAppsOrchestrator: App: com.meta.environment.prod.monolith status: ENTITLED downloadedSizeBytes: 0 downloadSizeBytes: 0
01-04 18:11:04.421  3456  3456 D [SUI] LibraryAppsOrchestrator: App: com.oculus.keyboard.prod.k020a_microsoft_surface_laptop_4_15_platinum_us status: ENTITLED downloadedSizeBytes: 0 downloadSizeBytes: 0
01-04 18:11:04.421  3456  3456 D [SUI] LibraryAppsOrchestrator: App: com.oculus.environment.prod.rifthome status: ENTITLED downloadedSizeBytes: 0 downloadSizeBytes: 0
01-04 18:11:04.421  3456  3456 D [SUI] LibraryAppsOrchestrator: App: com.oculus.environment.prod.spacestation status: ENTITLED downloadedSizeBytes: 0 downloadSizeBytes: 0
01-04 18:11:04.421  3456  3456 D [SUI] LibraryAppsOrchestrator: App: com.oculus.avatareditor status: INSTALLED downloadedSizeBytes: 0 downloadSizeBytes: 0
01-04 18:11:04.421  3456  3456 D [SUI] LibraryAppsOrchestrator: App: com.oculus.environment.prod.cyberhome status: ENTITLED downloadedSizeBytes: 0 downloadSizeBytes: 0
01-04 18:11:04.421  3456  3456 D [SUI] LibraryAppsOrchestrator: App: com.oculus.keyboard.prod.logitechmx status: ENTITLED downloadedSizeBytes: 0 downloadSizeBytes: 0
01-04 18:11:04.421  3456  3456 D [SUI] LibraryAppsOrchestrator: App: com.oculus.explore status: INSTALLED downloadedSizeBytes: 0 downloadSizeBytes: 0
01-04 18:11:04.421  3456  3456 D [SUI] LibraryAppsOrchestrator: App: com.oculus.keyboard.prod.k016c_applemacbook13_2020_uk status: ENTITLED downloadedSizeBytes: 0 downloadSizeBytes: 0
01-04 18:11:04.421  3456  3456 D [SUI] LibraryAppsOrchestrator: App: com.oculus.MiramarSetupRetail status: INSTALLED downloadedSizeBytes: 0 downloadSizeBytes: 0
01-04 18:11:04.421  3456  3456 D [SUI] LibraryAppsOrchestrator: App: com.oculus.environment.prod.japan status: INSTALLED downloadedSizeBytes: 0 downloadSizeBytes: 0
01-04 18:11:04.421  3456  3456 D [SUI] LibraryAppsOrchestrator: App: com.iillusions.spacepiratetrainerquest status: INSTALLED downloadedSizeBytes: 0 downloadSizeBytes: 0
01-04 18:11:04.421  3456  3456 D [SUI] LibraryAppsOrchestrator: App: com.oculus.keyboard.prod.microsoftallinone_us status: ENTITLED downloadedSizeBytes: 0 downloadSizeBytes: 0
01-04 18:11:04.421  3456  3456 D [SUI] LibraryAppsOrchestrator: App: com.oculus.keyboard.prod.logitechk830 status: ENTITLED downloadedSizeBytes: 0 downloadSizeBytes: 0
01-04 18:11:04.421  3456  3456 D [SUI] LibraryAppsOrchestrator: App: com.oculus.environment.prod.dome status: ENTITLED downloadedSizeBytes: 0 downloadSizeBytes: 0
01-04 18:11:04.421  3456  3456 D [SUI] LibraryAppsOrchestrator: App: com.oculus.socialplatform status: INSTALLED downloadedSizeBytes: 0 downloadSizeBytes: 0
01-04 18:11:04.421  3456  3456 D [SUI] LibraryAppsOrchestrator: App: com.oculus.keyboard.prod.applemagic_num_us status: ENTITLED downloadedSizeBytes: 0 downloadSizeBytes: 0
01-04 18:11:04.421  3456  3456 D [SUI] LibraryAppsOrchestrator: App: com.oculus.mobile_mrc_setup status: INSTALLED downloadedSizeBytes: 0 downloadSizeBytes: 0
01-04 18:11:04.421  3456  3456 D [SUI] LibraryAppsOrchestrator: App: com.oculus.keyboard.prod.hpzbook15ug6 status: ENTITLED downloadedSizeBytes: 0 downloadSizeBytes: 0
01-04 18:11:04.421  3456  3456 D [SUI] LibraryAppsOrchestrator: App: com.oculus.tv status: INSTALLED downloadedSizeBytes: 0 downloadSizeBytes: 0
01-04 18:11:04.421  3456  3456 D [SUI] LibraryAppsOrchestrator: App: com.oculus.keyboard.prod.k017a_apple_macbook_air_13_space_gray_and_silver_us status: ENTITLED downloadedSizeBytes: 0 downloadSizeBytes: 0
01-04 18:11:04.421  3456  3456 D [SUI] LibraryAppsOrchestrator: App: com.oculus.keyboard.prod.k018c_microsoft_surface_pro_x_ice_blue status: ENTITLED downloadedSizeBytes: 0 downloadSizeBytes: 0
01-04 18:11:04.421  3456  3456 D [SUI] LibraryAppsOrchestrator: App: com.oculus.keyboard.prod.k010b_lenovothinkpadx1yoga_uk status: ENTITLED downloadedSizeBytes: 0 downloadSizeBytes: 0
01-04 18:11:04.421  3456  3456 D [SUI] LibraryAppsOrchestrator: App: com.oculus.keyboard.prod.k021a_dell_xps_13_platinum_black status: ENTITLED downloadedSizeBytes: 0 downloadSizeBytes: 0
01-04 18:11:04.421  3456  3456 D [SUI] LibraryAppsOrchestrator: App: com.oculus.keyboard.prod.k018a_microsoft_surface_pro_x_poppy_red status: ENTITLED downloadedSizeBytes: 0 downloadSizeBytes: 0
01-04 18:11:04.421  3456  3456 D [SUI] LibraryAppsOrchestrator: App: com.oculus.keyboard.prod.k022a_dell_inspiron_15_platinum_silver status: ENTITLED downloadedSizeBytes: 0 downloadSizeBytes: 0
01-04 18:11:04.421  3456  3456 D [SUI] LibraryAppsOrchestrator: App: com.oculus.keyboard.prod.k019a_microsoft_surface_laptop_4_13_platinum_us status: ENTITLED downloadedSizeBytes: 0 downloadSizeBytes: 0
01-04 18:11:04.421  3456  3456 D [SUI] LibraryAppsOrchestrator: App: com.oculus.keyboard.prod.logitechmx_mini_mac_pg status: ENTITLED downloadedSizeBytes: 0 downloadSizeBytes: 0
01-04 18:11:04.421  3456  3456 D [SUI] LibraryAppsOrchestrator: App: com.oculus.gamingactivity status: INSTALLED downloadedSizeBytes: 0 downloadSizeBytes: 0
01-04 18:11:04.421  3456  3456 D [SUI] LibraryAppsOrchestrator: App: com.oculus.keyboard.prod.k012e_applemacbook15_us status: ENTITLED downloadedSizeBytes: 0 downloadSizeBytes: 0
01-04 18:11:04.421  3456  3456 D [SUI] LibraryAppsOrchestrator: App: com.oculus.keyboard.prod.logitechmx_mini_pg status: ENTITLED downloadedSizeBytes: 0 downloadSizeBytes: 0
01-04 18:11:04.421  3456  3456 D [SUI] LibraryAppsOrchestrator: App: com.oculus.environment.prod.winterlodge status: ENTITLED downloadedSizeBytes: 0 downloadSizeBytes: 0
01-04 18:11:04.421  3456  3456 D [SUI] LibraryAppsOrchestrator: App: com.oculus.environment.prod.adobe status: INSTALLED downloadedSizeBytes: 0 downloadSizeBytes: 0
01-04 18:11:04.421  3456  3456 D [SUI] LibraryAppsOrchestrator: App: com.oculus.keyboard.prod.lenovothinkpadx1yoga status: ENTITLED downloadedSizeBytes: 0 downloadSizeBytes: 0
01-04 18:11:04.421  3456  3456 D [SUI] LibraryAppsOrchestrator: App: com.beatgames.beatsaber status: INSTALLED downloadedSizeBytes: 0 downloadSizeBytes: 0
01-04 18:11:04.421  3456  3456 D [SUI] LibraryAppsOrchestrator: App: com.oculus.browser status: INSTALLED downloadedSizeBytes: 0 downloadSizeBytes: 0
01-04 18:11:04.421  3456  3456 D [SUI] LibraryAppsOrchestrator: App: com.oculus.keyboard.prod.k012f_applemacbook15_uk status: ENTITLED downloadedSizeBytes: 0 downloadSizeBytes: 0
01-04 18:11:04.421  3456  3456 D [SUI] LibraryAppsOrchestrator: App: com.meta.keyboard.prod.k025d_apple_magic_with_touchid_uk status: ENTITLED downloadedSizeBytes: 0 downloadSizeBytes: 0
01-04 18:11:04.421  3456  3456 D [SUI] LibraryAppsOrchestrator: App: com.meta.environment.prod.polarvillage status: ENTITLED downloadedSizeBytes: 0 downloadSizeBytes: 0
01-04 18:11:04.421  3456  3456 D [SUI] LibraryAppsOrchestrator: App: com.oculus.keyboard.prod.k012b_applemacbook13_uk status: ENTITLED downloadedSizeBytes: 0 downloadSizeBytes: 0
01-04 18:11:04.421  3456  3456 D [SUI] LibraryAppsOrchestrator: App: com.oculus.keyboard.prod.logitechk800_us status: ENTITLED downloadedSizeBytes: 0 downloadSizeBytes: 0
01-04 18:11:04.421  3456  3456 D [SUI] LibraryAppsOrchestrator: App: com.oculus.keyboard.prod.k012g_applemacbook16_us status: ENTITLED downloadedSizeBytes: 0 downloadSizeBytes: 0
01-04 18:11:04.421  3456  3456 D [SUI] LibraryAppsOrchestrator: App: com.oculus.keyboard.prod.k019c_microsoft_surface_laptop_4_13_sandstone_us status: ENTITLED downloadedSizeBytes: 0 downloadSizeBytes: 0
01-04 18:11:04.421  3456  3456 D [SUI] LibraryAppsOrchestrator: App: com.oculus.keyboard.prod.k025a_apple_magic_with_numpad_touch_id_us status: ENTITLED downloadedSizeBytes: 0 downloadSizeBytes: 0
01-04 18:11:04.421  3456  3456 D [SUI] LibraryAppsOrchestrator: App: com.oculus.fitnesstracker status: INSTALLED downloadedSizeBytes: 0 downloadSizeBytes: 0
01-04 18:11:04.421  3456  3456 D [SUI] LibraryAppsOrchestrator: App: com.meta.keyboard.prod.k026b_microsoft_surface_pro_5_6_7_poppy_red status: ENTITLED downloadedSizeBytes: 0 downloadSizeBytes: 0
01-04 18:11:04.421  3456  3456 D [SUI] LibraryAppsOrchestrator: App: com.oculus.helpcenter status: INSTALLED downloadedSizeBytes: 0 downloadSizeBytes: 0
01-04 18:11:04.421  3456  3456 D [SUI] LibraryAppsOrchestrator: App: com.oculus.keyboard.prod.k017b_apple_macbook_air_13_space_gray_and_silver_uk status: ENTITLED downloadedSizeBytes: 0 downloadSizeBytes: 0
01-04 18:11:04.421  3456  3456 D [SUI] LibraryAppsOrchestrator: App: com.oculus.keyboard.prod.microsoftsurfacepro8_plat status: ENTITLED downloadedSizeBytes: 0 downloadSizeBytes: 0
01-04 18:11:04.421  3456  3456 D [SUI] LibraryAppsOrchestrator: App: com.oculus.keyboard.prod.dellxps159500 status: ENTITLED downloadedSizeBytes: 0 downloadSizeBytes: 0
01-04 18:11:04.421  3456  3456 D [SUI] LibraryAppsOrchestrator: App: com.meta.keyboard.prod.k002k_logitechmx_mini_gb_pg status: ENTITLED downloadedSizeBytes: 0 downloadSizeBytes: 0
01-04 18:11:04.421  3456  3456 D [SUI] LibraryAppsOrchestrator: App: com.meta.environment.prod.rockquarry status: ENTITLED downloadedSizeBytes: 0 downloadSizeBytes: 0
01-04 18:11:04.421  3456  3456 D [SUI] LibraryAppsOrchestrator: App: com.oculus.keyboard.prod.k015a_dellinspiron7000_us status: ENTITLED downloadedSizeBytes: 0 downloadSizeBytes: 0
01-04 18:11:04.421  3456  3456 D [SUI] LibraryAppsOrchestrator: App: com.oculus.keyboard.prod.logitechk375 status: ENTITLED downloadedSizeBytes: 0 downloadSizeBytes: 0
01-04 18:11:04.421  3456  3456 D [SUI] LibraryAppsOrchestrator: App: com.meta.keyboard.prod.k002l_logitechmx_mini_mac_gb_pg status: ENTITLED downloadedSizeBytes: 0 downloadSizeBytes: 0
01-04 18:11:04.421  3456  3456 D [SUI] LibraryAppsOrchestrator: App: com.oculus.guidebook status: INSTALLED downloadedSizeBytes: 0 downloadSizeBytes: 0
01-04 18:11:04.421  3456  3456 D [SUI] LibraryAppsOrchestrator: App: com.oculus.keyboard.prod.k012h_applemacbook16_uk status: ENTITLED downloadedSizeBytes: 0 downloadSizeBytes: 0
01-04 18:11:04.421  3456  3456 D [SUI] LibraryAppsOrchestrator: App: com.meta.keyboard.prod.k002m_mx_keys_graphite_uni_uk status: ENTITLED downloadedSizeBytes: 0 downloadSizeBytes: 0
01-04 18:11:04.421  3456  3456 D [SUI] LibraryAppsOrchestrator: App: com.oculus.keyboard.prod.k019b_microsoft_surface_laptop_4_13_ice_blue_us status: ENTITLED downloadedSizeBytes: 0 downloadSizeBytes: 0
01-04 18:11:04.421  3456  3456 D [SUI] LibraryAppsOrchestrator: App: com.meta.keyboard.prod.k004b_logitech_k375s_uk status: ENTITLED downloadedSizeBytes: 0 downloadSizeBytes: 0
01-04 18:11:04.421  3456  3456 D [SUI] LibraryAppsOrchestrator: App: com.oculus.keyboard.prod.k005b_microsoftallinone_fr status: ENTITLED downloadedSizeBytes: 0 downloadSizeBytes: 0
01-04 18:11:04.421  3456  3456 D [SUI] LibraryAppsOrchestrator: App: com.oculus.keyboard.prod.k016a_applemacbook13_2020_us status: ENTITLED downloadedSizeBytes: 0 downloadSizeBytes: 0
01-04 18:11:04.421  3456  3456 D [SUI] LibraryAppsOrchestrator: App: com.meta.environment.prod.treehouse status: ENTITLED downloadedSizeBytes: 0 downloadSizeBytes: 0
01-04 18:11:04.421  3456  3456 D [SUI] LibraryAppsOrchestrator: App: com.oculus.keyboard.prod.k021b_dell_xps_13_arctic_white status: ENTITLED downloadedSizeBytes: 0 downloadSizeBytes: 0
01-04 18:11:04.421  3456  3456 D [SUI] LibraryAppsOrchestrator: App: com.oculus.keyboard.prod.hpelitebook830g7 status: ENTITLED downloadedSizeBytes: 0 downloadSizeBytes: 0
01-04 18:11:04.422  3456  3456 D [SUI] LibraryTTI: Initial OCMS apps fetch finished, 343ms after initialization started.
01-04 18:11:04.422  3456  3456 D [SUI] LibraryBackgroundExecutor: Execution Completed: Apps Fetch in 318 ms
01-04 18:11:04.422  3456  3456 D [SUI] LibraryBackgroundTaskDeduper: Execution finished all_apps
01-04 18:11:04.422  3456  3456 I [SUI] OVRAuthHelper: fetchAuthToken - completed, result: -1
01-04 18:11:04.422  3456  3456 D UserAppScopedAuthHelper: fetchUserInfo - completed
01-04 18:11:04.422  3456  3456 D UserAppScopedAuthHelper: fetchUserInfo - fetching app scoped access token
01-04 18:11:04.424  3456  3456 D [SUI] LibraryViewModel: setUnknownSources
01-04 18:11:04.425  3456  3456 D [SUI] LibraryViewModel: Calling notifyPropertyChanged(BR.items)
01-04 18:11:04.425  3456  3456 D [SUI] LibraryAppsOrchestrator: Unknown Sources: 
01-04 18:11:04.425  3456  3456 D [SUI] LibraryAppsOrchestrator: UnknownSource: com.YourCompany.TemplateProject3
01-04 18:11:04.425  3456  3456 D [SUI] LibraryAppsOrchestrator: UnknownSource: com.YourCompany.PrototypeV4
01-04 18:11:04.425  3456  3456 D [SUI] LibraryAppsOrchestrator: UnknownSource: com.environment.matrixloadingvoid
01-04 18:11:04.425  3456  3456 D [SUI] LibraryTTI: Initial unknown sources fetch finished, 347ms after initialization started.
01-04 18:11:04.425  3456  3456 D [SUI] LibraryBackgroundExecutor: Execution Completed: Unknown Sources Fetch in 321 ms
01-04 18:11:04.425  3456  3456 D [SUI] LibraryBackgroundTaskDeduper: Execution finished UnknownSources
01-04 18:11:04.426  3456  5658 I PresenceAPK(PresenceClient): onServiceUp
01-04 18:11:04.426  3456  5658 I PresenceAPK(GroupManager): onConnected
01-04 18:11:04.426  1247  6806 I CompositorVR: WarpToScreen: Skipping frames for 8
01-04 18:11:04.428  3456  3962 I PresenceAPK(GroupManager): initialEnumerationFinished
01-04 18:11:04.428  3456  3456 I [SUI] AnytimeUIAndroidPanelApp: hideTooltip (configuring Android tooltip view)
01-04 18:11:04.428  3456  3962 I PresenceAPK(GroupManager): no reconnect groups
01-04 18:11:04.436  1040  1603 I DisplayManagerService: Display device removed: DisplayDeviceInfo{"com.oculus.android_panel_app.AndroidPanelLayer-tooltip": uniqueId="virtual:com.oculus.systemux,10026,com.oculus.android_panel_app.AndroidPanelLayer-tooltip,0", 121 x 65, modeId 91, defaultModeId 91, supportedModes [{id=91, width=121, height=65, fps=60.0}], colorMode 0, supportedColorModes [0], HdrCapabilities null, density 200, 200.0 x 200.0 dpi, appVsyncOff 0, presDeadline 16666666, touch NONE, rotation 0, type VIRTUAL, state ON, owner com.oculus.systemux (uid 10026), FLAG_PRIVATE, FLAG_NEVER_BLANK, FLAG_OWN_CONTENT_ONLY}
01-04 18:11:04.437  3456  3456 I AndroidPanelApp: HideLayer(tooltip, shape: 1, shouldMinimizeLayer: true)
01-04 18:11:04.437  3456  3456 I AndroidPanelApp: Processing pending hide layer for layer tooltip.
01-04 18:11:04.437  2686  2971 I [SEO] PanelAppHost: Setting panel layer visibility of layer "#main" to visible, panel 11 (com.oculus.systemux/com.oculus.panelapp.library.LibraryPanelService)
01-04 18:11:04.438  2686  2971 I [SEO] PanelAppHost: Setting panel layer visibility of layer "tooltip" to invisible, panel 10 (com.oculus.systemux/com.oculus.panelapp.anytimeui.AnytimeUIAndroidPanelService)
01-04 18:11:04.438  1247  6806 I CompositorVR: WarpToScreen: Skipping frames for 8
01-04 18:11:04.438  2686  2971 I [SEO] PanelAppHost: Resize layer tooltip to size 1 x 1 shape: 1 stereo: 0, panel 10 (com.oculus.systemux/com.oculus.panelapp.anytimeui.AnytimeUIAndroidPanelService)
01-04 18:11:04.438  2686  2971 I [SEO] PanelRenderLayer: ResetSurface tooltip 1 x 1 - shape:1 stereo:0
01-04 18:11:04.438  1247  2663 I VrRuntimeService: UpdateSwapChainSamplerState: 189
01-04 18:11:04.438  1247  2663 I VrRuntimeService: UpdateSwapChainSamplerState: minFilter=5 magFilter=1 wrapModeS=3 warpModeT=3 maxAniso=1.000000 border={0.000000,0.000000,0.000000,0.000000} swizzle={0,1,2,3}
01-04 18:11:04.439  2686  2971 I [SEO] LayerSwapChainResource: LayerSwapChainResource 1,1 : 3
01-04 18:11:04.439  1247  2663 I VrRuntimeService: CreateSwapChain: 750024667
01-04 18:11:04.439  1247  2663 I VrRuntimeService: CreateSwapChain: api:vk 0 0x2b 1 1 1 3 1 4 3
01-04 18:11:04.439  1247  2663 W SwapChain_Vulkan: CreateTextureSwapChainFoveationVulkan: ShouldCreateFragmentDensityMap: false
01-04 18:11:04.439  1247  2663 W SwapChain_Vulkan: ExportTextureResourcesFoveationVulkan: chain->VkInteropFoveation.Device == nullptr
01-04 18:11:04.439  1247  2663 W SwapChain: CreateTextureSwapChainFoveation: export failed
01-04 18:11:04.439  1247  2663 I VrRuntimeServer: CreateTextureSwapChain: result importswapchaingles 1
01-04 18:11:04.440  1946  3562 I SwapChain_Vulkan: Imported texture has requirements 3, ends up index 0
01-04 18:11:04.441  1946  3562 I SwapChain_Vulkan: Imported texture has requirements 3, ends up index 0
01-04 18:11:04.441  1946  3562 W VrRuntimeClient: CreateTextureSwapChain: Failed to import foveation swapchain
01-04 18:11:04.442  1921  2495 W ProfileContentProvider: [doQuery] uri: content://com.oculus.horizon/profile
01-04 18:11:04.442  1946  3562 I VrRuntimeClient: SetTextureSwapChainSamplerState: No change in sampler state.
01-04 18:11:04.443  2686  2971 I [SEO] ShellEnvSwapChainApi: Destroying SwapChain:0xbf3f4ac0
01-04 18:11:04.443  1921  2495 W ProfileContentProvider: [doQuery] appId: null, callingPackage: com.oculus.systemux
01-04 18:11:04.445  7091  7125 I chatty  : uid=10144(com.YourCompany.PrototypeV4) expire 1 line
01-04 18:11:04.445  7091  7237 I chatty  : uid=10144(com.YourCompany.PrototypeV4) expire 21 lines
01-04 18:11:04.447  1685  1707 I [CT]    : MIXEDREALITY: MrServiceController: VrFocusManager::Top Activity Changed, topActivity now is: 'com.oculus.shellenv', immersiveApp now is: ''.
01-04 18:11:04.447  1685  3067 I [CT]    : MIXEDREALITY: OpenXrSupport: renderIteration: Display refresh rate changed, new value: 90.
01-04 18:11:04.447  1685  3067 I [CT]    : MIXEDREALITY: MrRuntimeImpl: onDisplayRefreshRateChanged: Display rate changed from 72 to 90.
01-04 18:11:04.447  1685  3067 I [CT]    : MIXEDREALITY: MrRuntimeImpl: Force telemetry to be sent now.
01-04 18:11:04.447  1685  3067 I [CT]    : MIXEDREALITY: MrRuntimeImpl: Reset telemetry such to start collecting data using the new refresh rate.
01-04 18:11:04.447  1685  3067 I [CT]    : MIXEDREALITY: MrRuntimeImpl: setSessionInitTime: Capability 0: timer set to 6644.792918661 ns, duration reset after 3.830007446 s.
01-04 18:11:04.447  1685  3067 I [CT]    : MIXEDREALITY: MrRuntimeImpl: setSessionInitTime: Capability 2: timer set to 6644.792940589 ns, duration reset after 3.830008019 s.
01-04 18:11:04.448  2686  2971 I [SEO] ShellEnvSwapChainApi: Destroying SwapChain:0xbdbd36c0
01-04 18:11:04.448  3456  3472 I [SUI] DestinationUiPanelApp: GCing DestinationUiPanelApp
01-04 18:11:04.448  3456  3472 W System  : A resource failed to call release. 
01-04 18:11:04.449  1685  1707 I [CT]    : MIXEDREALITY: MrServiceController: VrFocusManager::Top Activity Changed, topActivity now is: 'com.oculus.shellenv', immersiveApp now is: ''.
01-04 18:11:04.449  1247  6806 I CompositorVR: WarpToScreen: Skipping frames for 8
01-04 18:11:04.449  1921  2495 W ProfileContentProvider: [doQuery] isLoggedIn: true, isFirstPartyOrSystem: true
01-04 18:11:04.449  1247  2663 I VrRuntimeService: DestroySwapChain: swapchain=189
01-04 18:11:04.450  1247  2663 I VrRuntimeServer: DestroyTextureSwapChain: result destroyswapchain 1
01-04 18:11:04.450  1921  2495 W ProfileContentProvider: [doQuery] app: null
01-04 18:11:04.450  1685  3067 I [CT]    : MIXEDREALITY: MrServiceView: renderIteration: Nothing to render, hibernating the rendering thread since ID is off and no active PT layers.
01-04 18:11:04.450  1685  3067 I [CT]    : MIXEDREALITY: MrServiceModel: Hibernating caller (most likely rendering thread) due to commandQueue being empty.
01-04 18:11:04.452  1921  2495 W ProfileContentProvider: [doQuery] accessFeatureKeys: all features
01-04 18:11:04.456  1921  2495 W ProfileContentProvider: [doQuery] callingAppHasSystemPlatformSDKPermission: false
01-04 18:11:04.460  1921  2495 W ProfileContentProvider: [doQuery] verifyProductionFirstPartyApplication: true
01-04 18:11:04.460  1247  6806 I CompositorVR: WarpToScreen: Skipping frames for 8
01-04 18:11:04.460  1247  2663 I VrRuntimeService: DestroySwapChain: swapchain=192
01-04 18:11:04.463  1921  2495 W ProfileContentProvider: [doQuery] verifyDebugFirstPartyApplication: false
01-04 18:11:04.463  1921  2495 W ProfileContentProvider: [doQuery] isTrustedUser: false, verifyDebugFirstPartyApplication w/ isTrustedUser: false
01-04 18:11:04.463  1921  2495 W ProfileContentProvider: [doQuery] isDebugOS: false
01-04 18:11:04.464  1921  2495 W ProfileContentProvider: [doQuery] accessFeatureKeys contains USER_ID
01-04 18:11:04.464  1921  2495 W ProfileContentProvider: [doQuery] sWhitelistedAppPackageNameToId has com.oculus.systemux: true
