10-27 19:04:57.066  1051  1628 I DisplayManagerService: Display device removed: DisplayDeviceInfo{"com.oculus.android_panel_app.AndroidPanelLayer-#main": uniqueId="virtual:com.oculus.systemux,10026,com.oculus.android_panel_app.AndroidPanelLayer-#main,0", 800 x 1250, modeId 77, defaultModeId 77, supportedModes [{id=77, width=800, height=1250, fps=60.0}], colorMode 0, supportedColorModes [0], HdrCapabilities null, density 200, 200.0 x 200.0 dpi, appVsyncOff 0, presDeadline 16666666, touch NONE, rotation 0, type VIRTUAL, state OFF, owner com.oculus.systemux (uid 10026), FLAG_PRIVATE, FLAG_NEVER_BLANK, FLAG_OWN_CONTENT_ONLY}
10-27 19:04:57.066  2534  4127 I RuntimeIPCServerMgr: HandleClientConnect SUCCESS: Client: com.oculus.systemux:com.oculus.systemux:SystemUX:3400, Server: com.oculus.presence:com.oculus.presence (PresenceServer)
10-27 19:04:57.067  1051  1748 I DisplayManagerService: Display device added: DisplayDeviceInfo{"com.oculus.android_panel_app.AndroidPanelLayer-#main": uniqueId="virtual:com.oculus.systemux,10026,com.oculus.android_panel_app.AndroidPanelLayer-#main,0", 800 x 110, modeId 78, defaultModeId 78, supportedModes [{id=78, width=800, height=110, fps=60.0}], colorMode 0, supportedColorModes [0], HdrCapabilities null, density 200, 200.0 x 200.0 dpi, appVsyncOff 0, presDeadline 16666666, touch NONE, rotation 0, type VIRTUAL, state OFF, owner com.oculus.systemux (uid 10026), FLAG_PRIVATE, FLAG_NEVER_BLANK, FLAG_OWN_CONTENT_ONLY}
10-27 19:04:57.068  2534  4127 I RuntimeIPCServerMgr: GetServerStatesConfig -> {MaxBufferSize=32768, MaxEntries=64}
10-27 19:04:57.069  3400 10549 I RuntimeIPCClient: GetServerStatesConfig returned maxEntries=64, maxBuffSize=32768
10-27 19:04:57.069  3400 10549 I RuntimeIPCClient: Event buffer size (client): 8192
10-27 19:04:57.069  3400 10549 I RuntimeIPCClient: TryToGetIPCResourcesFromServer: RPC_CONNECTOR_CONNECT_TO_SERVER SUCCESS: Client: com.oculus.systemux:com.oculus.systemux:SystemUX:3400, Server: com.oculus.presence:com.oculus.presence (PresenceServer)
10-27 19:04:57.069  3400 10549 I RuntimeIPCClient: EnsureServerConnection: SUCCESS. Client: com.oculus.systemux:com.oculus.systemux:SystemUX:3400, Server: com.oculus.presence:com.oculus.presence (PresenceServer)
10-27 19:04:57.069  3400 10549 I RuntimeIPCClientMgr: ConnectToServer: SUCCESS: Client: com.oculus.systemux:com.oculus.systemux:SystemUX:3400, Server: com.oculus.presence:com.oculus.presence (PresenceServer)
10-27 19:04:57.069  3400 10549 W REFLECT : RuntimeIPC: DeferredConnectEvent not valid: 0, 16777222
10-27 19:04:57.071  3400  3400 D [SUI] SettingsAssistantJsonBuilder: Registering legacy settings
10-27 19:04:57.071  3400  3400 D [SUI] SettingsAssistantJsonBuilder: Not registering settings service settings. Blocked by GK
10-27 19:04:57.072  3400  3400 D [SUI] SettingsAssistantJsonBuilder: Settings JSON: {"settings":[{"id":"about","type":"void","mutable":false,"queryable":false,"route":"systemux:\/\/settings\/about"},{"id":"auto sleep","type":"void","mutable":false,"queryable":false,"route":"systemux:\/\/settings\/power?setting=auto_sleep_time","parent":"power"},{"id":"auto wake","type":"void","mutable":false,"queryable":false,"route":"systemux:\/\/settings\/power?setting=auto_wake","parent":"power"},{"id":"bluetooth pairing","type":"void","mutable":false,"queryable":false,"route":"systemux:\/\/settings\/bluetooth?setting=bluetooth_pairing","parent":"bluetooth"},{"id":"boundary color","type":"void","mutable":false,"queryable":false,"route":"systemux:\/\/settings\/guardian_general?setting=guardian_customization_boundary_color_config","parent":"guardian"},{"id":"bug report","type":"void","mutable":false,"queryable":false,"route":"systemux:\/\/bug_report","parent":"about"},{"id":"controllers","type":"void","mutable":false,"queryable":false,"route":"systemux:\/\/settings\/controllers"},{"id":"display","type":"void","mutable":false,"queryable":false,"route":"systemux:\/\/settings\/display"},{"id":"do not disturb","type":"void","mutable":false,"queryable":false,"route":"systemux:\/\/settings\/do_not_disturb?setting=do_not_disturb","parent":"do not disturb"},{"id":"environment","type":"void","mutable":false,"queryable":false,"route":"systemux:\/\/settings\/environment"},{"id":"experimental","type":"void","mutable":false,"queryable":false,"route":"systemux:\/\/settings\/experiments"},{"id":"floor level","type":"void","mutable":false,"queryable":false,"route":"systemux:\/\/guardian\/guardian-adjust-floor","parent":"guardian"},{"id":"glanceable boundary","type":"void","mutable":false,"queryable":false,"route":"systemux:\/\/settings\/guardian_roomscale?setting=guardian_enable_glanceable_bounds","parent":"guardian"},{"id":"guardian","type":"void","mutable":false,"queryable":false,"route":"systemux:\/\/settings\/guardian_general"},{"id":"guardian history","type":"void","mutable":false,"queryable":false,"route":"systemux:\/\/settings\/guardian_general?setting=guardian_clear_history","parent":"guardian"},{"id":"guardian passthrough","type":"void","mutable":false,"queryable":false,"route":"systemux:\/\/settings\/guardian_general?setting=passthrough_on_demand","parent":"guardian"},{"id":"hand tracking","type":"void","mutable":false,"queryable":false,"route":"systemux:\/\/settings\/hands?setting=hands_hand_tracking","parent":"hands"},{"id":"health and safety","type":"void","mutable":false,"queryable":false,"route":"systemux:\/\/health_and_safety_video","parent":"about"},{"id":"language","type":"void","mutable":false,"queryable":false,"route":"systemux:\/\/settings\/language_and_region?setting=language","parent":"language and region"},{"id":"long press","type":"void","mutable":false,"queryable":false,"route":"systemux:\/\/settings\/controllers?setting=controllers_oculus_button_long_press","parent":"controllers"},{"id":"mac address","type":"void","mutable":false,"queryable":false,"route":"systemux:\/\/settings\/about?setting=about_mac_address","parent":"about"},{"id":"microphone","type":"void","mutable":false,"queryable":false,"route":"systemux:\/\/settings\/sound?setting=microphone","parent":"sound"},{"id":"night shift","type":"void","mutable":false,"queryable":false,"route":"systemux:\/\/settings\/display?setting=night_shift","parent":"display"},{"id":"notifications","type":"void","mutable":false,"queryable":false,"route":"systemux:\/\/settings\/notifications"},{"id":"os version","type":"void","mutable":false,"queryable":false,"route":"systemux:\/\/settings\/software_update?setting=os_version","parent":"about"},{"id":"permissions","type":"void","mutable":false,"queryable":false,"route":"systemux:\/\/settings\/permissions"},{"id":"power","type":"void","mutable":false,"queryable":false,"route":"systemux:\/\/settings\/power"},{"id":"privacy policy","type":"void","mutable":false,"queryable":false,"route":"systemux:\/\/settings\/about?setting=about_privacy_policy",
10-27 19:04:57.074  3400  3400 D [SUI] AnytimeUIAndroidPanelApp: Stored settings in pref store in 1813750 ns
10-27 19:04:57.074   844 10551 D SimpleC2Component: Using output block pool with poolID 53 => got 53 - 0
10-27 19:04:57.075  3400  3400 I PresenceAPK(ServiceApiManager): Trying to bind to presence service API.
10-27 19:04:57.075  1051  1184 W ActivityManager: Unable to start service Intent { act=com.oculus.presence.StablePresenceService cmp=com.oculus.presence/.services.presence.PresenceService } U=0: not found
10-27 19:04:57.075  3400  3400 E PresenceAPK(ServiceApiManager): Enabling backward compatible mode for service directory
10-27 19:04:57.076  3400  3400 D PresenceAPK(PresenceClient): setEventListener id=AnchoredHomeGroup
10-27 19:04:57.076  3400  3400 I PresenceAPK(GroupManager): addListener for id AnchoredHomeGroup
10-27 19:04:57.076  3400  3400 I PanelService: BEGIN: nativeInitializePanelInstance - Configure and set up thread polling.
10-27 19:04:57.076  3400  3400 I PanelService: BEGIN: Call hosted app's Configure method.
10-27 19:04:57.076  3400  3400 I PanelService: END: Call hosted app's Configure method.
10-27 19:04:57.076  3400  3400 I PanelService: END: nativeInitializePanelInstance - Add fd 53 to looper with error code 1
10-27 19:04:57.076   815  1743 D MediaBufferGroup: creating MemoryDealer
10-27 19:04:57.076  3400  3400 D CppPanelService: END: Initializing panel application via MSG_CREATE_PANEL_APP.
10-27 19:04:57.077  1388  9918 I CompositorVR: WarpToScreen: Skipping frames for 8
10-27 19:04:57.078  3400  3400 I [SUI] AnytimeUIAndroidPanelApp: Bar visibility changed to true
10-27 19:04:57.078  3400  3400 I [SUI] AnytimeUIAndroidPanelApp: updateGuardianConfig - 1 - 0.44444448
10-27 19:04:57.078  3400  3400 I [SUI] AnytimeUIAndroidPanelApp: updateGuardianConfig - 2 - 0.21500002
10-27 19:04:57.078  3400  3400 I [SUI] AnytimeUIAndroidPanelApp: updateGuardianConfig - 5 - 0.05
10-27 19:04:57.078  3400  3400 I [SUI] AnytimeUIAndroidPanelApp: updateGuardianConfig - 6 - 0.49999997
10-27 19:04:57.078  3400  3400 I [SUI] AnytimeUIAndroidPanelApp: updateGuardianConfig - 7 - 0.4
10-27 19:04:57.078  3400  3400 I [SUI] AnytimeUIAndroidPanelApp: updateGuardianConfig - 8 - 0.0
10-27 19:04:57.078  3400  3400 I [SUI] AnytimeUIAndroidPanelApp: updateGuardianConfig - 10 - 0.0
10-27 19:04:57.078  3400  3400 I [SUI] AnytimeUIAndroidPanelApp: updateGuardianConfig - 12 - 0.0
10-27 19:04:57.078  3400  3400 I [SUI] AnytimeUIAndroidPanelApp: updateGuardianConfig - 13 - 0.5
10-27 19:04:57.078  3400  3400 I [SUI] AnytimeUIAndroidPanelApp: updateGuardianConfig - 14 - 0.0
10-27 19:04:57.078  3400  3400 I [SUI] AnytimeUIAndroidPanelApp: updateGuardianConfig - 15 - 0.0
10-27 19:04:57.078  3400  3400 I [SUI] AnytimeUIAndroidPanelApp: updateGuardianConfig - 16 - 0.0
10-27 19:04:57.078  3400  3400 I [SUI] AnytimeUIAndroidPanelApp: updateGuardianConfig - 17 - 0.0
10-27 19:04:57.078  3400  3400 I [SUI] AnytimeUIAndroidPanelApp: updateGuardianConfig - 18 - 0.5
10-27 19:04:57.078  3400  3400 I [SUI] AnytimeUIAndroidPanelApp: updateGuardianConfig - 19 - 0.0
10-27 19:04:57.078  3400  3400 I [SUI] AnytimeUIAndroidPanelApp: updateGuardianConfig - 20 - 0.0
10-27 19:04:57.078  3400  3400 I [SUI] AnytimeUIAndroidPanelApp: updateGuardianConfig - 21 - 0.0
10-27 19:04:57.078  3400  3400 I [SUI] AnytimeUIAndroidPanelApp: updateGuardianConfig - 22 - 0.0
10-27 19:04:57.078  3400  3400 I [SUI] AnytimeUIAndroidPanelApp: updateGuardianConfig - 23 - 2.0
10-27 19:04:57.078  3400  3400 I [SUI] AnytimeUIAndroidPanelApp: updateGuardianConfig - 24 - 0.25
10-27 19:04:57.078  3400  3400 I [SUI] AnytimeUIAndroidPanelApp: updateGuardianConfig - 26 - 0.0
10-27 19:04:57.078  3400  3400 I [SUI] AnytimeUIAndroidPanelApp: updateGuardianConfig - 28 - 1.0
10-27 19:04:57.079  3400  3400 I AndroidPanelApp: Processing pending hide layer for layer #main.
10-27 19:04:57.079  3400  3400 I AndroidPanelApp: Processing pending show layer info for layer #main with width 800 and height 110.
10-27 19:04:57.079  3400  3400 I AndroidPanelApp: layerSupersample no changes
10-27 19:04:57.080  2836  3042 I [SEO] PanelRenderLayer: ResetSurface #main 0 x 0 - shape:0 stereo:0
10-27 19:04:57.080  2836  3042 I [SEO] PanelAppHost: Setting panel layer visibility of layer "#main" to invisible, panel 7 (com.oculus.systemux/com.oculus.panelapp.anytimeui.AnytimeUIAndroidPanelService)
10-27 19:04:57.080  2836  3042 I [SEO] PanelAppHost: Resize layer #main to size 800 x 110 shape: 1 stereo: 0, panel 7 (com.oculus.systemux/com.oculus.panelapp.anytimeui.AnytimeUIAndroidPanelService)
10-27 19:04:57.080  2836  3042 I [SEO] PanelRenderLayer: ResetSurface #main 800 x 110 - shape:1 stereo:0
10-27 19:04:57.085  3400  3400 I AndroidPanelApp: Processing next frame action "layerShow" for layer "#main"
10-27 19:04:57.088  1388  9918 I CompositorVR: WarpToScreen: Skipping frames for 8
10-27 19:04:57.099  1388  9918 I CompositorVR: WarpToScreen: Skipping frames for 8
10-27 19:04:57.107   852  5047 W TrackingService: attachClient: found client in attached list
10-27 19:04:57.108  4150  4227 E OsSdk   : error getting shared memory region, memory type: HeadTracker, failed with Status(-1, EX_SECURITY): 'requested shared memory region when not registered/focused'
10-27 19:04:57.109   844  1722 D BufferPoolAccessor: Destruction - bufferpool2 0x2e00fcaa30 cached: 0/0M, 0/0% in use; allocs: 0, 0% recycled; transfers: 0, 0% unfetced
10-27 19:04:57.109   844  1722 V C2Store : in ~ComponentModule
10-27 19:04:57.109   844  1722 V C2Store : unloading dll
10-27 19:04:57.110  1388  9918 I CompositorVR: WarpToScreen: Skipping frames for 8
10-27 19:04:57.118  1051  1075 W InputReader: Device has associated, but no associated display id.
10-27 19:04:57.119  3400 10549 I ipcLoader_static: RuntimeIPC: Loader: IPC Service API Loader Version: 31 Sep  3 2022 22:16:47
10-27 19:04:57.119  3400 10549 I RuntimeIPCApi: ipc_Initialize
10-27 19:04:57.119  3400 10549 I RuntimeIPCServiceClient: Init: Already initialized: com.oculus.systemux:SystemUX, 3
10-27 19:04:57.121  1051  1077 I DisplayManagerService: Display device changed state: "com.oculus.android_panel_app.AndroidPanelLayer-#main", ON
10-27 19:04:57.121  1388  9918 I CompositorVR: WarpToScreen: Skipping frames for 8
10-27 19:04:57.122  3400 10537 D NotificationsBadgeLiveData: MessageBadgeData, pullAndCheckNotifs, old data source notif count: 1, oc chats count: 0, messenger count: 0
10-27 19:04:57.127  1051  1748 E WindowManager: App trying to use insecure INPUT_FEATURE_NO_INPUT_CHANNEL flag. Ignoring
10-27 19:04:57.132  1051  1077 W InputReader: Device has associated, but no associated display id.
10-27 19:04:57.132  1051  1077 I ActivityTaskManager: Override config changes=20005df8 {0.0 ?mcc?mnc ?localeList ?layoutDir sw88dp w640dp h88dp 200dpi nrml long land ?uimode ?night -touch qwerty/v/v -nav/h winConfig={ mBounds=Rect(0, 0 - 800, 110) mAppBounds=Rect(0, 0 - 800, 110) mWindowingMode=fullscreen mDisplayWindowingMode=fullscreen mActivityType=undefined mAlwaysOnTop=undefined mRotation=ROTATION_0}} for displayId=17
10-27 19:04:57.132  3400  3400 D [SUI] AnytimeUIAndroidPanelApp: Received appStatus from VrShell: []
10-27 19:04:57.133  1388  9918 I CompositorVR: WarpToScreen: Skipping frames for 8
10-27 19:04:57.137  2836  3042 I [SEO] PanelAppAnalytics: First frame latency: 0.272 for id 7 com.oculus.systemux/com.oculus.panelapp.anytimeui.AnytimeUIAndroidPanelService
10-27 19:04:57.137  2836  3042 I [SEO] LayerSwapChainResource: LayerSwapChainResource 800,110 : 3
10-27 19:04:57.137  1388  2802 I VrRuntimeService: CreateSwapChain: 1970350996
10-27 19:04:57.137  1388  2802 I VrRuntimeService: CreateSwapChain: api:vk 0 0x2b 800 110 10 3 1 4 3
10-27 19:04:57.138  1388  2802 W SwapChain_Vulkan: CreateTextureSwapChainFoveationVulkan: ShouldCreateFragmentDensityMap: false
10-27 19:04:57.138  1388  2802 W SwapChain_Vulkan: ExportTextureResourcesFoveationVulkan: chain->VkInteropFoveation.Device == nullptr
10-27 19:04:57.138  1388  2802 W SwapChain: CreateTextureSwapChainFoveation: export failed
10-27 19:04:57.138  1388  2802 I VrRuntimeServer: CreateTextureSwapChain: result importswapchaingles 1
10-27 19:04:57.139  2092  3229 I SwapChain_Vulkan: Imported texture has requirements 3, ends up index 0
10-27 19:04:57.139  2092  3229 I chatty  : uid=10014(com.oculus.shellenv) Thread-26 identical 1 line
10-27 19:04:57.139  2092  3229 I SwapChain_Vulkan: Imported texture has requirements 3, ends up index 0
10-27 19:04:57.139  2092  3229 W VrRuntimeClient: CreateTextureSwapChain: Failed to import foveation swapchain
10-27 19:04:57.140  3400  3400 D [SUI] ActivityManagerUtilsHelper: onFocusedWindowChanged: Instance: com.oculus.panelapp.anytimeui.utils.ActivityManagerUtilsHelper@34b6e4b, topWindowUid: 10020, focusedApp: com.oculus.vrshell, previousApp: null
10-27 19:04:57.141  3400  3400 D [SUI] AnytimeUIBroadcastReceiver: action: com.oculus.systemactivities.CAPTURE_STATE_UPDATE
10-27 19:04:57.141  3400  3400 I [SUI] AnytimeUIBroadcastReceiver: handleCaptureStateUpdate: captureToDisk false, captureEnabled false, isCapturingAbuseReport false, abuseRecordingUUID null
10-27 19:04:57.141  1388  2802 I VrRuntimeService: UpdateSwapChainSamplerState: 217
10-27 19:04:57.141  1388  2802 I VrRuntimeService: UpdateSwapChainSamplerState: minFilter=1 magFilter=1 wrapModeS=3 warpModeT=3 maxAniso=1.000000 border={0.000000,0.000000,0.000000,0.000000} swizzle={0,1,2,3}
10-27 19:04:57.144  1388  9918 I CompositorVR: WarpToScreen: Skipping frames for 8
10-27 19:04:57.144  2534  2551 D RuntimeIPCServerMgr: RegisterClient: Client: com.oculus.systemux:com.oculus.systemux:SystemUX:3400, Server: com.oculus.presence:com.oculus.presence (PubSubServer)
10-27 19:04:57.144  2534  2551 I IPCSharedMemory: CreateSharedMemory: Allocated shared memory fd 122 (ipcStateReadWrite)
10-27 19:04:57.146  2534  2551 I IPCSharedMemory: CreateSharedMemory: Allocated shared memory fd 123 (ipcReadOnlyState)
10-27 19:04:57.146  2534  2551 I RuntimeIPCServerMgr: Event buffer size (server): 8192
10-27 19:04:57.148  2534  2551 I IPCSharedMemory: CreateSharedMemory: Allocated shared memory fd 126 (ipcEventBuffer)
10-27 19:04:57.148  2534  2551 I IPCSharedMemory: CreateSharedMemory: Allocated shared memory fd 127 (ipcEventBuffer_Private)
10-27 19:04:57.151  2534  2551 I RuntimeIPCServerMgr: HandleClientConnect SUCCESS: Client: com.oculus.systemux:com.oculus.systemux:SystemUX:3400, Server: com.oculus.presence:com.oculus.presence (PubSubServer)
10-27 19:04:57.153  2534  2551 I RuntimeIPCServerMgr: GetServerStatesConfig -> {MaxBufferSize=32768, MaxEntries=64}
10-27 19:04:57.154  3400 10549 I RuntimeIPCClient: GetServerStatesConfig returned maxEntries=64, maxBuffSize=32768
10-27 19:04:57.154  3400 10549 I RuntimeIPCClient: Event buffer size (client): 8192
10-27 19:04:57.154  3400 10549 I RuntimeIPCClient: TryToGetIPCResourcesFromServer: RPC_CONNECTOR_CONNECT_TO_SERVER SUCCESS: Client: com.oculus.systemux:com.oculus.systemux:SystemUX:3400, Server: com.oculus.presence:com.oculus.presence (PubSubServer)
10-27 19:04:57.154  3400 10549 I RuntimeIPCClient: EnsureServerConnection: SUCCESS. Client: com.oculus.systemux:com.oculus.systemux:SystemUX:3400, Server: com.oculus.presence:com.oculus.presence (PubSubServer)
10-27 19:04:57.154  3400 10549 I RuntimeIPCClientMgr: ConnectToServer: SUCCESS: Client: com.oculus.systemux:com.oculus.systemux:SystemUX:3400, Server: com.oculus.presence:com.oculus.presence (PubSubServer)
10-27 19:04:57.154  3400 10549 W REFLECT : RuntimeIPC: DeferredConnectEvent not valid: 0, 16777223
10-27 19:04:57.154  4150  4227 E OsSdk   : error getting shared memory region, memory type: HeadTracker, failed with Status(-1, EX_SECURITY): 'requested shared memory region when not registered/focused'
10-27 19:04:57.155  1388  9918 I CompositorVR: WarpToScreen: Skipping frames for 8
10-27 19:04:57.155  3400  3400 I PresenceAPK(ServiceApiManager): onServiceConnected componentName=ComponentInfo{com.oculus.presence/com.oculus.presence.service.PresenceService}
10-27 19:04:57.156  3400  3400 I PresenceAPK(ServiceApiManager): setting apiStatusListener
10-27 19:04:57.156  3400  3400 D [SUI] AnytimeUIBroadcastReceiver: action: com.oculus.systemactivities.LOCAL_STREAM_STATE_UPDATE
10-27 19:04:57.156  3400  3564 I PresenceAPK(ServiceApiManager): onApiReady
10-27 19:04:57.156  3400  3400 D [SUI] ScreenCaptureUtil: onLocalStreamStateUpdate(isCaptureRunning = false)
10-27 19:04:57.156  3400  3400 D [SUI] ScreenCaptureUtil: onLocalStreamStateUpdate(isCaptureRunning = false)
10-27 19:04:57.160  3400  3400 D [SUI] AnytimeUIBroadcastReceiver: action: com.oculus.systemactivities.CAPTURE_STATE_UPDATE
10-27 19:04:57.160  3400  3400 I [SUI] AnytimeUIBroadcastReceiver: handleCaptureStateUpdate: captureToDisk false, captureEnabled false, isCapturingAbuseReport false, abuseRecordingUUID null
10-27 19:04:57.160  3400  3400 D [SUI] AnytimeUIBroadcastReceiver: action: com.oculus.systemactivities.LOCAL_STREAM_STATE_UPDATE
10-27 19:04:57.160  3400  3400 D [SUI] ScreenCaptureUtil: onLocalStreamStateUpdate(isCaptureRunning = false)
10-27 19:04:57.160  3400  3400 D [SUI] ScreenCaptureUtil: onLocalStreamStateUpdate(isCaptureRunning = false)
10-27 19:04:57.160  3400  3400 I PresenceAPK(ServiceApiManager): onServiceConnected componentName=ComponentInfo{com.oculus.presence/com.oculus.presence.service.PresenceService}
10-27 19:04:57.161  3400  3400 I PresenceAPK(ServiceApiManager): setting apiStatusListener
10-27 19:04:57.162  3400  3418 I PresenceAPK(ServiceApiManager): onApiReady
10-27 19:04:57.162  3400  3400 V [SUI] BarView: Notifs badge count: 1, Messenger badge count 0
10-27 19:04:57.166  1388  9918 I CompositorVR: WarpToScreen: Skipping frames for 8
10-27 19:04:57.167  3400 10549 D HyperspaceClientJni: initHyperspacePresenceServiceClient finished
10-27 19:04:57.167  3400 10549 D HyperspaceClientJni: initInternal - finish
10-27 19:04:57.167  3400 10549 I HyperspaceClient: Service connection changed: true
10-27 19:04:57.167  3400 10549 D HyperspaceClientJni: initHyperspacePresenceServiceClientCallsInfoChangedCallback
10-27 19:04:57.169  2534  3384 I RuntimeIPCServerMgr: GetServerStatesConfig -> {MaxBufferSize=32768, MaxEntries=64}
10-27 19:04:57.169  3400 10549 I RuntimeIPCClient: GetServerStatesConfig returned maxEntries=64, maxBuffSize=32768
10-27 19:04:57.169  3400 10549 I RuntimeIPCClient: InitServerStateBuffer: SUCCESS. 2, Client: com.oculus.systemux:com.oculus.systemux:SystemUX:3400, Server: com.oculus.presence:com.oculus.presence (PubSubServer)
10-27 19:04:57.177  1388  9918 I CompositorVR: WarpToScreen: Skipping frames for 8
10-27 19:04:57.187  3400  3564 I PresenceAPK(ServicePresenceClient): calling onServiceUp
10-27 19:04:57.188  1388  9918 I CompositorVR: WarpToScreen: Skipping frames for 8
10-27 19:04:57.191  2836  3042 I [SEO] PanelAppHost: Setting panel layer visibility of layer "#main" to visible, panel 7 (com.oculus.systemux/com.oculus.panelapp.anytimeui.AnytimeUIAndroidPanelService)
10-27 19:04:57.191  3400  3400 D HyperspaceClient: onCallsInfoChanged: []
10-27 19:04:57.199  1388  9918 I CompositorVR: WarpToScreen: Skipping frames for 8
10-27 19:04:57.199   852  5047 I chatty  : uid=1000(system) Binder:852_5 identical 2 lines
10-27 19:04:57.200  3400 10537 W OVRLibrary: null cursor received for query content://com.oculus.ocms.library/apps/com.oculus.shellenv
10-27 19:04:57.200  4150  4227 E OsSdk   : error getting shared memory region, memory type: HeadTracker, failed with Status(-1, EX_SECURITY): 'requested shared memory region when not registered/focused'
10-27 19:04:57.208  3400  3418 I PresenceAPK(ServicePresenceClient): calling onServiceUp
10-27 19:04:57.210  1388  9918 I CompositorVR: WarpToScreen: Skipping frames for 8
10-27 19:04:57.221  1388  1388 D VrRuntimeService: onForegroundActivitiesChanged: pid=10144, uid=10015, hasForegroundActivities=false
10-27 19:04:57.222  1388  9918 I CompositorVR: WarpToScreen: Skipping frames for 8
10-27 19:04:57.231   852  5047 W TrackingService: attachClient: found client in attached list
10-27 19:04:57.232   852  5047 D TrackingService: getSharedMemory: com.oculus.systemdriver, HeadTracker
10-27 19:04:57.233  1388  9918 I CompositorVR: WarpToScreen: Skipping frames for 8
10-27 19:04:57.234   852  3737 W TrackingService: attachClient: found client in attached list
10-27 19:04:57.235   852  3737 D TrackingService: getSharedMemory: com.oculus.vrshell, HeadTracker
10-27 19:04:57.236   852  3737 W TrackingService: attachClient: found client in attached list
10-27 19:04:57.236  3400  3400 D [SUI] SystemUXFunnelLogServerLogger: Impression Event: oculus_impressions_tile_impressioned LogInfo{duration=0, mLogId='com.oculus.explore', mContentType=APP, mPosX=0, mPosy=0, mGlobalPos=0, mSurface=AUI, mSubSurface=null, mClickEventType=null}
10-27 19:04:57.236  3400  3400 D [SUI] SystemUXFunnelLogServerLogger: Impression Event: oculus_impressions_tile_impressioned LogInfo{duration=0, mLogId='com.oculus.store', mContentType=APP, mPosX=1, mPosy=0, mGlobalPos=1, mSurface=AUI, mSubSurface=null, mClickEventType=null}
10-27 19:04:57.236  3400  3400 D [SUI] SystemUXFunnelLogServerLogger: Impression Event: oculus_impressions_tile_impressioned LogInfo{duration=0, mLogId='messenger_system_app', mContentType=APP, mPosX=2, mPosy=0, mGlobalPos=2, mSurface=AUI, mSubSurface=null, mClickEventType=null}
10-27 19:04:57.236  3400  3400 D [SUI] SystemUXFunnelLogServerLogger: Impression Event: oculus_impressions_tile_impressioned LogInfo{duration=0, mLogId='share_system_app', mContentType=APP, mPosX=3, mPosy=0, mGlobalPos=3, mSurface=AUI, mSubSurface=null, mClickEventType=null}
10-27 19:04:57.237   852  3737 D TrackingService: getSharedMemory: com.oculus.guardian, HeadTracker
10-27 19:04:57.240   852  5047 W TrackingService: attachClient: found client in attached list
10-27 19:04:57.241   852  3737 W TrackingService: attachClient: found client in attached list
10-27 19:04:57.241   852  3737 D TrackingService: getSharedMemory: com.oculus.shellenv, HeadTracker
10-27 19:04:57.242  4150  4227 E OsSdk   : error getting shared memory region, memory type: HeadTracker, failed with Status(-1, EX_SECURITY): 'requested shared memory region when not registered/focused'
10-27 19:04:57.242   852  3737 W TrackingService: attachClient: found client in attached list
10-27 19:04:57.244  4150  4227 E OsSdk   : error getting shared memory region, memory type: AnchorTracker, failed with Status(-1, EX_SECURITY): 'requested shared memory region when not registered/focused'
10-27 19:04:57.244  1388  9918 I CompositorVR: WarpToScreen: Skipping frames for 8
10-27 19:04:57.255  1388  9918 I chatty  : uid=10025(com.oculus.systemdriver) OVR::TimeWarp identical 1 line
10-27 19:04:57.266  1388  9918 I CompositorVR: WarpToScreen: Skipping frames for 8
10-27 19:04:57.269  3400  3400 W [SUI] AsyncQueryHandlerBase: Callback reference is null
10-27 19:04:57.277  1388  9918 I CompositorVR: WarpToScreen: Skipping frames for 8
10-27 19:04:57.283   852  9913 W [CT]    : TIMESTAMPCHECKER: Nominal rate wrong. Estimated data rate: 25, Nominal is 30.000300003000028
10-27 19:04:57.288   852  3737 W TrackingService: attachClient: found client in attached list
10-27 19:04:57.289  1388  9918 I CompositorVR: WarpToScreen: Skipping frames for 8
10-27 19:04:57.293  4150  4227 E OsSdk   : error getting shared memory region, memory type: HeadTracker, failed with Status(-1, EX_SECURITY): 'requested shared memory region when not registered/focused'
10-27 19:04:57.300  3400  3564 I PresenceAPK(PresenceClient): onServiceUp
10-27 19:04:57.300  1388  9918 I CompositorVR: WarpToScreen: Skipping frames for 8
10-27 19:04:57.300  3400  3564 I PresenceAPK(GroupManager): onConnected
10-27 19:04:57.304  3400  5097 I PresenceAPK(GroupManager): initialEnumerationFinished
10-27 19:04:57.304  3400  5097 I PresenceAPK(GroupManager): no reconnect groups
10-27 19:04:57.307  2092 10561 D CCodec  : allocate(c2.android.vorbis.decoder)
10-27 19:04:57.308   844  1722 V C2Store : in init
10-27 19:04:57.308   844  1722 V C2Store : loading dll
10-27 19:04:57.311  2092 10561 I CCodec  : Created component [c2.android.vorbis.decoder]
10-27 19:04:57.311  1388  9918 I CompositorVR: WarpToScreen: Skipping frames for 8
10-27 19:04:57.311  2092 10561 D CCodecConfig: read media type: audio/vorbis
10-27 19:04:57.313  2092 10561 D ReflectedParamUpdater: extent() != 1 for single value type: algo.buffers.max-count.values
10-27 19:04:57.313  2092 10561 D ReflectedParamUpdater: extent() != 1 for single value type: output.subscribed-indices.values
10-27 19:04:57.313  2092 10561 D ReflectedParamUpdater: extent() != 1 for single value type: input.buffers.allocator-ids.values
10-27 19:04:57.313  2092 10561 D ReflectedParamUpdater: extent() != 1 for single value type: output.buffers.allocator-ids.values
10-27 19:04:57.313  2092 10561 D ReflectedParamUpdater: extent() != 1 for single value type: algo.buffers.allocator-ids.values
10-27 19:04:57.313  2092 10561 D ReflectedParamUpdater: extent() != 1 for single value type: output.buffers.pool-ids.values
10-27 19:04:57.313  2092 10561 D ReflectedParamUpdater: extent() != 1 for single value type: algo.buffers.pool-ids.values
10-27 19:04:57.314  3400  3418 I PresenceAPK(PresenceClient): onServiceUp
10-27 19:04:57.314  3400  3418 I PresenceAPK(GroupManager): onConnected
10-27 19:04:57.314  3400  5097 I PresenceAPK(GroupManager): initialEnumerationFinished
10-27 19:04:57.314  3400  5097 I PresenceAPK(GroupManager): no reconnect groups
10-27 19:04:57.315  2092 10561 I CCodecConfig: query failed after returning 7 values (BAD_INDEX)
10-27 19:04:57.315  2092 10561 D CCodecConfig: c2 config diff is Dict {
10-27 19:04:57.315  2092 10561 D CCodecConfig:   c2::u32 coded.bitrate.value = 64000
10-27 19:04:57.315  2092 10561 D CCodecConfig:   c2::u32 input.buffers.max-size.value = 32768
10-27 19:04:57.315  2092 10561 D CCodecConfig:   c2::u32 input.delay.value = 0
10-27 19:04:57.315  2092 10561 D CCodecConfig:   string input.media-type.value = "audio/vorbis"
10-27 19:04:57.315  2092 10561 D CCodecConfig:   string output.media-type.value = "audio/raw"
10-27 19:04:57.315  2092 10561 D CCodecConfig:   c2::u32 raw.channel-count.value = 1
10-27 19:04:57.315  2092 10561 D CCodecConfig:   c2::u32 raw.sample-rate.value = 48000
10-27 19:04:57.315  2092 10561 D CCodecConfig: }
10-27 19:04:57.315  2092 10561 D CCodecConfig: no c2 equivalents for durationUs
10-27 19:04:57.315  2092 10561 D CCodecConfig: no c2 equivalents for csd-1
10-27 19:04:57.315  2092 10561 D CCodecConfig: no c2 equivalents for track-id
10-27 19:04:57.315  2092 10561 D CCodecConfig: no c2 equivalents for channel-mask
10-27 19:04:57.315  2092 10561 D CCodecConfig: c2 config diff is   c2::u32 raw.channel-count.value = 2
10-27 19:04:57.315  2092 10561 D CCodecConfig:   c2::u32 raw.sample-rate.value = 44100
10-27 19:04:57.316  2092 10561 W Codec2Client: query -- param skipped: index = 1107298332.
10-27 19:04:57.316  2092 10561 D CCodec  : setup formats input: AMessage(what = 0x00000000) = {
10-27 19:04:57.316  2092 10561 D CCodec  :   int32_t channel-count = 2
10-27 19:04:57.316  2092 10561 D CCodec  :   int32_t max-input-size = 32768
10-27 19:04:57.316  2092 10561 D CCodec  :   string mime = "audio/vorbis"
10-27 19:04:57.316  2092 10561 D CCodec  :   int32_t sample-rate = 44100
10-27 19:04:57.316  2092 10561 D CCodec  : } and output: AMessage(what = 0x00000000) = {
10-27 19:04:57.316  2092 10561 D CCodec  :   int32_t channel-count = 2
10-27 19:04:57.316  2092 10561 D CCodec  :   string mime = "audio/raw"
10-27 19:04:57.316  2092 10561 D CCodec  :   int32_t sample-rate = 44100
10-27 19:04:57.316  2092 10561 D CCodec  :   int32_t channel-mask = 3
10-27 19:04:57.316  2092 10561 D CCodec  : }
10-27 19:04:57.319   844  1720 V C2Store : in ~ComponentModule
10-27 19:04:57.319   844  1720 V C2Store : unloading dll
10-27 19:04:57.322  1388  9918 I CompositorVR: WarpToScreen: Skipping frames for 8
10-27 19:04:57.333  1388  9918 I CompositorVR: WarpToScreen: Skipping frames for 8
10-27 19:04:57.339   852  5047 W TrackingService: attachClient: found client in attached list
10-27 19:04:57.341  4150  4227 E OsSdk   : error getting shared memory region, memory type: HeadTracker, failed with Status(-1, EX_SECURITY): 'requested shared memory region when not registered/focused'
10-27 19:04:57.344  1388  9918 I CompositorVR: WarpToScreen: Skipping frames for 8
10-27 19:04:57.347  2092 10564 D CCodec  : allocate(c2.android.vorbis.decoder)
10-27 19:04:57.347   844  1720 V C2Store : in init
10-27 19:04:57.347   844  1720 V C2Store : loading dll
10-27 19:04:57.352  2092 10564 I CCodec  : Created component [c2.android.vorbis.decoder]
10-27 19:04:57.352  2092 10564 D CCodecConfig: read media type: audio/vorbis
10-27 19:04:57.353  1594 10555 W ContextImpl: Calling a method in the system process without a qualified user: android.app.ContextImpl.sendBroadcast:1057 android.content.ContextWrapper.sendBroadcast:448 X.o0.A00:133 X.nZ.A00:17 X.nZ.handleMessage:91 
10-27 19:04:57.353  2092 10564 D ReflectedParamUpdater: extent() != 1 for single value type: algo.buffers.max-count.values
10-27 19:04:57.354  2092 10564 D ReflectedParamUpdater: extent() != 1 for single value type: output.subscribed-indices.values
10-27 19:04:57.354  2092 10564 D ReflectedParamUpdater: extent() != 1 for single value type: input.buffers.allocator-ids.values
10-27 19:04:57.354  2092 10564 D ReflectedParamUpdater: extent() != 1 for single value type: output.buffers.allocator-ids.values
10-27 19:04:57.354  2092 10564 D ReflectedParamUpdater: extent() != 1 for single value type: algo.buffers.allocator-ids.values
10-27 19:04:57.354  2092 10564 D ReflectedParamUpdater: extent() != 1 for single value type: output.buffers.pool-ids.values
10-27 19:04:57.354  2092 10564 D ReflectedParamUpdater: extent() != 1 for single value type: algo.buffers.pool-ids.values
10-27 19:04:57.355  1388  9918 I CompositorVR: WarpToScreen: Skipping frames for 8
10-27 19:04:57.355  2092 10564 I CCodecConfig: query failed after returning 7 values (BAD_INDEX)
10-27 19:04:57.355  2092 10564 D CCodecConfig: c2 config diff is Dict {
10-27 19:04:57.355  2092 10564 D CCodecConfig:   c2::u32 coded.bitrate.value = 64000
10-27 19:04:57.355  2092 10564 D CCodecConfig:   c2::u32 input.buffers.max-size.value = 32768
10-27 19:04:57.355  2092 10564 D CCodecConfig:   c2::u32 input.delay.value = 0
10-27 19:04:57.355  2092 10564 D CCodecConfig:   string input.media-type.value = "audio/vorbis"
10-27 19:04:57.355  2092 10564 D CCodecConfig:   string output.media-type.value = "audio/raw"
10-27 19:04:57.355  2092 10564 D CCodecConfig:   c2::u32 raw.channel-count.value = 1
10-27 19:04:57.355  2092 10564 D CCodecConfig:   c2::u32 raw.sample-rate.value = 48000
10-27 19:04:57.355  2092 10564 D CCodecConfig: }
10-27 19:04:57.356  2092 10564 D CCodecConfig: no c2 equivalents for durationUs
10-27 19:04:57.356  2092 10564 D CCodecConfig: no c2 equivalents for csd-1
10-27 19:04:57.356  2092 10564 D CCodecConfig: no c2 equivalents for track-id
10-27 19:04:57.356  2092 10564 D CCodecConfig: no c2 equivalents for channel-mask
10-27 19:04:57.356  2092 10564 D CCodecConfig: c2 config diff is   c2::u32 raw.channel-count.value = 2
10-27 19:04:57.356  2092 10564 D CCodecConfig:   c2::u32 raw.sample-rate.value = 44100
10-27 19:04:57.356  2092 10564 W Codec2Client: query -- param skipped: index = 1107298332.
10-27 19:04:57.356  2092 10564 D CCodec  : setup formats input: AMessage(what = 0x00000000) = {
10-27 19:04:57.356  2092 10564 D CCodec  :   int32_t channel-count = 2
10-27 19:04:57.356  2092 10564 D CCodec  :   int32_t max-input-size = 32768
10-27 19:04:57.356  2092 10564 D CCodec  :   string mime = "audio/vorbis"
10-27 19:04:57.356  2092 10564 D CCodec  :   int32_t sample-rate = 44100
10-27 19:04:57.356  2092 10564 D CCodec  : } and output: AMessage(what = 0x00000000) = {
10-27 19:04:57.356  2092 10564 D CCodec  :   int32_t channel-count = 2
10-27 19:04:57.356  2092 10564 D CCodec  :   string mime = "audio/raw"
10-27 19:04:57.356  2092 10564 D CCodec  :   int32_t sample-rate = 44100
10-27 19:04:57.356  2092 10564 D CCodec  :   int32_t channel-mask = 3
10-27 19:04:57.356  2092 10564 D CCodec  : }
10-27 19:04:57.360  2092 10564 W Codec2Client: query -- param skipped: index = 1342179345.
10-27 19:04:57.360  2092 10564 W Codec2Client: query -- param skipped: index = 2415921170.
10-27 19:04:57.360  2092 10564 D CCodecBufferChannel: [c2.android.vorbis.decoder#629] Created input block pool with allocatorID 16 => poolID 27 - OK (0)
10-27 19:04:57.361   844  1720 D BufferPoolAccessor: bufferpool2 0x2e00fcc830 : 0(0 size) total buffers - 0(0 size) used buffers - 134/136 (recycle/alloc) - 2/134 (fetch/transfer)
10-27 19:04:57.361   844  1720 D BufferPoolAccessor: Destruction - bufferpool2 0x2e00fcc830 cached: 0/0M, 0/0% in use; allocs: 136, 99% recycled; transfers: 134, 99% unfetced
10-27 19:04:57.362   844  1722 D BufferPoolAccessor: bufferpool2 0x2e00fd1830 : 0(0 size) total buffers - 0(0 size) used buffers - 186/188 (recycle/alloc) - 2/186 (fetch/transfer)
10-27 19:04:57.362  2092 10564 I CCodecBufferChannel: [c2.android.vorbis.decoder#629] Created output block pool with allocatorID 16 => poolID 54 - OK
10-27 19:04:57.362   844  1722 D BufferPoolAccessor: Destruction - bufferpool2 0x2e00fd1830 cached: 0/0M, 0/0% in use; allocs: 188, 99% recycled; transfers: 186, 99% unfetced
10-27 19:04:57.362  2092 10564 D CCodecBufferChannel: [c2.android.vorbis.decoder#629] Configured output block pool ids 54 => OK
10-27 19:04:57.364   844 10565 D SimpleC2Component: Using output block pool with poolID 54 => got 54 - 0
10-27 19:04:57.366  1388  9918 I CompositorVR: WarpToScreen: Skipping frames for 8
10-27 19:04:57.368  2092 10564 D CCodecBufferChannel: [c2.android.vorbis.decoder#629] Discard frames from previous generation.
10-27 19:04:57.374   852  5047 I chatty  : uid=1000(system) Binder:852_5 identical 1 line
10-27 19:04:57.374  2092 10564 D CCodecBufferChannel: [c2.android.vorbis.decoder#629] Discard frames from previous generation.
10-27 19:04:57.374  4150  4227 E OsSdk   : error getting shared memory region, memory type: HeadTracker, failed with Status(-1, EX_SECURITY): 'requested shared memory region when not registered/focused'
10-27 19:04:57.375   844  1722 D BufferPoolAccessor: Destruction - bufferpool2 0x2e00fcaa30 cached: 0/0M, 0/0% in use; allocs: 0, 0% recycled; transfers: 0, 0% unfetced
10-27 19:04:57.376   844  1722 V C2Store : in ~ComponentModule
10-27 19:04:57.376   844  1722 V C2Store : unloading dll
10-27 19:04:57.378  1388  9918 I CompositorVR: WarpToScreen: Skipping frames for 8
10-27 19:04:57.389  1388  9918 I chatty  : uid=10025(com.oculus.systemdriver) OVR::TimeWarp identical 1 line
10-27 19:04:57.400  1388  9918 I CompositorVR: WarpToScreen: Skipping frames for 8
10-27 19:04:57.401  2092 10567 D CCodec  : allocate(c2.android.vorbis.decoder)
10-27 19:04:57.401   844  1722 V C2Store : in init
10-27 19:04:57.401   844  1722 V C2Store : loading dll
10-27 19:04:57.408  2092 10567 I CCodec  : Created component [c2.android.vorbis.decoder]
10-27 19:04:57.408  2092 10567 D CCodecConfig: read media type: audio/vorbis
10-27 19:04:57.409  2092 10567 D ReflectedParamUpdater: extent() != 1 for single value type: algo.buffers.max-count.values
10-27 19:04:57.410  2092 10567 D ReflectedParamUpdater: extent() != 1 for single value type: output.subscribed-indices.values
10-27 19:04:57.410  2092 10567 D ReflectedParamUpdater: extent() != 1 for single value type: input.buffers.allocator-ids.values
10-27 19:04:57.410  2092 10567 D ReflectedParamUpdater: extent() != 1 for single value type: output.buffers.allocator-ids.values
10-27 19:04:57.410  2092 10567 D ReflectedParamUpdater: extent() != 1 for single value type: algo.buffers.allocator-ids.values
10-27 19:04:57.410  2092 10567 D ReflectedParamUpdater: extent() != 1 for single value type: output.buffers.pool-ids.values
10-27 19:04:57.410  2092 10567 D ReflectedParamUpdater: extent() != 1 for single value type: algo.buffers.pool-ids.values
10-27 19:04:57.411  2092 10567 I CCodecConfig: query failed after returning 7 values (BAD_INDEX)
10-27 19:04:57.411  2092 10567 D CCodecConfig: c2 config diff is Dict {
10-27 19:04:57.411  2092 10567 D CCodecConfig:   c2::u32 coded.bitrate.value = 64000
10-27 19:04:57.411  2092 10567 D CCodecConfig:   c2::u32 input.buffers.max-size.value = 32768
10-27 19:04:57.411  2092 10567 D CCodecConfig:   c2::u32 input.delay.value = 0
10-27 19:04:57.411  2092 10567 D CCodecConfig:   string input.media-type.value = "audio/vorbis"
10-27 19:04:57.411  2092 10567 D CCodecConfig:   string output.media-type.value = "audio/raw"
10-27 19:04:57.411  2092 10567 D CCodecConfig:   c2::u32 raw.channel-count.value = 1
10-27 19:04:57.411  2092 10567 D CCodecConfig:   c2::u32 raw.sample-rate.value = 48000
10-27 19:04:57.411  2092 10567 D CCodecConfig: }
10-27 19:04:57.411  1388  9918 I CompositorVR: WarpToScreen: Skipping frames for 8
10-27 19:04:57.411  2092 10567 D CCodecConfig: no c2 equivalents for durationUs
10-27 19:04:57.411  2092 10567 D CCodecConfig: no c2 equivalents for csd-1
10-27 19:04:57.411  2092 10567 D CCodecConfig: no c2 equivalents for track-id
10-27 19:04:57.411  2092 10567 D CCodecConfig: no c2 equivalents for channel-mask
10-27 19:04:57.411  2092 10567 D CCodecConfig: c2 config diff is   c2::u32 raw.channel-count.value = 2
10-27 19:04:57.411  2092 10567 D CCodecConfig:   c2::u32 raw.sample-rate.value = 44100
10-27 19:04:57.412  2092 10567 W Codec2Client: query -- param skipped: index = 1107298332.
10-27 19:04:57.412  2092 10567 D CCodec  : setup formats input: AMessage(what = 0x00000000) = {
10-27 19:04:57.412  2092 10567 D CCodec  :   int32_t channel-count = 2
10-27 19:04:57.412  2092 10567 D CCodec  :   int32_t max-input-size = 32768
10-27 19:04:57.412  2092 10567 D CCodec  :   string mime = "audio/vorbis"
10-27 19:04:57.412  2092 10567 D CCodec  :   int32_t sample-rate = 44100
10-27 19:04:57.412  2092 10567 D CCodec  : } and output: AMessage(what = 0x00000000) = {
10-27 19:04:57.412  2092 10567 D CCodec  :   int32_t channel-count = 2
10-27 19:04:57.412  2092 10567 D CCodec  :   string mime = "audio/raw"
10-27 19:04:57.412  2092 10567 D CCodec  :   int32_t sample-rate = 44100
10-27 19:04:57.412  2092 10567 D CCodec  :   int32_t channel-mask = 3
10-27 19:04:57.412  2092 10567 D CCodec  : }
10-27 19:04:57.417   844  1721 V C2Store : in ~ComponentModule
10-27 19:04:57.417   844  1721 V C2Store : unloading dll
10-27 19:04:57.418   852  5047 W TrackingService: attachClient: found client in attached list
10-27 19:04:57.419  4150  4227 E OsSdk   : error getting shared memory region, memory type: HeadTracker, failed with Status(-1, EX_SECURITY): 'requested shared memory region when not registered/focused'
10-27 19:04:57.422  1388  9918 I CompositorVR: WarpToScreen: Skipping frames for 8
10-27 19:04:57.422  1594 10533 W ContextImpl: Calling a method in the system process without a qualified user: android.app.ContextImpl.sendBroadcast:1057 android.content.ContextWrapper.sendBroadcast:448 X.o0.A00:133 X.nZ.A00:17 X.nZ.handleMessage:91 
10-27 19:04:57.433  1388  9918 I CompositorVR: WarpToScreen: Skipping frames for 8
10-27 19:04:57.437  3400  3400 D [SUI] SystemUXFunnelLogServerLogger: VPV Event: oculus_impressions_tile_vpved LogInfo{duration=250, mLogId='com.oculus.explore', mContentType=APP, mPosX=0, mPosy=0, mGlobalPos=0, mSurface=AUI, mSubSurface=null, mClickEventType=null}
10-27 19:04:57.437  3400  3400 D [SUI] SystemUXFunnelLogServerLogger: VPV Event: oculus_impressions_tile_vpved LogInfo{duration=250, mLogId='com.oculus.store', mContentType=APP, mPosX=1, mPosy=0, mGlobalPos=1, mSurface=AUI, mSubSurface=null, mClickEventType=null}
10-27 19:04:57.437  3400  3400 D [SUI] SystemUXFunnelLogServerLogger: VPV Event: oculus_impressions_tile_vpved LogInfo{duration=250, mLogId='messenger_system_app', mContentType=APP, mPosX=2, mPosy=0, mGlobalPos=2, mSurface=AUI, mSubSurface=null, mClickEventType=null}
10-27 19:04:57.437  3400  3400 D [SUI] SystemUXFunnelLogServerLogger: VPV Event: oculus_impressions_tile_vpved LogInfo{duration=250, mLogId='share_system_app', mContentType=APP, mPosX=3, mPosy=0, mGlobalPos=3, mSurface=AUI, mSubSurface=null, mClickEventType=null}
10-27 19:04:57.444  1388  9918 I CompositorVR: WarpToScreen: Skipping frames for 8
10-27 19:04:57.452  2092 10570 D CCodec  : allocate(c2.android.vorbis.decoder)
10-27 19:04:57.452   844  1721 V C2Store : in init
10-27 19:04:57.452   844  1721 V C2Store : loading dll
10-27 19:04:57.456  1388  9918 I CompositorVR: WarpToScreen: Skipping frames for 8
10-27 19:04:57.456  2092 10570 I CCodec  : Created component [c2.android.vorbis.decoder]
10-27 19:04:57.456  2092 10570 D CCodecConfig: read media type: audio/vorbis
10-27 19:04:57.458  2092 10570 D ReflectedParamUpdater: extent() != 1 for single value type: algo.buffers.max-count.values
10-27 19:04:57.460  2092 10570 D ReflectedParamUpdater: extent() != 1 for single value type: output.subscribed-indices.values
10-27 19:04:57.460  2092 10570 D ReflectedParamUpdater: extent() != 1 for single value type: input.buffers.allocator-ids.values
10-27 19:04:57.460  2092 10570 D ReflectedParamUpdater: extent() != 1 for single value type: output.buffers.allocator-ids.values
10-27 19:04:57.460  2092 10570 D ReflectedParamUpdater: extent() != 1 for single value type: algo.buffers.allocator-ids.values
10-27 19:04:57.461   852  3737 W TrackingService: attachClient: found client in attached list
10-27 19:04:57.461  2092 10570 D ReflectedParamUpdater: extent() != 1 for single value type: output.buffers.pool-ids.values
10-27 19:04:57.461  2092 10570 D ReflectedParamUpdater: extent() != 1 for single value type: algo.buffers.pool-ids.values
10-27 19:04:57.462  4150  4227 E OsSdk   : error getting shared memory region, memory type: HeadTracker, failed with Status(-1, EX_SECURITY): 'requested shared memory region when not registered/focused'
10-27 19:04:57.463  2092 10570 I CCodecConfig: query failed after returning 7 values (BAD_INDEX)
10-27 19:04:57.463  2092 10570 D CCodecConfig: c2 config diff is Dict {
10-27 19:04:57.463  2092 10570 D CCodecConfig:   c2::u32 coded.bitrate.value = 64000
10-27 19:04:57.463  2092 10570 D CCodecConfig:   c2::u32 input.buffers.max-size.value = 32768
10-27 19:04:57.463  2092 10570 D CCodecConfig:   c2::u32 input.delay.value = 0
10-27 19:04:57.463  2092 10570 D CCodecConfig:   string input.media-type.value = "audio/vorbis"
10-27 19:04:57.463  2092 10570 D CCodecConfig:   string output.media-type.value = "audio/raw"
10-27 19:04:57.463  2092 10570 D CCodecConfig:   c2::u32 raw.channel-count.value = 1
10-27 19:04:57.463  2092 10570 D CCodecConfig:   c2::u32 raw.sample-rate.value = 48000
10-27 19:04:57.463  2092 10570 D CCodecConfig: }
10-27 19:04:57.463  2092 10570 D CCodecConfig: no c2 equivalents for durationUs
10-27 19:04:57.463  2092 10570 D CCodecConfig: no c2 equivalents for csd-1
10-27 19:04:57.463  2092 10570 D CCodecConfig: no c2 equivalents for track-id
10-27 19:04:57.463  2092 10570 D CCodecConfig: no c2 equivalents for channel-mask
10-27 19:04:57.463  2092 10570 D CCodecConfig: c2 config diff is   c2::u32 raw.channel-count.value = 2
10-27 19:04:57.463  2092 10570 D CCodecConfig:   c2::u32 raw.sample-rate.value = 44100
10-27 19:04:57.463  2092 10570 W Codec2Client: query -- param skipped: index = 1107298332.
10-27 19:04:57.464  2092 10570 D CCodec  : setup formats input: AMessage(what = 0x00000000) = {
10-27 19:04:57.464  2092 10570 D CCodec  :   int32_t channel-count = 2
10-27 19:04:57.464  2092 10570 D CCodec  :   int32_t max-input-size = 32768
10-27 19:04:57.464  2092 10570 D CCodec  :   string mime = "audio/vorbis"
10-27 19:04:57.464  2092 10570 D CCodec  :   int32_t sample-rate = 44100
10-27 19:04:57.464  2092 10570 D CCodec  : } and output: AMessage(what = 0x00000000) = {
10-27 19:04:57.464  2092 10570 D CCodec  :   int32_t channel-count = 2
10-27 19:04:57.464  2092 10570 D CCodec  :   string mime = "audio/raw"
10-27 19:04:57.464  2092 10570 D CCodec  :   int32_t sample-rate = 44100
10-27 19:04:57.464  2092 10570 D CCodec  :   int32_t channel-mask = 3
10-27 19:04:57.464  2092 10570 D CCodec  : }
10-27 19:04:57.467  2092 10570 W Codec2Client: query -- param skipped: index = 1342179345.
10-27 19:04:57.467  2092 10570 W Codec2Client: query -- param skipped: index = 2415921170.
10-27 19:04:57.467  1388  9918 I CompositorVR: WarpToScreen: Skipping frames for 8
10-27 19:04:57.467  2092 10570 D CCodecBufferChannel: [c2.android.vorbis.decoder#288] Created input block pool with allocatorID 16 => poolID 28 - OK (0)
10-27 19:04:57.468  2092 10570 I CCodecBufferChannel: [c2.android.vorbis.decoder#288] Created output block pool with allocatorID 16 => poolID 55 - OK
10-27 19:04:57.468  2092 10570 D CCodecBufferChannel: [c2.android.vorbis.decoder#288] Configured output block pool ids 55 => OK
10-27 19:04:57.469   844 10572 D SimpleC2Component: Using output block pool with poolID 55 => got 55 - 0
10-27 19:04:57.478  1388  9918 I CompositorVR: WarpToScreen: Skipping frames for 8
10-27 19:04:57.489  1388  9918 I chatty  : uid=10025(com.oculus.systemdriver) OVR::TimeWarp identical 1 line
10-27 19:04:57.500  1388  9918 I CompositorVR: WarpToScreen: Skipping frames for 8
10-27 19:04:57.502  4150  4227 E OsSdk   : error getting shared memory region, memory type: HeadTracker, failed with Status(-1, EX_SECURITY): 'requested shared memory region when not registered/focused'
10-27 19:04:57.504  4150  4227 E OsSdk   : error getting shared memory region, memory type: AnchorTracker, failed with Status(-1, EX_SECURITY): 'requested shared memory region when not registered/focused'
10-27 19:04:57.511  1388  9918 I CompositorVR: WarpToScreen: Skipping frames for 8
10-27 19:04:57.520   844  1720 V C2Store : in ~ComponentModule
10-27 19:04:57.520   844  1720 V C2Store : unloading dll
10-27 19:04:57.522  1388  9918 I CompositorVR: WarpToScreen: Skipping frames for 8
10-27 19:04:57.533  1388  9918 I CompositorVR: WarpToScreen: Skipping frames for 8
10-27 19:04:57.535   852  9913 I [CT]    : VIPER: Mode=SuperVega,Status=6DoF,TRACKING,Inl=30,Mem=73.8,Jit=0.1mm,Issues(Cam/min=0.0,IMU/min=0.0),Exp=(14.0ms,g=15.0,I=63,Ir=303.8)(14.0ms,g=15.0,I=60,Ir=286.3)(14.0ms,g=15.0,I=72,Ir=347.0)(14.0ms,g=15.0,I=72,Ir=344.2)
10-27 19:04:57.535   852  9913 W [CT]    : VIPER: Images too dark, Environment trending to dark, 
10-27 19:04:57.545  1388  9918 I CompositorVR: WarpToScreen: Skipping frames for 8
10-27 19:04:57.549  4150  4227 E OsSdk   : error getting shared memory region, memory type: HeadTracker, failed with Status(-1, EX_SECURITY): 'requested shared memory region when not registered/focused'
10-27 19:04:57.556  1388  9918 I CompositorVR: WarpToScreen: Skipping frames for 8
10-27 19:04:57.567  1388  9918 I chatty  : uid=10025(com.oculus.systemdriver) OVR::TimeWarp identical 1 line
10-27 19:04:57.578  1388  9918 I CompositorVR: WarpToScreen: Skipping frames for 8
