01-04 23:57:14.553  4271  4393 E OsSdk   : error getting shared memory region, memory type: HeadTracker, failed with Status(-1, EX_SECURITY): 'requested shared memory region when not registered/focused'
01-04 23:57:14.562  1779  4908 I CompositorVR: WarpToScreen: Skipping frames for 8
01-04 23:57:14.565   835  5489 D SimpleC2Component: Using output block pool with poolID 41 => got 41 - 0
01-04 23:57:14.566   798  1001 D MediaBufferGroup: creating MemoryDealer
01-04 23:57:14.574  1779  4908 I CompositorVR: WarpToScreen: Skipping frames for 8
01-04 23:57:14.578   849  4917 W [CT]    : VEGA:MAP_TRACKING_HM: [Throttled count=22] Bad map tracking: map tracking failed @ Submap id = 2, version = 1133842173 with status: 2
01-04 23:57:14.580   835  3695 D BufferPoolAccessor: Destruction - bufferpool2 0x297660e230 cached: 0/0M, 0/0% in use; allocs: 0, 0% recycled; transfers: 0, 0% unfetced
01-04 23:57:14.580   835  3695 V C2Store : in ~ComponentModule
01-04 23:57:14.580   835  3695 V C2Store : unloading dll
01-04 23:57:14.583  4271  4380 I xrstreaming: AudioPlayer: NetworkMetrics: [2.637,17.901]9.869
01-04 23:57:14.585  1779  4908 I CompositorVR: WarpToScreen: Skipping frames for 8
01-04 23:57:14.596  1779  4908 I CompositorVR: WarpToScreen: Skipping frames for 8
01-04 23:57:14.596  4271  4393 E OsSdk   : error getting shared memory region, memory type: HeadTracker, failed with Status(-1, EX_SECURITY): 'requested shared memory region when not registered/focused'
01-04 23:57:14.607  1779  4908 I CompositorVR: WarpToScreen: Skipping frames for 8
01-04 23:57:14.618  1779  4908 I CompositorVR: WarpToScreen: Skipping frames for 8
01-04 23:57:14.629  1779  4908 I CompositorVR: WarpToScreen: Skipping frames for 8
01-04 23:57:14.635  1923  5496 D CCodec  : allocate(c2.android.vorbis.decoder)
01-04 23:57:14.635   835  3695 V C2Store : in init
01-04 23:57:14.635   835  3695 V C2Store : loading dll
01-04 23:57:14.637  1923  5496 I CCodec  : Created component [c2.android.vorbis.decoder]
01-04 23:57:14.638  1923  5496 D CCodecConfig: read media type: audio/vorbis
01-04 23:57:14.639  1923  5496 D ReflectedParamUpdater: extent() != 1 for single value type: algo.buffers.max-count.values
01-04 23:57:14.639  1923  5496 D ReflectedParamUpdater: extent() != 1 for single value type: output.subscribed-indices.values
01-04 23:57:14.639  1923  5496 D ReflectedParamUpdater: extent() != 1 for single value type: input.buffers.allocator-ids.values
01-04 23:57:14.639  1923  5496 D ReflectedParamUpdater: extent() != 1 for single value type: output.buffers.allocator-ids.values
01-04 23:57:14.639  1923  5496 D ReflectedParamUpdater: extent() != 1 for single value type: algo.buffers.allocator-ids.values
01-04 23:57:14.640  1923  5496 D ReflectedParamUpdater: extent() != 1 for single value type: output.buffers.pool-ids.values
01-04 23:57:14.640  1923  5496 D ReflectedParamUpdater: extent() != 1 for single value type: algo.buffers.pool-ids.values
01-04 23:57:14.640  1923  5496 I CCodecConfig: query failed after returning 7 values (BAD_INDEX)
01-04 23:57:14.640  1779  4908 I CompositorVR: WarpToScreen: Skipping frames for 8
01-04 23:57:14.640  1923  5496 D CCodecConfig: c2 config diff is Dict {
01-04 23:57:14.640  1923  5496 D CCodecConfig:   c2::u32 coded.bitrate.value = 64000
01-04 23:57:14.640  1923  5496 D CCodecConfig:   c2::u32 input.buffers.max-size.value = 32768
01-04 23:57:14.640  1923  5496 D CCodecConfig:   c2::u32 input.delay.value = 0
01-04 23:57:14.640  1923  5496 D CCodecConfig:   string input.media-type.value = "audio/vorbis"
01-04 23:57:14.640  1923  5496 D CCodecConfig:   string output.media-type.value = "audio/raw"
01-04 23:57:14.640  1923  5496 D CCodecConfig:   c2::u32 raw.channel-count.value = 1
01-04 23:57:14.640  1923  5496 D CCodecConfig:   c2::u32 raw.sample-rate.value = 48000
01-04 23:57:14.640  1923  5496 D CCodecConfig: }
01-04 23:57:14.641  1923  5496 D CCodecConfig: no c2 equivalents for durationUs
01-04 23:57:14.641  1923  5496 D CCodecConfig: no c2 equivalents for csd-1
01-04 23:57:14.641  1923  5496 D CCodecConfig: no c2 equivalents for track-id
01-04 23:57:14.641  1923  5496 D CCodecConfig: no c2 equivalents for channel-mask
01-04 23:57:14.641  1923  5496 D CCodecConfig: c2 config diff is   c2::u32 raw.channel-count.value = 2
01-04 23:57:14.641  1923  5496 D CCodecConfig:   c2::u32 raw.sample-rate.value = 44100
01-04 23:57:14.641  4271  4393 E OsSdk   : error getting shared memory region, memory type: HeadTracker, failed with Status(-1, EX_SECURITY): 'requested shared memory region when not registered/focused'
01-04 23:57:14.642  1923  5496 W Codec2Client: query -- param skipped: index = 1107298332.
01-04 23:57:14.642  1923  5496 D CCodec  : setup formats input: AMessage(what = 0x00000000) = {
01-04 23:57:14.642  1923  5496 D CCodec  :   int32_t channel-count = 2
01-04 23:57:14.642  1923  5496 D CCodec  :   int32_t max-input-size = 32768
01-04 23:57:14.642  1923  5496 D CCodec  :   string mime = "audio/vorbis"
01-04 23:57:14.642  1923  5496 D CCodec  :   int32_t sample-rate = 44100
01-04 23:57:14.642  1923  5496 D CCodec  : } and output: AMessage(what = 0x00000000) = {
01-04 23:57:14.642  1923  5496 D CCodec  :   int32_t channel-count = 2
01-04 23:57:14.642  1923  5496 D CCodec  :   string mime = "audio/raw"
01-04 23:57:14.642  1923  5496 D CCodec  :   int32_t sample-rate = 44100
01-04 23:57:14.642  1923  5496 D CCodec  :   int32_t channel-mask = 3
01-04 23:57:14.642  1923  5496 D CCodec  : }
01-04 23:57:14.643  4271  4393 E OsSdk   : error getting shared memory region, memory type: AnchorTracker, failed with Status(-1, EX_SECURITY): 'requested shared memory region when not registered/focused'
01-04 23:57:14.651  1779  4908 I CompositorVR: WarpToScreen: Skipping frames for 8
01-04 23:57:14.658  1923  5496 W Codec2Client: query -- param skipped: index = 1342179345.
01-04 23:57:14.659  1923  5496 W Codec2Client: query -- param skipped: index = 2415921170.
01-04 23:57:14.659  1923  5496 D CCodecBufferChannel: [c2.android.vorbis.decoder#290] Created input block pool with allocatorID 16 => poolID 26 - OK (0)
01-04 23:57:14.660  1923  5496 I CCodecBufferChannel: [c2.android.vorbis.decoder#290] Created output block pool with allocatorID 16 => poolID 42 - OK
01-04 23:57:14.661  1923  5496 D CCodecBufferChannel: [c2.android.vorbis.decoder#290] Configured output block pool ids 42 => OK
01-04 23:57:14.663  1779  4908 I CompositorVR: WarpToScreen: Skipping frames for 8
01-04 23:57:14.667  1955  2577 I OVRMediaService: onStartCommand Received message type: com.oculus.horizon.GET_CAPTURE_STATE_ACTION, caller package: no_app_identity, app identify: null
01-04 23:57:14.668  1048  1066 I DisplayManagerService: Display device added: DisplayDeviceInfo{"com.oculus.android_panel_app.AndroidPanelLayer-#main": uniqueId="virtual:com.oculus.systemux,10026,com.oculus.android_panel_app.AndroidPanelLayer-#main,0", 840 x 1250, modeId 94, defaultModeId 94, supportedModes [{id=94, width=840, height=1250, fps=60.0}], colorMode 0, supportedColorModes [0], HdrCapabilities null, density 200, 200.0 x 200.0 dpi, appVsyncOff 0, presDeadline 16666666, touch NONE, rotation 0, type VIRTUAL, state OFF, owner com.oculus.systemux (uid 10026), FLAG_PRIVATE, FLAG_NEVER_BLANK, FLAG_OWN_CONTENT_ONLY}
01-04 23:57:14.674  1779  4908 I CompositorVR: WarpToScreen: Skipping frames for 8
01-04 23:57:14.678   835  5497 D SimpleC2Component: Using output block pool with poolID 42 => got 42 - 0
01-04 23:57:14.685  1779  4908 I CompositorVR: WarpToScreen: Skipping frames for 8
01-04 23:57:14.686  4271  4393 E OsSdk   : error getting shared memory region, memory type: HeadTracker, failed with Status(-1, EX_SECURITY): 'requested shared memory region when not registered/focused'
01-04 23:57:14.693  1048  1072 W InputReader: Device has associated, but no associated display id.
01-04 23:57:14.696  1779  4908 I CompositorVR: WarpToScreen: Skipping frames for 8
01-04 23:57:14.703  1048  1074 W InputReader: Device has associated, but no associated display id.
01-04 23:57:14.703  1048  1074 I ActivityTaskManager: Override config changes=20005df8 {0.0 ?mcc?mnc ?localeList ?layoutDir sw672dp w672dp h1000dp 200dpi lrg port ?uimode ?night -touch qwerty/v/v -nav/h winConfig={ mBounds=Rect(0, 0 - 840, 1250) mAppBounds=Rect(0, 0 - 840, 1250) mWindowingMode=fullscreen mDisplayWindowingMode=fullscreen mActivityType=undefined mAlwaysOnTop=undefined mRotation=ROTATION_0}} for displayId=33
01-04 23:57:14.707  1779  4908 I CompositorVR: WarpToScreen: Skipping frames for 8
01-04 23:57:14.710  3169  5498 I chatty  : uid=10026(com.oculus.systemux) HyperspaceClien expire 11 lines
01-04 23:57:14.712  3151  3151 D [SEO] ShellControlBroadcastReceiver: onReceive with MainActivity native pointer 3909783104, action com.oculus.systemactivities.CAPTURE_STATE_UPDATE
01-04 23:57:14.712  3151  3151 D [SEO] ShellControlBroadcastReceiver: isLaunchAction = false, isTrustedAppLaunch = false
01-04 23:57:14.712  3151  3151 D [SEO] ShellControlBroadcastReceiver: IsCaptureStateUpdateAction
01-04 23:57:14.714  1048  1066 W ActivityManager: Unable to start service Intent { cmp=com.oculus.presence/.service.PresenceService } U=0: not found
01-04 23:57:14.715  1955  2577 I FileCapture: broadcast capture state to AUI running = false, with mode -1
01-04 23:57:14.716  2297  4149 D RPCServer: RegisterClient: Client: com.oculus.systemux:com.oculus.systemux:SystemUX:3169, Server: com.oculus.presence:com.oculus.presence (PresenceServer)
01-04 23:57:14.716  2297  4149 I IPCSharedMemory: CreateSharedMemory: Allocated shared memory fd 98 (ipcStateReadWrite)
01-04 23:57:14.717  2297  4149 I IPCSharedMemory: CreateSharedMemory: Allocated shared memory fd 103 (ipcReadOnlyState)
01-04 23:57:14.717  2297  4149 I RPCClientHandler: Event buffer size (server): 8192
01-04 23:57:14.717  2297  4149 I IPCSharedMemory: CreateSharedMemory: Allocated shared memory fd 104 (ipcEventBuffer)
01-04 23:57:14.718  1779  4908 I CompositorVR: WarpToScreen: Skipping frames for 8
01-04 23:57:14.719  2129  2129 D DeviceHelper: isScreenOn = true
01-04 23:57:14.719  2129  2129 D [OAO] ShellOverlayBroadcastReceiver: onReceive with ShellOverlayService native pointer 3909446720, action com.oculus.systemactivities.CAPTURE_STATE_UPDATE
01-04 23:57:14.720  2297  4149 I IPCSharedMemory: CreateSharedMemory: Allocated shared memory fd 120 (ipcEventBuffer_Private)
01-04 23:57:14.723  4271  4341 D xrstreaming: receive ping: org 0 recv 0 xmt 42132052674400 (received at 913992442878), offset divergence 219028
01-04 23:57:14.725  2297  4149 I RuntimeIPCServerMgr: HandleClientConnect SUCCESS: Client: com.oculus.systemux:com.oculus.systemux:SystemUX:3169, Server: com.oculus.presence:com.oculus.presence (PresenceServer)
01-04 23:57:14.725  2297  4149 I RPCServer: GetServerStatesConfig -> {MaxBufferSize=32768, MaxEntries=64}
01-04 23:57:14.727  1955  2577 I OVRMediaServiceManager: Metacam is not enabled.
01-04 23:57:14.730  1779  4908 I CompositorVR: WarpToScreen: Skipping frames for 8
01-04 23:57:14.731  4271  4393 E OsSdk   : error getting shared memory region, memory type: HeadTracker, failed with Status(-1, EX_SECURITY): 'requested shared memory region when not registered/focused'
01-04 23:57:14.735   835  4851 V C2Store : in ~ComponentModule
01-04 23:57:14.735   835  4851 V C2Store : unloading dll
01-04 23:57:14.739  1048  3787 I DisplayManagerService: Display device removed: DisplayDeviceInfo{"com.oculus.android_panel_app.AndroidPanelLayer-#main": uniqueId="virtual:com.oculus.systemux,10026,com.oculus.android_panel_app.AndroidPanelLayer-#main,0", 840 x 1250, modeId 94, defaultModeId 94, supportedModes [{id=94, width=840, height=1250, fps=60.0}], colorMode 0, supportedColorModes [0], HdrCapabilities null, density 200, 200.0 x 200.0 dpi, appVsyncOff 0, presDeadline 16666666, touch NONE, rotation 0, type VIRTUAL, state OFF, owner com.oculus.systemux (uid 10026), FLAG_PRIVATE, FLAG_NEVER_BLANK, FLAG_OWN_CONTENT_ONLY}
01-04 23:57:14.741  1779  4908 I CompositorVR: WarpToScreen: Skipping frames for 8
01-04 23:57:14.748  1048  5411 I DisplayManagerService: Display device added: DisplayDeviceInfo{"com.oculus.android_panel_app.AndroidPanelLayer-#main": uniqueId="virtual:com.oculus.systemux,10026,com.oculus.android_panel_app.AndroidPanelLayer-#main,0", 840 x 110, modeId 95, defaultModeId 95, supportedModes [{id=95, width=840, height=110, fps=60.0}], colorMode 0, supportedColorModes [0], HdrCapabilities null, density 200, 200.0 x 200.0 dpi, appVsyncOff 0, presDeadline 16666666, touch NONE, rotation 0, type VIRTUAL, state OFF, owner com.oculus.systemux (uid 10026), FLAG_PRIVATE, FLAG_NEVER_BLANK, FLAG_OWN_CONTENT_ONLY}
01-04 23:57:14.752  1779  4908 I CompositorVR: WarpToScreen: Skipping frames for 8
01-04 23:57:14.758  3169  3169 I chatty  : uid=10026 com.oculus.systemux:SystemUX expire 2 lines
01-04 23:57:14.762  3169  5475 I chatty  : uid=10026(com.oculus.systemux) pool-19-thread- expire 1 line
01-04 23:57:14.763  1779  4908 I CompositorVR: WarpToScreen: Skipping frames for 8
01-04 23:57:14.770  1048  1072 W InputReader: Device has associated, but no associated display id.
01-04 23:57:14.774  1779  4908 I CompositorVR: WarpToScreen: Skipping frames for 8
01-04 23:57:14.774  1048  1074 W InputReader: Device has associated, but no associated display id.
01-04 23:57:14.774  1048  1074 I ActivityTaskManager: Override config changes=20005df8 {0.0 ?mcc?mnc ?localeList ?layoutDir sw88dp w672dp h88dp 200dpi nrml long land ?uimode ?night -touch qwerty/v/v -nav/h winConfig={ mBounds=Rect(0, 0 - 840, 110) mAppBounds=Rect(0, 0 - 840, 110) mWindowingMode=fullscreen mDisplayWindowingMode=fullscreen mActivityType=undefined mAlwaysOnTop=undefined mRotation=ROTATION_0}} for displayId=34
01-04 23:57:14.781  4271  4393 E OsSdk   : error getting shared memory region, memory type: HeadTracker, failed with Status(-1, EX_SECURITY): 'requested shared memory region when not registered/focused'
01-04 23:57:14.785  1779  4908 I CompositorVR: WarpToScreen: Skipping frames for 8
01-04 23:57:14.786  3169  3169 I chatty  : uid=10026 com.oculus.systemux:SystemUX expire 17 lines
01-04 23:57:14.787  3169  3169 I [SUI] AnytimeUIAndroidPanelApp: updateGuardianConfig - 16 - 0.0
01-04 23:57:14.787  3169  3169 I [SUI] AnytimeUIAndroidPanelApp: updateGuardianConfig - 17 - 0.0
01-04 23:57:14.787  3169  3169 I [SUI] AnytimeUIAndroidPanelApp: updateGuardianConfig - 18 - 0.5
01-04 23:57:14.787  3169  3169 I [SUI] AnytimeUIAndroidPanelApp: updateGuardianConfig - 19 - 0.0
01-04 23:57:14.787  3169  3169 I [SUI] AnytimeUIAndroidPanelApp: updateGuardianConfig - 20 - 0.0
01-04 23:57:14.787  3169  3169 I [SUI] AnytimeUIAndroidPanelApp: updateGuardianConfig - 21 - 0.0
01-04 23:57:14.787  3169  3169 I [SUI] AnytimeUIAndroidPanelApp: updateGuardianConfig - 22 - 0.0
01-04 23:57:14.787  3169  3169 I [SUI] AnytimeUIAndroidPanelApp: updateGuardianConfig - 23 - 2.0
01-04 23:57:14.787  3169  3169 I [SUI] AnytimeUIAndroidPanelApp: updateGuardianConfig - 24 - 0.25
01-04 23:57:14.787  3169  3169 I [SUI] AnytimeUIAndroidPanelApp: updateGuardianConfig - 26 - 0.0
01-04 23:57:14.787  3169  3169 I [SUI] AnytimeUIAndroidPanelApp: updateGuardianConfig - 28 - 1.0
01-04 23:57:14.787  3169  3169 I AndroidPanelApp: Processing pending hide layer for layer #main.
01-04 23:57:14.787  3169  3169 I AndroidPanelApp: Processing pending show layer info for layer #main with width 840 and height 110.
01-04 23:57:14.787  3169  3169 I AndroidPanelApp: layerSupersample no changes
01-04 23:57:14.787  3169  3169 D PanelAppClient: BEGIN: Initializing panel application via MSG_CREATE_PANEL_APP.
01-04 23:57:14.788  3169  3169 I AndroidPanelApp: Created
01-04 23:57:14.788  3169  3169 V LifecycleAwareViewModelStore: LifecycleAwareViewModelStore created
01-04 23:57:14.788  3169  3169 V LifecycleAwarePanelApp: PanelApp initial lifecycle started and moved from state INITIALIZED to state RESUMED
01-04 23:57:14.791  3169  3169 I [SUI] ConsumerConfiguration: Setting SystemUX Configuration and Policy Settings.
01-04 23:57:14.792  3169  3169 D [SUI] StatusViewModel: Constructing ViewModel
01-04 23:57:14.792  3169  5503 D QuickPromotionController: Initialized and enabled.
01-04 23:57:14.792  3169  5503 D QuickPromotionController: Fetching Quick Promotions for all surfaces.
01-04 23:57:14.792  3169  5503 D QuickPromotionController: Initialized and enabled.
01-04 23:57:14.792  3169  5503 D QuickPromotionController: Set access token.
01-04 23:57:14.794  3169  3169 I android_os_HwBinder: HwBinder: Starting thread pool for getting: vendor.oculus.hardware.battery@1.0::IBattery/default
01-04 23:57:14.794  3169  5503 D QuickPromotionController: Fetched Quick Promotions for all surfaces.
01-04 23:57:14.796  3169  3169 D [SUI] StatusViewModel: Initializing wifi status BroadcastReceiver
01-04 23:57:14.796  1779  4908 I CompositorVR: WarpToScreen: Skipping frames for 8
01-04 23:57:14.797  3169  3169 D [SUI] StatusViewModel: Initialized wifi status BroadcastReceiver
01-04 23:57:14.798  1594  1594 D OculusNotificationListenerService: Notification posted: 0|com.oculus.presence|50001|null|10070
01-04 23:57:14.799  3169  3169 D [SUI] PanelAppBase: Acquiring viewModel StatusViewModel refCount: 1
01-04 23:57:14.799  2129  3004 I [OAO] PanelRenderLayer: ResetSurface #main 0 x 0 - shape:0 stereo:0
01-04 23:57:14.799  3169  3169 D [SUI] AirlinkUtils: Initializing AirlinkUtils...
01-04 23:57:14.799  2129  3004 I [OAO] PanelAppHost: Setting panel layer visibility of layer "#main" to invisible, panel 7 (com.oculus.systemux/com.oculus.panelapp.anytimeui.AnytimeUIAndroidPanelService)
01-04 23:57:14.799  2129  3004 I [OAO] PanelAppHost: Resize layer #main to size 840 x 110 shape: 1 stereo: 0, panel 7 (com.oculus.systemux/com.oculus.panelapp.anytimeui.AnytimeUIAndroidPanelService)
01-04 23:57:14.799  2129  3004 I [OAO] PanelRenderLayer: ResetSurface #main 840 x 110 - shape:1 stereo:0
01-04 23:57:14.800  3169  3169 D [SUI] AirlinkUtils: Initializing wifi status BroadcastReceiver
01-04 23:57:14.808  1779  4908 I CompositorVR: WarpToScreen: Skipping frames for 8
01-04 23:57:14.810  3169  3169 D OsSdk   : XrspBroker: setALEnabled 0
01-04 23:57:14.810  3169  3169 I [SUI] XrspBrokerHelper: Set AirLink Enabled Secured: 0
01-04 23:57:14.810   911  3925 D xrspd   : setALEnabled 0
01-04 23:57:14.810   911  3925 D xrspd   : setAlinkEnabledCallback disabled, already using usb, ignoring
01-04 23:57:14.810  3169  3169 I [SUI] AnytimeUIAndroidPanelApp: Creating AUI PanelApp, isInOverlay: false, instanceCount: 2
01-04 23:57:14.814  3169  3169 D [SUI] ActivityManagerUtilsHelper: Enabling the activity listener capability with initial foreground package com.oculus.shellenv
01-04 23:57:14.816  3169  3169 D [SUI] SystemUXBroadcastReceiver: requestCaptureState being sent
01-04 23:57:14.819  1779  4908 I CompositorVR: WarpToScreen: Skipping frames for 8
01-04 23:57:14.819  3169  3169 D [SUI] SocialViewModel: Constructing ViewModel
01-04 23:57:14.819  3169  3169 D [SUI] DynamicAppsViewModel: Initializing pinned apps
01-04 23:57:14.819  3169  3169 D [SUI] AppStateUtil: Notifying observers com.oculus.explore is pinned=true
01-04 23:57:14.819  3169  3169 D [SUI] AppStateUtil: Notifying observers com.oculus.store is pinned=true
01-04 23:57:14.819  3169  3169 D [SUI] AppStateUtil: Notifying observers messenger_system_app is pinned=true
01-04 23:57:14.819  3169  3169 D [SUI] AppStateUtil: Notifying observers share_system_app is pinned=true
01-04 23:57:14.820  2129  2129 D VrNotificationAnalytics: logNotificationPosted: key(0|com.oculus.presence|50001|null|10070), type(first_party_unspecified), isToast(false)
01-04 23:57:14.820  1955  2408 I OVRMediaService: onStartCommand Received message type: com.oculus.horizon.GET_CAPTURE_STATE_ACTION, caller package: no_app_identity, app identify: null
01-04 23:57:14.825  4271  4393 E OsSdk   : error getting shared memory region, memory type: HeadTracker, failed with Status(-1, EX_SECURITY): 'requested shared memory region when not registered/focused'
01-04 23:57:14.828  3169  5498 I ipcLoader_static: RuntimeIPC: Loader: IPC Service API Loader Version: 33 Nov 25 2022 14:16:03
01-04 23:57:14.828  3169  5498 I RuntimeIPCApi: ipc_Initialize
01-04 23:57:14.828  3169  5498 I RuntimeIPCServiceClient: Init: Already initialized: com.oculus.systemux:SystemUX, 3
01-04 23:57:14.828  2129  2129 I [OAO] VrNotificationListenerService: onNotificationPosted() - key = 0|com.oculus.presence|50001|null|10070, type = first_party_unspecified, isToast = false, isBlocked with reason = true Blocked by does not contain all markers for a toast notification
01-04 23:57:14.829  2129  2129 D [OAO] VrBroadcastReceiver: action: com.oculus.vrshell.intent.action.NOTIFICATION_WAKE
01-04 23:57:14.830  1779  4908 I CompositorVR: WarpToScreen: Skipping frames for 8
01-04 23:57:14.831  1048  4836 W ActivityManager: Unable to start service Intent { cmp=com.oculus.presence/.service.PresenceService } U=0: not found
01-04 23:57:14.835  2297  4149 D RPCServer: RegisterClient: Client: com.oculus.systemux:com.oculus.systemux:SystemUX:3169, Server: com.oculus.presence:com.oculus.presence (PubSubServer)
01-04 23:57:14.835  2297  4149 I IPCSharedMemory: CreateSharedMemory: Allocated shared memory fd 122 (ipcStateReadWrite)
01-04 23:57:14.835  2297  4149 I IPCSharedMemory: CreateSharedMemory: Allocated shared memory fd 123 (ipcReadOnlyState)
01-04 23:57:14.835  2297  4149 I RPCClientHandler: Event buffer size (server): 8192
01-04 23:57:14.835  2129  2129 D [OAO] VrNotificationService: VrNotificationService onStartCommand() Intent { cmp=com.oculus.vrshell/.VrNotificationService }
01-04 23:57:14.836  2297  4149 I IPCSharedMemory: CreateSharedMemory: Allocated shared memory fd 126 (ipcEventBuffer)
01-04 23:57:14.837  2297  4149 I IPCSharedMemory: CreateSharedMemory: Allocated shared memory fd 127 (ipcEventBuffer_Private)
01-04 23:57:14.841  2297  4149 I RuntimeIPCServerMgr: HandleClientConnect SUCCESS: Client: com.oculus.systemux:com.oculus.systemux:SystemUX:3169, Server: com.oculus.presence:com.oculus.presence (PubSubServer)
01-04 23:57:14.841  1779  4908 I CompositorVR: WarpToScreen: Skipping frames for 8
01-04 23:57:14.841  2297  4149 I RPCServer: GetServerStatesConfig -> {MaxBufferSize=32768, MaxEntries=64}
01-04 23:57:14.841  3169  5498 I RuntimeIPCClient: GetServerStatesConfig returned maxEntries=64, maxBuffSize=32768
01-04 23:57:14.841  3169  5498 I RuntimeIPCClient: Event buffer size (client): 8192
01-04 23:57:14.841  3169  5498 I RuntimeIPCClient: TryToGetIPCResourcesFromServer: RPC_CONNECTOR_CONNECT_TO_SERVER SUCCESS: Client: com.oculus.systemux:com.oculus.systemux:SystemUX:3169, Server: com.oculus.presence:com.oculus.presence (PubSubServer)
01-04 23:57:14.841  3169  5498 I RuntimeIPCClient: EnsureServerConnection: SUCCESS. Client: com.oculus.systemux:com.oculus.systemux:SystemUX:3169, Server: com.oculus.presence:com.oculus.presence (PubSubServer)
01-04 23:57:14.841  3169  5498 I RuntimeIPCClientMgr: ConnectToServer: SUCCESS: Client: com.oculus.systemux:com.oculus.systemux:SystemUX:3169, Server: com.oculus.presence:com.oculus.presence (PubSubServer)
01-04 23:57:14.843  3169  3169 W OVRLibrary: null cursor received for query content://com.oculus.ocms.library/apps/com.YourCompany.PrototypeV4
01-04 23:57:14.844  1955  2408 I FileCapture: broadcast capture state to AUI running = false, with mode -1
01-04 23:57:14.852  1779  4908 I CompositorVR: WarpToScreen: Skipping frames for 8
01-04 23:57:14.853  3151  3151 D [SEO] ShellControlBroadcastReceiver: onReceive with MainActivity native pointer 3909783104, action com.oculus.systemactivities.CAPTURE_STATE_UPDATE
01-04 23:57:14.853  3151  3151 D [SEO] ShellControlBroadcastReceiver: isLaunchAction = false, isTrustedAppLaunch = false
01-04 23:57:14.853  3151  3151 D [SEO] ShellControlBroadcastReceiver: IsCaptureStateUpdateAction
01-04 23:57:14.863  1779  4908 I CompositorVR: WarpToScreen: Skipping frames for 8
01-04 23:57:14.864  4271  4393 E OsSdk   : error getting shared memory region, memory type: HeadTracker, failed with Status(-1, EX_SECURITY): 'requested shared memory region when not registered/focused'
01-04 23:57:14.866  3169  5513 D CCodec  : allocate(c2.android.raw.decoder)
01-04 23:57:14.866   835  4851 V C2Store : in init
01-04 23:57:14.866   835  4851 V C2Store : loading dll
01-04 23:57:14.870  3169  5513 I CCodec  : Created component [c2.android.raw.decoder]
01-04 23:57:14.870  3169  5513 D CCodecConfig: read media type: audio/raw
01-04 23:57:14.872  3169  3169 W OVRLibrary: null cursor received for query content://com.oculus.ocms.library/apps/com.oculus.xrstreamingclient
01-04 23:57:14.872  1594  1594 D OculusNotificationListenerService: Notification posted: 0|com.oculus.presence|50001|null|10070
01-04 23:57:14.874  1779  4908 I CompositorVR: WarpToScreen: Skipping frames for 8
01-04 23:57:14.875  2129  2129 D DeviceHelper: isScreenOn = true
01-04 23:57:14.875  2129  2129 D [OAO] ShellOverlayBroadcastReceiver: onReceive with ShellOverlayService native pointer 3909446720, action com.oculus.systemactivities.CAPTURE_STATE_UPDATE
01-04 23:57:14.875  3169  5513 D ReflectedParamUpdater: extent() != 1 for single value type: algo.buffers.max-count.values
01-04 23:57:14.875  3169  5513 D ReflectedParamUpdater: extent() != 1 for single value type: output.subscribed-indices.values
01-04 23:57:14.876  3169  5513 D ReflectedParamUpdater: extent() != 1 for single value type: input.buffers.allocator-ids.values
01-04 23:57:14.876  3169  5513 D ReflectedParamUpdater: extent() != 1 for single value type: output.buffers.allocator-ids.values
01-04 23:57:14.876  3169  5513 D ReflectedParamUpdater: extent() != 1 for single value type: algo.buffers.allocator-ids.values
01-04 23:57:14.876  3169  5513 D ReflectedParamUpdater: extent() != 1 for single value type: output.buffers.pool-ids.values
01-04 23:57:14.876  3169  5513 D ReflectedParamUpdater: extent() != 1 for single value type: algo.buffers.pool-ids.values
01-04 23:57:14.885  1779  4908 I CompositorVR: WarpToScreen: Skipping frames for 8
01-04 23:57:14.887  1955  2408 I OVRMediaServiceManager: Metacam is not enabled.
01-04 23:57:14.887  3169  5513 I CCodecConfig: query failed after returning 8 values (BAD_INDEX)
01-04 23:57:14.887  3169  5513 D CCodecConfig: c2 config diff is Dict {
01-04 23:57:14.887  3169  5513 D CCodecConfig:   c2::u32 coded.bitrate.value = 64000
01-04 23:57:14.887  3169  5513 D CCodecConfig:   c2::u32 input.buffers.max-size.value = 65536
01-04 23:57:14.887  3169  5513 D CCodecConfig:   c2::u32 input.delay.value = 0
01-04 23:57:14.887  3169  5513 D CCodecConfig:   string input.media-type.value = "audio/raw"
01-04 23:57:14.887  3169  5513 D CCodecConfig:   string output.media-type.value = "audio/raw"
01-04 23:57:14.887  3169  5513 D CCodecConfig:   c2::u32 raw.channel-count.value = 2
01-04 23:57:14.887  3169  5513 D CCodecConfig:   c2::u32 raw.pcm-encoding.value = 0
01-04 23:57:14.887  3169  5513 D CCodecConfig:   c2::u32 raw.sample-rate.value = 44100
01-04 23:57:14.887  3169  5513 D CCodecConfig: }
01-04 23:57:14.888  3169  5513 D CCodecConfig: no c2 equivalents for durationUs
01-04 23:57:14.888  3169  5513 D CCodecConfig: no c2 equivalents for track-id
01-04 23:57:14.888  3169  5513 D CCodecConfig: no c2 equivalents for bits-per-sample
01-04 23:57:14.888  3169  5513 D CCodecConfig: no c2 equivalents for channel-mask
01-04 23:57:14.888  3169  5513 D CCodecConfig: c2 config diff is   c2::u32 raw.channel-count.value = 1
01-04 23:57:14.888  3169  5513 D CCodecConfig:   c2::u32 raw.sample-rate.value = 48000
01-04 23:57:14.889  3169  5513 W Codec2Client: query -- param skipped: index = 1107298332.
01-04 23:57:14.889  3169  5513 D CCodec  : setup formats input: AMessage(what = 0x00000000) = {
01-04 23:57:14.889  3169  5513 D CCodec  :   int32_t channel-count = 1
01-04 23:57:14.889  3169  5513 D CCodec  :   int32_t max-input-size = 65536
01-04 23:57:14.889  3169  5513 D CCodec  :   string mime = "audio/raw"
01-04 23:57:14.889  3169  5513 D CCodec  :   int32_t pcm-encoding = 2
01-04 23:57:14.889  3169  5513 D CCodec  :   int32_t sample-rate = 48000
01-04 23:57:14.889  3169  5513 D CCodec  : } and output: AMessage(what = 0x00000000) = {
01-04 23:57:14.889  3169  5513 D CCodec  :   int32_t channel-count = 1
01-04 23:57:14.889  3169  5513 D CCodec  :   string mime = "audio/raw"
01-04 23:57:14.889  3169  5513 D CCodec  :   int32_t pcm-encoding = 2
01-04 23:57:14.889  3169  5513 D CCodec  :   int32_t sample-rate = 48000
01-04 23:57:14.889  3169  5513 D CCodec  :   int32_t channel-mask = 0
01-04 23:57:14.889  3169  5513 D CCodec  : }
01-04 23:57:14.891  3169  5513 W Codec2Client: query -- param skipped: index = 1342179345.
01-04 23:57:14.891  3169  5513 W Codec2Client: query -- param skipped: index = 2415921170.
01-04 23:57:14.891  3169  5513 D CCodecBufferChannel: [c2.android.raw.decoder#757] Created input block pool with allocatorID 16 => poolID 20 - OK (0)
01-04 23:57:14.892  3169  5513 I CCodecBufferChannel: [c2.android.raw.decoder#757] Created output block pool with allocatorID 16 => poolID 43 - OK
01-04 23:57:14.892  3169  5513 D CCodecBufferChannel: [c2.android.raw.decoder#757] Configured output block pool ids 43 => OK
01-04 23:57:14.893  2129  2129 D VrNotificationAnalytics: logNotificationPosted: key(0|com.oculus.presence|50001|null|10070), type(first_party_unspecified), isToast(false)
01-04 23:57:14.897  1779  4908 I CompositorVR: WarpToScreen: Skipping frames for 8
01-04 23:57:14.898   835  5514 D SimpleC2Component: Using output block pool with poolID 43 => got 43 - 0
01-04 23:57:14.903   798  3686 D MediaBufferGroup: creating MemoryDealer
01-04 23:57:14.906  2129  2129 I [OAO] VrNotificationListenerService: onNotificationPosted() - key = 0|com.oculus.presence|50001|null|10070, type = first_party_unspecified, isToast = false, isBlocked with reason = true Blocked by does not contain all markers for a toast notification
01-04 23:57:14.906  2129  2129 D [OAO] VrBroadcastReceiver: action: com.oculus.vrshell.intent.action.NOTIFICATION_WAKE
01-04 23:57:14.907  3169  3169 W OVRLibrary: null cursor received for query content://com.oculus.ocms.library/apps/notifications_system_app
01-04 23:57:14.907   849  1217 I chatty  : uid=1000(system) Binder:849_3 identical 10 lines
01-04 23:57:14.907  4271  4393 E OsSdk   : error getting shared memory region, memory type: HeadTracker, failed with Status(-1, EX_SECURITY): 'requested shared memory region when not registered/focused'
01-04 23:57:14.907   849  1217 W TrackingService: attachClient: found client in attached list
01-04 23:57:14.908  4271  4393 E OsSdk   : error getting shared memory region, memory type: AnchorTracker, failed with Status(-1, EX_SECURITY): 'requested shared memory region when not registered/focused'
01-04 23:57:14.908  1779  4908 I CompositorVR: WarpToScreen: Skipping frames for 8
01-04 23:57:14.908  2129  2129 D [OAO] VrNotificationService: VrNotificationService onStartCommand() Intent { cmp=com.oculus.vrshell/.VrNotificationService }
01-04 23:57:14.917   835  4851 D BufferPoolAccessor: Destruction - bufferpool2 0x2976609030 cached: 0/0M, 0/0% in use; allocs: 0, 0% recycled; transfers: 0, 0% unfetced
01-04 23:57:14.917   835  4851 V C2Store : in ~ComponentModule
01-04 23:57:14.917   835  4851 V C2Store : unloading dll
01-04 23:57:14.919  1779  4908 I CompositorVR: WarpToScreen: Skipping frames for 8
01-04 23:57:14.929  3169  3169 W OVRLibrary: null cursor received for query content://com.oculus.ocms.library/apps/quick_settings_app
01-04 23:57:14.930  1779  4908 I CompositorVR: WarpToScreen: Skipping frames for 8
01-04 23:57:14.930   807  2859 D TelemetryService: Upload complete callback be triggered with result: 1
01-04 23:57:14.941  1779  4908 I CompositorVR: WarpToScreen: Skipping frames for 8
01-04 23:57:14.949  3169  5498 D HyperspaceClientJni: initHyperspacePresenceServiceClient finished
01-04 23:57:14.949  3169  5498 D HyperspaceClientJni: initInternal - finish
01-04 23:57:14.949  3169  5498 I HyperspaceClient: Service connection changed: true
01-04 23:57:14.949  3169  5498 D HyperspaceClientJni: initHyperspacePresenceServiceClientCallsInfoChangedCallback
01-04 23:57:14.950  2297  2314 I RPCServer: GetServerStatesConfig -> {MaxBufferSize=32768, MaxEntries=64}
01-04 23:57:14.950  3169  5498 I RuntimeIPCClient: GetServerStatesConfig returned maxEntries=64, maxBuffSize=32768
01-04 23:57:14.950  3169  5498 I RuntimeIPCClient: InitServerStateBuffer: SUCCESS. 2, Client: com.oculus.systemux:com.oculus.systemux:SystemUX:3169, Server: com.oculus.presence:com.oculus.presence (PubSubServer)
01-04 23:57:14.951   849   849 W TrackingService: attachClient: found client in attached list
01-04 23:57:14.951  4271  4393 E OsSdk   : error getting shared memory region, memory type: HeadTracker, failed with Status(-1, EX_SECURITY): 'requested shared memory region when not registered/focused'
01-04 23:57:14.952  1779  4908 I CompositorVR: WarpToScreen: Skipping frames for 8
01-04 23:57:14.955  3169  3169 W OVRLibrary: null cursor received for query content://com.oculus.ocms.library/apps/com.YourCompany.TemplateProject3
01-04 23:57:14.963  1779  4908 I CompositorVR: WarpToScreen: Skipping frames for 8
01-04 23:57:14.971  1923  5519 D CCodec  : allocate(c2.android.vorbis.decoder)
01-04 23:57:14.972   835  4851 V C2Store : in init
01-04 23:57:14.972   835  4851 V C2Store : loading dll
01-04 23:57:14.974  1779  4908 I CompositorVR: WarpToScreen: Skipping frames for 8
01-04 23:57:14.975  1923  5519 I CCodec  : Created component [c2.android.vorbis.decoder]
01-04 23:57:14.975  1923  5519 D CCodecConfig: read media type: audio/vorbis
01-04 23:57:14.977  1923  5519 D ReflectedParamUpdater: extent() != 1 for single value type: algo.buffers.max-count.values
01-04 23:57:14.979  1923  5519 D ReflectedParamUpdater: extent() != 1 for single value type: output.subscribed-indices.values
01-04 23:57:14.979  1923  5519 D ReflectedParamUpdater: extent() != 1 for single value type: input.buffers.allocator-ids.values
01-04 23:57:14.979  1923  5519 D ReflectedParamUpdater: extent() != 1 for single value type: output.buffers.allocator-ids.values
01-04 23:57:14.979  1923  5519 D ReflectedParamUpdater: extent() != 1 for single value type: algo.buffers.allocator-ids.values
01-04 23:57:14.980  1923  5519 D ReflectedParamUpdater: extent() != 1 for single value type: output.buffers.pool-ids.values
01-04 23:57:14.980  1923  5519 D ReflectedParamUpdater: extent() != 1 for single value type: algo.buffers.pool-ids.values
01-04 23:57:14.981  1923  5519 I CCodecConfig: query failed after returning 7 values (BAD_INDEX)
01-04 23:57:14.981  1923  5519 D CCodecConfig: c2 config diff is Dict {
01-04 23:57:14.981  1923  5519 D CCodecConfig:   c2::u32 coded.bitrate.value = 64000
01-04 23:57:14.981  1923  5519 D CCodecConfig:   c2::u32 input.buffers.max-size.value = 32768
01-04 23:57:14.981  1923  5519 D CCodecConfig:   c2::u32 input.delay.value = 0
01-04 23:57:14.981  1923  5519 D CCodecConfig:   string input.media-type.value = "audio/vorbis"
01-04 23:57:14.981  1923  5519 D CCodecConfig:   string output.media-type.value = "audio/raw"
01-04 23:57:14.981  1923  5519 D CCodecConfig:   c2::u32 raw.channel-count.value = 1
01-04 23:57:14.981  1923  5519 D CCodecConfig:   c2::u32 raw.sample-rate.value = 48000
01-04 23:57:14.981  1923  5519 D CCodecConfig: }
01-04 23:57:14.981  1923  5519 D CCodecConfig: no c2 equivalents for durationUs
01-04 23:57:14.981  1923  5519 D CCodecConfig: no c2 equivalents for csd-1
01-04 23:57:14.981  1923  5519 D CCodecConfig: no c2 equivalents for track-id
01-04 23:57:14.981  1923  5519 D CCodecConfig: no c2 equivalents for channel-mask
01-04 23:57:14.982  1923  5519 D CCodecConfig: c2 config diff is   c2::u32 raw.channel-count.value = 2
01-04 23:57:14.982  1923  5519 D CCodecConfig:   c2::u32 raw.sample-rate.value = 44100
01-04 23:57:14.983  1923  5519 W Codec2Client: query -- param skipped: index = 1107298332.
01-04 23:57:14.983  1923  5519 D CCodec  : setup formats input: AMessage(what = 0x00000000) = {
01-04 23:57:14.983  1923  5519 D CCodec  :   int32_t channel-count = 2
01-04 23:57:14.983  1923  5519 D CCodec  :   int32_t max-input-size = 32768
01-04 23:57:14.983  1923  5519 D CCodec  :   string mime = "audio/vorbis"
01-04 23:57:14.983  1923  5519 D CCodec  :   int32_t sample-rate = 44100
01-04 23:57:14.983  1923  5519 D CCodec  : } and output: AMessage(what = 0x00000000) = {
01-04 23:57:14.983  1923  5519 D CCodec  :   int32_t channel-count = 2
01-04 23:57:14.983  1923  5519 D CCodec  :   string mime = "audio/raw"
01-04 23:57:14.983  1923  5519 D CCodec  :   int32_t sample-rate = 44100
01-04 23:57:14.983  1923  5519 D CCodec  :   int32_t channel-mask = 3
01-04 23:57:14.983  1923  5519 D CCodec  : }
01-04 23:57:14.985  3169  3169 W OVRLibrary: null cursor received for query content://com.oculus.ocms.library/apps/paused_app
01-04 23:57:14.986  1779  4908 I CompositorVR: WarpToScreen: Skipping frames for 8
01-04 23:57:14.988   835  4851 V C2Store : in ~ComponentModule
01-04 23:57:14.988   835  4851 V C2Store : unloading dll
01-04 23:57:14.995  4271  4393 E OsSdk   : error getting shared memory region, memory type: HeadTracker, failed with Status(-1, EX_SECURITY): 'requested shared memory region when not registered/focused'
01-04 23:57:14.997  1779  4908 I CompositorVR: WarpToScreen: Skipping frames for 8
01-04 23:57:15.002  3151  5453 I Telemetry: App memory usage: PSS=55 MiB, PrivateDirty=32 MiB, PrivateClean=1 MiB, GPU=6.1/6.3 MiB (98% allocated)
01-04 23:57:15.003  3169  3169 W OVRLibrary: null cursor received for query content://com.oculus.ocms.library/apps/com.android.settings
01-04 23:57:15.003  3169  3169 D [SUI] PanelAppBase: Acquiring viewModel DynamicAppsViewModel refCount: 1
01-04 23:57:15.003  3169  3169 D [SUI] SharingViewModel: Constructing ViewModel
01-04 23:57:15.005  1923  5426 I Telemetry: App memory usage: PSS=322 MiB, PrivateDirty=259 MiB, PrivateClean=45 MiB, GPU=99.9/100.3 MiB (100% allocated)
01-04 23:57:15.007  1955  2566 I OVRMediaService: onStartCommand Received message type: com.oculus.horizon.GET_CAPTURE_STATE_ACTION, caller package: no_app_identity, app identify: null
01-04 23:57:15.008  1923  5426 I VrApi   : FPS=55/90,Prd=33ms,Tear=0,Early=0,Stale=6,VSnc=0,Lat=-1,Fov=0,CPU4/GPU=4/4,2419/525MHz,OC=FF,TA=0/70/0,SP=N/F/N,Mem=2092MHz,Free=2178MB,PLS=0,Temp=22.5C/0.0C,TW=1.07ms,App=4.28ms,GD=0.13ms,CPU&GPU=0.00ms,LCnt=2(DR37,LM2),GPU%=0.52,CPU%=0.30(W0.36),DSF=1.00,CFL=14.58/27.35
01-04 23:57:15.008  1779  4908 I CompositorVR: WarpToScreen: Skipping frames for 8
01-04 23:57:15.009  3169  3169 D [SUI] AbuseReportCaptureUtil: clearAbuseReportRecordingTimer
01-04 23:57:15.009  3169  3169 D [SUI] PanelAppBase: Acquiring viewModel SharingViewModel refCount: 1
01-04 23:57:15.009  3169  3169 I AndroidPanelApp: HideLayer(#main, shape: 1, shouldMinimizeLayer: false)
01-04 23:57:15.011  1048  4329 I DisplayManagerService: Display device added: DisplayDeviceInfo{"com.oculus.android_panel_app.AndroidPanelLayer-#main": uniqueId="virtual:com.oculus.systemux,10026,com.oculus.android_panel_app.AndroidPanelLayer-#main,1", 840 x 1250, modeId 96, defaultModeId 96, supportedModes [{id=96, width=840, height=1250, fps=60.0}], colorMode 0, supportedColorModes [0], HdrCapabilities null, density 200, 200.0 x 200.0 dpi, appVsyncOff 0, presDeadline 16666666, touch NONE, rotation 0, type VIRTUAL, state OFF, owner com.oculus.systemux (uid 10026), FLAG_PRIVATE, FLAG_NEVER_BLANK, FLAG_OWN_CONTENT_ONLY}
01-04 23:57:15.019  1779  4908 I CompositorVR: WarpToScreen: Skipping frames for 8
01-04 23:57:15.020  4708  5033 I VrApi   : FPS=68/72,Prd=48ms,Tear=0,Early=67,Stale=5,VSnc=1,Lat=1,Fov=0,CPU4/GPU=4/4,2419/525MHz,OC=FF,TA=0/F/F,SP=N/N/N,Mem=2092MHz,Free=2197MB,PLS=0,Temp=22.5C/0.0C,TW=3.74ms,App=2.67ms,GD=0.00ms,CPU&GPU=8.14ms,LCnt=5(DR0,LM0),GPU%=0.60,CPU%=0.19(W0.27),DSF=1.00,CFL=18.62/21.45
01-04 23:57:15.030  1955  2566 I FileCapture: broadcast capture state to AUI running = false, with mode -1
01-04 23:57:15.030  1779  4908 I CompositorVR: WarpToScreen: Skipping frames for 8
01-04 23:57:15.031  3169  3169 D [SUI] BarViewModel: Constructing BarViewModel
01-04 23:57:15.031  3169  3169 D [SUI] PanelAppBase: Acquiring viewModel BarViewModel refCount: 1
01-04 23:57:15.031  3169  3169 D [SUI] PanelAppBase: Acquiring viewModel StatusViewModel refCount: 2
01-04 23:57:15.031  3169  3169 D [SUI] ActiveCallBarViewModel: Constructing ActiveCallBarViewModel
01-04 23:57:15.031  3169  3169 I [SUI] PartiesCallBarViewModel: new ServicePresenceClient
01-04 23:57:15.033  3169  3169 I PresenceAPK(ServiceApiManager): Trying to bind to presence service API.
01-04 23:57:15.035  1048  1072 W InputReader: Device has associated, but no associated display id.
01-04 23:57:15.036   849   849 I chatty  : uid=1000(system) /system/bin/trackingservice identical 2 lines
01-04 23:57:15.037  4271  4393 E OsSdk   : error getting shared memory region, memory type: HeadTracker, failed with Status(-1, EX_SECURITY): 'requested shared memory region when not registered/focused'
01-04 23:57:15.041  1779  4908 I CompositorVR: WarpToScreen: Skipping frames for 8
01-04 23:57:15.044  1048  1074 W InputReader: Device has associated, but no associated display id.
01-04 23:57:15.044  1048  1074 I ActivityTaskManager: Override config changes=20005df8 {0.0 ?mcc?mnc ?localeList ?layoutDir sw672dp w672dp h1000dp 200dpi lrg port ?uimode ?night -touch qwerty/v/v -nav/h winConfig={ mBounds=Rect(0, 0 - 840, 1250) mAppBounds=Rect(0, 0 - 840, 1250) mWindowingMode=fullscreen mDisplayWindowingMode=fullscreen mActivityType=undefined mAlwaysOnTop=undefined mRotation=ROTATION_0}} for displayId=35
01-04 23:57:15.051  3151  3151 D [SEO] ShellControlBroadcastReceiver: onReceive with MainActivity native pointer 3909783104, action com.oculus.systemactivities.CAPTURE_STATE_UPDATE
01-04 23:57:15.052  3151  3151 D [SEO] ShellControlBroadcastReceiver: isLaunchAction = false, isTrustedAppLaunch = false
01-04 23:57:15.052  3151  3151 D [SEO] ShellControlBroadcastReceiver: IsCaptureStateUpdateAction
01-04 23:57:15.053  1779  4908 I CompositorVR: WarpToScreen: Skipping frames for 8
01-04 23:57:15.055  3169  3169 D PresenceAPK(PresenceClient): setEventListener id=SystemCallGroup
01-04 23:57:15.055  3169  3169 I PresenceAPK(GroupManager): addListener for id SystemCallGroup
01-04 23:57:15.055  3169  3169 D [SUI] MessengerCallBarViewModel: constructing MessengerCallBarViewModel
01-04 23:57:15.055  3169  3169 D [SUI] MessengerCallViewModel: constructing MessengerCallViewModel, instance count:4
01-04 23:57:15.055  3169  3169 D HyperspaceClient: acquire instance, refcount: 2
01-04 23:57:15.055  3169  3169 D [SUI] MessengerCallViewModel: hyperspace client created
01-04 23:57:15.055  3169  3169 D [SUI] PanelAppBase: Acquiring viewModel MessengerCallViewModel refCount: 1
01-04 23:57:15.055  3169  3169 D [SUI] MessengerCallViewModel: registerObserver
01-04 23:57:15.055  3169  3169 D [SUI] PanelAppBase: Acquiring viewModel ActiveCallBarViewModel refCount: 1
01-04 23:57:15.055  3169  3169 D [SUI] OnboardingTutorial: Initialize Onboarding Tutorial
01-04 23:57:15.059  3169  3169 D [SUI] OnboardingTutorial: Step is: NOT_BRAND_NEW_USER
01-04 23:57:15.059  3169  3169 D [SUI] OnboardingTutorial: Not a first time user; skipping the tutorial
01-04 23:57:15.059  3169  3169 D [SUI] SystemStatusView: Initializing System Status
01-04 23:57:15.059  3169  3169 D [SUI] StatusViewModel: Constructing ViewModel
01-04 23:57:15.061  3169  3169 I android_os_HwBinder: HwBinder: Starting thread pool for getting: vendor.oculus.hardware.battery@1.0::IBattery/default
01-04 23:57:15.062  2129  2129 D DeviceHelper: isScreenOn = true
01-04 23:57:15.063  2129  2129 D [OAO] ShellOverlayBroadcastReceiver: onReceive with ShellOverlayService native pointer 3909446720, action com.oculus.systemactivities.CAPTURE_STATE_UPDATE
01-04 23:57:15.064  1779  4908 I CompositorVR: WarpToScreen: Skipping frames for 8
01-04 23:57:15.065  3169  3169 D [SUI] StatusViewModel: Initializing wifi status BroadcastReceiver
01-04 23:57:15.067  2902  2902 W guardianservice: type=1400 audit(0.0:4479): avc: denied " {" read" } for " name="u:object_r:vendor_board_init_prop:s0" dev="tmpfs" ino=1378 scontext=u:r:priv_app:s0:c512,c768 tcontext=u:object_r:vendor_board_init_prop:s0 tclass=file permissive=0
01-04 23:57:15.067  2902  2902 W guardianservice: type=1400 audit(0.0:4480): avc: denied " {" read" } for " name="u:object_r:vendor_board_init_prop:s0" dev="tmpfs" ino=1378 scontext=u:r:priv_app:s0:c512,c768 tcontext=u:object_r:vendor_board_init_prop:s0 tclass=file permissive=0
01-04 23:57:15.067  2902  2902 W guardianservice: type=1400 audit(0.0:4481): avc: denied " {" read" } for " name="u:object_r:vendor_board_init_prop:s0" dev="tmpfs" ino=1378 scontext=u:r:priv_app:s0:c512,c768 tcontext=u:object_r:vendor_board_init_prop:s0 tclass=file permissive=0
01-04 23:57:15.068  3169  3169 D [SUI] StatusViewModel: Initialized wifi status BroadcastReceiver
01-04 23:57:15.071  1955  2566 I OVRMediaServiceManager: Metacam is not enabled.
01-04 23:57:15.072  3169  3169 D [SUI] PanelAppBase: Acquiring viewModel BarViewModel refCount: 2
01-04 23:57:15.072  3169  3169 D [SUI] PanelAppBase: Acquiring viewModel SystemStatusViewModel refCount: 1
01-04 23:57:15.073  3169  3169 D [SUI] SocialViewModel: registerObserver(): -$$Lambda$SystemStatusView$hvdttGlyfUmlGZJVTLPJRt2c5Fk
01-04 23:57:15.073  3169  3169 D [SUI] SystemStatusView: Initialized System Status
01-04 23:57:15.073  3169  3169 D [SUI] PanelAppBase: Acquiring viewModel DynamicAppsViewModel refCount: 2
01-04 23:57:15.073  3169  3169 D [SUI] DynamicAppsView: Initializing DynamicAppsView on AUI bar
01-04 23:57:15.074  3169  3169 D [SUI] BarView: Initialized parties call bar
01-04 23:57:15.074  3169  3169 D [SUI] MessengerCallViewModel: registerObserver
01-04 23:57:15.074  3169  3169 D [SUI] BarView: Initialized messenger call bar
01-04 23:57:15.074  3169  3169 V [SUI] BarView: Subscribing to notifications badge live data
01-04 23:57:15.074  3169  3169 V [SUI] BarView: Notifs badge count: 0, Messenger badge count 0
01-04 23:57:15.074  3169  3169 D [SUI] BarView: Initialized BarView
01-04 23:57:15.075  1779  4908 I CompositorVR: WarpToScreen: Skipping frames for 8
01-04 23:57:15.076  2902  2993 E libc    : Access denied finding property "ro.vendor.product.model_extended"
01-04 23:57:15.076  2902  2993 E libc    : Access denied finding property "ro.vendor.product.model_extended"
01-04 23:57:15.077  2902  2993 E libc    : Access denied finding property "ro.vendor.product.model_extended"
01-04 23:57:15.080  1048  5412 I DisplayManagerService: Display device removed: DisplayDeviceInfo{"com.oculus.android_panel_app.AndroidPanelLayer-#main": uniqueId="virtual:com.oculus.systemux,10026,com.oculus.android_panel_app.AndroidPanelLayer-#main,1", 840 x 1250, modeId 96, defaultModeId 96, supportedModes [{id=96, width=840, height=1250, fps=60.0}], colorMode 0, supportedColorModes [0], HdrCapabilities null, density 200, 200.0 x 200.0 dpi, appVsyncOff 0, presDeadline 16666666, touch NONE, rotation 0, type VIRTUAL, state OFF, owner com.oculus.systemux (uid 10026), FLAG_PRIVATE, FLAG_NEVER_BLANK, FLAG_OWN_CONTENT_ONLY}
01-04 23:57:15.082   849   849 W TrackingService: attachClient: found client in attached list
01-04 23:57:15.086  1779  4908 I CompositorVR: WarpToScreen: Skipping frames for 8
01-04 23:57:15.091  2417  2436 I com.oculus.ocm: Background concurrent copying GC freed 23497(2634KB) AllocSpace objects, 19(380KB) LOS objects, 49% free, 3280KB/6560KB, paused 62us total 125.421ms
01-04 23:57:15.091  4271  4393 E OsSdk   : error getting shared memory region, memory type: HeadTracker, failed with Status(-1, EX_SECURITY): 'requested shared memory region when not registered/focused'
01-04 23:57:15.094  1048  5412 I DisplayManagerService: Display device added: DisplayDeviceInfo{"com.oculus.android_panel_app.AndroidPanelLayer-#main": uniqueId="virtual:com.oculus.systemux,10026,com.oculus.android_panel_app.AndroidPanelLayer-#main,1", 840 x 110, modeId 97, defaultModeId 97, supportedModes [{id=97, width=840, height=110, fps=60.0}], colorMode 0, supportedColorModes [0], HdrCapabilities null, density 200, 200.0 x 200.0 dpi, appVsyncOff 0, presDeadline 16666666, touch NONE, rotation 0, type VIRTUAL, state OFF, owner com.oculus.systemux (uid 10026), FLAG_PRIVATE, FLAG_NEVER_BLANK, FLAG_OWN_CONTENT_ONLY}
01-04 23:57:15.097  1779  4908 I CompositorVR: WarpToScreen: Skipping frames for 8
01-04 23:57:15.105  3169  3169 D [SUI] SettingsAssistantJsonBuilder: Registering legacy settings
01-04 23:57:15.105  3169  3169 D [SUI] SettingsAssistantJsonBuilder: Not registering settings service settings. Blocked by GK
