01-06 14:42:03.169  1621  3936 V ControllerNotifications: Queueing enable of notifications in 5000ms
01-06 14:42:03.170  2990  2990 I chatty  : uid=10020(com.oculus.vrshell) ShellMain expire 33 lines
01-06 14:42:03.170  3515  3515 D [SUI] SystemUXBroadcastReceiver: action: com.oculus.intent.action.MOUNT_STATE_CHANGED
01-06 14:42:03.170  1687  1687 I [CT]    : MIXEDREALITY: MrService: MountStateChanged: true
01-06 14:42:03.172  3392  3392 D MetaCamNative (device_lifecycle_observer): OnDeviceMountedStateChange(is_mounted = 1)
01-06 14:42:03.175  1804  2851 I UnifiedTelemetryWrapper: Started UT session don
01-06 14:42:03.177  2509  2509 W VRLifecycleManager: onHeadsetMounted
01-06 14:42:03.178  9093  9121 D OVRPlugin: User present: 1
01-06 14:42:03.183  2509  2509 W VRLifecycleManager: onHeadsetMounted
01-06 14:42:03.188   730   847 W DeviceHAL: Error from HAL Device in function get_mic_mute: Function not implemented
01-06 14:42:03.188   730   847 W DeviceHAL: Error from HAL Device in function get_mic_mute: Function not implemented
01-06 14:42:03.189   730   847 D audio_hw_primary: adev_set_mic_mute state 0
01-06 14:42:03.189   730   847 W DeviceHAL: Error from HAL Device in function set_mic_mute: Function not implemented
01-06 14:42:03.189   730   847 W DeviceHAL: Error from HAL Device in function set_mic_mute: Function not implemented
01-06 14:42:03.189  1052  8793 E AudioSystem-JNI: Command failed for android_media_AudioSystem_muteMicrophone: -38
01-06 14:42:03.200   864  1042 W TrackingService: attachClient: found client in attached list
01-06 14:42:03.203  9093  9093 D UE4     : [GameActivity] Battery: status = 4, rawlevel = 100, scale = 100
01-06 14:42:03.203  9093  9093 D UE4     : nativeBatteryEvent(stat = 4, lvl = 100  temp = 25.70 °C)
01-06 14:42:03.206  1962  1962 W VRLifecycleManager: onHeadsetMounted
01-06 14:42:03.210  1962  1962 I PlatformPluginManager: setHeadsetMountState: true
01-06 14:42:03.210  1962  1962 I OVRPlatform: [AudioManager] SetHeadsetMounted: true
01-06 14:42:03.210  1962  1962 I OVRPlatform: [AudioManager] Current headsetMounted_ true
01-06 14:42:03.210  1962  1962 I OVRPlatform: [AudioManager] Current headphoneStatus_: DISCONNECTED
01-06 14:42:03.210  1962  1962 I PlatformPluginManager: on headset mounted
01-06 14:42:03.225  2954  3062 I StateMachine: StateMachine::Update GuardianInitializationStateMachine: mountEvent -> MountedTransition_Black
01-06 14:42:03.233  2825  2825 D MVanServiceReceiver: MVanServiceReceiver Action: com.oculus.intent.action.MOUNT_STATE_CHANGED
01-06 14:42:03.443  1962  2399 I AuthLogger: Action succeeded: SYNC_ACCOUNTS, callingPackage: com.oculus.horizon, accountType: null, tokenType: null, extras: {}, duration: 218ms
01-06 14:42:03.529   864  9271 W [CT]    : VEGA:MAP_TRACKING_HM: [Throttled count=24] Map tracking did not run.
01-06 14:42:03.574   864  1232 I [CT]    : Vega:SubmapPublisher: Tracking parent no change: frame movement above thresh -> Publish
01-06 14:42:03.575   864  1232 I [CT]    : Vega:SubmapPublisher: Start to publish submaps, found candidates:  3
01-06 14:42:03.575   864  1232 E [CT]    : SubmapRecords: findSubmapId found 2 submap records hold the same query krHandle
01-06 14:42:03.598   864  9271 I [CT]    : VegaTrackTracker: Starting map tracking on map. SubmapId Submap id = 0, version = 879350790 Active contexts: 1
01-06 14:42:03.598   864  9271 I [CT]    : VegaTrackTracker: Starting map tracking on map. SubmapId Submap id = 2, version = 1910079902 Active contexts: 2
01-06 14:42:03.614   864  9271 W [CT]    : VEGA:MAP_TRACKING_HM: [Throttled count=1] Bad map tracking: map tracking failed @ Submap id = 0, version = 879350790 with status: 1
01-06 14:42:03.650   864  9271 W [CT]    : VEGA:MAP_TRACKING_HM: Validation failed after 0.04 seconds of bad frames. Switching from Validating to NoTracking
01-06 14:42:03.650   864  9271 W [CT]    : VEGA:MAP_TRACKING_HM: Validation failed after 0.04 seconds of bad frames. Switching from Validating to NoTracking
01-06 14:42:03.680   864  9271 I [CT]    : TrackedMapContext: Stop tracking map with ID Submap id = 2, version = 1910079902 at index: 2 in contexts: 3
01-06 14:42:03.680   864  9271 I [CT]    : TrackedMapContext: Stop tracking map with ID Submap id = 0, version = 879350790 at index: 1 in contexts: 2
01-06 14:42:03.818   864  1042 I chatty  : uid=1000(system) Binder:864_2 identical 16 lines
01-06 14:42:03.820   864  1042 W TrackingService: attachClient: found client in attached list
01-06 14:42:03.862   864  1221 W TrackingService: attachClient: found client in attached list
01-06 14:42:03.955   864  9271 W [CT]    : TIMESTAMPCHECKER: Nominal rate wrong. Estimated data rate: 25, Nominal is 30.000300003000028
01-06 14:42:04.005  9093  9424 I VrApi   : FPS=67/72,Prd=48ms,Tear=0,Early=67,Stale=6,VSnc=1,Lat=1,Fov=0,CPU4/GPU=2/3,1171/490MHz,OC=FF,TA=0/70/70,SP=N/F/F,Mem=2092MHz,Free=2091MB,PLS=0,Temp=25.7C/0.0C,TW=2.33ms,App=3.95ms,GD=0.00ms,CPU&GPU=8.52ms,LCnt=2(DR0,LM0),GPU%=0.47,CPU%=0.28(W0.33),DSF=1.00,CFL=19.69/21.43
01-06 14:42:04.569   864  9271 W [CT]    : VEGA:MAP_TRACKING_HM: [Throttled count=25] Map tracking did not run.
01-06 14:42:04.730   864  9271 I [CT]    : VIPER: Mode=SuperVega,Status=6DoF,TRACKING,Inl=35,Mem=89.9,Jit=0.7mm,Issues(Cam/min=0.1,IMU/min=0.0),Exp=(14.0ms,g=15.0,I=65,Ir=310.3)(14.0ms,g=15.0,I=45,Ir=217.4)(14.0ms,g=15.0,I=68,Ir=327.2)(14.0ms,g=15.0,I=56,Ir=270.5)
01-06 14:42:04.730   864  9271 W [CT]    : VIPER: Images too dark, 
01-06 14:42:04.730  2954  3062 I StateMachine: StateMachine::Update GuardianInitializationStateMachine: finishedSettlingBlackEvent -> Valid_NoBlack
01-06 14:42:04.769  2954  3062 I GuardianSystem: ForceShowGuardian: false, 3.00
01-06 14:42:04.769  2954  3062 I StateMachine: StateMachine::Update ForceShow: forceShowForTime -> ForceShowOnForTime
01-06 14:42:04.770  1804  3059 I VrRuntimeService: RuntimeServiceSDKServer::SetGuardianSystemState: 3219182184
01-06 14:42:04.770  2954  3062 I GuardianSystem: UpdateGuardianSystemState: Flags2 changed: 33, 1, SYSTEM_2_DIRECTIONAL_PASSTHROUGH_ENABLED,SYSTEM_2_SHOULD_PUSH_BLACK to SYSTEM_2_DIRECTIONAL_PASSTHROUGH_ENABLED
01-06 14:42:04.775  1804  2851 I VrRuntimeServer: DisableCompositorClient: 0
01-06 14:42:04.775  1804  2851 I CompositorClientMgr: Disable client 0
01-06 14:42:04.775  1804  2851 I CompositorClientMgr: DisableClient: frame flush required: 1
01-06 14:42:05.006  9093  9424 I VrApi   : FPS=72/72,Prd=48ms,Tear=0,Early=72,Stale=0,VSnc=1,Lat=1,Fov=0,CPU4/GPU=2/3,1171/490MHz,OC=FF,TA=0/70/70,SP=N/F/F,Mem=2092MHz,Free=2091MB,PLS=0,Temp=25.7C/0.0C,TW=2.33ms,App=3.99ms,GD=0.00ms,CPU&GPU=7.76ms,LCnt=2(DR0,LM0),GPU%=0.47,CPU%=0.27(W0.29),DSF=1.00,CFL=19.72/21.41
01-06 14:42:05.053  1804  3059 I VrRuntimeService: RuntimeServiceSDKServer::SetGuardianSystemState: 3219182184
01-06 14:42:05.053  2954  3062 I GuardianSystem: UpdateGuardianSystemState: Flags changed: 524288, 532480, SYSTEM_GUARDIAN_VALID to SYSTEM_GUARDIAN_VISIBLE,SYSTEM_GUARDIAN_VALID
01-06 14:42:05.074  1804  9245 I CompositorVR: SetSchedFifo( tid=3062, pol=5, pri=1 ) succeeded
01-06 14:42:05.075  1804  9245 I CompositorVR: SetSchedFifo( tid=3277, pol=5, pri=1 ) succeeded
01-06 14:42:05.075  1804  9245 I CompositorVR: SetSchedFifo( tid=3320, pol=5, pri=1 ) succeeded
01-06 14:42:05.124   864  9180 I [CT]    : boltlib: DSP utilization: 9.61 % (480 / 5000 ms)
01-06 14:42:05.237   864  1221 I chatty  : uid=1000(system) Binder:864_4 identical 39 lines
01-06 14:42:05.255  9093  9123 D UE4     : [GameActivity] Used memory: 538199 (VmRSS:	  242036 kB)
01-06 14:42:05.281   864  1221 W TrackingService: attachClient: found client in attached list
01-06 14:42:05.283   864  1042 W TrackingService: attachClient: found client in attached list
01-06 14:42:05.318  1804  2851 I ServiceInputManager: system button SetHomeButtonDownState 3507.79
01-06 14:42:05.318  1804  2851 I ServiceInputManager: system button down, should reset recenter timer
01-06 14:42:05.318  1804  2851 I RecenterTimer: UpdateTimerData(3508.29 3508.79)
01-06 14:42:05.471  1804  2851 I ServiceInputManager: system button SetHomeButtonUpState 3507.94
01-06 14:42:05.471  1804  2851 I RecenterTimer: UpdateTimerData(-1.00 -1.00)
01-06 14:42:05.573   864  9279 I [CT]    : CONSTELLATION:VISION_STATUS: 86557c336c360320 (L): BlobDetection:[#BlobsDetected=(17.16, 21.91)]Matching:[MatchSuccess=1.000, MatchCost=(0.00297, 0.00001), #MatchedBlobs=(9.30, 5.02), #MatchedLeds=(5.86, 0.87), RematchM=0.000, SkipRefine=0.008] MatchMethod:[Prox=1.000, ConstBrute=0.000, UnconstBrute=0.000] MatchResets[AnomBlobSize=0.000, SharedMatch=0.000, DenseReacq=0.000] | Fusion:[FusionError=0.000, ImuFromCamMs=(7.762, 0.452), RematchF=0.004] FusionUpdates:[Successful=0.084, Reliable=0.084, TightFusion=0.084, FullPose=0.000, StaticPrior=0.916, StaticForHandTrans=1.000, PoseUpdateMD=(0.0000, 0.0000)] FusionResets[6DoFReset=0.000, ResetSuccess=0.000] FusionStatus[HasPosition=1.000, HasVelocity=1.000] 
01-06 14:42:05.608   864  9271 W [CT]    : VEGA:MAP_TRACKING_HM: [Throttled count=25] Map tracking did not run.
01-06 14:42:05.610   864  9228 I [CT]    : CONSTELLATION:IMU_STATUS: 86557c336c360320 (L): [FusionTracked=1.000, OutputTracked=1.000, OutputValid=1.000] [AccelSat=0.000, GyroSat=0.000] 
01-06 14:42:05.675   864  9271 I [CT]    : VIPER: Environment brightness changed from 2 to 0
01-06 14:42:05.691  2954  3062 I GuardianSystem: Environment Status changed: 34 to 33
01-06 14:42:05.710   864  1042 I chatty  : uid=1000(system) Binder:864_2 identical 11 lines
01-06 14:42:05.722  1804  2851 I ServiceInputManager: short system button press 3508.193866
01-06 14:42:05.722  1804  2851 I ServiceInputManager: system event from short press 3508.193866
01-06 14:42:05.722  1804  2851 I ServiceInputManager: ServiceInputManager::FireSystemButtonEvent queueing launch intent from service
01-06 14:42:05.722  1804  2851 I ServiceInputManager: ServiceInputManager::FireSystemButtonEvent 'com.YourCompany.PrototypeV4' Transition Type: 1
01-06 14:42:05.722  1804  2851 I RecenterTimer: UpdateTimerData(-1.00 -1.00)
01-06 14:42:05.736  1804  2851 I ServiceInputManager: ServiceInputManager::ProcessSystemButtonEvent launching intent from service 'com.YourCompany.PrototypeV4' 1
01-06 14:42:05.736  1804  2851 I ServiceInputManager: ServiceInputManager::ProcessSystemButtonEvent transitioning with a memory of the app name
01-06 14:42:05.736  1804  2851 I SystemUtils_Internal: ovrSystemUtils::StartAnytimeUI: confirmQuit
01-06 14:42:05.736  1804  2851 D SystemUtils: sendBroadcastIntent - action: 'com.oculus.vrshell.intent.action.LAUNCH' data: 'systemux://dialog/exit'intent_pkg: com.YourCompany.PrototypeV4
01-06 14:42:05.737  1804  2851 D SystemUtils: VR Shell isn't running.
01-06 14:42:05.753   864  1042 W TrackingService: attachClient: found client in attached list
01-06 14:42:05.763  1052  1595 E WindowManager: App trying to use insecure INPUT_FEATURE_NO_INPUT_CHANNEL flag. Ignoring
01-06 14:42:05.765  1804  1804 I ClientMgr: FocusedWindowChanged: found matching overlay client: 1353579913
01-06 14:42:05.765  1804  1804 I ClientMgr: FocusedClient changed.
01-06 14:42:05.765  1804  1804 I ClientMgr: ClientMgr::SetFocusedClient: 2150:com.oculus.vrshell type 1
01-06 14:42:05.766  1804  1804 I ClientMgr: SetFocusedPackageName - packageName com.oculus.vrshell processName com.oculus.vrshell:Overlay clientId 1353579913 clientPid 2150
01-06 14:42:05.766  1804  1804 I VrRuntimeService: RuntimeIPC: SendFocusChangeEventToAllClients: PostClientEvent SUCCESS: com.oculus.mrservice:com.oculus.mrservice:1687, com.oculus.vrshell, com.oculus.vrshell:Overlay
01-06 14:42:05.766  1804  1804 I VrRuntimeService: RuntimeIPC: SendFocusChangeEventToAllClients: PostClientEvent SUCCESS: com.oculus.vrshell:com.oculus.vrshell:2990, com.oculus.vrshell, com.oculus.vrshell:Overlay
01-06 14:42:05.766  1804  1804 I VrRuntimeService: RuntimeIPC: SendFocusChangeEventToAllClients: PostClientEvent SUCCESS: com.YourCompany.PrototypeV4:com.YourCompany.PrototypeV4:9093, com.oculus.vrshell, com.oculus.vrshell:Overlay
01-06 14:42:05.766  1804  1804 I VrRuntimeService: RuntimeIPC: SendFocusChangeEventToAllClients: PostClientEvent SUCCESS: com.oculus.guardian:com.oculus.vrguardianservice:2954, com.oculus.vrshell, com.oculus.vrshell:Overlay
01-06 14:42:05.766  1804  1804 I VrRuntimeService: RuntimeIPC: SendFocusChangeEventToAllClients: PostClientEvent SUCCESS: com.oculus.shellenv:com.oculus.shellenv:1950, com.oculus.vrshell, com.oculus.vrshell:Overlay
01-06 14:42:05.766  1804  1804 I VrRuntimeService: RuntimeIPC: SendFocusChangeEventToAllClients: PostClientEvent SUCCESS: com.oculus.xrstreamingclient:com.oculus.xrstreamingclient:6584, com.oculus.vrshell, com.oculus.vrshell:Overlay
01-06 14:42:05.766  1804  1804 I VrRuntimeService: RuntimeIPC: SendFocusChangeEventToAllClients: PostClientEvent SUCCESS: com.oculus.vrshell:com.oculus.vrshell:Overlay:2150, com.oculus.vrshell, com.oculus.vrshell:Overlay
01-06 14:42:05.766  9093  9121 I VrRuntimeClient: Client has lost focus.
01-06 14:42:05.767  3515  3515 D [SUI] ActivityManagerUtilsHelper: onFocusedWindowChanged: Instance: com.oculus.common.activitymanager.ActivityManagerUtilsHelper@7e94690, topWindowUid: 10020, focusedApp: com.oculus.vrshell, previousApp: com.YourCompany.PrototypeV4
01-06 14:42:05.773  3392  3392 D MetaCam (MediaCapabilityChecker): checkMediaHasRecordingCapabilities packageName: com.oculus.vrshell
01-06 14:42:05.773  3392  3392 D MetaCam (MediaCapabilityChecker): checkMediaHasRecordingCapabilities packageName: com.oculus.vrshell
01-06 14:42:05.774   864  1221 W TrackingService: attachClient: found client in attached list
01-06 14:42:05.775   864  1221 D TrackingService: getSharedMemory: com.oculus.guardian, Controller
01-06 14:42:05.778   864  1221 W TrackingService: attachClient: found client in attached list
01-06 14:42:05.778   864  1221 D TrackingService: getSharedMemory: com.oculus.systemdriver, Controller
01-06 14:42:05.779  1804  2851 I PerformanceManager_V0: SetClockLevels: Apply pending clock request change: 2,3 -> 4,4
01-06 14:42:05.779  1804  2847 I Clocks  : ReleaseClocks - start
01-06 14:42:05.780  1804  2847 I Clocks  : ReleaseClocks - end (0.8 ms)
01-06 14:42:05.780  1804  2847 I Clocks  : LockClocks( cpu=4, gpu=4 ) - start
01-06 14:42:05.780  1804  2847 I Clocks  : CPU levels [0, 4]
01-06 14:42:05.780  1804  2847 I Clocks  : GPU levels [0, 5]
01-06 14:42:05.780   864  1221 W TrackingService: attachClient: found client in attached list
01-06 14:42:05.781  1804  2847 I Clocks  : LockClocks( cpu=4, gpu=4 ) - end (0.5 ms)
01-06 14:42:05.781  9093  9121 E OsSdk   : error getting shared memory region, memory type: Controller, failed with Status(-1, EX_SECURITY): 'requested shared memory region when not registered/focused'
01-06 14:42:05.782   864  1042 W TrackingService: attachClient: found client in attached list
01-06 14:42:05.782  9093  9121 E OsSdk   : error getting shared memory region, memory type: Controller, failed with Status(-1, EX_SECURITY): 'requested shared memory region when not registered/focused'
01-06 14:42:05.782   864   864 W TrackingService: attachClient: found client in attached list
01-06 14:42:05.783  9093  9432 E OsSdk   : error getting shared memory region, memory type: Controller, failed with Status(-1, EX_SECURITY): 'requested shared memory region when not registered/focused'
01-06 14:42:05.783  1962  2541 W OVRLibrary: null cursor received for query content://com.oculus.ocms.library/apps/com.oculus.vrshell
01-06 14:42:05.783   864   864 W TrackingService: attachClient: found client in attached list
01-06 14:42:05.783  9093  9432 E OsSdk   : error getting shared memory region, memory type: Controller, failed with Status(-1, EX_SECURITY): 'requested shared memory region when not registered/focused'
01-06 14:42:05.784  1962  2562 I OVRMediaService: onStartCommand Received message type: overlay_input_focus_change, caller package: com.oculus.vrshell, app identify: AppIdentity{uid=10020, packageNames=[com.oculus.vrshell], sha1=MxZgtt071YLz39PLrkVGckZooCE, sha2=3C-DTjwZQjeLFPB2yCzRq1nqZWa_9HMLIEfpjvyfna8, version=null, domain=null}
01-06 14:42:05.786   744  4161 E SensorService: Failed to set simple multi haptics, ret: -1
01-06 14:42:05.790  1962  2096 W OVRLibrary: null cursor received for query content://com.oculus.ocms.library/apps/com.YourCompany.PrototypeV4
01-06 14:42:05.790  1962  2096 I OVRMediaServiceManager: Sending onAppStart (com.YourCompany.PrototypeV4) to SocialPlatform (com.oculus.socialplatform)
01-06 14:42:05.790  1962  2562 I OVRMediaService: Received OVERLAY_INPUT_FOCUS_CHANGE. is focused: true
01-06 14:42:05.799   864  1221 W TrackingService: attachClient: found client in attached list
01-06 14:42:05.799  9093  9122 D UE4     : [2023.01.06-14.42.05:799][559]LogAndroid: Case APP_CMD_LOST_FOCUS
01-06 14:42:05.799  9093  9122 D UE4     : LogAndroidEvents::EnqueueAppEvent : 10, [width=-1, height=-1], tid = 9122, APP_EVENT_STATE_WINDOW_LOST_FOCUS
01-06 14:42:05.799   864   864 W TrackingService: attachClient: found client in attached list
01-06 14:42:05.800   864   864 D TrackingService: getSharedMemory: com.oculus.vrshell, HeadTracker
01-06 14:42:05.800   864  1042 W TrackingService: attachClient: found client in attached list
01-06 14:42:05.808  9093  9121 D UE4     : [2023.01.06-14.42.05:808][559]LogAndroidEvents: Display: LogAndroidEvents::DequeueAppEvent : 10, [width=-1, height=-1], APP_EVENT_STATE_WINDOW_LOST_FOCUS
01-06 14:42:05.808  9093  9121 D UE4     : FAppEventManager::Tick processing, 10
01-06 14:42:05.810   864  1042 W TrackingService: attachClient: found client in attached list
01-06 14:42:05.811   864  1042 D TrackingService: getSharedMemory: com.oculus.vrshell, Controller
01-06 14:42:05.812  2150  9541 I chatty  : uid=10020(com.oculus.vrshell) ShellOverlayMai expire 6 lines
01-06 14:42:05.819   857  8587 E CalibrationProvider: loadCalibration(LDISP_SN) failed: Calibration store didn't load any info
01-06 14:42:05.819  1621  1621 D OculusNotificationListenerService: Notification posted: 0|android|0|com.android.server.wm.AlertWindowNotification - com.oculus.vrshell|1000
01-06 14:42:05.820   857  8587 E CalibrationProvider: loadCalibration(RDISP_SN) failed: Calibration store didn't load any info
01-06 14:42:05.822  3515  9114 W OVRLibrary: null cursor received for query content://com.oculus.ocms.library/apps/com.YourCompany.PrototypeV4
01-06 14:42:05.823   857  8587 E CalibrationProvider: loadCalibration(LDISP_SN) failed: Calibration store didn't load any info
01-06 14:42:05.823   857  8587 E CalibrationProvider: loadCalibration(RDISP_SN) failed: Calibration store didn't load any info
01-06 14:42:05.826  1804  2863 I VrRuntimeService: RuntimeServiceSDKServer::EnableRendering: 0x0, 0, com.oculus.vrshell:Overlay
01-06 14:42:05.826  1804  2863 I ClientMgr: EnableRendering2: invalid clientWindow, testing uid/pid
01-06 14:42:05.826  1804  2863 I ClientMgr: EnableRendering2: matched uid: 10020 and pid: 2150 
01-06 14:42:05.826  1804  2863 I ClientMgr: EnableRendering2: Calling SetFocusedClient: 1353579913
01-06 14:42:05.826  1804  2863 I ClientMgr: ClientMgr::SetFocusedClient: 2150:com.oculus.vrshell type 1
01-06 14:42:05.826  1804  2863 I ClientMgr: SetFocusedPackageName - packageName com.oculus.vrshell processName com.oculus.vrshell:Overlay clientId 1353579913 clientPid 2150
01-06 14:42:05.826  1804  2863 I ClientMgr: ClientMgr::EnableRendering 2150:com.oculus.vrshell : type 1 comp-id 2: enable
01-06 14:42:05.826  1804  2863 I CompositorClientMgr: Enable client 2
01-06 14:42:05.826  1804  2863 I VrRuntimeServer: EnableCompositorClient client(2): layer placement(2147483647) flags(0) sm(0x7167abe010)
01-06 14:42:05.826  1804  2863 I CompositorVR: CheckDebuggerConnected: debugger 0
01-06 14:42:05.826  1804  2863 I VrRuntimeServer: SysProp debug mode is disabled on Server side
01-06 14:42:05.826  1804  2863 I UnifiedTelemetryWrapper: Started UT session render:com.oculus.vrshell:Overlay
01-06 14:42:05.830  1687  3215 I [CT]    : MIXEDREALITY: MrFeatureStatus: Client status changed from Paused to Started.
01-06 14:42:05.830  1687  3215 I [CT]    : MIXEDREALITY: MrFeatureStatus: Target status Started, CurrentStatus: Paused
01-06 14:42:05.830  1687  3215 I [CT]    : MIXEDREALITY: MrFeatureStatus: Operation chain: Start
01-06 14:42:05.830  1687  3215 I [CT]    : MIXEDREALITY: MrFeatureStatus: Global status changed from Paused to Started.
01-06 14:42:05.830  1687  3215 I [CT]    : MIXEDREALITY: MrServiceController: Queuing command linked to operation Start for feature 0
01-06 14:42:05.830  1687  3207 I [CT]    : MIXEDREALITY: MrServiceView: renderIteration: (every 10 seconds), screen is: ON, PT is: OFF, ID is: OFF
01-06 14:42:05.830  1687  3207 I [CT]    : MIXEDREALITY: MrServiceController: Executing passthroughStart on model
01-06 14:42:05.830  1687  3207 I [CT]    : MIXEDREALITY: MrServiceModel: passthroughStart()
01-06 14:42:05.830  1687  3207 I [CT]    : MIXEDREALITY: MrServiceModel: passthroughStart: Started Passthrough
01-06 14:42:05.830  1687  3207 I [CT]    : MIXEDREALITY: MrServiceModel: commitLayerState: PassthroughMode: kNone.
01-06 14:42:05.833  1687  3207 I [CT]    : MIXEDREALITY: MrServiceView: renderIteration: Nothing to render, hibernating the rendering thread since ID is off and no active PT layers.
01-06 14:42:05.833  1687  3207 I [CT]    : MIXEDREALITY: MrServiceModel: Hibernating caller (most likely rendering thread) due to commandQueue being empty.
01-06 14:42:05.833  1804  2851 I ServiceInputManager: InhibitHandleHomeKey has changed on the service. New value: 1
01-06 14:42:05.838  2150  9544 I chatty  : uid=10020(com.oculus.vrshell) ShellOverlayMai expire 4 lines
01-06 14:42:05.838   730   847 I audio_hw_primary: getting vr mode to 0
01-06 14:42:05.839  3515  3515 D [SUI] NotificationBroadcastReceiver: action: com.oculus.intent.action.NOTIF_CHANGE
01-06 14:42:05.841   751  7545 I AudioPolicyManagerCustom: VR mode is 0, switch to primary output if request is for fast|raw
01-06 14:42:05.843   751  7545 W AudioFlinger: createTrack_l(): mismatch between requested flags (00000104) and output flags (00000006)
01-06 14:42:05.843   751  7545 D AudioFlinger: Client defaulted notificationFrames to 192 for frameCount 384
01-06 14:42:05.846  6584  6649 D xrstreaming: receive ping: org 0 recv 0 xmt 7923596535000 (received at 3508318047982), offset divergence -107358
01-06 14:42:05.848   864  1042 W TrackingService: attachClient: found client in attached list
01-06 14:42:05.850   751  7545 D AF::TrackHandle: OpPlayAudio: track:112 uid:10020 pkg:com.oculus.vrshell usage:1 not muted
01-06 14:42:05.852  6584  6670 E OsSdk   : error getting shared memory region, memory type: HeadTracker, failed with Status(-1, EX_SECURITY): 'requested shared memory region when not registered/focused'
01-06 14:42:05.858  1281  1281 V AvrcpMediaPlayerList: onPlaybackConfigChanged(): Configs list size=9
01-06 14:42:05.861  1962  2096 E OVRMediaServiceManager: LivestreamingManager Not initialized
01-06 14:42:05.863  2150  9546 I chatty  : uid=10020(com.oculus.vrshell) ShellOverlayMai expire 2 lines
01-06 14:42:05.867  1281  1281 V AvrcpMediaPlayerList: onPlaybackConfigChanged(): Configs list size=9
01-06 14:42:05.868   730   847 D msm8974_platform: platform_split_snd_device: snd_device(22) num devices(1) new_snd_devices(0)
01-06 14:42:05.868   730   847 D ACDB-LOADER: ACDB -> send_audvoltable
01-06 14:42:05.868   730   847 D ACDB-LOADER: ACDB -> ACDB_CMD_GET_AUDPROC_INSTANCE_GAIN_DEP_STEP_TABLE_SIZE
01-06 14:42:05.868   730   847 D         : Failed to fetch the lookup information of the device 0000000F 
01-06 14:42:05.868   730   847 D ACDB-LOADER: Error: ACDB_CMD_GET_AUDPROC_INSTANCE_GAIN_DEP_STEP_TABLE_SIZE Returned = -19
01-06 14:42:05.868   730   847 D ACDB-LOADER: ACDB -> ACDB_CMD_GET_AUDPROC_INSTANCE_GAIN_DEP_STEP_TABLE, vol index 9
01-06 14:42:05.868   730   847 D         : Failed to fetch the lookup information of the device 0000000F 
01-06 14:42:05.868   730   847 D ACDB-LOADER: Error: ACDB AudProc vol returned = -19
01-06 14:42:05.868   730   847 D ACDB-LOADER: ACDB -> AUDIO_SET_VOL_CAL cal type = 40
01-06 14:42:05.868  1281  1281 V AvrcpMediaPlayerList: onPlaybackConfigChanged(): Configs list size=9
01-06 14:42:05.888  3515  9114 D NotificationsBadgeLiveData: MessageBadgeData, pullAndCheckNotifs, old data source notif count: 0, oc chats count: 0, messenger count: 0
01-06 14:42:05.893   864   864 W TrackingService: attachClient: found client in attached list
01-06 14:42:05.895  6584  6670 E OsSdk   : error getting shared memory region, memory type: HeadTracker, failed with Status(-1, EX_SECURITY): 'requested shared memory region when not registered/focused'
01-06 14:42:05.895  1621  1621 D OculusNotificationListenerService: Notification removed: 0|android|0|com.android.server.wm.AlertWindowNotification - com.oculus.vrshell|1000
01-06 14:42:05.903  6584  6670 E OsSdk   : error getting shared memory region, memory type: HeadTracker, failed with Status(-1, EX_SECURITY): 'requested shared memory region when not registered/focused'
01-06 14:42:05.909   864   864 I chatty  : uid=1000(system) /system/bin/trackingservice identical 2 lines
01-06 14:42:05.911  6584  6670 E OsSdk   : error getting shared memory region, memory type: HeadTracker, failed with Status(-1, EX_SECURITY): 'requested shared memory region when not registered/focused'
01-06 14:42:05.915  9093  9122 D UE4     : [2023.01.06-14.42.05:914][567]LogAndroid: Case APP_CMD_GAINED_FOCUS
01-06 14:42:05.915  9093  9122 D UE4     : LogAndroidEvents::EnqueueAppEvent : 11, [width=-1, height=-1], tid = 9122, APP_EVENT_STATE_WINDOW_GAINED_FOCUS
01-06 14:42:05.915  1804  1804 I ClientMgr: FocusedWindowChanged: top window's client already enabled
01-06 14:42:05.915  1804  1804 I ClientMgr: FocusedClient changed.
01-06 14:42:05.915  1804  1804 I ClientMgr: ClientMgr::SetFocusedClient: 9093:com.YourCompany.PrototypeV4 type 0
01-06 14:42:05.915  1804  1804 I ClientMgr: SetFocusedPackageName - packageName com.YourCompany.PrototypeV4 processName com.YourCompany.PrototypeV4 clientId 3657597584 clientPid 9093
01-06 14:42:05.915  1804  1804 I VrRuntimeService: RuntimeIPC: SendFocusChangeEventToAllClients: PostClientEvent SUCCESS: com.oculus.mrservice:com.oculus.mrservice:1687, com.YourCompany.PrototypeV4, com.YourCompany.PrototypeV4
01-06 14:42:05.915  1804  1804 I VrRuntimeService: RuntimeIPC: SendFocusChangeEventToAllClients: PostClientEvent SUCCESS: com.oculus.vrshell:com.oculus.vrshell:2990, com.YourCompany.PrototypeV4, com.YourCompany.PrototypeV4
01-06 14:42:05.915  1804  1804 I VrRuntimeService: RuntimeIPC: SendFocusChangeEventToAllClients: PostClientEvent SUCCESS: com.YourCompany.PrototypeV4:com.YourCompany.PrototypeV4:9093, com.YourCompany.PrototypeV4, com.YourCompany.PrototypeV4
01-06 14:42:05.915  1804  1804 I VrRuntimeService: RuntimeIPC: SendFocusChangeEventToAllClients: PostClientEvent SUCCESS: com.oculus.guardian:com.oculus.vrguardianservice:2954, com.YourCompany.PrototypeV4, com.YourCompany.PrototypeV4
01-06 14:42:05.915  1804  1804 I VrRuntimeService: RuntimeIPC: SendFocusChangeEventToAllClients: PostClientEvent SUCCESS: com.oculus.shellenv:com.oculus.shellenv:1950, com.YourCompany.PrototypeV4, com.YourCompany.PrototypeV4
01-06 14:42:05.915  1804  1804 I VrRuntimeService: RuntimeIPC: SendFocusChangeEventToAllClients: PostClientEvent SUCCESS: com.oculus.xrstreamingclient:com.oculus.xrstreamingclient:6584, com.YourCompany.PrototypeV4, com.YourCompany.PrototypeV4
01-06 14:42:05.915  1804  1804 I VrRuntimeService: RuntimeIPC: SendFocusChangeEventToAllClients: PostClientEvent SUCCESS: com.oculus.vrshell:com.oculus.vrshell:Overlay:2150, com.YourCompany.PrototypeV4, com.YourCompany.PrototypeV4
01-06 14:42:05.917  1804  2851 I ServiceInputManager: InhibitHandleHomeKey has changed on the service. New value: 0
01-06 14:42:05.918  3515  3515 D [SUI] ActivityManagerUtilsHelper: onFocusedWindowChanged: Instance: com.oculus.common.activitymanager.ActivityManagerUtilsHelper@7e94690, topWindowUid: 10152, focusedApp: com.YourCompany.PrototypeV4, previousApp: com.oculus.vrshell
01-06 14:42:05.919  3392  3392 D MetaCam (MediaCapabilityChecker): checkMediaHasRecordingCapabilities packageName: com.YourCompany.PrototypeV4
01-06 14:42:05.919  9093  9121 D UE4     : [2023.01.06-14.42.05:919][567]LogAndroidEvents: Display: LogAndroidEvents::DequeueAppEvent : 11, [width=-1, height=-1], APP_EVENT_STATE_WINDOW_GAINED_FOCUS
01-06 14:42:05.919  9093  9121 D UE4     : FAppEventManager::Tick processing, 11
01-06 14:42:05.920  9093  9432 I VrRuntimeClient: Client has gained focus.
01-06 14:42:05.923   864   864 W TrackingService: attachClient: found client in attached list
01-06 14:42:05.924   864   864 D TrackingService: getSharedMemory: com.YourCompany.PrototypeV4, Controller
01-06 14:42:05.924  9093  9421 I InputDevice_TrackedRemote: REMOTE: Hand=2 IndexAnalog=0.00 GripAnalog=0.00 Buttons=0x00000000
01-06 14:42:05.924  9093  9421 I InputDevice_TrackedRemote: REMOTE: Hand=1 IndexAnalog=0.00 GripAnalog=0.00 Buttons=0x00000000
01-06 14:42:05.935  1962  2541 W OVRLibrary: null cursor received for query content://com.oculus.ocms.library/apps/com.YourCompany.PrototypeV4
01-06 14:42:05.935  1962  2541 I OVRMediaServiceManager: Sending onAppStart (com.YourCompany.PrototypeV4) to SocialPlatform (com.oculus.socialplatform)
01-06 14:42:05.939  1962  2399 W OVRLibrary: null cursor received for query content://com.oculus.ocms.library/apps/com.YourCompany.PrototypeV4
01-06 14:42:05.955   864  9271 W [CT]    : TIMESTAMPCHECKER: Nominal rate wrong. Estimated data rate: 25, Nominal is 30.000300003000028
01-06 14:42:05.956   864   864 W TrackingService: attachClient: found client in attached list
01-06 14:42:05.957  1962  2562 I OVRMediaService: onStartCommand Received message type: overlay_input_focus_change, caller package: com.oculus.vrshell, app identify: AppIdentity{uid=10020, packageNames=[com.oculus.vrshell], sha1=MxZgtt071YLz39PLrkVGckZooCE, sha2=3C-DTjwZQjeLFPB2yCzRq1nqZWa_9HMLIEfpjvyfna8, version=null, domain=null}
01-06 14:42:05.957  6584  6670 E OsSdk   : error getting shared memory region, memory type: HeadTracker, failed with Status(-1, EX_SECURITY): 'requested shared memory region when not registered/focused'
01-06 14:42:05.959  1052  5664 E WindowManager: App trying to use insecure INPUT_FEATURE_NO_INPUT_CHANNEL flag. Ignoring
01-06 14:42:05.963  1804  1804 I ClientMgr: FocusedWindowChanged: found matching overlay client: 1353579913
01-06 14:42:05.963  1804  1804 I ClientMgr: FocusedClient changed.
01-06 14:42:05.963  1804  1804 I ClientMgr: ClientMgr::SetFocusedClient: 2150:com.oculus.vrshell type 1
01-06 14:42:05.963  1962  2562 I OVRMediaService: Received OVERLAY_INPUT_FOCUS_CHANGE. is focused: false
01-06 14:42:05.963  1804  1804 I ClientMgr: SetFocusedPackageName - packageName com.oculus.vrshell processName com.oculus.vrshell:Overlay clientId 1353579913 clientPid 2150
01-06 14:42:05.963  1804  1804 I VrRuntimeService: RuntimeIPC: SendFocusChangeEventToAllClients: PostClientEvent SUCCESS: com.oculus.mrservice:com.oculus.mrservice:1687, com.oculus.vrshell, com.oculus.vrshell:Overlay
01-06 14:42:05.963  1804  1804 I VrRuntimeService: RuntimeIPC: SendFocusChangeEventToAllClients: PostClientEvent SUCCESS: com.oculus.vrshell:com.oculus.vrshell:2990, com.oculus.vrshell, com.oculus.vrshell:Overlay
01-06 14:42:05.963  1804  1804 I VrRuntimeService: RuntimeIPC: SendFocusChangeEventToAllClients: PostClientEvent SUCCESS: com.YourCompany.PrototypeV4:com.YourCompany.PrototypeV4:9093, com.oculus.vrshell, com.oculus.vrshell:Overlay
01-06 14:42:05.963  1804  1804 I VrRuntimeService: RuntimeIPC: SendFocusChangeEventToAllClients: PostClientEvent SUCCESS: com.oculus.guardian:com.oculus.vrguardianservice:2954, com.oculus.vrshell, com.oculus.vrshell:Overlay
01-06 14:42:05.963  1804  1804 I VrRuntimeService: RuntimeIPC: SendFocusChangeEventToAllClients: PostClientEvent SUCCESS: com.oculus.shellenv:com.oculus.shellenv:1950, com.oculus.vrshell, com.oculus.vrshell:Overlay
01-06 14:42:05.963  1804  1804 I VrRuntimeService: RuntimeIPC: SendFocusChangeEventToAllClients: PostClientEvent SUCCESS: com.oculus.xrstreamingclient:com.oculus.xrstreamingclient:6584, com.oculus.vrshell, com.oculus.vrshell:Overlay
01-06 14:42:05.963  1804  1804 I VrRuntimeService: RuntimeIPC: SendFocusChangeEventToAllClients: PostClientEvent SUCCESS: com.oculus.vrshell:com.oculus.vrshell:Overlay:2150, com.oculus.vrshell, com.oculus.vrshell:Overlay
01-06 14:42:05.964  9093  9432 I VrRuntimeClient: Client has lost focus.
01-06 14:42:05.972  1804  2851 I ServiceInputManager: InhibitHandleHomeKey has changed on the service. New value: 1
01-06 14:42:05.973   864  1042 W TrackingService: attachClient: found client in attached list
01-06 14:42:05.973   864  1042 D TrackingService: getSharedMemory: com.oculus.systemdriver, Controller
01-06 14:42:05.974  3515  3515 D [SUI] ActivityManagerUtilsHelper: onFocusedWindowChanged: Instance: com.oculus.common.activitymanager.ActivityManagerUtilsHelper@7e94690, topWindowUid: 10020, focusedApp: com.oculus.vrshell, previousApp: com.YourCompany.PrototypeV4
01-06 14:42:05.974   864  1042 W TrackingService: attachClient: found client in attached list
01-06 14:42:05.975   864  1042 D TrackingService: getSharedMemory: com.oculus.guardian, Controller
01-06 14:42:05.975   864  1042 W TrackingService: attachClient: found client in attached list
01-06 14:42:05.976  9093  9432 E OsSdk   : error getting shared memory region, memory type: Controller, failed with Status(-1, EX_SECURITY): 'requested shared memory region when not registered/focused'
01-06 14:42:05.976  9093  9432 E OsSdk   : error getting shared memory region, memory type: Controller, failed with Status(-1, EX_SECURITY): 'requested shared memory region when not registered/focused'
01-06 14:42:05.977  3515  9114 W OVRLibrary: null cursor received for query content://com.oculus.ocms.library/apps/com.YourCompany.PrototypeV4
01-06 14:42:05.977  9093  9121 E OsSdk   : error getting shared memory region, memory type: Controller, failed with Status(-1, EX_SECURITY): 'requested shared memory region when not registered/focused'
01-06 14:42:05.977   864  1042 I chatty  : uid=1000(system) Binder:864_2 identical 3 lines
01-06 14:42:05.978  9093  9121 E OsSdk   : error getting shared memory region, memory type: Controller, failed with Status(-1, EX_SECURITY): 'requested shared memory region when not registered/focused'
01-06 14:42:05.985  1962  2096 W OVRLibrary: null cursor received for query content://com.oculus.ocms.library/apps/com.oculus.vrshell
01-06 14:42:05.986  3392  3392 W OVRLibrary: null cursor received for query content://com.oculus.ocms.library/apps/com.YourCompany.PrototypeV4
01-06 14:42:05.986  3392  3392 D MetaCam (MediaCapabilityChecker): checkMediaHasRecordingCapabilities packageName: com.YourCompany.PrototypeV4
01-06 14:42:05.986   864  1042 W TrackingService: attachClient: found client in attached list
01-06 14:42:05.987   864  1042 D TrackingService: getSharedMemory: com.oculus.vrshell, Controller
01-06 14:42:05.989  1962  2541 E OVRMediaServiceManager: LivestreamingManager Not initialized
01-06 14:42:05.989  1962  2399 W OVRLibrary: null cursor received for query content://com.oculus.ocms.library/apps/com.YourCompany.PrototypeV4
01-06 14:42:05.989  1962  2096 I OVRMediaService: onStartCommand Received message type: overlay_input_focus_change, caller package: com.oculus.vrshell, app identify: AppIdentity{uid=10020, packageNames=[com.oculus.vrshell], sha1=MxZgtt071YLz39PLrkVGckZooCE, sha2=3C-DTjwZQjeLFPB2yCzRq1nqZWa_9HMLIEfpjvyfna8, version=null, domain=null}
01-06 14:42:05.989  1962  2399 I OVRMediaServiceManager: Sending onAppStart (com.YourCompany.PrototypeV4) to SocialPlatform (com.oculus.socialplatform)
01-06 14:42:05.998  1962  2096 I OVRMediaService: Received OVERLAY_INPUT_FOCUS_CHANGE. is focused: true
01-06 14:42:05.998   864  1042 W TrackingService: attachClient: found client in attached list
01-06 14:42:05.999  6584  6670 E OsSdk   : error getting shared memory region, memory type: HeadTracker, failed with Status(-1, EX_SECURITY): 'requested shared memory region when not registered/focused'
01-06 14:42:05.999   864  1042 I chatty  : uid=1000(system) Binder:864_2 identical 1 line
01-06 14:42:06.000  6584  6670 E OsSdk   : error getting shared memory region, memory type: AnchorTracker, failed with Status(-1, EX_SECURITY): 'requested shared memory region when not registered/focused'
01-06 14:42:06.002  3515  3515 D [SUI] NotificationBroadcastReceiver: action: com.oculus.intent.action.NOTIF_CHANGE
01-06 14:42:06.020  9093  9424 I VrApi   : FPS=72/72,Prd=48ms,Tear=0,Early=72,Stale=0,VSnc=1,Lat=1,Fov=0,CPU4/GPU=2/3,1478/525MHz,OC=FF,TA=0/70/70,SP=N/F/F,Mem=2092MHz,Free=2091MB,PLS=0,Temp=25.7C/0.0C,TW=1.82ms,App=4.00ms,GD=0.13ms,CPU&GPU=7.79ms,LCnt=2(DR21,LM2),GPU%=0.45,CPU%=0.22(W0.25),DSF=1.00,CFL=19.64/21.38
01-06 14:42:06.021  3515  9115 W OVRLibrary: null cursor received for query content://com.oculus.ocms.library/apps/com.YourCompany.PrototypeV4
01-06 14:42:06.025  9093  9122 D UE4     : [2023.01.06-14.42.06:025][575]LogAndroid: Case APP_CMD_LOST_FOCUS
01-06 14:42:06.025  9093  9122 D UE4     : LogAndroidEvents::EnqueueAppEvent : 10, [width=-1, height=-1], tid = 9122, APP_EVENT_STATE_WINDOW_LOST_FOCUS
01-06 14:42:06.031  9093  9121 D UE4     : [2023.01.06-14.42.06:031][575]LogAndroidEvents: Display: LogAndroidEvents::DequeueAppEvent : 10, [width=-1, height=-1], APP_EVENT_STATE_WINDOW_LOST_FOCUS
01-06 14:42:06.031  9093  9121 D UE4     : FAppEventManager::Tick processing, 10
01-06 14:42:06.031  3515  9114 D NotificationsBadgeLiveData: MessageBadgeData, pullAndCheckNotifs, old data source notif count: 0, oc chats count: 0, messenger count: 0
01-06 14:42:06.033  3392  3392 W OVRLibrary: null cursor received for query content://com.oculus.ocms.library/apps/com.YourCompany.PrototypeV4
01-06 14:42:06.033  3392  3392 D MetaCam (MediaCapabilityChecker): checkMediaHasRecordingCapabilities packageName: com.oculus.vrshell
01-06 14:42:06.034  3392  3392 D MetaCam (MediaCapabilityChecker): checkMediaHasRecordingCapabilities packageName: com.oculus.vrshell
01-06 14:42:06.040   864  1042 W TrackingService: attachClient: found client in attached list
01-06 14:42:06.040  6584  6670 E OsSdk   : error getting shared memory region, memory type: HeadTracker, failed with Status(-1, EX_SECURITY): 'requested shared memory region when not registered/focused'
01-06 14:42:06.055  1962  2399 E OVRMediaServiceManager: LivestreamingManager Not initialized
01-06 14:42:06.059  1621  1621 D OculusNotificationListenerService: Notification posted: 0|android|0|com.android.server.wm.AlertWindowNotification - com.oculus.vrshell|1000
01-06 14:42:06.064  3515  3515 D [SUI] NotificationBroadcastReceiver: action: com.oculus.intent.action.NOTIF_CHANGE
01-06 14:42:06.070  1804  2863 I VrRuntimeService: CreateAndroidSurfaceSwapChain: 1353579913
01-06 14:42:06.070  1804  2863 I VrRuntimeService: CreateAndroidSurfaceSwapChain: 65536 1 32856 1 1 1 1 1 0 3
01-06 14:42:06.070  1804  2734 I SwapChain_Surface: CreateAndroidSurfaceSwapChainGLES: 0x710b534000: SurfaceTexture 0x29ba Surface 0x29aa
01-06 14:42:06.070  1804  2863 I VrRuntimeServer: CreateAndroidSurfaceSwapChain: result surface 0x710b534000
01-06 14:42:06.071  2150  2274 I chatty  : uid=10020(com.oculus.vrshell) ShellAppBackgro expire 2 lines
01-06 14:42:06.082   864   864 W TrackingService: attachClient: found client in attached list
01-06 14:42:06.083  1052  2642 D ActivityManager: Is background playback enabled for all apps: false
01-06 14:42:06.083  6584  6670 E OsSdk   : error getting shared memory region, memory type: HeadTracker, failed with Status(-1, EX_SECURITY): 'requested shared memory region when not registered/focused'
01-06 14:42:06.084   751  7545 D AF::RecordHandle: OpRecordAudio: track:110 uid:10032 pkg:com.oculus.horizon usage:0 not muted
01-06 14:42:06.084  3515  3515 D CppPanelService: PanelService()
01-06 14:42:06.084  3515  3515 D CppPanelService: onCreate()
01-06 14:42:06.084   751  1006 D AF::RecordHandle: OpRecordAudio: track:56 uid:10014 pkg:com.oculus.shellenv usage:0 muted
01-06 14:42:06.085   751  4523 D AF::RecordHandle: OpRecordAudio: track:106 uid:10033 pkg:com.oculus.xrstreamingclient usage:0 muted
01-06 14:42:06.093  3515  3515 D CppPanelService: onBind()
01-06 14:42:06.124  3515  9114 D NotificationsBadgeLiveData: MessageBadgeData, pullAndCheckNotifs, old data source notif count: 0, oc chats count: 0, messenger count: 0
01-06 14:42:06.127   864  1042 W TrackingService: attachClient: found client in attached list
01-06 14:42:06.128  6584  6670 E OsSdk   : error getting shared memory region, memory type: HeadTracker, failed with Status(-1, EX_SECURITY): 'requested shared memory region when not registered/focused'
01-06 14:42:06.134  2410  2436 I com.oculus.ocm: Background young concurrent copying GC freed 6550(758KB) AllocSpace objects, 5(100KB) LOS objects, 21% free, 3370KB/4287KB, paused 47us total 110.685ms
01-06 14:42:06.147  3515  6741 I PanelVerifier: verifyVrShellUID(Debug Signatures=false, uid=10020) => apkSignatureResult=SigCertInfo(isTrusted=true, packageNames=[com.oculus.vrshell], fingerprint sha1=331660b6dd3bd582f3dfd3cbae4546724668a021, fingerprint sha256=dc2f834e3c1942378b14f076c82cd1ab59ea6566bff4730b2047e98efc9f9daf, signature=3082038d30820275a00302010202041303858a300d06092a864886f70d01010b05003077310b3009060355040613025553310b3009060355040813024341311330110603550407130a4d656e6c6f205061726b31173015060355040a130e4f63756c75732056522c204c4c4331173015060355040b130e4f63756c75732056522c204c4c43311430120603550403130b4f63756c75732041707073301e170d3134313033303231343032315a170d3432303331373231343032315a3077310b3009060355040613025553310b3009060355040813024341311330110603550407130a4d656e6c6f205061726b31173015060355040a130e4f63756c75732056522c204c4c4331173015060355040b130e4f63756c75732056522c204c4c43311430120603550403130b4f63756c7573204170707330820122300d06092a864886f70d01010105000382010f003082010a0282010100a34c7fbd96dea95d811f21a0d760cabca85f2df5dbe19b62aca7a3e3e0b6e48f7e173345f2753c458d639cc2e222eeee4cfb5e89ac1c5060044414056709a43a7f1a6f1e4f2c3d708c48912634be08ad6da1fff92d9c0d4b85e4bc8a8b1c27de84c04eb1e6577c10693500af46beaf7bd2ce72a06a46f4e565859f242cecbef1a431ae8096db712cebe73840bacc64de6b99077ba1ca8c20e5d0b4870bd161f087abbf568dfef58e604068ca6f7cdea183c8681c306bc30cb223e7c5ce3a2fcf00d13e158475b3700ef62dcca46c57baecca4d91052e20b861a1a085d5fc8e99aed8c4a9cfd550d01e54ef5062133befcf7f9ea6a5a1d1575a72cd82279f34030203010001a321301f301d0603551d0e04160414ec7ccdaf8ccdc6dd1b87d4b561582ad8ec397b80300d06092a864886f70d01010b0500038201010014c557ecddc17ba8b979618036e7093b8e7307f624644532c31239f4dc83fd9424267ca7670fa9f78689cbc5bfd8a6312fdc214bd159d614a8753ceec0f2b2d9166217895b13c992e1d10ca625a3153dacfa51dbdb7fde139bd59510f5add29f88be3826b445ce7386dcf06577be72fbdf118fa81179091fad275981409e02d40422d8e86df5827a2c496a4b905b4825c3f1ba0af4cf509bf9b0d4d608cf0b4320ac60d1a8cbcc384de24f11a4c93c0fc5b887cbd6855871af1b1ef729c51a8a123efc6a627b6494e81a264587443b9156ad17772863c2f9685fae9c72a552b333f8ef2822bce5d4d178e45b3a8dd4e321924f6a5ba43f732971a9e74cbf0433), time=1 ms
01-06 14:42:06.147  3515  3515 D PanelAppClient: BEGIN: Initializing panel application via MSG_CREATE_PANEL_APP.
01-06 14:42:06.147  3515  3515 I AndroidPanelApp: Created
01-06 14:42:06.148  3515  3515 V LifecycleAwareViewModelStore: LifecycleAwareViewModelStore created
01-06 14:42:06.148  3515  3515 V LifecycleAwarePanelApp: PanelApp initial lifecycle started and moved from state INITIALIZED to state RESUMED
01-06 14:42:06.148  1052  1068 I system_server: Background young concurrent copying GC freed 95963(4758KB) AllocSpace objects, 76(2896KB) LOS objects, 33% free, 13MB/20MB, paused 706us total 255.120ms
01-06 14:42:06.149  3515  3515 I [SUI] ConsumerConfiguration: Setting SystemUX Configuration and Policy Settings.
01-06 14:42:06.151  3515  3515 I PresenceAPK(ServiceApiManager): Trying to bind to presence service API.
01-06 14:42:06.154  3515  3515 D [SUI] DestinationUiPanelApp: Creating DestinationUiPanelApp
01-06 14:42:06.154  3515  9550 I [SUI] OVRAuthHelper: fetchAuthToken - start
01-06 14:42:06.154  3515  3515 I AndroidPanelApp: HideLayer(#main, shape: 1, shouldMinimizeLayer: false)
01-06 14:42:06.158  1052  4271 I DisplayManagerService: Display device added: DisplayDeviceInfo{"com.oculus.android_panel_app.AndroidPanelLayer-#main": uniqueId="virtual:com.oculus.systemux,10026,com.oculus.android_panel_app.AndroidPanelLayer-#main,2", 1000 x 625, modeId 123, defaultModeId 123, supportedModes [{id=123, width=1000, height=625, fps=60.0}], colorMode 0, supportedColorModes [0], HdrCapabilities null, density 200, 200.0 x 200.0 dpi, appVsyncOff 0, presDeadline 16666666, touch NONE, rotation 0, type VIRTUAL, state OFF, owner com.oculus.systemux (uid 10026), FLAG_PRIVATE, FLAG_NEVER_BLANK, FLAG_OWN_CONTENT_ONLY}
01-06 14:42:06.174  6584  6670 E OsSdk   : error getting shared memory region, memory type: HeadTracker, failed with Status(-1, EX_SECURITY): 'requested shared memory region when not registered/focused'
01-06 14:42:06.181  1052  1078 W InputReader: Device has associated, but no associated display id.
01-06 14:42:06.185  1052  1080 W InputReader: Device has associated, but no associated display id.
01-06 14:42:06.185  1052  1080 I ActivityTaskManager: Override config changes=20005df8 {0.0 ?mcc?mnc ?localeList ?layoutDir sw500dp w800dp h500dp 200dpi lrg land ?uimode ?night -touch qwerty/v/v -nav/h winConfig={ mBounds=Rect(0, 0 - 1000, 625) mAppBounds=Rect(0, 0 - 1000, 625) mWindowingMode=fullscreen mDisplayWindowingMode=fullscreen mActivityType=undefined mAlwaysOnTop=undefined mRotation=ROTATION_0}} for displayId=62
01-06 14:42:06.189  3515  3515 D [SUI] ActivityManagerUtilsHelper: Enabling the activity listener capability with initial foreground package com.YourCompany.PrototypeV4
01-06 14:42:06.192  3515  3515 D [SUI] DestinationUIViewBase: Showing DestinationUIView uri: 
01-06 14:42:06.209  3515  3515 D [SUI] PauseDestinationViewModel: Constructing PauseDestinationViewModel
01-06 14:42:06.210  3515  3515 D UserAppScopedAuthHelper: Logging user in.
01-06 14:42:06.210  3515  6273 D UserAppScopedAuthHelper: fetchUserInfo - start
01-06 14:42:06.210  3515  6273 I [SUI] OVRAuthHelper: fetchAuthToken - start
01-06 14:42:06.210  3515  3515 D PresenceAPK(PresenceClient): setEventListener id=AnchoredHomeGroup
01-06 14:42:06.210  3515  3515 I PresenceAPK(GroupManager): addListener for id AnchoredHomeGroup
01-06 14:42:06.211  3515  3515 D UserAppScopedAuthHelper: Logging user in.
01-06 14:42:06.211  3515  6275 D UserAppScopedAuthHelper: fetchUserInfo - start
01-06 14:42:06.211  3515  6275 I [SUI] OVRAuthHelper: fetchAuthToken - start
01-06 14:42:06.213  3515  3515 D UserAppScopedAuthHelper: Logging user in.
01-06 14:42:06.217  3515  6273 D UserAppScopedAuthHelper: Successfully logged in.
01-06 14:42:06.217  3515  6273 D UserAppScopedAuthHelper: fetchUserInfo - start
01-06 14:42:06.217  3515  6273 I [SUI] OVRAuthHelper: fetchAuthToken - start
01-06 14:42:06.218   864  1042 I chatty  : uid=1000(system) Binder:864_2 identical 2 lines
01-06 14:42:06.219  6584  6670 E OsSdk   : error getting shared memory region, memory type: HeadTracker, failed with Status(-1, EX_SECURITY): 'requested shared memory region when not registered/focused'
01-06 14:42:06.220  3515  3515 D [SUI] ScreenCaptureButtonUtil: Initializing screen recording button
01-06 14:42:06.220  3515  6275 D UserAppScopedAuthHelper: Successfully logged in.
01-06 14:42:06.221  3515  3515 D [SUI] ScreenCaptureButtonUtil: Initializing screenshot button
01-06 14:42:06.221  3515  3515 D [SUI] ScreenCaptureButtonUtil: Initialized screenshot button
01-06 14:42:06.221  3515  3515 D [SUI] ScreenCaptureButtonUtil: Initializing casting button
01-06 14:42:06.221  3515  3515 D [SUI] ScreenCaptureButtonUtil: Initialized casting button
01-06 14:42:06.221  3515  3515 D [SUI] AbuseReportCaptureUtil: clearAbuseReportRecordingTimer
01-06 14:42:06.221  1962  2562 I OVRMediaService: onStartCommand Received message type: com.oculus.horizon.GET_CAPTURE_STATE_ACTION, caller package: no_app_identity, app identify: null
01-06 14:42:06.222  3515  3515 D [SUI] PauseDestinationView: Showing PauseDestinationView
01-06 14:42:06.223  3515  3515 I PanelService: BEGIN: nativeInitializePanelInstance - Configure and set up thread polling.
01-06 14:42:06.223  3515  3515 I PanelService: BEGIN: Call hosted app's Configure method.
01-06 14:42:06.223  3515  3515 I PanelService: END: Call hosted app's Configure method.
01-06 14:42:06.223  3515  3515 I PanelService: END: nativeInitializePanelInstance - Add fd 41 to looper with error code 1
01-06 14:42:06.223  3515  3515 D PanelAppClient: END: Initializing panel application via MSG_CREATE_PANEL_APP.
01-06 14:42:06.223  3515  3515 I PresenceAPK(ServiceApiManager): onServiceConnected componentName=ComponentInfo{com.oculus.presence/com.oculus.presence.services.presence.PresenceService}
01-06 14:42:06.223  3515  3515 I PresenceAPK(ServiceApiManager): setting apiStatusListener
01-06 14:42:06.224  3515  6741 I PresenceAPK(ServiceApiManager): onApiReady
01-06 14:42:06.226  3515  3515 D [SUI] ActivityManagerUtilsHelper: onFocusedWindowChanged: Instance: com.oculus.common.activitymanager.ActivityManagerUtilsHelper@4ce3033, topWindowUid: 10020, focusedApp: com.oculus.vrshell, previousApp: null
01-06 14:42:06.226  3515  3515 D ContextualButtonsView: OCULUS_CAPTURE__EDUCATION_DUI_TOOLTIP gk is not passed!
01-06 14:42:06.233  3515  6273 D UserAppScopedAuthHelper: Successfully logged in.
01-06 14:42:06.258  3515  3515 D [SUI] SystemUXBroadcastReceiver: action: com.oculus.systemactivities.CAPTURE_STATE_UPDATE
