01-02 17:23:22.266  3781  3781 D [SUI] SettingsAssistantJsonBuilder: Settings JSON: {"settings":[{"id":"about","type":"void","mutable":false,"queryable":false,"route":"systemux:\/\/settings\/about"},{"id":"auto sleep","type":"void","mutable":false,"queryable":false,"route":"systemux:\/\/settings\/power?setting=auto_sleep_time","parent":"power"},{"id":"auto wake","type":"void","mutable":false,"queryable":false,"route":"systemux:\/\/settings\/power?setting=auto_wake","parent":"power"},{"id":"bluetooth pairing","type":"void","mutable":false,"queryable":false,"route":"systemux:\/\/settings\/bluetooth?setting=bluetooth_pairing","parent":"bluetooth"},{"id":"boundary color","type":"void","mutable":false,"queryable":false,"route":"systemux:\/\/settings\/guardian_general?setting=guardian_customization_boundary_color_config","parent":"guardian"},{"id":"bug report","type":"void","mutable":false,"queryable":false,"route":"systemux:\/\/bug_report","parent":"about"},{"id":"controllers","type":"void","mutable":false,"queryable":false,"route":"systemux:\/\/settings\/controllers"},{"id":"display","type":"void","mutable":false,"queryable":false,"route":"systemux:\/\/settings\/display"},{"id":"do not disturb","type":"void","mutable":false,"queryable":false,"route":"systemux:\/\/settings\/do_not_disturb?setting=do_not_disturb","parent":"do not disturb"},{"id":"environment","type":"void","mutable":false,"queryable":false,"route":"systemux:\/\/settings\/environment"},{"id":"experimental","type":"void","mutable":false,"queryable":false,"route":"systemux:\/\/settings\/experiments"},{"id":"floor level","type":"void","mutable":false,"queryable":false,"route":"systemux:\/\/guardian\/guardian-adjust-floor","parent":"guardian"},{"id":"glanceable boundary","type":"void","mutable":false,"queryable":false,"route":"systemux:\/\/settings\/guardian_roomscale?setting=guardian_enable_glanceable_bounds","parent":"guardian"},{"id":"guardian","type":"void","mutable":false,"queryable":false,"route":"systemux:\/\/settings\/guardian_general"},{"id":"guardian history","type":"void","mutable":false,"queryable":false,"route":"systemux:\/\/settings\/guardian_general?setting=guardian_clear_history","parent":"guardian"},{"id":"guardian passthrough","type":"void","mutable":false,"queryable":false,"route":"systemux:\/\/settings\/guardian_general?setting=passthrough_on_demand","parent":"guardian"},{"id":"hand tracking","type":"void","mutable":false,"queryable":false,"route":"systemux:\/\/settings\/hands?setting=hands_hand_tracking","parent":"hands"},{"id":"health and safety","type":"void","mutable":false,"queryable":false,"route":"systemux:\/\/health_and_safety_video","parent":"about"},{"id":"language","type":"void","mutable":false,"queryable":false,"route":"systemux:\/\/settings\/language_and_region?setting=language","parent":"language and region"},{"id":"long press","type":"void","mutable":false,"queryable":false,"route":"systemux:\/\/settings\/controllers?setting=controllers_oculus_button_long_press","parent":"controllers"},{"id":"mac address","type":"void","mutable":false,"queryable":false,"route":"systemux:\/\/settings\/about?setting=about_mac_address","parent":"about"},{"id":"microphone","type":"void","mutable":false,"queryable":false,"route":"systemux:\/\/settings\/sound?setting=microphone","parent":"sound"},{"id":"night shift","type":"void","mutable":false,"queryable":false,"route":"systemux:\/\/settings\/display?setting=night_shift","parent":"display"},{"id":"notifications","type":"void","mutable":false,"queryable":false,"route":"systemux:\/\/settings\/notifications"},{"id":"os version","type":"void","mutable":false,"queryable":false,"route":"systemux:\/\/settings\/software_update?setting=os_version","parent":"about"},{"id":"permissions","type":"void","mutable":false,"queryable":false,"route":"systemux:\/\/settings\/permissions"},{"id":"power","type":"void","mutable":false,"queryable":false,"route":"systemux:\/\/settings\/power"},{"id":"privacy policy","type":"void","mutable":false,"queryable":false,"route":"systemux:\/\/settings\/about?setting=about_privacy_policy",
01-02 17:23:22.268  3781  3781 D [SUI] AnytimeUIAndroidPanelApp: Stored settings in pref store in 2094011 ns
01-02 17:23:22.277  2453 17432 I CompositorVR: WarpToScreen: Skipping frames for 10
01-02 17:23:22.281  5504  5606 E OsSdk   : error getting shared memory region, memory type: HeadTracker, failed with Status(-1, EX_SECURITY): 'requested shared memory region when not registered/focused'
01-02 17:23:22.283  5504  5606 E OsSdk   : error getting shared memory region, memory type: AnchorTracker, failed with Status(-1, EX_SECURITY): 'requested shared memory region when not registered/focused'
01-02 17:23:22.286  2272  2666 I OVRMediaServiceManager: Metacam is not enabled.
01-02 17:23:22.286  3781 17911 D NotificationsBadgeLiveData: MessageBadgeData, pullAndCheckNotifs, old data source notif count: 0, oc chats count: 0, messenger count: 0
01-02 17:23:22.287  3781  3781 I PresenceAPK(ServiceApiManager): Trying to bind to presence service API.
01-02 17:23:22.288  2453 17432 I CompositorVR: WarpToScreen: Skipping frames for 10
01-02 17:23:22.291  1022  1043 W InputReader: Device has associated, but no associated display id.
01-02 17:23:22.298  1022  1045 W InputReader: Device has associated, but no associated display id.
01-02 17:23:22.298  1022  1045 I ActivityTaskManager: Override config changes=20005df8 {0.0 ?mcc?mnc ?localeList ?layoutDir sw88dp w672dp h88dp 200dpi nrml long land ?uimode ?night -touch qwerty/v/v -nav/h winConfig={ mBounds=Rect(0, 0 - 840, 110) mAppBounds=Rect(0, 0 - 840, 110) mWindowingMode=fullscreen mDisplayWindowingMode=fullscreen mActivityType=undefined mAlwaysOnTop=undefined mRotation=ROTATION_0}} for displayId=209
01-02 17:23:22.299  2453 17432 I CompositorVR: WarpToScreen: Skipping frames for 10
01-02 17:23:22.303  3781  3781 D PresenceAPK(PresenceClient): setEventListener id=AnchoredHomeGroup
01-02 17:23:22.303  3781  3781 I PresenceAPK(GroupManager): addListener for id AnchoredHomeGroup
01-02 17:23:22.303  3781  3781 I PanelService: BEGIN: nativeInitializePanelInstance - Configure and set up thread polling.
01-02 17:23:22.303  3781  3781 I PanelService: BEGIN: Call hosted app's Configure method.
01-02 17:23:22.303  3781  3781 I PanelService: END: Call hosted app's Configure method.
01-02 17:23:22.303  3781  3781 I PanelService: END: nativeInitializePanelInstance - Add fd 38 to looper with error code 1
01-02 17:23:22.303  3781  3781 D PanelAppClient: END: Initializing panel application via MSG_CREATE_PANEL_APP.
01-02 17:23:22.303  3781  3781 I AndroidPanelApp: Processing next frame action "layerShow" for layer "#main"
01-02 17:23:22.306  1022  1045 I DisplayManagerService: Display device changed state: "com.oculus.android_panel_app.AndroidPanelLayer-#main", ON
01-02 17:23:22.309  1022  3300 E WindowManager: App trying to use insecure INPUT_FEATURE_NO_INPUT_CHANNEL flag. Ignoring
01-02 17:23:22.310  2453 17432 I CompositorVR: WarpToScreen: Skipping frames for 10
01-02 17:23:22.311  3781  3781 D [SUI] AnytimeUIAndroidPanelApp: Received appStatus from VrShell: []
01-02 17:23:22.321  2453 17432 I CompositorVR: WarpToScreen: Skipping frames for 10
01-02 17:23:22.327  2881  2881 D MVanServiceReceiver: MVanServiceReceiver Action: com.oculus.intent.action.MOUNT_STATE_CHANGED
01-02 17:23:22.330  5504  5606 E OsSdk   : error getting shared memory region, memory type: HeadTracker, failed with Status(-1, EX_SECURITY): 'requested shared memory region when not registered/focused'
01-02 17:23:22.331  3199  3199 D [SEO] ShellControlBroadcastReceiver: onReceive with MainActivity native pointer 3762388256, action com.oculus.systemactivities.CAPTURE_STATE_UPDATE
01-02 17:23:22.331  3199  3199 D [SEO] ShellControlBroadcastReceiver: isLaunchAction = false, isTrustedAppLaunch = false
01-02 17:23:22.331  3199  3199 D [SEO] ShellControlBroadcastReceiver: IsCaptureStateUpdateAction
01-02 17:23:22.332  2453 17432 I CompositorVR: WarpToScreen: Skipping frames for 10
01-02 17:23:22.337  2430  2430 D DeviceHelper: isScreenOn = true
01-02 17:23:22.337  2453 17432 I CompositorVR: SetSchedFifo( tid=3311, pol=2, pri=0 ) succeeded
01-02 17:23:22.337  2453 17432 I CompositorVR: SetSchedFifo( tid=3978, pol=2, pri=0 ) succeeded
01-02 17:23:22.337  2453 17432 I CompositorVR: SetSchedFifo( tid=4201, pol=2, pri=0 ) succeeded
01-02 17:23:22.337  2430  2430 D [OAO] ShellOverlayBroadcastReceiver: onReceive with ShellOverlayService native pointer 3762130880, action com.oculus.systemactivities.CAPTURE_STATE_UPDATE
01-02 17:23:22.339  2430  2430 D DeviceHelper: isScreenOn = true
01-02 17:23:22.340  2430  2430 D [OAO] ShellOverlayBroadcastReceiver: onReceive with ShellOverlayService native pointer 3762130880, action com.oculus.vrshell.intent.action.DISMISS_NOTIFICATION
01-02 17:23:22.341  3781  3781 W OVRLibrary: null cursor received for query content://com.oculus.ocms.library/apps/com.YourCompany.PrototypeV4
01-02 17:23:22.341  3199  3199 D [SEO] ShellControlProtectedReceiver: onReceive with MainActivity native pointer 3762388256, action com.oculus.vrshell.intent.action.DISMISS_NOTIFICATION
01-02 17:23:22.343  3199  3199 D DeviceHelper: isScreenOn = true
01-02 17:23:22.344  2453 17432 I CompositorVR: WarpToScreen: Skipping frames for 10
01-02 17:23:22.346  3199  3199 D [SEO] ShellControlBroadcastReceiver: onReceive with MainActivity native pointer 3762388256, action com.oculus.systemactivities.CAPTURE_STATE_UPDATE
01-02 17:23:22.346  3199  3199 D [SEO] ShellControlBroadcastReceiver: isLaunchAction = false, isTrustedAppLaunch = false
01-02 17:23:22.346  3199  3199 D [SEO] ShellControlBroadcastReceiver: IsCaptureStateUpdateAction
01-02 17:23:22.349  2430  2430 D DeviceHelper: isScreenOn = true
01-02 17:23:22.349  2430  2430 D [OAO] ShellOverlayBroadcastReceiver: onReceive with ShellOverlayService native pointer 3762130880, action com.oculus.systemactivities.CAPTURE_STATE_UPDATE
01-02 17:23:22.350  3199  3427 I [SEO] ShellApp: 0xc158bb28 msg: broadcastIntent:
01-02 17:23:22.350  3199  3427 I [SEO] ShellApp: intent_action = com.oculus.vrshell.intent.action.DISMISS_NOTIFICATION
01-02 17:23:22.350  3199  3427 I [SEO] ShellApp: status_bar_notification = 0|com.oculus.notification_proxy|4104|null|1000
01-02 17:23:22.355  2453 17432 I CompositorVR: WarpToScreen: Skipping frames for 10
01-02 17:23:22.366  2453 17432 I CompositorVR: WarpToScreen: Skipping frames for 10
01-02 17:23:22.369  5504  5606 E OsSdk   : error getting shared memory region, memory type: HeadTracker, failed with Status(-1, EX_SECURITY): 'requested shared memory region when not registered/focused'
01-02 17:23:22.370  3781  3781 W OVRLibrary: null cursor received for query content://com.oculus.ocms.library/apps/com.oculus.xrstreamingclient
01-02 17:23:22.376  2205 17935 D CCodec  : allocate(c2.android.vorbis.decoder)
01-02 17:23:22.377   835  1004 V C2Store : in init
01-02 17:23:22.377   835  1004 V C2Store : loading dll
01-02 17:23:22.377  2453 17432 I CompositorVR: WarpToScreen: Skipping frames for 10
01-02 17:23:22.379  2205 17935 I CCodec  : Created component [c2.android.vorbis.decoder]
01-02 17:23:22.379  2205 17935 D CCodecConfig: read media type: audio/vorbis
01-02 17:23:22.381  2205 17935 D ReflectedParamUpdater: extent() != 1 for single value type: algo.buffers.max-count.values
01-02 17:23:22.381  2205 17935 D ReflectedParamUpdater: extent() != 1 for single value type: output.subscribed-indices.values
01-02 17:23:22.381  2205 17935 D ReflectedParamUpdater: extent() != 1 for single value type: input.buffers.allocator-ids.values
01-02 17:23:22.381  2205 17935 D ReflectedParamUpdater: extent() != 1 for single value type: output.buffers.allocator-ids.values
01-02 17:23:22.382  2205 17935 D ReflectedParamUpdater: extent() != 1 for single value type: algo.buffers.allocator-ids.values
01-02 17:23:22.384  3781  3781 W OVRLibrary: null cursor received for query content://com.oculus.ocms.library/apps/com.YourCompany.TemplateProject3
01-02 17:23:22.386  2205 17935 D ReflectedParamUpdater: extent() != 1 for single value type: output.buffers.pool-ids.values
01-02 17:23:22.386  2205 17935 D ReflectedParamUpdater: extent() != 1 for single value type: algo.buffers.pool-ids.values
01-02 17:23:22.387  2205 17935 I CCodecConfig: query failed after returning 7 values (BAD_INDEX)
01-02 17:23:22.387  2205 17935 D CCodecConfig: c2 config diff is Dict {
01-02 17:23:22.387  2205 17935 D CCodecConfig:   c2::u32 coded.bitrate.value = 64000
01-02 17:23:22.387  2205 17935 D CCodecConfig:   c2::u32 input.buffers.max-size.value = 32768
01-02 17:23:22.387  2205 17935 D CCodecConfig:   c2::u32 input.delay.value = 0
01-02 17:23:22.387  2205 17935 D CCodecConfig:   string input.media-type.value = "audio/vorbis"
01-02 17:23:22.387  2205 17935 D CCodecConfig:   string output.media-type.value = "audio/raw"
01-02 17:23:22.387  2205 17935 D CCodecConfig:   c2::u32 raw.channel-count.value = 1
01-02 17:23:22.387  2205 17935 D CCodecConfig:   c2::u32 raw.sample-rate.value = 48000
01-02 17:23:22.387  2205 17935 D CCodecConfig: }
01-02 17:23:22.387  2205 17935 D CCodecConfig: no c2 equivalents for durationUs
01-02 17:23:22.387  2205 17935 D CCodecConfig: no c2 equivalents for csd-1
01-02 17:23:22.387  2205 17935 D CCodecConfig: no c2 equivalents for track-id
01-02 17:23:22.387  2205 17935 D CCodecConfig: no c2 equivalents for channel-mask
01-02 17:23:22.388  2453 17432 I CompositorVR: WarpToScreen: Skipping frames for 10
01-02 17:23:22.389  2205 17935 D CCodecConfig: c2 config diff is   c2::u32 raw.channel-count.value = 2
01-02 17:23:22.389  2205 17935 D CCodecConfig:   c2::u32 raw.sample-rate.value = 44100
01-02 17:23:22.389  2205 17935 W Codec2Client: query -- param skipped: index = 1107298332.
01-02 17:23:22.389  2205 17935 D CCodec  : setup formats input: AMessage(what = 0x00000000) = {
01-02 17:23:22.389  2205 17935 D CCodec  :   int32_t channel-count = 2
01-02 17:23:22.389  2205 17935 D CCodec  :   int32_t max-input-size = 32768
01-02 17:23:22.389  2205 17935 D CCodec  :   string mime = "audio/vorbis"
01-02 17:23:22.389  2205 17935 D CCodec  :   int32_t sample-rate = 44100
01-02 17:23:22.389  2205 17935 D CCodec  : } and output: AMessage(what = 0x00000000) = {
01-02 17:23:22.389  2205 17935 D CCodec  :   int32_t channel-count = 2
01-02 17:23:22.389  2205 17935 D CCodec  :   string mime = "audio/raw"
01-02 17:23:22.389  2205 17935 D CCodec  :   int32_t sample-rate = 44100
01-02 17:23:22.389  2205 17935 D CCodec  :   int32_t channel-mask = 3
01-02 17:23:22.389  2205 17935 D CCodec  : }
01-02 17:23:22.392   835  1004 V C2Store : in ~ComponentModule
01-02 17:23:22.392   835  1004 V C2Store : unloading dll
01-02 17:23:22.399  2453 17432 I CompositorVR: WarpToScreen: Skipping frames for 10
01-02 17:23:22.410  2453 17432 I CompositorVR: WarpToScreen: Skipping frames for 10
01-02 17:23:22.412  5504  5606 E OsSdk   : error getting shared memory region, memory type: HeadTracker, failed with Status(-1, EX_SECURITY): 'requested shared memory region when not registered/focused'
01-02 17:23:22.414  3781  3781 W OVRLibrary: null cursor received for query content://com.oculus.ocms.library/apps/quick_settings_app
01-02 17:23:22.418  2205 17938 D CCodec  : allocate(c2.android.vorbis.decoder)
01-02 17:23:22.418   835  1004 V C2Store : in init
01-02 17:23:22.418   835  1004 V C2Store : loading dll
01-02 17:23:22.421  2205 17938 I CCodec  : Created component [c2.android.vorbis.decoder]
01-02 17:23:22.421  2205 17938 D CCodecConfig: read media type: audio/vorbis
01-02 17:23:22.422  2453 17432 I CompositorVR: WarpToScreen: Skipping frames for 10
01-02 17:23:22.424  2205 17938 D ReflectedParamUpdater: extent() != 1 for single value type: algo.buffers.max-count.values
01-02 17:23:22.424  2205 17938 D ReflectedParamUpdater: extent() != 1 for single value type: output.subscribed-indices.values
01-02 17:23:22.424  2205 17938 D ReflectedParamUpdater: extent() != 1 for single value type: input.buffers.allocator-ids.values
01-02 17:23:22.424  2205 17938 D ReflectedParamUpdater: extent() != 1 for single value type: output.buffers.allocator-ids.values
01-02 17:23:22.424  2205 17938 D ReflectedParamUpdater: extent() != 1 for single value type: algo.buffers.allocator-ids.values
01-02 17:23:22.424  2205 17938 D ReflectedParamUpdater: extent() != 1 for single value type: output.buffers.pool-ids.values
01-02 17:23:22.424  2205 17938 D ReflectedParamUpdater: extent() != 1 for single value type: algo.buffers.pool-ids.values
01-02 17:23:22.425  2205 17938 I CCodecConfig: query failed after returning 7 values (BAD_INDEX)
01-02 17:23:22.425  2205 17938 D CCodecConfig: c2 config diff is Dict {
01-02 17:23:22.425  2205 17938 D CCodecConfig:   c2::u32 coded.bitrate.value = 64000
01-02 17:23:22.425  2205 17938 D CCodecConfig:   c2::u32 input.buffers.max-size.value = 32768
01-02 17:23:22.425  2205 17938 D CCodecConfig:   c2::u32 input.delay.value = 0
01-02 17:23:22.425  2205 17938 D CCodecConfig:   string input.media-type.value = "audio/vorbis"
01-02 17:23:22.425  2205 17938 D CCodecConfig:   string output.media-type.value = "audio/raw"
01-02 17:23:22.425  2205 17938 D CCodecConfig:   c2::u32 raw.channel-count.value = 1
01-02 17:23:22.425  2205 17938 D CCodecConfig:   c2::u32 raw.sample-rate.value = 48000
01-02 17:23:22.425  2205 17938 D CCodecConfig: }
01-02 17:23:22.425  2205 17938 D CCodecConfig: no c2 equivalents for durationUs
01-02 17:23:22.425  2205 17938 D CCodecConfig: no c2 equivalents for csd-1
01-02 17:23:22.425  2205 17938 D CCodecConfig: no c2 equivalents for track-id
01-02 17:23:22.425  2205 17938 D CCodecConfig: no c2 equivalents for channel-mask
01-02 17:23:22.426  2205 17938 D CCodecConfig: c2 config diff is   c2::u32 raw.channel-count.value = 2
01-02 17:23:22.426  2205 17938 D CCodecConfig:   c2::u32 raw.sample-rate.value = 44100
01-02 17:23:22.426  2205 17938 W Codec2Client: query -- param skipped: index = 1107298332.
01-02 17:23:22.426  2205 17938 D CCodec  : setup formats input: AMessage(what = 0x00000000) = {
01-02 17:23:22.426  2205 17938 D CCodec  :   int32_t channel-count = 2
01-02 17:23:22.426  2205 17938 D CCodec  :   int32_t max-input-size = 32768
01-02 17:23:22.426  2205 17938 D CCodec  :   string mime = "audio/vorbis"
01-02 17:23:22.426  2205 17938 D CCodec  :   int32_t sample-rate = 44100
01-02 17:23:22.426  2205 17938 D CCodec  : } and output: AMessage(what = 0x00000000) = {
01-02 17:23:22.426  2205 17938 D CCodec  :   int32_t channel-count = 2
01-02 17:23:22.426  2205 17938 D CCodec  :   string mime = "audio/raw"
01-02 17:23:22.426  2205 17938 D CCodec  :   int32_t sample-rate = 44100
01-02 17:23:22.426  2205 17938 D CCodec  :   int32_t channel-mask = 3
01-02 17:23:22.426  2205 17938 D CCodec  : }
01-02 17:23:22.430  2205 17938 W Codec2Client: query -- param skipped: index = 1342179345.
01-02 17:23:22.430  2205 17938 W Codec2Client: query -- param skipped: index = 2415921170.
01-02 17:23:22.431  2205 17938 D CCodecBufferChannel: [c2.android.vorbis.decoder#256] Created input block pool with allocatorID 16 => poolID 44 - OK (0)
01-02 17:23:22.432  2205 17938 I CCodecBufferChannel: [c2.android.vorbis.decoder#256] Created output block pool with allocatorID 16 => poolID 153 - OK
01-02 17:23:22.432  2205 17938 D CCodecBufferChannel: [c2.android.vorbis.decoder#256] Configured output block pool ids 153 => OK
01-02 17:23:22.433  2453 17432 I CompositorVR: WarpToScreen: Skipping frames for 10
01-02 17:23:22.435  3781  3781 W OVRLibrary: null cursor received for query content://com.oculus.ocms.library/apps/notifications_system_app
01-02 17:23:22.440   835 17939 D SimpleC2Component: Using output block pool with poolID 153 => got 153 - 0
01-02 17:23:22.444  2453 17432 I CompositorVR: WarpToScreen: Skipping frames for 10
01-02 17:23:22.452  3781  3781 W OVRLibrary: null cursor received for query content://com.oculus.ocms.library/apps/paused_app
01-02 17:23:22.455  2453 17432 I CompositorVR: WarpToScreen: Skipping frames for 10
01-02 17:23:22.459  5504  5606 E OsSdk   : error getting shared memory region, memory type: HeadTracker, failed with Status(-1, EX_SECURITY): 'requested shared memory region when not registered/focused'
01-02 17:23:22.466  2453 17432 I CompositorVR: WarpToScreen: Skipping frames for 10
01-02 17:23:22.467  3781  3781 W OVRLibrary: null cursor received for query content://com.oculus.ocms.library/apps/com.android.settings
01-02 17:23:22.468  3781  3781 I [SUI] AnytimeUIAndroidPanelApp: updateGuardianConfig - 1 - 0.44444448
01-02 17:23:22.468  3781  3781 I [SUI] AnytimeUIAndroidPanelApp: updateGuardianConfig - 2 - 0.21500002
01-02 17:23:22.468  3781  3781 I [SUI] AnytimeUIAndroidPanelApp: updateGuardianConfig - 5 - 0.05
01-02 17:23:22.468  3781  3781 I [SUI] AnytimeUIAndroidPanelApp: updateGuardianConfig - 6 - 0.49999997
01-02 17:23:22.468  3781  3781 I [SUI] AnytimeUIAndroidPanelApp: updateGuardianConfig - 7 - 0.4
01-02 17:23:22.468  3781  3781 I [SUI] AnytimeUIAndroidPanelApp: updateGuardianConfig - 8 - 0.0
01-02 17:23:22.468  3781  3781 I [SUI] AnytimeUIAndroidPanelApp: updateGuardianConfig - 10 - 0.0
01-02 17:23:22.468  3781  3781 I [SUI] AnytimeUIAndroidPanelApp: updateGuardianConfig - 12 - 0.0
01-02 17:23:22.468  3781  3781 I [SUI] AnytimeUIAndroidPanelApp: updateGuardianConfig - 13 - 0.5
01-02 17:23:22.468  3781  3781 I [SUI] AnytimeUIAndroidPanelApp: updateGuardianConfig - 14 - 0.0
01-02 17:23:22.468  3781  3781 I [SUI] AnytimeUIAndroidPanelApp: updateGuardianConfig - 15 - 0.0
01-02 17:23:22.468  3781  3781 I [SUI] AnytimeUIAndroidPanelApp: updateGuardianConfig - 16 - 0.0
01-02 17:23:22.468  3781  3781 I [SUI] AnytimeUIAndroidPanelApp: updateGuardianConfig - 17 - 0.0
01-02 17:23:22.468  3781  3781 I [SUI] AnytimeUIAndroidPanelApp: updateGuardianConfig - 18 - 0.5
01-02 17:23:22.468  3781  3781 I [SUI] AnytimeUIAndroidPanelApp: updateGuardianConfig - 19 - 0.0
01-02 17:23:22.468  3781  3781 I [SUI] AnytimeUIAndroidPanelApp: updateGuardianConfig - 20 - 0.0
01-02 17:23:22.468  3781  3781 I [SUI] AnytimeUIAndroidPanelApp: updateGuardianConfig - 21 - 0.0
01-02 17:23:22.468  3781  3781 I [SUI] AnytimeUIAndroidPanelApp: updateGuardianConfig - 22 - 0.0
01-02 17:23:22.468  3781  3781 I [SUI] AnytimeUIAndroidPanelApp: updateGuardianConfig - 23 - 2.0
01-02 17:23:22.468  3781  3781 I [SUI] AnytimeUIAndroidPanelApp: updateGuardianConfig - 24 - 0.25
01-02 17:23:22.468  3781  3781 I [SUI] AnytimeUIAndroidPanelApp: updateGuardianConfig - 26 - 0.0
01-02 17:23:22.468  3781  3781 I [SUI] AnytimeUIAndroidPanelApp: updateGuardianConfig - 28 - 1.0
01-02 17:23:22.468  3781  3781 I AndroidPanelApp: Processing pending hide layer for layer #main.
01-02 17:23:22.468  3781  3781 I AndroidPanelApp: Processing pending show layer info for layer #main with width 840 and height 110.
01-02 17:23:22.468  3781  3781 I AndroidPanelApp: layerSupersample no changes
01-02 17:23:22.473  3781  3781 D [SUI] ActivityManagerUtilsHelper: onFocusedWindowChanged: Instance: com.oculus.common.activitymanager.ActivityManagerUtilsHelper@e02077, topWindowUid: 10020, focusedApp: com.oculus.vrshell, previousApp: null
01-02 17:23:22.473  3781  3781 D [SUI] SystemUXBroadcastReceiver: action: com.oculus.systemactivities.CAPTURE_STATE_UPDATE
01-02 17:23:22.474  3781  3781 I [SUI] SystemUXBroadcastReceiver: handleCaptureStateUpdate: captureToDisk false, captureEnabled false, isCapturingAbuseReport false, abuseRecordingUUID null
01-02 17:23:22.474   860 17444 W [CT]    : VEGA:MAP_TRACKING_HM: [Throttled count=1] Bad map tracking: map tracking failed @ Submap id = 2, version = 551558102 with status: 2
01-02 17:23:22.474  3781  3781 D [SUI] SystemUXBroadcastReceiver: action: com.oculus.systemactivities.LOCAL_STREAM_STATE_UPDATE
01-02 17:23:22.474  3781  3781 D [SUI] ScreenCaptureUtil: onLocalStreamStateUpdate(isCaptureRunning = false)
01-02 17:23:22.474  3781  3781 I chatty  : uid=10026 com.oculus.systemux:SystemUX identical 7 lines
01-02 17:23:22.474  3781  3781 D [SUI] ScreenCaptureUtil: onLocalStreamStateUpdate(isCaptureRunning = false)
01-02 17:23:22.474  3781  3781 I Choreographer: Skipped 77 frames!  The application may be doing too much work on its main thread.
01-02 17:23:22.477  2453 17432 I CompositorVR: WarpToScreen: Skipping frames for 10
01-02 17:23:22.487  3781  3781 I PresenceAPK(ServiceApiManager): onServiceConnected componentName=ComponentInfo{com.oculus.presence/com.oculus.presence.services.presence.PresenceService}
01-02 17:23:22.487  3781  3781 I PresenceAPK(ServiceApiManager): setting apiStatusListener
01-02 17:23:22.488  3781  5868 I PresenceAPK(ServiceApiManager): onApiReady
01-02 17:23:22.488  3781  3812 W REFLECT : RuntimeIPC: !IsClientValid: MarkerPoint
01-02 17:23:22.488  3781  3812 E QplClient: (com.oculus.systemux) MarkerPoint failed!
01-02 17:23:22.488  3781  3812 W REFLECT : RuntimeIPC: !IsClientValid: MarkerEnd
01-02 17:23:22.488  3781  3812 E QplClient: (com.oculus.systemux) MarkerEnd failed!
01-02 17:23:22.488  2453 17432 I CompositorVR: WarpToScreen: Skipping frames for 10
01-02 17:23:22.490  3781  3781 D [SUI] SystemUXBroadcastReceiver: action: com.oculus.systemactivities.CAPTURE_STATE_UPDATE
01-02 17:23:22.490  3781  3781 I [SUI] SystemUXBroadcastReceiver: handleCaptureStateUpdate: captureToDisk false, captureEnabled false, isCapturingAbuseReport false, abuseRecordingUUID null
01-02 17:23:22.490  3781  3781 D [SUI] SystemUXBroadcastReceiver: action: com.oculus.systemactivities.LOCAL_STREAM_STATE_UPDATE
01-02 17:23:22.490  3781  3781 D [SUI] ScreenCaptureUtil: onLocalStreamStateUpdate(isCaptureRunning = false)
01-02 17:23:22.490  3781  3781 I chatty  : uid=10026 com.oculus.systemux:SystemUX identical 7 lines
01-02 17:23:22.490  3781  3781 D [SUI] ScreenCaptureUtil: onLocalStreamStateUpdate(isCaptureRunning = false)
01-02 17:23:22.490  3781  3781 D HyperspaceClient: onCallsInfoChanged: []
01-02 17:23:22.490  3781  3781 I PresenceAPK(ServiceApiManager): onServiceConnected componentName=ComponentInfo{com.oculus.presence/com.oculus.presence.services.presence.PresenceService}
01-02 17:23:22.491  3781  3781 I PresenceAPK(ServiceApiManager): setting apiStatusListener
01-02 17:23:22.491  3781  3781 D [SUI] NotificationBroadcastReceiver: action: com.oculus.intent.action.NOTIF_CHANGE
01-02 17:23:22.491  3781  4994 I PresenceAPK(ServiceApiManager): onApiReady
01-02 17:23:22.491  3781  3781 E BackgroundThreadExecutor: Refusing to execute task because BackgroundThreadExecutor instance is destroyed: com.oculus.panelapp.anytimeui.tablet.notifications.core.-$$Lambda$NotificationManagerSourceHandler$HybXWBXsqdbvph6F5RgmzU3_G5A@604a76f
01-02 17:23:22.498  3781 17886 W OVRLibrary: null cursor received for query content://com.oculus.ocms.library/apps/com.oculus.shellenv
01-02 17:23:22.498  3781  3781 D [SUI] ActivityManagerUtilsHelper: onFocusedWindowChanged: Instance: com.oculus.common.activitymanager.ActivityManagerUtilsHelper@9d94c7c, topWindowUid: 10020, focusedApp: com.oculus.vrshell, previousApp: null
01-02 17:23:22.500  2453 17432 I CompositorVR: WarpToScreen: Skipping frames for 10
01-02 17:23:22.503   860  4170 I chatty  : uid=1000(system) Binder:860_3 identical 8 lines
01-02 17:23:22.503  3781 17940 D NotificationsBadgeLiveData: MessageBadgeData, pullAndCheckNotifs, old data source notif count: 0, oc chats count: 0, messenger count: 0
01-02 17:23:22.504  5504  5606 E OsSdk   : error getting shared memory region, memory type: HeadTracker, failed with Status(-1, EX_SECURITY): 'requested shared memory region when not registered/focused'
01-02 17:23:22.506  3781 17911 D NotificationsBadgeLiveData: MessageBadgeData, pullAndCheckNotifs, old data source notif count: 0, oc chats count: 0, messenger count: 0
01-02 17:23:22.511  2453 17432 I CompositorVR: WarpToScreen: Skipping frames for 10
01-02 17:23:22.511  3781  5868 I PresenceAPK(ServicePresenceClient): calling onServiceUp
01-02 17:23:22.513  3781  4994 I PresenceAPK(ServicePresenceClient): calling onServiceUp
01-02 17:23:22.519   860  1346 I [CT]    : Vega:MapBuilderBase: Created keyRig with frameID 1439 and uid e0b47467
01-02 17:23:22.519  3781  3781 W OVRLibrary: null cursor received for query content://com.oculus.ocms.library/apps/com.oculus.shellenv
01-02 17:23:22.520  3781  3781 D [SUI] DynamicAppsViewModel: Setting destination ui paused app - com.oculus.shellenv
01-02 17:23:22.522  2453 17432 I CompositorVR: WarpToScreen: Skipping frames for 10
01-02 17:23:22.531   860  1346 I [CT]    : KEYPOINT_CACHE: New keyrig added has 88 corners and 71 tracks to immature points that will be used to extract descriptors and insert into the index.
01-02 17:23:22.533  3781  3781 W OVRLibrary: null cursor received for query content://com.oculus.ocms.library/apps/com.YourCompany.PrototypeV4
01-02 17:23:22.533  2453 17432 I CompositorVR: WarpToScreen: Skipping frames for 10
01-02 17:23:22.544  2453 17432 I CompositorVR: WarpToScreen: Skipping frames for 10
01-02 17:23:22.545   860  1348 I [CT]    : VIPER:DEEP_DESCRIPTOR: Computing Deep Descriptors using gravity orientation.
01-02 17:23:22.547   860  4170 W TrackingService: attachClient: found client in attached list
01-02 17:23:22.548  5504  5606 E OsSdk   : error getting shared memory region, memory type: HeadTracker, failed with Status(-1, EX_SECURITY): 'requested shared memory region when not registered/focused'
01-02 17:23:22.548  3781  3781 W OVRLibrary: null cursor received for query content://com.oculus.ocms.library/apps/com.oculus.xrstreamingclient
01-02 17:23:22.550   860  7412 W TrackingService: attachClient: found client in attached list
01-02 17:23:22.551  5504  5606 E OsSdk   : error getting shared memory region, memory type: AnchorTracker, failed with Status(-1, EX_SECURITY): 'requested shared memory region when not registered/focused'
01-02 17:23:22.555  2453 17432 I CompositorVR: WarpToScreen: Skipping frames for 10
01-02 17:23:22.557   860 17444 I [CT]    : VIPER: Mode=SuperVega,Status=6DoF,TRACKING,Inl=38,Mem=84.7,Jit=0.5mm,Issues(Cam/min=0.0,IMU/min=0.0),Exp=(14.0ms,g=15.0,I=22,Ir=105.7)(14.0ms,g=15.0,I=78,Ir=371.4)(14.0ms,g=15.0,I=100,Ir=476.5)(9.0ms,g=11.0,I=67,Ir=683.9)
01-02 17:23:22.559   860  1346 I [CT]    : MapCullingTask: Culled 0 L1 nodes, 1 individual keyrigs, and 11 individual points
01-02 17:23:22.560   860  1346 I [CT]    : Vega:SubmapPublisher: Tracking parent no change: frame movement above thresh -> Publish
01-02 17:23:22.560   860  1346 I [CT]    : Vega:SubmapPublisher: Start to publish submaps, found candidates:  3
01-02 17:23:22.564  3781  4994 I PresenceAPK(PresenceClient): onServiceUp
01-02 17:23:22.564  3781  4994 I PresenceAPK(GroupManager): onConnected
01-02 17:23:22.564  3781  5868 I PresenceAPK(PresenceClient): onServiceUp
01-02 17:23:22.564  3781  5868 I PresenceAPK(GroupManager): onConnected
01-02 17:23:22.565  3781  3801 I PresenceAPK(GroupManager): initialEnumerationFinished
01-02 17:23:22.565  3781  3801 I PresenceAPK(GroupManager): no reconnect groups
01-02 17:23:22.566  3781  3801 I PresenceAPK(GroupManager): initialEnumerationFinished
01-02 17:23:22.566  3781  3801 I PresenceAPK(GroupManager): no reconnect groups
01-02 17:23:22.566  2453 17432 I CompositorVR: WarpToScreen: Skipping frames for 10
01-02 17:23:22.569  3781  3781 W OVRLibrary: null cursor received for query content://com.oculus.ocms.library/apps/com.YourCompany.TemplateProject3
01-02 17:23:22.578  2453 17432 I CompositorVR: WarpToScreen: Skipping frames for 10
01-02 17:23:22.579   860  1346 I [CT]    : VegaBAOptimize: Num points adjusted: 795 fixed: 0 Num residuals in-in: 3669 in-out: 433 out-in: 0 fixed (out-out): 0 outside ROI: 0 total: 4182
01-02 17:23:22.581   860  1346 I [CT]    : VegaBAOptimize: Total: neighbor 3 L1s, adjust 2 L1s. KRs 43  Points 795  Cameras 172  OutsideFixedKR 13  AdjustKR 30  Imus 4
01-02 17:23:22.583  3781  3781 W OVRLibrary: null cursor received for query content://com.oculus.ocms.library/apps/quick_settings_app
01-02 17:23:22.585   860 17444 I [CT]    : VegaTrackTracker: Starting map tracking on map. SubmapId Submap id = 1, version = 1556179918 Active contexts: 2
01-02 17:23:22.589  2453 17432 I CompositorVR: WarpToScreen: Skipping frames for 10
01-02 17:23:22.597  5504  5606 E OsSdk   : error getting shared memory region, memory type: HeadTracker, failed with Status(-1, EX_SECURITY): 'requested shared memory region when not registered/focused'
01-02 17:23:22.600  2453 17432 I CompositorVR: WarpToScreen: Skipping frames for 10
01-02 17:23:22.602  3781  3781 W OVRLibrary: null cursor received for query content://com.oculus.ocms.library/apps/notifications_system_app
01-02 17:23:22.611  2453 17432 I CompositorVR: WarpToScreen: Skipping frames for 10
01-02 17:23:22.618  3781  3781 W OVRLibrary: null cursor received for query content://com.oculus.ocms.library/apps/paused_app
01-02 17:23:22.622  2453 17432 I CompositorVR: WarpToScreen: Skipping frames for 10
01-02 17:23:22.633  2453 17432 I CompositorVR: WarpToScreen: Skipping frames for 10
01-02 17:23:22.634   860 17444 W [CT]    : VEGA:MAP_TRACKING_HM: Validation failed after 0.04 seconds of bad frames. Switching from Validating to NoTracking
01-02 17:23:22.641  5504  5606 E OsSdk   : error getting shared memory region, memory type: HeadTracker, failed with Status(-1, EX_SECURITY): 'requested shared memory region when not registered/focused'
01-02 17:23:22.642  3781  3781 W OVRLibrary: null cursor received for query content://com.oculus.ocms.library/apps/com.android.settings
01-02 17:23:22.644  2453 17432 I CompositorVR: WarpToScreen: Skipping frames for 10
01-02 17:23:22.655  2453 17432 I CompositorVR: WarpToScreen: Skipping frames for 10
01-02 17:23:22.656  3781  3781 W OVRLibrary: null cursor received for query content://com.oculus.ocms.library/apps/com.YourCompany.PrototypeV4
01-02 17:23:22.664   860 17444 I [CT]    : TrackedMapContext: Stop tracking map with ID Submap id = 1, version = 1556179918 at index: 2 in contexts: 3
01-02 17:23:22.667  2453 17432 I CompositorVR: WarpToScreen: Skipping frames for 10
01-02 17:23:22.671  3781  3781 W OVRLibrary: null cursor received for query content://com.oculus.ocms.library/apps/com.oculus.xrstreamingclient
01-02 17:23:22.678  2453 17432 I CompositorVR: WarpToScreen: Skipping frames for 10
01-02 17:23:22.683  5504  5606 E OsSdk   : error getting shared memory region, memory type: HeadTracker, failed with Status(-1, EX_SECURITY): 'requested shared memory region when not registered/focused'
01-02 17:23:22.686  3781  3781 W OVRLibrary: null cursor received for query content://com.oculus.ocms.library/apps/com.YourCompany.TemplateProject3
01-02 17:23:22.689  2453 17432 I CompositorVR: WarpToScreen: Skipping frames for 10
01-02 17:23:22.697  3781  3781 W OVRLibrary: null cursor received for query content://com.oculus.ocms.library/apps/quick_settings_app
01-02 17:23:22.700  2453 17432 I CompositorVR: WarpToScreen: Skipping frames for 10
01-02 17:23:22.708   860 17444 W [CT]    : FrameToFrameTrackerHelper: Low ratio of valid tracks for available capacity (148/300=0.49<0.50). Verify corner detection and track creation!
01-02 17:23:22.710  3781  3781 W OVRLibrary: null cursor received for query content://com.oculus.ocms.library/apps/notifications_system_app
01-02 17:23:22.711  2453 17432 I CompositorVR: WarpToScreen: Skipping frames for 10
01-02 17:23:22.722  2453 17432 I CompositorVR: WarpToScreen: Skipping frames for 10
01-02 17:23:22.725  3781  3781 W OVRLibrary: null cursor received for query content://com.oculus.ocms.library/apps/paused_app
01-02 17:23:22.728  5504  5606 E OsSdk   : error getting shared memory region, memory type: HeadTracker, failed with Status(-1, EX_SECURITY): 'requested shared memory region when not registered/focused'
01-02 17:23:22.733  2453 17432 I CompositorVR: WarpToScreen: Skipping frames for 10
01-02 17:23:22.739  3781  3781 W OVRLibrary: null cursor received for query content://com.oculus.ocms.library/apps/com.android.settings
01-02 17:23:22.739  3781  3781 D [SUI] NotificationBroadcastReceiver: action: com.oculus.intent.action.NOTIF_CHANGE
01-02 17:23:22.739  3781  3781 E BackgroundThreadExecutor: Refusing to execute task because BackgroundThreadExecutor instance is destroyed: com.oculus.panelapp.anytimeui.tablet.notifications.core.-$$Lambda$NotificationManagerSourceHandler$HybXWBXsqdbvph6F5RgmzU3_G5A@abb8905
01-02 17:23:22.739  3781  3781 D [SUI] SystemUXBroadcastReceiver: action: com.oculus.systemactivities.CAPTURE_STATE_UPDATE
01-02 17:23:22.739  3781  3781 I [SUI] SystemUXBroadcastReceiver: handleCaptureStateUpdate: captureToDisk false, captureEnabled false, isCapturingAbuseReport false, abuseRecordingUUID null
01-02 17:23:22.739  3781  3781 D [SUI] SystemUXBroadcastReceiver: action: com.oculus.systemactivities.LOCAL_STREAM_STATE_UPDATE
01-02 17:23:22.739  3781  3781 D [SUI] ScreenCaptureUtil: onLocalStreamStateUpdate(isCaptureRunning = false)
01-02 17:23:22.739  3781  3781 I chatty  : uid=10026 com.oculus.systemux:SystemUX identical 7 lines
01-02 17:23:22.739  3781  3781 D [SUI] ScreenCaptureUtil: onLocalStreamStateUpdate(isCaptureRunning = false)
01-02 17:23:22.739  3781  3781 W [SUI] AsyncQueryHandlerBase: Callback reference is null
01-02 17:23:22.739  3781  3781 D [SUI] SystemUXBroadcastReceiver: action: com.oculus.intent.action.MOUNT_STATE_CHANGED
01-02 17:23:22.740  3781  3781 I PresenceAPK(ServiceApiManager): onServiceConnected componentName=ComponentInfo{com.oculus.presence/com.oculus.presence.services.presence.PresenceService}
01-02 17:23:22.741  3781  3781 I PresenceAPK(ServiceApiManager): setting apiStatusListener
01-02 17:23:22.741  3781  3801 I PresenceAPK(ServiceApiManager): onApiReady
01-02 17:23:22.741  3781  3781 D [SUI] NotificationBroadcastReceiver: action: com.oculus.intent.action.NOTIF_CHANGE
01-02 17:23:22.741  3781  3781 E BackgroundThreadExecutor: Refusing to execute task because BackgroundThreadExecutor instance is destroyed: com.oculus.panelapp.anytimeui.tablet.notifications.core.-$$Lambda$NotificationManagerSourceHandler$HybXWBXsqdbvph6F5RgmzU3_G5A@a5e4b8b
01-02 17:23:22.741  3781  3781 D [SUI] SystemUXBroadcastReceiver: action: com.oculus.systemactivities.CAPTURE_STATE_UPDATE
01-02 17:23:22.741  3781  3781 I [SUI] SystemUXBroadcastReceiver: handleCaptureStateUpdate: captureToDisk false, captureEnabled false, isCapturingAbuseReport false, abuseRecordingUUID null
01-02 17:23:22.744  3781  3812 W REFLECT : RuntimeIPC: !IsClientValid: MarkerPoint
01-02 17:23:22.745  3781  3781 D [SUI] SystemUXBroadcastReceiver: action: com.oculus.systemactivities.CAPTURE_STATE_UPDATE
01-02 17:23:22.745  3781  3812 E QplClient: (com.oculus.systemux) MarkerPoint failed!
01-02 17:23:22.745  3781  3812 W REFLECT : RuntimeIPC: !IsClientValid: MarkerEnd
01-02 17:23:22.745  3781  3812 E QplClient: (com.oculus.systemux) MarkerEnd failed!
01-02 17:23:22.745  3781  3781 I [SUI] SystemUXBroadcastReceiver: handleCaptureStateUpdate: captureToDisk false, captureEnabled false, isCapturingAbuseReport false, abuseRecordingUUID null
01-02 17:23:22.745  2453 17432 I CompositorVR: WarpToScreen: Skipping frames for 10
01-02 17:23:22.745  3781  3781 D [SUI] SystemUXBroadcastReceiver: action: com.oculus.systemactivities.LOCAL_STREAM_STATE_UPDATE
01-02 17:23:22.745  3781  3781 D [SUI] ScreenCaptureUtil: onLocalStreamStateUpdate(isCaptureRunning = false)
01-02 17:23:22.745  3781  3781 I chatty  : uid=10026 com.oculus.systemux:SystemUX identical 7 lines
01-02 17:23:22.745  3781  3781 D [SUI] ScreenCaptureUtil: onLocalStreamStateUpdate(isCaptureRunning = false)
01-02 17:23:22.745  3781  3781 I PresenceAPK(ServiceApiManager): onServiceConnected componentName=ComponentInfo{com.oculus.presence/com.oculus.presence.services.presence.PresenceService}
01-02 17:23:22.745  3781  3781 I PresenceAPK(ServiceApiManager): setting apiStatusListener
01-02 17:23:22.746  3781  4994 I PresenceAPK(ServiceApiManager): onApiReady
01-02 17:23:22.748  3781  3781 I Choreographer: Skipped 30 frames!  The application may be doing too much work on its main thread.
01-02 17:23:22.752   860 17399 W [CT]    : CONSTELLATION: R: Lost position tracking, waiting for 6DoF reset: [#VisionUp=136, #RelUp=0, VelNorm=0.001, CurTimeDur=0.20s, DurThresh=0.2s]
01-02 17:23:22.752   860 17399 I [CT]    : INPUT_TRACKING:Behavior:OutOfFoVRotation: [Right] state transition: InRange -> Active
01-02 17:23:22.752   860 17399 I [CT]    : INPUT_TRACKING:Behavior:OutOfFoVRotation: [Right] activated
01-02 17:23:22.752   860 17399 I [CT]    : INPUT_TRACKING:Behavior:OutOfFoVRotation: [Right] using reliablePoseInWorld
01-02 17:23:22.752   860 17399 I [CT]    : INPUT_TRACKING:ControllerMotionModel: [Right] t = 16068.402s, behavior transition: None -> OutOfFoVRotation
01-02 17:23:22.756  2453 17432 I CompositorVR: WarpToScreen: Skipping frames for 10
01-02 17:23:22.757  3781 17942 D NotificationsBadgeLiveData: MessageBadgeData, pullAndCheckNotifs, old data source notif count: 0, oc chats count: 0, messenger count: 0
01-02 17:23:22.757   860  1346 I [CT]    : Vega:MapBuilderBase: Created keyRig with frameID 1445 and uid 656e0cf8
01-02 17:23:22.759   860 17454 I [CT]    : CONSTELLATION: R: Not reinitializing 6DoF filter yet (no valid pose from matching).
01-02 17:23:22.762  3781 17940 D NotificationsBadgeLiveData: MessageBadgeData, pullAndCheckNotifs, old data source notif count: 0, oc chats count: 0, messenger count: 0
01-02 17:23:22.763   860  1346 I [CT]    : KEYPOINT_CACHE: New keyrig added has 51 corners and 61 tracks to immature points that will be used to extract descriptors and insert into the index.
01-02 17:23:22.767  2453 17432 I CompositorVR: WarpToScreen: Skipping frames for 10
01-02 17:23:22.769   860  7412 I chatty  : uid=1000(system) Binder:860_5 identical 5 lines
01-02 17:23:22.770  5504  5606 E OsSdk   : error getting shared memory region, memory type: HeadTracker, failed with Status(-1, EX_SECURITY): 'requested shared memory region when not registered/focused'
01-02 17:23:22.771  3781 17943 D NotificationsBadgeLiveData: MessageBadgeData, pullAndCheckNotifs, old data source notif count: 0, oc chats count: 0, messenger count: 0
01-02 17:23:22.773  3781 17911 W OVRLibrary: null cursor received for query content://com.oculus.ocms.library/apps/com.oculus.shellenv
01-02 17:23:22.773  3781  3801 I PresenceAPK(ServicePresenceClient): calling onServiceUp
01-02 17:23:22.775  3781  4994 I PresenceAPK(ServicePresenceClient): calling onServiceUp
01-02 17:23:22.776  3781 17886 D NotificationsBadgeLiveData: MessageBadgeData, pullAndCheckNotifs, old data source notif count: 0, oc chats count: 0, messenger count: 0
01-02 17:23:22.776   860  1346 I [CT]    : MapCullingTask: Culled 0 L1 nodes, 1 individual keyrigs, and 0 individual points
01-02 17:23:22.778  2453 17432 I CompositorVR: WarpToScreen: Skipping frames for 10
01-02 17:23:22.789  2453 17432 I CompositorVR: WarpToScreen: Skipping frames for 10
01-02 17:23:22.793   860 17444 W [CT]    : VEGA:MAP_TRACKING_HM: [Throttled count=25] Map tracking did not run.
01-02 17:23:22.798   860  1346 I [CT]    : VegaBAOptimize: Num points adjusted: 797 fixed: 0 Num residuals in-in: 3636 in-out: 433 out-in: 0 fixed (out-out): 0 outside ROI: 0 total: 4149
01-02 17:23:22.800  2453 17432 I CompositorVR: WarpToScreen: Skipping frames for 10
01-02 17:23:22.801   860 17399 I [CT]    : INPUT_TRACKING:Behavior:HandOverHand: [Right] activated, AttachedToTorso
01-02 17:23:22.801   860 17399 I [CT]    : INPUT_TRACKING:ControllerMotionModel: [Right] t = 16068.451s, behavior transition: OutOfFoVRotation -> HandOverHand
01-02 17:23:22.802   860  1346 I [CT]    : VegaBAOptimize: Total: neighbor 3 L1s, adjust 2 L1s. KRs 43  Points 797  Cameras 172  OutsideFixedKR 13  AdjustKR 30  Imus 3
01-02 17:23:22.802  3781  3801 I PresenceAPK(PresenceClient): onServiceUp
01-02 17:23:22.802  3781  3801 I PresenceAPK(GroupManager): onConnected
01-02 17:23:22.804  3781  5868 I PresenceAPK(GroupManager): initialEnumerationFinished
01-02 17:23:22.804  3781  5868 I PresenceAPK(GroupManager): no reconnect groups
01-02 17:23:22.809  3781  4994 I PresenceAPK(PresenceClient): onServiceUp
01-02 17:23:22.809  3781  4994 I PresenceAPK(GroupManager): onConnected
01-02 17:23:22.809  3781  5868 I PresenceAPK(GroupManager): initialEnumerationFinished
01-02 17:23:22.810  3781  5868 I PresenceAPK(GroupManager): no reconnect groups
01-02 17:23:22.811  2453 17432 I CompositorVR: WarpToScreen: Skipping frames for 10
01-02 17:23:22.811   860  7412 W TrackingService: attachClient: found client in attached list
01-02 17:23:22.812  5504  5606 E OsSdk   : error getting shared memory region, memory type: HeadTracker, failed with Status(-1, EX_SECURITY): 'requested shared memory region when not registered/focused'
01-02 17:23:22.812   860  4170 W TrackingService: attachClient: found client in attached list
01-02 17:23:22.813  5504  5606 E OsSdk   : error getting shared memory region, memory type: AnchorTracker, failed with Status(-1, EX_SECURITY): 'requested shared memory region when not registered/focused'
01-02 17:23:22.814  3781  3781 D [SUI] SystemUXFunnelLogServerLogger: Impression Event: oculus_impressions_tile_impressioned LogInfo{duration=0, mLogId='com.oculus.explore', mContentType=APP, mPosX=0, mPosy=0, mGlobalPos=0, mSurface=AUI, mSubSurface=null, mClickEventType=null, mClickEventName=null, mAdditionalParameters={aui_section=pinned, aui_position_in_section=0}}
01-02 17:23:22.814  3781  3781 D [SUI] SystemUXFunnelLogServerLogger: Impression Event: oculus_impressions_tile_impressioned LogInfo{duration=0, mLogId='com.oculus.store', mContentType=APP, mPosX=1, mPosy=0, mGlobalPos=1, mSurface=AUI, mSubSurface=null, mClickEventType=null, mClickEventName=null, mAdditionalParameters={aui_section=pinned, aui_position_in_section=1}}
01-02 17:23:22.814  3781  3781 D [SUI] SystemUXFunnelLogServerLogger: Impression Event: oculus_impressions_tile_impressioned LogInfo{duration=0, mLogId='messenger_system_app', mContentType=APP, mPosX=2, mPosy=0, mGlobalPos=2, mSurface=AUI, mSubSurface=null, mClickEventType=null, mClickEventName=null, mAdditionalParameters={aui_section=pinned, aui_position_in_section=2}}
01-02 17:23:22.814  3781  3781 D [SUI] SystemUXFunnelLogServerLogger: Impression Event: oculus_impressions_tile_impressioned LogInfo{duration=0, mLogId='share_system_app', mContentType=APP, mPosX=3, mPosy=0, mGlobalPos=3, mSurface=AUI, mSubSurface=null, mClickEventType=null, mClickEventName=null, mAdditionalParameters={aui_section=pinned, aui_position_in_section=3}}
01-02 17:23:22.814  3781  3781 D [SUI] SystemUXFunnelLogServerLogger: Impression Event: oculus_impressions_tile_impressioned LogInfo{duration=0, mLogId='settings_system_app', mContentType=APP, mPosX=5, mPosy=0, mGlobalPos=5, mSurface=AUI, mSubSurface=null, mClickEventType=null, mClickEventName=null, mAdditionalParameters={aui_section=recent, aui_position_in_section=0}}
01-02 17:23:22.823  2453 17432 I CompositorVR: WarpToScreen: Skipping frames for 10
01-02 17:23:22.845  2453 17432 I chatty  : uid=10025(com.oculus.systemdriver) OVR::TimeWarp identical 2 lines
01-02 17:23:22.856  2453 17432 I CompositorVR: WarpToScreen: Skipping frames for 10
01-02 17:23:22.858  5504  5606 E OsSdk   : error getting shared memory region, memory type: HeadTracker, failed with Status(-1, EX_SECURITY): 'requested shared memory region when not registered/focused'
01-02 17:23:22.867  2453 17432 I CompositorVR: WarpToScreen: Skipping frames for 10
01-02 17:23:22.878  2453 17432 I chatty  : uid=10025(com.oculus.systemdriver) OVR::TimeWarp identical 1 line
01-02 17:23:22.889  2453 17432 I CompositorVR: WarpToScreen: Skipping frames for 10
01-02 17:23:22.891   860  1346 W [CT]    : VegaMapVerifier: VERIFICATION WARNING: Primary child of L1 cluster with 0 points. This likely means something went wrong in cluster splitting.
01-02 17:23:22.891   860  1346 W [CT]    : VegaMapVerifier: VERIFICATION WARNING: Primary child of L1 cluster with 0 points. This likely means something went wrong in cluster splitting.
01-02 17:23:22.898  5504  5606 E OsSdk   : error getting shared memory region, memory type: HeadTracker, failed with Status(-1, EX_SECURITY): 'requested shared memory region when not registered/focused'
01-02 17:23:22.900  2453 17432 I CompositorVR: WarpToScreen: Skipping frames for 10
01-02 17:23:22.911  2453 17432 I CompositorVR: WarpToScreen: Skipping frames for 10
01-02 17:23:22.922   860 17399 I [CT]    : CONSTELLATION: L: Detected IMU motion => Leaving static state.
01-02 17:23:22.923  2453 17432 I CompositorVR: WarpToScreen: Skipping frames for 10
01-02 17:23:22.934  2453 17432 I CompositorVR: WarpToScreen: Skipping frames for 10
01-02 17:23:22.936  5504  5585 D xrstreaming: receive ping: org 0 recv 0 xmt 24385195913600 (received at 16099928490156), offset divergence 331139
01-02 17:23:22.944  5504  5606 E OsSdk   : error getting shared memory region, memory type: HeadTracker, failed with Status(-1, EX_SECURITY): 'requested shared memory region when not registered/focused'
01-02 17:23:22.945  2453 17432 I CompositorVR: WarpToScreen: Skipping frames for 10
01-02 17:23:22.978  2453 17432 I chatty  : uid=10025(com.oculus.systemdriver) OVR::TimeWarp identical 3 lines
01-02 17:23:22.990  2453 17432 I CompositorVR: WarpToScreen: Skipping frames for 10
01-02 17:23:22.990  5504  5606 E OsSdk   : error getting shared memory region, memory type: HeadTracker, failed with Status(-1, EX_SECURITY): 'requested shared memory region when not registered/focused'
01-02 17:23:23.001  2453 17432 I CompositorVR: WarpToScreen: Skipping frames for 10
01-02 17:23:23.002  3199 17871 I Telemetry: App memory usage: PSS=65 MiB, PrivateDirty=41 MiB, PrivateClean=1 MiB, GPU=7.2/7.4 MiB (98% allocated)
01-02 17:23:23.004  2205 17865 I Telemetry: App memory usage: PSS=254 MiB, PrivateDirty=210 MiB, PrivateClean=30 MiB, GPU=67.9/68.3 MiB (100% allocated)
01-02 17:23:23.012  2453 17432 I CompositorVR: WarpToScreen: Skipping frames for 10
