01-06 18:43:05.097  2990  3126 I chatty  : uid=10020(com.oculus.vrshell) ShellMainVR expire 23 lines
01-06 18:43:05.099  1804  2847 I Clocks  : CPU levels [0, 4]
01-06 18:43:05.099  1804  2847 I Clocks  : GPU levels [0, 5]
01-06 18:43:05.100  1804  2847 I Clocks  : LockClocks( cpu=2, gpu=3 ) - end (5.2 ms)
01-06 18:43:05.108  1950 19419 D VrApi   : targetSDKVersion 29
01-06 18:43:05.114  1687  1729 I [CT]    : MIXEDREALITY: MrServiceController: VrFocusManager::Top Activity Changed, topActivity now is: 'com.YourCompany.PrototypeV4', immersiveApp now is: 'com.YourCompany.PrototypeV4'.
01-06 18:43:05.114  1950  2037 I Clay    : xrPollEvent: SESSION_STATE_CHANGED: SYNCHRONIZED
01-06 18:43:05.114  1950  2037 I OpenXR  : PostSessionStateChange: XR_SESSION_STATE_SYNCHRONIZED -> XR_SESSION_STATE_VISIBLE
01-06 18:43:05.115  1950  2037 I OpenXR  : PostSessionStateChange: XR_SESSION_STATE_VISIBLE -> XR_SESSION_STATE_FOCUSED
01-06 18:43:05.115  1687  3207 I [CT]    : MIXEDREALITY: MrServiceModel: Hibernating caller (most likely rendering thread) due to commandQueue being empty.
01-06 18:43:05.115  1950  2037 I Clay    : xrPollEvent: SESSION_STATE_CHANGED: VISIBLE
01-06 18:43:05.115  1950  2037 I Clay    : xrPollEvent: SESSION_STATE_CHANGED: FOCUSED
01-06 18:43:05.115  1687  1729 I [CT]    : MIXEDREALITY: MrServiceController: VrFocusManager::Top Activity Changed, topActivity now is: 'com.YourCompany.PrototypeV4', immersiveApp now is: 'com.YourCompany.PrototypeV4'.
01-06 18:43:05.115  1687  1729 I [CT]    : MIXEDREALITY: MrServiceController: VrFocusManager::Top Activity Changed, topActivity now is: 'com.oculus.shellenv', immersiveApp now is: 'com.oculus.shellenv'.
01-06 18:43:05.117  1950 19419 I JniUtils: ovr_GetCurrentPackageSignature 
01-06 18:43:05.118  1950 19419 I Metrics : device name = Oculus Quest 2
01-06 18:43:05.120  2990  3126 I VrRuntimeClient: APP ACTIVITY CLASS = com.oculus.vrshell.ShellApplication
01-06 18:43:05.120  2990  3126 I Sensor  : OSSDKTRACKING Initializing head tracking
01-06 18:43:05.120  2990  3126 I Sensor  : OSSDKTRACKING Head tracker != nullpointer 0xc3f0efa8, 1
01-06 18:43:05.120  2990  3126 I Sensor  : OSSDKTRACKING Initializing controller tracking
01-06 18:43:05.120  2990  3126 I Sensor  : OSSDKTRACKING Controller tracker != nullpointer 0xc3f0efb0, 1
01-06 18:43:05.120  2990  3126 D BatteryReceiver: Registering battery receiver
01-06 18:43:05.121  2990  3126 D HeadsetReceiver: getCurrentHeadsetState: false
01-06 18:43:05.121  2990  3126 I DeviceStatus: nativeHeadsetEvent(0)
01-06 18:43:05.122  1804 19271 I Vsync   : Vsync 2689:  1 x 11.14 ms (71.83 Hz, at 17967.918)
01-06 18:43:05.122  1687  3207 I [CT]    : MIXEDREALITY: MrServiceModel: Hibernating caller (most likely rendering thread) due to commandQueue being empty.
01-06 18:43:05.122  2990  3126 I VrRuntimeClient: SetCompositorClientFeatureFlag ClientFeatureFlag 0 
01-06 18:43:05.122  2990  3126 I LogTimer: CPUTIME: VrRuntimeClient_BeginSession took 24.9734 ms
01-06 18:43:05.123  2150  2891 I [OAO] SwapChainApiOpenXr: Destroying SwapChain:0xc1361b20
01-06 18:43:05.123  1804  2863 I VrRuntimeService: DestroySwapChain: swapchain=543
01-06 18:43:05.123  1804  2734 I SwapChain: DestroyAndroidSurfaceSwapChain: 0x710b54b000: Destroying SurfaceTexture 0x2fe2 Surface 0x2fda
01-06 18:43:05.123  1804  2863 I VrRuntimeServer: DestroyTextureSwapChain: result destroyswapchain 1
01-06 18:43:05.123  2990  3126 I ClientInputInterface: DEADRECKONING SetControllerTrackingExtendedDeadreckoning 0
01-06 18:43:05.123  2990  3126 I ClientInputSettings: HANDTRACKING package name is com.oculus.vrshell
01-06 18:43:05.124  2150  2891 I [OAO] SwapChainApiOpenXr: Destroying SwapChain:0xc1361880
01-06 18:43:05.125  1804  2863 I VrRuntimeService: DestroySwapChain: swapchain=542
01-06 18:43:05.125  1804  2734 I SwapChain: DestroyAndroidSurfaceSwapChain: 0x710b50c000: Destroying SurfaceTexture 0x304a Surface 0x3036
01-06 18:43:05.125  1804  2863 I VrRuntimeServer: DestroyTextureSwapChain: result destroyswapchain 1
01-06 18:43:05.125  2150  2891 I [OAO] SwapChainApiOpenXr: Destroying SwapChain:0xe26a5f90
01-06 18:43:05.127  3515  3515 W OVRLibrary: null cursor received for query content://com.oculus.ocms.library/apps/com.oculus.xrstreamingclient
01-06 18:43:05.128  1052  5079 E WindowManager: App trying to use insecure INPUT_FEATURE_NO_INPUT_CHANNEL flag. Ignoring
01-06 18:43:05.128  1804  2851 I VrRuntimeServer: DisableCompositorClient: 0
01-06 18:43:05.128  1804  2851 I CompositorClientMgr: Disable client 0
01-06 18:43:05.128  1804  2851 I CompositorClientMgr: DisableClient: frame flush required: 1
01-06 18:43:05.132  2954  3062 I GuardianSystem: runtimeServiceSDKClient_.ForceShowGuardianEvent
01-06 18:43:05.132  2954  3062 I GuardianSystem: ForceShowGuardian: false, 0.00
01-06 18:43:05.133  1804 19271 I Vsync   : Vsync 2690:  1 x 11.14 ms (71.83 Hz, at 17967.930)
01-06 18:43:05.135  2150  2150 D KeyboardInputMethodService: onFinishInput
01-06 18:43:05.137  1804  2863 I VrRuntimeService: DestroySwapChain: swapchain=549
01-06 18:43:05.137  1804  2863 I VrRuntimeServer: DestroyTextureSwapChain: result destroyswapchain 1
01-06 18:43:05.138  1804  1804 I ClientMgr: FocusedWindowChanged: found matching overlay client: 2736345305
01-06 18:43:05.138  1804  1804 I ClientMgr: FocusedClient changed.
01-06 18:43:05.138  1804  1804 I ClientMgr: ClientMgr::SetFocusedClient: 2990:com.oculus.vrshell type 1
01-06 18:43:05.138  1804  1804 I ClientMgr: SetFocusedPackageName - packageName com.oculus.vrshell processName com.oculus.vrshell clientId 2736345305 clientPid 2990
01-06 18:43:05.138  1804  1804 W REFLECT : RuntimeIPC: ipc_PostClientEvent FAILED: FocusChangeEvent
01-06 18:43:05.138  1804  1804 W VrRuntimeService: RuntimeIPC: SendFocusChangeEventToAllClients: PostClientEvent FAILED: com.oculus.mrservice:com.oculus.mrservice:1687, com.oculus.vrshell, com.oculus.vrshell
01-06 18:43:05.138  1804  1804 I VrRuntimeService: RuntimeIPC: SendFocusChangeEventToAllClients: PostClientEvent SUCCESS: com.oculus.xrstreamingclient:com.oculus.xrstreamingclient:17337, com.oculus.vrshell, com.oculus.vrshell
01-06 18:43:05.138  1804  1804 I VrRuntimeService: RuntimeIPC: SendFocusChangeEventToAllClients: PostClientEvent SUCCESS: com.oculus.vrshell:com.oculus.vrshell:2990, com.oculus.vrshell, com.oculus.vrshell
01-06 18:43:05.138  1804  1804 I VrRuntimeService: RuntimeIPC: SendFocusChangeEventToAllClients: PostClientEvent SUCCESS: com.oculus.guardian:com.oculus.vrguardianservice:2954, com.oculus.vrshell, com.oculus.vrshell
01-06 18:43:05.138  1804  1804 W REFLECT : RuntimeIPC: ipc_PostClientEvent FAILED: FocusChangeEvent
01-06 18:43:05.138  1804  1804 W VrRuntimeService: RuntimeIPC: SendFocusChangeEventToAllClients: PostClientEvent FAILED: com.oculus.shellenv:com.oculus.shellenv:1950, com.oculus.vrshell, com.oculus.vrshell
01-06 18:43:05.138  1804  1804 I VrRuntimeService: RuntimeIPC: SendFocusChangeEventToAllClients: PostClientEvent SUCCESS: com.oculus.vrshell:com.oculus.vrshell:Overlay:2150, com.oculus.vrshell, com.oculus.vrshell
01-06 18:43:05.138  1950  2037 I VrRuntimeClient: Client has lost focus.
01-06 18:43:05.138  1950  2037 I OpenXR  : PostSessionStateChange: XR_SESSION_STATE_FOCUSED -> XR_SESSION_STATE_VISIBLE
01-06 18:43:05.141   864  1221 W TrackingService: attachClient: found client in attached list
01-06 18:43:05.149  1962  2562 I OVRMediaServiceManager: Sending onAppStart (com.oculus.shellenv) to SocialPlatform (com.oculus.socialplatform)
01-06 18:43:05.153  1950  2037 I Clay    : xrPollEvent: SESSION_STATE_CHANGED: VISIBLE
01-06 18:43:05.153  1950  2037 I Clay    : xrPollEvent: DISPLAY_REFRESH_RATE_CHANGED_FB: 72.000000 -> 90.000000
01-06 18:43:05.154  2990  3126 I ClientInputSettings: HANDTRACKING: Manifest Permission request for com.oculus.vrshell
01-06 18:43:05.155 17337 17431 E OsSdk   : error getting shared memory region, memory type: HeadTracker, failed with Status(-1, EX_SECURITY): 'requested shared memory region when not registered/focused'
01-06 18:43:05.155  1687  3939 I [CT]    : MIXEDREALITY: MrServiceController: VrFocusManager::Top Activity Changed, topActivity now is: 'com.oculus.shellenv', immersiveApp now is: 'com.oculus.shellenv'.
01-06 18:43:05.155  2990  3126 I ClientInputSettings: HANDTRACKING:  'com.oculus.vrshell' Is hands or controller.
01-06 18:43:05.155   864  1221 W TrackingService: attachClient: found client in attached list
01-06 18:43:05.156  1687  3207 I [CT]    : MIXEDREALITY: OpenXrSupport: renderIteration: Display refresh rate changed, new value: 90.
01-06 18:43:05.156  1687  3207 I [CT]    : MIXEDREALITY: MrRuntimeImpl: onDisplayRefreshRateChanged: Display rate changed from 72 to 90.
01-06 18:43:05.156  1687  3207 I [CT]    : MIXEDREALITY: MrRuntimeImpl: Force telemetry to be sent now.
01-06 18:43:05.156  1687  3207 I [CT]    : MIXEDREALITY: MrRuntimeImpl: Reset telemetry such to start collecting data using the new refresh rate.
01-06 18:43:05.156  1687  3207 I [CT]    : MIXEDREALITY: MrRuntimeImpl: setSessionInitTime: Capability 0: timer set to 17967.952328712 ns, duration reset after 99.856701056 s.
01-06 18:43:05.156  1687  3207 I [CT]    : MIXEDREALITY: MrRuntimeImpl: setSessionInitTime: Capability 2: timer set to 17967.9523559 ns, duration reset after 99.856709649 s.
01-06 18:43:05.156  2150  2891 I [OAO] DialogControllerManager: Reset
01-06 18:43:05.156  2150  2891 I [OAO] DialogControllerManager: Reset resetReason:6
01-06 18:43:05.156  2150  2891 I [OAO] OverlayFlowController: Reset - Resetting lastNonSystemPackageName to empty
01-06 18:43:05.156  1687  3207 I [CT]    : MIXEDREALITY: MrServiceModel: Hibernating caller (most likely rendering thread) due to commandQueue being empty.
01-06 18:43:05.156  2150  2891 I [OAO] OverlayFlowController: OnPrimaryPackageChange Setting lastNonSystemPackageName = com.oculus.shellenv
01-06 18:43:05.156  2150  2891 I [OAO] OsDialogProvider: dialogHostClient disconnected
01-06 18:43:05.156  2150  2891 I RuntimeIPCClientMgr: RuntimeIPCClientMgr::DisconnectFromServer: 0, Client: com.oculus.vrshell:com.oculus.vrshell:Overlay:2150, Server: com.oculus.os.dialoghost:com.oculus.os.dialoghost (DialogHostService)
01-06 18:43:05.156  1662  7178 I RPCServer: HandleClientDisconnect: Client: com.oculus.vrshell:com.oculus.vrshell:Overlay:2150, Server: com.oculus.os.dialoghost:com.oculus.os.dialoghost (DialogHostService)
01-06 18:43:05.157  2990  3126 I ClientInputSettings: HANDTRACKING: feature flag set to 2
01-06 18:43:05.157  2990  3126 I ClientInputInterface: HANDTRACKING sethandmanifest 2
01-06 18:43:05.157  2150  2891 I RuntimeIPCClient: RuntimeIPCClient: Shutdown: Client: com.oculus.vrshell:com.oculus.vrshell:Overlay:2150, Server: com.oculus.os.dialoghost:com.oculus.os.dialoghost (DialogHostService)
01-06 18:43:05.157  2990  3126 D InputHooksJava: Enabling Java Input Hooks
01-06 18:43:05.157  2990  3126 W InputHooksJava: Unable to enable input hooks on a non-Activity Context
01-06 18:43:05.157  2990  3126 I InputDeviceManager: ovrInputDeviceManager::Initialize
01-06 18:43:05.157  2150  2891 I RuntimeIPCApi: ipc_Shutdown
01-06 18:43:05.157  2150  2891 I RuntimeIPCServiceClient: Shutdown: Refs still outstanding: 17, com.oculus.vrshell:Overlay
01-06 18:43:05.157  2150  2891 I [OAO] OverlaySystemUxOsDialogFlow: OverlaySystemUxOsDialogFlow UpdatePrimaryPackage isVrShellPackage:1 isSystemPackage:0
01-06 18:43:05.157  2150  2891 I [OAO] OverlayGuardianPtodFlow: OverlayGuardianPtodFlow UpdatePrimaryPackage lastNonSystemPackage:com.oculus.shellenv isVrShellPackage1
01-06 18:43:05.157  2150  2891 I [OAO] OverlayGuardianFlow: OverlayGuardianFlow UpdatePrimaryPackage lastNonSystemPackage:com.oculus.shellenv isVrShellPackage1
01-06 18:43:05.157  2150  2891 I [OAO] VrPlatformOpenXr: xrPollEvent: received XR_TYPE_EVENT_DATA_DISPLAY_REFRESH_RATE_CHANGED_FB event: fromRate 72.000000 -> toRate 90.000000
01-06 18:43:05.158  2150  2891 I [OAO] ShellOverlayApp: Start sleep timeout. Now:17967.954041, Timeout:17969.954041
01-06 18:43:05.158   864  8442 W TrackingService: attachClient: found client in attached list
01-06 18:43:05.158   864  8442 D TrackingService: getSharedMemory: com.oculus.vrshell#2990, HeadTracker
01-06 18:43:05.159   864  8442 W TrackingService: attachClient: found client in attached list
01-06 18:43:05.159  2990  3126 I Distortion: Initializing Mesh Decenter Correction
01-06 18:43:05.159   864  8442 D TrackingService: getSharedMemory: com.oculus.vrshell, Controller
01-06 18:43:05.159  2990 19425 I InputDevice_TrackedRemote: REMOTE: Hand=2 IndexAnalog=0.00 GripAnalog=0.00 Buttons=0x00000000
01-06 18:43:05.159  2990 19425 I InputDevice_TrackedRemote: REMOTE: Hand=1 IndexAnalog=0.00 GripAnalog=0.00 Buttons=0x00000000
01-06 18:43:05.159  2990 19425 I InputDeviceManager: HANDTRACKING Pointer filter profile changed to: 0
01-06 18:43:05.159  2990 19425 I InputDeviceManager: HANDTRACKING Pointer filter profile changed to: 0
01-06 18:43:05.160  2990 19425 I InputDeviceManager: HANDTRACKING Root pose filter profile changed for (version, freq) to (2, 1) from (1,2)
01-06 18:43:05.160   857  8587 E CalibrationProvider: loadCalibration(LDISP_SN) failed: Calibration store didn't load any info
01-06 18:43:05.160  3392  3392 D MetaCam (MediaCapabilityChecker): checkMediaHasRecordingCapabilities packageName: com.oculus.vrshell
01-06 18:43:05.160  3392  3392 D MetaCam (MediaCapabilityChecker): checkMediaHasRecordingCapabilities packageName: com.oculus.vrshell
01-06 18:43:05.160   857  5286 E CalibrationProvider: loadCalibration(RDISP_SN) failed: Calibration store didn't load any info
01-06 18:43:05.160 17337 17431 E OsSdk   : error getting shared memory region, memory type: AnchorTracker, failed with Status(-1, EX_SECURITY): 'requested shared memory region when not registered/focused'
01-06 18:43:05.161  2990  3126 I Distortion: SetLensPositions - iad=0.063031, left offset=-0.000245333,-0.00102733, right offset=0.000124499,-0.00104481
01-06 18:43:05.161  2990  3126 I Distortion: Initializing Mesh Decenter Correction
01-06 18:43:05.161   857  5286 E CalibrationProvider: loadCalibration(LDISP_SN) failed: Calibration store didn't load any info
01-06 18:43:05.162   857  8587 E CalibrationProvider: loadCalibration(RDISP_SN) failed: Calibration store didn't load any info
01-06 18:43:05.162  2990  3126 I Distortion: SetLensPositions - iad=0.063031, left offset=-0.000245333,-0.00102733, right offset=0.000124499,-0.00104481
01-06 18:43:05.163  2990  3126 I Distortion: Created custom distortion mesh.
01-06 18:43:05.163  2990  3126 I PhaseSync: PhaseSync::PhaseSync PaddingLowerLimit 0.350000 StandardDeviations 2.000000 PaddingUpperLimit 0.750000 on instance 20
01-06 18:43:05.163  2990  3126 I VrRuntimeClient: PhaseSync Instance created
01-06 18:43:05.163  1804  3121 I VrRuntimeService: RuntimeServiceSDKServer::EnableRendering: 0x0, 0, com.oculus.vrshell
01-06 18:43:05.163  1804  3121 I ClientMgr: EnableRendering2: invalid clientWindow, testing uid/pid
01-06 18:43:05.163  1804  3121 I ClientMgr: EnableRendering2: matched uid: 10020 and pid: 2990 
01-06 18:43:05.163  1804  3121 I ClientMgr: EnableRendering2: Calling SetFocusedClient: 2736345305
01-06 18:43:05.163  1804  3121 I ClientMgr: ClientMgr::SetFocusedClient: 2990:com.oculus.vrshell type 1
01-06 18:43:05.163  1804  3121 I ClientMgr: SetFocusedPackageName - packageName com.oculus.vrshell processName com.oculus.vrshell clientId 2736345305 clientPid 2990
01-06 18:43:05.163  1804  3121 I ClientMgr: ClientMgr::EnableRendering 2990:com.oculus.vrshell : type 1 comp-id 5: enable
01-06 18:43:05.163  1804  3121 I CompositorClientMgr: Enable client 5
01-06 18:43:05.163  1804  3121 I VrRuntimeServer: EnableCompositorClient client(5): layer placement(2147483647) flags(0) sm(0x7163e7d010)
01-06 18:43:05.163  1804  3121 I CompositorVR: CheckDebuggerConnected: debugger 0
01-06 18:43:05.163  1804  3121 I VrRuntimeServer: SysProp debug mode is disabled on Server side
01-06 18:43:05.164  1804  3121 I UnifiedTelemetryWrapper: Started UT session render:com.oculus.vrshell
01-06 18:43:05.164  2990  3126 I VrApi   : OVR::Stats thread started
01-06 18:43:05.164  2990  3126 I XrRuntimeUtils: XrRuntimeUtils::BeginSession
01-06 18:43:05.164  2990  3126 I XrRuntimeSystem_Client: BeginSession
01-06 18:43:05.164  2990  3126 I OpenXR  : ------------ xrBeginSession [end] -----------
01-06 18:43:05.164  1687  3610 I [CT]    : MIXEDREALITY: MrFeatureStatus: Client status changed from Paused to Started.
01-06 18:43:05.164  1687  3610 I [CT]    : MIXEDREALITY: MrFeatureStatus: Target status Started, CurrentStatus: Paused
01-06 18:43:05.164  1962  2399 E OVRMediaServiceManager: LivestreamingManager Not initialized
01-06 18:43:05.164  1687  3610 I [CT]    : MIXEDREALITY: MrFeatureStatus: Operation chain: Start
01-06 18:43:05.164  1687  3610 I [CT]    : MIXEDREALITY: MrFeatureStatus: Global status changed from Paused to Started.
01-06 18:43:05.165  1687  3207 I [CT]    : MIXEDREALITY: MrServiceModel: Hibernating caller (most likely rendering thread) due to commandQueue being empty.
01-06 18:43:05.165  1687  3610 I [CT]    : MIXEDREALITY: MrServiceController: Queuing command linked to operation Start for feature 0
01-06 18:43:05.165  1687  3207 I [CT]    : MIXEDREALITY: MrServiceController: Executing passthroughStart on model
01-06 18:43:05.165  1687  3207 I [CT]    : MIXEDREALITY: MrServiceModel: passthroughStart()
01-06 18:43:05.165  1687  3207 I [CT]    : MIXEDREALITY: MrServiceModel: passthroughStart: Started Passthrough
01-06 18:43:05.165  2990  3126 I [SEO] VrPlatformOpenXr: VrPlatformOpenXr::SetPropInhibitHandleHomeKey inhibit:1
01-06 18:43:05.165  2990  3126 I OpenXR_DeviceSettings: ------------ xrSetDeviceSettingBooleanFB -----------
01-06 18:43:05.165  2990  3126 I ClientInputSettings: SetInhibitHandleHomeKey = true for com.oculus.vrshell
01-06 18:43:05.165  2990  3126 I ClientInputInterface: SetInhibitHandleHomeKey 1 for process com.oculus.vrshell 2990
01-06 18:43:05.165  2990  3126 I [SEO] VrPlatformOpenXr: VrPlatformOpenXr::SetPropInhibitHandleHomeKey result = 0
01-06 18:43:05.166  2990  3126 I [SEO] Compositor: EnterVrMode with eye buffer: 1440x1584 : 3
01-06 18:43:05.166  2990  3126 I [SEO] AudioMixer: Enabling AudioPlayer.
01-06 18:43:05.166  2990  3126 I [SEO] AudioEngine: virtual void AudioLibrary::AudioEngine::EnablePlayer()
01-06 18:43:05.167  2990  3126 D         : PlayerBase::PlayerBase()
01-06 18:43:05.170  1687  3207 I [CT]    : MIXEDREALITY: MrServiceView: renderIteration: Nothing to render, hibernating the rendering thread since ID is off and no active PT layers.
01-06 18:43:05.170  1687  3207 I [CT]    : MIXEDREALITY: MrServiceModel: Hibernating caller (most likely rendering thread) due to commandQueue being empty.
01-06 18:43:05.173  2990  3126 D         : TrackPlayerBase::TrackPlayerBase()
01-06 18:43:05.173  2990  3126 I libOpenSLES: Emulating old channel mask behavior (ignoring positional mask 0x3, using default mask 0x3 based on channel count of 2)
01-06 18:43:05.178   730   730 I audio_hw_primary: getting vr mode to 0
01-06 18:43:05.180  1962  2541 W OVRLibrary: null cursor received for query content://com.oculus.ocms.library/apps/com.oculus.vrshell
01-06 18:43:05.180   751  1600 I AudioPolicyManagerCustom: VR mode is 0, switch to primary output if request is for fast|raw
01-06 18:43:05.190   751  1600 W AudioFlinger: createTrack_l(): mismatch between requested flags (00000104) and output flags (00000006)
01-06 18:43:05.190   751  1600 D AudioFlinger: Client defaulted notificationFrames to 192 for frameCount 384
01-06 18:43:05.192  2990 19428 D VrApi   : targetSDKVersion 29
01-06 18:43:05.195  2990 19428 I JniUtils: ovr_GetCurrentPackageSignature 
01-06 18:43:05.195   751  1600 D AF::TrackHandle: OpPlayAudio: track:215 uid:10020 pkg:com.oculus.vrshell usage:1 not muted
01-06 18:43:05.196  2990  2990 D [SEO] BaseOverlayService: setOverlayInputFocus : completed - inputFocus=true shouldSupportIME=true actionTaken:true
01-06 18:43:05.196  2990 19428 I Metrics : device name = Oculus Quest 2
01-06 18:43:05.201  2990  3126 I AudioTrack: createTrack_l(0): AUDIO_OUTPUT_FLAG_FAST successful; frameCount 0 -> 384
01-06 18:43:05.202  1962  2399 I OVRMediaService: onStartCommand Received message type: overlay_input_focus_change, caller package: com.oculus.vrshell, app identify: AppIdentity{uid=10020, packageNames=[com.oculus.vrshell], sha1=MxZgtt071YLz39PLrkVGckZooCE, sha2=3C-DTjwZQjeLFPB2yCzRq1nqZWa_9HMLIEfpjvyfna8, version=null, domain=null}
01-06 18:43:05.204  1281  1281 V AvrcpMediaPlayerList: onPlaybackConfigChanged(): Configs list size=9
01-06 18:43:05.204   864  1221 W TrackingService: attachClient: found client in attached list
01-06 18:43:05.205 17337 17431 E OsSdk   : error getting shared memory region, memory type: HeadTracker, failed with Status(-1, EX_SECURITY): 'requested shared memory region when not registered/focused'
01-06 18:43:05.210  1962  2399 I OVRMediaService: Received OVERLAY_INPUT_FOCUS_CHANGE. is focused: true
01-06 18:43:05.222  2990 19432 D         : PlayerBase::stop() from IPlayer
01-06 18:43:05.222  2990 19432 D AudioTrack: stop(241): called with 0 frames delivered
01-06 18:43:05.230   730   851 D msm8974_platform: platform_split_snd_device: snd_device(22) num devices(1) new_snd_devices(0)
01-06 18:43:05.230   730   851 D ACDB-LOADER: ACDB -> send_audvoltable
01-06 18:43:05.230   730   851 D ACDB-LOADER: ACDB -> ACDB_CMD_GET_AUDPROC_INSTANCE_GAIN_DEP_STEP_TABLE_SIZE
01-06 18:43:05.230   730   851 D         : Failed to fetch the lookup information of the device 0000000F 
01-06 18:43:05.230   730   851 D ACDB-LOADER: Error: ACDB_CMD_GET_AUDPROC_INSTANCE_GAIN_DEP_STEP_TABLE_SIZE Returned = -19
01-06 18:43:05.230   730   851 D ACDB-LOADER: ACDB -> ACDB_CMD_GET_AUDPROC_INSTANCE_GAIN_DEP_STEP_TABLE, vol index 9
01-06 18:43:05.230   730   851 D         : Failed to fetch the lookup information of the device 0000000F 
01-06 18:43:05.230   730   851 D ACDB-LOADER: Error: ACDB AudProc vol returned = -19
01-06 18:43:05.230   730   851 D ACDB-LOADER: ACDB -> AUDIO_SET_VOL_CAL cal type = 40
01-06 18:43:05.230  2990  3126 D [SEO] ShellApplication: requestAudioFocus, transientFocus=false
01-06 18:43:05.230  2990  3126 W AudioManager: Use of stream types is deprecated for operations other than volume control
01-06 18:43:05.230  2990  3126 W AudioManager: See the documentation of requestAudioFocus() for what to use instead with android.media.AudioAttributes to qualify your playback use case
01-06 18:43:05.232   864 19258 I [CT]    : VIPER: Mode=SuperVega,Status=6DoF,TRACKING,Inl=25,Mem=68.4,Jit=0.1mm,Issues(Cam/min=0.0,IMU/min=0.0),Exp=(14.0ms,g=15.0,I=69,Ir=331.2)(14.0ms,g=15.0,I=74,Ir=352.8)(14.0ms,g=15.0,I=79,Ir=376.6)(14.0ms,g=15.0,I=67,Ir=321.1)
01-06 18:43:05.232   864 19258 W [CT]    : VIPER: Images too dark, 
01-06 18:43:05.236  1052  3990 I MediaFocusControl: requestAudioFocus() from uid/pid 10020/2990 clientId=android.media.AudioManager@34f9fd2com.oculus.vrshell.ShellAudioFocusHandler@a0538a3 callingPack=com.oculus.vrshell req=1 flags=0x0 sdk=29
01-06 18:43:05.238  2990  3126 I [SEO] AudioSystem: Got audio focus : 1
01-06 18:43:05.239  2990  3126 I [SEO] EnvironmentManagerUtilities: Skipping entitlement check for sideloaded environment apk://com.environment.matrixloadingvoid/assets/scene.zip.
01-06 18:43:05.239  2990  3126 I [SEO] LocalSpace: ResetNextFrame
01-06 18:43:05.239  2990  3126 I [SEO] SystemAssistant: OnModeChanged from ImmersiveAppFocused to FullShell
01-06 18:43:05.240  1281  1281 V AvrcpMediaPlayerList: onPlaybackConfigChanged(): Configs list size=9
01-06 18:43:05.240  2990  3126 I [SEO] LocalSpace: EnterVrMode: Setting local pose state.
01-06 18:43:05.240  2990  3126 I ipcLoader_static: RuntimeIPC: Loader: IPC Service API Loader Version: 33 Nov 25 2022 14:15:55
01-06 18:43:05.240  2990  3126 I RuntimeIPCApi: ipc_Initialize
01-06 18:43:05.240  2990  3126 I RuntimeIPCServiceClient: Init: Already initialized: com.oculus.vrshell, 17
01-06 18:43:05.240  1281  1281 V AvrcpMediaPlayerList: onPlaybackConfigChanged(): Configs list size=9
01-06 18:43:05.240  1662  7178 D RPCServer: RegisterClient: Client: com.oculus.vrshell:com.oculus.vrshell:2990, Server: com.oculus.os.dialoghost:com.oculus.os.dialoghost (DialogHostService)
01-06 18:43:05.241  1662  7178 I IPCSharedMemory: CreateSharedMemory: Allocated shared memory fd 40 (ipcStateReadWrite)
01-06 18:43:05.242  1662  7178 I IPCSharedMemory: CreateSharedMemory: Allocated shared memory fd 41 (ipcReadOnlyState)
01-06 18:43:05.242  1662  7178 I RPCClientHandler: Event buffer size (server): 8192
01-06 18:43:05.242  1662  7178 I IPCSharedMemory: CreateSharedMemory: Allocated shared memory fd 43 (ipcEventBuffer)
01-06 18:43:05.242  1662  7178 I IPCSharedMemory: CreateSharedMemory: Allocated shared memory fd 45 (ipcEventBuffer_Private)
01-06 18:43:05.246  1662  7178 I RuntimeIPCServerMgr: HandleClientConnect SUCCESS: Client: com.oculus.vrshell:com.oculus.vrshell:2990, Server: com.oculus.os.dialoghost:com.oculus.os.dialoghost (DialogHostService)
01-06 18:43:05.247  1662  7178 I RPCServer: GetServerStatesConfig -> {MaxBufferSize=32768, MaxEntries=64}
01-06 18:43:05.247  2990  3126 I RuntimeIPCClient: GetServerStatesConfig returned maxEntries=64, maxBuffSize=32768
01-06 18:43:05.247  2990  3126 I RuntimeIPCClient: Event buffer size (client): 8192
01-06 18:43:05.247  2990  3126 I RuntimeIPCClient: TryToGetIPCResourcesFromServer: RPC_CONNECTOR_CONNECT_TO_SERVER SUCCESS: Client: com.oculus.vrshell:com.oculus.vrshell:2990, Server: com.oculus.os.dialoghost:com.oculus.os.dialoghost (DialogHostService)
01-06 18:43:05.247  2990  3126 I RuntimeIPCClient: EnsureServerConnection: SUCCESS. Client: com.oculus.vrshell:com.oculus.vrshell:2990, Server: com.oculus.os.dialoghost:com.oculus.os.dialoghost (DialogHostService)
01-06 18:43:05.247  2990  3126 I RuntimeIPCClientMgr: ConnectToServer: SUCCESS: Client: com.oculus.vrshell:com.oculus.vrshell:2990, Server: com.oculus.os.dialoghost:com.oculus.os.dialoghost (DialogHostService)
01-06 18:43:05.248  2990  3126 I [SEO] OsDialogProvider: dialogHostClient.InitClient SUCCESS
01-06 18:43:05.248  2990  3126 I OpenXR_Hands: ------------ xrGetHandMeshFB -----------
01-06 18:43:05.248  2990  3126 I OpenXR_Hands: ------------ xrGetHandMeshFB -----------
01-06 18:43:05.248  2990  3126 D VrRuntimeClient: loadDriverResource - resourceName: 'hand_left' 
01-06 18:43:05.249   864  1221 W TrackingService: attachClient: found client in attached list
01-06 18:43:05.250 17337 17431 E OsSdk   : error getting shared memory region, memory type: HeadTracker, failed with Status(-1, EX_SECURITY): 'requested shared memory region when not registered/focused'
01-06 18:43:05.252  2990  3126 I OpenXR_Hands: ------------ xrGetHandMeshFB -----------
01-06 18:43:05.252  2990  3126 I OpenXR_Hands: ------------ xrGetHandMeshFB -----------
01-06 18:43:05.253  2990  3126 D VrRuntimeClient: loadDriverResource - resourceName: 'hand_left' 
01-06 18:43:05.256  3515  3515 W OVRLibrary: null cursor received for query content://com.oculus.ocms.library/apps/notifications_system_app
01-06 18:43:05.257  2990  3126 I [SEO] ShellTransitionState: Logging ShellTransitionState to dumpsys: {"state":"Resuming frame loop","timeMillis":"17968053"}
01-06 18:43:05.257  2990  3126 I [SEO] LocalSpace: Reset - initialRawFromLocalPose: quat(-0.229340, 0.400510, 0.113616, 0.879822), translation(-0.107304, -0.101449, 0.160647)
01-06 18:43:05.257  2990  3126 I [SEO] LocalSpace: Applying VRAPI Reorient, the reorient reason is 3
01-06 18:43:05.258  1804  3121 I VrRuntimeService: RuntimeServiceSDKServer::RecenterLocalSpace
01-06 18:43:05.258  1804  3121 I VrRuntimeService: RuntimeServiceSDKServer::RecenterLocalSpaceInternal
01-06 18:43:05.258  1804  3121 I VrRuntimeServer: UpdateLocalSpace: Src: 2, Version: 81, VersionUser: 0, RawFloorHeightOld: -1.457830, RawFloorHeightNew: -1.457830
01-06 18:43:05.259  2990  3126 I [SEO] SystemTaskBar: Create PanelApp
01-06 18:43:05.259  2990  3126 I [SEO] PanelAppLaunchInfo: PanelAppLaunchInfo componentString:com.oculus.systemux/com.oculus.panelapp.anytimeui.AnytimeUIAndroidPanelService packageName:com.oculus.systemux serviceName:com.oculus.panelapp.anytimeui.AnytimeUIAndroidPanelService componentName:com.oculus.systemux/com.oculus.panelapp.anytimeui.AnytimeUIAndroidPanelService
01-06 18:43:05.259  2990  3126 I [SEO] HostPlatform: Retrieving component launch information for package (com.oculus.systemux) and service (com.oculus.panelapp.anytimeui.AnytimeUIAndroidPanelService)
01-06 18:43:05.260  2150  2891 I [OAO] VrPlatformOpenXr: xrPollEvent: received XR_TYPE_EVENT_DATA_REFERENCE_SPACE_CHANGE_PENDING event
01-06 18:43:05.262  2990  3126 I [SEO] HostPlatform: Is valid panel service component for package (com.oculus.systemux) and service (com.oculus.panelapp.anytimeui.AnytimeUIAndroidPanelService) - true
01-06 18:43:05.262  2990  3126 I [SEO] ShellApp: CreatePanelApp( com.oculus.systemux/com.oculus.panelapp.anytimeui.AnytimeUIAndroidPanelService )
01-06 18:43:05.262  2990  3126 I [SEO] ShellApp: Environment:
01-06 18:43:05.262  2990  3126 I [SEO] PanelAppHost: PanelAppHost constructor, panel 68 (com.oculus.systemux/com.oculus.panelapp.anytimeui.AnytimeUIAndroidPanelService)
01-06 18:43:05.262  2990  3126 I [SEO] PanelAppHost: Panel app 68 (com.oculus.systemux/com.oculus.panelapp.anytimeui.AnytimeUIAndroidPanelService) changing state from startup to foreground
01-06 18:43:05.264  1804  2916 I VrRuntimeService: CreateAndroidSurfaceSwapChain: 866258678
01-06 18:43:05.264  1804  2916 I VrRuntimeService: CreateAndroidSurfaceSwapChain: 131072 1 32856 65536 65536 1 1 1 0 3
01-06 18:43:05.264  1804  2734 I SwapChain_Surface: CreateAndroidSurfaceSwapChainGLES: 0x710b48b000: SurfaceTexture 0x30c6 Surface 0x30b2
01-06 18:43:05.264  1804  2916 I VrRuntimeServer: CreateAndroidSurfaceSwapChain: result surface 0x710b48b000
01-06 18:43:05.267  1950  2037 I Clay    : xrPollEvent: REFERENCE_SPACE_CHANGE_PENDING
01-06 18:43:05.267  1804  2916 I VrRuntimeService: CreateAndroidSurfaceSwapChain: 866258678
01-06 18:43:05.267  1804  2916 I VrRuntimeService: CreateAndroidSurfaceSwapChain: 131072 1 32856 65536 65536 1 1 1 0 3
01-06 18:43:05.268  1804  2734 I SwapChain_Surface: CreateAndroidSurfaceSwapChainGLES: 0x710b4a0000: SurfaceTexture 0x2fe6 Surface 0x2fd2
01-06 18:43:05.268  1804  2916 I VrRuntimeServer: CreateAndroidSurfaceSwapChain: result surface 0x710b4a0000
01-06 18:43:05.269  2990  3126 I [SEO] PanelAppHost: Passing env var _oc_analytics_session_id = 1abd224a-fe8d-4907-a7bf-2a593ddbb4b6
01-06 18:43:05.269  2990  3126 I [SEO] PanelAppHost: Passing env var _oc_userid = 106765628877334
01-06 18:43:05.269  2990  3126 I [SEO] PanelAppHost: Passing env var _oc_shell_version_name = 47.0.0.282.341
01-06 18:43:05.270  2990  3126 I [SEO] PanelAppHost: Passing env var _oc_shell_version_code = 428237138
01-06 18:43:05.270  2990  3126 I [SEO] PanelAppHost: Passing env var _oc_shell_automation_enabled = false
01-06 18:43:05.270  2990  3126 I [SEO] PanelAppHost: Passing env var _oc_shell_view_id_debugging_enabled = false
01-06 18:43:05.270  2990  3126 I [SEO] PanelAppHost: Passing env var _oc_shell_pixel_density = 20
01-06 18:43:05.270  2990  3126 I [SEO] PanelAppHost: Passing env var _oc_shell_render_scale = 1.250000
01-06 18:43:05.270  2990  3126 I [SEO] PanelAppHost: Passing env var _oc_shell_ux_policy = {"panelBackgroundLayerOriginDepths":{"far":0.2,"mid":0.1,"near":0.015}}
01-06 18:43:05.270  2990  3126 I [SEO] PanelAppHost: Passing env var _oc_shell_panel_session_id = 1abd224a-fe8d-4907-a7bf-2a593ddbb4b6-68
01-06 18:43:05.270  2990  3126 I [SEO] PanelAppHost: Passing env var _oc_shell_valid_panel_session_ids = ["1abd224a-fe8d-4907-a7bf-2a593ddbb4b6-68"]
01-06 18:43:05.270  2990  3126 I [SEO] PanelAppHost: Passing env var _oc_shell_back_navigation_enabled = false
01-06 18:43:05.270  2990  3126 I [SEO] PanelAppHost: Passing env var _oc_shell_feature_sets = appmenu-v1,appmenu-v2,cooperativeState-v2,destinationUi-v2,dragDrop-v1,layerClipping-v1,layerClipping-v2,layerOptions-v1,layerTranslate-v1,multiapp-v1,multiapp-v2,multiapp-v3,multitasking-v1,shellPanelAdaptability-v1,systemActionBackgroundPanels-v1,systemThemeSetting-v1,system-reauth-v1,system-ux-file-picker-v1,vrNotificationsBootLoad-v1,theaterScreen,theaterScreen-v2,recoverInstances-v1,systemThemeSetting-v2,controlBar-v1,copresence-v1,copresenceVersion-v1,vrLibraryAppLock-v1,dragToDesktop-v1
01-06 18:43:05.270  2990  3126 I [SEO] PanelAppHost: Passing env var _oc_launch_timestamp = 17968058
01-06 18:43:05.270  2990  3126 I [SEO] PanelAppHost: Passing env var _oc_shell_host = vrshell
01-06 18:43:05.270  2990  3126 I [SEO] PanelAppHost: Passing env var _oc_shell_panel_id = 68
01-06 18:43:05.270  2990  3126 I [SEO] PanelAppHost: Calling sendPanelLaunchIntent for panel app 68 (com.oculus.systemux/com.oculus.panelapp.anytimeui.AnytimeUIAndroidPanelService)
01-06 18:43:05.270  2990  3126 D [SEO] ShellApplication: sendApkPanelLaunchIntent: packageName=com.oculus.systemux, serviceClassName=com.oculus.panelapp.anytimeui.AnytimeUIAndroidPanelService
01-06 18:43:05.273  2990  3126 D [SEO] PanelAppConnection: getSystemProcessUidForCurrentUser: 'android' systemUid = 1000
01-06 18:43:05.273  2990  3126 D [SEO] ShellApplication: bindService Intent { cmp=com.oculus.systemux/com.oculus.panelapp.anytimeui.AnytimeUIAndroidPanelService }
01-06 18:43:05.275  1804 19271 I CompositorVR: SetSchedFifo( tid=3207, pol=2, pri=0 ) succeeded
01-06 18:43:05.280  2990  3126 D [SEO] ShellApplication: notify OS to set com.oculus.systemux/com.oculus.panelapp.anytimeui.AnytimeUIAndroidPanelService to FOREGROUND
01-06 18:43:05.282  2990  3126 I [SEO] DesktopFocusManager: Focused panel changed from 66 to 0
01-06 18:43:05.282  2990  3126 I OpenXR_DeviceSettings: ------------ xrSetDeviceSettingBooleanFB -----------
01-06 18:43:05.283  2990  3126 I ClientInputTrackedKeyboardManager: TRACKEDKEYBOARD created PTKServiceClient
01-06 18:43:05.283  2990  3126 I PTKService: PTKServiceClient Init
01-06 18:43:05.283  2990  3126 I ipcLoader_static: RuntimeIPC: Loader: IPC Service API Loader Version: 33 Nov 25 2022 14:17:17
01-06 18:43:05.283  2990  3126 I RuntimeIPCApi: ipc_Initialize
01-06 18:43:05.283  2990  3126 I RuntimeIPCServiceClient: Init: Already initialized: com.oculus.vrshell, 18
01-06 18:43:05.285  1962  2562 E OVRMediaServiceManager: LivestreamingManager Not initialized
01-06 18:43:05.288  1950  2037 I Clay    : EnvironmentSystem: setCurrentEnvironment from '' to 'apk://com.environment.matrixloadingvoid/assets/scene.zip'. Computed visibility: Visible (reason: <none>)
01-06 18:43:05.294   864  8442 W TrackingService: attachClient: found client in attached list
01-06 18:43:05.295  2150  2150 I [OAO] ShellOverlayService: onStartCommand(): Intent { cmp=com.oculus.vrshell/.ShellOverlayService }
01-06 18:43:05.295  2990  3126 I [SEO] InputManager: Adding hand deviceId = 4
01-06 18:43:05.295 17337 17431 E OsSdk   : error getting shared memory region, memory type: HeadTracker, failed with Status(-1, EX_SECURITY): 'requested shared memory region when not registered/focused'
01-06 18:43:05.296  2990  3126 I [SEO] ShaderCache: ShaderCache::ShaderCache()
01-06 18:43:05.296  2990  3126 I [SEO] ShaderCache: ShaderCache::compiling PBR shader for featureMask 576
01-06 18:43:05.298  2990  3126 I [SEO] ShaderCache: ShaderCache::ShaderCache()
01-06 18:43:05.299  1950  2037 I Clay    : EnvironmentSystem: Loading 'apk://com.environment.matrixloadingvoid/assets/scene.zip' as asset package
01-06 18:43:05.299  2990  3126 I [SEO] ShaderCache: ShaderCache::compiling PBR shader for featureMask 576
01-06 18:43:05.301  2954  3062 I GuardianSystem: UpdateSystem: Responding to local space version number change.
01-06 18:43:05.301  2954  3062 I GuardianSurfaceMgr: ForceShowSurfaceBounds: Soft fade out: currentTime 17968.10, ForceShowTime 17969.10, ForceShowFadeTime 17970.10
01-06 18:43:05.301  2954  3062 I GuardianSystem: ForceShowGuardian: false, 1.00
01-06 18:43:05.301  2990  3126 I [SEO] InputManager: Adding hand deviceId = 3
01-06 18:43:05.301  2990  3126 I [SEO] ShaderCache: ShaderCache::ShaderCache()
01-06 18:43:05.302  2990  3126 I [SEO] ShaderCache: ShaderCache::compiling PBR shader for featureMask 576
01-06 18:43:05.304  2990  3126 I [SEO] ShaderCache: ShaderCache::ShaderCache()
01-06 18:43:05.304  2990  3126 I [SEO] ShaderCache: ShaderCache::compiling PBR shader for featureMask 576
01-06 18:43:05.306  2990  3126 I [SEO] InputManager: Adding controller deviceId = 2
01-06 18:43:05.307  2990  3126 I [SEO] ModelCache: Load controller model
01-06 18:43:05.307  2990  3126 I [SEO] InputManager: Adding controller deviceId = 1
01-06 18:43:05.308  2990  3126 I [SEO] ModelCache: Load controller model
01-06 18:43:05.308  2990  3126 I [SEO] InputManager: Switching primary device (id -1 to 1).
01-06 18:43:05.308  2990  3126 I [SEO] InputManager: Switching secondary device (id to 2).
01-06 18:43:05.309  2954  3601 I VrGuardianService: GuardianSDKServer::SetGuardianHitDialog2 0
01-06 18:43:05.312  1662  1693 I RPCServer: GetServerStatesConfig -> {MaxBufferSize=32768, MaxEntries=64}
01-06 18:43:05.312  2990  3126 I RuntimeIPCClient: GetServerStatesConfig returned maxEntries=64, maxBuffSize=32768
01-06 18:43:05.313  2990  3126 I RuntimeIPCClient: InitServerStateBuffer: SUCCESS. 1, Client: com.oculus.vrshell:com.oculus.vrshell:2990, Server: com.oculus.os.dialoghost:com.oculus.os.dialoghost (DialogHostService)
01-06 18:43:05.313  2990  3126 I [SEO] PanelAppOSLifecycleNotificationManager: Sending frameState isForeground:0 to OS for app com.oculus.systemux/com.oculus.panelapp.quicksettings.QuickSettingsPanelService
01-06 18:43:05.313  2990  3126 I [SEO] PanelAppOSLifecycleNotificationManager: Sending frameState isForeground:0 to OS for app com.oculus.systemux/com.oculus.panelapp.controlbar.ControlBarPanelService
01-06 18:43:05.321  2990  3126 I [SEO] ShellEnvHomeController: copresence: received setCollisionShapes
01-06 18:43:05.321  2990 19437 I FenceChecker: FenceChecker::MainLoop - started
01-06 18:43:05.324  2990  3126 I OpenXR  : PostSessionStateChange: XR_SESSION_STATE_READY -> XR_SESSION_STATE_SYNCHRONIZED
01-06 18:43:05.324  2990  3126 I [SEO] VrPlatformOpenXr: xrPollEvent: received XR_TYPE_EVENT_DATA_REFERENCE_SPACE_CHANGE_PENDING event
01-06 18:43:05.324  2990  3126 I OpenXR  : PostSessionStateChange: XR_SESSION_STATE_SYNCHRONIZED -> XR_SESSION_STATE_VISIBLE
01-06 18:43:05.324  2990  3126 I OpenXR  : PostSessionStateChange: XR_SESSION_STATE_VISIBLE -> XR_SESSION_STATE_FOCUSED
01-06 18:43:05.324  2990  3126 I [SEO] VrPlatformOpenXr: xrPollEvent: received XR_TYPE_EVENT_DATA_DISPLAY_REFRESH_RATE_CHANGED_FB event: fromRate 72.000000 -> toRate 90.000000
01-06 18:43:05.324  2990  3126 I [SEO] VrPlatformOpenXr: xrPollEvent: received XR_TYPE_EVENT_DATA_SESSION_STATE_CHANGED: 3 for session 0x2 at time 17968.120585
01-06 18:43:05.324  2990  3126 I [SEO] VrPlatformOpenXr: Session state changed XR_SESSION_STATE_SYNCHRONIZED
01-06 18:43:05.324  2990  3126 I [SEO] VrPlatformOpenXr: xrPollEvent: received XR_TYPE_EVENT_DATA_SESSION_STATE_CHANGED: 4 for session 0x2 at time 17968.120614
01-06 18:43:05.324  2990  3126 I [SEO] VrPlatformOpenXr: Session state changed XR_SESSION_STATE_VISIBLE
01-06 18:43:05.324  2990  3126 I [SEO] VrPlatformOpenXr: xrPollEvent: received XR_TYPE_EVENT_DATA_SESSION_STATE_CHANGED: 5 for session 0x2 at time 17968.120620
01-06 18:43:05.324  2990  3126 I [SEO] VrPlatformOpenXr: Session state changed XR_SESSION_STATE_FOCUSED
01-06 18:43:05.330  1962  2096 E OVRMediaServiceManager: LivestreamingManager Not initialized
01-06 18:43:05.333  2990  3126 I [SEO] ShellEnvHomeController: copresence: processing currentCollisionShapes
01-06 18:43:05.333  2990  3126 I [SEO] ShellEnvHomeController: Theaterscreen transform node set for the env size x: 4.660000, y: 2.621250
01-06 18:43:05.333  2990  3126 I [SEO] LocalSpace: New Space: quat(-0.182883, 0.003018, 0.016223, 0.982996), translation(0.000000, 1.393988, 0.000000) - Prior Space: quat(-0.182883, 0.003018, 0.016223, 0.982996), translation(0.000000, 1.393988, 0.000000)
01-06 18:43:05.333  2990  3126 I [SEO] LocalSpace: Local space version from 61 to 62, local space user version from 0 to 0.
01-06 18:43:05.334  2990  3126 I [SEO] SystemUXController: OnReorient(reason: 3)
01-06 18:43:05.335 17337 17431 E OsSdk   : error getting shared memory region, memory type: HeadTracker, failed with Status(-1, EX_SECURITY): 'requested shared memory region when not registered/focused'
01-06 18:43:05.339  1621  1621 D OculusNotificationListenerService: Notification posted: 0|android|0|com.android.server.wm.AlertWindowNotification - com.oculus.vrshell|1000
01-06 18:43:05.346  2954  3062 I StateMachine: StateMachine::Update ForceShow: forceShowForTime -> ForceShowOnForTime
01-06 18:43:05.361  3515  3515 W OVRLibrary: null cursor received for query content://com.oculus.ocms.library/apps/com.YourCompany.TemplateProject3
01-06 18:43:05.374   864  8442 I chatty  : uid=1000(system) Binder:864_5 identical 2 lines
01-06 18:43:05.375 17337 17431 E OsSdk   : error getting shared memory region, memory type: HeadTracker, failed with Status(-1, EX_SECURITY): 'requested shared memory region when not registered/focused'
01-06 18:43:05.383  2150  2150 D VrNotificationAnalytics: logNotificationPosted: key(0|android|0|com.android.server.wm.AlertWindowNotification - com.oculus.vrshell|1000), type(third_party), isToast(false)
01-06 18:43:05.386  2150  2150 I [OAO] VrNotificationListenerService: onNotificationPosted() - key = 0|android|0|com.android.server.wm.AlertWindowNotification - com.oculus.vrshell|1000, type = third_party, isToast = false, isBlocked with reason = true Blocked by does not contain all markers for a toast notification
01-06 18:43:05.386  2150  2150 D [OAO] VrBroadcastReceiver: action: com.oculus.vrshell.intent.action.NOTIFICATION_WAKE
01-06 18:43:05.393  2150  2150 D [OAO] VrNotificationService: VrNotificationService onStartCommand() Intent { cmp=com.oculus.vrshell/.VrNotificationService }
01-06 18:43:05.395  2990  3126 I [SEO] TelemetryProvider: aui_reorient system 0 0 0 com.oculus.shellenv
01-06 18:43:05.397  1950  2037 I Clay    : Local user with id 106765628877334 does have a custom avatar
01-06 18:43:05.405  3515  3515 W OVRLibrary: null cursor received for query content://com.oculus.ocms.library/apps/paused_app
01-06 18:43:05.415   864  8442 W TrackingService: attachClient: found client in attached list
01-06 18:43:05.416 17337 17431 E OsSdk   : error getting shared memory region, memory type: HeadTracker, failed with Status(-1, EX_SECURITY): 'requested shared memory region when not registered/focused'
01-06 18:43:05.416   864  1221 W TrackingService: attachClient: found client in attached list
01-06 18:43:05.417 17337 17431 E OsSdk   : error getting shared memory region, memory type: AnchorTracker, failed with Status(-1, EX_SECURITY): 'requested shared memory region when not registered/focused'
01-06 18:43:05.446  3515  3515 W OVRLibrary: null cursor received for query content://com.oculus.ocms.library/apps/com.android.settings
01-06 18:43:05.457  1950  2037 I Clay    : EnvironmentSystem::update: setting scene background audio for scene zip 'apk://com.environment.matrixloadingvoid/assets/scene.zip'
01-06 18:43:05.457  1950  2037 I Clay    : EnvironmentAudioSystem::setSceneBackgroundLoop: set scene audio: apk://com.environment.matrixloadingvoid/assets/scene.zip
01-06 18:43:05.457  1950  2037 I Clay    : EnvironmentSystem: Scene loaded
01-06 18:43:05.458  1950  2037 I Clay    : SharedHomeSystem::_onEnvironmentActivated
01-06 18:43:05.461 17337 17431 E OsSdk   : error getting shared memory region, memory type: HeadTracker, failed with Status(-1, EX_SECURITY): 'requested shared memory region when not registered/focused'
01-06 18:43:05.475  2990  3126 I [SEO] ShellEnvHomeController: copresence: received setCollisionShapes
01-06 18:43:05.481  3515  3515 W OVRLibrary: null cursor received for query content://com.oculus.ocms.library/apps/quick_settings_app
01-06 18:43:05.488  2990  3126 I [SEO] ShellEnvHomeController: copresence: processing currentCollisionShapes
01-06 18:43:05.488  2990  3126 I [SEO] ShellEnvHomeController: Theaterscreen transform node set for the env size x: 4.660000, y: 2.621250
01-06 18:43:05.505   864  1221 I chatty  : uid=1000(system) Binder:864_4 identical 2 lines
01-06 18:43:05.506 17337 17431 E OsSdk   : error getting shared memory region, memory type: HeadTracker, failed with Status(-1, EX_SECURITY): 'requested shared memory region when not registered/focused'
01-06 18:43:05.515  3515  3515 W OVRLibrary: null cursor received for query content://com.oculus.ocms.library/apps/com.YourCompany.PrototypeV4
01-06 18:43:05.535  3515  3515 W OVRLibrary: null cursor received for query content://com.oculus.ocms.library/apps/com.oculus.xrstreamingclient
01-06 18:43:05.538  1950 19438 D CCodec  : allocate(c2.android.vorbis.decoder)
01-06 18:43:05.539   853  7201 V C2Store : in init
01-06 18:43:05.539   853  7201 V C2Store : loading dll
01-06 18:43:05.547   864  1221 W TrackingService: attachClient: found client in attached list
01-06 18:43:05.548 17337 17431 E OsSdk   : error getting shared memory region, memory type: HeadTracker, failed with Status(-1, EX_SECURITY): 'requested shared memory region when not registered/focused'
01-06 18:43:05.549  1950 19438 I CCodec  : Created component [c2.android.vorbis.decoder]
01-06 18:43:05.550  1950 19438 D CCodecConfig: read media type: audio/vorbis
01-06 18:43:05.553  1950 19438 D ReflectedParamUpdater: extent() != 1 for single value type: algo.buffers.max-count.values
01-06 18:43:05.554  1950 19438 D ReflectedParamUpdater: extent() != 1 for single value type: output.subscribed-indices.values
01-06 18:43:05.554  1950 19438 D ReflectedParamUpdater: extent() != 1 for single value type: input.buffers.allocator-ids.values
01-06 18:43:05.554  1950 19438 D ReflectedParamUpdater: extent() != 1 for single value type: output.buffers.allocator-ids.values
01-06 18:43:05.554  1950 19438 D ReflectedParamUpdater: extent() != 1 for single value type: algo.buffers.allocator-ids.values
01-06 18:43:05.554  1950 19438 D ReflectedParamUpdater: extent() != 1 for single value type: output.buffers.pool-ids.values
01-06 18:43:05.554  1950 19438 D ReflectedParamUpdater: extent() != 1 for single value type: algo.buffers.pool-ids.values
01-06 18:43:05.555  1950 19438 I CCodecConfig: query failed after returning 7 values (BAD_INDEX)
01-06 18:43:05.555  1950 19438 D CCodecConfig: c2 config diff is Dict {
01-06 18:43:05.555  1950 19438 D CCodecConfig:   c2::u32 coded.bitrate.value = 64000
01-06 18:43:05.555  1950 19438 D CCodecConfig:   c2::u32 input.buffers.max-size.value = 32768
01-06 18:43:05.555  1950 19438 D CCodecConfig:   c2::u32 input.delay.value = 0
01-06 18:43:05.555  1950 19438 D CCodecConfig:   string input.media-type.value = "audio/vorbis"
01-06 18:43:05.555  1950 19438 D CCodecConfig:   string output.media-type.value = "audio/raw"
01-06 18:43:05.555  1950 19438 D CCodecConfig:   c2::u32 raw.channel-count.value = 1
01-06 18:43:05.555  1950 19438 D CCodecConfig:   c2::u32 raw.sample-rate.value = 48000
01-06 18:43:05.555  1950 19438 D CCodecConfig: }
01-06 18:43:05.555  1950 19438 D CCodecConfig: no c2 equivalents for durationUs
01-06 18:43:05.555  1950 19438 D CCodecConfig: no c2 equivalents for csd-1
01-06 18:43:05.555  1950 19438 D CCodecConfig: no c2 equivalents for track-id
01-06 18:43:05.555  1950 19438 D CCodecConfig: no c2 equivalents for channel-mask
01-06 18:43:05.556  1950 19438 D CCodecConfig: c2 config diff is   c2::u32 raw.channel-count.value = 2
01-06 18:43:05.556  1950 19438 D CCodecConfig:   c2::u32 raw.sample-rate.value = 44100
01-06 18:43:05.556   744 18359 I SyncBossHAL: [info   ] syncboss_hal_input_controller.c(61): 729165a0xxxxxxxx: 1 missed/90001 expected (PER 0.00%)
01-06 18:43:05.557  1950 19438 W Codec2Client: query -- param skipped: index = 1107298332.
01-06 18:43:05.557  1950 19438 D CCodec  : setup formats input: AMessage(what = 0x00000000) = {
01-06 18:43:05.557  1950 19438 D CCodec  :   int32_t channel-count = 2
01-06 18:43:05.557  1950 19438 D CCodec  :   int32_t max-input-size = 32768
01-06 18:43:05.557  1950 19438 D CCodec  :   string mime = "audio/vorbis"
01-06 18:43:05.557  1950 19438 D CCodec  :   int32_t sample-rate = 44100
01-06 18:43:05.557  1950 19438 D CCodec  : } and output: AMessage(what = 0x00000000) = {
01-06 18:43:05.557  1950 19438 D CCodec  :   int32_t channel-count = 2
01-06 18:43:05.557  1950 19438 D CCodec  :   string mime = "audio/raw"
01-06 18:43:05.557  1950 19438 D CCodec  :   int32_t sample-rate = 44100
01-06 18:43:05.557  1950 19438 D CCodec  :   int32_t channel-mask = 3
01-06 18:43:05.557  1950 19438 D CCodec  : }
01-06 18:43:05.563   853  6192 V C2Store : in ~ComponentModule
01-06 18:43:05.563   853  6192 V C2Store : unloading dll
01-06 18:43:05.564  3515  3515 W OVRLibrary: null cursor received for query content://com.oculus.ocms.library/apps/notifications_system_app
01-06 18:43:05.592   864  1221 W TrackingService: attachClient: found client in attached list
01-06 18:43:05.593 17337 17431 E OsSdk   : error getting shared memory region, memory type: HeadTracker, failed with Status(-1, EX_SECURITY): 'requested shared memory region when not registered/focused'
01-06 18:43:05.593  3515  3515 W OVRLibrary: null cursor received for query content://com.oculus.ocms.library/apps/com.YourCompany.TemplateProject3
01-06 18:43:05.603  1804  3059 I VrRuntimeService: RuntimeServiceSDKServer::SetGuardianSystemState: 3219182184
01-06 18:43:05.604  2954  3062 I GuardianSystem: UpdateGuardianSystemState: Flags changed: 524288, 532480, SYSTEM_GUARDIAN_VALID to SYSTEM_GUARDIAN_VISIBLE,SYSTEM_GUARDIAN_VALID
