01-06 22:11:29.404   862   862 I chatty  : uid=1000(system) /system/bin/trackingservice identical 11 lines
01-06 22:11:29.449   862   862 W TrackingService: attachClient: found client in attached list
01-06 22:11:29.486   743  7791 I SyncBossHAL: [info   ] syncboss_hal_input_controller.c(61): 86557c33xxxxxxxx: 0 missed/90000 expected (PER 0.00%)
01-06 22:11:29.493   862   862 W TrackingService: attachClient: found client in attached list
01-06 22:11:29.679   862   862 I chatty  : uid=1000(system) /system/bin/trackingservice identical 6 lines
01-06 22:11:29.724   862   862 W TrackingService: attachClient: found client in attached list
01-06 22:11:29.725   862  1031 W TrackingService: attachClient: found client in attached list
01-06 22:11:29.967   862  1031 I chatty  : uid=1000(system) Binder:862_1 identical 6 lines
01-06 22:11:29.970   862  1031 W TrackingService: attachClient: found client in attached list
01-06 22:11:30.017   862   862 W TrackingService: attachClient: found client in attached list
01-06 22:11:30.221   862   862 I chatty  : uid=1000(system) /system/bin/trackingservice identical 5 lines
01-06 22:11:30.223   862   862 W TrackingService: attachClient: found client in attached list
01-06 22:11:30.268   862  1031 W TrackingService: attachClient: found client in attached list
01-06 22:11:30.380  8039  8124 I chatty  : uid=10033(com.oculus.xrstreamingclient) XRS_Battery expire 6 lines
01-06 22:11:31.262  2853  3581 I Telemetry: App memory usage: PSS=43 MiB, PrivateDirty=31 MiB, PrivateClean=5 MiB, GPU=3.9/4.1 MiB (96% allocated)
01-06 22:11:31.440   862  1031 I chatty  : uid=1000(system) Binder:862_1 identical 33 lines
01-06 22:11:31.442   862  1031 W TrackingService: attachClient: found client in attached list
01-06 22:11:31.486   862   862 W TrackingService: attachClient: found client in attached list
01-06 22:11:31.710   862   862 I chatty  : uid=1000(system) /system/bin/trackingservice identical 6 lines
01-06 22:11:31.743  1943  2154 W DeviceConfigUtil: Try to get config param "oculus_shared_social:oculus_messenger_reauth_removal" before Device Config has subscribed to the service.
01-06 22:11:31.758   862   862 W TrackingService: attachClient: found client in attached list
01-06 22:11:31.801   862  1031 W TrackingService: attachClient: found client in attached list
01-06 22:11:32.255  1680  3413 I Telemetry: App memory usage: PSS=25 MiB, PrivateDirty=18 MiB, PrivateClean=1 MiB, GPU=3.3/3.5 MiB (95% allocated)
01-06 22:11:32.343   862  1031 I chatty  : uid=1000(system) Binder:862_1 identical 17 lines
01-06 22:11:32.393   862  1031 W TrackingService: attachClient: found client in attached list
01-06 22:11:32.397   862   862 W TrackingService: attachClient: found client in attached list
01-06 22:11:32.438   862   862 W TrackingService: attachClient: found client in attached list
01-06 22:11:32.486   862  1031 W TrackingService: attachClient: found client in attached list
01-06 22:11:32.566   693   693 I netd    : trafficSwapActiveStatsMap() <0.50ms>
01-06 22:11:32.568   693   693 I netd    : tetherGetStats() <1.13ms>
01-06 22:11:32.571   693   693 I netd    : bandwidthSetGlobalAlert(2097152) <0.18ms>
01-06 22:11:32.608   862  1031 I chatty  : uid=1000(system) Binder:862_1 identical 3 lines
01-06 22:11:32.648   862  1031 W TrackingService: attachClient: found client in attached list
01-06 22:11:32.650   862   862 W TrackingService: attachClient: found client in attached list
01-06 22:11:34.859   862   862 I chatty  : uid=1000(system) /system/bin/trackingservice identical 63 lines
01-06 22:11:34.906   862   862 W TrackingService: attachClient: found client in attached list
01-06 22:11:34.946   862  1031 W TrackingService: attachClient: found client in attached list
01-06 22:11:35.070   862  1031 I chatty  : uid=1000(system) Binder:862_1 identical 3 lines
01-06 22:11:35.085   862  1031 W TrackingService: attachClient: found client in attached list
01-06 22:11:35.086   862   862 W TrackingService: attachClient: found client in attached list
01-06 22:11:36.775   862   862 I chatty  : uid=1000(system) /system/bin/trackingservice identical 47 lines
01-06 22:11:36.809   862   862 W TrackingService: attachClient: found client in attached list
01-06 22:11:36.811   862  1634 W TrackingService: attachClient: found client in attached list
01-06 22:11:37.050  1775  2837 E TREX    : Interface version 1 was not found. Check debug build for more information.
01-06 22:11:37.080   862  7828 I chatty  : uid=1000(system) CtrlTracking expire 11 lines
01-06 22:11:37.151  8387  8418 I chatty  : uid=10157(com.YourCompany.PrototypeV4) expire 25 lines
01-06 22:11:37.212  8387  8666 I chatty  : uid=10157(com.YourCompany.PrototypeV4) expire 2 lines
01-06 22:11:37.266  1775  8535 I CompositorVR: SetSchedFifo( tid=8418, pol=2, pri=0 ) succeeded
01-06 22:11:37.266  1775  8535 I CompositorVR: SetSchedFifo( tid=8666, pol=2, pri=0 ) succeeded
01-06 22:11:37.266  1775  8535 I CompositorVR: SetSchedFifo( tid=8669, pol=2, pri=0 ) succeeded
01-06 22:11:37.426   862  1634 I chatty  : uid=1000(system) Binder:862_4 identical 16 lines
01-06 22:11:37.468   862  1634 W TrackingService: attachClient: found client in attached list
01-06 22:11:37.514   862   862 W TrackingService: attachClient: found client in attached list
01-06 22:11:37.586  1775  8535 I CompositorVR: SetSchedFifo( tid=8418, pol=3, pri=0 ) succeeded
01-06 22:11:37.586  1775  8535 I CompositorVR: SetSchedFifo( tid=8666, pol=3, pri=0 ) succeeded
01-06 22:11:37.586  1775  8535 I CompositorVR: SetSchedFifo( tid=8669, pol=3, pri=0 ) succeeded
01-06 22:11:38.005  8387  8658 I chatty  : uid=10157(com.YourCompany.PrototypeV4) expire 17 lines
01-06 22:11:38.301   862   862 I chatty  : uid=1000(system) /system/bin/trackingservice identical 22 lines
01-06 22:11:38.346   862   862 W TrackingService: attachClient: found client in attached list
01-06 22:11:38.349   862  1634 W TrackingService: attachClient: found client in attached list
01-06 22:11:38.763   862  1634 I chatty  : uid=1000(system) Binder:862_4 identical 11 lines
01-06 22:11:38.805   862  1634 W TrackingService: attachClient: found client in attached list
01-06 22:11:38.852   862   862 W TrackingService: attachClient: found client in attached list
01-06 22:11:39.171   862   862 I chatty  : uid=1000(system) /system/bin/trackingservice identical 9 lines
01-06 22:11:39.216   862   862 W TrackingService: attachClient: found client in attached list
01-06 22:11:39.262   862  1634 W TrackingService: attachClient: found client in attached list
01-06 22:11:39.352   862  1634 I chatty  : uid=1000(system) Binder:862_4 identical 2 lines
01-06 22:11:39.400   862  1634 W TrackingService: attachClient: found client in attached list
01-06 22:11:39.402   862   862 W TrackingService: attachClient: found client in attached list
01-06 22:11:39.833   862   862 I chatty  : uid=1000(system) /system/bin/trackingservice identical 11 lines
01-06 22:11:39.881   862   862 W TrackingService: attachClient: found client in attached list
01-06 22:11:39.929   862  1634 W TrackingService: attachClient: found client in attached list
01-06 22:11:39.931   862   862 W TrackingService: attachClient: found client in attached list
01-06 22:11:39.976   862   862 I chatty  : uid=1000(system) /system/bin/trackingservice identical 1 line
01-06 22:11:40.023   862   862 W TrackingService: attachClient: found client in attached list
01-06 22:11:40.068   862  1634 W TrackingService: attachClient: found client in attached list
01-06 22:11:40.158   862  1634 I chatty  : uid=1000(system) Binder:862_4 identical 2 lines
01-06 22:11:40.204   862  1634 W TrackingService: attachClient: found client in attached list
01-06 22:11:40.206   862   862 W TrackingService: attachClient: found client in attached list
01-06 22:11:40.403   862  8529 I chatty  : uid=1000(system) CtrllrCam expire 11 lines
01-06 22:11:40.436   862   862 I chatty  : uid=1000(system) /system/bin/trackingservice identical 6 lines
01-06 22:11:40.440   862   862 W TrackingService: attachClient: found client in attached list
01-06 22:11:40.486   862  1031 W TrackingService: attachClient: found client in attached list
01-06 22:11:41.171   862  1031 I chatty  : uid=1000(system) Binder:862_1 identical 18 lines
01-06 22:11:41.216   862  1031 W TrackingService: attachClient: found client in attached list
01-06 22:11:41.218   862   862 W TrackingService: attachClient: found client in attached list
01-06 22:11:41.237   862  8523 I chatty  : uid=1000(system) IOTcam expire 17 lines
01-06 22:11:41.926   862   862 I chatty  : uid=1000(system) /system/bin/trackingservice identical 19 lines
01-06 22:11:41.966   862   862 W TrackingService: attachClient: found client in attached list
01-06 22:11:41.968   862  1031 W TrackingService: attachClient: found client in attached list
01-06 22:11:42.139  8039  8134 I chatty  : uid=10033(com.oculus.xrstreamingclient) SlamAnchorMem expire 399 lines
01-06 22:11:42.175  1943  2154 W DeviceConfigUtil: Try to get config param "oculus_shared_social:oculus_messenger_reauth_removal" before Device Config has subscribed to the service.
01-06 22:11:42.550  8039  8112 I chatty  : uid=10033(com.oculus.xrstreamingclient) xrsp-rt-read expire 14 lines
01-06 22:11:42.662   862  1031 I chatty  : uid=1000(system) Binder:862_1 identical 19 lines
01-06 22:11:42.709   862  1031 W TrackingService: attachClient: found client in attached list
01-06 22:11:42.718   862   862 W TrackingService: attachClient: found client in attached list
01-06 22:11:42.756   862   862 I chatty  : uid=1000(system) /system/bin/trackingservice identical 1 line
01-06 22:11:42.797   862   862 W TrackingService: attachClient: found client in attached list
01-06 22:11:42.839   862  1031 W TrackingService: attachClient: found client in attached list
01-06 22:11:43.040   862  1208 I chatty  : uid=1000(system) Mapper expire 24 lines
01-06 22:11:44.662   862  1031 I chatty  : uid=1000(system) Binder:862_1 identical 51 lines
01-06 22:11:44.706   862  1031 W TrackingService: attachClient: found client in attached list
01-06 22:11:44.707   862   862 W TrackingService: attachClient: found client in attached list
01-06 22:11:46.096   862   862 I chatty  : uid=1000(system) /system/bin/trackingservice identical 38 lines
01-06 22:11:46.137   862   862 W TrackingService: attachClient: found client in attached list
01-06 22:11:46.183   862  1031 W TrackingService: attachClient: found client in attached list
01-06 22:11:46.886   862  1031 I chatty  : uid=1000(system) Binder:862_1 identical 19 lines
01-06 22:11:46.932   862  1031 W TrackingService: attachClient: found client in attached list
01-06 22:11:46.967   862   862 W TrackingService: attachClient: found client in attached list
01-06 22:11:47.008   862   862 I chatty  : uid=1000(system) /system/bin/trackingservice identical 2 lines
01-06 22:11:47.043   862   862 W TrackingService: attachClient: found client in attached list
01-06 22:11:47.060  1775  2837 E TREX    : Interface version 1 was not found. Check debug build for more information.
01-06 22:11:47.086   862  1031 W TrackingService: attachClient: found client in attached list
01-06 22:11:47.301   862  1031 I chatty  : uid=1000(system) Binder:862_1 identical 6 lines
01-06 22:11:47.347   862  1031 W TrackingService: attachClient: found client in attached list
01-06 22:11:47.391   862   862 W TrackingService: attachClient: found client in attached list
01-06 22:11:47.421   862   862 I chatty  : uid=1000(system) /system/bin/trackingservice identical 1 line
01-06 22:11:47.468   862   862 W TrackingService: attachClient: found client in attached list
01-06 22:11:47.511   862  1031 W TrackingService: attachClient: found client in attached list
01-06 22:11:47.515   862   862 W TrackingService: attachClient: found client in attached list
01-06 22:11:47.739   862   862 I chatty  : uid=1000(system) /system/bin/trackingservice identical 5 lines
01-06 22:11:47.760   862   862 W TrackingService: attachClient: found client in attached list
01-06 22:11:47.762   862  1031 W TrackingService: attachClient: found client in attached list
01-06 22:11:47.898   862  1031 I chatty  : uid=1000(system) Binder:862_1 identical 5 lines
01-06 22:11:47.945   862  1031 W TrackingService: attachClient: found client in attached list
01-06 22:11:47.947   862   862 W TrackingService: attachClient: found client in attached list
01-06 22:11:48.326   862   862 I chatty  : uid=1000(system) /system/bin/trackingservice identical 11 lines
01-06 22:11:48.368   862   862 W TrackingService: attachClient: found client in attached list
01-06 22:11:48.406   862  1031 W TrackingService: attachClient: found client in attached list
01-06 22:11:48.454   862  1031 I chatty  : uid=1000(system) Binder:862_1 identical 2 lines
01-06 22:11:48.498   862  1031 W TrackingService: attachClient: found client in attached list
01-06 22:11:48.537   862   862 W TrackingService: attachClient: found client in attached list
01-06 22:11:49.907   862   862 I chatty  : uid=1000(system) /system/bin/trackingservice identical 40 lines
01-06 22:11:49.950   862   862 W TrackingService: attachClient: found client in attached list
01-06 22:11:49.996   862  1031 W TrackingService: attachClient: found client in attached list
01-06 22:11:51.266  2853  3581 I Telemetry: App memory usage: PSS=44 MiB, PrivateDirty=31 MiB, PrivateClean=5 MiB, GPU=3.9/4.1 MiB (96% allocated)
01-06 22:11:51.406   862  1031 I chatty  : uid=1000(system) Binder:862_1 identical 37 lines
01-06 22:11:51.446   862  1031 W TrackingService: attachClient: found client in attached list
01-06 22:11:51.448   862   862 W TrackingService: attachClient: found client in attached list
01-06 22:11:51.494   862   862 W TrackingService: attachClient: found client in attached list
01-06 22:11:51.519   862  8523 I chatty  : uid=1000(system) IOTcam expire 29 lines
01-06 22:11:51.532   862  1031 W TrackingService: attachClient: found client in attached list
01-06 22:11:52.257  1680  3413 I Telemetry: App memory usage: PSS=25 MiB, PrivateDirty=18 MiB, PrivateClean=1 MiB, GPU=3.3/3.5 MiB (95% allocated)
01-06 22:11:52.360   862  1031 I chatty  : uid=1000(system) Binder:862_1 identical 24 lines
01-06 22:11:52.407   862  1031 W TrackingService: attachClient: found client in attached list
01-06 22:11:52.409   862   862 W TrackingService: attachClient: found client in attached list
01-06 22:11:52.730  1943  2154 W DeviceConfigUtil: Try to get config param "oculus_shared_social:oculus_messenger_reauth_removal" before Device Config has subscribed to the service.
01-06 22:11:53.018   862   862 I chatty  : uid=1000(system) /system/bin/trackingservice identical 16 lines
01-06 22:11:53.064   862   862 W TrackingService: attachClient: found client in attached list
01-06 22:11:53.107   862  1031 W TrackingService: attachClient: found client in attached list
01-06 22:11:53.154   862  1031 W TrackingService: attachClient: found client in attached list
01-06 22:11:53.197   862   862 W TrackingService: attachClient: found client in attached list
01-06 22:11:53.199   862  1031 W TrackingService: attachClient: found client in attached list
01-06 22:11:53.241   862  1031 I chatty  : uid=1000(system) Binder:862_1 identical 1 line
01-06 22:11:53.284   862  1031 W TrackingService: attachClient: found client in attached list
01-06 22:11:53.322   862   862 W TrackingService: attachClient: found client in attached list
01-06 22:11:53.343  8387  8410 I chatty  : uid=10157(com.YourCompany.PrototypeV4) expire 12 lines
01-06 22:11:53.343  3013  3013 D MetaCam (DeviceLifecycleManager): onCapabilitiesChanged(...). Has NET_CAPABILITY_VALIDATED.
01-06 22:11:53.344  3013  3013 D MetaCam (DeviceLifecycleManager): onCapabilitiesChanged(...). Has NET_CAPABILITY_VALIDATED.
01-06 22:11:53.346  8387  8736 I chatty  : uid=10157(com.YourCompany.PrototypeV4) expire 3 lines
01-06 22:11:53.454   862   862 I chatty  : uid=1000(system) /system/bin/trackingservice identical 4 lines
01-06 22:11:53.486   862   862 W TrackingService: attachClient: found client in attached list
01-06 22:11:53.527   862  1031 W TrackingService: attachClient: found client in attached list
01-06 22:11:53.843   862  1208 I chatty  : uid=1000(system) Mapper expire 11 lines
01-06 22:11:54.005  8387  8658 I chatty  : uid=10157(com.YourCompany.PrototypeV4) expire 11 lines
01-06 22:11:54.316   862  1031 I chatty  : uid=1000(system) Binder:862_1 identical 22 lines
01-06 22:11:54.366   862  1031 W TrackingService: attachClient: found client in attached list
01-06 22:11:54.408   862   862 W TrackingService: attachClient: found client in attached list
01-06 22:11:54.723   862   862 I chatty  : uid=1000(system) /system/bin/trackingservice identical 8 lines
01-06 22:11:54.725   862   862 W TrackingService: attachClient: found client in attached list
01-06 22:11:54.772   862  1031 W TrackingService: attachClient: found client in attached list
01-06 22:11:55.486   862  1031 I chatty  : uid=1000(system) Binder:862_1 identical 19 lines
01-06 22:11:55.488   862  1031 W TrackingService: attachClient: found client in attached list
01-06 22:11:55.531   862   862 W TrackingService: attachClient: found client in attached list
01-06 22:11:55.726   862   862 I chatty  : uid=1000(system) /system/bin/trackingservice identical 5 lines
01-06 22:11:55.728   862   862 W TrackingService: attachClient: found client in attached list
01-06 22:11:55.775   862  1031 W TrackingService: attachClient: found client in attached list
01-06 22:11:56.190   862  1031 I chatty  : uid=1000(system) Binder:862_1 identical 11 lines
01-06 22:11:56.235   862  1031 W TrackingService: attachClient: found client in attached list
01-06 22:11:56.242   862   862 W TrackingService: attachClient: found client in attached list
01-06 22:11:56.328  8039  8134 I chatty  : uid=10033(com.oculus.xrstreamingclient) SlamAnchorMem expire 377 lines
01-06 22:11:56.369  3013  3013 D MetaCam (DeviceLifecycleManager): onCapabilitiesChanged(...). Has NET_CAPABILITY_VALIDATED.
01-06 22:11:56.369  3013  3013 D MetaCam (DeviceLifecycleManager): onCapabilitiesChanged(...). Has NET_CAPABILITY_VALIDATED.
01-06 22:11:56.372  8387  8743 I chatty  : uid=10157(com.YourCompany.PrototypeV4) expire 3 lines
01-06 22:11:56.598  8039  8112 I chatty  : uid=10033(com.oculus.xrstreamingclient) xrsp-rt-read expire 14 lines
01-06 22:11:56.643  8387  8418 I chatty  : uid=10157(com.YourCompany.PrototypeV4) expire 42 lines
01-06 22:11:56.757  1775  8535 I CompositorVR: SetSchedFifo( tid=8418, pol=2, pri=0 ) succeeded
01-06 22:11:56.757  1775  8535 I CompositorVR: SetSchedFifo( tid=8666, pol=2, pri=0 ) succeeded
01-06 22:11:56.757  1775  8535 I CompositorVR: SetSchedFifo( tid=8669, pol=2, pri=0 ) succeeded
01-06 22:11:56.977   862   862 I chatty  : uid=1000(system) /system/bin/trackingservice identical 19 lines
01-06 22:11:57.023   862   862 W TrackingService: attachClient: found client in attached list
01-06 22:11:57.030   862  1031 W TrackingService: attachClient: found client in attached list
01-06 22:11:57.071  1775  2837 E TREX    : Interface version 1 was not found. Check debug build for more information.
01-06 22:11:57.369  1775  8535 I CompositorVR: SetSchedFifo( tid=8418, pol=3, pri=0 ) succeeded
01-06 22:11:57.370  1775  8535 I CompositorVR: SetSchedFifo( tid=8666, pol=3, pri=0 ) succeeded
01-06 22:11:57.370  1775  8535 I CompositorVR: SetSchedFifo( tid=8669, pol=3, pri=0 ) succeeded
01-06 22:11:57.377  1775  2837 I PerformanceManager_V0: SetClockLevels: Apply pending clock request change: 2,3 -> 3,3
01-06 22:11:57.377  1775  2833 I Clocks  : ReleaseClocks - start
01-06 22:11:57.377  1775  2833 I Clocks  : ReleaseClocks - end (0.3 ms)
01-06 22:11:57.377  1775  2833 I Clocks  : LockClocks( cpu=3, gpu=3 ) - start
01-06 22:11:57.377  1775  2833 I Clocks  : CPU levels [0, 4]
01-06 22:11:57.378  1775  2833 I Clocks  : GPU levels [0, 5]
01-06 22:11:57.378  1775  2833 I Clocks  : LockClocks( cpu=3, gpu=3 ) - end (0.4 ms)
01-06 22:11:58.290  1050  1083 W ActivityManager: Stopping service due to app idle: u0a71 -1m10s34ms com.oculus.appsafety/.AppSafetyService
01-06 22:11:58.291  2763  2763 D AppSafetyService: Service stopping
01-06 22:11:58.293   693   693 I netd    : firewallSetUidRule(2, 10071, 1) <0.02ms>
01-06 22:11:58.655   693   693 I netd    : firewallSetUidRule(2, 10071, 2) <0.03ms>
01-06 22:11:58.655  2242  8753 W OVRLibrary: null cursor received for query content://com.oculus.ocms.library/apps/com.YourCompany.PrototypeV4
01-06 22:11:59.456   862  1031 I chatty  : uid=1000(system) Binder:862_1 identical 67 lines
01-06 22:11:59.490   862  1031 W TrackingService: attachClient: found client in attached list
01-06 22:11:59.535   862  1634 W TrackingService: attachClient: found client in attached list
01-06 22:11:59.682   825  1223 I crash-uploader: [Crash Reporter Rate Limiting] reset data
01-06 22:11:59.785  1775  2837 I PerformanceManager_V0: SetClockLevels: Apply pending clock request change: 3,3 -> 2,3
01-06 22:11:59.786  1775  2833 I Clocks  : ReleaseClocks - start
01-06 22:11:59.787  1775  2833 I Clocks  : ReleaseClocks - end (0.9 ms)
01-06 22:11:59.787  1775  2833 I Clocks  : LockClocks( cpu=2, gpu=3 ) - start
01-06 22:11:59.787  1775  2833 I Clocks  : CPU levels [0, 4]
01-06 22:11:59.787  1775  2833 I Clocks  : GPU levels [0, 5]
01-06 22:11:59.787  1775  2833 I Clocks  : LockClocks( cpu=2, gpu=3 ) - end (0.4 ms)
01-06 22:12:00.027   862  1634 I chatty  : uid=1000(system) Binder:862_4 identical 13 lines
01-06 22:12:00.075   862  1634 W TrackingService: attachClient: found client in attached list
01-06 22:12:00.076   862  1031 W TrackingService: attachClient: found client in attached list
01-06 22:12:01.026   862  1031 I chatty  : uid=1000(system) Binder:862_1 identical 25 lines
01-06 22:12:01.046   862  1031 W TrackingService: attachClient: found client in attached list
01-06 22:12:01.093   862  1634 W TrackingService: attachClient: found client in attached list
01-06 22:12:01.925   862  1634 I chatty  : uid=1000(system) Binder:862_4 identical 23 lines
01-06 22:12:01.967   862  1634 W TrackingService: attachClient: found client in attached list
01-06 22:12:02.011   862  1031 W TrackingService: attachClient: found client in attached list
01-06 22:12:02.641   862  1031 I chatty  : uid=1000(system) Binder:862_1 identical 16 lines
01-06 22:12:02.683   862  1031 W TrackingService: attachClient: found client in attached list
01-06 22:12:02.685   862  1634 W TrackingService: attachClient: found client in attached list
01-06 22:12:02.807   862  1634 I chatty  : uid=1000(system) Binder:862_4 identical 3 lines
01-06 22:12:02.852   862  1634 W TrackingService: attachClient: found client in attached list
01-06 22:12:02.898   862  1031 W TrackingService: attachClient: found client in attached list
01-06 22:12:03.141   862  1031 I chatty  : uid=1000(system) Binder:862_1 identical 7 lines
01-06 22:12:03.185  1943  2154 W DeviceConfigUtil: Try to get config param "oculus_shared_social:oculus_messenger_reauth_removal" before Device Config has subscribed to the service.
01-06 22:12:03.186   862  1031 W TrackingService: attachClient: found client in attached list
01-06 22:12:03.193   862   862 W TrackingService: attachClient: found client in attached list
01-06 22:12:03.456   862   862 I chatty  : uid=1000(system) /system/bin/trackingservice identical 7 lines
01-06 22:12:03.499   862   862 W TrackingService: attachClient: found client in attached list
01-06 22:12:03.542   862  1031 W TrackingService: attachClient: found client in attached list
01-06 22:12:04.338   862  1031 I chatty  : uid=1000(system) Binder:862_1 identical 24 lines
01-06 22:12:04.377   862  1031 W TrackingService: attachClient: found client in attached list
01-06 22:12:04.378   862   862 W TrackingService: attachClient: found client in attached list
01-06 22:12:04.414  1775  8535 I CompositorVR: SetSchedFifo( tid=8418, pol=2, pri=0 ) succeeded
01-06 22:12:04.414  1775  8535 I CompositorVR: SetSchedFifo( tid=8666, pol=2, pri=0 ) succeeded
01-06 22:12:04.414  1775  8535 I CompositorVR: SetSchedFifo( tid=8669, pol=2, pri=0 ) succeeded
01-06 22:12:04.721  1775  8535 I CompositorVR: SetSchedFifo( tid=8418, pol=3, pri=0 ) succeeded
01-06 22:12:04.721  1775  8535 I CompositorVR: SetSchedFifo( tid=8666, pol=3, pri=0 ) succeeded
01-06 22:12:04.721  1775  8535 I CompositorVR: SetSchedFifo( tid=8669, pol=3, pri=0 ) succeeded
01-06 22:12:04.728  1775  2837 I PerformanceManager_V0: SetClockLevels: Apply pending clock request change: 2,3 -> 3,3
01-06 22:12:04.728  1775  2833 I Clocks  : ReleaseClocks - start
01-06 22:12:04.729  1775  2833 I Clocks  : ReleaseClocks - end (1.0 ms)
01-06 22:12:04.729  1775  2833 I Clocks  : LockClocks( cpu=3, gpu=3 ) - start
01-06 22:12:04.729  1775  2833 I Clocks  : CPU levels [0, 4]
01-06 22:12:04.729  1775  2833 I Clocks  : GPU levels [0, 5]
01-06 22:12:04.729  1775  2833 I Clocks  : LockClocks( cpu=3, gpu=3 ) - end (0.4 ms)
01-06 22:12:05.010  8387  8658 I chatty  : uid=10157(com.YourCompany.PrototypeV4) expire 14 lines
01-06 22:12:05.164   862   862 I chatty  : uid=1000(system) /system/bin/trackingservice identical 21 lines
01-06 22:12:05.208   862   862 W TrackingService: attachClient: found client in attached list
01-06 22:12:05.250   862  1031 W TrackingService: attachClient: found client in attached list
01-06 22:12:05.394   862  1031 I chatty  : uid=1000(system) Binder:862_1 identical 3 lines
01-06 22:12:05.439   862  1031 W TrackingService: attachClient: found client in attached list
01-06 22:12:05.442   862   862 W TrackingService: attachClient: found client in attached list
01-06 22:12:06.983  1775  2837 I PerformanceManager_V0: SetClockLevels: Apply pending clock request change: 3,3 -> 2,3
01-06 22:12:06.983  1775  2833 I Clocks  : ReleaseClocks - start
01-06 22:12:06.984  1775  2833 I Clocks  : ReleaseClocks - end (0.2 ms)
01-06 22:12:06.984  1775  2833 I Clocks  : LockClocks( cpu=2, gpu=3 ) - start
01-06 22:12:06.984  1775  2833 I Clocks  : CPU levels [0, 4]
01-06 22:12:06.984  1775  2833 I Clocks  : GPU levels [0, 5]
01-06 22:12:06.984  1775  2833 I Clocks  : LockClocks( cpu=2, gpu=3 ) - end (0.4 ms)
01-06 22:12:07.051   862   862 I chatty  : uid=1000(system) /system/bin/trackingservice identical 47 lines
01-06 22:12:07.081  1775  2837 E TREX    : Interface version 1 was not found. Check debug build for more information.
01-06 22:12:07.094   862   862 W TrackingService: attachClient: found client in attached list
01-06 22:12:07.096   862  1031 W TrackingService: attachClient: found client in attached list
01-06 22:12:07.499   862  1031 I chatty  : uid=1000(system) Binder:862_1 identical 10 lines
01-06 22:12:07.543   862  1031 W TrackingService: attachClient: found client in attached list
01-06 22:12:07.592   862   862 W TrackingService: attachClient: found client in attached list
01-06 22:12:07.760   862  1208 I chatty  : uid=1000(system) Mapper expire 50 lines
01-06 22:12:08.099   862   862 I chatty  : uid=1000(system) /system/bin/trackingservice identical 14 lines
01-06 22:12:08.147   862   862 W TrackingService: attachClient: found client in attached list
01-06 22:12:08.149   862  1031 W TrackingService: attachClient: found client in attached list
01-06 22:12:08.581   862  1031 I chatty  : uid=1000(system) Binder:862_1 identical 12 lines
01-06 22:12:08.626   862  1031 W TrackingService: attachClient: found client in attached list
01-06 22:12:08.630   862   862 W TrackingService: attachClient: found client in attached list
01-06 22:12:08.676   862  1031 W TrackingService: attachClient: found client in attached list
01-06 22:12:09.406   862  1031 I chatty  : uid=1000(system) Binder:862_1 identical 19 lines
01-06 22:12:09.407   862  1031 W TrackingService: attachClient: found client in attached list
01-06 22:12:09.449   862   862 W TrackingService: attachClient: found client in attached list
01-06 22:12:09.742  8387  8418 I chatty  : uid=10157(com.YourCompany.PrototypeV4) expire 14 lines
01-06 22:12:09.943  8039  8134 I chatty  : uid=10033(com.oculus.xrstreamingclient) SlamAnchorMem expire 622 lines
01-06 22:12:10.158   862  8523 I chatty  : uid=1000(system) IOTcam expire 45 lines
01-06 22:12:10.324   862  7828 I chatty  : uid=1000(system) CtrlTracking expire 14 lines
01-06 22:12:10.426   862   862 I chatty  : uid=1000(system) /system/bin/trackingservice identical 26 lines
01-06 22:12:10.427   862   862 W TrackingService: attachClient: found client in attached list
01-06 22:12:10.454   862  1031 W TrackingService: attachClient: found client in attached list
01-06 22:12:10.616   862  1031 I chatty  : uid=1000(system) Binder:862_1 identical 4 lines
01-06 22:12:10.632   862  1031 W TrackingService: attachClient: found client in attached list
01-06 22:12:10.634   862   862 W TrackingService: attachClient: found client in attached list
01-06 22:12:10.649  8039  8112 I chatty  : uid=10033(com.oculus.xrstreamingclient) xrsp-rt-read expire 22 lines
01-06 22:12:10.940   862   862 I chatty  : uid=1000(system) /system/bin/trackingservice identical 8 lines
01-06 22:12:10.981   862   862 W TrackingService: attachClient: found client in attached list
01-06 22:12:11.029   862  1031 W TrackingService: attachClient: found client in attached list
01-06 22:12:11.256   862  1031 I chatty  : uid=1000(system) Binder:862_1 identical 6 lines
01-06 22:12:11.268  2853  3581 I Telemetry: App memory usage: PSS=44 MiB, PrivateDirty=31 MiB, PrivateClean=5 MiB, GPU=3.9/4.1 MiB (96% allocated)
01-06 22:12:11.296   862  1031 W TrackingService: attachClient: found client in attached list
01-06 22:12:11.339   862   862 W TrackingService: attachClient: found client in attached list
01-06 22:12:11.485  3013  3013 D MetaCam (DeviceLifecycleManager): onCapabilitiesChanged(...). Has NET_CAPABILITY_VALIDATED.
01-06 22:12:11.486  3013  3013 D MetaCam (DeviceLifecycleManager): onCapabilitiesChanged(...). Has NET_CAPABILITY_VALIDATED.
01-06 22:12:11.488  8387  8779 I chatty  : uid=10157(com.YourCompany.PrototypeV4) expire 3 lines
01-06 22:12:12.258  1680  3413 I Telemetry: App memory usage: PSS=25 MiB, PrivateDirty=18 MiB, PrivateClean=1 MiB, GPU=3.3/3.5 MiB (95% allocated)
01-06 22:12:12.733   862   862 I chatty  : uid=1000(system) /system/bin/trackingservice identical 41 lines
01-06 22:12:12.744   862   862 W TrackingService: attachClient: found client in attached list
01-06 22:12:12.787   862  1031 W TrackingService: attachClient: found client in attached list
01-06 22:12:13.066   862  1031 I chatty  : uid=1000(system) Binder:862_1 identical 7 lines
01-06 22:12:13.109   862  1031 W TrackingService: attachClient: found client in attached list
01-06 22:12:13.112   862   862 W TrackingService: attachClient: found client in attached list
01-06 22:12:13.470   587   614 I SyncBossFW: 2521158 [info   ] {PERF}: cpu load cur=0.4554 min=0.0506 max=0.4810 avg=0.4011
01-06 22:12:13.581   862   862 I chatty  : uid=1000(system) /system/bin/trackingservice identical 12 lines
01-06 22:12:13.627   862   862 W TrackingService: attachClient: found client in attached list
01-06 22:12:13.628   862  1031 W TrackingService: attachClient: found client in attached list
01-06 22:12:13.635  2853  2954 I GuardianCollisionTracker: Guardian Controller Collision: Magnitude: 4.094, Duration: -1.000 sec, TimeStamp: 2523.626221 sec
01-06 22:12:13.719   862  1031 I chatty  : uid=1000(system) Binder:862_1 identical 2 lines
01-06 22:12:13.737  1943  2154 W DeviceConfigUtil: Try to get config param "oculus_shared_social:oculus_messenger_reauth_removal" before Device Config has subscribed to the service.
01-06 22:12:13.761   862  1031 W TrackingService: attachClient: found client in attached list
01-06 22:12:13.807   862   862 W TrackingService: attachClient: found client in attached list
01-06 22:12:14.301   862   862 I chatty  : uid=1000(system) /system/bin/trackingservice identical 15 lines
01-06 22:12:14.347   862   862 W TrackingService: attachClient: found client in attached list
01-06 22:12:14.349   862  1031 W TrackingService: attachClient: found client in attached list
01-06 22:12:14.507  3013  3013 D MetaCam (DeviceLifecycleManager): onCapabilitiesChanged(...). Has NET_CAPABILITY_VALIDATED.
01-06 22:12:14.510  3013  3013 D MetaCam (DeviceLifecycleManager): onCapabilitiesChanged(...). Has NET_CAPABILITY_VALIDATED.
01-06 22:12:14.513  8387  8787 I chatty  : uid=10157(com.YourCompany.PrototypeV4) expire 3 lines
01-06 22:12:14.549  8039  8121 I chatty  : uid=10033(com.oculus.xrstreamingclient) XRS_AudioData expire 10 lines
01-06 22:12:14.596   862  1031 I chatty  : uid=1000(system) Binder:862_1 identical 8 lines
01-06 22:12:14.603   862  8529 I chatty  : uid=1000(system) CtrllrCam expire 14 lines
01-06 22:12:14.645   862  1031 W TrackingService: attachClient: found client in attached list
01-06 22:12:14.689   862   862 W TrackingService: attachClient: found client in attached list
01-06 22:12:14.777   862   862 I chatty  : uid=1000(system) /system/bin/trackingservice identical 2 lines
01-06 22:12:14.824   862   862 W TrackingService: attachClient: found client in attached list
01-06 22:12:14.826   862  1031 W TrackingService: attachClient: found client in attached list
01-06 22:12:15.146   862  1031 I chatty  : uid=1000(system) Binder:862_1 identical 8 lines
01-06 22:12:15.193   862  1031 W TrackingService: attachClient: found client in attached list
01-06 22:12:15.236   862   862 W TrackingService: attachClient: found client in attached list
01-06 22:12:15.283   862   862 I chatty  : uid=1000(system) /system/bin/trackingservice identical 1 line
01-06 22:12:15.331   862   862 W TrackingService: attachClient: found client in attached list
01-06 22:12:15.374   862  1031 W TrackingService: attachClient: found client in attached list
01-06 22:12:15.506   862  7795 I chatty  : uid=1000(system) BoltWorkerThrea expire 4 lines
01-06 22:12:15.854   862  1031 I chatty  : uid=1000(system) Binder:862_1 identical 15 lines
01-06 22:12:15.890   862  1031 W TrackingService: attachClient: found client in attached list
01-06 22:12:15.937   862   862 W TrackingService: attachClient: found client in attached list
01-06 22:12:16.766   862   862 I chatty  : uid=1000(system) /system/bin/trackingservice identical 24 lines
01-06 22:12:16.804   862   862 W TrackingService: attachClient: found client in attached list
01-06 22:12:16.805   862  1031 W TrackingService: attachClient: found client in attached list
01-06 22:12:17.091  1775  2837 E TREX    : Interface version 1 was not found. Check debug build for more information.
01-06 22:12:17.530  3013  3013 D MetaCam (DeviceLifecycleManager): onCapabilitiesChanged(...). Has NET_CAPABILITY_VALIDATED.
01-06 22:12:17.531  3013  3013 D MetaCam (DeviceLifecycleManager): onCapabilitiesChanged(...). Has NET_CAPABILITY_VALIDATED.
01-06 22:12:17.533  8387  8794 I chatty  : uid=10157(com.YourCompany.PrototypeV4) expire 3 lines
01-06 22:12:18.007  8387  8658 I chatty  : uid=10157(com.YourCompany.PrototypeV4) expire 13 lines
01-06 22:12:18.296   862  1031 I chatty  : uid=1000(system) Binder:862_1 identical 40 lines
01-06 22:12:18.342   862  1031 W TrackingService: attachClient: found client in attached list
01-06 22:12:18.345   862   862 W TrackingService: attachClient: found client in attached list
01-06 22:12:18.386   862  1031 W TrackingService: attachClient: found client in attached list
01-06 22:12:18.421  8387  8387 I chatty  : uid=10157(com.YourCompany.PrototypeV4) expire 4 lines
01-06 22:12:19.511   862  1031 I chatty  : uid=1000(system) Binder:862_1 identical 29 lines
01-06 22:12:19.556   862  1031 W TrackingService: attachClient: found client in attached list
01-06 22:12:19.601   862   862 W TrackingService: attachClient: found client in attached list
01-06 22:12:19.857   862   862 I chatty  : uid=1000(system) /system/bin/trackingservice identical 7 lines
01-06 22:12:19.900   862   862 W TrackingService: attachClient: found client in attached list
01-06 22:12:19.920   862  1031 W TrackingService: attachClient: found client in attached list
01-06 22:12:20.314   862  1031 I chatty  : uid=1000(system) Binder:862_1 identical 11 lines
01-06 22:12:20.328   862  8524 I chatty  : uid=1000(system) TelCollector expire 6 lines
01-06 22:12:20.356   862  1031 W TrackingService: attachClient: found client in attached list
01-06 22:12:20.403   862   862 W TrackingService: attachClient: found client in attached list
01-06 22:12:20.415  2853  2954 I GuardianSystem: Environment Status changed: 34 to 98
01-06 22:12:20.431   862   862 W TrackingService: attachClient: found client in attached list
01-06 22:12:20.433   862  1634 W TrackingService: attachClient: found client in attached list
01-06 22:12:20.543  3013  3013 D MetaCam (DeviceLifecycleManager): onCapabilitiesChanged(...). Has NET_CAPABILITY_VALIDATED.
01-06 22:12:20.544  3013  3013 D MetaCam (DeviceLifecycleManager): onCapabilitiesChanged(...). Has NET_CAPABILITY_VALIDATED.
01-06 22:12:20.551  8387  8799 I chatty  : uid=10157(com.YourCompany.PrototypeV4) expire 3 lines
01-06 22:12:21.110   862  1634 I chatty  : uid=1000(system) Binder:862_4 identical 19 lines
01-06 22:12:21.157   862  1634 W TrackingService: attachClient: found client in attached list
01-06 22:12:21.160   862   862 W TrackingService: attachClient: found client in attached list
01-06 22:12:21.730   862   862 I chatty  : uid=1000(system) /system/bin/trackingservice identical 16 lines
01-06 22:12:21.765   862   862 W TrackingService: attachClient: found client in attached list
01-06 22:12:21.807   862  1031 W TrackingService: attachClient: found client in attached list
01-06 22:12:21.846   862  1031 I chatty  : uid=1000(system) Binder:862_1 identical 1 line
01-06 22:12:21.888   862  1031 W TrackingService: attachClient: found client in attached list
01-06 22:12:21.891   862   862 W TrackingService: attachClient: found client in attached list
01-06 22:12:21.930   862  1031 W TrackingService: attachClient: found client in attached list
01-06 22:12:23.099  1050  3494 D WificondControl: Scan result ready event
01-06 22:12:23.592   862  1031 I chatty  : uid=1000(system) Binder:862_1 identical 46 lines
01-06 22:12:23.637   862  1031 W TrackingService: attachClient: found client in attached list
01-06 22:12:23.643   862   862 W TrackingService: attachClient: found client in attached list
01-06 22:12:24.286  1943  2154 W DeviceConfigUtil: Try to get config param "oculus_shared_social:oculus_messenger_reauth_removal" before Device Config has subscribed to the service.
01-06 22:12:24.514  2853  2853 W guardianservice: type=1400 audit(0.0:9624): avc: denied " {" read" } for " name="u:object_r:vendor_board_init_prop:s0" dev="tmpfs" ino=3401 scontext=u:r:priv_app:s0:c512,c768 tcontext=u:object_r:vendor_board_init_prop:s0 tclass=file permissive=0
01-06 22:12:24.514  2853  2853 W guardianservice: type=1400 audit(0.0:9625): avc: denied " {" read" } for " name="u:object_r:vendor_board_init_prop:s0" dev="tmpfs" ino=3401 scontext=u:r:priv_app:s0:c512,c768 tcontext=u:object_r:vendor_board_init_prop:s0 tclass=file permissive=0
01-06 22:12:24.514  2853  2853 I chatty  : uid=10079(com.oculus.guardian) com.oculus.vrguardianservice identical 3 lines
01-06 22:12:24.514  2853  2853 W guardianservice: type=1400 audit(0.0:9629): avc: denied " {" read" } for " name="u:object_r:vendor_board_init_prop:s0" dev="tmpfs" ino=3401 scontext=u:r:priv_app:s0:c512,c768 tcontext=u:object_r:vendor_board_init_prop:s0 tclass=file permissive=0
01-06 22:12:24.520  2853  2951 E libc    : Access denied finding property "ro.vendor.product.model_extended"
01-06 22:12:24.520  2853  2951 E libc    : Access denied finding property "ro.vendor.product.model_extended"
01-06 22:12:24.523  2853  2951 E libc    : Access denied finding property "ro.vendor.product.model_extended"
01-06 22:12:24.523  2853  2951 I chatty  : uid=10079(com.oculus.guardian) com.oculus.vrguardianservice identical 3 lines
01-06 22:12:24.524  2853  2951 E libc    : Access denied finding property "ro.vendor.product.model_extended"
01-06 22:12:24.680  1050  1083 W ActivityManager: Stopping service due to app idle: u0a46 -1m7s610ms com.oculus.socialplatform/.partyservice.PartyService
01-06 22:12:24.755  1775  8535 I CompositorVR: SetSchedFifo( tid=8418, pol=2, pri=0 ) succeeded
01-06 22:12:24.755  1775  8535 I CompositorVR: SetSchedFifo( tid=8666, pol=2, pri=0 ) succeeded
01-06 22:12:24.755  1775  8535 I CompositorVR: SetSchedFifo( tid=8669, pol=2, pri=0 ) succeeded
01-06 22:12:25.012  1617  1829 D DeviceCertLibrary: verifyKeyForCurrentSecureState for device_registration_key returned status: 0
01-06 22:12:25.013  1617  1829 D DeviceCertLibrary: containsAlias for device_registration_key received status: 0
01-06 22:12:25.028  8387  8418 I chatty  : uid=10157(com.YourCompany.PrototypeV4) expire 36 lines
01-06 22:12:25.065   862  8523 I chatty  : uid=1000(system) IOTcam expire 10 lines
01-06 22:12:25.067   862   862 I chatty  : uid=1000(system) /system/bin/trackingservice identical 38 lines
01-06 22:12:25.111   862   862 W TrackingService: attachClient: found client in attached list
01-06 22:12:25.157   862  1031 W TrackingService: attachClient: found client in attached list
01-06 22:12:25.256  1775  8535 I CompositorVR: SetSchedFifo( tid=8418, pol=3, pri=0 ) succeeded
01-06 22:12:25.256  1775  8535 I CompositorVR: SetSchedFifo( tid=8666, pol=3, pri=0 ) succeeded
01-06 22:12:25.256  1775  8535 I CompositorVR: SetSchedFifo( tid=8669, pol=3, pri=0 ) succeeded
01-06 22:12:25.263  1775  2837 I PerformanceManager_V0: SetClockLevels: Apply pending clock request change: 2,3 -> 3,3
01-06 22:12:25.263  1775  2833 I Clocks  : ReleaseClocks - start
01-06 22:12:25.264  1775  2833 I Clocks  : ReleaseClocks - end (0.2 ms)
01-06 22:12:25.264  1775  2833 I Clocks  : LockClocks( cpu=3, gpu=3 ) - start
01-06 22:12:25.264  1775  2833 I Clocks  : CPU levels [0, 4]
01-06 22:12:25.264  1775  2833 I Clocks  : GPU levels [0, 5]
01-06 22:12:25.264  1775  2833 I Clocks  : LockClocks( cpu=3, gpu=3 ) - end (0.4 ms)
01-06 22:12:25.637   862  1031 I chatty  : uid=1000(system) Binder:862_1 identical 13 lines
01-06 22:12:25.679   862  1031 W TrackingService: attachClient: found client in attached list
01-06 22:12:25.727   862   862 W TrackingService: attachClient: found client in attached list
01-06 22:12:25.773   862   862 I chatty  : uid=1000(system) /system/bin/trackingservice identical 2 lines
01-06 22:12:25.811   862   862 W TrackingService: attachClient: found client in attached list
01-06 22:12:25.854   862  1031 W TrackingService: attachClient: found client in attached list
01-06 22:12:26.205   862  1208 I chatty  : uid=1000(system) Mapper expire 4 lines
01-06 22:12:26.579  3013  3013 D MetaCam (DeviceLifecycleManager): onCapabilitiesChanged(...). Has NET_CAPABILITY_VALIDATED.
01-06 22:12:26.581  3013  3013 D MetaCam (DeviceLifecycleManager): onCapabilitiesChanged(...). Has NET_CAPABILITY_VALIDATED.
01-06 22:12:26.584  8387  8815 I chatty  : uid=10157(com.YourCompany.PrototypeV4) expire 3 lines
01-06 22:12:26.669   862  1031 I chatty  : uid=1000(system) Binder:862_1 identical 23 lines
01-06 22:12:26.704   862  1031 W TrackingService: attachClient: found client in attached list
01-06 22:12:26.708   862   862 W TrackingService: attachClient: found client in attached list
01-06 22:12:27.101  1775  2837 E TREX    : Interface version 1 was not found. Check debug build for more information.
01-06 22:12:27.139   862  7828 I chatty  : uid=1000(system) CtrlTracking expire 4 lines
01-06 22:12:27.427   862   862 I chatty  : uid=1000(system) /system/bin/trackingservice identical 19 lines
01-06 22:12:27.433   862   862 W TrackingService: attachClient: found client in attached list
01-06 22:12:27.439   862  1031 W TrackingService: attachClient: found client in attached list
01-06 22:12:27.505  1775  2837 I PerformanceManager_V0: SetClockLevels: Apply pending clock request change: 3,3 -> 2,3
01-06 22:12:27.505  1775  2833 I Clocks  : ReleaseClocks - start
01-06 22:12:27.505  1775  2833 I Clocks  : ReleaseClocks - end (0.6 ms)
01-06 22:12:27.505  1775  2833 I Clocks  : LockClocks( cpu=2, gpu=3 ) - start
01-06 22:12:27.506  1775  2833 I Clocks  : CPU levels [0, 4]
01-06 22:12:27.506  1775  2833 I Clocks  : GPU levels [0, 5]
01-06 22:12:27.506  1775  2833 I Clocks  : LockClocks( cpu=2, gpu=3 ) - end (0.9 ms)
01-06 22:12:27.523   862  1031 I chatty  : uid=1000(system) Binder:862_1 identical 2 lines
01-06 22:12:27.566   862  1031 W TrackingService: attachClient: found client in attached list
01-06 22:12:27.613   862   862 W TrackingService: attachClient: found client in attached list
01-06 22:12:27.892   862   862 I chatty  : uid=1000(system) /system/bin/trackingservice identical 8 lines
01-06 22:12:27.922   862   862 W TrackingService: attachClient: found client in attached list
01-06 22:12:27.924   862  1031 W TrackingService: attachClient: found client in attached list
01-06 22:12:28.546   862  1031 I chatty  : uid=1000(system) Binder:862_1 identical 19 lines
01-06 22:12:28.586   862  1031 W TrackingService: attachClient: found client in attached list
01-06 22:12:28.589   862   862 W TrackingService: attachClient: found client in attached list
01-06 22:12:28.774   862   862 I chatty  : uid=1000(system) /system/bin/trackingservice identical 5 lines
01-06 22:12:28.816   862   862 W TrackingService: attachClient: found client in attached list
01-06 22:12:28.818   862  1031 W TrackingService: attachClient: found client in attached list
01-06 22:12:28.982   862  1031 I chatty  : uid=1000(system) Binder:862_1 identical 5 lines
01-06 22:12:29.027   862  1031 W TrackingService: attachClient: found client in attached list
01-06 22:12:29.029   862   862 W TrackingService: attachClient: found client in attached list
01-06 22:12:29.591   862   862 I chatty  : uid=1000(system) /system/bin/trackingservice identical 15 lines
01-06 22:12:29.597   862   862 W TrackingService: attachClient: found client in attached list
01-06 22:12:29.607  3013  3013 D MetaCam (DeviceLifecycleManager): onCapabilitiesChanged(...). Has NET_CAPABILITY_VALIDATED.
01-06 22:12:29.608  3013  3013 D MetaCam (DeviceLifecycleManager): onCapabilitiesChanged(...). Has NET_CAPABILITY_VALIDATED.
01-06 22:12:29.615  8387  8820 I chatty  : uid=10157(com.YourCompany.PrototypeV4) expire 3 lines
01-06 22:12:29.646   862  1031 W TrackingService: attachClient: found client in attached list
01-06 22:12:29.980   862  1031 I chatty  : uid=1000(system) Binder:862_1 identical 9 lines
01-06 22:12:30.008  8387  8658 I chatty  : uid=10157(com.YourCompany.PrototypeV4) expire 12 lines
01-06 22:12:30.026   862  1031 W TrackingService: attachClient: found client in attached list
01-06 22:12:30.028   862   862 W TrackingService: attachClient: found client in attached list
01-06 22:12:30.108   862   862 I chatty  : uid=1000(system) /system/bin/trackingservice identical 2 lines
01-06 22:12:30.150   862   862 W TrackingService: attachClient: found client in attached list
01-06 22:12:30.196   862  1031 W TrackingService: attachClient: found client in attached list
01-06 22:12:30.241   862  1031 W TrackingService: attachClient: found client in attached list
01-06 22:12:30.285   862   862 W TrackingService: attachClient: found client in attached list
01-06 22:12:30.403   862  8529 I chatty  : uid=1000(system) CtrllrCam expire 2 lines
01-06 22:12:30.750   862   862 I chatty  : uid=1000(system) /system/bin/trackingservice identical 15 lines
01-06 22:12:30.795   862   862 W TrackingService: attachClient: found client in attached list
01-06 22:12:30.836   862  1031 W TrackingService: attachClient: found client in attached list
01-06 22:12:31.213   862  1031 I chatty  : uid=1000(system) Binder:862_1 identical 10 lines
01-06 22:12:31.259   862  1031 W TrackingService: attachClient: found client in attached list
01-06 22:12:31.260   862   862 W TrackingService: attachClient: found client in attached list
01-06 22:12:31.270  2853  3581 I Telemetry: App memory usage: PSS=44 MiB, PrivateDirty=31 MiB, PrivateClean=5 MiB, GPU=3.9/4.1 MiB (96% allocated)
01-06 22:12:31.346   862   862 I chatty  : uid=1000(system) /system/bin/trackingservice identical 2 lines
01-06 22:12:31.380   862   862 W TrackingService: attachClient: found client in attached list
01-06 22:12:31.408   862  1031 W TrackingService: attachClient: found client in attached list
01-06 22:12:31.962   862  1031 I chatty  : uid=1000(system) Binder:862_1 identical 15 lines
01-06 22:12:32.010   862  1031 W TrackingService: attachClient: found client in attached list
01-06 22:12:32.012   862   862 W TrackingService: attachClient: found client in attached list
01-06 22:12:32.013  8039  8134 I chatty  : uid=10033(com.oculus.xrstreamingclient) SlamAnchorMem expire 418 lines
01-06 22:12:32.260  1680  3413 I Telemetry: App memory usage: PSS=25 MiB, PrivateDirty=18 MiB, PrivateClean=1 MiB, GPU=3.3/3.5 MiB (95% allocated)
01-06 22:12:32.370  1775  8535 I CompositorVR: SetSchedFifo( tid=8418, pol=2, pri=0 ) succeeded
01-06 22:12:32.370  1775  8535 I CompositorVR: SetSchedFifo( tid=8666, pol=2, pri=0 ) succeeded
01-06 22:12:32.370  1775  8535 I CompositorVR: SetSchedFifo( tid=8669, pol=2, pri=0 ) succeeded
01-06 22:12:32.630  3013  3013 D MetaCam (DeviceLifecycleManager): onCapabilitiesChanged(...). Has NET_CAPABILITY_VALIDATED.
01-06 22:12:32.631  3013  3013 D MetaCam (DeviceLifecycleManager): onCapabilitiesChanged(...). Has NET_CAPABILITY_VALIDATED.
01-06 22:12:32.633  8387  8827 I chatty  : uid=10157(com.YourCompany.PrototypeV4) expire 3 lines
01-06 22:12:32.704  1775  8535 I CompositorVR: SetSchedFifo( tid=8418, pol=3, pri=0 ) succeeded
01-06 22:12:32.704  1775  8535 I CompositorVR: SetSchedFifo( tid=8666, pol=3, pri=0 ) succeeded
01-06 22:12:32.705  1775  8535 I CompositorVR: SetSchedFifo( tid=8669, pol=3, pri=0 ) succeeded
01-06 22:12:32.712  1775  2837 I PerformanceManager_V0: SetClockLevels: Apply pending clock request change: 2,3 -> 3,3
