01-04 23:57:15.105  3169  3169 D [SUI] SettingsAssistantJsonBuilder: Settings JSON: {"settings":[{"id":"about","type":"void","mutable":false,"queryable":false,"route":"systemux:\/\/settings\/about"},{"id":"auto sleep","type":"void","mutable":false,"queryable":false,"route":"systemux:\/\/settings\/power?setting=auto_sleep_time","parent":"power"},{"id":"auto wake","type":"void","mutable":false,"queryable":false,"route":"systemux:\/\/settings\/power?setting=auto_wake","parent":"power"},{"id":"bluetooth pairing","type":"void","mutable":false,"queryable":false,"route":"systemux:\/\/settings\/bluetooth?setting=bluetooth_pairing","parent":"bluetooth"},{"id":"boundary color","type":"void","mutable":false,"queryable":false,"route":"systemux:\/\/settings\/guardian_general?setting=guardian_customization_boundary_color_config","parent":"guardian"},{"id":"bug report","type":"void","mutable":false,"queryable":false,"route":"systemux:\/\/bug_report","parent":"about"},{"id":"controllers","type":"void","mutable":false,"queryable":false,"route":"systemux:\/\/settings\/controllers"},{"id":"display","type":"void","mutable":false,"queryable":false,"route":"systemux:\/\/settings\/display"},{"id":"do not disturb","type":"void","mutable":false,"queryable":false,"route":"systemux:\/\/settings\/do_not_disturb?setting=do_not_disturb","parent":"do not disturb"},{"id":"environment","type":"void","mutable":false,"queryable":false,"route":"systemux:\/\/settings\/environment"},{"id":"experimental","type":"void","mutable":false,"queryable":false,"route":"systemux:\/\/settings\/experiments"},{"id":"floor level","type":"void","mutable":false,"queryable":false,"route":"systemux:\/\/guardian\/guardian-adjust-floor","parent":"guardian"},{"id":"glanceable boundary","type":"void","mutable":false,"queryable":false,"route":"systemux:\/\/settings\/guardian_roomscale?setting=guardian_enable_glanceable_bounds","parent":"guardian"},{"id":"guardian","type":"void","mutable":false,"queryable":false,"route":"systemux:\/\/settings\/guardian_general"},{"id":"guardian history","type":"void","mutable":false,"queryable":false,"route":"systemux:\/\/settings\/guardian_general?setting=guardian_clear_history","parent":"guardian"},{"id":"guardian passthrough","type":"void","mutable":false,"queryable":false,"route":"systemux:\/\/settings\/guardian_general?setting=passthrough_on_demand","parent":"guardian"},{"id":"hand tracking","type":"void","mutable":false,"queryable":false,"route":"systemux:\/\/settings\/hands?setting=hands_hand_tracking","parent":"hands"},{"id":"health and safety","type":"void","mutable":false,"queryable":false,"route":"systemux:\/\/health_and_safety_video","parent":"about"},{"id":"language","type":"void","mutable":false,"queryable":false,"route":"systemux:\/\/settings\/language_and_region?setting=language","parent":"language and region"},{"id":"long press","type":"void","mutable":false,"queryable":false,"route":"systemux:\/\/settings\/controllers?setting=controllers_oculus_button_long_press","parent":"controllers"},{"id":"mac address","type":"void","mutable":false,"queryable":false,"route":"systemux:\/\/settings\/about?setting=about_mac_address","parent":"about"},{"id":"microphone","type":"void","mutable":false,"queryable":false,"route":"systemux:\/\/settings\/sound?setting=microphone","parent":"sound"},{"id":"night shift","type":"void","mutable":false,"queryable":false,"route":"systemux:\/\/settings\/display?setting=night_shift","parent":"display"},{"id":"notifications","type":"void","mutable":false,"queryable":false,"route":"systemux:\/\/settings\/notifications"},{"id":"os version","type":"void","mutable":false,"queryable":false,"route":"systemux:\/\/settings\/software_update?setting=os_version","parent":"about"},{"id":"permissions","type":"void","mutable":false,"queryable":false,"route":"systemux:\/\/settings\/permissions"},{"id":"power","type":"void","mutable":false,"queryable":false,"route":"systemux:\/\/settings\/power"},{"id":"privacy policy","type":"void","mutable":false,"queryable":false,"route":"systemux:\/\/settings\/about?setting=about_privacy_policy",
01-04 23:57:15.107  3169  3169 D [SUI] AnytimeUIAndroidPanelApp: Stored settings in pref store in 1953542 ns
01-04 23:57:15.108  1779  4908 I CompositorVR: WarpToScreen: Skipping frames for 8
01-04 23:57:15.109  3169  3169 I PresenceAPK(ServiceApiManager): Trying to bind to presence service API.
01-04 23:57:15.112  2902  2996 I GuardianCollisionTracker: Guardian Controller Collision: Magnitude: 17.845, Duration: -1.000 sec, TimeStamp: 914.359497 sec
01-04 23:57:15.119  1779  4908 I CompositorVR: WarpToScreen: Skipping frames for 8
01-04 23:57:15.121  1048  1072 W InputReader: Device has associated, but no associated display id.
01-04 23:57:15.128  1048  1074 W InputReader: Device has associated, but no associated display id.
01-04 23:57:15.128  1048  1074 I ActivityTaskManager: Override config changes=20005df8 {0.0 ?mcc?mnc ?localeList ?layoutDir sw88dp w672dp h88dp 200dpi nrml long land ?uimode ?night -touch qwerty/v/v -nav/h winConfig={ mBounds=Rect(0, 0 - 840, 110) mAppBounds=Rect(0, 0 - 840, 110) mWindowingMode=fullscreen mDisplayWindowingMode=fullscreen mActivityType=undefined mAlwaysOnTop=undefined mRotation=ROTATION_0}} for displayId=36
01-04 23:57:15.130   849  1217 W TrackingService: attachClient: found client in attached list
01-04 23:57:15.130  1779  4908 I CompositorVR: WarpToScreen: Skipping frames for 8
01-04 23:57:15.131  4271  4393 E OsSdk   : error getting shared memory region, memory type: HeadTracker, failed with Status(-1, EX_SECURITY): 'requested shared memory region when not registered/focused'
01-04 23:57:15.135  3169  3169 D PresenceAPK(PresenceClient): setEventListener id=AnchoredHomeGroup
01-04 23:57:15.135  3169  3169 I PresenceAPK(GroupManager): addListener for id AnchoredHomeGroup
01-04 23:57:15.136  3169  3169 I PanelService: BEGIN: nativeInitializePanelInstance - Configure and set up thread polling.
01-04 23:57:15.136  3169  3169 I PanelService: BEGIN: Call hosted app's Configure method.
01-04 23:57:15.136  3169  3169 I PanelService: END: Call hosted app's Configure method.
01-04 23:57:15.136  3169  3169 I PanelService: END: nativeInitializePanelInstance - Add fd 86 to looper with error code 1
01-04 23:57:15.136  3169  3169 D PanelAppClient: END: Initializing panel application via MSG_CREATE_PANEL_APP.
01-04 23:57:15.136  3169  3169 I AndroidPanelApp: Processing next frame action "layerShow" for layer "#main"
01-04 23:57:15.142  1779  4908 I CompositorVR: WarpToScreen: Skipping frames for 8
01-04 23:57:15.143  3169  5503 D NotificationsBadgeLiveData: MessageBadgeData, pullAndCheckNotifs, old data source notif count: 1, oc chats count: 0, messenger count: 0
01-04 23:57:15.145  3151  3219 I [SEO] PanelRenderLayer: ResetSurface #main 0 x 0 - shape:0 stereo:0
01-04 23:57:15.148  1048  5412 E WindowManager: App trying to use insecure INPUT_FEATURE_NO_INPUT_CHANNEL flag. Ignoring
01-04 23:57:15.150  3169  3169 I [SUI] AnytimeUIAndroidPanelApp: Bar visibility changed to true
01-04 23:57:15.151  3169  3169 I [SUI] AnytimeUIAndroidPanelApp: updateGuardianConfig - 1 - 0.44444448
01-04 23:57:15.151  3169  3169 I [SUI] AnytimeUIAndroidPanelApp: updateGuardianConfig - 2 - 0.21500002
01-04 23:57:15.151  3169  3169 I [SUI] AnytimeUIAndroidPanelApp: updateGuardianConfig - 5 - 0.05
01-04 23:57:15.151  3169  3169 I [SUI] AnytimeUIAndroidPanelApp: updateGuardianConfig - 6 - 0.49999997
01-04 23:57:15.151  3169  3169 I [SUI] AnytimeUIAndroidPanelApp: updateGuardianConfig - 7 - 0.4
01-04 23:57:15.151  3169  3169 I [SUI] AnytimeUIAndroidPanelApp: updateGuardianConfig - 8 - 0.0
01-04 23:57:15.151  3169  3169 I [SUI] AnytimeUIAndroidPanelApp: updateGuardianConfig - 10 - 0.0
01-04 23:57:15.151  3169  3169 I [SUI] AnytimeUIAndroidPanelApp: updateGuardianConfig - 12 - 0.0
01-04 23:57:15.151  3169  3169 I [SUI] AnytimeUIAndroidPanelApp: updateGuardianConfig - 13 - 0.5
01-04 23:57:15.151  3169  3169 I [SUI] AnytimeUIAndroidPanelApp: updateGuardianConfig - 14 - 0.0
01-04 23:57:15.151  3169  3169 I [SUI] AnytimeUIAndroidPanelApp: updateGuardianConfig - 15 - 0.0
01-04 23:57:15.151  3169  3169 I [SUI] AnytimeUIAndroidPanelApp: updateGuardianConfig - 16 - 0.0
01-04 23:57:15.151  3169  3169 I [SUI] AnytimeUIAndroidPanelApp: updateGuardianConfig - 17 - 0.0
01-04 23:57:15.151  3169  3169 I [SUI] AnytimeUIAndroidPanelApp: updateGuardianConfig - 18 - 0.5
01-04 23:57:15.151  3169  3169 I [SUI] AnytimeUIAndroidPanelApp: updateGuardianConfig - 19 - 0.0
01-04 23:57:15.151  3169  3169 I [SUI] AnytimeUIAndroidPanelApp: updateGuardianConfig - 20 - 0.0
01-04 23:57:15.151  3169  3169 I [SUI] AnytimeUIAndroidPanelApp: updateGuardianConfig - 21 - 0.0
01-04 23:57:15.151  3169  3169 I [SUI] AnytimeUIAndroidPanelApp: updateGuardianConfig - 22 - 0.0
01-04 23:57:15.151  3169  3169 I [SUI] AnytimeUIAndroidPanelApp: updateGuardianConfig - 23 - 2.0
01-04 23:57:15.151  3169  3169 I [SUI] AnytimeUIAndroidPanelApp: updateGuardianConfig - 24 - 0.25
01-04 23:57:15.151  3169  3169 I [SUI] AnytimeUIAndroidPanelApp: updateGuardianConfig - 26 - 0.0
01-04 23:57:15.151  3169  3169 I [SUI] AnytimeUIAndroidPanelApp: updateGuardianConfig - 28 - 1.0
01-04 23:57:15.151  1048  1074 I DisplayManagerService: Display device changed state: "com.oculus.android_panel_app.AndroidPanelLayer-#main", ON
01-04 23:57:15.151  3169  3169 I AndroidPanelApp: Processing pending hide layer for layer #main.
01-04 23:57:15.151  3169  3169 I AndroidPanelApp: Processing pending show layer info for layer #main with width 840 and height 110.
01-04 23:57:15.151  3169  3169 I AndroidPanelApp: layerSupersample no changes
01-04 23:57:15.151  3169  3169 D [SUI] AnytimeUIAndroidPanelApp: Received appStatus from VrShell: []
01-04 23:57:15.153  1779  4908 I CompositorVR: WarpToScreen: Skipping frames for 8
01-04 23:57:15.164  1779  4908 I CompositorVR: WarpToScreen: Skipping frames for 8
01-04 23:57:15.173  2129  3004 I [OAO] PanelAppAnalytics: First frame latency: 1.320 for id 7 com.oculus.systemux/com.oculus.panelapp.anytimeui.AnytimeUIAndroidPanelService
01-04 23:57:15.173  2129  3004 I [OAO] LayerSwapChainResource: LayerSwapChainResource 840,110 : 2
01-04 23:57:15.173  2129  3004 I [OAO] SwapChainApiOpenXr: CreateTextureSwapChain 840,110 - 2
01-04 23:57:15.173   849  1217 W TrackingService: attachClient: found client in attached list
01-04 23:57:15.174  1779  2987 I VrRuntimeService: CreateSwapChain: 1526759343
01-04 23:57:15.174  1779  2987 I VrRuntimeService: CreateSwapChain: api:gles 0 0x8c43 840 110 10 2 1 0 3
01-04 23:57:15.174  4271  4393 E OsSdk   : error getting shared memory region, memory type: HeadTracker, failed with Status(-1, EX_SECURITY): 'requested shared memory region when not registered/focused'
01-04 23:57:15.174  1779  2987 I VrRuntimeServer: CreateTextureSwapChain: result importswapchaingles 1
01-04 23:57:15.175   849   849 W TrackingService: attachClient: found client in attached list
01-04 23:57:15.175  1779  4908 I CompositorVR: WarpToScreen: Skipping frames for 8
01-04 23:57:15.176  4271  4393 E OsSdk   : error getting shared memory region, memory type: AnchorTracker, failed with Status(-1, EX_SECURITY): 'requested shared memory region when not registered/focused'
01-04 23:57:15.181  2129  3004 I [OAO] SwapChainApiOpenXr: Swapchain created: 840,110 - 2
01-04 23:57:15.181  1779  2987 I VrRuntimeService: UpdateSwapChainSamplerState: 202
01-04 23:57:15.181  1779  2987 I VrRuntimeService: UpdateSwapChainSamplerState: minFilter=1 magFilter=1 wrapModeS=3 warpModeT=3 maxAniso=1.000000 border={0.000000,0.000000,0.000000,0.000000} swizzle={0,1,2,3}
01-04 23:57:15.186  1779  4908 I CompositorVR: WarpToScreen: Skipping frames for 8
01-04 23:57:15.191  3169  3169 W OVRLibrary: null cursor received for query content://com.oculus.ocms.library/apps/com.YourCompany.PrototypeV4
01-04 23:57:15.197  1779  4908 I CompositorVR: WarpToScreen: Skipping frames for 8
01-04 23:57:15.208  1779  4908 I CompositorVR: WarpToScreen: Skipping frames for 8
01-04 23:57:15.213  3169  3169 W OVRLibrary: null cursor received for query content://com.oculus.ocms.library/apps/com.oculus.xrstreamingclient
01-04 23:57:15.217  1923  5524 D CCodec  : allocate(c2.android.vorbis.decoder)
01-04 23:57:15.217   835  4851 V C2Store : in init
01-04 23:57:15.217   835  4851 V C2Store : loading dll
01-04 23:57:15.219   849  4917 I [CT]    : VIPER: Mode=SuperVega,Status=6DoF,TRACKING,Inl=31,Mem=103.6,Jit=0.1mm,Issues(Cam/min=0.0,IMU/min=0.0),Exp=(14.0ms,g=15.0,I=60,Ir=287.5)(14.0ms,g=15.0,I=81,Ir=386.8)(14.0ms,g=15.0,I=82,Ir=394.2)(12.0ms,g=14.0,I=73,Ir=440.3)
01-04 23:57:15.219   849  4917 W [CT]    : VIPER: Images too dark, Environment trending to dark, 
01-04 23:57:15.220  1779  4908 I CompositorVR: WarpToScreen: Skipping frames for 8
01-04 23:57:15.222  1923  5524 I CCodec  : Created component [c2.android.vorbis.decoder]
01-04 23:57:15.222  1923  5524 D CCodecConfig: read media type: audio/vorbis
01-04 23:57:15.223  4271  4393 E OsSdk   : error getting shared memory region, memory type: HeadTracker, failed with Status(-1, EX_SECURITY): 'requested shared memory region when not registered/focused'
01-04 23:57:15.225  1923  5524 D ReflectedParamUpdater: extent() != 1 for single value type: algo.buffers.max-count.values
01-04 23:57:15.225  1923  5524 D ReflectedParamUpdater: extent() != 1 for single value type: output.subscribed-indices.values
01-04 23:57:15.225  1923  5524 D ReflectedParamUpdater: extent() != 1 for single value type: input.buffers.allocator-ids.values
01-04 23:57:15.225  1923  5524 D ReflectedParamUpdater: extent() != 1 for single value type: output.buffers.allocator-ids.values
01-04 23:57:15.226  1923  5524 D ReflectedParamUpdater: extent() != 1 for single value type: algo.buffers.allocator-ids.values
01-04 23:57:15.226  1923  5524 D ReflectedParamUpdater: extent() != 1 for single value type: output.buffers.pool-ids.values
01-04 23:57:15.226  1923  5524 D ReflectedParamUpdater: extent() != 1 for single value type: algo.buffers.pool-ids.values
01-04 23:57:15.226  1923  5524 I CCodecConfig: query failed after returning 7 values (BAD_INDEX)
01-04 23:57:15.226  1923  5524 D CCodecConfig: c2 config diff is Dict {
01-04 23:57:15.226  1923  5524 D CCodecConfig:   c2::u32 coded.bitrate.value = 64000
01-04 23:57:15.226  1923  5524 D CCodecConfig:   c2::u32 input.buffers.max-size.value = 32768
01-04 23:57:15.226  1923  5524 D CCodecConfig:   c2::u32 input.delay.value = 0
01-04 23:57:15.226  1923  5524 D CCodecConfig:   string input.media-type.value = "audio/vorbis"
01-04 23:57:15.226  1923  5524 D CCodecConfig:   string output.media-type.value = "audio/raw"
01-04 23:57:15.226  1923  5524 D CCodecConfig:   c2::u32 raw.channel-count.value = 1
01-04 23:57:15.226  1923  5524 D CCodecConfig:   c2::u32 raw.sample-rate.value = 48000
01-04 23:57:15.226  1923  5524 D CCodecConfig: }
01-04 23:57:15.227  1923  5524 D CCodecConfig: no c2 equivalents for durationUs
01-04 23:57:15.227  1923  5524 D CCodecConfig: no c2 equivalents for csd-1
01-04 23:57:15.227  1923  5524 D CCodecConfig: no c2 equivalents for track-id
01-04 23:57:15.227  1923  5524 D CCodecConfig: no c2 equivalents for channel-mask
01-04 23:57:15.227  1923  5524 D CCodecConfig: c2 config diff is   c2::u32 raw.channel-count.value = 2
01-04 23:57:15.227  1923  5524 D CCodecConfig:   c2::u32 raw.sample-rate.value = 44100
01-04 23:57:15.227  1923  5524 W Codec2Client: query -- param skipped: index = 1107298332.
01-04 23:57:15.227  1923  5524 D CCodec  : setup formats input: AMessage(what = 0x00000000) = {
01-04 23:57:15.227  1923  5524 D CCodec  :   int32_t channel-count = 2
01-04 23:57:15.227  1923  5524 D CCodec  :   int32_t max-input-size = 32768
01-04 23:57:15.227  1923  5524 D CCodec  :   string mime = "audio/vorbis"
01-04 23:57:15.227  1923  5524 D CCodec  :   int32_t sample-rate = 44100
01-04 23:57:15.227  1923  5524 D CCodec  : } and output: AMessage(what = 0x00000000) = {
01-04 23:57:15.227  1923  5524 D CCodec  :   int32_t channel-count = 2
01-04 23:57:15.227  1923  5524 D CCodec  :   string mime = "audio/raw"
01-04 23:57:15.227  1923  5524 D CCodec  :   int32_t sample-rate = 44100
01-04 23:57:15.227  1923  5524 D CCodec  :   int32_t channel-mask = 3
01-04 23:57:15.227  1923  5524 D CCodec  : }
01-04 23:57:15.231  1779  4908 I CompositorVR: WarpToScreen: Skipping frames for 8
01-04 23:57:15.239  3169  3169 W OVRLibrary: null cursor received for query content://com.oculus.ocms.library/apps/notifications_system_app
01-04 23:57:15.242  1779  4908 I CompositorVR: WarpToScreen: Skipping frames for 8
01-04 23:57:15.244  1923  5524 W Codec2Client: query -- param skipped: index = 1342179345.
01-04 23:57:15.244  1923  5524 W Codec2Client: query -- param skipped: index = 2415921170.
01-04 23:57:15.245  1923  5524 D CCodecBufferChannel: [c2.android.vorbis.decoder#667] Created input block pool with allocatorID 16 => poolID 27 - OK (0)
01-04 23:57:15.248  1923  5524 I CCodecBufferChannel: [c2.android.vorbis.decoder#667] Created output block pool with allocatorID 16 => poolID 44 - OK
01-04 23:57:15.248  1923  5524 D CCodecBufferChannel: [c2.android.vorbis.decoder#667] Configured output block pool ids 44 => OK
01-04 23:57:15.251   835  5525 D SimpleC2Component: Using output block pool with poolID 44 => got 44 - 0
01-04 23:57:15.253  1779  4908 I CompositorVR: WarpToScreen: Skipping frames for 8
01-04 23:57:15.260  1923  5524 D CCodecBufferChannel: [c2.android.vorbis.decoder#667] Discard frames from previous generation.
01-04 23:57:15.263  1923  5524 D CCodecBufferChannel: [c2.android.vorbis.decoder#667] Discard frames from previous generation.
01-04 23:57:15.264  1779  4908 I CompositorVR: WarpToScreen: Skipping frames for 8
01-04 23:57:15.265  3169  3169 W OVRLibrary: null cursor received for query content://com.oculus.ocms.library/apps/quick_settings_app
01-04 23:57:15.265   835  4851 D BufferPoolAccessor: Destruction - bufferpool2 0x2976605c30 cached: 0/0M, 0/0% in use; allocs: 0, 0% recycled; transfers: 0, 0% unfetced
01-04 23:57:15.267  4271  4393 E OsSdk   : error getting shared memory region, memory type: HeadTracker, failed with Status(-1, EX_SECURITY): 'requested shared memory region when not registered/focused'
01-04 23:57:15.267   835  4851 V C2Store : in ~ComponentModule
01-04 23:57:15.267   835  4851 V C2Store : unloading dll
01-04 23:57:15.275  1779  4908 I CompositorVR: WarpToScreen: Skipping frames for 8
01-04 23:57:15.278   686   944 I netd    : trafficSwapActiveStatsMap() <0.15ms>
01-04 23:57:15.280   686   944 I netd    : tetherGetStats() <0.69ms>
01-04 23:57:15.283  3169  3169 W OVRLibrary: null cursor received for query content://com.oculus.ocms.library/apps/com.YourCompany.TemplateProject3
01-04 23:57:15.286  1779  4908 I CompositorVR: WarpToScreen: Skipping frames for 8
01-04 23:57:15.298  1779  4908 I CompositorVR: WarpToScreen: Skipping frames for 8
01-04 23:57:15.304  3169  3169 W OVRLibrary: null cursor received for query content://com.oculus.ocms.library/apps/paused_app
01-04 23:57:15.308   686   944 I netd    : bandwidthSetGlobalAlert(2097152) <0.10ms>
01-04 23:57:15.309  1779  4908 I CompositorVR: WarpToScreen: Skipping frames for 8
01-04 23:57:15.311  4271  4393 E OsSdk   : error getting shared memory region, memory type: HeadTracker, failed with Status(-1, EX_SECURITY): 'requested shared memory region when not registered/focused'
01-04 23:57:15.319  3169  3169 W OVRLibrary: null cursor received for query content://com.oculus.ocms.library/apps/com.android.settings
01-04 23:57:15.320  1779  4908 I CompositorVR: WarpToScreen: Skipping frames for 8
01-04 23:57:15.324  3151  3219 I [SEO] PanelAppHost: Setting panel layer visibility of layer "#main" to invisible, panel 7 (com.oculus.systemux/com.oculus.panelapp.anytimeui.AnytimeUIAndroidPanelService)
01-04 23:57:15.324  3151  3219 I [SEO] PanelAppHost: Resize layer #main to size 840 x 110 shape: 1 stereo: 0, panel 7 (com.oculus.systemux/com.oculus.panelapp.anytimeui.AnytimeUIAndroidPanelService)
01-04 23:57:15.324  3151  3219 I [SEO] PanelRenderLayer: ResetSurface #main 840 x 110 - shape:1 stereo:0
01-04 23:57:15.325  3169  3169 I AndroidPanelApp: Processing next frame action "layerShow" for layer "#main"
01-04 23:57:15.327  1048  1074 I DisplayManagerService: Display device changed state: "com.oculus.android_panel_app.AndroidPanelLayer-#main", ON
01-04 23:57:15.331  1779  4908 I CompositorVR: WarpToScreen: Skipping frames for 8
01-04 23:57:15.338   849  4917 W [CT]    : VEGA:MAP_TRACKING_HM: [Throttled count=25] Map tracking did not run.
01-04 23:57:15.342  1779  4908 I CompositorVR: WarpToScreen: Skipping frames for 8
01-04 23:57:15.347  3151  3219 I [SEO] PanelAppAnalytics: First frame latency: 1.403 for id 7 com.oculus.systemux/com.oculus.panelapp.anytimeui.AnytimeUIAndroidPanelService
01-04 23:57:15.347  3151  3219 I [SEO] LayerSwapChainResource: LayerSwapChainResource 840,110 : 3
01-04 23:57:15.347  1779  3112 I VrRuntimeService: CreateSwapChain: 4270730902
01-04 23:57:15.347  1779  3112 I VrRuntimeService: CreateSwapChain: api:vk 0 0x2b 840 110 10 3 1 4 3
01-04 23:57:15.347  1779  3112 W SwapChain_Vulkan: CreateTextureSwapChainFoveationVulkan: ShouldCreateFragmentDensityMap: false
01-04 23:57:15.347  1779  3112 W SwapChain_Vulkan: ExportTextureResourcesFoveationVulkan: chain->VkInteropFoveation.Device == nullptr
01-04 23:57:15.347  1779  3112 W SwapChain: CreateTextureSwapChainFoveation: export failed
01-04 23:57:15.348  1779  3112 I VrRuntimeServer: CreateTextureSwapChain: result importswapchaingles 1
01-04 23:57:15.349  1923  3508 I SwapChain_Vulkan: Imported texture has requirements 3, ends up index 0
01-04 23:57:15.349  1923  3508 I chatty  : uid=10014(com.oculus.shellenv) Thread-32 identical 1 line
01-04 23:57:15.349  1923  3508 I SwapChain_Vulkan: Imported texture has requirements 3, ends up index 0
01-04 23:57:15.349  1923  3508 W VrRuntimeClient: CreateTextureSwapChain: Failed to import foveation swapchain
01-04 23:57:15.350  1779  3112 I VrRuntimeService: UpdateSwapChainSamplerState: 203
01-04 23:57:15.351  1779  3112 I VrRuntimeService: UpdateSwapChainSamplerState: minFilter=1 magFilter=1 wrapModeS=3 warpModeT=3 maxAniso=1.000000 border={0.000000,0.000000,0.000000,0.000000} swizzle={0,1,2,3}
01-04 23:57:15.352  1048  5412 E WindowManager: App trying to use insecure INPUT_FEATURE_NO_INPUT_CHANNEL flag. Ignoring
01-04 23:57:15.353  1779  4908 I CompositorVR: WarpToScreen: Skipping frames for 8
01-04 23:57:15.354  4271  4393 E OsSdk   : error getting shared memory region, memory type: HeadTracker, failed with Status(-1, EX_SECURITY): 'requested shared memory region when not registered/focused'
01-04 23:57:15.355  3169  3169 D [SUI] ActivityManagerUtilsHelper: onFocusedWindowChanged: Instance: com.oculus.common.activitymanager.ActivityManagerUtilsHelper@aaabe3b, topWindowUid: 10020, focusedApp: com.oculus.vrshell, previousApp: null
01-04 23:57:15.355  1048  1061 I system_server: Background young concurrent copying GC freed 110906(5570KB) AllocSpace objects, 32(832KB) LOS objects, 30% free, 13MB/19MB, paused 3.978ms total 222.492ms
01-04 23:57:15.355  1923  5529 D CCodec  : allocate(c2.android.vorbis.decoder)
01-04 23:57:15.355   835  4851 V C2Store : in init
01-04 23:57:15.356   835  4851 V C2Store : loading dll
01-04 23:57:15.360  1923  5529 I CCodec  : Created component [c2.android.vorbis.decoder]
01-04 23:57:15.360  1923  5529 D CCodecConfig: read media type: audio/vorbis
01-04 23:57:15.364  1779  4908 I CompositorVR: WarpToScreen: Skipping frames for 8
01-04 23:57:15.365  1923  5529 D ReflectedParamUpdater: extent() != 1 for single value type: algo.buffers.max-count.values
01-04 23:57:15.365  1923  5529 D ReflectedParamUpdater: extent() != 1 for single value type: output.subscribed-indices.values
01-04 23:57:15.365  1923  5529 D ReflectedParamUpdater: extent() != 1 for single value type: input.buffers.allocator-ids.values
01-04 23:57:15.365  1923  5529 D ReflectedParamUpdater: extent() != 1 for single value type: output.buffers.allocator-ids.values
01-04 23:57:15.366  1923  5529 D ReflectedParamUpdater: extent() != 1 for single value type: algo.buffers.allocator-ids.values
01-04 23:57:15.366  1923  5529 D ReflectedParamUpdater: extent() != 1 for single value type: output.buffers.pool-ids.values
01-04 23:57:15.366  1923  5529 D ReflectedParamUpdater: extent() != 1 for single value type: algo.buffers.pool-ids.values
01-04 23:57:15.366  1923  5529 I CCodecConfig: query failed after returning 7 values (BAD_INDEX)
01-04 23:57:15.366  1923  5529 D CCodecConfig: c2 config diff is Dict {
01-04 23:57:15.366  1923  5529 D CCodecConfig:   c2::u32 coded.bitrate.value = 64000
01-04 23:57:15.366  1923  5529 D CCodecConfig:   c2::u32 input.buffers.max-size.value = 32768
01-04 23:57:15.366  1923  5529 D CCodecConfig:   c2::u32 input.delay.value = 0
01-04 23:57:15.366  1923  5529 D CCodecConfig:   string input.media-type.value = "audio/vorbis"
01-04 23:57:15.366  1923  5529 D CCodecConfig:   string output.media-type.value = "audio/raw"
01-04 23:57:15.366  1923  5529 D CCodecConfig:   c2::u32 raw.channel-count.value = 1
01-04 23:57:15.366  1923  5529 D CCodecConfig:   c2::u32 raw.sample-rate.value = 48000
01-04 23:57:15.366  1923  5529 D CCodecConfig: }
01-04 23:57:15.367  1923  5529 D CCodecConfig: no c2 equivalents for durationUs
01-04 23:57:15.367  1923  5529 D CCodecConfig: no c2 equivalents for csd-1
01-04 23:57:15.367  1923  5529 D CCodecConfig: no c2 equivalents for track-id
01-04 23:57:15.367  1923  5529 D CCodecConfig: no c2 equivalents for channel-mask
01-04 23:57:15.367  1923  5529 D CCodecConfig: c2 config diff is   c2::u32 raw.channel-count.value = 2
01-04 23:57:15.367  1923  5529 D CCodecConfig:   c2::u32 raw.sample-rate.value = 44100
01-04 23:57:15.367  1923  5529 W Codec2Client: query -- param skipped: index = 1107298332.
01-04 23:57:15.367  1923  5529 D CCodec  : setup formats input: AMessage(what = 0x00000000) = {
01-04 23:57:15.367  1923  5529 D CCodec  :   int32_t channel-count = 2
01-04 23:57:15.367  1923  5529 D CCodec  :   int32_t max-input-size = 32768
01-04 23:57:15.367  1923  5529 D CCodec  :   string mime = "audio/vorbis"
01-04 23:57:15.367  1923  5529 D CCodec  :   int32_t sample-rate = 44100
01-04 23:57:15.367  1923  5529 D CCodec  : } and output: AMessage(what = 0x00000000) = {
01-04 23:57:15.367  1923  5529 D CCodec  :   int32_t channel-count = 2
01-04 23:57:15.367  1923  5529 D CCodec  :   string mime = "audio/raw"
01-04 23:57:15.367  1923  5529 D CCodec  :   int32_t sample-rate = 44100
01-04 23:57:15.367  1923  5529 D CCodec  :   int32_t channel-mask = 3
01-04 23:57:15.367  1923  5529 D CCodec  : }
01-04 23:57:15.371   835  4851 V C2Store : in ~ComponentModule
01-04 23:57:15.371   835  4851 V C2Store : unloading dll
01-04 23:57:15.375  1779  4908 I CompositorVR: WarpToScreen: Skipping frames for 8
01-04 23:57:15.386  3169  3169 W OVRLibrary: null cursor received for query content://com.oculus.ocms.library/apps/com.oculus.shellenv
01-04 23:57:15.387  3169  3169 D [SUI] DynamicAppsViewModel: Setting destination ui paused app - com.oculus.shellenv
01-04 23:57:15.387  1779  4908 I CompositorVR: WarpToScreen: Skipping frames for 8
01-04 23:57:15.398  1779  4908 I CompositorVR: WarpToScreen: Skipping frames for 8
01-04 23:57:15.398   849   849 I chatty  : uid=1000(system) /system/bin/trackingservice identical 5 lines
01-04 23:57:15.399  4271  4393 E OsSdk   : error getting shared memory region, memory type: HeadTracker, failed with Status(-1, EX_SECURITY): 'requested shared memory region when not registered/focused'
01-04 23:57:15.405  3169  3169 W OVRLibrary: null cursor received for query content://com.oculus.ocms.library/apps/com.YourCompany.PrototypeV4
01-04 23:57:15.409  1779  4908 I CompositorVR: WarpToScreen: Skipping frames for 8
01-04 23:57:15.420  1779  4908 I CompositorVR: WarpToScreen: Skipping frames for 8
01-04 23:57:15.431  1923  5532 D CCodec  : allocate(c2.android.vorbis.decoder)
01-04 23:57:15.431  1779  4908 I CompositorVR: WarpToScreen: Skipping frames for 8
01-04 23:57:15.431   835  4851 V C2Store : in init
01-04 23:57:15.431   835  4851 V C2Store : loading dll
01-04 23:57:15.435  2902  2996 I GuardianCollisionTracker: Guardian Controller Collision: Magnitude: 5.530, Duration: -1.000 sec, TimeStamp: 914.673401 sec
01-04 23:57:15.436  3169  3169 W OVRLibrary: null cursor received for query content://com.oculus.ocms.library/apps/com.oculus.xrstreamingclient
01-04 23:57:15.436  1923  5532 I CCodec  : Created component [c2.android.vorbis.decoder]
01-04 23:57:15.436  1923  5532 D CCodecConfig: read media type: audio/vorbis
01-04 23:57:15.438  1923  5532 D ReflectedParamUpdater: extent() != 1 for single value type: algo.buffers.max-count.values
01-04 23:57:15.438  1923  5532 D ReflectedParamUpdater: extent() != 1 for single value type: output.subscribed-indices.values
01-04 23:57:15.438  1923  5532 D ReflectedParamUpdater: extent() != 1 for single value type: input.buffers.allocator-ids.values
01-04 23:57:15.438  1923  5532 D ReflectedParamUpdater: extent() != 1 for single value type: output.buffers.allocator-ids.values
01-04 23:57:15.438  1923  5532 D ReflectedParamUpdater: extent() != 1 for single value type: algo.buffers.allocator-ids.values
01-04 23:57:15.438  1923  5532 D ReflectedParamUpdater: extent() != 1 for single value type: output.buffers.pool-ids.values
01-04 23:57:15.439  1923  5532 D ReflectedParamUpdater: extent() != 1 for single value type: algo.buffers.pool-ids.values
01-04 23:57:15.439  1923  5532 I CCodecConfig: query failed after returning 7 values (BAD_INDEX)
01-04 23:57:15.439  1923  5532 D CCodecConfig: c2 config diff is Dict {
01-04 23:57:15.439  1923  5532 D CCodecConfig:   c2::u32 coded.bitrate.value = 64000
01-04 23:57:15.439  1923  5532 D CCodecConfig:   c2::u32 input.buffers.max-size.value = 32768
01-04 23:57:15.439  1923  5532 D CCodecConfig:   c2::u32 input.delay.value = 0
01-04 23:57:15.439  1923  5532 D CCodecConfig:   string input.media-type.value = "audio/vorbis"
01-04 23:57:15.439  1923  5532 D CCodecConfig:   string output.media-type.value = "audio/raw"
01-04 23:57:15.439  1923  5532 D CCodecConfig:   c2::u32 raw.channel-count.value = 1
01-04 23:57:15.439  1923  5532 D CCodecConfig:   c2::u32 raw.sample-rate.value = 48000
01-04 23:57:15.439  1923  5532 D CCodecConfig: }
01-04 23:57:15.439  1923  5532 D CCodecConfig: no c2 equivalents for durationUs
01-04 23:57:15.439  1923  5532 D CCodecConfig: no c2 equivalents for csd-1
01-04 23:57:15.439  1923  5532 D CCodecConfig: no c2 equivalents for track-id
01-04 23:57:15.439  1923  5532 D CCodecConfig: no c2 equivalents for channel-mask
01-04 23:57:15.440  1923  5532 D CCodecConfig: c2 config diff is   c2::u32 raw.channel-count.value = 2
01-04 23:57:15.440  1923  5532 D CCodecConfig:   c2::u32 raw.sample-rate.value = 44100
01-04 23:57:15.440  1923  5532 W Codec2Client: query -- param skipped: index = 1107298332.
01-04 23:57:15.440  1923  5532 D CCodec  : setup formats input: AMessage(what = 0x00000000) = {
01-04 23:57:15.440  1923  5532 D CCodec  :   int32_t channel-count = 2
01-04 23:57:15.440  1923  5532 D CCodec  :   int32_t max-input-size = 32768
01-04 23:57:15.440  1923  5532 D CCodec  :   string mime = "audio/vorbis"
01-04 23:57:15.440  1923  5532 D CCodec  :   int32_t sample-rate = 44100
01-04 23:57:15.440  1923  5532 D CCodec  : } and output: AMessage(what = 0x00000000) = {
01-04 23:57:15.440  1923  5532 D CCodec  :   int32_t channel-count = 2
01-04 23:57:15.440  1923  5532 D CCodec  :   string mime = "audio/raw"
01-04 23:57:15.440  1923  5532 D CCodec  :   int32_t sample-rate = 44100
01-04 23:57:15.440  1923  5532 D CCodec  :   int32_t channel-mask = 3
01-04 23:57:15.440  1923  5532 D CCodec  : }
01-04 23:57:15.442  1779  4908 I CompositorVR: WarpToScreen: Skipping frames for 8
01-04 23:57:15.443   849   849 W TrackingService: attachClient: found client in attached list
01-04 23:57:15.444  4271  4393 E OsSdk   : error getting shared memory region, memory type: HeadTracker, failed with Status(-1, EX_SECURITY): 'requested shared memory region when not registered/focused'
01-04 23:57:15.444   849  1217 W TrackingService: attachClient: found client in attached list
01-04 23:57:15.445  4271  4393 E OsSdk   : error getting shared memory region, memory type: AnchorTracker, failed with Status(-1, EX_SECURITY): 'requested shared memory region when not registered/focused'
01-04 23:57:15.452  1923  5532 W Codec2Client: query -- param skipped: index = 1342179345.
01-04 23:57:15.452  1923  5532 W Codec2Client: query -- param skipped: index = 2415921170.
01-04 23:57:15.452  1923  5532 D CCodecBufferChannel: [c2.android.vorbis.decoder#91] Created input block pool with allocatorID 16 => poolID 28 - OK (0)
01-04 23:57:15.453  1923  5532 I CCodecBufferChannel: [c2.android.vorbis.decoder#91] Created output block pool with allocatorID 16 => poolID 45 - OK
01-04 23:57:15.453  1923  5532 D CCodecBufferChannel: [c2.android.vorbis.decoder#91] Configured output block pool ids 45 => OK
01-04 23:57:15.453  1779  4908 I CompositorVR: WarpToScreen: Skipping frames for 8
01-04 23:57:15.463   835  5533 D SimpleC2Component: Using output block pool with poolID 45 => got 45 - 0
01-04 23:57:15.464  3169  3169 W OVRLibrary: null cursor received for query content://com.oculus.ocms.library/apps/notifications_system_app
01-04 23:57:15.465  1779  4908 I CompositorVR: WarpToScreen: Skipping frames for 8
01-04 23:57:15.476  1779  4908 I CompositorVR: WarpToScreen: Skipping frames for 8
01-04 23:57:15.478  3169  3169 W OVRLibrary: null cursor received for query content://com.oculus.ocms.library/apps/quick_settings_app
01-04 23:57:15.487  1779  4908 I CompositorVR: WarpToScreen: Skipping frames for 8
01-04 23:57:15.493  4271  4393 E OsSdk   : error getting shared memory region, memory type: HeadTracker, failed with Status(-1, EX_SECURITY): 'requested shared memory region when not registered/focused'
01-04 23:57:15.498  1779  4908 I CompositorVR: WarpToScreen: Skipping frames for 8
01-04 23:57:15.501  3169  3169 W OVRLibrary: null cursor received for query content://com.oculus.ocms.library/apps/com.YourCompany.TemplateProject3
01-04 23:57:15.509  1779  4908 I CompositorVR: WarpToScreen: Skipping frames for 8
01-04 23:57:15.518  3169  3169 W OVRLibrary: null cursor received for query content://com.oculus.ocms.library/apps/paused_app
01-04 23:57:15.520  1779  4908 I CompositorVR: WarpToScreen: Skipping frames for 8
01-04 23:57:15.531  1779  4908 I CompositorVR: WarpToScreen: Skipping frames for 8
01-04 23:57:15.538  4271  4393 E OsSdk   : error getting shared memory region, memory type: HeadTracker, failed with Status(-1, EX_SECURITY): 'requested shared memory region when not registered/focused'
01-04 23:57:15.541  3169  3169 W OVRLibrary: null cursor received for query content://com.oculus.ocms.library/apps/com.android.settings
01-04 23:57:15.543  1779  4908 I CompositorVR: WarpToScreen: Skipping frames for 8
01-04 23:57:15.554  1779  4908 I CompositorVR: WarpToScreen: Skipping frames for 8
01-04 23:57:15.557  3169  3169 W OVRLibrary: null cursor received for query content://com.oculus.ocms.library/apps/com.YourCompany.PrototypeV4
01-04 23:57:15.565  1779  4908 I CompositorVR: WarpToScreen: Skipping frames for 8
01-04 23:57:15.576  1779  4908 I CompositorVR: WarpToScreen: Skipping frames for 8
01-04 23:57:15.578   849  4917 W [CT]    : VEGA:MAP_TRACKING_HM: [Throttled count=22] Bad map tracking: map tracking failed @ Submap id = 2, version = 1133842173 with status: 2
01-04 23:57:15.580  2902  2996 I GuardianCollisionTracker: Guardian Controller Collision: Magnitude: 10.071, Duration: -1.000 sec, TimeStamp: 914.823364 sec
01-04 23:57:15.582  4271  4393 E OsSdk   : error getting shared memory region, memory type: HeadTracker, failed with Status(-1, EX_SECURITY): 'requested shared memory region when not registered/focused'
01-04 23:57:15.587   849  1225 I [CT]    : Vega:SubmapPublisher: Tracking parent no change: frame movement above thresh -> Publish
01-04 23:57:15.587   849  1225 I [CT]    : Vega:SubmapPublisher: Start to publish submaps, found candidates:  3
01-04 23:57:15.587  1779  4908 I CompositorVR: WarpToScreen: Skipping frames for 8
01-04 23:57:15.587   849  1225 E [CT]    : SubmapRecords: findSubmapId found 2 submap records hold the same query krHandle
01-04 23:57:15.589  3169  3169 W OVRLibrary: null cursor received for query content://com.oculus.ocms.library/apps/com.oculus.xrstreamingclient
01-04 23:57:15.592   849  1225 W [CT]    : Vega:SubmapPublisher: [Throttled count=625] Force publishing an ill-conditioned point.
01-04 23:57:15.598  1779  4908 I CompositorVR: WarpToScreen: Skipping frames for 8
01-04 23:57:15.602  2902  2996 I GuardianCollisionTracker: Guardian Controller Collision: Magnitude: 9.701, Duration: -1.000 sec, TimeStamp: 914.843201 sec
01-04 23:57:15.603  3169  3169 W OVRLibrary: null cursor received for query content://com.oculus.ocms.library/apps/notifications_system_app
01-04 23:57:15.607   849  4917 I [CT]    : VegaTrackTracker: Starting map tracking on map. SubmapId Submap id = 0, version = 705002693 Active contexts: 2
01-04 23:57:15.609  1779  4908 I CompositorVR: WarpToScreen: Skipping frames for 8
01-04 23:57:15.621  1779  4908 I CompositorVR: WarpToScreen: Skipping frames for 8
01-04 23:57:15.626  4271  4393 E OsSdk   : error getting shared memory region, memory type: HeadTracker, failed with Status(-1, EX_SECURITY): 'requested shared memory region when not registered/focused'
01-04 23:57:15.630  1955  1972 W System  : A resource failed to call release. 
01-04 23:57:15.630  1955  1972 W System  : A resource failed to call release. 
01-04 23:57:15.631  3169  3169 W OVRLibrary: null cursor received for query content://com.oculus.ocms.library/apps/quick_settings_app
01-04 23:57:15.632  1779  4908 I CompositorVR: WarpToScreen: Skipping frames for 8
01-04 23:57:15.643  1779  4908 I chatty  : uid=10025(com.oculus.systemdriver) OVR::TimeWarp identical 1 line
01-04 23:57:15.654  1779  4908 I CompositorVR: WarpToScreen: Skipping frames for 8
01-04 23:57:15.658   849  4917 W [CT]    : VEGA:MAP_TRACKING_HM: Validation failed after 0.04 seconds of bad frames. Switching from Validating to NoTracking
01-04 23:57:15.660  3169  3169 W OVRLibrary: null cursor received for query content://com.oculus.ocms.library/apps/com.YourCompany.TemplateProject3
01-04 23:57:15.665  1779  4908 I CompositorVR: WarpToScreen: Skipping frames for 8
01-04 23:57:15.671  4271  4393 E OsSdk   : error getting shared memory region, memory type: HeadTracker, failed with Status(-1, EX_SECURITY): 'requested shared memory region when not registered/focused'
01-04 23:57:15.676  1779  4908 I CompositorVR: WarpToScreen: Skipping frames for 8
01-04 23:57:15.678  3169  3169 W OVRLibrary: null cursor received for query content://com.oculus.ocms.library/apps/paused_app
01-04 23:57:15.686   849  4917 I [CT]    : TrackedMapContext: Stop tracking map with ID Submap id = 0, version = 705002693 at index: 2 in contexts: 3
01-04 23:57:15.687  1779  4908 I CompositorVR: WarpToScreen: Skipping frames for 8
01-04 23:57:15.698  1779  4908 I CompositorVR: WarpToScreen: Skipping frames for 8
01-04 23:57:15.700  3169  3169 W OVRLibrary: null cursor received for query content://com.oculus.ocms.library/apps/com.android.settings
01-04 23:57:15.700  3169  3169 D [SUI] SystemUXBroadcastReceiver: action: com.oculus.systemactivities.CAPTURE_STATE_UPDATE
01-04 23:57:15.700  3169  3169 I [SUI] SystemUXBroadcastReceiver: handleCaptureStateUpdate: captureToDisk false, captureEnabled false, isCapturingAbuseReport false, abuseRecordingUUID null
01-04 23:57:15.700  3169  3169 D [SUI] SystemUXBroadcastReceiver: action: com.oculus.systemactivities.LOCAL_STREAM_STATE_UPDATE
01-04 23:57:15.700  3169  3169 D [SUI] ScreenCaptureUtil: onLocalStreamStateUpdate(isCaptureRunning = false)
01-04 23:57:15.700  3169  3169 I chatty  : uid=10026 com.oculus.systemux:SystemUX identical 2 lines
01-04 23:57:15.700  3169  3169 D [SUI] ScreenCaptureUtil: onLocalStreamStateUpdate(isCaptureRunning = false)
01-04 23:57:15.700  3169  3169 I Choreographer: Skipped 121 frames!  The application may be doing too much work on its main thread.
01-04 23:57:15.710  1779  4908 I CompositorVR: WarpToScreen: Skipping frames for 8
01-04 23:57:15.712  3169  3955 I OpenGLRenderer: Davey! duration=1022ms; Flags=1, IntendedVsync=913959598327, Vsync=914967931620, OldestInputEvent=9223372036854775807, NewestInputEvent=0, HandleInputStart=914970191628, AnimationStart=914970205482, PerformTraversalsStart=914970243399, DrawStart=914979523138, SyncQueued=914980335951, SyncStart=914980461263, IssueDrawCommandsStart=914980520117, SwapBuffers=914981894440, FrameCompleted=914982167461, DequeueBufferDuration=300000, QueueBufferDuration=134000, 
01-04 23:57:15.714  4271  4393 E OsSdk   : error getting shared memory region, memory type: HeadTracker, failed with Status(-1, EX_SECURITY): 'requested shared memory region when not registered/focused'
01-04 23:57:15.716  4271  4393 E OsSdk   : error getting shared memory region, memory type: AnchorTracker, failed with Status(-1, EX_SECURITY): 'requested shared memory region when not registered/focused'
01-04 23:57:15.716  3169  5475 W OVRLibrary: null cursor received for query content://com.oculus.ocms.library/apps/com.oculus.shellenv
01-04 23:57:15.721  1779  4908 I CompositorVR: WarpToScreen: Skipping frames for 8
01-04 23:57:15.724  3169  3955 I OpenGLRenderer: Davey! duration=1033ms; Flags=1, IntendedVsync=913959598327, Vsync=914967931620, OldestInputEvent=9223372036854775807, NewestInputEvent=0, HandleInputStart=914970191628, AnimationStart=914970205482, PerformTraversalsStart=914970243399, DrawStart=914990864180, SyncQueued=914991558086, SyncStart=914991711367, IssueDrawCommandsStart=914991767513, SwapBuffers=914993313763, FrameCompleted=914993537461, DequeueBufferDuration=322000, QueueBufferDuration=114000, 
01-04 23:57:15.724  4271  4341 D xrstreaming: receive ping: org 0 recv 0 xmt 42133054119800 (received at 914993578815), offset divergence 219028
01-04 23:57:15.729  3169  3169 I PresenceAPK(ServiceApiManager): onServiceConnected componentName=ComponentInfo{com.oculus.presence/com.oculus.presence.services.presence.PresenceService}
01-04 23:57:15.730  3169  3169 I PresenceAPK(ServiceApiManager): setting apiStatusListener
01-04 23:57:15.730  3169  3169 D [SUI] SystemUXBroadcastReceiver: action: com.oculus.systemactivities.CAPTURE_STATE_UPDATE
01-04 23:57:15.730  3169  4354 I PresenceAPK(ServiceApiManager): onApiReady
01-04 23:57:15.730  3169  3169 I [SUI] SystemUXBroadcastReceiver: handleCaptureStateUpdate: captureToDisk false, captureEnabled false, isCapturingAbuseReport false, abuseRecordingUUID null
01-04 23:57:15.730  3169  3169 V [SUI] BarView: Notifs badge count: 1, Messenger badge count 0
01-04 23:57:15.731  3169  3169 I PresenceAPK(ServiceApiManager): onServiceConnected componentName=ComponentInfo{com.oculus.presence/com.oculus.presence.services.presence.PresenceService}
01-04 23:57:15.731  4708  5100 D UE4     : [2023.01.04-23.57.15:731][836]LogTcpMessaging: Lost node '2A1B0E3F43EAB5B0743937B85F933A8E' on connection '127.0.0.1:53179'...
01-04 23:57:15.731  3169  3169 I PresenceAPK(ServiceApiManager): setting apiStatusListener
01-04 23:57:15.732  3169  3169 D [SUI] SystemUXBroadcastReceiver: action: com.oculus.systemactivities.LOCAL_STREAM_STATE_UPDATE
01-04 23:57:15.732  3169  3169 D [SUI] ScreenCaptureUtil: onLocalStreamStateUpdate(isCaptureRunning = false)
01-04 23:57:15.732  3169  3169 I chatty  : uid=10026 com.oculus.systemux:SystemUX identical 2 lines
01-04 23:57:15.732  3169  3169 D [SUI] ScreenCaptureUtil: onLocalStreamStateUpdate(isCaptureRunning = false)
01-04 23:57:15.732  3169  3192 I PresenceAPK(ServiceApiManager): onApiReady
01-04 23:57:15.732  1779  4908 I CompositorVR: WarpToScreen: Skipping frames for 8
01-04 23:57:15.741  1779  2939 I PerformanceManager_V0: SetClockLevels: Apply pending clock request change: 4,4 -> 3,3
01-04 23:57:15.741  1779  2934 I Clocks  : ReleaseClocks - start
01-04 23:57:15.742  1779  2934 I Clocks  : ReleaseClocks - end (0.6 ms)
01-04 23:57:15.742  1779  2934 I Clocks  : LockClocks( cpu=3, gpu=3 ) - start
01-04 23:57:15.742  1779  2934 I Clocks  : CPU levels [0, 4]
01-04 23:57:15.742  1779  2934 I Clocks  : GPU levels [0, 5]
01-04 23:57:15.743  1779  4908 I CompositorVR: WarpToScreen: Skipping frames for 8
01-04 23:57:15.744  1779  2934 I Clocks  : LockClocks( cpu=3, gpu=3 ) - end (2.0 ms)
01-04 23:57:15.749  3169  3169 D [SUI] ActivityManagerUtilsHelper: onFocusedWindowChanged: Instance: com.oculus.common.activitymanager.ActivityManagerUtilsHelper@9582e9c, topWindowUid: 10020, focusedApp: com.oculus.vrshell, previousApp: null
01-04 23:57:15.749  3169  3169 D [SUI] NotificationBroadcastReceiver: action: com.oculus.intent.action.NOTIF_CHANGE
01-04 23:57:15.750  3169  3169 E BackgroundThreadExecutor: Refusing to execute task because BackgroundThreadExecutor instance is destroyed: com.oculus.panelapp.anytimeui.tablet.notifications.core.-$$Lambda$NotificationManagerSourceHandler$HybXWBXsqdbvph6F5RgmzU3_G5A@bc90c7a
01-04 23:57:15.750  3169  3169 D [SUI] SystemUXBroadcastReceiver: action: com.oculus.systemactivities.CAPTURE_STATE_UPDATE
01-04 23:57:15.750  3169  3169 I [SUI] SystemUXBroadcastReceiver: handleCaptureStateUpdate: captureToDisk false, captureEnabled false, isCapturingAbuseReport false, abuseRecordingUUID null
01-04 23:57:15.750  3169  3169 D [SUI] SystemUXBroadcastReceiver: action: com.oculus.systemactivities.LOCAL_STREAM_STATE_UPDATE
01-04 23:57:15.750  3169  3169 D [SUI] ScreenCaptureUtil: onLocalStreamStateUpdate(isCaptureRunning = false)
01-04 23:57:15.750  3169  3169 I chatty  : uid=10026 com.oculus.systemux:SystemUX identical 2 lines
01-04 23:57:15.750  3169  3169 D [SUI] ScreenCaptureUtil: onLocalStreamStateUpdate(isCaptureRunning = false)
01-04 23:57:15.750  3169  3169 D [SUI] NotificationBroadcastReceiver: action: com.oculus.intent.action.NOTIF_CHANGE
01-04 23:57:15.750  3169  3169 E BackgroundThreadExecutor: Refusing to execute task because BackgroundThreadExecutor instance is destroyed: com.oculus.panelapp.anytimeui.tablet.notifications.core.-$$Lambda$NotificationManagerSourceHandler$HybXWBXsqdbvph6F5RgmzU3_G5A@4079888
01-04 23:57:15.750  3169  3169 W [SUI] AsyncQueryHandlerBase: Callback reference is null
01-04 23:57:15.751  3169  3169 D HyperspaceClient: onCallsInfoChanged: []
01-04 23:57:15.751  3169  3169 D [SUI] SystemUXBroadcastReceiver: action: com.oculus.systemactivities.CAPTURE_STATE_UPDATE
01-04 23:57:15.751  3169  3169 I [SUI] SystemUXBroadcastReceiver: handleCaptureStateUpdate: captureToDisk false, captureEnabled false, isCapturingAbuseReport false, abuseRecordingUUID null
01-04 23:57:15.751  3169  3169 I PresenceAPK(ServiceApiManager): onServiceConnected componentName=ComponentInfo{com.oculus.presence/com.oculus.presence.services.presence.PresenceService}
01-04 23:57:15.751  3169  3169 I PresenceAPK(ServiceApiManager): setting apiStatusListener
01-04 23:57:15.752  3169  3286 I PresenceAPK(ServiceApiManager): onApiReady
01-04 23:57:15.752  3169  3169 D [SUI] SystemUXBroadcastReceiver: action: com.oculus.systemactivities.LOCAL_STREAM_STATE_UPDATE
01-04 23:57:15.752  3169  3169 D [SUI] ScreenCaptureUtil: onLocalStreamStateUpdate(isCaptureRunning = false)
01-04 23:57:15.752  3169  3169 I chatty  : uid=10026 com.oculus.systemux:SystemUX identical 2 lines
01-04 23:57:15.752  3169  3169 D [SUI] ScreenCaptureUtil: onLocalStreamStateUpdate(isCaptureRunning = false)
01-04 23:57:15.754  1779  4908 I CompositorVR: WarpToScreen: Skipping frames for 8
01-04 23:57:15.754  3169  3169 I PresenceAPK(ServiceApiManager): onServiceConnected componentName=ComponentInfo{com.oculus.presence/com.oculus.presence.services.presence.PresenceService}
01-04 23:57:15.755  3169  3169 I PresenceAPK(ServiceApiManager): setting apiStatusListener
01-04 23:57:15.755  3169  3369 I PresenceAPK(ServiceApiManager): onApiReady
01-04 23:57:15.756  3169  3169 V [SUI] BarView: Notifs badge count: 1, Messenger badge count 0
01-04 23:57:15.761  4271  4393 E OsSdk   : error getting shared memory region, memory type: HeadTracker, failed with Status(-1, EX_SECURITY): 'requested shared memory region when not registered/focused'
01-04 23:57:15.765  3169  3192 I PresenceAPK(ServicePresenceClient): calling onServiceUp
01-04 23:57:15.765  1779  4908 I CompositorVR: WarpToScreen: Skipping frames for 8
01-04 23:57:15.775  3169  5538 D NotificationsBadgeLiveData: MessageBadgeData, pullAndCheckNotifs, old data source notif count: 1, oc chats count: 0, messenger count: 0
01-04 23:57:15.776  1779  4908 I CompositorVR: WarpToScreen: Skipping frames for 8
01-04 23:57:15.784  3169  5475 D NotificationsBadgeLiveData: MessageBadgeData, pullAndCheckNotifs, old data source notif count: 1, oc chats count: 0, messenger count: 0
01-04 23:57:15.786  3169  4354 I PresenceAPK(ServicePresenceClient): calling onServiceUp
01-04 23:57:15.786  3169  3286 I PresenceAPK(ServicePresenceClient): calling onServiceUp
01-04 23:57:15.788  1779  4908 I CompositorVR: WarpToScreen: Skipping frames for 8
01-04 23:57:15.798  3169  3369 I PresenceAPK(ServicePresenceClient): calling onServiceUp
01-04 23:57:15.799  1779  4908 I CompositorVR: WarpToScreen: Skipping frames for 8
01-04 23:57:15.807  2129  3004 I [OAO] PanelAppHost: Setting panel layer visibility of layer "#main" to visible, panel 7 (com.oculus.systemux/com.oculus.panelapp.anytimeui.AnytimeUIAndroidPanelService)
01-04 23:57:15.807  4271  4393 E OsSdk   : error getting shared memory region, memory type: HeadTracker, failed with Status(-1, EX_SECURITY): 'requested shared memory region when not registered/focused'
01-04 23:57:15.808  3169  5503 W OVRLibrary: null cursor received for query content://com.oculus.ocms.library/apps/com.oculus.shellenv
