10-27 19:04:56.599  1388  2329 I VrRuntimeService: RuntimeIPC: SendPrimaryPackageChangeEvent: PostClientEvent SUCCESS: com.YourCompany.TemplateProject2:com.YourCompany.TemplateProject2:10144, com.oculus.shellenv, com.oculus.shellenv
10-27 19:04:56.599  1388  2329 I VrRuntimeService: RuntimeIPC: SendPrimaryPackageChangeEvent: PostClientEvent SUCCESS: com.oculus.mrservice:com.oculus.mrservice:1862, com.oculus.shellenv, com.oculus.shellenv
10-27 19:04:56.599  1388  2329 I VrRuntimeService: RuntimeIPC: SendPrimaryPackageChangeEvent: PostClientEvent SUCCESS: com.oculus.xrstreamingclient:com.oculus.xrstreamingclient:4150, com.oculus.shellenv, com.oculus.shellenv
10-27 19:04:56.599  1388  2329 I VrRuntimeService: RuntimeIPC: SendPrimaryPackageChangeEvent: PostClientEvent SUCCESS: com.oculus.vrshell:com.oculus.vrshell:Overlay:2330, com.oculus.shellenv, com.oculus.shellenv
10-27 19:04:56.599  1388  2329 I VrRuntimeService: RuntimeIPC: SendPrimaryPackageChangeEvent: PostClientEvent SUCCESS: com.oculus.vrshell:com.oculus.vrshell:2836, com.oculus.shellenv, com.oculus.shellenv
10-27 19:04:56.599  1388  2329 I VrRuntimeService: RuntimeIPC: SendPrimaryPackageChangeEvent: PostClientEvent SUCCESS: com.oculus.shellenv:com.oculus.shellenv:2092, com.oculus.shellenv, com.oculus.shellenv
10-27 19:04:56.599  1388  2329 I VrRuntimeService: RuntimeIPC: SendPrimaryPackageChangeEvent: PostClientEvent SUCCESS: com.oculus.guardian:com.oculus.vrguardianservice:2830, com.oculus.shellenv, com.oculus.shellenv
10-27 19:04:56.599  1388  2329 D VrRuntimeService: sendPrimaryPackageChangeBroadcast
10-27 19:04:56.600  1388  9918 I CompositorVR: LatchWarpClients: Multiple Primary Clients detected. Skipping frames for 8
10-27 19:04:56.600  1388  9918 I CompositorVR: WarpToScreen: Skipping frames for 8
10-27 19:04:56.600  1051  1063 I system_server: Background young concurrent copying GC freed 109433(5009KB) AllocSpace objects, 78(2072KB) LOS objects, 34% free, 13MB/20MB, paused 69us total 137.578ms
10-27 19:04:56.600  2092 10524 I FenceChecker: FenceChecker::MainLoop - started
10-27 19:04:56.600  2836  2836 D [SEO] BaseOverlayService: screenStateReceiver Received broadcast: com.oculus.vrshell.intent.action.PRIMARY_PACKAGE_CHANGED
10-27 19:04:56.600  2330  2330 D [OAO] BaseOverlayService: screenStateReceiver Received broadcast: com.oculus.vrshell.intent.action.PRIMARY_PACKAGE_CHANGED
10-27 19:04:56.600  1388  2329 I AADT    : SetAADTLutDataX: 0
10-27 19:04:56.600  2330  2330 I [OAO] ShellOverlayServiceJNI: NativeSendOverlayCommand
10-27 19:04:56.600  1388  2329 I AADT    : SetAADTLutDataY: 0
10-27 19:04:56.601  1388  2329 I ServiceInputManager: DEADRECKONING deadReckoning mode on ClientMgr from server is 0
10-27 19:04:56.601  2330  2330 I [OAO] ShellOverlayServiceJNI: NativeWake
10-27 19:04:56.601  2330  2330 I [OAO] ShellOverlayMain: WakeVrThread
10-27 19:04:56.601  2330  2330 I [OAO] ShellOverlayMain: WakeVrThread - notifying vr thread
10-27 19:04:56.601  1388  2329 I CompositorClientMgr: Enable client 0
10-27 19:04:56.601  1388  2329 I VrRuntimeServer: EnableCompositorClient client(0): layer placement(2147483643) flags(8) sm(0x77e312b160)
10-27 19:04:56.602  2092 10522 D VrApi   : targetSDKVersion 29
10-27 19:04:56.603  2092  2172 I OpenXR  : PostSessionStateChange: XR_SESSION_STATE_READY -> XR_SESSION_STATE_SYNCHRONIZED
10-27 19:04:56.603  2092  2172 I Clay    : xrPollEvent: SESSION_STATE_CHANGED: SYNCHRONIZED
10-27 19:04:56.604  2836  2836 D [SEO] ShellEnvOverlayService: Message Handler: onResume
10-27 19:04:56.604  2836  3042 I [SEO] ShellApp: 0xcd8eac00 msg: resume
10-27 19:04:56.604  2836  3042 I [SEO] ShellApp: ---------- ShellApp::EnterVrMode() ----------
10-27 19:04:56.604  2836  3042 D [SEO] ShellApplication: setOverlayInputFocus: inputFocus=true shouldSupportIME=true
10-27 19:04:56.604  2836  3042 D [SEO] BaseOverlayService: setOverlayInputFocus : entrypoint - inputFocus=true shouldSupportIME=true
10-27 19:04:56.604  2836  2836 D [SEO] BaseOverlayService: attachServiceWindowView shouldSupportIME:true
10-27 19:04:56.604  2836  3042 I [SEO] ShellTransitionState: Logging ShellTransitionState to dumpsys: {"state":"Foregrounding","timeMillis":"2803824"}
10-27 19:04:56.604  2836  3042 I [SEO] VrPlatformOpenXr: Setting clock levels to cpu=2, gpu=4
10-27 19:04:56.604  2836  3042 I [SEO] VrPlatformOpenXr: Setting perf thread tids to main=3042, render=unset
10-27 19:04:56.604  2836  3042 I OpenXR  : ------------ xrBeginSession [start] -----------
10-27 19:04:56.604  2836  3042 I VrRuntimeClient: Tracing is disabled
10-27 19:04:56.604  2836  3042 I VrRuntimeClient: SysProp debug mode is disabled on Client side
10-27 19:04:56.604  1388  9918 I CompositorVR: LatchWarpClients: Multiple Primary Clients detected. Skipping frames for 8
10-27 19:04:56.605  1388  9918 I CompositorVR: SetSchedFifo( tid=2172, pol=3, pri=0 ) succeeded
10-27 19:04:56.605  1388  9918 I CompositorVR: SetSchedFifo( tid=10524, pol=3, pri=0 ) succeeded
10-27 19:04:56.605  1388  9918 I AADT    : SetAADTLutDataX. Thread. SizeX: 0
10-27 19:04:56.605  1388  9918 I AADT    : SetAADTLutDataY. Thread. SizeY: 0
10-27 19:04:56.609  2830  2962 I GuardianSystem: runtimeServiceSDKClient_.ForceShowGuardianEvent
10-27 19:04:56.609  2830  2962 I GuardianSystem: ForceShowGuardian: false, 0.00
10-27 19:04:56.609  2830  2962 I GuardianSystem: runtimeServiceSDKClient_.PackageChangeEvent: package=[com.oculus.shellenv], process=[com.oculus.shellenv]
10-27 19:04:56.609  2830  2962 I GuardianSystem: SetCurrentProcessName: com.oculus.shellenv, previous ProcessName: com.YourCompany.TemplateProject2
10-27 19:04:56.611  1051  1184 W AppOps  : Noting op not finished: uid 10020 pkg com.oculus.vrshell code 24 time=1666893896344 duration=-1
10-27 19:04:56.611  2836  3042 D VrApi   : targetSDKVersion 29
10-27 19:04:56.612  2092 10522 I JniUtils: ovr_GetCurrentPackageSignature 
10-27 19:04:56.612  1388  2329 I Vsync   : Adjusting vsync display refresh rate 72.000000 -> 90.000000
10-27 19:04:56.613  2836  3042 I VrRuntimeClient: DEVICE MODEL NUMBER = Quest 2
10-27 19:04:56.613  2836  3042 I VrRuntimeClient: DEVICE BUILD NAME = user-47421700667400000
10-27 19:04:56.613  2836  3042 I VrRuntimeClient: DEVICE BUILD TYPE = user
10-27 19:04:56.613  2836  3042 I VrRuntimeClient: DEVICE OS VERSION = 10
10-27 19:04:56.613  2836  3042 I VrRuntimeClient: API LOADER VERSION = 1.0.22
10-27 19:04:56.613  2836  3042 I VrRuntimeClient: RUNTIME API VERSION = 1.0.24
10-27 19:04:56.613  2836  3042 I VrRuntimeClient: RUNTIME VERSION = 46.0.0.226.0 Sep  6 2022 02:18:30 RELEASE
10-27 19:04:56.613  2836  3042 I VrRuntimeClient: APP NAME = Oculus App Runtime
10-27 19:04:56.613  2836  3042 I VrRuntimeClient: APP VERSION = 46.0.0.226.0 versionCode 406523266 internalVersionName 46.0.0.226.0.5b7f9b66a2a2 2022_10_06_18_22
10-27 19:04:56.613  2836  3042 I VrRuntimeClient: APP VR TYPE = vr_only
10-27 19:04:56.613  2836  3042 I VrRuntimeClient: APP MODE TYPE = VR
10-27 19:04:56.613  2836  3042 I VrRuntimeClient: APP PACKAGE NAME = com.oculus.vrshell
10-27 19:04:56.613  2836  3042 I VrRuntimeClient: APP ACTIVITY CLASS = com.oculus.vrshell.ShellApplication
10-27 19:04:56.613  2836  3042 I Sensor  : OSSDKTRACKING Initializing head tracking
10-27 19:04:56.613  2836  3042 I Sensor  : OSSDKTRACKING Head tracker != nullpointer 0xcdb693f8, 1
10-27 19:04:56.613  2836  3042 I Sensor  : OSSDKTRACKING Initializing controller tracking
10-27 19:04:56.613  2836  3042 I Sensor  : OSSDKTRACKING Controller tracker != nullpointer 0xcdb6b980, 1
10-27 19:04:56.613  2836  3042 D BatteryReceiver: Registering battery receiver
10-27 19:04:56.614  1388  9918 I CompositorVR: WarpToScreen: Skipping frames for 8
10-27 19:04:56.615  2174  2174 I OVRMediaServiceManager: Sending onAppStart (com.oculus.shellenv) to SocialPlatform (com.oculus.socialplatform)
10-27 19:04:56.615  2330  2754 I VrRuntimeClient: SetTextureSwapChainSamplerState: No change in sampler state.
10-27 19:04:56.615  2330  2754 I VrRuntimeClient: SetTextureSwapChainSamplerState: No change in sampler state.
10-27 19:04:56.616  1051  1184 E WindowManager: App trying to use insecure INPUT_FEATURE_NO_INPUT_CHANNEL flag. Ignoring
10-27 19:04:56.616  2092 10522 I Metrics : device name = Oculus Quest 2
10-27 19:04:56.620  1388  1388 I ClientMgr: FocusedWindowChanged: falling back to client with same uid: 10020, and pid: 2836
10-27 19:04:56.621  2830  2962 I StateMachine: StateMachine::Update ForceShow: stopForceShow -> ForceShowOff
10-27 19:04:56.623  2836  3042 D HeadsetReceiver: getCurrentHeadsetState: false
10-27 19:04:56.623  2836  3042 I DeviceStatus: nativeHeadsetEvent(0)
10-27 19:04:56.624  2836  2836 D [SEO] BaseOverlayService: setOverlayInputFocus : completed - inputFocus=true shouldSupportIME=true actionTaken:true
10-27 19:04:56.625  2836  3042 I VrRuntimeClient: SetCompositorClientFeatureFlag ClientFeatureFlag 0 
10-27 19:04:56.625  2836  3042 I LogTimer: CPUTIME: VrRuntimeClient_BeginSession took 20.4660 ms
10-27 19:04:56.625  2836  3042 I ClientInputInterface: DEADRECKONING SetControllerTrackingExtendedDeadreckoning 0
10-27 19:04:56.625  2836  3042 I ClientInputSettings: HANDTRACKING package name is com.oculus.vrshell
10-27 19:04:56.628  1388  9918 I CompositorVR: WarpToScreen: Skipping frames for 8
10-27 19:04:56.628  2836  3042 I ClientInputSettings: HANDTRACKING: Manifest Permission request for com.oculus.vrshell
10-27 19:04:56.629  2836  3042 I ClientInputSettings: HANDTRACKING:  'com.oculus.vrshell' Is hands or controller.
10-27 19:04:56.629  2836  3042 I ClientInputSettings: HANDTRACKING: feature flag set to 2
10-27 19:04:56.629  2836  3042 I ClientInputInterface: HANDTRACKING sethandmanifest 2
10-27 19:04:56.629  2836  3042 D InputHooksJava: Enabling Java Input Hooks
10-27 19:04:56.629  2836  3042 W InputHooksJava: Unable to enable input hooks on a non-Activity Context
10-27 19:04:56.629  2836  3042 I InputDeviceManager: ovrInputDeviceManager::Initialize
10-27 19:04:56.630  2836 10525 I InputDevice_TrackedRemote: Using new float conversion.
10-27 19:04:56.630  1799  1799 D ControllerNotifications: Enabling notifications
10-27 19:04:56.630   852  1036 W TrackingService: attachClient: found client in attached list
10-27 19:04:56.631   852  1036 D TrackingService: getSharedMemory: com.oculus.vrshell#2836, HeadTracker
10-27 19:04:56.631  2836  3042 I Distortion: Initializing Mesh Decenter Correction
10-27 19:04:56.631  1799  1799 I ControllerNotifications: Updating input notifications based on state ConnectedBatteryNormal
10-27 19:04:56.631   852  3737 W TrackingService: attachClient: found client in attached list
10-27 19:04:56.632   846  1041 E CalibrationProvider: loadCalibration(LDISP_SN) failed: Calibration store didn't load any info
10-27 19:04:56.632   846  1041 E CalibrationProvider: loadCalibration(RDISP_SN) failed: Calibration store didn't load any info
10-27 19:04:56.632  2836  3042 I Distortion: SetLensPositions - iad=0.0630218, left offset=-0.000249941,-0.00102733, right offset=0.000129107,-0.00104481
10-27 19:04:56.632  2836  3042 I Distortion: Initializing Mesh Decenter Correction
10-27 19:04:56.632   852  3737 D TrackingService: getSharedMemory: com.oculus.vrshell, Controller
10-27 19:04:56.633   846  1041 E CalibrationProvider: loadCalibration(LDISP_SN) failed: Calibration store didn't load any info
10-27 19:04:56.633  2836 10525 I InputDevice_TrackedRemote: REMOTE: Hand=1 IndexAnalog=0.00 GripAnalog=0.00 Buttons=0x00000000
10-27 19:04:56.633  2836 10525 I InputDevice_TrackedRemote: REMOTE: Hand=2 IndexAnalog=0.00 GripAnalog=0.00 Buttons=0x00000000
10-27 19:04:56.633   846  1041 E CalibrationProvider: loadCalibration(RDISP_SN) failed: Calibration store didn't load any info
10-27 19:04:56.633  2836 10525 I InputDeviceManager: HANDTRACKING Pointer filter profile changed to: 0
10-27 19:04:56.633  2836 10525 I InputDeviceManager: HANDTRACKING Pointer filter profile changed to: 0
10-27 19:04:56.633  2836 10525 I InputDeviceManager: HANDTRACKING Root pose filter profile changed for (version, freq) to (2, 1) from (1,2)
10-27 19:04:56.633  2836  3042 I Distortion: SetLensPositions - iad=0.0630218, left offset=-0.000249941,-0.00102733, right offset=0.000129107,-0.00104481
10-27 19:04:56.633  2836  3042 I Distortion: Created custom distortion mesh.
10-27 19:04:56.633  2836  3042 I PhaseSync: PhaseSync::PhaseSync PaddingLowerLimit 0.350000 StandardDeviations 2.000000 PaddingUpperLimit 0.750000 on instance 1
10-27 19:04:56.633  2836  3042 I VrRuntimeClient: PhaseSync Instance created
10-27 19:04:56.634  1388  3041 I VrRuntimeService: RuntimeServiceSDKServer::EnableRendering: 0x0, 0, com.oculus.vrshell
10-27 19:04:56.635   882  4250 D VrApiService: refresh-rate changed to 90Hz
10-27 19:04:56.636  1388  2329 I VrRuntimeServer: DisableCompositorClient: 0
10-27 19:04:56.636  1388  2329 I CompositorClientMgr: Disable client 0
10-27 19:04:56.636  1388  2329 I CompositorClientMgr: DisableClient: frame flush required: 1
10-27 19:04:56.636   852  3737 W TrackingService: attachClient: found client in attached list
10-27 19:04:56.636  1388  1388 I ClientMgr: FocusedClient changed.
10-27 19:04:56.636  1388  1388 I ClientMgr: ClientMgr::SetFocusedClient: 2836:com.oculus.vrshell type 1
10-27 19:04:56.636  1388  1388 I ClientMgr: SetFocusedPackageName - packageName com.oculus.vrshell processName com.oculus.vrshell clientId 404785944 clientPid 2836
10-27 19:04:56.636  1388  1388 I VrRuntimeService: RuntimeIPC: SendFocusChangeEventToAllClients: PostClientEvent SUCCESS: com.YourCompany.TemplateProject2:com.YourCompany.TemplateProject2:10144, com.oculus.vrshell, com.oculus.vrshell
10-27 19:04:56.636  1388  1388 I VrRuntimeService: RuntimeIPC: SendFocusChangeEventToAllClients: PostClientEvent SUCCESS: com.oculus.mrservice:com.oculus.mrservice:1862, com.oculus.vrshell, com.oculus.vrshell
10-27 19:04:56.636  1388  1388 I VrRuntimeService: RuntimeIPC: SendFocusChangeEventToAllClients: PostClientEvent SUCCESS: com.oculus.xrstreamingclient:com.oculus.xrstreamingclient:4150, com.oculus.vrshell, com.oculus.vrshell
10-27 19:04:56.636  1388  1388 I VrRuntimeService: RuntimeIPC: SendFocusChangeEventToAllClients: PostClientEvent SUCCESS: com.oculus.vrshell:com.oculus.vrshell:Overlay:2330, com.oculus.vrshell, com.oculus.vrshell
10-27 19:04:56.636  1388  1388 I VrRuntimeService: RuntimeIPC: SendFocusChangeEventToAllClients: PostClientEvent SUCCESS: com.oculus.vrshell:com.oculus.vrshell:2836, com.oculus.vrshell, com.oculus.vrshell
10-27 19:04:56.636  1388  1388 I VrRuntimeService: RuntimeIPC: SendFocusChangeEventToAllClients: PostClientEvent SUCCESS: com.oculus.shellenv:com.oculus.shellenv:2092, com.oculus.vrshell, com.oculus.vrshell
10-27 19:04:56.636  1388  1388 I VrRuntimeService: RuntimeIPC: SendFocusChangeEventToAllClients: PostClientEvent SUCCESS: com.oculus.guardian:com.oculus.vrguardianservice:2830, com.oculus.vrshell, com.oculus.vrshell
10-27 19:04:56.636   747  1005 I SDM     : HWCDisplayBuiltIn::Validate: Validate +++ enable cac = 0
10-27 19:04:56.636  1388  1388 D VrRuntimeService: onForegroundActivitiesChanged: pid=2836, uid=10020, hasForegroundActivities=false
10-27 19:04:56.636  1388  3041 I ClientMgr: EnableRendering2: invalid clientWindow, testing uid/pid
10-27 19:04:56.636  1388  3041 I ClientMgr: EnableRendering2: matched uid: 10020 and pid: 2836 
10-27 19:04:56.636  1388  3041 I ClientMgr: EnableRendering2: Calling SetFocusedClient: 404785944
10-27 19:04:56.636  1388  3041 I ClientMgr: ClientMgr::SetFocusedClient: 2836:com.oculus.vrshell type 1
10-27 19:04:56.636  1388  3041 I ClientMgr: SetFocusedPackageName - packageName com.oculus.vrshell processName com.oculus.vrshell clientId 404785944 clientPid 2836
10-27 19:04:56.636  1388  3041 I ClientMgr: ClientMgr::EnableRendering 2836:com.oculus.vrshell : type 1 comp-id 3: enable
10-27 19:04:56.636  1388  3041 I CompositorClientMgr: Enable client 3
10-27 19:04:56.636  1388  3041 I VrRuntimeServer: EnableCompositorClient client(3): layer placement(2147483647) flags(0) sm(0x78367e4010)
10-27 19:04:56.636  1388  3041 I CompositorVR: CheckDebuggerConnected: debugger 0
10-27 19:04:56.636  1388  3041 I VrRuntimeServer: SysProp debug mode is disabled on Server side
10-27 19:04:56.638  4150  4227 E OsSdk   : error getting shared memory region, memory type: HeadTracker, failed with Status(-1, EX_SECURITY): 'requested shared memory region when not registered/focused'
10-27 19:04:56.638  2330  2754 I [OAO] ShellOverlayApp: 0xce44bc20 msg: overlayCommand:
10-27 19:04:56.638  2330  2754 I [OAO] ShellOverlayApp: command = primaryPackageChanged
10-27 19:04:56.638  2330  2754 I [OAO] ShellOverlayApp: Process_OverlayCommand command : primaryPackageChanged
10-27 19:04:56.638  2330  2754 I [OAO] ShellOverlayApp: UpdatePrimaryPackage forceSilentUpdate:0
10-27 19:04:56.638  2330  2754 I [OAO] ShellOverlayApp: UpdatePrimaryPackage Requested for PackageName:com.oculus.shellenv
10-27 19:04:56.638  2330  2754 I [OAO] ShellOverlayApp: UpdatePrimaryPackage - Previous package:[com.oculus.shellenv] immersive app changed:1
10-27 19:04:56.638  2330  2754 I [OAO] OverlayFlowController: OnPrimaryPackageChange primaryPackage:com.oculus.shellenv immersiveAppChanged:1 forceSilentUpdate:0
10-27 19:04:56.638  2330  2754 I [OAO] OverlayFlowController: Non system primary client change: ready to sleep
10-27 19:04:56.638  2330  2754 I [OAO] OverlayFlowController: Reset resetReason : ReturnToShellHome
10-27 19:04:56.638  2330  2754 I [OAO] OverlayFlowController: Reset resetting current flow : OverlayDesktopFlow
10-27 19:04:56.638  2330  2754 I [OAO] OverlayDesktopFlow: Deactivated
10-27 19:04:56.639  2330  2754 I [OAO] DesktopPanelController: Backgrounded desktop Tablet with reason flowDeactivation
10-27 19:04:56.639  2330  2754 I [OAO] OverlayDesktopFlow: OverlayDesktopFlow Reset
10-27 19:04:56.639  2330  2754 I [OAO] DesktopPanelControllerAnalytics: DesktopPanelControllerAnalytics flushing telemetry
10-27 19:04:56.639  2330  2754 I [OAO] DesktopPanelControllerAnalytics: FlushPendingDesktopMetrics Tablet
10-27 19:04:56.639  2330  2754 I [OAO] DesktopPanelControllerAnalytics: DesktopPanelControllerAnalytics flushing telemetry
10-27 19:04:56.639  2330  2754 I [OAO] SystemAssistant: OnModeChanged from Paused to FullShell
10-27 19:04:56.641  2330  2754 I [OAO] SystemAssistant: Assistant panel is not active. Command [hide-attention-instant] could not be sent
10-27 19:04:56.641  2330  2754 I [OAO] PanelAppHost: PanelAppHost destructor, panel 1 (com.oculus.systemux/com.oculus.panelapp.anytimeui.AnytimeUIAndroidPanelService)
10-27 19:04:56.641  2330  2754 I [OAO] PanelAppHost: Panel app 1 (com.oculus.systemux/com.oculus.panelapp.anytimeui.AnytimeUIAndroidPanelService) changing state from foreground to shutdown
10-27 19:04:56.641  2330  2754 D [OAO] ShellApplication: Unbinding service for panel app id 1
10-27 19:04:56.642  1388  9918 I CompositorVR: LatchWarpClients: Multiple Primary Clients detected. Skipping frames for 8
10-27 19:04:56.642  1388  9918 I CompositorVR: WarpToScreen: Skipping frames for 8
10-27 19:04:56.644  1388  3041 I UnifiedTelemetryWrapper: Started UT session render:com.oculus.vrshell
10-27 19:04:56.644  2836  3042 I VrApi   : OVR::Stats thread started
10-27 19:04:56.644  2836  3042 I XrRuntimeUtils: XrRuntimeUtils::BeginSession
10-27 19:04:56.644  2836  3042 I XrRuntimeSystem_Client: BeginSession
10-27 19:04:56.644  2836  3042 I OpenXR  : ------------ xrBeginSession [end] -----------
10-27 19:04:56.644  1862  3226 I [CT]    : MIXEDREALITY: MrFeatureStatus: Client status changed from Paused to Started.
10-27 19:04:56.644  1862  3226 I [CT]    : MIXEDREALITY: MrFeatureStatus: Target status Started, CurrentStatus: Started
10-27 19:04:56.644  2836  3042 I [SEO] VrPlatformOpenXr: VrPlatformOpenXr::SetPropInhibitHandleHomeKey inhibit:1
10-27 19:04:56.644  2836  3042 I OpenXR_DeviceSettings: ------------ xrSetDeviceSettingBooleanFB -----------
10-27 19:04:56.644  2836  3042 I ClientInputSettings: SetInhibitHandleHomeKey = true for com.oculus.vrshell
10-27 19:04:56.644  2836  3042 I ClientInputInterface: SetInhibitHandleHomeKey 1 for process com.oculus.vrshell 2836
10-27 19:04:56.644  2836  3042 I [SEO] VrPlatformOpenXr: VrPlatformOpenXr::SetPropInhibitHandleHomeKey result = 0
10-27 19:04:56.645  2836  3042 I [SEO] Compositor: EnterVrMode with eye buffer: 1440x1584 : 3
10-27 19:04:56.645  2836  3042 I [SEO] AudioMixer: Enabling AudioPlayer.
10-27 19:04:56.645  2836  3042 I [SEO] AudioEngine: virtual void AudioLibrary::AudioEngine::EnablePlayer()
10-27 19:04:56.646  2836  3042 D         : PlayerBase::PlayerBase()
10-27 19:04:56.646  1862  3175 I [CT]    : MIXEDREALITY: MrServiceView: renderIteration: Nothing to render, hibernating the rendering thread since ID is off and no active PT layers.
10-27 19:04:56.646  1862  3175 I [CT]    : MIXEDREALITY: MrServiceModel: Hibernating caller (most likely rendering thread) due to commandQueue being empty.
10-27 19:04:56.647  2836  3042 D         : TrackPlayerBase::TrackPlayerBase()
10-27 19:04:56.647  2836  3042 I libOpenSLES: Emulating old channel mask behavior (ignoring positional mask 0x3, using default mask 0x3 based on channel count of 2)
10-27 19:04:56.648  2836 10528 D VrApi   : targetSDKVersion 29
10-27 19:04:56.652  3400  3400 D CppPanelService: onDestroy()
10-27 19:04:56.656  1388  9918 I CompositorVR: WarpToScreen: Skipping frames for 8
10-27 19:04:56.656   733   733 I audio_hw_primary: getting vr mode to 0
10-27 19:04:56.658   753   753 I AudioPolicyManagerCustom: VR mode is 0, switch to primary output if request is for fast|raw
10-27 19:04:56.660  2836 10528 I JniUtils: ovr_GetCurrentPackageSignature 
10-27 19:04:56.661  2836 10528 I Metrics : device name = Oculus Quest 2
10-27 19:04:56.661  1388  9918 I Vsync   : Vsync 6687:  1 x 11.14 ms (71.83 Hz, at 2803.882)
10-27 19:04:56.663   753   753 W AudioFlinger: createTrack_l(): mismatch between requested flags (00000104) and output flags (00000006)
10-27 19:04:56.663   753   753 D AudioFlinger: Client defaulted notificationFrames to 192 for frameCount 384
10-27 19:04:56.665   753   753 D AF::TrackHandle: OpPlayAudio: track:94 uid:10020 pkg:com.oculus.vrshell usage:1 not muted
10-27 19:04:56.667  2836  3042 I AudioTrack: createTrack_l(0): AUDIO_OUTPUT_FLAG_FAST successful; frameCount 0 -> 384
10-27 19:04:56.667  1388  9918 I CompositorVR: WarpToScreen: Skipping frames for 8
10-27 19:04:56.670  1448  1448 V AvrcpMediaPlayerList: onPlaybackConfigChanged(): Configs list size=9
10-27 19:04:56.672  1388  9918 I Vsync   : Vsync 6688:  1 x 11.14 ms (71.83 Hz, at 2803.893)
10-27 19:04:56.673  3400  3400 I PanelService: VR Shell socket closed(ECONNRESET); shutting down fd: 68
10-27 19:04:56.673  3400  3400 I PanelService: Quitting application via hardExit flag. Shutting down fd 68.
10-27 19:04:56.675  2836  3042 D [SEO] ShellApplication: requestAudioFocus, transientFocus=false
10-27 19:04:56.675  2836  3042 W AudioManager: Use of stream types is deprecated for operations other than volume control
10-27 19:04:56.675  2836  3042 W AudioManager: See the documentation of requestAudioFocus() for what to use instead with android.media.AudioAttributes to qualify your playback use case
10-27 19:04:56.676  2330  2754 I [OAO] SwapChainApiOpenXr: Destroying SwapChain:0xec6cffe0
10-27 19:04:56.676  1388  2676 I VrRuntimeService: DestroySwapChain: swapchain=132
10-27 19:04:56.676  1388  2297 I SwapChain: DestroyAndroidSurfaceSwapChain: 0x77d2913000: Destroying SurfaceTexture 0x2786 Surface 0x2796
10-27 19:04:56.676  1051  1629 I MediaFocusControl: requestAudioFocus() from uid/pid 10020/2836 clientId=android.media.AudioManager@a56109dcom.oculus.vrshell.ShellAudioFocusHandler@6231912 callingPack=com.oculus.vrshell req=1 flags=0x0 sdk=29
10-27 19:04:56.676  1388  2676 I VrRuntimeServer: DestroyTextureSwapChain: result destroyswapchain 1
10-27 19:04:56.676  3400  3400 V LifecycleAwareViewModelStore: LifecycleAwareViewModelStore destroyed
10-27 19:04:56.677  2330  2754 I [OAO] SwapChainApiOpenXr: Destroying SwapChain:0xec6cfdb0
10-27 19:04:56.677  3400  3400 V LifecycleAwarePanelApp: PanelApp lifecycle moved to final state: DESTROYED
10-27 19:04:56.677  1388  2676 I VrRuntimeService: DestroySwapChain: swapchain=131
10-27 19:04:56.677  3400  3400 I AndroidPanelApp: Destroyed
10-27 19:04:56.677  1388  2297 I SwapChain: DestroyAndroidSurfaceSwapChain: 0x77d290f000: Destroying SurfaceTexture 0x274a Surface 0x2756
10-27 19:04:56.677  1388  2676 I VrRuntimeServer: DestroyTextureSwapChain: result destroyswapchain 1
10-27 19:04:56.677  2330  2754 I [OAO] SystemDialogController: Reset
10-27 19:04:56.677  2330  2754 I [OAO] DialogControllerManager: Reset resetReason:6
10-27 19:04:56.677  2330  2754 I [OAO] OverlayFlowController: Reset - Resetting lastNonSystemPackageName to empty
10-27 19:04:56.677  2330  2754 I [OAO] OverlayFlowController: OnPrimaryPackageChange Setting lastNonSystemPackageName = com.oculus.shellenv
10-27 19:04:56.677  2330  2754 I [OAO] OsDialogProvider: dialogHostClient disconnected
10-27 19:04:56.677  2330  2754 I RuntimeIPCClientMgr: RuntimeIPCClientMgr::DisconnectFromServer: 0, Client: com.oculus.vrshell:com.oculus.vrshell:Overlay:2330, Server: com.oculus.os.dialoghost:com.oculus.os.dialoghost (DialogHostService)
10-27 19:04:56.677  2836  3042 I [SEO] AudioSystem: Got audio focus : 1
10-27 19:04:56.678  1388  9918 I CompositorVR: WarpToScreen: Skipping frames for 8
10-27 19:04:56.678  1840  4126 I RuntimeIPCServerMgr: HandleClientDisconnect: Client: com.oculus.vrshell:com.oculus.vrshell:Overlay:2330, Server: com.oculus.os.dialoghost:com.oculus.os.dialoghost (DialogHostService)
10-27 19:04:56.678  3400  3400 D [SUI] AnytimeUIPanelAppBase: Releasing viewModel DynamicAppsViewModel refCount: 1
10-27 19:04:56.678  3400  3400 D [SUI] AnytimeUIPanelAppBase: Releasing viewModel SharingViewModel refCount: 0
10-27 19:04:56.678  3400  3400 D [SUI] SharingViewModel: Destroying ViewModel
10-27 19:04:56.678  2330  2754 I RuntimeIPCClient: RuntimeIPCClient: Shutdown: Client: com.oculus.vrshell:com.oculus.vrshell:Overlay:2330, Server: com.oculus.os.dialoghost:com.oculus.os.dialoghost (DialogHostService)
10-27 19:04:56.678  2330  2754 I RuntimeIPCApi: ipc_Shutdown
10-27 19:04:56.678  2330  2754 I RuntimeIPCServiceClient: Shutdown: Refs still outstanding: 18, com.oculus.vrshell:Overlay
10-27 19:04:56.678  2330  2754 I [OAO] OverlaySystemUxOsDialogFlow: OverlaySystemUxOsDialogFlow UpdatePrimaryPackage isVrShellPackage:1 isSystemPackage:0
10-27 19:04:56.678  2330  2754 I [OAO] OverlayGuardianPtodFlow: OverlayGuardianPtodFlow UpdatePrimaryPackage lastNonSystemPackage:com.oculus.shellenv isVrShellPackage1
10-27 19:04:56.678  2330  2754 I [OAO] OverlayGuardianFlow: OverlayGuardianFlow UpdatePrimaryPackage lastNonSystemPackage:com.oculus.shellenv isVrShellPackage1
10-27 19:04:56.679  2330  2754 I VrRuntimeClient: Client has lost focus.
10-27 19:04:56.679  2330  2754 I OpenXR  : PostSessionStateChange: XR_SESSION_STATE_FOCUSED -> XR_SESSION_STATE_VISIBLE
10-27 19:04:56.679  2330  2754 I [OAO] VrPlatformOpenXr: xrPollEvent: received XR_TYPE_EVENT_DATA_SESSION_STATE_CHANGED: 4 for session 0x3 at time 2803.898977
10-27 19:04:56.679   733   733 D msm8974_platform: platform_split_snd_device: snd_device(22) num devices(1) new_snd_devices(0)
10-27 19:04:56.679   733   733 D ACDB-LOADER: ACDB -> send_audvoltable
10-27 19:04:56.679   733   733 D ACDB-LOADER: ACDB -> ACDB_CMD_GET_AUDPROC_INSTANCE_GAIN_DEP_STEP_TABLE_SIZE
10-27 19:04:56.679   733   733 D         : Failed to fetch the lookup information of the device 0000000F 
10-27 19:04:56.679   733   733 D ACDB-LOADER: Error: ACDB_CMD_GET_AUDPROC_INSTANCE_GAIN_DEP_STEP_TABLE_SIZE Returned = -19
10-27 19:04:56.679   733   733 D ACDB-LOADER: ACDB -> ACDB_CMD_GET_AUDPROC_INSTANCE_GAIN_DEP_STEP_TABLE, vol index 11
10-27 19:04:56.679   733   733 D         : Failed to fetch the lookup information of the device 0000000F 
10-27 19:04:56.679   733   733 D ACDB-LOADER: Error: ACDB AudProc vol returned = -19
10-27 19:04:56.679   733   733 D ACDB-LOADER: ACDB -> AUDIO_SET_VOL_CAL cal type = 40
10-27 19:04:56.679  2836  3042 I [SEO] EnvironmentManagerUtilities: Skipping entitlement check for sideloaded environment apk://com.environment.matrixloadingvoid/assets/scene.zip.
10-27 19:04:56.680  2836  3042 I [SEO] LocalSpace: ResetNextFrame
10-27 19:04:56.680  2836  3042 I [SEO] SystemAssistant: OnModeChanged from ImmersiveAppFocused to FullShell
10-27 19:04:56.680  2330  2754 I [OAO] VrPlatformOpenXr: Session state changed XR_SESSION_STATE_VISIBLE
10-27 19:04:56.680   852  3737 W TrackingService: attachClient: found client in attached list
10-27 19:04:56.680  2330  2754 I [OAO] ShellOverlayApp: ResolveInteractionState: change from InputFocus to None
10-27 19:04:56.680  2330  2754 I [OAO] ShellOverlayApp: LeaveVrMode: Interaction state from InputFocus to None
10-27 19:04:56.680  2330  2754 I [OAO] ShellTransitionState: Logging ShellTransitionState to dumpsys: {"state":"Backgrounding","timeMillis":"2803900"}
10-27 19:04:56.680  2330  2754 I [OAO] ShellOverlayApp: EmptyFrame: Pushing an empty frame
10-27 19:04:56.680  2836  3042 I [SEO] LocalSpace: EnterVrMode: Setting local pose state.
10-27 19:04:56.682  4150  4227 E OsSdk   : error getting shared memory region, memory type: HeadTracker, failed with Status(-1, EX_SECURITY): 'requested shared memory region when not registered/focused'
10-27 19:04:56.682   852  1036 W TrackingService: attachClient: found client in attached list
10-27 19:04:56.686  4150  4227 E OsSdk   : error getting shared memory region, memory type: AnchorTracker, failed with Status(-1, EX_SECURITY): 'requested shared memory region when not registered/focused'
10-27 19:04:56.687  1388  9918 I CompositorVR: WarpToScreen: Skipping frames for 8
10-27 19:04:56.687  2092  2172 I Clay    : xrPollEvent: DISPLAY_REFRESH_RATE_CHANGED_FB: 72.000000 -> 90.000000
10-27 19:04:56.687  2330  2754 I [OAO] VrPlatformOpenXr: VrPlatformOpenXr::SetPropInhibitHandleHomeKey inhibit:0
10-27 19:04:56.687  2330  2754 I OpenXR_DeviceSettings: ------------ xrSetDeviceSettingBooleanFB -----------
10-27 19:04:56.687  2330  2754 I ClientInputSettings: SetInhibitHandleHomeKey = false for com.oculus.vrshell
10-27 19:04:56.687  2330  2754 I ClientInputInterface: SetInhibitHandleHomeKey 0 for process com.oculus.vrshell 2330
10-27 19:04:56.687  2330  2754 I [OAO] VrPlatformOpenXr: VrPlatformOpenXr::SetPropInhibitHandleHomeKey result = 0
10-27 19:04:56.687  3400  3400 D [SUI] SharingViewModel: clearAbuseReportRecordingTimer
10-27 19:04:56.688  3400  3400 D [SUI] BarView: Destroying BarView
10-27 19:04:56.688  3400  3400 D [SUI] SocialViewModel: removeObserver(): -$$Lambda$SystemStatusView$hvdttGlyfUmlGZJVTLPJRt2c5Fk
10-27 19:04:56.688  3400  3400 D [SUI] AnytimeUIPanelAppBase: Releasing viewModel SocialViewModel refCount: 1
10-27 19:04:56.688  1799  1799 D OculusNotificationListenerService: Notification posted: 0|android|0|com.android.server.wm.AlertWindowNotification - com.oculus.vrshell|1000
10-27 19:04:56.689  2330  2754 I [OAO] SwapChainApiOpenXr: Destroying SwapChain:0xcafe0550
10-27 19:04:56.689  1388  2676 I VrRuntimeService: DestroySwapChain: swapchain=149
10-27 19:04:56.689  1388  2676 I VrRuntimeServer: DestroyTextureSwapChain: result destroyswapchain 1
10-27 19:04:56.689  2330  2754 I [OAO] SwapChainApiOpenXr: Destroying SwapChain:0xcafde5d0
10-27 19:04:56.694  3400  3400 D [SUI] AnytimeUIPanelAppBase: Releasing viewModel SystemStatusViewModel refCount: 0
10-27 19:04:56.695  3400  3400 D [SUI] AnytimeUIPanelAppBase: Releasing viewModel BarViewModel refCount: 1
10-27 19:04:56.695  3400  3400 D [SUI] StatusViewModel: Destroying ViewModel
10-27 19:04:56.695  1388  2676 I VrRuntimeService: DestroySwapChain: swapchain=148
10-27 19:04:56.695  1388  2676 I VrRuntimeServer: DestroyTextureSwapChain: result destroyswapchain 1
10-27 19:04:56.697  2330  2754 I [OAO] SwapChainApiOpenXr: Destroying SwapChain:0xec6d0520
10-27 19:04:56.698  1388  9918 I CompositorVR: WarpToScreen: Skipping frames for 8
10-27 19:04:56.699  2330  2330 D VrNotificationAnalytics: logNotificationPosted: key(0|android|0|com.android.server.wm.AlertWindowNotification - com.oculus.vrshell|1000), type(third_party), isToast(false)
10-27 19:04:56.700  1388  2676 I VrRuntimeService: DestroySwapChain: swapchain=133
10-27 19:04:56.703  2330  2754 I [OAO] DragDropController: OnBackground
10-27 19:04:56.703  2330  2754 I [OAO] DesktopPanelControllerAnalytics: DesktopPanelControllerAnalytics flushing telemetry
10-27 19:04:56.703  2330  2754 I [OAO] VrPlatformOpenXr: RequestEndSession state XR_SESSION_STATE_VISIBLE    focused:0
10-27 19:04:56.704  2330  2754 D [OAO] ShellApplication: setOverlayInputFocus: inputFocus=false shouldSupportIME=false
10-27 19:04:56.704  2330  2754 D [OAO] BaseOverlayService: setOverlayInputFocus : entrypoint - inputFocus=false shouldSupportIME=false
10-27 19:04:56.704  2330  2754 I OpenXR  : ------------ RequestExitSession [start] -----------
10-27 19:04:56.704  2330  2754 I OpenXR  : ------------ RequestExitSession [end] -----------
10-27 19:04:56.704  2330  2330 I [OAO] VrNotificationListenerService: onNotificationPosted() - key = 0|android|0|com.android.server.wm.AlertWindowNotification - com.oculus.vrshell|1000, type = third_party, isToast = false, isBlocked with reason = true Blocked by does not contain all markers for a toast notification
10-27 19:04:56.705  2330  2330 D [OAO] VrBroadcastReceiver: action: com.oculus.vrshell.intent.action.NOTIFICATION_WAKE
10-27 19:04:56.706  3400  3400 D [SUI] AnytimeUIPanelAppBase: Releasing viewModel ActiveCallBarViewModel refCount: 0
10-27 19:04:56.706  3400  3400 D [SUI] AnytimeUIPanelAppBase: Releasing viewModel SocialViewModel refCount: 0
10-27 19:04:56.706  3400  3400 D [SUI] SocialViewModel: Destroying ViewModel
10-27 19:04:56.706  2330  2754 I OpenXR  : PostSessionStateChange: XR_SESSION_STATE_VISIBLE -> XR_SESSION_STATE_SYNCHRONIZED
10-27 19:04:56.706  2330  2754 I [OAO] VrPlatformOpenXr: xrPollEvent: received XR_TYPE_EVENT_DATA_DISPLAY_REFRESH_RATE_CHANGED_FB event: fromRate 72.000000 -> toRate 90.000000
10-27 19:04:56.707  2330  2754 I OpenXR  : PostSessionStateChange: XR_SESSION_STATE_SYNCHRONIZED -> XR_SESSION_STATE_STOPPING
10-27 19:04:56.707  2330  2754 I [OAO] VrPlatformOpenXr: xrPollEvent: received XR_TYPE_EVENT_DATA_SESSION_STATE_CHANGED: 3 for session 0x3 at time 2803.926813
10-27 19:04:56.707  2330  2754 I [OAO] VrPlatformOpenXr: Session state changed XR_SESSION_STATE_SYNCHRONIZED
10-27 19:04:56.707  2330  2754 I [OAO] VrPlatformOpenXr: xrPollEvent: received XR_TYPE_EVENT_DATA_SESSION_STATE_CHANGED: 6 for session 0x3 at time 2803.926958
10-27 19:04:56.707  2330  2754 I [OAO] VrPlatformOpenXr: Session state changed XR_SESSION_STATE_STOPPING
10-27 19:04:56.707  2330  2754 I [OAO] VrPlatformOpenXr: EndSession state XR_SESSION_STATE_STOPPING    focused:0
10-27 19:04:56.707  2330  2754 I [OAO] VrPlatformOpenXr: EndSession calling MrServiceClient EndSession
10-27 19:04:56.707  1862  3185 I [CT]    : MIXEDREALITY: MrFeatureStatus: Client status changed from Started to Paused.
10-27 19:04:56.707  1862  3185 I [CT]    : MIXEDREALITY: MrFeatureStatus: Target status Started, CurrentStatus: Started
10-27 19:04:56.707  1862  3175 I [CT]    : MIXEDREALITY: VrApiSupport: renderIteration: Display refresh rate changed, new value: 90.
10-27 19:04:56.707  1862  3175 I [CT]    : MIXEDREALITY: MrRuntimeImpl: onDisplayRefreshRateChanged: Display rate changed from 72 to 90.
10-27 19:04:56.707  1862  3175 I [CT]    : MIXEDREALITY: MrRuntimeImpl: Force telemetry to be sent now.
10-27 19:04:56.707  1862  3175 I [CT]    : MIXEDREALITY: MrRuntimeImpl: Reset telemetry such to start collecting data using the new refresh rate.
10-27 19:04:56.707  1862  3175 I [CT]    : MIXEDREALITY: MrRuntimeImpl: setSessionInitTime: Capability 0: timer set to 2803.92751799 ns, duration reset after 91.27648309 s.
10-27 19:04:56.707  1862  3175 I [CT]    : MIXEDREALITY: MrRuntimeImpl: setSessionInitTime: Capability 2: timer set to 2803.927539657 ns, duration reset after 2711.888783444 s.
10-27 19:04:56.708  1862  3175 I [CT]    : MIXEDREALITY: MrServiceView: renderIteration: Nothing to render, hibernating the rendering thread since ID is off and no active PT layers.
10-27 19:04:56.708  1862  3175 I [CT]    : MIXEDREALITY: MrServiceModel: Hibernating caller (most likely rendering thread) due to commandQueue being empty.
10-27 19:04:56.708  3400  3400 I PresenceAPK(ServicePresenceClient): ServicePresenceClient close
10-27 19:04:56.708  2330  2754 I [OAO] VrPlatformOpenXr: EndSession MrServiceClient EndSession passed
10-27 19:04:56.708  2330  2754 I [OAO] VrPlatformOpenXr: EndSession calling xrEndSession
10-27 19:04:56.708  2330  2754 I OpenXR  : ------------ xrEndSession [start] -----------
10-27 19:04:56.708  3400  3400 I PresenceAPK(GroupManager): removeListener with id SystemCallGroup
10-27 19:04:56.708  2330  2754 I XrRuntimeUtils: XrRuntimeUtils::EndSession
10-27 19:04:56.708  3400  3400 I PresenceAPK(ServiceApiManager): onApiNotReady
10-27 19:04:56.708  3400  3400 D PresenceAPK(ServicePresenceClient): Calling onServiceDown
10-27 19:04:56.708  3400  3400 I PresenceAPK(GroupManager): disconnected
10-27 19:04:56.709  2330  2330 D [OAO] BaseOverlayService: detachServiceWindowView
10-27 19:04:56.709  1388  9918 I CompositorVR: WarpToScreen: Skipping frames for 8
10-27 19:04:56.709  3400  3400 D [SUI] MessengerCallViewModel: removeObserver
10-27 19:04:56.709  3400  3400 D [SUI] AnytimeUIPanelAppBase: Releasing viewModel MessengerCallViewModel refCount: 0
10-27 19:04:56.710  2330  2754 D VrApi   : targetSDKVersion 29
10-27 19:04:56.710  3400  3400 D HyperspaceClient: destroy - start
10-27 19:04:56.714  2330  2754 I VrRuntimeClient: DEVICE MODEL NUMBER = Quest 2
10-27 19:04:56.714  2330  2754 I VrRuntimeClient: DEVICE BUILD NAME = user-47421700667400000
10-27 19:04:56.714  2330  2754 I VrRuntimeClient: DEVICE BUILD TYPE = user
10-27 19:04:56.714  2330  2754 I VrRuntimeClient: DEVICE OS VERSION = 10
10-27 19:04:56.714  2330  2754 I VrRuntimeClient: API LOADER VERSION = 1.0.22
10-27 19:04:56.714  2330  2754 I VrRuntimeClient: RUNTIME API VERSION = 1.0.24
10-27 19:04:56.714  2330  2754 I VrRuntimeClient: RUNTIME VERSION = 46.0.0.226.0 Sep  6 2022 02:18:30 RELEASE
10-27 19:04:56.714  2330  2754 I VrRuntimeClient: APP NAME = Oculus App Runtime
10-27 19:04:56.714  2330  2754 I VrRuntimeClient: APP VERSION = 46.0.0.226.0 versionCode 406523266 internalVersionName 46.0.0.226.0.5b7f9b66a2a2 2022_10_06_18_22
10-27 19:04:56.714  2330  2754 I VrRuntimeClient: APP VR TYPE = vr_only
10-27 19:04:56.714  2330  2754 I VrRuntimeClient: APP MODE TYPE = VR
10-27 19:04:56.714  2330  2754 I VrRuntimeClient: APP PACKAGE NAME = com.oculus.vrshell
10-27 19:04:56.714  2330  2754 I VrRuntimeClient: APP ACTIVITY CLASS = com.oculus.vrshell.ShellOverlayService
10-27 19:04:56.720  2330  2330 D [OAO] BaseOverlayService: setOverlayInputFocus : completed - inputFocus=false shouldSupportIME=false actionTaken:true
10-27 19:04:56.720  2330  2330 D [OAO] VrNotificationService: VrNotificationService onStartCommand() Intent { cmp=com.oculus.vrshell/.VrNotificationService }
10-27 19:04:56.721  1388  9918 I CompositorVR: WarpToScreen: Skipping frames for 8
10-27 19:04:56.724  1799  1799 D OculusNotificationListenerService: Notification removed: 0|android|0|com.android.server.wm.AlertWindowNotification - com.oculus.vrshell|1000
10-27 19:04:56.726  2836  3042 I ipcLoader_static: RuntimeIPC: Loader: IPC Service API Loader Version: 31 Sep 26 2022 14:33:58
10-27 19:04:56.726  2836  3042 I RuntimeIPCApi: ipc_Initialize
10-27 19:04:56.726  2836  3042 I RuntimeIPCServiceClient: Init: Already initialized: com.oculus.vrshell, 17
10-27 19:04:56.729  1840  4126 D RuntimeIPCServerMgr: RegisterClient: Client: com.oculus.vrshell:com.oculus.vrshell:2836, Server: com.oculus.os.dialoghost:com.oculus.os.dialoghost (DialogHostService)
10-27 19:04:56.729  2330  2330 I [OAO] VrNotificationListenerService: onNotificationRemoved() - key = 0|android|0|com.android.server.wm.AlertWindowNotification - com.oculus.vrshell|1000, type = third_party
10-27 19:04:56.729  1840  4126 I IPCSharedMemory: CreateSharedMemory: Allocated shared memory fd 42 (ipcStateReadWrite)
10-27 19:04:56.729  2330  2330 D VrNotificationAnalytics: logNotificationRemoved(third_party)
10-27 19:04:56.729  1840  4126 I IPCSharedMemory: CreateSharedMemory: Allocated shared memory fd 43 (ipcReadOnlyState)
10-27 19:04:56.729  1840  4126 I RuntimeIPCServerMgr: Event buffer size (server): 8192
10-27 19:04:56.730  1840  4126 I IPCSharedMemory: CreateSharedMemory: Allocated shared memory fd 44 (ipcEventBuffer)
10-27 19:04:56.730  1840  4126 I IPCSharedMemory: CreateSharedMemory: Allocated shared memory fd 45 (ipcEventBuffer_Private)
10-27 19:04:56.731  1840  4126 I RuntimeIPCServerMgr: HandleClientConnect SUCCESS: Client: com.oculus.vrshell:com.oculus.vrshell:2836, Server: com.oculus.os.dialoghost:com.oculus.os.dialoghost (DialogHostService)
10-27 19:04:56.732  1388  9918 I CompositorVR: WarpToScreen: Skipping frames for 8
10-27 19:04:56.732   852  1036 I chatty  : uid=1000(system) Binder:852_2 identical 1 line
10-27 19:04:56.733  4150  4227 E OsSdk   : error getting shared memory region, memory type: HeadTracker, failed with Status(-1, EX_SECURITY): 'requested shared memory region when not registered/focused'
10-27 19:04:56.734  1840  4126 I RuntimeIPCServerMgr: GetServerStatesConfig -> {MaxBufferSize=32768, MaxEntries=64}
10-27 19:04:56.734  2836  3042 I RuntimeIPCClient: GetServerStatesConfig returned maxEntries=64, maxBuffSize=32768
10-27 19:04:56.734  2330  2754 D BatteryReceiver: Unregistering battery receiver
10-27 19:04:56.734  2836  3042 I RuntimeIPCClient: Event buffer size (client): 8192
10-27 19:04:56.734  2836  3042 I RuntimeIPCClient: TryToGetIPCResourcesFromServer: RPC_CONNECTOR_CONNECT_TO_SERVER SUCCESS: Client: com.oculus.vrshell:com.oculus.vrshell:2836, Server: com.oculus.os.dialoghost:com.oculus.os.dialoghost (DialogHostService)
10-27 19:04:56.734  2836  3042 I RuntimeIPCClient: EnsureServerConnection: SUCCESS. Client: com.oculus.vrshell:com.oculus.vrshell:2836, Server: com.oculus.os.dialoghost:com.oculus.os.dialoghost (DialogHostService)
10-27 19:04:56.734  2836  3042 I RuntimeIPCClientMgr: ConnectToServer: SUCCESS: Client: com.oculus.vrshell:com.oculus.vrshell:2836, Server: com.oculus.os.dialoghost:com.oculus.os.dialoghost (DialogHostService)
10-27 19:04:56.740  2330  2754 I Sensor  : OSSDKTRACKING Shutdown tracking
10-27 19:04:56.741  2330  2754 I LogTimer: CPUTIME: VrRuntimeClient_EndSession took 33.1804 ms
10-27 19:04:56.743  1388  9918 I CompositorVR: WarpToScreen: Skipping frames for 8
10-27 19:04:56.744  2174  2174 E OVRMediaServiceManager: LivestreamingManager Not initialized
10-27 19:04:56.745  1051  1090 E system_server: Dex checksum does not match for dex: /system/priv-app/ShellEnv/ShellEnv.apk.Expected: 73932191, actual: 3617447080
10-27 19:04:56.746  2174  2174 I OVRMediaServiceManager: Sending onAppStart (com.oculus.shellenv) to SocialPlatform (com.oculus.socialplatform)
10-27 19:04:56.754  1388  9918 I CompositorVR: WarpToScreen: Skipping frames for 8
10-27 19:04:56.755  2330  2754 I VrApi   : OVR::Stats thread stopped
10-27 19:04:56.756  2330  2754 I InputDeviceManager: ovrInputDeviceManager::~ovrInputDeviceManager
10-27 19:04:56.756  2330  2754 I InputDevice_TrackedRemote: OSSDKTRACKING shutting down Haptics
10-27 19:04:56.756  2330  2754 I InputDevice_TrackedRemote: OSSDKTRACKING shutting down Haptics
10-27 19:04:56.756  2330  2754 I OSHandDataQuerier: OSSDKTRACKING shutting down HandsTracker
10-27 19:04:56.756  2330  2754 I OSHandDataQuerier: OSSDKTRACKING shutting down HandsTracker
10-27 19:04:56.762  2330 10472 I ClientInputThread_Internal: InputThreadRun ShutdownRequest received
10-27 19:04:56.763  2330  2754 D InputHooksJava: Disabling Java Input Hooks
10-27 19:04:56.763  2330  2754 I ClientInputTrackedKeyboardManager: TRACKEDKEYBOARD ClearTrackedObjectManager called on client
10-27 19:04:56.763  2330  2754 I RuntimeIPCClientMgr: RuntimeIPCClientMgr::DisconnectFromServer: Remaining refs: 3, Client: com.oculus.vrshell:com.oculus.vrshell:Overlay:2330, Server: com.oculus.vrshell:com.oculus.vrshell:Overlay (ptkserviceserver)
10-27 19:04:56.763  2330  2754 I RuntimeIPCApi: ipc_Shutdown
10-27 19:04:56.763  2330  2754 I RuntimeIPCServiceClient: Shutdown: Refs still outstanding: 17, com.oculus.vrshell:Overlay
10-27 19:04:56.763  1388  2676 I VrRuntimeService: RuntimeServiceSDKServer::EnableRendering: 0x0, 0, com.oculus.vrshell:Overlay
10-27 19:04:56.764  1388  2676 I ClientMgr: ClientMgr::EnableRendering 2330:com.oculus.vrshell : type 1 comp-id 2: disable
10-27 19:04:56.764  1388  2676 I VrRuntimeServer: DisableCompositorClient: 2
10-27 19:04:56.764  1388  2676 I CompositorClientMgr: Disable client 2
10-27 19:04:56.764  1388  2676 I CompositorClientMgr: DisableClient: frame flush required: 1
10-27 19:04:56.765  1388  9918 I CompositorVR: WarpToScreen: Skipping frames for 8
10-27 19:04:56.775  2174  2174 E OVRMediaServiceManager: LivestreamingManager Not initialized
10-27 19:04:56.776  1388  9918 I CompositorVR: LatchWarpClients: Multiple Primary Clients detected. Skipping frames for 8
10-27 19:04:56.776  1388  9918 I CompositorVR: WarpToScreen: Skipping frames for 8
10-27 19:04:56.780   852  1036 W TrackingService: attachClient: found client in attached list
10-27 19:04:56.782  4150  4227 E OsSdk   : error getting shared memory region, memory type: HeadTracker, failed with Status(-1, EX_SECURITY): 'requested shared memory region when not registered/focused'
10-27 19:04:56.783  3400  3763 I RuntimeIPCClientMgr: RuntimeIPCClientMgr::DisconnectFromServer: 0, Client: com.oculus.systemux:com.oculus.systemux:SystemUX:3400, Server: com.oculus.presence:com.oculus.presence (PubSubServer)
10-27 19:04:56.783  2534  4127 I RuntimeIPCServerMgr: HandleClientDisconnect: Client: com.oculus.systemux:com.oculus.systemux:SystemUX:3400, Server: com.oculus.presence:com.oculus.presence (PubSubServer)
10-27 19:04:56.785  3400  3763 I RuntimeIPCClient: RuntimeIPCClient: Shutdown: Client: com.oculus.systemux:com.oculus.systemux:SystemUX:3400, Server: com.oculus.presence:com.oculus.presence (PubSubServer)
10-27 19:04:56.787  3400  3763 I RuntimeIPCApi: ipc_Shutdown
10-27 19:04:56.787  3400  3763 I RuntimeIPCServiceClient: Shutdown: Refs still outstanding: 3, com.oculus.systemux:SystemUX
10-27 19:04:56.787  3400  3763 I RuntimeIPCClientMgr: RuntimeIPCClientMgr::DisconnectFromServer: 0, Client: com.oculus.systemux:com.oculus.systemux:SystemUX:3400, Server: com.oculus.presence:com.oculus.presence (PresenceServer)
10-27 19:04:56.787  2534  4127 I RuntimeIPCServerMgr: HandleClientDisconnect: Client: com.oculus.systemux:com.oculus.systemux:SystemUX:3400, Server: com.oculus.presence:com.oculus.presence (PresenceServer)
10-27 19:04:56.787  1388  9918 I CompositorVR: WarpToScreen: Skipping frames for 8
10-27 19:04:56.788  2174  2174 I OVRMediaService: onStartCommand Received message type: overlay_input_focus_change, caller package: com.oculus.vrshell, app identify: AppIdentity{uid=10020, packageNames=[com.oculus.vrshell], sha1=MxZgtt071YLz39PLrkVGckZooCE, sha2=3C-DTjwZQjeLFPB2yCzRq1nqZWa_9HMLIEfpjvyfna8, version=null, domain=null}
10-27 19:04:56.788  3400  3763 I RuntimeIPCClient: RuntimeIPCClient: Shutdown: Client: com.oculus.systemux:com.oculus.systemux:SystemUX:3400, Server: com.oculus.presence:com.oculus.presence (PresenceServer)
10-27 19:04:56.788  1388  2676 I UnifiedTelemetryWrapper: Stopped UT session render:com.oculus.vrshell:Overlay
10-27 19:04:56.788  3400  3763 I RuntimeIPCApi: ipc_Shutdown
10-27 19:04:56.788  3400  3763 I RuntimeIPCServiceClient: Shutdown: Refs still outstanding: 2, com.oculus.systemux:SystemUX
10-27 19:04:56.788  2330 10481 I FenceChecker: FenceChecker::MainLoop - ended
10-27 19:04:56.789  3400  3400 D HyperspaceClient: destroy - end
10-27 19:04:56.789  3400  3400 D HyperspaceClient: release instance, refcount: 0
10-27 19:04:56.789  3400  3400 D [SUI] MessengerCallViewModel: released hyperspace client
10-27 19:04:56.789  3400  3400 D [SUI] MessengerCallViewModel: destroyed MessengerCallViewModel
10-27 19:04:56.789  3400  3400 D [SUI] MessengerCallBarViewModel: destroyed MessengerCallBarViewModel
10-27 19:04:56.789  3400  3400 D [SUI] DynamicAppsView: Destroying DynamicAppsView on AUI bar
10-27 19:04:56.789  3400  3400 D [SUI] MessengerCallViewModel: removeObserver
10-27 19:04:56.789  2330  2754 I VrRuntimeClient: PhaseSync Instance deleted
10-27 19:04:56.789  2330  2754 I OpenXR  : PostSessionStateChange: XR_SESSION_STATE_STOPPING -> XR_SESSION_STATE_IDLE
10-27 19:04:56.789  2330  2754 I OpenXR  : ------------ xrEndSession [end] -----------
10-27 19:04:56.789  2330  2754 I [OAO] VrPlatformOpenXr: EndSession xrEndSession passed
10-27 19:04:56.789  2330  2754 I [OAO] VrPlatformOpenXr: xrPollEvent: received XR_TYPE_EVENT_DATA_SESSION_STATE_CHANGED: 1 for session 0x3 at time 2804.009688
10-27 19:04:56.789  2330  2754 I [OAO] VrPlatformOpenXr: Session state changed XR_SESSION_STATE_IDLE
10-27 19:04:56.789  2330  2754 I OpenXR  : PostSessionStateChange: XR_SESSION_STATE_IDLE -> XR_SESSION_STATE_READY
10-27 19:04:56.789  2330  2754 I [OAO] VrPlatformOpenXr: xrPollEvent: received XR_TYPE_EVENT_DATA_SESSION_STATE_CHANGED: 2 for session 0x3 at time 2804.009840
10-27 19:04:56.789  2330  2754 I [OAO] VrPlatformOpenXr: Session state changed XR_SESSION_STATE_READY
10-27 19:04:56.790  3400  3400 D [SUI] AnytimeUIPanelAppBase: Releasing viewModel DynamicAppsViewModel refCount: 0
10-27 19:04:56.790  3400  3400 E [SUI] AnytimeUIPanelAppBase: Social view model already destroyed
10-27 19:04:56.790  3400  3400 D [SUI] DynamicAppsViewModel: Destroying DynamicAppsViewModel
