--------- beginning of system
01-06 18:42:22.048  1052  6473 I ActivityTaskManager: START u0 {flg=0x10000000 cmp=com.YourCompany.PrototypeV4/com.epicgames.ue4.GameActivity} from uid 2000
01-06 18:42:22.073  1052  1090 I ActivityManager: Start proc 19079:com.YourCompany.PrototypeV4/u0a155 for activity {com.YourCompany.PrototypeV4/com.epicgames.ue4.GameActivity}
01-06 18:42:22.628  1052  1080 W ActivityTaskManager: Activity top resumed state loss timeout for ActivityRecord{62b9387 u0 com.YourCompany.PrototypeV4/com.epicgames.ue4.GameActivity t362}
01-06 18:42:22.629  1052  1080 W ActivityTaskManager: Activity pause timeout for ActivityRecord{62b9387 u0 com.YourCompany.PrototypeV4/com.epicgames.ue4.GameActivity t362}
01-06 18:42:23.792  1052 14020 E WindowManager: App trying to use insecure INPUT_FEATURE_NO_INPUT_CHANNEL flag. Ignoring
--------- beginning of tracking
01-06 18:42:23.867   864  1221 W TrackingService: attachClient: found client in attached list
01-06 18:42:23.914   864  1221 I chatty  : uid=1000(system) Binder:864_4 identical 1 line
01-06 18:42:23.960   864  1221 W TrackingService: attachClient: found client in attached list
01-06 18:42:23.962   864   864 W TrackingService: attachClient: found client in attached list
01-06 18:42:24.109   864   864 I chatty  : uid=1000(system) /system/bin/trackingservice identical 5 lines
01-06 18:42:24.153   864   864 W TrackingService: attachClient: found client in attached list
01-06 18:42:24.155   864  1221 W TrackingService: attachClient: found client in attached list
01-06 18:42:25.456  1052  6171 W ActivityManager: Permission Denial: Accessing service com.oculus.vrshell/.ShellOverlayService from pid=19079, uid=10155 requires com.oculus.vrshell.OVERLAY_HOST
01-06 18:42:25.607   864  1221 I chatty  : uid=1000(system) Binder:864_4 identical 47 lines
01-06 18:42:25.625   864  1221 W TrackingService: attachClient: found client in attached list
01-06 18:42:25.626   864   864 W TrackingService: attachClient: found client in attached list
01-06 18:42:25.628  1052  1546 E TaskPersister: File error accessing recents directory (directory doesn't exist?).
01-06 18:42:26.074   864   864 I chatty  : uid=1000(system) /system/bin/trackingservice identical 12 lines
01-06 18:42:26.115   864   864 W TrackingService: attachClient: found client in attached list
01-06 18:42:26.116   864  1221 W TrackingService: attachClient: found client in attached list
01-06 18:42:26.314   864  1221 I chatty  : uid=1000(system) Binder:864_4 identical 5 lines
01-06 18:42:26.360   864  1221 W TrackingService: attachClient: found client in attached list
01-06 18:42:26.361   864   864 W TrackingService: attachClient: found client in attached list
01-06 18:42:27.094   864   864 I chatty  : uid=1000(system) /system/bin/trackingservice identical 19 lines
01-06 18:42:27.129   864   864 W TrackingService: attachClient: found client in attached list
01-06 18:42:27.130   864  1221 W TrackingService: attachClient: found client in attached list
01-06 18:42:27.301   864  1221 I chatty  : uid=1000(system) Binder:864_4 identical 4 lines
01-06 18:42:27.345   864  1221 W TrackingService: attachClient: found client in attached list
01-06 18:42:27.354   864  1221 D TrackingService: getSharedMemory: com.YourCompany.PrototypeV4#19079, HeadTracker
01-06 18:42:27.387   864  8442 W TrackingService: attachClient: found client in attached list
01-06 18:42:27.388   864  8442 W TrackingService: attachClient: found client in attached list
01-06 18:42:27.434   864   864 W TrackingService: attachClient: found client in attached list
01-06 18:42:27.480   864   864 I chatty  : uid=1000(system) /system/bin/trackingservice identical 1 line
01-06 18:42:27.524   864   864 W TrackingService: attachClient: found client in attached list
01-06 18:42:27.567   744   922 I SyncBossHAL: [info   ] syncboss_hal_powerstate.c(50): Reporting powerstate event: PROX_ON
01-06 18:42:27.568  1052  1247 I PowerManagerService: Waking up from Asleep (uid=1000, reason=WAKE_REASON_UNKNOWN, details=VrPwMng:leave-standby)...
01-06 18:42:27.568  1052  1052 W UsageStatsService: Event reported without a package name, eventType:15
01-06 18:42:27.569  1052  1052 D ActivityManager: Is background playback enabled for all apps: false
01-06 18:42:27.570  1052  1052 I chatty  : uid=1000 system_server identical 4 lines
01-06 18:42:27.571  1052  1052 D ActivityManager: Is background playback enabled for all apps: false
01-06 18:42:27.575  1052  1106 I DisplayPowerController: Blocking screen on until initial contents have been drawn.
01-06 18:42:27.575  1052  1106 D ActivityTaskManager: Top Process State changed to PROCESS_STATE_TOP
01-06 18:42:27.575   864   864 W TrackingService: attachClient: found client in attached list
01-06 18:42:27.581  1052  1052 D ActivityManager: Is background playback enabled for all apps: false
01-06 18:42:27.583  1052  1052 I chatty  : uid=1000 system_server identical 2 lines
01-06 18:42:27.584   860  1255 D SensorClientUtils: Cancelling delayed transition to SLEEP
01-06 18:42:27.584   864   864 D SensorClientUtils: Cancelling delayed transition to SLEEP
01-06 18:42:27.586  1052  1052 D ActivityManager: Is background playback enabled for all apps: false
01-06 18:42:27.586  1602  3711 D SensorClientUtils: Cancelling delayed transition to SLEEP
01-06 18:42:27.589   860  1255 D SensorClientUtils: Received transition request from SLEEP to RUNNING
01-06 18:42:27.589  1602  3711 D SensorClientUtils: Received transition request from SLEEP to RUNNING
01-06 18:42:27.589  1602  3711 D SensorClientUtils: Executing transition from STANDBY to RUNNING
01-06 18:42:27.589  1602  3711 D OVRRemoteService: [controller] STANDBY -> RUNNING
01-06 18:42:27.590   864   864 D SensorClientUtils: Received transition request from SLEEP to RUNNING
01-06 18:42:27.590   864   864 D SensorClientUtils: Executing transition from STANDBY to RUNNING
01-06 18:42:27.590   864  1045 I TrackingService: [ vision_manager] STANDBY -> RUNNING transition time: 0 ms
01-06 18:42:27.590  1052  6256 W ContextImpl: Calling a method in the system process without a qualified user: android.app.ContextImpl.sendBroadcast:1057 com.android.server.audio.AudioService.setMicrophoneMuteNoCallerCheck:2893 com.android.server.audio.AudioService.setMicrophoneMute:2879 android.media.IAudioService$Stub.onTransact:1112 android.os.Binder.execTransactInternal:1021 
01-06 18:42:27.591   864  1045 I TrackingService: [            iad] STANDBY -> RUNNING transition time: 0 ms
01-06 18:42:27.591   864  1045 I TrackingService: [           bolt] STANDBY -> RUNNING transition time: 0 ms
01-06 18:42:27.594   744  1017 I FrameSetDispatcher: [HEADSET] Client thread started
01-06 18:42:27.594   744  1017 I CameraClientManager: [HEADSET] Added client (864) - started clients: 1
01-06 18:42:27.594  1052  1052 D ActivityManager: Is background playback enabled for all apps: false
01-06 18:42:27.600  1052 14020 E AppOps  : startOperation
01-06 18:42:27.600  1052 14020 E AppOps  : java.lang.SecurityException: Specified package MrSystemService under uid 1000 but it is really -1
01-06 18:42:27.600  1052 14020 E AppOps  : 	at com.android.server.appop.AppOpsService.verifyAndGetIsPrivileged(AppOpsService.java:2654)
01-06 18:42:27.600  1052 14020 E AppOps  : 	at com.android.server.appop.AppOpsService.startOperation(AppOpsService.java:2235)
01-06 18:42:27.600  1052 14020 E AppOps  : 	at android.app.AppOpsManager.startOpNoThrow(AppOpsManager.java:5469)
01-06 18:42:27.600  1052 14020 E AppOps  : 	at android.app.AppOpsManager.startOpNoThrow(AppOpsManager.java:5450)
01-06 18:42:27.600  1052 14020 E AppOps  : 	at com.android.server.power.Notifier.onWakeLockAcquired(Notifier.java:224)
01-06 18:42:27.600  1052 14020 E AppOps  : 	at com.android.server.power.PowerManagerService.notifyWakeLockAcquiredLocked(PowerManagerService.java:1277)
01-06 18:42:27.600  1052 14020 E AppOps  : 	at com.android.server.power.PowerManagerService.acquireWakeLockInternal(PowerManagerService.java:1112)
01-06 18:42:27.600  1052 14020 E AppOps  : 	at com.android.server.power.PowerManagerService.access$3900(PowerManagerService.java:118)
01-06 18:42:27.600  1052 14020 E AppOps  : 	at com.android.server.power.PowerManagerService$BinderService.acquireWakeLock(PowerManagerService.java:4346)
01-06 18:42:27.600  1052 14020 E AppOps  : 	at android.os.IPowerManager$Stub.onTransact(IPowerManager.java:349)
01-06 18:42:27.600  1052 14020 E AppOps  : 	at android.os.Binder.execTransactInternal(Binder.java:1021)
01-06 18:42:27.600  1052 14020 E AppOps  : 	at android.os.Binder.execTransact(Binder.java:994)
01-06 18:42:27.600   860  1255 D SensorClientUtils: Executing transition from SLEEP to STANDBY
01-06 18:42:27.600   860  1255 D SensorClientUtils: Executing transition from STANDBY to RUNNING
01-06 18:42:27.604  1052  1052 D ActivityManager: Is background playback enabled for all apps: false
01-06 18:42:27.621   864  8442 W TrackingService: attachClient: found client in attached list
01-06 18:42:27.624  1052  1052 I chatty  : uid=1000 system_server identical 29 lines
01-06 18:42:27.625  1052  1052 D ActivityManager: Is background playback enabled for all apps: false
01-06 18:42:27.629  1052  1080 I DisplayManagerService: Display device changed state: "Built-in Screen", ON
01-06 18:42:27.646  1052  1106 I DisplayPowerController: Unblocked screen on after 71 ms
01-06 18:42:27.663  1052  1080 I DisplayManagerService: Display device changed state: "com.oculus.android_panel_app.AndroidPanelLayer-#main", ON
01-06 18:42:27.664   864  8442 W TrackingService: attachClient: found client in attached list
01-06 18:42:27.666   864  1221 W TrackingService: attachClient: found client in attached list
01-06 18:42:27.672  1052 14020 E WindowManager: App trying to use insecure INPUT_FEATURE_NO_INPUT_CHANNEL flag. Ignoring
01-06 18:42:27.755   864  1221 I chatty  : uid=1000(system) Binder:864_4 identical 2 lines
01-06 18:42:27.800   864  1221 W TrackingService: attachClient: found client in attached list
01-06 18:42:27.809   744  1017 I HollywoodCameraProvider: [HollywoodCameraProvider] Set cameras to 10 bpp (format 0x00000007)
01-06 18:42:27.813   744   908 I SyncBossHAL: [info   ] pulsar_manager.c(810): Setting controller LED config to period: 40000us, on-time: 34us, delay: -9us
01-06 18:42:27.846   864  1221 W TrackingService: attachClient: found client in attached list
01-06 18:42:27.887   864  1045 I TrackingService: [            iot] STANDBY -> RUNNING transition time: 296 ms
01-06 18:42:27.889   744  1017 I FrameSetDispatcher: [CONTROLLER] Client thread started
01-06 18:42:27.889   744  1017 I CameraClientManager: [CONTROLLER] Added client (864) - started clients: 1
01-06 18:42:27.890   864  1045 I TrackingService: ConstellationTrackingGlue: setEnableExtendedDeadreckoning to false
01-06 18:42:27.890   864  1045 I TrackingService: [  constellation] STANDBY -> RUNNING transition time: 2 ms
01-06 18:42:27.890   864  1045 I TrackingService: [selftracked_client] STANDBY -> RUNNING transition time: 0 ms
01-06 18:42:27.891   864  1045 I TrackingService: [           hand] STANDBY -> RUNNING transition time: 0 ms
01-06 18:42:27.892   744  1017 I FrameSetDispatcher: [HEADSET] Client thread started
01-06 18:42:27.892   744  1017 I CameraClientManager: [HEADSET] Added client (864) - started clients: 2
01-06 18:42:27.892   864  1045 I TrackingService: [         object] STANDBY -> RUNNING transition time: 1 ms
01-06 18:42:27.892   864  1045 I TrackingService: [     controller] STANDBY -> RUNNING transition time: 0 ms
01-06 18:42:27.894   864  1221 W TrackingService: attachClient: found client in attached list
01-06 18:42:27.900   864  1045 I TrackingService: Setting initial exposure: 0.005000, initial gain: 3.000000
01-06 18:42:27.902   744  1018 I FrameSetDispatcher: [HEADSET] Client thread started
01-06 18:42:27.902   744  1018 I CameraClientManager: [HEADSET] Added client (864) - started clients: 3
01-06 18:42:27.902   864  1045 I TrackingService: [ExposureControl] STANDBY -> RUNNING transition time: 9 ms
01-06 18:42:27.902   864   864 D TrackingService: setPowerState: RUNNING
01-06 18:42:27.931   744 19251 E SensorService: Frame associated with stale frame sync: sync seqId: -1, frame seqId: 0
01-06 18:42:27.931   744 19254 E SensorService: Frame associated with stale frame sync: sync seqId: -1, frame seqId: 0
01-06 18:42:27.931   744 19257 E SensorService: Frame associated with stale frame sync: sync seqId: -1, frame seqId: 15
01-06 18:42:27.931   744 19250 E SensorService: Frame associated with stale frame sync: sync seqId: -1, frame seqId: 0
01-06 18:42:27.931   744 19251 E SensorService: Frame is either too old or is arriving before frame sync
01-06 18:42:27.931   744 19254 E SensorService: Frame is either too old or is arriving before frame sync
01-06 18:42:27.931   744 19257 E SensorService: Frame is either too old or is arriving before frame sync
01-06 18:42:27.931   744 19250 E SensorService: Frame is either too old or is arriving before frame sync
01-06 18:42:27.931   744 19251 E HollywoodCameraProvider: Frame marked invalid by frame generator
01-06 18:42:27.937   864   864 W TrackingService: attachClient: found client in attached list
01-06 18:42:27.940   864   864 W TrackingService: attachClient: found client in attached list
01-06 18:42:27.955   744 19257 W libsensorscommon: frameset capture timestamp out of spec by -17928099.53 ms. FrameType=HEADSET, observed=17928139532000 expected=40000000. FrameSyncPeriod is: 40.00 ms
01-06 18:42:27.959  1052  1106 W PowerManagerService: Screen on took 391 ms
01-06 18:42:27.972   744 19257 E SensorService: Frame associated with stale frame sync: sync seqId: 0, frame seqId: 1
01-06 18:42:27.972   744 19257 E SensorService: Frame is either too old or is arriving before frame sync
01-06 18:42:27.978   864   864 W TrackingService: attachClient: found client in attached list
01-06 18:42:28.006   864   864 W TrackingService: attachClient: found client in attached list
01-06 18:42:28.009   864   864 D TrackingService: getSharedMemory: com.oculus.systemdriver#1804, HeadTracker
01-06 18:42:28.021   744 19251 E libsensorscommon: FrameType CONTROLLER: Releasing incomplete frame set: Received frame from next frame set
01-06 18:42:28.023   864   864 W TrackingService: attachClient: found client in attached list
01-06 18:42:28.072   864   864 W TrackingService: attachClient: found client in attached list
01-06 18:42:28.072   864  1221 W TrackingService: attachClient: found client in attached list
01-06 18:42:28.073   864  8442 W TrackingService: attachClient: found client in attached list
01-06 18:42:28.073   864  1221 D TrackingService: getSharedMemory: com.oculus.systemdriver, Controller
01-06 18:42:28.077   864   864 D TrackingService: getSharedMemory: com.oculus.mrservice#1687, HeadTracker
01-06 18:42:28.090   864   864 W TrackingService: attachClient: found client in attached list
01-06 18:42:28.091   864  8442 D TrackingService: getSharedMemory: com.YourCompany.PrototypeV4, Controller
01-06 18:42:28.091   864   864 D TrackingService: getSharedMemory: com.oculus.guardian#2954, Controller
01-06 18:42:28.116   864   864 W TrackingService: attachClient: found client in attached list
01-06 18:42:28.159   864   864 W TrackingService: attachClient: found client in attached list
01-06 18:42:28.161   744 19202 E FrameSetDispatcher: [HEADSET] Client pid=864 (864): Failed to read from receive FMQ for 1 packets in 5000ms.
01-06 18:42:28.161   744 19202 E FrameSetDispatcher: This probably means this client is taking more than 33 ms to process the frame.
01-06 18:42:28.161   744 19202 E FrameSetDispatcher: Retrying.
01-06 18:42:28.205   864   864 W TrackingService: attachClient: found client in attached list
01-06 18:42:28.295   864   864 I chatty  : uid=1000(system) /system/bin/trackingservice identical 3 lines
01-06 18:42:28.327   864   864 W TrackingService: attachClient: found client in attached list
01-06 18:42:28.329   864   864 D TrackingService: getSharedMemory: com.oculus.guardian, HeadTracker
--------- beginning of main
01-06 18:42:28.330  2954  3062 I GuardianCollisionTracker: Guardian HMD Collision: Magnitude: 5.167, Duration: -1.000 sec, TimeStamp: 17927.654297 sec
01-06 18:42:28.330   864   864 W TrackingService: attachClient: found client in attached list
01-06 18:42:28.333   864   864 D TrackingService: getSharedMemory: com.oculus.guardian, AnchorTracker
01-06 18:42:28.333  2954  3062 I [CT]    : GuardianMapDataMgr: CheckRelocalizationStatus: Relocalization started
01-06 18:42:28.333  2954  3062 I GuardianSystem: Environment Status changed: 98 to 33
01-06 18:42:28.333  1804  3059 I chatty  : uid=10025(com.oculus.systemdriver) Thread-17 expire 5 lines
01-06 18:42:28.333  2954  3062 I GuardianSystem: UpdateGuardianSystemState: Flags changed: 0, 544768, NONE to SYSTEM_RELOCALIZING,SYSTEM_TRACKING_LOST,SYSTEM_GUARDIAN_VALID
01-06 18:42:28.340   864   864 W TrackingService: attachClient: found client in attached list
01-06 18:42:28.382  2150  2891 I [OAO] GuardianController: GetShellGuardianState: Requesting holding until passthrough is up
01-06 18:42:28.382  2150  2891 I [OAO] GuardianController: GetShellGuardianState: Requesting holding until passthrough is up
01-06 18:42:28.382  2150  2891 I [OAO] FlowController: UpdateActiveFlow from OverlaySystemUXTransitionFlow to OverlayGuardianFlow
01-06 18:42:28.382  2150  2891 I [OAO] OverlaySystemUXTransitionFlow: Deactivated
01-06 18:42:28.383  2150  2891 I [OAO] OverlayGuardianFlow: OverlayGuardianFlow Activate
01-06 18:42:28.383  2150  2891 I [OAO] GuardianController: GetShellGuardianState: Requesting holding until passthrough is up
01-06 18:42:28.383  2150  2891 I [OAO] OverlayGuardianFlow: OverlayGuardianFlow::ParseShellUri IsRequestingActivation() = 1
01-06 18:42:28.383  2150  2891 I [OAO] GuardianController: GetShellGuardianState: Requesting holding until passthrough is up
01-06 18:42:28.383  2150  2891 I [OAO] OverlayGuardianFlow: OverlayGuardianFlow::ParseShellUri shellGuardianState = 4
01-06 18:42:28.383  2150  2891 I [OAO] GuardianController: SETUP STATE1 ACTIVE: GUARDIAN_SYSTEM_RELOCALIZING
01-06 18:42:28.383  2150  2891 I [OAO] GuardianController: SETUP STATE1 ACTIVE: GUARDIAN_SYSTEM_TRACKING_LOST
01-06 18:42:28.383  2150  2891 I [OAO] GuardianController: SETUP STATE1 ACTIVE: GUARDIAN_SYSTEM_GUARDIAN_VALID
01-06 18:42:28.383  2150  2891 I [OAO] GuardianController: SETUP STATE2 ACTIVE: GUARDIAN_SYSTEM_2_DIRECTIONAL_PASSTHROUGH_ENABLED
01-06 18:42:28.383  2150  2891 I [OAO] GuardianController: SETUP STATE2 ACTIVE: GUARDIAN_SYSTEM_2_SHOULD_PUSH_BLACK
01-06 18:42:28.383  2150  2891 I [OAO] InputManager: Should render Hands system gestures icons: no
01-06 18:42:28.383  2150  2891 I [OAO] DialogControllerManager: Reset resetReason:2
01-06 18:42:28.383  2150  2891 I [OAO] DialogControllerManager: Reset
01-06 18:42:28.387   864   864 I chatty  : uid=1000(system) /system/bin/trackingservice identical 1 line
01-06 18:42:28.419   864  1232 I chatty  : uid=1000(system) Mapper expire 110 lines
01-06 18:42:28.434  2150  2891 I [OAO] ShellOverlayApp: ResolveInteractionState: change from None to InputFocus
01-06 18:42:28.435  2150  2891 D [OAO] ShellApplication: setOverlayInputFocus: inputFocus=true shouldSupportIME=false
01-06 18:42:28.435  2150  2891 D [OAO] BaseOverlayService: setOverlayInputFocus : entrypoint - inputFocus=true shouldSupportIME=false
01-06 18:42:28.435  2150  2891 I [OAO] SystemAssistant: OnModeChanged from FullShell to Paused
01-06 18:42:28.435   864   864 W TrackingService: attachClient: found client in attached list
01-06 18:42:28.435  2150  2150 D [OAO] BaseOverlayService: attachServiceWindowView shouldSupportIME:false
01-06 18:42:28.440   828  1187 E PersistableBundle: Failed at frameworks/native/libs/binder/PersistableBundle.cpp:154 (erase)
01-06 18:42:28.440  1052  4027 E WindowManager: App trying to use insecure INPUT_FEATURE_NO_INPUT_CHANNEL flag. Ignoring
01-06 18:42:28.441  1962  2562 I AuthLogger: Action succeeded: SYNC_ACCOUNTS, callingPackage: com.oculus.horizon, accountType: null, tokenType: null, extras: {}, duration: 628ms
01-06 18:42:28.442  3515  3515 D [SUI] ActivityManagerUtilsHelper: onFocusedWindowChanged: Instance: com.oculus.common.activitymanager.ActivityManagerUtilsHelper@8317877, topWindowUid: 10020, focusedApp: com.oculus.vrshell, previousApp: com.YourCompany.PrototypeV4
01-06 18:42:28.443  3392  3392 D MetaCam (MediaCapabilityChecker): checkMediaHasRecordingCapabilities packageName: com.oculus.vrshell
01-06 18:42:28.443  3392  3392 D MetaCam (MediaCapabilityChecker): checkMediaHasRecordingCapabilities packageName: com.oculus.vrshell
01-06 18:42:28.445   864  8442 W TrackingService: attachClient: found client in attached list
01-06 18:42:28.446   864  8442 I chatty  : uid=1000(system) Binder:864_5 identical 1 line
01-06 18:42:28.448   864  8442 W TrackingService: attachClient: found client in attached list
01-06 18:42:28.449   864   864 D TrackingService: haptic socket already exists
01-06 18:42:28.449   864   864 D TrackingService: getSocket: com.YourCompany.PrototypeV4
01-06 18:42:28.449   864  8442 D TrackingService: getSharedMemory: com.oculus.guardian, Controller
01-06 18:42:28.449   828  1187 E PersistableBundle: Failed at frameworks/native/libs/binder/PersistableBundle.cpp:154 (erase)
01-06 18:42:28.449   744  1018 E SensorService: Failed to set simple multi haptics, ret: -1
01-06 18:42:28.454  2150  2150 D [OAO] BaseOverlayService: setOverlayInputFocus : completed - inputFocus=true shouldSupportIME=false actionTaken:true
01-06 18:42:28.455  2150  2891 I [OAO] ShellOverlayApp: EnterVrMode
01-06 18:42:28.455  2150  2891 D [OAO] ShellApplication: setOverlayInputFocus: inputFocus=true shouldSupportIME=false
01-06 18:42:28.455  2150  2891 D [OAO] BaseOverlayService: setOverlayInputFocus : entrypoint - inputFocus=true shouldSupportIME=false
01-06 18:42:28.455  2150  2891 I [OAO] SystemAssistant: OnModeChanged requested with no change Paused
01-06 18:42:28.455  2150  2891 I [OAO] VrPlatformOpenXr: Setting clock levels to cpu=2, gpu=4
01-06 18:42:28.455  2150  2891 I [OAO] VrPlatformOpenXr: Setting perf thread tids to main=2891, render=unset
01-06 18:42:28.455  2150  2891 I OpenXR  : ------------ xrBeginSession [start] -----------
01-06 18:42:28.455  2150  2891 I VrRuntimeClient: Tracing is disabled
01-06 18:42:28.455  2150  2891 I VrRuntimeClient: SysProp debug mode is disabled on Client side
01-06 18:42:28.457   864   864 W TrackingService: attachClient: found client in attached list
01-06 18:42:28.457   864   864 D TrackingService: getSharedMemory: com.oculus.systemdriver, Controller
01-06 18:42:28.460  2150  2891 D VrApi   : targetSDKVersion 29
01-06 18:42:28.470   828  1187 E PersistableBundle: Failed at frameworks/native/libs/binder/PersistableBundle.cpp:154 (erase)
01-06 18:42:28.472  2150  2891 I VrRuntimeClient: DEVICE MODEL NUMBER = Quest 2
01-06 18:42:28.472  2150  2891 I VrRuntimeClient: DEVICE BUILD NAME = user-49068160412800150
01-06 18:42:28.472  2150  2891 I VrRuntimeClient: DEVICE BUILD TYPE = user
01-06 18:42:28.472  2150  2891 I VrRuntimeClient: DEVICE OS VERSION = 10
01-06 18:42:28.472  2150  2891 I VrRuntimeClient: API LOADER VERSION = 1.0.22
01-06 18:42:28.472  2150  2891 I VrRuntimeClient: RUNTIME API VERSION = 1.0.25
01-06 18:42:28.472  2150  2891 I VrRuntimeClient: RUNTIME VERSION = 47.0.0.282.341 Nov 25 2022 14:16:37 RELEASE
01-06 18:42:28.473   828  1187 E PersistableBundle: Failed at frameworks/native/libs/binder/PersistableBundle.cpp:154 (erase)
01-06 18:42:28.473  2150  2891 I VrRuntimeClient: APP NAME = Oculus App Runtime
01-06 18:42:28.473  2150  2891 I VrRuntimeClient: APP VERSION = 47.0.0.282.341 versionCode 428237138 internalVersionName 47.0.0.282.341.8e28c4f8052b 2022_12_12_06_16
01-06 18:42:28.473  2150  2891 I VrRuntimeClient: APP VR TYPE = vr_only
01-06 18:42:28.473  2150  2891 I VrRuntimeClient: APP MODE TYPE = VR
01-06 18:42:28.473  2150  2891 I VrRuntimeClient: APP PACKAGE NAME = com.oculus.vrshell
01-06 18:42:28.473  2150  2891 I VrRuntimeClient: APP ACTIVITY CLASS = com.oculus.vrshell.ShellOverlayService
01-06 18:42:28.474  2150  2891 I Sensor  : OSSDKTRACKING Initializing head tracking
01-06 18:42:28.474  2150  2891 I Sensor  : OSSDKTRACKING Head tracker != nullpointer 0xbdd40288, 1
01-06 18:42:28.474  2150  2891 I Sensor  : OSSDKTRACKING Initializing controller tracking
01-06 18:42:28.474  2150  2891 I Sensor  : OSSDKTRACKING Controller tracker != nullpointer 0xbdd40290, 1
01-06 18:42:28.474  2150  2891 D BatteryReceiver: Registering battery receiver
01-06 18:42:28.477  1962  2096 I OVRMediaService: onStartCommand Received message type: overlay_input_focus_change, caller package: com.oculus.vrshell, app identify: AppIdentity{uid=10020, packageNames=[com.oculus.vrshell], sha1=MxZgtt071YLz39PLrkVGckZooCE, sha2=3C-DTjwZQjeLFPB2yCzRq1nqZWa_9HMLIEfpjvyfna8, version=null, domain=null}
01-06 18:42:28.477  1962  2399 W OVRLibrary: null cursor received for query content://com.oculus.ocms.library/apps/com.oculus.vrshell
01-06 18:42:28.480   864  8442 W TrackingService: attachClient: found client in attached list
01-06 18:42:28.480   828  1187 E PersistableBundle: Failed at frameworks/native/libs/binder/PersistableBundle.cpp:154 (erase)
01-06 18:42:28.481   864  8442 I chatty  : uid=1000(system) Binder:864_5 identical 1 line
01-06 18:42:28.482  1962  2541 W OVRLibrary: null cursor received for query content://com.oculus.ocms.library/apps/com.YourCompany.PrototypeV4
01-06 18:42:28.482  1962  2541 I OVRMediaServiceManager: Sending onAppStart (com.YourCompany.PrototypeV4) to SocialPlatform (com.oculus.socialplatform)
01-06 18:42:28.482  2150  2891 D HeadsetReceiver: getCurrentHeadsetState: false
01-06 18:42:28.483  2150  2891 I DeviceStatus: nativeHeadsetEvent(0)
01-06 18:42:28.483   864  1234 I chatty  : uid=1000(system) KeypointCache expire 5 lines
01-06 18:42:28.484   828  1187 E PersistableBundle: Failed at frameworks/native/libs/binder/PersistableBundle.cpp:154 (erase)
01-06 18:42:28.484  1962  2096 I OVRMediaService: Received OVERLAY_INPUT_FOCUS_CHANGE. is focused: true
01-06 18:42:28.485  2150  2150 D [OAO] BaseOverlayService: attachServiceWindowView shouldSupportIME:false
01-06 18:42:28.485  2150  2150 D [OAO] BaseOverlayService: setOverlayInputFocus : completed - inputFocus=true shouldSupportIME=false actionTaken:false
01-06 18:42:28.486  2150  2891 I VrRuntimeClient: SetCompositorClientFeatureFlag ClientFeatureFlag 0 
01-06 18:42:28.486  2150  2891 I LogTimer: CPUTIME: VrRuntimeClient_BeginSession took 31.5769 ms
01-06 18:42:28.487  2150  2891 I ClientInputInterface: DEADRECKONING SetControllerTrackingExtendedDeadreckoning 0
01-06 18:42:28.487  2150  2891 I ClientInputSettings: HANDTRACKING package name is com.oculus.vrshell
01-06 18:42:28.488  2150  2150 D KeyboardInputMethodService: onFinishInput
01-06 18:42:28.489   828  1187 E PersistableBundle: Failed at frameworks/native/libs/binder/PersistableBundle.cpp:154 (erase)
01-06 18:42:28.498  2150  2891 I ClientInputSettings: HANDTRACKING: Manifest Permission request for com.oculus.vrshell
01-06 18:42:28.498  2150  2891 I ClientInputSettings: HANDTRACKING:  'com.oculus.vrshell' Is hands or controller.
01-06 18:42:28.499  2150  2891 I ClientInputSettings: HANDTRACKING: feature flag set to 2
01-06 18:42:28.499  2150  2891 I ClientInputInterface: HANDTRACKING sethandmanifest 2
01-06 18:42:28.500  2150  2891 D InputHooksJava: Enabling Java Input Hooks
01-06 18:42:28.500  2150  2891 W InputHooksJava: Unable to enable input hooks on a non-Activity Context
01-06 18:42:28.500  1621  1621 D OculusNotificationListenerService: Notification posted: 0|android|0|com.android.server.wm.AlertWindowNotification - com.oculus.vrshell|1000
01-06 18:42:28.507  2150  2891 I InputDeviceManager: ovrInputDeviceManager::Initialize
01-06 18:42:28.508  3515  3515 D [SUI] NotificationBroadcastReceiver: action: com.oculus.intent.action.NOTIF_CHANGE
01-06 18:42:28.511  2150  2150 D VrNotificationAnalytics: logNotificationPosted: key(0|android|0|com.android.server.wm.AlertWindowNotification - com.oculus.vrshell|1000), type(third_party), isToast(false)
01-06 18:42:28.512   864  8442 W TrackingService: attachClient: found client in attached list
01-06 18:42:28.512  2150  2150 I [OAO] VrNotificationListenerService: onNotificationPosted() - key = 0|android|0|com.android.server.wm.AlertWindowNotification - com.oculus.vrshell|1000, type = third_party, isToast = false, isBlocked with reason = true Blocked by does not contain all markers for a toast notification
01-06 18:42:28.512  2150  2150 D [OAO] VrBroadcastReceiver: action: com.oculus.vrshell.intent.action.NOTIFICATION_WAKE
01-06 18:42:28.515   864  8442 D TrackingService: getSharedMemory: com.oculus.vrshell#2150, HeadTracker
01-06 18:42:28.518  2150  2891 I Distortion: Initializing Mesh Decenter Correction
01-06 18:42:28.520   864  8442 W TrackingService: attachClient: found client in attached list
01-06 18:42:28.522   864  8442 D TrackingService: getSharedMemory: com.oculus.vrshell, Controller
01-06 18:42:28.523  2150 19292 I InputDevice_TrackedRemote: REMOTE: Hand=2 IndexAnalog=0.00 GripAnalog=0.00 Buttons=0x00000000
01-06 18:42:28.523  2150 19292 I InputDevice_TrackedRemote: REMOTE: Hand=1 IndexAnalog=0.00 GripAnalog=0.00 Buttons=0x00000000
01-06 18:42:28.523  2150 19292 I InputDeviceManager: HANDTRACKING Pointer filter profile changed to: 0
01-06 18:42:28.523  2150 19292 I InputDeviceManager: HANDTRACKING Pointer filter profile changed to: 0
01-06 18:42:28.523  2150 19292 I InputDeviceManager: HANDTRACKING Root pose filter profile changed for (version, freq) to (2, 1) from (1,2)
01-06 18:42:28.523   857  8587 E CalibrationProvider: loadCalibration(LDISP_SN) failed: Calibration store didn't load any info
01-06 18:42:28.523   857  8587 E CalibrationProvider: loadCalibration(RDISP_SN) failed: Calibration store didn't load any info
01-06 18:42:28.524  1962  2541 E OVRMediaServiceManager: LivestreamingManager Not initialized
01-06 18:42:28.526  2150  2150 D [OAO] VrNotificationService: VrNotificationService onStartCommand() Intent { cmp=com.oculus.vrshell/.VrNotificationService }
01-06 18:42:28.526  3515 18795 W OVRLibrary: null cursor received for query content://com.oculus.ocms.library/apps/com.YourCompany.PrototypeV4
01-06 18:42:28.527   864  8442 W TrackingService: attachClient: found client in attached list
01-06 18:42:28.544  2150  2891 I Distortion: SetLensPositions - iad=0.063031, left offset=-0.000245333,-0.00102733, right offset=0.000124499,-0.00104481
01-06 18:42:28.545  2150  2891 I Distortion: Initializing Mesh Decenter Correction
01-06 18:42:28.548  2954  3062 I GuardianSystem: UpdateGuardianSystemState: Flags2 changed: 33, 32, SYSTEM_2_DIRECTIONAL_PASSTHROUGH_ENABLED,SYSTEM_2_SHOULD_PUSH_BLACK to SYSTEM_2_SHOULD_PUSH_BLACK
01-06 18:42:28.548   857  5286 E CalibrationProvider: loadCalibration(LDISP_SN) failed: Calibration store didn't load any info
01-06 18:42:28.550   857  5286 E CalibrationProvider: loadCalibration(RDISP_SN) failed: Calibration store didn't load any info
01-06 18:42:28.552  2150  2891 I Distortion: SetLensPositions - iad=0.063031, left offset=-0.000245333,-0.00102733, right offset=0.000124499,-0.00104481
01-06 18:42:28.553  2150  2891 I Distortion: Created custom distortion mesh.
01-06 18:42:28.553  2150  2891 I PhaseSync: PhaseSync::PhaseSync PaddingLowerLimit 0.350000 StandardDeviations 2.000000 PaddingUpperLimit 0.750000 on instance 12
01-06 18:42:28.553  2150  2891 I VrRuntimeClient: PhaseSync Instance created
01-06 18:42:28.554  2150  2891 I VrApi   : OVR::Stats thread started
01-06 18:42:28.554  2150  2891 I XrRuntimeUtils: XrRuntimeUtils::BeginSession
01-06 18:42:28.554  2150  2891 I XrRuntimeSystem_Client: BeginSession
01-06 18:42:28.554  2150  2891 I OpenXR  : ------------ xrBeginSession [end] -----------
01-06 18:42:28.555  1687  3215 I [CT]    : MIXEDREALITY: MrFeatureStatus: Client status changed from Paused to Started.
01-06 18:42:28.555  1687  3215 I [CT]    : MIXEDREALITY: MrFeatureStatus: Target status Started, CurrentStatus: Paused
01-06 18:42:28.555  1687  3215 I [CT]    : MIXEDREALITY: MrFeatureStatus: Operation chain: Start
01-06 18:42:28.555  1687  3215 I [CT]    : MIXEDREALITY: MrFeatureStatus: Global status changed from Paused to Started.
01-06 18:42:28.555  1687  3215 I [CT]    : MIXEDREALITY: MrServiceController: Queuing command linked to operation Start for feature 0
01-06 18:42:28.555  1687  3207 I [CT]    : MIXEDREALITY: MrServiceController: Executing passthroughStart on model
01-06 18:42:28.555  1687  3207 I [CT]    : MIXEDREALITY: MrServiceModel: passthroughStart()
01-06 18:42:28.555  1687  3207 I [CT]    : MIXEDREALITY: MrServiceModel: passthroughStart: Started Passthrough
01-06 18:42:28.555  3515 19229 D NotificationsBadgeLiveData: MessageBadgeData, pullAndCheckNotifs, old data source notif count: 0, oc chats count: 0, messenger count: 0
01-06 18:42:28.555  2150  2891 I [OAO] ShellTransitionState: Logging ShellTransitionState to dumpsys: {"state":"Foregrounding","timeMillis":"17931351"}
01-06 18:42:28.555  2150  2891 I [OAO] VrPlatformOpenXr: VrPlatformOpenXr::SetPropInhibitHandleHomeKey inhibit:1
01-06 18:42:28.555  2150  2891 I OpenXR_DeviceSettings: ------------ xrSetDeviceSettingBooleanFB -----------
01-06 18:42:28.555  2150  2891 I ClientInputSettings: SetInhibitHandleHomeKey = true for com.oculus.vrshell
01-06 18:42:28.555  2150  2891 I ClientInputInterface: SetInhibitHandleHomeKey 1 for process com.oculus.vrshell 2150
01-06 18:42:28.555  2150  2891 I [OAO] VrPlatformOpenXr: VrPlatformOpenXr::SetPropInhibitHandleHomeKey result = 0
01-06 18:42:28.555  1687  3207 I [CT]    : MIXEDREALITY: MrServiceView: renderIteration: Nothing to render, hibernating the rendering thread since ID is off and no active PT layers.
01-06 18:42:28.555  1687  3207 I [CT]    : MIXEDREALITY: MrServiceModel: Hibernating caller (most likely rendering thread) due to commandQueue being empty.
01-06 18:42:28.556  2150  2891 I [OAO] Compositor: EnterVrMode with eye buffer: 1024x1024 : 2
01-06 18:42:28.556  2150  2891 I [OAO] AudioMixer: Enabling AudioPlayer.
01-06 18:42:28.556  2150  2891 I [OAO] AudioEngine: virtual void AudioLibrary::AudioEngine::EnablePlayer()
01-06 18:42:28.557  2150  2891 D         : PlayerBase::PlayerBase()
01-06 18:42:28.557  2150 19296 D VrApi   : targetSDKVersion 29
01-06 18:42:28.557  2150  2891 D         : TrackPlayerBase::TrackPlayerBase()
01-06 18:42:28.557  2150  2891 I libOpenSLES: Emulating old channel mask behavior (ignoring positional mask 0x3, using default mask 0x3 based on channel count of 2)
01-06 18:42:28.559   730   730 I audio_hw_primary: getting vr mode to 0
01-06 18:42:28.559   751  8085 I AudioPolicyManagerCustom: VR mode is 0, switch to primary output if request is for fast|raw
01-06 18:42:28.560  2150 19296 I JniUtils: ovr_GetCurrentPackageSignature 
01-06 18:42:28.560   751  8085 W AudioFlinger: createTrack_l(): mismatch between requested flags (00000104) and output flags (00000006)
01-06 18:42:28.560   751  8085 D AudioFlinger: Client defaulted notificationFrames to 192 for frameCount 384
01-06 18:42:28.561  2150 19296 I Metrics : device name = Oculus Quest 2
01-06 18:42:28.565   751  8085 D AF::TrackHandle: OpPlayAudio: track:214 uid:10020 pkg:com.oculus.vrshell usage:1 not muted
01-06 18:42:28.566  2150  2891 I AudioTrack: createTrack_l(7471204): AUDIO_OUTPUT_FLAG_FAST successful; frameCount 0 -> 384
01-06 18:42:28.569  1281  1281 V AvrcpMediaPlayerList: onPlaybackConfigChanged(): Configs list size=11
01-06 18:42:28.574   864  8442 I chatty  : uid=1000(system) Binder:864_5 identical 1 line
01-06 18:42:28.579  2150 19298 D         : PlayerBase::stop() from IPlayer
01-06 18:42:28.579  2150 19298 D AudioTrack: stop(240): called with 0 frames delivered
01-06 18:42:28.579  2150  2891 I [OAO] LocalSpace: EnterVrMode: Setting local pose state.
01-06 18:42:28.579  2150  2891 I OpenXR_Hands: ------------ xrGetHandMeshFB -----------
01-06 18:42:28.580  2150  2891 I OpenXR_Hands: ------------ xrGetHandMeshFB -----------
01-06 18:42:28.580  2150  2891 D VrRuntimeClient: loadDriverResource - resourceName: 'hand_left' 
01-06 18:42:28.582  1281  1281 V AvrcpMediaPlayerList: onPlaybackConfigChanged(): Configs list size=11
01-06 18:42:28.583  1281  1281 V AvrcpMediaPlayerList: onPlaybackConfigChanged(): Configs list size=11
01-06 18:42:28.590  2150  2891 I OpenXR_Hands: ------------ xrGetHandMeshFB -----------
01-06 18:42:28.590  2150  2891 I OpenXR_Hands: ------------ xrGetHandMeshFB -----------
01-06 18:42:28.590  2150  2891 D VrRuntimeClient: loadDriverResource - resourceName: 'hand_left' 
01-06 18:42:28.594   730 17467 D msm8974_platform: platform_split_snd_device: snd_device(22) num devices(1) new_snd_devices(0)
01-06 18:42:28.594   730 17467 D ACDB-LOADER: ACDB -> send_audvoltable
01-06 18:42:28.594   730 17467 D ACDB-LOADER: ACDB -> ACDB_CMD_GET_AUDPROC_INSTANCE_GAIN_DEP_STEP_TABLE_SIZE
01-06 18:42:28.594   730 17467 D         : Failed to fetch the lookup information of the device 0000000F 
01-06 18:42:28.594   730 17467 D ACDB-LOADER: Error: ACDB_CMD_GET_AUDPROC_INSTANCE_GAIN_DEP_STEP_TABLE_SIZE Returned = -19
01-06 18:42:28.594   730 17467 D ACDB-LOADER: ACDB -> ACDB_CMD_GET_AUDPROC_INSTANCE_GAIN_DEP_STEP_TABLE, vol index 9
01-06 18:42:28.594   730 17467 D         : Failed to fetch the lookup information of the device 0000000F 
01-06 18:42:28.594   730 17467 D ACDB-LOADER: Error: ACDB AudProc vol returned = -19
01-06 18:42:28.594   730 17467 D ACDB-LOADER: ACDB -> AUDIO_SET_VOL_CAL cal type = 40
01-06 18:42:28.595  2150  2891 I [OAO] ShellTransitionState: Logging ShellTransitionState to dumpsys: {"state":"Resuming frame loop","timeMillis":"17931391"}
01-06 18:42:28.595  2150  2891 I [OAO] ShellOverlayApp: ProcessForegroundBlockingState Requesting blocking foreground app
01-06 18:42:28.595  2150  2891 D [OAO] ShellApplication: setRequestForegroundAppPaused: 'true
01-06 18:42:28.596  1052  5079 I ActivityTaskManager: START u0 {act=android.intent.action.MAIN cmp=com.oculus.os.clearactivity/.ClearActivity (has extras)} from uid 10020
01-06 18:42:28.596  1052  5079 W ActivityTaskManager: startActivity called from non-Activity context; forcing Intent.FLAG_ACTIVITY_NEW_TASK for: Intent { act=android.intent.action.MAIN flg=0x800000 cmp=com.oculus.os.clearactivity/.ClearActivity (has extras) }
01-06 18:42:28.617  2150  2891 I [OAO] GuardianController: GetShellGuardianState: Requesting holding until passthrough is up
01-06 18:42:28.619   864  8442 W TrackingService: attachClient: found client in attached list
01-06 18:42:28.619  2150  2891 I ClientInputTrackedKeyboardManager: TRACKEDKEYBOARD created PTKServiceClient
01-06 18:42:28.619  2150  2891 I PTKService: PTKServiceClient Init
01-06 18:42:28.619  2150  2891 I ipcLoader_static: RuntimeIPC: Loader: IPC Service API Loader Version: 33 Nov 25 2022 14:17:17
01-06 18:42:28.619  2150  2891 I RuntimeIPCApi: ipc_Initialize
01-06 18:42:28.619  2150  2891 I RuntimeIPCServiceClient: Init: Already initialized: com.oculus.vrshell:Overlay, 18
01-06 18:42:28.622  1052  6473 W InputReader: Device has associated, but no associated display id.
01-06 18:42:28.622   864 18390 D TrackingService: [HANDTRACKING] Controller 86557c336c360320 in hand: Y, valid: Y
01-06 18:42:28.624   864 18390 D TrackingService: [HANDTRACKING] Controller 729165a0fe4054d7 in hand: Y, valid: Y
01-06 18:42:28.634 18087 18087 W ActivityThread: handleWindowVisibility: no activity for token android.os.BinderProxy@3994c98
01-06 18:42:28.642   828  1187 E PersistableBundle: Failed at frameworks/native/libs/binder/PersistableBundle.cpp:154 (erase)
01-06 18:42:28.644  1052  1080 D ActivityManager: Is background playback enabled for all apps: false
01-06 18:42:28.645   751  8085 D AF::TrackHandle: OpPlayAudio: track:194 uid:10033 pkg:com.oculus.xrstreamingclient usage:1 muted
01-06 18:42:28.645   751  1006 D AF::TrackHandle: OpPlayAudio: track:57 uid:10014 pkg:com.oculus.shellenv usage:1 muted
01-06 18:42:28.652  3515  3515 D [SUI] ActivityManagerUtilsHelper: onForegroundActivitiesChanged: Instance: com.oculus.common.activitymanager.ActivityManagerUtilsHelper@8317877, Pid: 18087, Tid: 10072, foregroundActivities: true, foreground app: com.oculus.os.clearactivity, previous app: com.YourCompany.PrototypeV4
01-06 18:42:28.653  2150  2150 I [OAO] ShellOverlayService: onStartCommand(): Intent { cmp=com.oculus.vrshell/.ShellOverlayService }
01-06 18:42:28.659  2150  2891 W vrshell:Overla: A binder object at 0xd6fe9e40 is being transacted on, however, this object is in the same process as its proxy. Transacting with this binder is expensive compared to just calling the corresponding functionality in the same process.
01-06 18:42:28.659  2150  2891 W vrshell:Overla: A binder object at 0xd6fe9e40 is being transacted on, however, this object is in the same process as its proxy. Transacting with this binder is expensive compared to just calling the corresponding functionality in the same process.
01-06 18:42:28.660  2150  2891 I chatty  : uid=10020(com.oculus.vrshell) ShellOverlayVR identical 169 lines
01-06 18:42:28.663   751  6756 D AF::TrackHandle: OpPlayAudio: track:211 uid:10155 pkg:com.YourCompany.PrototypeV4 usage:1 muted
01-06 18:42:28.665   751  1772 D AF::TrackHandle: OpPlayAudio: track:57 uid:10014 pkg:com.oculus.shellenv usage:1 muted
01-06 18:42:28.666   751  1007 D AF::RecordHandle: OpRecordAudio: track:56 uid:10014 pkg:com.oculus.shellenv usage:0 muted
01-06 18:42:28.666   751   751 D AF::RecordHandle: OpRecordAudio: track:209 uid:10033 pkg:com.oculus.xrstreamingclient usage:0 muted
01-06 18:42:28.666   751  1600 D AF::TrackHandle: OpPlayAudio: track:194 uid:10033 pkg:com.oculus.xrstreamingclient usage:1 muted
01-06 18:42:28.666   751  8085 D AF::TrackHandle: OpPlayAudio: track:214 uid:10020 pkg:com.oculus.vrshell usage:1 not muted
01-06 18:42:28.666   751 12493 D AF::TrackHandle: OpPlayAudio: track:211 uid:10155 pkg:com.YourCompany.PrototypeV4 usage:1 muted
01-06 18:42:28.666   751  1007 D AF::RecordHandle: OpRecordAudio: track:56 uid:10014 pkg:com.oculus.shellenv usage:0 muted
01-06 18:42:28.667   751   751 D AF::RecordHandle: OpRecordAudio: track:209 uid:10033 pkg:com.oculus.xrstreamingclient usage:0 muted
01-06 18:42:28.667   864  8442 W TrackingService: attachClient: found client in attached list
01-06 18:42:28.667   751  8085 D AF::TrackHandle: OpPlayAudio: track:214 uid:10020 pkg:com.oculus.vrshell usage:1 not muted
01-06 18:42:28.667   751  6756 D AF::TrackHandle: OpPlayAudio: track:177 uid:10026 pkg:com.oculus.systemux usage:10 not muted
01-06 18:42:28.667   751  1006 D AF::RecordHandle: OpRecordAudio: track:213 uid:10032 pkg:com.oculus.horizon usage:0 not muted
01-06 18:42:28.668   751  1006 D AF::RecordHandle: OpRecordAudio: track:213 uid:10032 pkg:com.oculus.horizon usage:0 not muted
01-06 18:42:28.671   751  6756 D AF::TrackHandle: OpPlayAudio: track:177 uid:10026 pkg:com.oculus.systemux usage:10 not muted
01-06 18:42:28.672   874  2071 E VrApiService: Failed to set affinity for thread 19109, err: -22
01-06 18:42:28.673   730   730 D msm8974_platform: platform_split_snd_device: snd_device(22) num devices(1) new_snd_devices(0)
01-06 18:42:28.673   730   730 D ACDB-LOADER: ACDB -> send_audvoltable
01-06 18:42:28.673   730   730 D ACDB-LOADER: ACDB -> ACDB_CMD_GET_AUDPROC_INSTANCE_GAIN_DEP_STEP_TABLE_SIZE
01-06 18:42:28.673   730   730 D         : Failed to fetch the lookup information of the device 0000000F 
01-06 18:42:28.673   730   730 D ACDB-LOADER: Error: ACDB_CMD_GET_AUDPROC_INSTANCE_GAIN_DEP_STEP_TABLE_SIZE Returned = -19
01-06 18:42:28.673   730   730 D ACDB-LOADER: ACDB -> ACDB_CMD_GET_AUDPROC_INSTANCE_GAIN_DEP_STEP_TABLE, vol index 8
01-06 18:42:28.673   730   730 D         : Failed to fetch the lookup information of the device 0000000F 
01-06 18:42:28.673   730   730 D ACDB-LOADER: Error: ACDB AudProc vol returned = -19
01-06 18:42:28.673   730   730 D ACDB-LOADER: ACDB -> AUDIO_SET_VOL_CAL cal type = 40
01-06 18:42:28.679   828  1187 E PersistableBundle: Failed at frameworks/native/libs/binder/PersistableBundle.cpp:154 (erase)
01-06 18:42:28.686  1052  5079 E WindowManager: App trying to use insecure INPUT_FEATURE_NO_INPUT_CHANNEL flag. Ignoring
01-06 18:42:28.699   828  1187 E PersistableBundle: Failed at frameworks/native/libs/binder/PersistableBundle.cpp:154 (erase)
01-06 18:42:28.714   864  8442 W TrackingService: attachClient: found client in attached list
01-06 18:42:28.720  3515  3515 W OVRLibrary: null cursor received for query content://com.oculus.ocms.library/apps/com.oculus.os.clearactivity
01-06 18:42:28.721  3515  3515 D [SUI] DynamicAppsViewModel: Setting destination ui paused app - com.oculus.os.clearactivity
01-06 18:42:28.741  3515  3515 W OVRLibrary: null cursor received for query content://com.oculus.ocms.library/apps/quick_settings_app
01-06 18:42:28.753  1052  1088 I ActivityTaskManager: Displayed com.oculus.os.clearactivity/.ClearActivity: +116ms
01-06 18:42:28.755 19079 19303 I chatty  : uid=10155(com.YourCompany.PrototypeV4) expire 2 lines
01-06 18:42:28.763   864   864 W TrackingService: attachClient: found client in attached list
01-06 18:42:28.764   864  1221 W TrackingService: attachClient: found client in attached list
01-06 18:42:28.768  3515  3515 W OVRLibrary: null cursor received for query content://com.oculus.ocms.library/apps/com.YourCompany.PrototypeV4
01-06 18:42:28.784   874  2921 E VrApiService: Error set scheduler for process 1804 thread 19301 to 2 : No such process (3)
01-06 18:42:28.797  3515  3515 W OVRLibrary: null cursor received for query content://com.oculus.ocms.library/apps/com.oculus.xrstreamingclient
01-06 18:42:28.805  2954  3093 I VrGuardianService: GuardianSDKServer::SetActiveHand
01-06 18:42:28.805  2954  3093 I VrGuardianService: GuardianSDKServer::SetSecondaryControllerActive 1
01-06 18:42:28.811  2150 19305 I chatty  : uid=10020(com.oculus.vrshell) ShellOverlayMai expire 2 lines
01-06 18:42:28.820  3515  3515 W OVRLibrary: null cursor received for query content://com.oculus.ocms.library/apps/notifications_system_app
01-06 18:42:28.838  3515  3515 W OVRLibrary: null cursor received for query content://com.oculus.ocms.library/apps/com.YourCompany.TemplateProject3
01-06 18:42:28.843  2954  3093 I VrGuardianService: GuardianSDKServer::SetActiveHand
01-06 18:42:28.852  2954  3062 I StateMachine: StateMachine::Update TrackingLost: lost -> Lost
01-06 18:42:28.855  3515  3515 W OVRLibrary: null cursor received for query content://com.oculus.ocms.library/apps/paused_app
01-06 18:42:28.884  3515  3515 W OVRLibrary: null cursor received for query content://com.oculus.ocms.library/apps/com.android.settings
01-06 18:42:28.885  2410  2436 I com.oculus.ocm: Background young concurrent copying GC freed 4896(666KB) AllocSpace objects, 4(80KB) LOS objects, 1% free, 4299KB/4353KB, paused 34us total 123.418ms
01-06 18:42:28.891  2954  3062 D VrGuardianService: getSupportedVrFeatures for com.YourCompany.PrototypeV4
01-06 18:42:28.895  2410  8680 I PublicLibraryProvider: Using legacy entitlement framework to get App data
01-06 18:42:28.899  2410  8680 W PublicLibraryProvider: Cannot find entitlement for com.YourCompany.PrototypeV4
01-06 18:42:28.912  3515  3515 W OVRLibrary: null cursor received for query content://com.oculus.ocms.library/apps/quick_settings_app
01-06 18:42:28.930  3515  3515 W OVRLibrary: null cursor received for query content://com.oculus.ocms.library/apps/com.YourCompany.PrototypeV4
01-06 18:42:28.939   864 18386 I chatty  : uid=1000(system) IOTmotion expire 1 line
01-06 18:42:28.940  2954  3062 I StateMachine: StateMachine::Update TrackingLost: valid -> Valid
01-06 18:42:28.942  2954  3062 I GuardianSystem: UpdateGuardianSystemState: Flags changed: 544768, 528384, SYSTEM_RELOCALIZING,SYSTEM_TRACKING_LOST,SYSTEM_GUARDIAN_VALID to SYSTEM_RELOCALIZING,SYSTEM_GUARDIAN_VALID
01-06 18:42:28.944  2954  3093 I VrGuardianService: GuardianSDKServer::ClearPassthroughFlag
01-06 18:42:28.947  2150  2150 I chatty  : uid=10020(com.oculus.vrshell) ShellOverlayMai expire 13 lines
01-06 18:42:28.948  1687  3215 I [CT]    : MIXEDREALITY: MrFeatureStatus: Client status changed from Started to Paused.
01-06 18:42:28.948  1687  3215 I [CT]    : MIXEDREALITY: MrFeatureStatus: Target status Paused, CurrentStatus: Started
01-06 18:42:28.948  1687  3215 I [CT]    : MIXEDREALITY: MrFeatureStatus: Operation chain: Pause
01-06 18:42:28.948  1687  3215 I [CT]    : MIXEDREALITY: MrFeatureStatus: Global status changed from Started to Paused.
01-06 18:42:28.948  1687  3215 I [CT]    : MIXEDREALITY: MrServiceController: Queuing command linked to operation Pause for feature 0
01-06 18:42:28.948  1687  3207 I [CT]    : MIXEDREALITY: MrServiceController: Executing passthroughPause on model
01-06 18:42:28.948  1687  3207 I [CT]    : MIXEDREALITY: MrServiceModel: passthroughPause()
01-06 18:42:28.948  1687  3207 I [CT]    : MIXEDREALITY: MrServiceModel: passthroughPause: Paused Passthrough
01-06 18:42:28.948  1687  3207 I [CT]    : MIXEDREALITY: MrRuntimeImpl: onPause: Capability 0 on device 2.
01-06 18:42:28.948  1687  3207 I [CT]    : MIXEDREALITY: MrRuntimeImpl: onPause: Capability 1 on device 2.
01-06 18:42:28.948  1687  3207 W OsSdk   : Requested historical tracking state too far in the past; oldest: 17931.457143s, requested: 17931.382871s
01-06 18:42:28.949  1687  3207 I [CT]    : MIXEDREALITY: MrServiceModel: Hibernating caller (most likely rendering thread) due to commandQueue being empty.
01-06 18:42:28.949   860  3199 I [CT]    : MIXEDREALITY: MrSystemServiceIPCServer: ChangeMrCapabilityStatusNonBlocking: client 1341373499, capability 0, command 0.
01-06 18:42:28.949   860  3199 I [CT]    : MIXEDREALITY: ServiceLogic: Stopping: Passthrough
01-06 18:42:28.949   860  3199 I [CT]    : MIXEDREALITY: MrRuntimeCompute: onStop: Passthrough.
