01-06 16:27:39.908   744 14864 D SensorService: Syncboss input 729165a0fe4054d7 hardware type 4, subtype 2, revision 
01-06 16:27:39.908   744 14864 I SensorService: preparePairedControllerInfo is adding device with valid 1
01-06 16:27:39.909   744 14864 D SensorService: stateChangeNotifierFunc(): Reporting controller info. Change token: 45, paired=2 connected=1
01-06 16:27:39.909  1602 14874 D OVRRemoteService: processStateChange([PairedControllerInfo JEDI 86557c336c360320 connected mcnt=0])
01-06 16:27:39.909   744  1017 D SensorService: ControllerProvider: Succesfully set tx power to -4, filter to -4
01-06 16:27:39.909   581   607 I SyncBossFW: 9840086 [info   ] {APPI}: Found 1 connected pulsar devices
01-06 16:27:39.909   744   908 I SyncBossHAL: [info   ] pulsar_manager.c(866): Setting transmit power for all connected controllers to -4 dBm
01-06 16:27:39.909  1602 14874 D OVRRemoteService: processStateChange([PairedControllerInfo JEDI 729165a0fe4054d7 disconnected update-required mcnt=0])
01-06 16:27:39.915  2825  3399 W OVRLibrary: null cursor received for query content://com.oculus.ocms.library/apps/com.oculus.os.clearactivity
01-06 16:27:39.915  2825  3399 D MVanScreenTimeUploadWorker: Creating screen time mutation for com.oculus.os.clearactivity startime = 1673022457 endTime = 1673022458 duration = 1
01-06 16:27:39.916   744   908 I SyncBossHAL: [info   ] pulsar_manager.c(866): Setting filter transmit power for all connected controllers to -4 dBm
01-06 16:27:39.918   744  1017 D SensorService: Found paired controllers: 2
01-06 16:27:39.918   744  1017 D SensorService: Syncboss input 86557c336c360320 hardware type 4, subtype 1, revision 0x09
01-06 16:27:39.918   744  1017 I SensorService: preparePairedControllerInfo is adding device with valid 1
01-06 16:27:39.918   744  1017 D SensorService: Syncboss input 729165a0fe4054d7 hardware type 4, subtype 2, revision 
01-06 16:27:39.918   744  1017 I SensorService: preparePairedControllerInfo is adding device with valid 1
01-06 16:27:39.919   864 14912 D TrackingService: Creating RemoteConstellationTrackedDevice
01-06 16:27:39.920   864 14912 I TrackingService: Registering primary controller 86557c336c360320 in slot 0
01-06 16:27:39.921   864 14912 D TrackingService: TrackingDataPostProcessor: Hand autotransition v2 GK enabled: 1
01-06 16:27:39.921   864 14912 D TrackingService: registerRemote: 86557c336c360320
01-06 16:27:39.921   864 14912 I chatty  : uid=1000(system) CtrlTracking expire 92 lines
01-06 16:27:39.923  1052  1163 W EventHub: Unable to disable kernel key repeat for /dev/input/event3: Function not implemented
01-06 16:27:39.923  1052  1163 I EventHub: wakeMechanism=EPOLLWAKEUP, usingClockIoctl=true
01-06 16:27:39.923  1052  1163 I EventHub: New device: id=26, fd=214, path='/dev/input/event3', name='Device 0x86557C336C360320', classes=0x2001, configuration='/system/usr/idc/Vendor_2833_Product_0160.idc', keyLayout='/system/usr/keylayout/oculus-device.kl', keyCharacterMap='/system/usr/keychars/oculus-device.kcm', builtinKeyboard=false, 
01-06 16:27:39.923  1052  1163 I InputReader: Device added: id=26, name='Device 0x86557C336C360320', sources=0x65432102
01-06 16:27:39.925  2150  2150 I chatty  : uid=10020(com.oculus.vrshell) ShellOverlayMai expire 6 lines
01-06 16:27:39.925  1052  1162 W InputReader: Device has associated, but no associated display id.
01-06 16:27:39.930  1804  2851 I ServiceInputManager: OSSDKTRACKING InputState has changed
01-06 16:27:39.930  1804  2851 I ServiceInputManager: OSSDKTRACKING 0 found one 6000
01-06 16:27:39.930  1804  2851 I ServiceInputManager: OSSDKTRACKING model is a supported remote, adding to list
01-06 16:27:39.930  1804  2851 I ServiceInputManager: OSSDKTRACKING GetNewConnectedRemotesList, returned true. remotes 1
01-06 16:27:39.933  2954  3298 I InputDevice_TrackedRemote: REMOTE: Hand=1 IndexAnalog=0.00 GripAnalog=0.00 Buttons=0x00000000
01-06 16:27:39.935   864 14912 W TrackingService: Attempted to control leds, but gatekeeper is disabled. Skipping operation.
01-06 16:27:39.935   864  1221 D TrackingService: getSharedMemory: com.YourCompany.PrototypeV4, Controller
01-06 16:27:39.935 14708 14806 I InputDevice_TrackedRemote: REMOTE: Hand=1 IndexAnalog=0.00 GripAnalog=0.00 Buttons=0x00000000
01-06 16:27:39.937   864  1221 W TrackingService: attachClient: found client in attached list
01-06 16:27:39.964  2825  3399 W OVRLibrary: null cursor received for query content://com.oculus.ocms.library/apps/com.oculus.systemux
01-06 16:27:39.964  2825  3399 D MVanScreenTimeUploadWorker: Creating screen time mutation for com.oculus.systemux startime = 1673021692 endTime = 1673021693 duration = 1
01-06 16:27:39.967  2825  3399 D MVanScreenTimeUploadWorker: Creating screen time mutation for com.oculus.systemux startime = 1673021960 endTime = 1673021961 duration = 1
01-06 16:27:39.986   744 14865 I SyncBossInput: [info   ] [jedi ( left) 86557c33xxxxxxxx]: 9601021 [info   ] {THDG}: active_seek -> inactive_seek
01-06 16:27:39.986  2825  3399 W OVRLibrary: null cursor received for query content://com.oculus.ocms.library/apps/com.oculus.xrstreamingclient
01-06 16:27:39.986   864  1221 W TrackingService: attachClient: found client in attached list
01-06 16:27:39.987  2825  3399 D MVanScreenTimeUploadWorker: Creating screen time mutation for com.oculus.xrstreamingclient startime = 1673021968 endTime = 1673022074 duration = 106
01-06 16:27:39.990   864 14912 D TrackingService: [HANDTRACKING] Controller 86557c336c360320 in hand: Y, valid: Y
01-06 16:27:39.992  2825  3399 D MVanScreenTimeUploadWorker: updating latest sync time to 1673022459
01-06 16:27:39.999  2825  3399 D WorkerLoggerHelper: log success for mvan_screen_time_upload_worker
01-06 16:27:40.001  2825  2935 I WM-WorkerWrapper: Worker result SUCCESS for Work [ id=49243dd2-0e78-4553-b4cf-e02e1ed2125c, tags={ com.oculus.identitymanagement.service.workers.MVanScreenTimeUploadWorker } ]
01-06 16:27:40.031   744 14865 I SyncBossInput: [info   ] [jedi ( left) 86557c33xxxxxxxx]: 9837336 [info   ] {APP }: Connected
01-06 16:27:40.032   864  1221 W TrackingService: attachClient: found client in attached list
01-06 16:27:40.072   864  1221 W TrackingService: attachClient: found client in attached list
01-06 16:27:40.080   744 14865 I SyncBossInput: [info   ] [jedi ( left) 86557c33xxxxxxxx]: 9837337 [info   ] {THDG}: inactive_seek -> active_connected
01-06 16:27:40.119   864  1221 W TrackingService: attachClient: found client in attached list
01-06 16:27:40.160  2825 15015 D UserIdentityContextWorker: UserAccountQueryResponse onSuccess
01-06 16:27:40.162   864  1221 W TrackingService: attachClient: found client in attached list
01-06 16:27:40.163   864  1042 W TrackingService: attachClient: found client in attached list
01-06 16:27:40.174  2825 15015 D UserIdentityContextWorker: Update user database entities complete
01-06 16:27:40.175  2825 15015 D WorkerLoggerHelper: log success for user_identity_context_worker
01-06 16:27:40.183  2825  2930 I WM-WorkerWrapper: Worker result SUCCESS for Work [ id=d8953a93-544e-412e-92c7-c532d73918e4, tags={ com.oculus.identitymanagement.service.workers.UserIdentityContextWorker } ]
01-06 16:27:40.187  2825  2930 I WM-WorkerWrapper: Setting status to enqueued for 6f836bf1-36f0-4689-90b3-45e0ee5047f8
01-06 16:27:40.187  2825 15017 D MVanScreenTimeUploadWorker: uploaded 5 seconds screentime for com.oculus.shellenv
01-06 16:27:40.200  2825 15018 D MVanScreenTimeUploadWorker: uploaded 68 seconds screentime for com.oculus.shellenv
01-06 16:27:40.207   864  1042 I chatty  : uid=1000(system) Binder:864_2 identical 1 line
01-06 16:27:40.253   864  1042 W TrackingService: attachClient: found client in attached list
01-06 16:27:40.253  2954  3306 I Telemetry: App memory usage: PSS=58 MiB, PrivateDirty=49 MiB, PrivateClean=3 MiB, GPU=3.8/4.0 MiB (96% allocated)
01-06 16:27:40.278   744 14865 I SyncBossHAL: [info   ] syncboss_hal_input_controller.c(195): Controller 86557c33xxxxxxxx battery level changed: 0% -> 100%
01-06 16:27:40.283   744 14864 D SensorService: Syncboss input 86557c336c360320 hardware type 4, subtype 1, revision 0x09
01-06 16:27:40.283   744 14864 I SensorService: preparePairedControllerInfo is adding device with valid 1
01-06 16:27:40.283   744 14864 D SensorService: Syncboss input 729165a0fe4054d7 hardware type 4, subtype 2, revision 
01-06 16:27:40.283   744 14864 I SensorService: preparePairedControllerInfo is adding device with valid 1
01-06 16:27:40.284   744 14864 D SensorService: stateChangeNotifierFunc(): Reporting controller info. Change token: 46, paired=2 connected=1
01-06 16:27:40.284  1602 14874 D OVRRemoteService: processStateChange([PairedControllerInfo JEDI 86557c336c360320 connected mcnt=0])
01-06 16:27:40.284  1602 14874 D OVRRemoteService: processStateChange([PairedControllerInfo JEDI 729165a0fe4054d7 disconnected update-required mcnt=0])
01-06 16:27:40.295   864  1042 W TrackingService: attachClient: found client in attached list
01-06 16:27:40.349  2825 15019 D MVanScreenTimeUploadWorker: uploaded 7 seconds screentime for com.oculus.shellenv
01-06 16:27:40.351  2825 15023 D MVanScreenTimeUploadWorker: uploaded 1 seconds screentime for com.YourCompany.PrototypeV4
01-06 16:27:40.360   864  1042 I chatty  : uid=1000(system) Binder:864_2 identical 2 lines
01-06 16:27:40.363  2825 15021 D MVanScreenTimeUploadWorker: uploaded 13 seconds screentime for com.YourCompany.PrototypeV4
01-06 16:27:40.364  2825 15030 D MVanScreenTimeUploadWorker: uploaded 1 seconds screentime for com.oculus.systemux
01-06 16:27:40.375  2825 15022 D MVanScreenTimeUploadWorker: uploaded 1 seconds screentime for com.YourCompany.PrototypeV4
01-06 16:27:40.378  2825 15024 D MVanScreenTimeUploadWorker: uploaded 1 seconds screentime for com.YourCompany.PrototypeV4
01-06 16:27:40.388  2825 15020 D MVanScreenTimeUploadWorker: uploaded 14 seconds screentime for com.YourCompany.PrototypeV4
01-06 16:27:40.390  2825 15026 D MVanScreenTimeUploadWorker: uploaded 1 seconds screentime for com.oculus.os.clearactivity
01-06 16:27:40.397  2825 15025 D MVanScreenTimeUploadWorker: uploaded 1 seconds screentime for com.android.permissioncontroller
01-06 16:27:40.405   864  1042 W TrackingService: attachClient: found client in attached list
01-06 16:27:40.406   864  1221 W TrackingService: attachClient: found client in attached list
01-06 16:27:40.407  2825 15033 D MVanScreenTimeUploadWorker: uploaded 1 seconds screentime for com.oculus.systemux
01-06 16:27:40.418  2825 15036 D MVanScreenTimeUploadWorker: uploaded 106 seconds screentime for com.oculus.xrstreamingclient
01-06 16:27:40.434 14708 14736 D UE4     : [2023.01.06-16.27.40:434][ 13]LogCore: Display: AppLifetime: Application will deactivate
01-06 16:27:40.434 14708 14830 D OVRPlugin: Leaving VR mode.
01-06 16:27:40.434 14708 14830 I VrApi   : ---------- vrapi_LeaveVrMode [start] ----------
01-06 16:27:40.435  1687  3939 I [CT]    : MIXEDREALITY: MrServiceController: VrFocusManager::Top Activity Changed, topActivity now is: 'com.oculus.shellenv', immersiveApp now is: ''.
01-06 16:27:40.435 14708 14830 I XrRuntimeUtils: XrRuntimeUtils::EndSession
01-06 16:27:40.436  1687  3939 I [CT]    : MIXEDREALITY: MrServiceController: VrFocusManager::Top Activity Changed, topActivity now is: 'com.oculus.shellenv', immersiveApp now is: ''.
01-06 16:27:40.436  1687  3207 I [CT]    : MIXEDREALITY: MrServiceModel: Hibernating caller (most likely rendering thread) due to commandQueue being empty.
01-06 16:27:40.437 14708 14830 D VrApi   : targetSDKVersion 29
01-06 16:27:40.438  1804 14948 I CompositorVR: SetSchedFifo( tid=3207, pol=5, pri=1 ) succeeded
01-06 16:27:40.439 14708 14830 I VrRuntimeClient: DEVICE MODEL NUMBER = Quest
01-06 16:27:40.439 14708 14830 I VrRuntimeClient: DEVICE BUILD NAME = user-49068160412800150
01-06 16:27:40.439 14708 14830 I VrRuntimeClient: DEVICE BUILD TYPE = user
01-06 16:27:40.439 14708 14830 I VrRuntimeClient: DEVICE OS VERSION = 10
01-06 16:27:40.439 14708 14830 I VrRuntimeClient: API LOADER VERSION = 1.44.0
01-06 16:27:40.439 14708 14830 I VrRuntimeClient: RUNTIME API VERSION = 1.64.0
01-06 16:27:40.439 14708 14830 I VrRuntimeClient: RUNTIME VERSION = 47.0.0.282.341 Nov 25 2022 14:16:37 RELEASE
01-06 16:27:40.439 14708 14830 I VrRuntimeClient: APP NAME = PrototypeV4
01-06 16:27:40.439 14708 14830 I VrRuntimeClient: APP VERSION = 1.0 versionCode 1 internalVersionName <none>
01-06 16:27:40.439 14708 14830 I VrRuntimeClient: APP VR TYPE = <none>
01-06 16:27:40.439 14708 14830 I VrRuntimeClient: APP MODE TYPE = VR
01-06 16:27:40.439 14708 14830 I VrRuntimeClient: APP PACKAGE NAME = com.YourCompany.PrototypeV4
01-06 16:27:40.439 14708 14830 I VrRuntimeClient: APP ACTIVITY CLASS = com.epicgames.ue4.GameActivity
01-06 16:27:40.440 14708 14830 D BatteryReceiver: Unregistering battery receiver
01-06 16:27:40.440 14708 14830 I Sensor  : OSSDKTRACKING Shutdown tracking
01-06 16:27:40.440 14708 14830 I LogTimer: CPUTIME: VrRuntimeClient_EndSession took 4.5621 ms
01-06 16:27:40.445 14708 14809 I VrApi   : FPS=1/72,Prd=40ms,Tear=0,Early=0,Stale=0,VSnc=1,Lat=1,Fov=0,CPU4/GPU=2/3,1171/490MHz,OC=FF,TA=0/70/70,SP=N/N/N,Mem=1353MHz,Free=2016MB,PLS=0,Temp=26.5C/0.0C,TW=1.17ms,App=2.91ms,GD=0.00ms,CPU&GPU=72.62ms,LCnt=1(DR0,LM0),GPU%=0.16,CPU%=0.07(W0.10),DSF=1.00,CFL=-1000.00/-1000.00
01-06 16:27:40.445 14708 14830 I VrApi   : OVR::Stats thread stopped
01-06 16:27:40.445 14708 14830 I InputDeviceManager: ovrInputDeviceManager::~ovrInputDeviceManager
01-06 16:27:40.446   864  1221 D TrackingService: haptic socket already exists
01-06 16:27:40.446   864  1221 D TrackingService: getSocket: com.YourCompany.PrototypeV4
01-06 16:27:40.446 14708 14830 I InputDevice_TrackedRemote: OSSDKTRACKING shutting down Haptics
01-06 16:27:40.446 14708 14830 I chatty  : uid=10154(com.YourCompany.PrototypeV4) identical 20 lines
01-06 16:27:40.446   864  1221 I TrackingService: Unregistering client by ITrackingService.unregisterClient
01-06 16:27:40.446   864  1221 I TrackingService: Failed to unregister client because client not found in registered list
01-06 16:27:40.446   864  1221 I chatty  : uid=1000(system) Binder:864_4 identical 7 lines
01-06 16:27:40.446   864  1221 I TrackingService: Failed to unregister client because client not found in registered list
01-06 16:27:40.446   864  1221 D TrackingService: unregister: com.YourCompany.PrototypeV4
01-06 16:27:40.446   744  1017 E SensorService: Failed to set simple multi haptics, ret: -1
01-06 16:27:40.447   864  3749 E TrackingService: multiSimpleHapticCallback_ unexpectedly returned; multi simple haptic callback error code: 1
01-06 16:27:40.447 14708 14806 I chatty  : uid=10154(com.YourCompany.PrototypeV4) expire 1 line
01-06 16:27:40.448  1804 14773 I VrRuntimeService: RuntimeServiceSDKServer::EnableRendering: 0x0, 0, com.YourCompany.PrototypeV4
01-06 16:27:40.448  1804 14773 I ClientMgr: ClientMgr::EnableRendering 14708:com.YourCompany.PrototypeV4 : type 0 comp-id 25: disable
01-06 16:27:40.448  1804 14773 I VrRuntimeServer: DisableCompositorClient: 25
01-06 16:27:40.448  1804 14773 I CompositorClientMgr: Disable client 25
01-06 16:27:40.448  1804 14773 I CompositorClientMgr: DisableClient: frame flush required: 1
01-06 16:27:40.452   864  1221 W TrackingService: attachClient: found client in attached list
01-06 16:27:40.452  1804 14948 W CompositorClient: WarpToScreen: No completed frames to display for primary client 25. submittedFrameIndex = 4
01-06 16:27:40.453  1804 14773 I UnifiedTelemetryWrapper: Stopped UT session render:com.YourCompany.PrototypeV4
01-06 16:27:40.453 14708 14815 I chatty  : uid=10154(com.YourCompany.PrototypeV4) expire 1 line
01-06 16:27:40.454 14708 14736 I chatty  : uid=10154(com.YourCompany.PrototypeV4) expire 110 lines
01-06 16:27:40.456 14708 14737 I chatty  : uid=10154(com.YourCompany.PrototypeV4) expire 25 lines
01-06 16:27:40.457   730  3118 D msm8974_platform: platform_split_snd_device: snd_device(22) num devices(1) new_snd_devices(0)
01-06 16:27:40.457   730  3118 D ACDB-LOADER: ACDB -> send_audvoltable
01-06 16:27:40.457   730  3118 D ACDB-LOADER: ACDB -> ACDB_CMD_GET_AUDPROC_INSTANCE_GAIN_DEP_STEP_TABLE_SIZE
01-06 16:27:40.457   730  3118 D         : Failed to fetch the lookup information of the device 0000000F 
01-06 16:27:40.457   730  3118 D ACDB-LOADER: Error: ACDB_CMD_GET_AUDPROC_INSTANCE_GAIN_DEP_STEP_TABLE_SIZE Returned = -19
01-06 16:27:40.457   730  3118 D ACDB-LOADER: ACDB -> ACDB_CMD_GET_AUDPROC_INSTANCE_GAIN_DEP_STEP_TABLE, vol index 1
01-06 16:27:40.457   730  3118 D         : Failed to fetch the lookup information of the device 0000000F 
01-06 16:27:40.457   730  3118 D ACDB-LOADER: Error: ACDB AudProc vol returned = -19
01-06 16:27:40.457   730  3118 D ACDB-LOADER: ACDB -> AUDIO_SET_VOL_CAL cal type = 40
01-06 16:27:40.459  1804  2851 I ClientMgr: Non-overlay clients rendering status has changed: prev=99, curr=100, enabled=0
01-06 16:27:40.459  1804  2851 I CompositorClientMgr: Enable client 0
01-06 16:27:40.459  1804  2851 I VrRuntimeServer: EnableCompositorClient client(0): layer placement(2147483643) flags(8) sm(0x7113bc5160)
01-06 16:27:40.459  1281  1281 V AvrcpMediaPlayerList: onPlaybackConfigChanged(): Configs list size=8
01-06 16:27:40.463 14708 14708 I chatty  : uid=10154(com.YourCompany.PrototypeV4) expire 14 lines
01-06 16:27:40.470  1804 14948 I CompositorProgs: [0x710694b710] Built layerProgram 0:0x100000048082:0x0 in 9.4 ms
01-06 16:27:40.471  1804 14948 I CompositorVR: Tear: 0.009969 (since wakeup: 0.009955)
01-06 16:27:40.475  1052 12399 D WindowManager: relayoutVisibleWindow: Window{3210e44 u0 com.YourCompany.PrototypeV4/com.epicgames.ue4.GameActivity EXITING} mAnimatingExit=true, mRemoveOnExit=false, mDestroying=false
01-06 16:27:40.477  3392  3392 D MetaCam (MediaCapabilityChecker): checkMediaHasRecordingCapabilities packageName: com.YourCompany.PrototypeV4
01-06 16:27:40.480  1804 14948 I CompositorProgs: [0x710694b710] Built layerProgram 0:0x100000048082:0x0 in 5.5 ms
01-06 16:27:40.481  1804  1804 I ClientMgr: FocusedWindowChanged: falling back to client with same uid: 10154, and pid: 14708
01-06 16:27:40.481  1804  1804 I ClientMgr: ClientMgr::SetFocusedClient: 14708:com.YourCompany.PrototypeV4 type 0
01-06 16:27:40.481  1804  1804 I ClientMgr: SetFocusedPackageName - packageName com.YourCompany.PrototypeV4 processName com.YourCompany.PrototypeV4 clientId 1325259679 clientPid 14708
01-06 16:27:40.485  1052  9772 I ActivityTaskManager: Activity reported stop, but no longer stopping: ActivityRecord{611a14c u0 com.YourCompany.PrototypeV4/com.epicgames.ue4.GameActivity t357}
01-06 16:27:40.488  2825 15063 D CapabilitiesQueryWorker: CapabilitiesQueryResponse onSuccess
01-06 16:27:40.490  1962  2096 W OVRLibrary: null cursor received for query content://com.oculus.ocms.library/apps/com.YourCompany.PrototypeV4
01-06 16:27:40.491  1962  2096 I OVRMediaServiceManager: Sending onAppStart (com.YourCompany.PrototypeV4) to SocialPlatform (com.oculus.socialplatform)
01-06 16:27:40.491  1962  2562 W OVRLibrary: null cursor received for query content://com.oculus.ocms.library/apps/com.YourCompany.PrototypeV4
01-06 16:27:40.494   744 14865 I SyncBossInput: [info   ] [jedi ( left) 86557c33xxxxxxxx]: 9837950 [info   ] {HPTH}: Set haptics frequency to 0x210C
01-06 16:27:40.501   864  1042 W TrackingService: attachClient: found client in attached list
01-06 16:27:40.524  3392  3392 W OVRLibrary: null cursor received for query content://com.oculus.ocms.library/apps/com.YourCompany.PrototypeV4
01-06 16:27:40.524  3392  3392 D MetaCam (MediaCapabilityChecker): checkMediaHasRecordingCapabilities packageName: com.YourCompany.PrototypeV4
01-06 16:27:40.532  1962  2096 E OVRMediaServiceManager: LivestreamingManager Not initialized
01-06 16:27:40.543   730  3118 D msm8974_platform: platform_split_snd_device: snd_device(22) num devices(1) new_snd_devices(0)
01-06 16:27:40.543   730  3118 D ACDB-LOADER: ACDB -> send_audvoltable
01-06 16:27:40.543   730  3118 D ACDB-LOADER: ACDB -> ACDB_CMD_GET_AUDPROC_INSTANCE_GAIN_DEP_STEP_TABLE_SIZE
01-06 16:27:40.543   730  3118 D         : Failed to fetch the lookup information of the device 0000000F 
01-06 16:27:40.543   730  3118 D ACDB-LOADER: Error: ACDB_CMD_GET_AUDPROC_INSTANCE_GAIN_DEP_STEP_TABLE_SIZE Returned = -19
01-06 16:27:40.543   730  3118 D ACDB-LOADER: ACDB -> ACDB_CMD_GET_AUDPROC_INSTANCE_GAIN_DEP_STEP_TABLE, vol index 0
01-06 16:27:40.543   730  3118 D         : Failed to fetch the lookup information of the device 0000000F 
01-06 16:27:40.543   730  3118 D ACDB-LOADER: Error: ACDB AudProc vol returned = -19
01-06 16:27:40.543   730  3118 D ACDB-LOADER: ACDB -> AUDIO_SET_VOL_CAL cal type = 40
01-06 16:27:40.543   730  3118 D msm8974_platform: platform_split_snd_device: snd_device(22) num devices(1) new_snd_devices(0)
01-06 16:27:40.544   864  1221 W TrackingService: attachClient: found client in attached list
01-06 16:27:40.547  3392  3392 W OVRLibrary: null cursor received for query content://com.oculus.ocms.library/apps/com.YourCompany.PrototypeV4
01-06 16:27:40.549  1804 14948 I CompositorVR: SetSchedFifo( tid=3207, pol=2, pri=0 ) succeeded
01-06 16:27:40.557  2825 15063 D WorkerLoggerHelper: log success for capability_query_worker
01-06 16:27:40.560  2825  2931 I WM-WorkerWrapper: Worker result SUCCESS for Work [ id=6f836bf1-36f0-4689-90b3-45e0ee5047f8, tags={ com.oculus.identitymanagement.service.workers.CapabilitiesQueryWorker } ]
01-06 16:27:40.561  2825  2931 I WM-WorkerWrapper: Setting status to enqueued for ee423848-1947-4f7d-a5ae-cb5e5752959e
01-06 16:27:40.565  1687  3939 I [CT]    : MIXEDREALITY: MrServiceController: VrFocusManager::Top Activity Changed, topActivity now is: 'com.oculus.shellenv', immersiveApp now is: ''.
01-06 16:27:40.567  1687  3207 I [CT]    : MIXEDREALITY: MrServiceModel: Hibernating caller (most likely rendering thread) due to commandQueue being empty.
01-06 16:27:40.567  1687  3939 I [CT]    : MIXEDREALITY: MrServiceController: VrFocusManager::Top Activity Changed, topActivity now is: 'com.YourCompany.PrototypeV4', immersiveApp now is: 'com.YourCompany.PrototypeV4'.
01-06 16:27:40.574  1687  3207 I [CT]    : MIXEDREALITY: MrServiceModel: Hibernating caller (most likely rendering thread) due to commandQueue being empty.
01-06 16:27:40.577  1804 14948 I CompositorVR: SetSchedFifo( tid=3207, pol=5, pri=1 ) succeeded
01-06 16:27:40.582   864  1221 D TrackingService: getSharedMemory: com.YourCompany.PrototypeV4, HeadTracker
01-06 16:27:40.584   864  1221 D TrackingService: getSharedMemory: com.YourCompany.PrototypeV4, Controller
01-06 16:27:40.584   857  1025 E CalibrationProvider: loadCalibration(LDISP_SN) failed: Calibration store didn't load any info
01-06 16:27:40.584 14708 15066 I chatty  : uid=10154(com.YourCompany.PrototypeV4) expire 4 lines
01-06 16:27:40.584   857  1025 E CalibrationProvider: loadCalibration(RDISP_SN) failed: Calibration store didn't load any info
01-06 16:27:40.585   857  1025 E CalibrationProvider: loadCalibration(LDISP_SN) failed: Calibration store didn't load any info
01-06 16:27:40.585   857  1025 E CalibrationProvider: loadCalibration(RDISP_SN) failed: Calibration store didn't load any info
01-06 16:27:40.589   864  1221 W TrackingService: attachClient: found client in attached list
01-06 16:27:40.596  2954  2954 D VrGuardianUserService: onStartCommandIntent { act=FOREGROUND_CLIENT cmp=com.oculus.guardian/com.oculus.vrguardianservice.VrGuardianUserService (has extras) }
01-06 16:27:40.596  2954  2954 D VrGuardianUserService: maybeSubscribeDeviceConfig
01-06 16:27:40.596  2954  2954 D VrGuardianUserService: onStartCommand FOREGROUND_CLIENT user = 0
01-06 16:27:40.596  2954  2954 D VrGuardianService: setCurrentUser() called with: userId = [0]
01-06 16:27:40.596  2954  2954 I VrGuardianService: nativeSetCurrentUser userid = 0
01-06 16:27:40.596  2954  2954 I GuardianSystem: GuardianSystem::SetCurrentUser: 0 
01-06 16:27:40.597  1804 14773 I VrRuntimeService: RuntimeServiceSDKServer::EnableRendering: 0x7164f32280, 2, com.YourCompany.PrototypeV4
01-06 16:27:40.597  1804 14773 I ClientMgr: EnableRendering2: Calling SetFocusedClient: 1325259679
01-06 16:27:40.597  1804 14773 I ClientMgr: ClientMgr::SetFocusedClient: 14708:com.YourCompany.PrototypeV4 type 0
01-06 16:27:40.597  1804 14773 I ClientMgr: SetFocusedPackageName - packageName com.YourCompany.PrototypeV4 processName com.YourCompany.PrototypeV4 clientId 1325259679 clientPid 14708
01-06 16:27:40.597  1804 14773 I ClientMgr: ClientMgr::EnableRendering 14708:com.YourCompany.PrototypeV4 : type 0 comp-id 25: enable
01-06 16:27:40.597  1804 14773 I CompositorVR: CheckDebuggerConnected: debugger 0
01-06 16:27:40.597  1804 14773 I VrRuntimeServer: SysProp debug mode is disabled on Server side
01-06 16:27:40.597  1804 14773 I UnifiedTelemetryWrapper: Started UT session render:com.YourCompany.PrototypeV4
01-06 16:27:40.598  1804  2851 I ClientMgr: Non-overlay clients rendering status has changed: prev=100, curr=101, enabled=1
01-06 16:27:40.598  1804  2851 I ClientMgr: Primary Client is not valid.
01-06 16:27:40.598  1804  2851 I ClientMgr: Primary client determined to be the current enabled client 1325259679
01-06 16:27:40.598  1804  2851 I ClientMgr: ClientMgr::SetPrimaryCompositorClient: 14708:com.YourCompany.PrototypeV4
01-06 16:27:40.598  1804  2851 W ClientMgr: ClientMgr::GetClientPermissionFlagsById: Client missing proper permissions: com.YourCompany.PrototypeV4, 2
01-06 16:27:40.598  1804  2851 I CompositorClientMgr: Enable client 25
01-06 16:27:40.598  1804  2851 I VrRuntimeServer: EnableCompositorClient client(25): layer placement(0) flags(1) sm(0x716727d010)
01-06 16:27:40.598  1804  2851 I ClientMgr: SetPrimaryPackageName - packageName com.YourCompany.PrototypeV4 processName com.YourCompany.PrototypeV4 clientId 1325259679 clientPid 14708
01-06 16:27:40.598  1804  2851 I ServiceInputManager: ServiceInputManager::SetPrimaryPackageName 'com.YourCompany.PrototypeV4' 'com.YourCompany.PrototypeV4'  updated AnytimeUI processname 1
01-06 16:27:40.598  1804  2851 D VrRuntimeService: sendPrimaryPackageChangeBroadcast
01-06 16:27:40.599  1804 14773 I VrRuntimeService: GetSpecialSwapChain: 1325259679
01-06 16:27:40.599  1804 14773 I VrRuntimeService: GetSpecialSwapChain: 1325259679
01-06 16:27:40.599  1804  2851 I AADT    : SetAADTLutDataX: 0
01-06 16:27:40.599  1804  2851 I AADT    : SetAADTLutDataY: 0
01-06 16:27:40.599  1804  2851 I ServiceInputManager: DEADRECKONING deadReckoning mode on ClientMgr from server is 0
01-06 16:27:40.600  1962  2541 I OVRMediaService: onStartCommand Received message type: set_package_name, caller package: no_app_identity, app identify: null
01-06 16:27:40.600  1962  2541 I OVRMediaService: Got package name intent (com.YourCompany.PrototypeV4)
01-06 16:27:40.600  2990  2990 I chatty  : uid=10020(com.oculus.vrshell) ShellMain expire 1 line
01-06 16:27:40.601  2150  2150 I chatty  : uid=10020(com.oculus.vrshell) ShellOverlayMai expire 1 line
01-06 16:27:40.602  2150  2891 I chatty  : uid=10020(com.oculus.vrshell) ShellOverlayVR expire 6 lines
01-06 16:27:40.602 14708 15069 I chatty  : uid=10154(com.YourCompany.PrototypeV4) expire 3 lines
01-06 16:27:40.603 14708 14736 I chatty  : uid=10154(com.YourCompany.PrototypeV4) expire 12 lines
01-06 16:27:40.605  1804 14948 I AADT    : SetAADTLutDataX. Thread. SizeX: 0
01-06 16:27:40.605  1804 14948 I AADT    : SetAADTLutDataY. Thread. SizeY: 0
01-06 16:27:40.608  1281  1281 V AvrcpMediaPlayerList: onPlaybackConfigChanged(): Configs list size=8
01-06 16:27:40.609  2954  3062 I GuardianSystem: runtimeServiceSDKClient_.ForceShowGuardianEvent
01-06 16:27:40.609  2954  3062 I GuardianSystem: ForceShowGuardian: false, 0.00
01-06 16:27:40.613  1962  2541 W OVRLibrary: null cursor received for query content://com.oculus.ocms.library/apps/com.YourCompany.PrototypeV4
01-06 16:27:40.613  1962  2541 I OVRMediaServiceManager: Sending onAppStart (com.YourCompany.PrototypeV4) to SocialPlatform (com.oculus.socialplatform)
01-06 16:27:40.622  2954  3062 I StateMachine: StateMachine::Update ForceShow: stopForceShow -> ForceShowOff
01-06 16:27:40.623   730   847 D msm8974_platform: platform_split_snd_device: snd_device(22) num devices(1) new_snd_devices(0)
01-06 16:27:40.623   730   847 D ACDB-LOADER: ACDB -> send_audvoltable
01-06 16:27:40.623   730   847 D ACDB-LOADER: ACDB -> ACDB_CMD_GET_AUDPROC_INSTANCE_GAIN_DEP_STEP_TABLE_SIZE
01-06 16:27:40.623   730   847 D         : Failed to fetch the lookup information of the device 0000000F 
01-06 16:27:40.624   730   847 D ACDB-LOADER: Error: ACDB_CMD_GET_AUDPROC_INSTANCE_GAIN_DEP_STEP_TABLE_SIZE Returned = -19
01-06 16:27:40.624   730   847 D ACDB-LOADER: ACDB -> ACDB_CMD_GET_AUDPROC_INSTANCE_GAIN_DEP_STEP_TABLE, vol index 1
01-06 16:27:40.624   730   847 D         : Failed to fetch the lookup information of the device 0000000F 
01-06 16:27:40.624   730   847 D ACDB-LOADER: Error: ACDB AudProc vol returned = -19
01-06 16:27:40.624   730   847 D ACDB-LOADER: ACDB -> AUDIO_SET_VOL_CAL cal type = 40
01-06 16:27:40.626 14708 14830 I chatty  : uid=10154(com.YourCompany.PrototypeV4) expire 1 line
01-06 16:27:40.628 14708 15077 I chatty  : uid=10154(com.YourCompany.PrototypeV4) expire 17 lines
01-06 16:27:40.635   864  1221 I chatty  : uid=1000(system) Binder:864_4 identical 1 line
01-06 16:27:40.635   730   847 D msm8974_platform: platform_split_snd_device: snd_device(22) num devices(1) new_snd_devices(0)
01-06 16:27:40.635   730   847 D ACDB-LOADER: ACDB -> send_audvoltable
01-06 16:27:40.635   730   847 D ACDB-LOADER: ACDB -> ACDB_CMD_GET_AUDPROC_INSTANCE_GAIN_DEP_STEP_TABLE_SIZE
01-06 16:27:40.635   730   847 D         : Failed to fetch the lookup information of the device 0000000F 
01-06 16:27:40.635   730   847 D ACDB-LOADER: Error: ACDB_CMD_GET_AUDPROC_INSTANCE_GAIN_DEP_STEP_TABLE_SIZE Returned = -19
01-06 16:27:40.635   730   847 D ACDB-LOADER: ACDB -> ACDB_CMD_GET_AUDPROC_INSTANCE_GAIN_DEP_STEP_TABLE, vol index 8
01-06 16:27:40.635   730   847 D         : Failed to fetch the lookup information of the device 0000000F 
01-06 16:27:40.635   730   847 D ACDB-LOADER: Error: ACDB AudProc vol returned = -19
01-06 16:27:40.635   730   847 D ACDB-LOADER: ACDB -> AUDIO_SET_VOL_CAL cal type = 40
01-06 16:27:40.646  1962  2541 E OVRMediaServiceManager: LivestreamingManager Not initialized
01-06 16:27:40.653   864  1221 W TrackingService: attachClient: found client in attached list
01-06 16:27:40.655   864  1042 W TrackingService: attachClient: found client in attached list
01-06 16:27:40.688  1804 14948 I CompositorVR: SetSchedFifo( tid=3207, pol=2, pri=0 ) succeeded
01-06 16:27:40.727  1052  1088 W Searchables: No global search activity found
01-06 16:27:40.727  1052  1052 I RoleManagerService: Granting default permissions...
01-06 16:27:40.727  1281  1281 V AvrcpMediaPlayerList: mPackageChangedBroadcastReceiver: action: android.intent.action.PACKAGE_CHANGED
01-06 16:27:40.727  1281  1281 D AvrcpMediaPlayerList: Name of package changed: com.oculus.identitymanagement.service
01-06 16:27:40.728  1052  1163 I InputReader: Reconfiguring input devices.  changes=0x00000010
01-06 16:27:40.752  1052  1088 W VoiceInteractionManagerService: no available voice interaction services found for user 0
01-06 16:27:40.760  2749 15082 W ExclusiveDefaultHolderMixin: Cannot get ApplicationInfo for default holder, config: config_defaultSms, package: com.android.messaging
01-06 16:27:40.783 14708 15083 I FenceChecker: FenceChecker::MainLoop - started
01-06 16:27:40.792   864  1042 I chatty  : uid=1000(system) Binder:864_2 identical 3 lines
01-06 16:27:40.800  1804 14948 I CompositorVR: SetSchedFifo( tid=14736, pol=3, pri=0 ) succeeded
01-06 16:27:40.800  1804 14948 I CompositorVR: SetSchedFifo( tid=15077, pol=3, pri=0 ) succeeded
01-06 16:27:40.800  1804 14948 I CompositorVR: SetSchedFifo( tid=15083, pol=3, pri=0 ) succeeded
01-06 16:27:40.807  1804  2851 I VrRuntimeServer: DisableCompositorClient: 0
01-06 16:27:40.807  1804  2851 I CompositorClientMgr: Disable client 0
01-06 16:27:40.807  1804  2851 I CompositorClientMgr: DisableClient: frame flush required: 1
01-06 16:27:40.818  2954  3062 I GuardianSystem: runtimeServiceSDKClient_.ForceShowGuardianEvent
01-06 16:27:40.818  2954  3062 I GuardianSystem: ForceShowGuardian: false, 0.00
01-06 16:27:40.835   864  1042 W TrackingService: attachClient: found client in attached list
01-06 16:27:40.878   864  1221 W TrackingService: attachClient: found client in attached list
01-06 16:27:40.916  2825 15079 D UserAccountCapabilitiesQueryWorker: UserAccountCapabilitesQueryResponse onSuccess
01-06 16:27:40.916  2825 15079 D WorkerLoggerHelper: log success for user_account_capability_query_worker
01-06 16:27:40.918  2825  2931 I WM-WorkerWrapper: Worker result SUCCESS for Work [ id=ee423848-1947-4f7d-a5ae-cb5e5752959e, tags={ com.oculus.identitymanagement.service.workers.UserAccountCapabilitiesQueryWorker } ]
01-06 16:27:40.920  2825  2931 I WM-WorkerWrapper: Setting status to enqueued for 8b90f1ba-2571-420e-aa47-96ab5ca4a94a
01-06 16:27:40.922   864  1221 W TrackingService: attachClient: found client in attached list
01-06 16:27:40.924   864  1042 W TrackingService: attachClient: found client in attached list
01-06 16:27:41.000   864  1042 I chatty  : uid=1000(system) Binder:864_2 identical 2 lines
01-06 16:27:41.008  1052  1088 I RoleUserState: Wrote roles.xml successfully
01-06 16:27:41.015   864  1042 W TrackingService: attachClient: found client in attached list
01-06 16:27:41.017   744   906 I SyncBossHAL: [info   ] syncboss_hal_impl_input.c(1060): Pulsar connected devices state change: 24
01-06 16:27:41.019   581   607 I SyncBossFW: 9841195 [info   ] {WIHO}: Pulsar device connected 729165a0fe4054d7 (type: 9011401, connection id: 0x18)
01-06 16:27:41.062   864  1042 W TrackingService: attachClient: found client in attached list
01-06 16:27:41.079   744   908 I SyncBossHAL: [info   ] pulsar_manager.c(396): 729165a0xxxxxxxx: Configuring IR LED to ontime = 34, period = 40000, delay = -9
01-06 16:27:41.084   744   908 I SyncBossHAL: [info   ] pulsar_manager.c(343): Finished getting cache data for controller
01-06 16:27:41.084   744   908 I SyncBossHAL:     id            : 729165a0xxxxxxxx
01-06 16:27:41.084   744   908 I SyncBossHAL:     pulsar_type   : 0x09011401
01-06 16:27:41.084   744   908 I SyncBossHAL:     connection id : 0x18
01-06 16:27:41.084   744   908 I SyncBossHAL:     fw ver        : 1.9.0
01-06 16:27:41.084   744   908 I SyncBossHAL:     spl ver       : 1.5.1
01-06 16:27:41.084   744   908 I SyncBossHAL:     serial        : 1WMHCR70112121
01-06 16:27:41.084   744   908 I SyncBossHAL:     handedness    : right
01-06 16:27:41.084   744   908 I SyncBossHAL:     battery state : 100%
01-06 16:27:41.084   744   908 I SyncBossHAL: [info   ] pulsar_manager.c(360): Jedi-specific cache data:
01-06 16:27:41.084   744   908 I SyncBossHAL:     captouch ver  : 1.9.0
01-06 16:27:41.088   744 14864 D SensorService: Syncboss input 729165a0fe4054d7 hardware type 4, subtype 2, revision 0x09
01-06 16:27:41.088   744 14864 I SensorService: preparePairedControllerInfo is adding device with valid 1
01-06 16:27:41.088   744 14864 D SensorService: Syncboss input 86557c336c360320 hardware type 4, subtype 1, revision 0x09
01-06 16:27:41.088   744 14864 I SensorService: preparePairedControllerInfo is adding device with valid 1
01-06 16:27:41.088   744 14864 D SensorService: stateChangeNotifierFunc(): Reporting controller info. Change token: 47, paired=2 connected=2
01-06 16:27:41.088  1602 14874 D OVRRemoteService: processStateChange([PairedControllerInfo JEDI 729165a0fe4054d7 connected mcnt=0])
01-06 16:27:41.089   744  1017 D SensorService: ControllerProvider: Succesfully set tx power to -4, filter to -4
01-06 16:27:41.089   744   908 I SyncBossHAL: [info   ] pulsar_manager.c(866): Setting transmit power for all connected controllers to -4 dBm
01-06 16:27:41.089  1602 14874 D OVRRemoteService: processStateChange([PairedControllerInfo JEDI 86557c336c360320 connected mcnt=0])
01-06 16:27:41.089   581   607 I SyncBossFW: 9841266 [info   ] {APPI}: Found 2 connected pulsar devices
01-06 16:27:41.094   744  1017 D SensorService: Found paired controllers: 2
01-06 16:27:41.094   744  1017 D SensorService: Syncboss input 729165a0fe4054d7 hardware type 4, subtype 2, revision 0x09
01-06 16:27:41.094   744  1017 I SensorService: preparePairedControllerInfo is adding device with valid 1
01-06 16:27:41.094   744  1017 D SensorService: Syncboss input 86557c336c360320 hardware type 4, subtype 1, revision 0x09
01-06 16:27:41.094   744  1017 I SensorService: preparePairedControllerInfo is adding device with valid 1
01-06 16:27:41.094   864 14912 D TrackingService: Creating RemoteConstellationTrackedDevice
01-06 16:27:41.095   864 14912 I TrackingService: Registering primary controller 729165a0fe4054d7 in slot 1
01-06 16:27:41.097   864 14912 D TrackingService: TrackingDataPostProcessor: Hand autotransition v2 GK enabled: 1
01-06 16:27:41.097   864 14912 D TrackingService: registerRemote: 729165a0fe4054d7
01-06 16:27:41.099  1804  2851 I ServiceInputManager: OSSDKTRACKING InputState has changed
01-06 16:27:41.099  1804  2851 I ServiceInputManager: OSSDKTRACKING 0 found one 6000
01-06 16:27:41.099  1804  2851 I ServiceInputManager: OSSDKTRACKING model is a supported remote, adding to list
01-06 16:27:41.099  1804  2851 I ServiceInputManager: OSSDKTRACKING 1 found one 6000
01-06 16:27:41.099  1804  2851 I ServiceInputManager: OSSDKTRACKING model is a supported remote, adding to list
01-06 16:27:41.099  1804  2851 I ServiceInputManager: OSSDKTRACKING GetNewConnectedRemotesList, returned true. remotes 2
01-06 16:27:41.100  2954  3298 I InputDevice_TrackedRemote: REMOTE: Hand=2 IndexAnalog=0.00 GripAnalog=0.00 Buttons=0x00000000
01-06 16:27:41.100  1052  1163 W EventHub: Unable to disable kernel key repeat for /dev/input/event4: Function not implemented
01-06 16:27:41.100  1052  1163 I EventHub: wakeMechanism=EPOLLWAKEUP, usingClockIoctl=true
01-06 16:27:41.100  1052  1163 I EventHub: New device: id=27, fd=245, path='/dev/input/event4', name='Device 0x729165A0FE4054D7', classes=0x2001, configuration='/system/usr/idc/Vendor_2833_Product_0160.idc', keyLayout='/system/usr/keylayout/oculus-device.kl', keyCharacterMap='/system/usr/keychars/oculus-device.kcm', builtinKeyboard=false, 
01-06 16:27:41.101  1052  1163 I InputReader: Device added: id=27, name='Device 0x729165A0FE4054D7', sources=0x65432102
01-06 16:27:41.101  1052  1162 W InputReader: Device has associated, but no associated display id.
01-06 16:27:41.102  2150  2150 I chatty  : uid=10020(com.oculus.vrshell) ShellOverlayMai expire 1 line
01-06 16:27:41.103   744   908 I SyncBossHAL: [info   ] pulsar_manager.c(866): Setting filter transmit power for all connected controllers to -4 dBm
01-06 16:27:41.108 14708 15066 I InputDevice_TrackedRemote: REMOTE: Hand=2 IndexAnalog=0.00 GripAnalog=0.00 Buttons=0x00000000
01-06 16:27:41.110   864 14912 W TrackingService: Attempted to control leds, but gatekeeper is disabled. Skipping operation.
01-06 16:27:41.114   864  1042 W TrackingService: attachClient: found client in attached list
01-06 16:27:41.160   864  1042 I chatty  : uid=1000(system) Binder:864_2 identical 1 line
01-06 16:27:41.162   864  1042 W TrackingService: attachClient: found client in attached list
01-06 16:27:41.165   744 14865 I SyncBossInput: [info   ] [jedi (right) 729165a0xxxxxxxx]: 9600533 [info   ] {THDG}: active_seek -> inactive_seek
01-06 16:27:41.173   864 14912 D TrackingService: [HANDTRACKING] Controller 729165a0fe4054d7 in hand: Y, valid: Y
01-06 16:27:41.175   864  1042 D TrackingService: haptic socket already exists
01-06 16:27:41.175   864  1042 D TrackingService: getSocket: com.YourCompany.PrototypeV4
01-06 16:27:41.192   744 14865 I SyncBossInput: [info   ] [jedi (right) 729165a0xxxxxxxx]: 9838038 [info   ] {APP }: Connected
01-06 16:27:41.196  2825 15085 D UserAccountCapabilitiesQueryWorker: UserAccountApplicationGroupingCapabilitesQueryResponse onSuccess
01-06 16:27:41.197  2825 15085 D WorkerLoggerHelper: log success for user_account_application_grouping_capabilities_query_worker
01-06 16:27:41.198  2825  2935 I WM-WorkerWrapper: Worker result SUCCESS for Work [ id=8b90f1ba-2571-420e-aa47-96ab5ca4a94a, tags={ com.oculus.identitymanagement.service.workers.UserAccountApplicationGroupingCapabilitiesQueryWorker } ]
01-06 16:27:41.201  2825  2935 I WM-WorkerWrapper: Setting status to enqueued for 32a7b0df-df88-4b92-9128-257f01e5b341
01-06 16:27:41.204   864  1042 W TrackingService: attachClient: found client in attached list
01-06 16:27:41.229  2825 15089 E DeviceConfigTelemetryLogger: Can't find param: oculus_shared_social:oculus_social_parental_control
01-06 16:27:41.229  2825 15089 E DeviceConfigTelemetryLogger: Invalid input param: oculus_shared_social:oculus_social_parental_control
01-06 16:27:41.231  2825 15089 E AnalyticsEvent: could not set key=selection_args value=null
01-06 16:27:41.231  2825 15089 D CapabilitiesProvider: Capabilities Content Provider called content://com.oculus.identitymanagement.capabilities.contentprovider/account/activeuser/capabilities/com.oculus.capability.social.all, selection= null, selectionArgs=null, sortOrder= null
01-06 16:27:41.233  2825 15089 I SyncPreferencesStoreWorker: caching com.oculus.capability.social.all = true
01-06 16:27:41.241   581   607 I SyncBossFW: 9841418 [info   ] {PERF}: cpu load cur=0.3941 min=0.0501 max=0.4787 avg=0.2090
01-06 16:27:41.242  2825 15089 E AnalyticsEvent: could not set key=selection_args value=null
01-06 16:27:41.242  2825 15089 D CapabilitiesProvider: Capabilities Content Provider called content://com.oculus.identitymanagement.capabilities.contentprovider/account/activeuser/capabilities/com.oculus.capability.system.sideloaded_app, selection= null, selectionArgs=null, sortOrder= null
01-06 16:27:41.242   744 14865 I SyncBossInput: [info   ] [jedi (right) 729165a0xxxxxxxx]: 9838039 [info   ] {THDG}: inactive_seek -> active_connected
01-06 16:27:41.245  2825 15089 I SyncPreferencesStoreWorker: caching com.oculus.capability.system.sideloaded_app = true
01-06 16:27:41.246  1687  3294 I Telemetry: App memory usage: PSS=42 MiB, PrivateDirty=36 MiB, PrivateClean=1 MiB, GPU=3.8/4.0 MiB (96% allocated)
01-06 16:27:41.247  2825 15089 E AnalyticsEvent: could not set key=selection_args value=null
01-06 16:27:41.247  2825 15089 D CapabilitiesProvider: Capabilities Content Provider called content://com.oculus.identitymanagement.capabilities.contentprovider/account/activeuser/capabilities/com.oculus.capability.system.oculus_link, selection= null, selectionArgs=null, sortOrder= null
01-06 16:27:41.248  2825 15089 I SyncPreferencesStoreWorker: caching com.oculus.capability.system.oculus_link = true
01-06 16:27:41.249   864  1042 W TrackingService: attachClient: found client in attached list
01-06 16:27:41.249  2825 15089 D WorkerLoggerHelper: log success for sync_preference_store_worker
01-06 16:27:41.251  2825  2914 I WM-WorkerWrapper: Worker result SUCCESS for Work [ id=32a7b0df-df88-4b92-9128-257f01e5b341, tags={ com.oculus.identitymanagement.service.workers.SyncPreferencesStoreWorker } ]
01-06 16:27:41.375   864  1042 I chatty  : uid=1000(system) Binder:864_2 identical 3 lines
01-06 16:27:41.417   864  1042 W TrackingService: attachClient: found client in attached list
01-06 16:27:41.418   864  1221 W TrackingService: attachClient: found client in attached list
01-06 16:27:41.461   864  1042 W TrackingService: attachClient: found client in attached list
01-06 16:27:41.462 14323 14407 I chatty  : uid=10033(com.oculus.xrstreamingclient) SlamAnchorMem expire 127 lines
01-06 16:27:41.476 14708 14736 D UE4     : EngineMemoryWarningHandler: Mem Used 363.22 MB, Texture Memory 47.37 MB, Render Target memory 93.03 MB, OS Free 1866.57 MB
01-06 16:27:41.486  1052  1546 E TaskPersister: File error accessing recents directory (directory doesn't exist?).
01-06 16:27:41.499  1621  1621 D ControllerNotifications: Enabling notifications
01-06 16:27:41.501  1621  1621 I ControllerNotifications: Updating input notifications based on state ConnectedBatteryNormal
01-06 16:27:41.592   864  1042 I chatty  : uid=1000(system) Binder:864_2 identical 3 lines
01-06 16:27:41.607 14708 14738 D UE4     : [GameActivity] Used memory: 581227 (VmRSS:	  369348 kB)
01-06 16:27:41.636   864  1042 W TrackingService: attachClient: found client in attached list
01-06 16:27:41.671   864  1232 I chatty  : uid=1000(system) Mapper expire 12 lines
01-06 16:27:41.672   744 14865 I SyncBossHAL: [info   ] syncboss_hal_input_controller.c(195): Controller 729165a0xxxxxxxx battery level changed: 0% -> 100%
01-06 16:27:41.678   744 14864 D SensorService: Syncboss input 729165a0fe4054d7 hardware type 4, subtype 2, revision 0x09
01-06 16:27:41.678   744 14864 I SensorService: preparePairedControllerInfo is adding device with valid 1
01-06 16:27:41.678   744 14864 D SensorService: Syncboss input 86557c336c360320 hardware type 4, subtype 1, revision 0x09
01-06 16:27:41.678   744 14864 I SensorService: preparePairedControllerInfo is adding device with valid 1
01-06 16:27:41.678   744 14864 D SensorService: stateChangeNotifierFunc(): Reporting controller info. Change token: 48, paired=2 connected=2
01-06 16:27:41.678  1602 14874 D OVRRemoteService: processStateChange([PairedControllerInfo JEDI 729165a0fe4054d7 connected mcnt=0])
01-06 16:27:41.678  1602 14874 D OVRRemoteService: processStateChange([PairedControllerInfo JEDI 86557c336c360320 connected mcnt=0])
01-06 16:27:41.682   864  1042 W TrackingService: attachClient: found client in attached list
01-06 16:27:41.683   864  1221 W TrackingService: attachClient: found client in attached list
01-06 16:27:41.685   744 14865 I SyncBossInput: [info   ] [jedi (right) 729165a0xxxxxxxx]: 9838660 [info   ] {HPTH}: Set haptics frequency to 0x2149
01-06 16:27:41.699   864 14960 I chatty  : uid=1000(system) IOTcam expire 52 lines
01-06 16:27:41.721   864  1221 W TrackingService: attachClient: found client in attached list
01-06 16:27:41.734 14323 14386 I chatty  : uid=10033(com.oculus.xrstreamingclient) xrsp-rt-read expire 5 lines
01-06 16:27:42.007 14708 15069 I Telemetry: App memory usage: PSS=523 MiB, PrivateDirty=373 MiB, PrivateClean=136 MiB, GPU=221.4/222.0 MiB (100% allocated)
01-06 16:27:42.009 14708 15069 I VrApi   : FPS=2/72,Prd=48ms,Tear=1,Early=16,Stale=16,VSnc=1,Lat=1,Fov=0,CPU4/GPU=2/3,1171/490MHz,OC=FF,TA=0/70/70,SP=N/F/F,Mem=2092MHz,Free=1910MB,PLS=0,Temp=26.5C/0.0C,TW=2.20ms,App=3.45ms,GD=0.13ms,CPU&GPU=-10.34ms,LCnt=3(DR0,LM3),GPU%=0.44,CPU%=0.32(W0.36),DSF=1.00,CFL=19.67/21.41
01-06 16:27:42.018   864 14867 I chatty  : uid=1000(system) BoltWorkerThrea expire 2 lines
01-06 16:27:42.201   864  1221 I chatty  : uid=1000(system) Binder:864_4 identical 12 lines
01-06 16:27:42.203   864  1221 W TrackingService: attachClient: found client in attached list
01-06 16:27:42.247   864  1042 W TrackingService: attachClient: found client in attached list
01-06 16:27:42.295  1052  1052 I RoleManagerService: Granting default permissions...
01-06 16:27:42.297  1052  1163 I InputReader: Reconfiguring input devices.  changes=0x00000010
01-06 16:27:42.298  1052  1088 W Searchables: No global search activity found
01-06 16:27:42.299  1281  1281 V AvrcpMediaPlayerList: mPackageChangedBroadcastReceiver: action: android.intent.action.PACKAGE_CHANGED
01-06 16:27:42.299  1281  1281 D AvrcpMediaPlayerList: Name of package changed: com.oculus.identitymanagement.service
01-06 16:27:42.301  1052  1088 W VoiceInteractionManagerService: no available voice interaction services found for user 0
01-06 16:27:42.302  2749 15082 W ExclusiveDefaultHolderMixin: Cannot get ApplicationInfo for default holder, config: config_defaultSms, package: com.android.messaging
01-06 16:27:42.558  1052  1088 I RoleUserState: Wrote roles.xml successfully
01-06 16:27:42.595   864  1042 I chatty  : uid=1000(system) Binder:864_2 identical 9 lines
01-06 16:27:42.614  2150  2891 I chatty  : uid=10020(com.oculus.vrshell) ShellOverlayVR expire 2 lines
01-06 16:27:42.642   864  1042 W TrackingService: attachClient: found client in attached list
01-06 16:27:42.672   864 14912 D TrackingService: [HANDTRACKING] Controller 86557c336c360320 in hand: N, valid: Y
01-06 16:27:42.680   864  1042 W TrackingService: attachClient: found client in attached list
01-06 16:27:42.725 14323 14394 I chatty  : uid=10033(com.oculus.xrstreamingclient) XRS_AudioData expire 3 lines
01-06 16:27:43.002 14708 15069 I VrApi   : FPS=72/72,Prd=47ms,Tear=0,Early=72,Stale=0,VSnc=1,Lat=1,Fov=0,CPU4/GPU=2/3,1171/490MHz,OC=FF,TA=0/70/70,SP=N/F/F,Mem=2092MHz,Free=1910MB,PLS=0,Temp=26.5C/0.0C,TW=1.80ms,App=3.39ms,GD=0.12ms,CPU&GPU=7.27ms,LCnt=2(DR0,LM2),GPU%=0.41,CPU%=0.23(W0.33),DSF=1.00,CFL=19.63/21.92
01-06 16:27:43.279   860 15010 I [CT]    : MIXEDREALITY: StereoPipeline: StereoPipeline: pausing, active clients: 'NONE'.
01-06 16:27:43.279   860 15010 W [CT]    : BOLTDEPTH: BoltDepthSystem: onPause: The depth system had been paused already
01-06 16:27:43.473  1052  1089 W ActivityManager: Stopping service due to app idle: u0a71 -1m10s41ms com.oculus.appsafety/.AppSafetyService
01-06 16:27:43.477  3026  3026 D AppSafetyService: Service stopping
01-06 16:27:43.928   864  1042 I chatty  : uid=1000(system) Binder:864_2 identical 34 lines
01-06 16:27:43.975   864  1042 W TrackingService: attachClient: found client in attached list
01-06 16:27:43.999   864  1221 W TrackingService: attachClient: found client in attached list
01-06 16:27:44.001   864  1042 W TrackingService: attachClient: found client in attached list
