01-04 23:57:11.470  1048  1072 W InputReader: Device has associated, but no associated display id.
01-04 23:57:11.470  1779  2987 I VrRuntimeServer: CreateTextureSwapChain: result importswapchaingles 1
01-04 23:57:11.474  1779  2987 I VrRuntimeService: UpdateSwapChainSamplerState: 194
01-04 23:57:11.475  1779  2987 I VrRuntimeService: UpdateSwapChainSamplerState: minFilter=1 magFilter=1 wrapModeS=3 warpModeT=3 maxAniso=1.000000 border={0.000000,0.000000,0.000000,0.000000} swizzle={0,1,2,3}
01-04 23:57:11.475  1779  2987 I VrRuntimeService: DestroySwapChain: swapchain=190
01-04 23:57:11.475  1779  2987 I VrRuntimeServer: DestroyTextureSwapChain: result destroyswapchain 1
01-04 23:57:11.475  1779  4908 I ScreenCaptureVideo: Stop Video Capture
01-04 23:57:11.480  1048  1074 W InputReader: Device has associated, but no associated display id.
01-04 23:57:11.480  1048  1074 I ActivityTaskManager: Override config changes=20005df8 {0.0 ?mcc?mnc ?localeList ?layoutDir sw52dp w88dp h52dp 200dpi smll land ?uimode ?night -touch qwerty/v/v -nav/h winConfig={ mBounds=Rect(0, 0 - 110, 65) mAppBounds=Rect(0, 0 - 110, 65) mWindowingMode=fullscreen mDisplayWindowingMode=fullscreen mActivityType=undefined mAlwaysOnTop=undefined mRotation=ROTATION_0}} for displayId=29
01-04 23:57:11.487  1048  5296 E ActivityManager: Sending non-protected broadcast com.oculus.systemactivities.BEGIN_VIDEO_CAPTURE_WITH_SURFACE from system 1610:com.oculus.companion.server/1000 pkg com.oculus.companion.server
01-04 23:57:11.487  1048  5296 E ActivityManager: java.lang.Throwable
01-04 23:57:11.487  1048  5296 E ActivityManager: 	at com.android.server.am.ActivityManagerService.checkBroadcastFromSystem(ActivityManagerService.java:15152)
01-04 23:57:11.487  1048  5296 E ActivityManager: 	at com.android.server.am.ActivityManagerService.broadcastIntentLocked(ActivityManagerService.java:15709)
01-04 23:57:11.487  1048  5296 E ActivityManager: 	at com.android.server.am.ActivityManagerService.broadcastIntentLocked(ActivityManagerService.java:15169)
01-04 23:57:11.487  1048  5296 E ActivityManager: 	at com.android.server.am.ActivityManagerService.broadcastIntent(ActivityManagerService.java:15945)
01-04 23:57:11.487  1048  5296 E ActivityManager: 	at android.app.IActivityManager$Stub.onTransact(IActivityManager.java:1972)
01-04 23:57:11.487  1048  5296 E ActivityManager: 	at com.android.server.am.ActivityManagerService.onTransact(ActivityManagerService.java:2789)
01-04 23:57:11.487  1048  5296 E ActivityManager: 	at android.os.Binder.execTransactInternal(Binder.java:1021)
01-04 23:57:11.487  1048  5296 E ActivityManager: 	at android.os.Binder.execTransact(Binder.java:994)
01-04 23:57:11.488  4708  5041 I AudioCapture: AudioCapture::PauseAudioCapture
01-04 23:57:11.488  1048  1074 I DisplayManagerService: Display device changed state: "com.oculus.android_panel_app.AndroidPanelLayer-tooltip", ON
01-04 23:57:11.488  1048  5296 I DropBoxManagerService: add tag=system_server_wtf isTagEnabled=true flags=0x2
01-04 23:57:11.490  3169  5389 I chatty  : uid=10026(com.oculus.systemux) OkHttp Dispatch expire 2 lines
01-04 23:57:11.502  1048  1222 E WindowManager: App trying to use insecure INPUT_FEATURE_NO_INPUT_CHANNEL flag. Ignoring
01-04 23:57:11.506   849  1217 W TrackingService: attachClient: found client in attached list
01-04 23:57:11.507   849  1432 W TrackingService: attachClient: found client in attached list
01-04 23:57:11.515  1779  1779 D ScreenCaptureReceiver: onReceive com.oculus.systemactivities.BEGIN_VIDEO_CAPTURE_WITH_SURFACE package=com.oculus.systemdriver
01-04 23:57:11.516  1779  1779 D ScreenCaptureReceiver: onReceive: callerPackageName = 'com.oculus.horizon'
01-04 23:57:11.516  1779  1779 D TrustedSignatureVerifier: Checking app signature for com.oculus.horizon
01-04 23:57:11.516  1779  1779 D TrustedSignatureVerifier: Package com.oculus.horizon trusted due to RELEASE signature.
01-04 23:57:11.516  1779  1779 D ScreenCaptureReceiver: App is trusted
01-04 23:57:11.516  1779  1779 D ScreenCaptureReceiver: Null surface. Stopping streaming
01-04 23:57:11.516  1779  1779 I ScreenCaptureBase: Screen Capture Command:2
01-04 23:57:11.516  1779  1779 D ScreenCaptureReceiver: Inhibit restored
01-04 23:57:11.526  1955  2075 I FileCapture: broadcast capture state to AUI running = false, with mode -1
01-04 23:57:11.545  4708  5041 D AudioService: Disconnected from Horizon OVRMediaService
01-04 23:57:11.546  1955  5303 I ThreadPool: Quitting thread RecordingControllerMessageThread
01-04 23:57:11.546  1955  5303 I ThreadPool: Thread RecordingControllerMessageThread killed.
01-04 23:57:11.546  1955  5303 I ThreadPool: Number of threads in pool: 1
01-04 23:57:11.546  1955  5303 I ThreadPool: Quitting thread RecordingThread
01-04 23:57:11.546  1955  5303 I ThreadPool: Thread RecordingThread killed.
01-04 23:57:11.546  1955  5303 I ThreadPool: Number of threads in pool: 0
01-04 23:57:11.585  2240  5215 W IsoInterface: Invalid box at 7259059 of length 1751411826. End of parent 7259165
01-04 23:57:11.591  2240  5215 D MediaProvider: Scanned /storage/emulated/0/Oculus/VideoShots/com.YourCompany.PrototypeV4-20230104-235656.mp4 as /storage/emulated/0/Oculus/VideoShots/com.YourCompany.PrototypeV4-20230104-235656.mp4 for content://media/external_primary/video/media/17134
01-04 23:57:11.618   849  4917 I [CT]    : VIPER: Mode=SuperVega,Status=6DoF,TRACKING,Inl=27,Mem=103.6,Jit=0.2mm,Issues(Cam/min=0.0,IMU/min=0.0),Exp=(14.0ms,g=15.0,I=61,Ir=291.0)(14.0ms,g=15.0,I=80,Ir=383.2)(14.0ms,g=15.0,I=84,Ir=401.5)(12.1ms,g=14.0,I=74,Ir=443.3)
01-04 23:57:11.618   849  4917 W [CT]    : VIPER: Images too dark, Environment trending to dark, 
01-04 23:57:11.627   799   799 E MetadataRetrieverClient: failed to extract an album art
01-04 23:57:11.628  2240  2603 E MediaMetadataRetrieverJNI: getEmbeddedPicture: Call to getEmbeddedPicture failed.
01-04 23:57:11.635   799  5404 I OMXClient: IOmx service obtained
01-04 23:57:11.636   814   969 I OMXMaster: makeComponentInstance(OMX.qcom.video.decoder.avc) in android.hardwar process
01-04 23:57:11.636   814   969 D PlatformConfig: getInstance: Enter
01-04 23:57:11.637   535   535 I hwservicemanager: getTransport: Cannot find entry vendor.qti.hardware.capabilityconfigstore@1.0::ICapabilityConfigStore/default in either framework or device manifest.
01-04 23:57:11.637   814   969 D PlatformConfig: getConfigStoreBool: unable to get configstore service
01-04 23:57:11.639   814   969 D PlatformConfig: getInstance: Enter
01-04 23:57:11.639   814   969 D PlatformConfig: getInt32 Config name: vidc_dec_log_in value: 0
01-04 23:57:11.639   814   969 D PlatformConfig: getInstance: Enter
01-04 23:57:11.639   814   969 D PlatformConfig: getInt32 Config name: vidc_dec_log_out value: 0
01-04 23:57:11.639   814   969 D PlatformConfig: getInstance: Enter
01-04 23:57:11.639   814   969 D PlatformConfig: getInt32 Config name: vidc_dec_sec_prefetch_size_internal value: 209715200
01-04 23:57:11.639   814   969 D PlatformConfig: getInstance: Enter
01-04 23:57:11.639   814   969 D PlatformConfig: getInt32 Config name: vidc_dec_sec_prefetch_size_output value: 13434880
01-04 23:57:11.639   814   969 D PlatformConfig: getInstance: Enter
01-04 23:57:11.639   814   969 D PlatformConfig: getInt32 Config name: vidc_perf_control_enable value: 0
01-04 23:57:11.639   814   969 D PlatformConfig: getInstance: Enter
01-04 23:57:11.639   814   969 D PlatformConfig: getInt32 Config name: vidc_dec_thumbnail_yuv_output value: 0
01-04 23:57:11.639   814   969 D PlatformConfig: getInstance: Enter
01-04 23:57:11.639   814   969 D PlatformConfig: getInt32: Returning default
01-04 23:57:11.639   814   969 D PlatformConfig: getInstance: Enter
01-04 23:57:11.639   814   969 D PlatformConfig: getInt32 Config name: vidc_dec_output_rate value: 120
01-04 23:57:11.640   814   969 I OMX-VDEC-1080P: component_init: OMX.qcom.video.decoder.avc : fd=8
01-04 23:57:11.640   814   969 E OMX-VDEC-1080P: Unsupported output color format for c2d (2141391876)
01-04 23:57:11.640   814   969 E OMX-VDEC-1080P: Setting color format failed
01-04 23:57:11.641   814   969 D PlatformConfig: getInstance: Enter
01-04 23:57:11.641   814   969 D PlatformConfig: getInt32: Returning default
01-04 23:57:11.641   814   969 D PlatformConfig: getInstance: Enter
01-04 23:57:11.641   814   969 D PlatformConfig: getInt32: Returning default
01-04 23:57:11.641   814   969 I OMX-VDEC-1080P: omx_vdec::component_init() success : fd=8
01-04 23:57:11.643   814   969 E OMX-VDEC-1080P: Extension: OMX.google.android.index.storeANWBufferInMetadata not implemented
01-04 23:57:11.643   814   969 E OMX-VDEC-1080P: Extension: OMX.google.android.index.configureVideoTunnelMode not implemented
01-04 23:57:11.643   814   969 E OMX-VDEC-1080P: Extension: OMX.google.android.index.useAndroidNativeBuffer is supported
01-04 23:57:11.645   814   969 E OMXNodeInstance: getParameter(0xed475644:qcom.decoder.avc, ??(0x7f000044)) ERROR: UnsupportedSetting(0x80001019)
01-04 23:57:11.645   814   969 E OMXNodeInstance: getParameter(0xed475644:qcom.decoder.avc, ??(0x7f000044)) ERROR: UnsupportedSetting(0x80001019)
01-04 23:57:11.646   799  5404 D ACodec  : Setting [OMX.qcom.video.decoder.avc] input port buffer number: 1
01-04 23:57:11.646   814   969 E OMX-VDEC-1080P: ERROR: IP Requirements(#6: 7077888) Requested(#1: 7077888)
01-04 23:57:11.646   814   969 E OMX-VDEC-1080P: set_parameter: Error: 0x80001005, setting param 0x2000001
01-04 23:57:11.646   814   969 E OMXNodeInstance: setParameter(0xed475644:qcom.decoder.avc, ParamPortDefinition(0x2000001)) ERROR: BadParameter(0x80001005)
01-04 23:57:11.647   799  5404 W ACodec  : Fail to set [OMX.qcom.video.decoder.avc] input port buffer number: 1
01-04 23:57:11.647   799  5404 D ACodec  : Setting [OMX.qcom.video.decoder.avc] output port buffer number: 1
01-04 23:57:11.647   814   969 I OMX-VDEC-1080P: C2D: Set Resolution, Interlace(false) Conversion(0XB -> 0X4) src(320X240) dest(320X240)
01-04 23:57:11.649   814   969 I C2DColorConvert: getDummySurfaceDef: half stride for Cb Cr planes 
01-04 23:57:11.649   814   969 E OMX-VDEC-1080P: OP Requirements: Client count(1) insufficient v/s requested(14)
01-04 23:57:11.649   814   969 E OMX-VDEC-1080P: ERROR: OP Requirements(#14: 118784) Requested(#1: 118784)
01-04 23:57:11.649   814   969 E OMX-VDEC-1080P: set_parameter: Error: 0x80001005, setting param 0x2000001
01-04 23:57:11.649   814   969 E OMXNodeInstance: setParameter(0xed475644:qcom.decoder.avc, ParamPortDefinition(0x2000001)) ERROR: BadParameter(0x80001005)
01-04 23:57:11.649   799  5404 W ACodec  : Fail to set [OMX.qcom.video.decoder.avc] output port buffer number: 1
01-04 23:57:11.649   814   969 I OMX-VDEC-1080P: C2D: Set Resolution, Interlace(false) Conversion(0XB -> 0X4) src(1024X1024) dest(1024X1024)
01-04 23:57:11.654   814   969 I C2DColorConvert: getDummySurfaceDef: half stride for Cb Cr planes 
01-04 23:57:11.662   814   969 E OMXNodeInstance: getParameter(0xed475644:qcom.decoder.avc, ??(0x7f000044)) ERROR: UnsupportedSetting(0x80001019)
01-04 23:57:11.705   798   798 D MediaBufferGroup: creating MemoryDealer
01-04 23:57:11.708   849  1432 I chatty  : uid=1000(system) Binder:849_4 identical 5 lines
01-04 23:57:11.711   814  5406 I OMX-VDEC-1080P: C2D: Start color convertion
01-04 23:57:11.714  4271  4341 I chatty  : uid=10033(com.oculus.xrstreamingclient) xrsp-rt-read expire 1 line
01-04 23:57:11.716   814  5406 W C2DColorConvert: calcLumaAlign: unknown format (4) passed for luma alignment number.
01-04 23:57:11.717   814  5321 E OMXNodeInstance: getParameter(0xed475644:qcom.decoder.avc, ??(0x7f000044)) ERROR: UnsupportedSetting(0x80001019)
01-04 23:57:11.752   814   969 I OMX-VDEC-1080P: omx_vdec::component_deinit() complete
01-04 23:57:11.752   849  1432 W TrackingService: attachClient: found client in attached list
01-04 23:57:11.753  4271  4393 E OsSdk   : error getting shared memory region, memory type: HeadTracker, failed with Status(-1, EX_SECURITY): 'requested shared memory region when not registered/focused'
01-04 23:57:11.753   849  1217 W TrackingService: attachClient: found client in attached list
01-04 23:57:11.754   814   969 I OMX-VDEC-1080P: Exit OMX vdec Destructor: fd=8
01-04 23:57:11.754  4271  4393 E OsSdk   : error getting shared memory region, memory type: AnchorTracker, failed with Status(-1, EX_SECURITY): 'requested shared memory region when not registered/focused'
01-04 23:57:11.786  1048  5296 I DisplayManagerService: Display device removed: DisplayDeviceInfo{"com.oculus.android_panel_app.AndroidPanelLayer-tooltip": uniqueId="virtual:com.oculus.systemux,10026,com.oculus.android_panel_app.AndroidPanelLayer-tooltip,0", 110 x 65, modeId 90, defaultModeId 90, supportedModes [{id=90, width=110, height=65, fps=60.0}], colorMode 0, supportedColorModes [0], HdrCapabilities null, density 200, 200.0 x 200.0 dpi, appVsyncOff 0, presDeadline 16666666, touch NONE, rotation 0, type VIRTUAL, state ON, owner com.oculus.systemux (uid 10026), FLAG_PRIVATE, FLAG_NEVER_BLANK, FLAG_OWN_CONTENT_ONLY}
01-04 23:57:11.790  1779  2987 I VrRuntimeService: UpdateSwapChainSamplerState: 194
01-04 23:57:11.790  1779  2987 I VrRuntimeService: UpdateSwapChainSamplerState: minFilter=5 magFilter=1 wrapModeS=3 warpModeT=3 maxAniso=1.000000 border={0.000000,0.000000,0.000000,0.000000} swizzle={0,1,2,3}
01-04 23:57:11.792  1779  2987 I VrRuntimeService: CreateSwapChain: 1526759343
01-04 23:57:11.792  1779  2987 I VrRuntimeService: CreateSwapChain: api:gles 0 0x8c43 1 1 1 2 1 0 3
01-04 23:57:11.792  1779  2987 I VrRuntimeServer: CreateTextureSwapChain: result importswapchaingles 1
01-04 23:57:11.795  1779  2987 I VrRuntimeService: DestroySwapChain: swapchain=194
01-04 23:57:11.795  1779  2987 I VrRuntimeServer: DestroyTextureSwapChain: result destroyswapchain 1
01-04 23:57:11.799  4271  4393 E OsSdk   : error getting shared memory region, memory type: HeadTracker, failed with Status(-1, EX_SECURITY): 'requested shared memory region when not registered/focused'
01-04 23:57:11.971   849  1217 I chatty  : uid=1000(system) Binder:849_3 identical 5 lines
01-04 23:57:11.971  4271  4393 E OsSdk   : error getting shared memory region, memory type: HeadTracker, failed with Status(-1, EX_SECURITY): 'requested shared memory region when not registered/focused'
01-04 23:57:12.007  4708  5033 I VrApi   : FPS=72/72,Prd=48ms,Tear=0,Early=72,Stale=0,VSnc=1,Lat=1,Fov=0,CPU4/GPU=4/4,2419/525MHz,OC=FF,TA=0/70/70,SP=N/F/F,Mem=2092MHz,Free=2197MB,PLS=0,Temp=22.5C/0.0C,TW=3.67ms,App=3.22ms,GD=0.00ms,CPU&GPU=7.29ms,LCnt=5(DR0,LM2),GPU%=0.57,CPU%=0.25(W0.35),DSF=1.00,CFL=19.51/21.44
01-04 23:57:12.012  1594  1594 D OculusNotificationListenerService: Notification posted: 0|com.oculus.horizon|10002|cameraroll|10032
01-04 23:57:12.014   849  1217 W TrackingService: attachClient: found client in attached list
01-04 23:57:12.015  4271  4393 E OsSdk   : error getting shared memory region, memory type: HeadTracker, failed with Status(-1, EX_SECURITY): 'requested shared memory region when not registered/focused'
01-04 23:57:12.016   849  1432 W TrackingService: attachClient: found client in attached list
01-04 23:57:12.023  4271  4393 E OsSdk   : error getting shared memory region, memory type: AnchorTracker, failed with Status(-1, EX_SECURITY): 'requested shared memory region when not registered/focused'
01-04 23:57:12.053  1048  5386 I DisplayManagerService: Display device added: DisplayDeviceInfo{"com.oculus.android_panel_app.AndroidPanelLayer-toast": uniqueId="virtual:com.oculus.systemux,10026,com.oculus.android_panel_app.AndroidPanelLayer-toast,0", 525 x 1250, modeId 91, defaultModeId 91, supportedModes [{id=91, width=525, height=1250, fps=60.0}], colorMode 0, supportedColorModes [0], HdrCapabilities null, density 200, 200.0 x 200.0 dpi, appVsyncOff 0, presDeadline 16666666, touch NONE, rotation 0, type VIRTUAL, state OFF, owner com.oculus.systemux (uid 10026), FLAG_PRIVATE, FLAG_NEVER_BLANK, FLAG_OWN_CONTENT_ONLY}
01-04 23:57:12.060  1048  5386 I DisplayManagerService: Display device removed: DisplayDeviceInfo{"com.oculus.android_panel_app.AndroidPanelLayer-toast": uniqueId="virtual:com.oculus.systemux,10026,com.oculus.android_panel_app.AndroidPanelLayer-toast,0", 525 x 1250, modeId 91, defaultModeId 91, supportedModes [{id=91, width=525, height=1250, fps=60.0}], colorMode 0, supportedColorModes [0], HdrCapabilities null, density 200, 200.0 x 200.0 dpi, appVsyncOff 0, presDeadline 16666666, touch NONE, rotation 0, type VIRTUAL, state OFF, owner com.oculus.systemux (uid 10026), FLAG_PRIVATE, FLAG_NEVER_BLANK, FLAG_OWN_CONTENT_ONLY}
01-04 23:57:12.065  4271  4393 E OsSdk   : error getting shared memory region, memory type: HeadTracker, failed with Status(-1, EX_SECURITY): 'requested shared memory region when not registered/focused'
01-04 23:57:12.068  1048  5386 I DisplayManagerService: Display device added: DisplayDeviceInfo{"com.oculus.android_panel_app.AndroidPanelLayer-toast": uniqueId="virtual:com.oculus.systemux,10026,com.oculus.android_panel_app.AndroidPanelLayer-toast,0", 525 x 1, modeId 92, defaultModeId 92, supportedModes [{id=92, width=525, height=1, fps=60.0}], colorMode 0, supportedColorModes [0], HdrCapabilities null, density 200, 200.0 x 200.0 dpi, appVsyncOff 0, presDeadline 16666666, touch NONE, rotation 0, type VIRTUAL, state OFF, owner com.oculus.systemux (uid 10026), FLAG_PRIVATE, FLAG_NEVER_BLANK, FLAG_OWN_CONTENT_ONLY}
01-04 23:57:12.081  1048  1072 W InputReader: Device has associated, but no associated display id.
01-04 23:57:12.086  1779  2987 I VrRuntimeService: UpdateSwapChainSamplerState: 189
01-04 23:57:12.086  1779  2987 I VrRuntimeService: UpdateSwapChainSamplerState: minFilter=5 magFilter=1 wrapModeS=3 warpModeT=3 maxAniso=1.000000 border={0.000000,0.000000,0.000000,0.000000} swizzle={0,1,2,3}
01-04 23:57:12.087  1048  1074 W InputReader: Device has associated, but no associated display id.
01-04 23:57:12.087  1048  1074 I ActivityTaskManager: Override config changes=200055f8 {0.0 ?mcc?mnc ?localeList ?layoutDir ?swdp w420dp ?hdp 200dpi smll land ?uimode ?night -touch qwerty/v/v -nav/h winConfig={ mBounds=Rect(0, 0 - 525, 1) mAppBounds=Rect(0, 0 - 525, 1) mWindowingMode=fullscreen mDisplayWindowingMode=fullscreen mActivityType=undefined mAlwaysOnTop=undefined mRotation=ROTATION_0}} for displayId=31
01-04 23:57:12.101  1779  2987 I VrRuntimeService: CreateSwapChain: 1526759343
01-04 23:57:12.101  1779  2987 I VrRuntimeService: CreateSwapChain: api:gles 0 0x8c43 525 1 10 2 1 0 3
01-04 23:57:12.102  1779  2987 I VrRuntimeServer: CreateTextureSwapChain: result importswapchaingles 1
01-04 23:57:12.102  4271  4393 E OsSdk   : error getting shared memory region, memory type: HeadTracker, failed with Status(-1, EX_SECURITY): 'requested shared memory region when not registered/focused'
01-04 23:57:12.105  1779  2987 I VrRuntimeService: UpdateSwapChainSamplerState: 196
01-04 23:57:12.105  1779  2987 I VrRuntimeService: UpdateSwapChainSamplerState: minFilter=1 magFilter=1 wrapModeS=3 warpModeT=3 maxAniso=1.000000 border={0.000000,0.000000,0.000000,0.000000} swizzle={0,1,2,3}
01-04 23:57:12.106  1779  2987 I VrRuntimeService: DestroySwapChain: swapchain=189
01-04 23:57:12.106  1779  2987 I VrRuntimeServer: DestroyTextureSwapChain: result destroyswapchain 1
01-04 23:57:12.108  1048  1074 I DisplayManagerService: Display device changed state: "com.oculus.android_panel_app.AndroidPanelLayer-toast", ON
01-04 23:57:12.113  1048  1547 E WindowManager: App trying to use insecure INPUT_FEATURE_NO_INPUT_CHANNEL flag. Ignoring
01-04 23:57:12.147  4271  4393 E OsSdk   : error getting shared memory region, memory type: HeadTracker, failed with Status(-1, EX_SECURITY): 'requested shared memory region when not registered/focused'
01-04 23:57:12.149  1048  1547 I DisplayManagerService: Display device removed: DisplayDeviceInfo{"com.oculus.android_panel_app.AndroidPanelLayer-toast": uniqueId="virtual:com.oculus.systemux,10026,com.oculus.android_panel_app.AndroidPanelLayer-toast,0", 525 x 1, modeId 92, defaultModeId 92, supportedModes [{id=92, width=525, height=1, fps=60.0}], colorMode 0, supportedColorModes [0], HdrCapabilities null, density 200, 200.0 x 200.0 dpi, appVsyncOff 0, presDeadline 16666666, touch NONE, rotation 0, type VIRTUAL, state ON, owner com.oculus.systemux (uid 10026), FLAG_PRIVATE, FLAG_NEVER_BLANK, FLAG_OWN_CONTENT_ONLY}
01-04 23:57:12.151  1048  1547 I DisplayManagerService: Display device added: DisplayDeviceInfo{"com.oculus.android_panel_app.AndroidPanelLayer-toast": uniqueId="virtual:com.oculus.systemux,10026,com.oculus.android_panel_app.AndroidPanelLayer-toast,0", 525 x 79, modeId 93, defaultModeId 93, supportedModes [{id=93, width=525, height=79, fps=60.0}], colorMode 0, supportedColorModes [0], HdrCapabilities null, density 200, 200.0 x 200.0 dpi, appVsyncOff 0, presDeadline 16666666, touch NONE, rotation 0, type VIRTUAL, state OFF, owner com.oculus.systemux (uid 10026), FLAG_PRIVATE, FLAG_NEVER_BLANK, FLAG_OWN_CONTENT_ONLY}
01-04 23:57:12.157  1779  4908 I ScreenCaptureBase: GlobalInhibitState changed to 1
01-04 23:57:12.158  1779  4908 I CompositorVR: SetClientSurfaceSecureFlag: secure=1
01-04 23:57:12.180  1048  5296 W WindowManager: Failed looking up window callers=com.android.server.wm.WindowManagerService.windowForClientLocked:5339 com.android.server.wm.WindowManagerService.removeWindow:1788 com.android.server.wm.Session.remove:176 
01-04 23:57:12.183  1779  2987 I VrRuntimeService: UpdateSwapChainSamplerState: 196
01-04 23:57:12.183  1779  2987 I VrRuntimeService: UpdateSwapChainSamplerState: minFilter=5 magFilter=1 wrapModeS=3 warpModeT=3 maxAniso=1.000000 border={0.000000,0.000000,0.000000,0.000000} swizzle={0,1,2,3}
01-04 23:57:12.191  4271  4393 E OsSdk   : error getting shared memory region, memory type: HeadTracker, failed with Status(-1, EX_SECURITY): 'requested shared memory region when not registered/focused'
01-04 23:57:12.192  1048  1072 W InputReader: Device has associated, but no associated display id.
01-04 23:57:12.195  1048  2043 E WindowManager: App trying to use insecure INPUT_FEATURE_NO_INPUT_CHANNEL flag. Ignoring
01-04 23:57:12.197  1048  1074 I DisplayManagerService: Display device changed state: "com.oculus.android_panel_app.AndroidPanelLayer-toast", ON
01-04 23:57:12.199  1779  4908 I ScreenCaptureBase: GlobalInhibitState changed to 0
01-04 23:57:12.199  1779  4908 I CompositorVR: SetClientSurfaceSecureFlag: secure=0
01-04 23:57:12.203  1048  1074 W InputReader: Device has associated, but no associated display id.
01-04 23:57:12.203  1048  1074 I ActivityTaskManager: Override config changes=20005df8 {0.0 ?mcc?mnc ?localeList ?layoutDir sw63dp w420dp h63dp 200dpi smll land ?uimode ?night -touch qwerty/v/v -nav/h winConfig={ mBounds=Rect(0, 0 - 525, 79) mAppBounds=Rect(0, 0 - 525, 79) mWindowingMode=fullscreen mDisplayWindowingMode=fullscreen mActivityType=undefined mAlwaysOnTop=undefined mRotation=ROTATION_0}} for displayId=32
01-04 23:57:12.223  1779  2987 I VrRuntimeService: CreateSwapChain: 1526759343
01-04 23:57:12.223  1779  2987 I VrRuntimeService: CreateSwapChain: api:gles 0 0x8c43 525 79 10 2 1 0 3
01-04 23:57:12.224  1779  2987 I VrRuntimeServer: CreateTextureSwapChain: result importswapchaingles 1
01-04 23:57:12.227  1779  2987 I VrRuntimeService: UpdateSwapChainSamplerState: 197
01-04 23:57:12.227  1779  2987 I VrRuntimeService: UpdateSwapChainSamplerState: minFilter=1 magFilter=1 wrapModeS=3 warpModeT=3 maxAniso=1.000000 border={0.000000,0.000000,0.000000,0.000000} swizzle={0,1,2,3}
01-04 23:57:12.228  1779  2987 I VrRuntimeService: DestroySwapChain: swapchain=196
01-04 23:57:12.228  1779  2987 I VrRuntimeServer: DestroyTextureSwapChain: result destroyswapchain 1
01-04 23:57:12.231   849  1432 I chatty  : uid=1000(system) Binder:849_4 identical 5 lines
01-04 23:57:12.231  4271  4393 E OsSdk   : error getting shared memory region, memory type: HeadTracker, failed with Status(-1, EX_SECURITY): 'requested shared memory region when not registered/focused'
01-04 23:57:12.241  1779  4908 I ScreenCaptureBase: GlobalInhibitState changed to 1
01-04 23:57:12.241  1779  4908 I CompositorVR: SetClientSurfaceSecureFlag: secure=1
01-04 23:57:12.259   849  4917 W [CT]    : VEGA:MAP_TRACKING_HM: [Throttled count=24] Map tracking did not run.
01-04 23:57:12.277   849  1432 W TrackingService: attachClient: found client in attached list
01-04 23:57:12.277  4271  4393 E OsSdk   : error getting shared memory region, memory type: HeadTracker, failed with Status(-1, EX_SECURITY): 'requested shared memory region when not registered/focused'
01-04 23:57:12.278   849  1217 W TrackingService: attachClient: found client in attached list
01-04 23:57:12.278  4271  4393 E OsSdk   : error getting shared memory region, memory type: AnchorTracker, failed with Status(-1, EX_SECURITY): 'requested shared memory region when not registered/focused'
01-04 23:57:12.327  4271  4393 E OsSdk   : error getting shared memory region, memory type: HeadTracker, failed with Status(-1, EX_SECURITY): 'requested shared memory region when not registered/focused'
01-04 23:57:12.364   849  4917 W [CT]    : TIMESTAMPCHECKER: Nominal rate wrong. Estimated data rate: 25, Nominal is 30.000300003000028
01-04 23:57:12.373  4271  4393 E OsSdk   : error getting shared memory region, memory type: HeadTracker, failed with Status(-1, EX_SECURITY): 'requested shared memory region when not registered/focused'
01-04 23:57:12.387  3803  3803 E AssistantUserEdService: The user ed service will not process the intent due to GK not passing
01-04 23:57:12.418  4271  4393 E OsSdk   : error getting shared memory region, memory type: HeadTracker, failed with Status(-1, EX_SECURITY): 'requested shared memory region when not registered/focused'
01-04 23:57:12.481   849  1217 I chatty  : uid=1000(system) Binder:849_3 identical 5 lines
01-04 23:57:12.527   849  1217 W TrackingService: attachClient: found client in attached list
01-04 23:57:12.528  4271  4393 E OsSdk   : error getting shared memory region, memory type: HeadTracker, failed with Status(-1, EX_SECURITY): 'requested shared memory region when not registered/focused'
01-04 23:57:12.529   849  1432 W TrackingService: attachClient: found client in attached list
01-04 23:57:12.529  4271  4393 E OsSdk   : error getting shared memory region, memory type: AnchorTracker, failed with Status(-1, EX_SECURITY): 'requested shared memory region when not registered/focused'
01-04 23:57:12.537   849  4917 W [CT]    : VEGA:MAP_TRACKING_HM: [Throttled count=23] Bad map tracking: map tracking failed @ Submap id = 2, version = 1133842173 with status: 2
01-04 23:57:12.572  4271  4393 E OsSdk   : error getting shared memory region, memory type: HeadTracker, failed with Status(-1, EX_SECURITY): 'requested shared memory region when not registered/focused'
01-04 23:57:12.704  4271  4393 E OsSdk   : error getting shared memory region, memory type: HeadTracker, failed with Status(-1, EX_SECURITY): 'requested shared memory region when not registered/focused'
01-04 23:57:12.714  4271  4341 D xrstreaming: receive ping: org 0 recv 0 xmt 42130044399200 (received at 911983690639), offset divergence -12564
01-04 23:57:12.747   849  1432 I chatty  : uid=1000(system) Binder:849_4 identical 5 lines
01-04 23:57:12.748  4271  4393 E OsSdk   : error getting shared memory region, memory type: HeadTracker, failed with Status(-1, EX_SECURITY): 'requested shared memory region when not registered/focused'
01-04 23:57:12.766   849  4885 I [CT]    : CONSTELLATION: L: Detected IMU motion => Leaving static state.
01-04 23:57:12.791   849  1432 W TrackingService: attachClient: found client in attached list
01-04 23:57:12.792  4271  4393 E OsSdk   : error getting shared memory region, memory type: HeadTracker, failed with Status(-1, EX_SECURITY): 'requested shared memory region when not registered/focused'
01-04 23:57:12.792   849  1217 W TrackingService: attachClient: found client in attached list
01-04 23:57:12.793  4271  4393 E OsSdk   : error getting shared memory region, memory type: AnchorTracker, failed with Status(-1, EX_SECURITY): 'requested shared memory region when not registered/focused'
01-04 23:57:12.838  4271  4393 E OsSdk   : error getting shared memory region, memory type: HeadTracker, failed with Status(-1, EX_SECURITY): 'requested shared memory region when not registered/focused'
01-04 23:57:12.963  4271  4393 E OsSdk   : error getting shared memory region, memory type: HeadTracker, failed with Status(-1, EX_SECURITY): 'requested shared memory region when not registered/focused'
01-04 23:57:13.008  4708  5033 I VrApi   : FPS=68/72,Prd=48ms,Tear=0,Early=67,Stale=5,VSnc=1,Lat=1,Fov=0,CPU4/GPU=4/4,2419/525MHz,OC=FF,TA=0/70/70,SP=N/F/F,Mem=2092MHz,Free=2197MB,PLS=0,Temp=22.5C/0.0C,TW=3.74ms,App=2.67ms,GD=0.00ms,CPU&GPU=8.14ms,LCnt=5(DR0,LM0),GPU%=0.60,CPU%=0.19(W0.27),DSF=1.00,CFL=18.62/21.45
01-04 23:57:13.008   849  1217 I chatty  : uid=1000(system) Binder:849_3 identical 5 lines
01-04 23:57:13.009  4271  4393 E OsSdk   : error getting shared memory region, memory type: HeadTracker, failed with Status(-1, EX_SECURITY): 'requested shared memory region when not registered/focused'
01-04 23:57:13.054   849  1217 W TrackingService: attachClient: found client in attached list
01-04 23:57:13.055  4271  4393 E OsSdk   : error getting shared memory region, memory type: HeadTracker, failed with Status(-1, EX_SECURITY): 'requested shared memory region when not registered/focused'
01-04 23:57:13.055   849  1432 W TrackingService: attachClient: found client in attached list
01-04 23:57:13.055  4271  4393 E OsSdk   : error getting shared memory region, memory type: AnchorTracker, failed with Status(-1, EX_SECURITY): 'requested shared memory region when not registered/focused'
01-04 23:57:13.071   849  4885 I [CT]    : CONSTELLATION:IMU_STATUS: 729165a0fe4054d7 (R): [FusionTracked=1.000, OutputTracked=1.000, OutputValid=1.000] [AccelSat=0.000, GyroSat=0.000] 
01-04 23:57:13.091  4271  4393 E OsSdk   : error getting shared memory region, memory type: HeadTracker, failed with Status(-1, EX_SECURITY): 'requested shared memory region when not registered/focused'
01-04 23:57:13.213  4271  4393 E OsSdk   : error getting shared memory region, memory type: HeadTracker, failed with Status(-1, EX_SECURITY): 'requested shared memory region when not registered/focused'
01-04 23:57:13.223   849  4926 I [CT]    : CONSTELLATION:VISION_STATUS: 729165a0fe4054d7 (R): BlobDetection:[#BlobsDetected=(19.71, 56.31)]Matching:[MatchSuccess=1.000, MatchCost=(0.00273, 0.00001), #MatchedBlobs=(11.82, 8.56), #MatchedLeds=(7.19, 0.39), RematchM=0.000, SkipRefine=0.000] MatchMethod:[Prox=1.000, ConstBrute=0.000, UnconstBrute=0.000] MatchResets[AnomBlobSize=0.000, SharedMatch=0.000, DenseReacq=0.000] | Fusion:[FusionError=0.000, ImuFromCamMs=(8.269, 1.673), RematchF=0.000] FusionUpdates:[Successful=1.000, Reliable=1.000, TightFusion=1.000, FullPose=0.000, StaticPrior=0.000, StaticForHandTrans=0.000, PoseUpdateMD=(0.0000, 0.0000)] FusionResets[6DoFReset=0.000, ResetSuccess=0.000] FusionStatus[HasPosition=1.000, HasVelocity=1.000] 
01-04 23:57:13.256   849  1432 I chatty  : uid=1000(system) Binder:849_4 identical 5 lines
01-04 23:57:13.257  4271  4393 E OsSdk   : error getting shared memory region, memory type: HeadTracker, failed with Status(-1, EX_SECURITY): 'requested shared memory region when not registered/focused'
01-04 23:57:13.258   849  4885 I [CT]    : CONSTELLATION: L: Detected static IMU, no button event and has tracked position => Applying constant controller pose.
01-04 23:57:13.296   849  4917 W [CT]    : VEGA:MAP_TRACKING_HM: [Throttled count=25] Map tracking did not run.
01-04 23:57:13.302   849  1432 W TrackingService: attachClient: found client in attached list
01-04 23:57:13.303  4271  4393 E OsSdk   : error getting shared memory region, memory type: HeadTracker, failed with Status(-1, EX_SECURITY): 'requested shared memory region when not registered/focused'
01-04 23:57:13.303   849  1217 W TrackingService: attachClient: found client in attached list
01-04 23:57:13.304  4271  4393 E OsSdk   : error getting shared memory region, memory type: AnchorTracker, failed with Status(-1, EX_SECURITY): 'requested shared memory region when not registered/focused'
01-04 23:57:13.326   849  4835 I [CT]    : boltlib: DSP utilization: 6.45 % (322 / 5000 ms)
01-04 23:57:13.348  4271  4393 E OsSdk   : error getting shared memory region, memory type: HeadTracker, failed with Status(-1, EX_SECURITY): 'requested shared memory region when not registered/focused'
01-04 23:57:13.376  1779  2939 E TREX    : Interface version 1 was not found. Check debug build for more information.
01-04 23:57:13.392  4271  4393 E OsSdk   : error getting shared memory region, memory type: HeadTracker, failed with Status(-1, EX_SECURITY): 'requested shared memory region when not registered/focused'
01-04 23:57:13.478  4271  4393 E OsSdk   : error getting shared memory region, memory type: HeadTracker, failed with Status(-1, EX_SECURITY): 'requested shared memory region when not registered/focused'
01-04 23:57:13.522  4271  4393 E OsSdk   : error getting shared memory region, memory type: HeadTracker, failed with Status(-1, EX_SECURITY): 'requested shared memory region when not registered/focused'
01-04 23:57:13.551  1048  5411 I ActivityTaskManager: START u0 {act=android.intent.action.MAIN cat=[android.intent.category.LAUNCHER] flg=0x10010000 pkg=com.oculus.vrshell cmp=com.oculus.vrshell/.MainActivity (has extras)} from uid 10020
01-04 23:57:13.558  4708  4708 D UE4     : [GameActivity] onPause: stop memory reporter runnable
01-04 23:57:13.558  4708  4738 D UE4     : Case APP_CMD_PAUSE
01-04 23:57:13.558  4708  4738 D UE4     : [2023.01.04-23.57.13:558][836]LogAndroid: Case APP_CMD_PAUSE
01-04 23:57:13.558  4708  4738 D UE4     : LogAndroidEvents::EnqueueAppEvent : 6, [width=-1, height=-1], tid = 4738, APP_EVENT_STATE_ON_PAUSE
01-04 23:57:13.558  4708  4738 D UE4     : [2023.01.04-23.57.13:558][836]LogAndroid: event thread, suspending app, acquiring HW window lock.
01-04 23:57:13.558  4708  4738 D UE4     : LogAndroidEvents::EnqueueAppEvent : 15, [width=-1, height=-1], tid = 4738, APP_EVENT_RUN_CALLBACK
01-04 23:57:13.558  4708  4738 D UE4     : [2023.01.04-23.57.13:558][836]LogAndroid: AndroidEGL::  SuspendApp_EventThread, waiting for event manager to process. tid: 4738
01-04 23:57:13.558  4708  4708 D UE4     : [GameActivity] ==============> GameActive.onPause complete!
01-04 23:57:13.559  1048  1547 W InputReader: Device has associated, but no associated display id.
01-04 23:57:13.559  4708  4737 D UE4     : [2023.01.04-23.57.13:559][836]LogAndroidEvents: Display: LogAndroidEvents::DequeueAppEvent : 6, [width=-1, height=-1], APP_EVENT_STATE_ON_PAUSE
01-04 23:57:13.559  4708  4737 D UE4     : FAppEventManager::Tick processing, 6
01-04 23:57:13.559  4708  4737 D UE4     : [2023.01.04-23.57.13:559][836]LogVulkanRHI: FVulkanPipelineStateCacheManager: skipped saving because we only save if the PSOFC based one failed to load.
01-04 23:57:13.560  4708  4737 D UE4     : [2023.01.04-23.57.13:560][836]LogAndroidEvents: Display: LogAndroidEvents::DequeueAppEvent : 15, [width=-1, height=-1], APP_EVENT_RUN_CALLBACK
01-04 23:57:13.560  4708  4737 D UE4     : FAppEventManager::Tick processing, 15
01-04 23:57:13.560  4708  4737 D UE4     : [2023.01.04-23.57.13:560][836]LogAndroidEvents: Display: Event thread callback running.
01-04 23:57:13.560  4708  4737 D UE4     : [2023.01.04-23.57.13:560][836]LogAndroid: performing app backgrounding callback. 0xb4a68170
01-04 23:57:13.562  2902  3137 I VrGuardianService: GuardianSDKServer::GuardianCmd: 14
01-04 23:57:13.562  2902  3137 I GuardianSystem: GuardianSystem::GuardianCmd CMD_CLEAR_RETURN_PACKAGE
01-04 23:57:13.565  4708  4708 D SystemActivitiesReceiver: SystemActivityReceiver.onReceive intent:Intent { act=com.oculus.system_activity flg=0x10 pkg=com.YourCompany.PrototypeV4 (has extras) }
01-04 23:57:13.565  4708  4708 D SystemActivitiesReceiver: fromPackageName: 'com.oculus.vrshell'
01-04 23:57:13.565  4708  4708 D SystemActivitiesReceiver: command: '{"Command":"exitToHome","PlatformUIVersion":4,"ToPackage":"com.YourCompany.PrototypeV4"}'
01-04 23:57:13.565  4708  4708 D SystemActivitiesReceiver: uri: ''
01-04 23:57:13.567  1048  1074 D ActivityManager: Is background playback enabled for all apps: false
01-04 23:57:13.569  4271  4393 E OsSdk   : error getting shared memory region, memory type: HeadTracker, failed with Status(-1, EX_SECURITY): 'requested shared memory region when not registered/focused'
01-04 23:57:13.569   849  1217 I chatty  : uid=1000(system) Binder:849_3 identical 7 lines
01-04 23:57:13.569   739  1180 D AF::RecordHandle: OpRecordAudio: track:56 uid:10014 pkg:com.oculus.shellenv usage:0 muted
01-04 23:57:13.569   739   990 D AF::RecordHandle: OpRecordAudio: track:65 uid:10033 pkg:com.oculus.xrstreamingclient usage:0 muted
01-04 23:57:13.569   739  4603 D AF::RecordHandle: OpRecordAudio: track:69 uid:10032 pkg:com.oculus.horizon usage:0 not muted
01-04 23:57:13.570  4708  4708 D TrustedSignatureVerifier: Checking app signature for com.oculus.vrshell
01-04 23:57:13.570  4708  4708 D TrustedSignatureVerifier: Package com.oculus.vrshell trusted due to RELEASE signature.
01-04 23:57:13.570  4708  4708 D SystemActivitiesReceiver: App is trusted
01-04 23:57:13.571  4708  4708 I SystemActivitiesEvents: nativeSystemActivityIntent in 'com.YourCompany.PrototypeV4': 'com.oculus.vrshell' '{"Command":"exitToHome","PlatformUIVersion":4,"ToPackage":"com.YourCompany.PrototypeV4"}' ''
01-04 23:57:13.571  4708  4708 I SystemActivitiesEvents: SYSTEM_ACTIVITY_EVENT_EXIT_TO_HOME: finish() - exit to Home
01-04 23:57:13.571  4708  4708 W any.PrototypeV: Attempt to remove non-JNI local reference, dumping thread
01-04 23:57:13.571  4708  4708 I chatty  : uid=10144(com.YourCompany.PrototypeV4) identical 1 line
01-04 23:57:13.571  4708  4708 W any.PrototypeV: Attempt to remove non-JNI local reference, dumping thread
01-04 23:57:13.571  4708  4708 D ContextHelper: shouldSkipFinish: activity=com.epicgames.ue4.GameActivity@ac67612
01-04 23:57:13.571  4708  4708 W any.PrototypeV: Accessing hidden method Landroid/app/Activity;->isResumed()Z (greylist, reflection, allowed)
01-04 23:57:13.571  4708  4708 D ContextHelper: activity=com.epicgames.ue4.GameActivity@ac67612, resumed=false
01-04 23:57:13.571  4708  4708 D ContextHelper: Calling finish() on com.epicgames.ue4.GameActivity@ac67612
01-04 23:57:13.572  1779  1779 D VrRuntimeService: onForegroundActivitiesChanged: pid=3151, uid=10020, hasForegroundActivities=true
01-04 23:57:13.573  4271  4393 E OsSdk   : error getting shared memory region, memory type: AnchorTracker, failed with Status(-1, EX_SECURITY): 'requested shared memory region when not registered/focused'
01-04 23:57:13.575   739  1552 D AF::RecordHandle: OpRecordAudio: track:56 uid:10014 pkg:com.oculus.shellenv usage:0 muted
01-04 23:57:13.576   739   990 D AF::TrackHandle: OpPlayAudio: track:57 uid:10014 pkg:com.oculus.shellenv usage:1 muted
01-04 23:57:13.576   739  4603 D AF::TrackHandle: OpPlayAudio: track:64 uid:10033 pkg:com.oculus.xrstreamingclient usage:1 muted
01-04 23:57:13.576   739  4828 D AF::RecordHandle: OpRecordAudio: track:69 uid:10032 pkg:com.oculus.horizon usage:0 not muted
01-04 23:57:13.576   739  1671 D AF::RecordHandle: OpRecordAudio: track:65 uid:10033 pkg:com.oculus.xrstreamingclient usage:0 muted
01-04 23:57:13.577   849  4917 W [CT]    : VEGA:MAP_TRACKING_HM: [Throttled count=24] Bad map tracking: map tracking failed @ Submap id = 2, version = 1133842173 with status: 2
01-04 23:57:13.578   739   739 D AF::TrackHandle: OpPlayAudio: track:73 uid:10026 pkg:com.oculus.systemux usage:10 not muted
01-04 23:57:13.578   739   989 D AF::TrackHandle: OpPlayAudio: track:67 uid:10144 pkg:com.YourCompany.PrototypeV4 usage:1 muted
01-04 23:57:13.578   739  1303 D AF::TrackHandle: OpPlayAudio: track:71 uid:10144 pkg:com.YourCompany.PrototypeV4 usage:13 muted
01-04 23:57:13.579   739  1180 D AF::TrackHandle: OpPlayAudio: track:74 uid:10020 pkg:com.oculus.vrshell usage:1 not muted
01-04 23:57:13.581   720   866 D msm8974_platform: platform_split_snd_device: snd_device(22) num devices(1) new_snd_devices(0)
01-04 23:57:13.581   720   866 D ACDB-LOADER: ACDB -> send_audvoltable
01-04 23:57:13.581   720   866 D ACDB-LOADER: ACDB -> ACDB_CMD_GET_AUDPROC_INSTANCE_GAIN_DEP_STEP_TABLE_SIZE
01-04 23:57:13.581   720   866 D         : Failed to fetch the lookup information of the device 0000000F 
01-04 23:57:13.581   720   866 D ACDB-LOADER: Error: ACDB_CMD_GET_AUDPROC_INSTANCE_GAIN_DEP_STEP_TABLE_SIZE Returned = -19
01-04 23:57:13.582   720   866 D ACDB-LOADER: ACDB -> ACDB_CMD_GET_AUDPROC_INSTANCE_GAIN_DEP_STEP_TABLE, vol index 8
01-04 23:57:13.582   720   866 D         : Failed to fetch the lookup information of the device 0000000F 
01-04 23:57:13.582   720   866 D ACDB-LOADER: Error: ACDB AudProc vol returned = -19
01-04 23:57:13.582   720   866 D ACDB-LOADER: ACDB -> AUDIO_SET_VOL_CAL cal type = 40
01-04 23:57:13.591  1048  4329 I ActivityTaskManager: START u0 {act=android.intent.action.MAIN cat=[android.intent.category.LAUNCHER] flg=0x14000000 pkg=com.oculus.shellenv cmp=com.oculus.shellenv/.ShellEnvActivity (has extras)} from uid 10020
01-04 23:57:13.601   739  1303 D AF::TrackHandle: OpPlayAudio: track:74 uid:10020 pkg:com.oculus.vrshell usage:1 not muted
01-04 23:57:13.602   739   739 D AF::TrackHandle: OpPlayAudio: track:64 uid:10033 pkg:com.oculus.xrstreamingclient usage:1 muted
01-04 23:57:13.603   739  1671 D AF::TrackHandle: OpPlayAudio: track:73 uid:10026 pkg:com.oculus.systemux usage:10 not muted
01-04 23:57:13.603   739  1180 D AF::TrackHandle: OpPlayAudio: track:57 uid:10014 pkg:com.oculus.shellenv usage:1 not muted
01-04 23:57:13.603   739   989 D AF::RecordHandle: OpRecordAudio: track:56 uid:10014 pkg:com.oculus.shellenv usage:0 not muted
01-04 23:57:13.604   739  1552 D AF::RecordHandle: OpRecordAudio: track:65 uid:10033 pkg:com.oculus.xrstreamingclient usage:0 muted
01-04 23:57:13.605  1048  1547 D ActivityManager: Is background playback enabled for all apps: false
01-04 23:57:13.606   739  4828 D AF::TrackHandle: OpPlayAudio: track:67 uid:10144 pkg:com.YourCompany.PrototypeV4 usage:1 muted
01-04 23:57:13.606   739  4603 D AF::TrackHandle: OpPlayAudio: track:71 uid:10144 pkg:com.YourCompany.PrototypeV4 usage:13 muted
01-04 23:57:13.607   739   990 D AF::RecordHandle: OpRecordAudio: track:69 uid:10032 pkg:com.oculus.horizon usage:0 not muted
01-04 23:57:13.609   739  4828 D AF::RecordHandle: OpRecordAudio: track:56 uid:10014 pkg:com.oculus.shellenv usage:0 not muted
01-04 23:57:13.609   739   990 D AF::RecordHandle: OpRecordAudio: track:69 uid:10032 pkg:com.oculus.horizon usage:0 not muted
01-04 23:57:13.610   739  4828 D AF::RecordHandle: OpRecordAudio: track:65 uid:10033 pkg:com.oculus.xrstreamingclient usage:0 muted
01-04 23:57:13.611  1048  5296 W InputReader: Device has associated, but no associated display id.
01-04 23:57:13.618   849  1217 W TrackingService: attachClient: found client in attached list
01-04 23:57:13.618  1779  1779 D VrRuntimeService: onForegroundActivitiesChanged: pid=1923, uid=10014, hasForegroundActivities=true
01-04 23:57:13.618  4271  4393 E OsSdk   : error getting shared memory region, memory type: HeadTracker, failed with Status(-1, EX_SECURITY): 'requested shared memory region when not registered/focused'
01-04 23:57:13.630  1779  2987 I VrRuntimeService: DestroySwapChain: swapchain=192
01-04 23:57:13.653  3151  3219 I chatty  : uid=10020(com.oculus.vrshell) ShellMainVR expire 12 lines
01-04 23:57:13.659  1923  1923 D ActivityLifecycleListener: onActivityResumed
01-04 23:57:13.659  1923  3114 D ActivityLifecycleListener: activity=com.oculus.shellenv.ShellEnvActivity@df5429, resumed=true
01-04 23:57:13.660  1923  3114 D ActivityLifecycleListener: Activity ready after 1ms
01-04 23:57:13.660  1923  3114 I OpenXR  : nativeOnActivityReady
01-04 23:57:13.663   849  1432 W TrackingService: attachClient: found client in attached list
01-04 23:57:13.664  4271  4393 E OsSdk   : error getting shared memory region, memory type: HeadTracker, failed with Status(-1, EX_SECURITY): 'requested shared memory region when not registered/focused'
01-04 23:57:13.675  1779  4908 I CompositorVR: SetSchedFifo( tid=4737, pol=2, pri=0 ) succeeded
01-04 23:57:13.675  1779  4908 I CompositorVR: SetSchedFifo( tid=5041, pol=2, pri=0 ) succeeded
01-04 23:57:13.675  1779  4908 I CompositorVR: SetSchedFifo( tid=5043, pol=2, pri=0 ) succeeded
01-04 23:57:13.681  1923  2018 I Clay    : BaseApp: Hibernate transition Unhibernate
01-04 23:57:13.681  1923  2018 I Clay    : copresence: microphone state transition, unpaused
01-04 23:57:13.681  1923  2018 I Clay    : SoundSystem: setPaused(false), m_paused=true
01-04 23:57:13.683  1274  1274 V AvrcpMediaPlayerList: onPlaybackConfigChanged(): Configs list size=9
01-04 23:57:13.698  1923  2018 I Clay    : EnvironmentSystem: computed visibility changed from Unload to Visible (reason: <none>)
01-04 23:57:13.702  1955  1955 I FbnsConnectionManager: send/keepalive
01-04 23:57:13.702  1923  2018 I OpenXR  : PostSessionStateChange: XR_SESSION_STATE_IDLE -> XR_SESSION_STATE_READY
01-04 23:57:13.702   849  4885 I [CT]    : CONSTELLATION: L: Detected IMU motion => Leaving static state.
01-04 23:57:13.704  1923  2018 I Clay    : xrPollEvent: REFERENCE_SPACE_CHANGE_PENDING
01-04 23:57:13.704  1923  2018 I Clay    : xrPollEvent: DISPLAY_REFRESH_RATE_CHANGED_FB: 90.000000 -> 72.000000
01-04 23:57:13.704  1923  2018 I Clay    : xrPollEvent: SESSION_STATE_CHANGED: READY
01-04 23:57:13.704  1923  2018 I Clay    : Entering VR mode: cpu=-1, gpu=-1, perf threads: main=2018, gpu=unset
01-04 23:57:13.704  1923  2018 I OpenXR  : ------------ xrBeginSession [start] -----------
01-04 23:57:13.704  1923  2018 I VrRuntimeClient: Tracing is disabled
01-04 23:57:13.704  1923  2018 I VrRuntimeClient: SysProp debug mode is disabled on Client side
01-04 23:57:13.704  1674  1705 I [CT]    : MIXEDREALITY: MrServiceController: VrFocusManager::Top Activity Changed, topActivity now is: 'com.YourCompany.PrototypeV4', immersiveApp now is: 'com.YourCompany.PrototypeV4'.
01-04 23:57:13.705   849  1432 I chatty  : uid=1000(system) Binder:849_4 identical 1 line
01-04 23:57:13.705  4271  4393 E OsSdk   : error getting shared memory region, memory type: HeadTracker, failed with Status(-1, EX_SECURITY): 'requested shared memory region when not registered/focused'
01-04 23:57:13.707  1923  2018 D VrApi   : targetSDKVersion 29
01-04 23:57:13.708   720   866 D msm8974_platform: platform_split_snd_device: snd_device(22) num devices(1) new_snd_devices(0)
01-04 23:57:13.708  1674  3106 I [CT]    : MIXEDREALITY: MrServiceView: renderIteration: Nothing to render, hibernating the rendering thread since ID is off and no active PT layers.
01-04 23:57:13.708  1674  3106 I [CT]    : MIXEDREALITY: MrServiceModel: Hibernating caller (most likely rendering thread) due to commandQueue being empty.
01-04 23:57:13.708   720   866 D ACDB-LOADER: ACDB -> send_audvoltable
01-04 23:57:13.708   720   866 D ACDB-LOADER: ACDB -> ACDB_CMD_GET_AUDPROC_INSTANCE_GAIN_DEP_STEP_TABLE_SIZE
01-04 23:57:13.708   720   866 D         : Failed to fetch the lookup information of the device 0000000F 
01-04 23:57:13.708   720   866 D ACDB-LOADER: Error: ACDB_CMD_GET_AUDPROC_INSTANCE_GAIN_DEP_STEP_TABLE_SIZE Returned = -19
01-04 23:57:13.708   720   866 D ACDB-LOADER: ACDB -> ACDB_CMD_GET_AUDPROC_INSTANCE_GAIN_DEP_STEP_TABLE, vol index 9
01-04 23:57:13.708   720   866 D         : Failed to fetch the lookup information of the device 0000000F 
01-04 23:57:13.708   720   866 D ACDB-LOADER: Error: ACDB AudProc vol returned = -19
01-04 23:57:13.708   720   866 D ACDB-LOADER: ACDB -> AUDIO_SET_VOL_CAL cal type = 40
01-04 23:57:13.709  1923  2018 I VrRuntimeClient: DEVICE MODEL NUMBER = Quest 2
01-04 23:57:13.709  1923  2018 I VrRuntimeClient: DEVICE BUILD NAME = user-49068160412800150
01-04 23:57:13.709  1923  2018 I VrRuntimeClient: DEVICE BUILD TYPE = user
01-04 23:57:13.709  1923  2018 I VrRuntimeClient: DEVICE OS VERSION = 10
01-04 23:57:13.709  1923  2018 I VrRuntimeClient: API LOADER VERSION = 1.0.22
01-04 23:57:13.709  1923  2018 I VrRuntimeClient: RUNTIME API VERSION = 1.0.25
01-04 23:57:13.709  1923  2018 I VrRuntimeClient: RUNTIME VERSION = 47.0.0.282.341 Nov 25 2022 14:16:35 RELEASE
01-04 23:57:13.709  1923  2018 I VrRuntimeClient: APP NAME = ShellEnv
01-04 23:57:13.709  1923  2018 I VrRuntimeClient: APP VERSION = 47.0.0.282.341 versionCode 428237325 internalVersionName 47.0.0.282.341.8e28c4f8052b 2022_12_12_06_39
01-04 23:57:13.709  1923  2018 I VrRuntimeClient: APP VR TYPE = vr_only
01-04 23:57:13.709  1923  2018 I VrRuntimeClient: APP MODE TYPE = VR
01-04 23:57:13.709  1923  2018 I VrRuntimeClient: APP PACKAGE NAME = com.oculus.shellenv
01-04 23:57:13.709  1923  2018 I VrRuntimeClient: APP ACTIVITY CLASS = com.oculus.shellenv.ShellEnvActivity
01-04 23:57:13.709  1923  2018 I Sensor  : OSSDKTRACKING Initializing head tracking
01-04 23:57:13.709  1923  2018 I Sensor  : OSSDKTRACKING Head tracker != nullpointer 0x6fab51e2f8, 1
01-04 23:57:13.709  1923  2018 I Sensor  : OSSDKTRACKING Initializing controller tracking
01-04 23:57:13.709  1923  2018 I Sensor  : OSSDKTRACKING Controller tracker != nullpointer 0x6fc2ee6480, 1
01-04 23:57:13.709  1923  2018 D BatteryReceiver: Registering battery receiver
01-04 23:57:13.714  4271  4341 D xrstreaming: receive ping: org 0 recv 0 xmt 42131044938300 (received at 912983772566), offset divergence -12564
01-04 23:57:13.716  1923  2018 D HeadsetReceiver: getCurrentHeadsetState: false
01-04 23:57:13.716  1923  2018 I DeviceStatus: nativeHeadsetEvent(0)
01-04 23:57:13.718  1923  2018 I VrRuntimeClient: SetCompositorClientFeatureFlag ClientFeatureFlag 0 
