01-08 22:49:31.476   726  1158 D ACDB-LOADER: ACDB -> send_audtable
01-08 22:49:31.476   726  1158 D ACDB-LOADER: ACDB -> ACDB_CMD_GET_AUDPROC_INSTANCE_COMMON_TABLE_SIZE
01-08 22:49:31.476   726  1158 D ACDB-LOADER: ACDB -> ACDB_CMD_GET_AUDPROC_INSTANCE_COMMON_TABLE
01-08 22:49:31.476   726  1158 D ACDB-LOADER: ACDB -> AUDIO_SET_AUDPROC_CAL cal_type[11] acdb_id[15] app_type[69943]
01-08 22:49:31.476   726  1158 D ACDB-LOADER: ACDB -> ACDB_CMD_GET_PERSISTENT_AUDPROC_INSTANCE_COMMON_TABLE_SIZE
01-08 22:49:31.476   726  1158 D         : [Data Manager]-> No data found
01-08 22:49:31.476   726  1158 D ACDB-LOADER: Error: ACDB_CMD_GET_PERSISTENT_AUDPROC_INSTANCE_COMMON_TABLE_SIZE returned -18
01-08 22:49:31.476   726  1158 D ACDB-LOADER: ACDB -> send_audproc_persist_table -18 
01-08 22:49:31.476   726  1158 D ACDB-LOADER: Error: Invalid Audproc persist size = -18
01-08 22:49:31.476   726  1158 D ACDB-LOADER: ACDB -> send_audvoltable
01-08 22:49:31.476   726  1158 D ACDB-LOADER: ACDB -> ACDB_CMD_GET_AUDPROC_INSTANCE_GAIN_DEP_STEP_TABLE_SIZE
01-08 22:49:31.476   726  1158 D         : Failed to fetch the lookup information of the device 0000000F 
01-08 22:49:31.476   726  1158 D ACDB-LOADER: Error: ACDB_CMD_GET_AUDPROC_INSTANCE_GAIN_DEP_STEP_TABLE_SIZE Returned = -19
01-08 22:49:31.476   726  1158 D ACDB-LOADER: ACDB -> ACDB_CMD_GET_AUDPROC_INSTANCE_GAIN_DEP_STEP_TABLE, vol index 0
01-08 22:49:31.476   726  1158 D         : Failed to fetch the lookup information of the device 0000000F 
01-08 22:49:31.476   726  1158 D ACDB-LOADER: Error: ACDB AudProc vol returned = -19
01-08 22:49:31.476   726  1158 D ACDB-LOADER: ACDB -> AUDIO_SET_VOL_CAL cal type = 12
01-08 22:49:31.476   726  1158 D ACDB-LOADER: ACDB -> ACDB_CMD_GET_AUDPROC_INSTANCE_STREAM_TABLE_SIZE
01-08 22:49:31.476   726  1158 D ACDB-LOADER: ACDB -> send_audstrmtable
01-08 22:49:31.476   726  1158 D ACDB-LOADER: ACDB -> ACDB_CMD_GET_AUDPROC_INSTANCE_STREAM_TABLE
01-08 22:49:31.476   726  1158 D ACDB-LOADER: ACDB -> audstrm_cal->cal_type.cal_data.cal_size = 20
01-08 22:49:31.476   726  1158 D ACDB-LOADER: ACDB -> send_afe_topology
01-08 22:49:31.476   726  1158 D ACDB-LOADER: ACDB -> ACDB_CMD_GET_AFE_TOPOLOGY_ID
01-08 22:49:31.476   726  1158 D ACDB-LOADER: ACDB -> GET_AFE_TOPOLOGY_ID for adcd_id 15, Topology Id 112fc
01-08 22:49:31.476   726  1158 D ACDB-LOADER: ACDB -> send_afe_cal
01-08 22:49:31.476   726  1158 D ACDB-LOADER: ACDB -> ACDB_CMD_GET_AFE_INSTANCE_COMMON_TABLE_SIZE
01-08 22:49:31.476   726  1158 D         : Failed to fetch the lookup information of the device 0000000F 
01-08 22:49:31.476   726  1158 D ACDB-LOADER: Error: ACDB_CMD_GET_AFE_INSTANCE_COMMON_TABLE_SIZE Returned = -19
01-08 22:49:31.476   726  1158 D ACDB-LOADER: ACDB -> ACDB_CMD_GET_AFE_INSTANCE_COMMON_TABLE
01-08 22:49:31.476   726  1158 D         : Failed to fetch the lookup information of the device 0000000F 
01-08 22:49:31.476   726  1158 D ACDB-LOADER: Error: ACDB AFE returned = -19
01-08 22:49:31.476   726  1158 D ACDB-LOADER: ACDB -> AUDIO_SET_AFE_CAL cal_type[16] acdb_id[15]
01-08 22:49:31.476   726  1158 D ACDB-LOADER: ACDB -> send_hw_delay : acdb_id = 15 path = 0
01-08 22:49:31.476   726  1158 D ACDB-LOADER: ACDB -> ACDB_AVSYNC_INFO: ACDB_CMD_GET_DEVICE_PROPERTY
01-08 22:49:31.476   726  1158 D msm8974_platform: platform_split_snd_device: snd_device(2) num devices(0) new_snd_devices(0)
01-08 22:49:31.476   726  1158 I msm8974_platform: platform_get_custom_mtmx_params: no matching param with id 0 ip_ch 2 op_ch 2 uc_id 1 snd_dev 2
01-08 22:49:31.476   726  1158 I audio_hw_primary: enable_audio_route: apply mixer and update path: low-latency-playback
01-08 22:49:31.476   726  1158 D audio_route: Apply path: low-latency-playback
01-08 22:49:31.476  3030  3030 D MetaCam (MediaCapabilityChecker): checkMediaHasRecordingCapabilities packageName: com.oculus.shellenv
01-08 22:49:31.476  3030  3030 D MetaCam (MediaCapabilityChecker): checkMediaHasRecordingCapabilities packageName: com.oculus.shellenv
01-08 22:49:31.477   726  1158 D audio_hw_primary: select_devices: done
01-08 22:49:31.477  1910  2057 I VRLifecycleSessionManager: Stored session info.
01-08 22:49:31.477  1890  1997 I VrRuntimeClient: DEVICE MODEL NUMBER = Quest 2
01-08 22:49:31.477  1890  1997 I VrRuntimeClient: DEVICE BUILD NAME = user-49068160412800150
01-08 22:49:31.477  1890  1997 I VrRuntimeClient: DEVICE BUILD TYPE = user
01-08 22:49:31.477  1890  1997 I VrRuntimeClient: DEVICE OS VERSION = 10
01-08 22:49:31.477  1890  1997 I VrRuntimeClient: API LOADER VERSION = 1.0.22
01-08 22:49:31.477  1890  1997 I VrRuntimeClient: RUNTIME API VERSION = 1.0.25
01-08 22:49:31.477  1890  1997 I VrRuntimeClient: RUNTIME VERSION = 47.0.0.282.341 Nov 25 2022 14:16:35 RELEASE
01-08 22:49:31.478  1890  1997 I VrRuntimeClient: APP NAME = ShellEnv
01-08 22:49:31.478  1890  1997 I VrRuntimeClient: APP VERSION = 47.0.0.282.341 versionCode 428237325 internalVersionName 47.0.0.282.341.8e28c4f8052b 2022_12_12_06_39
01-08 22:49:31.478  1890  1997 I VrRuntimeClient: APP VR TYPE = vr_only
01-08 22:49:31.478  1890  1997 I VrRuntimeClient: APP MODE TYPE = VR
01-08 22:49:31.478  1890  1997 I VrRuntimeClient: APP PACKAGE NAME = com.oculus.shellenv
01-08 22:49:31.478  1890  1997 I VrRuntimeClient: APP ACTIVITY CLASS = com.oculus.shellenv.ShellEnvActivity
01-08 22:49:31.478  1890  1997 I Sensor  : OSSDKTRACKING Initializing head tracking
01-08 22:49:31.478  1890  1997 I Sensor  : OSSDKTRACKING Head tracker != nullpointer 0x79832abbb8, 1
01-08 22:49:31.478  1890  1997 I Sensor  : OSSDKTRACKING Initializing controller tracking
01-08 22:49:31.478  1890  1997 I Sensor  : OSSDKTRACKING Controller tracker != nullpointer 0x7983268770, 1
01-08 22:49:31.478  1890  1997 D BatteryReceiver: Registering battery receiver
01-08 22:49:31.480  1767 13195 I CompositorVR: SetSchedFifo( tid=3237, pol=5, pri=1 ) succeeded
01-08 22:49:31.484  1890  1997 D HeadsetReceiver: getCurrentHeadsetState: false
01-08 22:49:31.484  1890  1997 I DeviceStatus: nativeHeadsetEvent(0)
01-08 22:49:31.484  1890  1997 I VrRuntimeClient: SetCompositorClientFeatureFlag ClientFeatureFlag 0 
01-08 22:49:31.484  1890  1997 I LogTimer: CPUTIME: VrRuntimeClient_BeginSession took 14.3705 ms
01-08 22:49:31.485  1890  1997 I ClientInputInterface: DEADRECKONING SetControllerTrackingExtendedDeadreckoning 0
01-08 22:49:31.485  1890  1997 I ClientInputSettings: HANDTRACKING package name is com.oculus.shellenv
01-08 22:49:31.487  1890  1997 I ClientInputSettings: HANDTRACKING: Manifest Permission request for com.oculus.shellenv
01-08 22:49:31.488  3306  3306 W OVRLibrary: null cursor received for query content://com.oculus.ocms.library/apps/notifications_system_app
01-08 22:49:31.488  1890  1997 I ClientInputSettings: HANDTRACKING:  'com.oculus.shellenv' Is hands or controller.
01-08 22:49:31.488  1890  1997 I ClientInputSettings: HANDTRACKING: feature flag set to 2
01-08 22:49:31.488  1890  1997 I ClientInputInterface: HANDTRACKING sethandmanifest 2
01-08 22:49:31.488  1890  1997 I InputHooks_Internal: Enabling Native Input Hooks
01-08 22:49:31.488  1890  1997 I InputDeviceManager: ovrInputDeviceManager::Initialize
01-08 22:49:31.488  1890  1997 I Distortion: Initializing Mesh Decenter Correction
01-08 22:49:31.489  1890 13454 I InputDevice_TrackedRemote: REMOTE: Hand=1 IndexAnalog=0.00 GripAnalog=0.00 Buttons=0x00000000
01-08 22:49:31.489  1890 13454 I InputDevice_TrackedRemote: REMOTE: Hand=2 IndexAnalog=0.00 GripAnalog=0.00 Buttons=0x00000000
01-08 22:49:31.489  1890 13454 I InputDeviceManager: HANDTRACKING Pointer filter profile changed to: 0
01-08 22:49:31.489  1890 13454 I InputDeviceManager: HANDTRACKING Pointer filter profile changed to: 0
01-08 22:49:31.489  1890 13454 I InputDeviceManager: HANDTRACKING Root pose filter profile changed for (version, freq) to (2, 1) from (1,2)
01-08 22:49:31.489   861  1031 E CalibrationProvider: loadCalibration(LDISP_SN) failed: Calibration store didn't load any info
01-08 22:49:31.489  1910  2522 W OVRLibrary: null cursor received for query content://com.oculus.ocms.library/apps/com.YourCompany.PrototypeV4
01-08 22:49:31.489   861  1031 E CalibrationProvider: loadCalibration(RDISP_SN) failed: Calibration store didn't load any info
01-08 22:49:31.490  1890  1997 I Distortion: SetLensPositions - iad=0.0629849, left offset=-0.00026837,-0.00102733, right offset=0.000147536,-0.00104481
01-08 22:49:31.490  1890  1997 I Distortion: Initializing Mesh Decenter Correction
01-08 22:49:31.490  1910  2522 I OVRMediaServiceManager: Sending onAppStart (com.YourCompany.PrototypeV4) to SocialPlatform (com.oculus.socialplatform)
01-08 22:49:31.490   861  1031 E CalibrationProvider: loadCalibration(LDISP_SN) failed: Calibration store didn't load any info
01-08 22:49:31.491   861  1031 E CalibrationProvider: loadCalibration(RDISP_SN) failed: Calibration store didn't load any info
01-08 22:49:31.491  1890  1997 I Distortion: SetLensPositions - iad=0.0629849, left offset=-0.00026837,-0.00102733, right offset=0.000147536,-0.00104481
01-08 22:49:31.491  1890  1997 I Distortion: Created custom distortion mesh.
01-08 22:49:31.491  1890  1997 I PhaseSync: PhaseSync::PhaseSync PaddingLowerLimit 0.350000 StandardDeviations 2.000000 PaddingUpperLimit 0.750000 on instance 7
01-08 22:49:31.491  1890  1997 I VrRuntimeClient: PhaseSync Instance created
01-08 22:49:31.492  1890  1997 D VrRuntimeClient: pokeGuardianUserServiceForThisClient: com.oculus.shellenv:10014
01-08 22:49:31.498   726  1158 D msm8974_platform: platform_set_channel_map mixer_ctl_name:Playback Channel Map9
01-08 22:49:31.498   726  1158 D msm8974_platform: platform_set_channel_map: set mapping(1 2 0 0 0 0 0 0) for channel:2
01-08 22:49:31.499   726  1158 D audio_hw_primary: start_output_stream: exit
01-08 22:49:31.499   726  1158 D audio_hw_primary: out_write: retry previous failed cal level set
01-08 22:49:31.499   726  1158 D msm8974_platform: platform_split_snd_device: snd_device(2) num devices(1) new_snd_devices(0)
01-08 22:49:31.499   726  1158 D ACDB-LOADER: ACDB -> send_audvoltable
01-08 22:49:31.499   726  1158 D ACDB-LOADER: ACDB -> ACDB_CMD_GET_AUDPROC_INSTANCE_GAIN_DEP_STEP_TABLE_SIZE
01-08 22:49:31.499   726  1158 D         : Failed to fetch the lookup information of the device 0000000F 
01-08 22:49:31.499   726  1158 D ACDB-LOADER: Error: ACDB_CMD_GET_AUDPROC_INSTANCE_GAIN_DEP_STEP_TABLE_SIZE Returned = -19
01-08 22:49:31.499   726  1158 D ACDB-LOADER: ACDB -> ACDB_CMD_GET_AUDPROC_INSTANCE_GAIN_DEP_STEP_TABLE, vol index 7
01-08 22:49:31.499   726  1158 D         : Failed to fetch the lookup information of the device 0000000F 
01-08 22:49:31.499   726  1158 D ACDB-LOADER: Error: ACDB AudProc vol returned = -19
01-08 22:49:31.499   726  1158 D ACDB-LOADER: ACDB -> AUDIO_SET_VOL_CAL cal type = 40
01-08 22:49:31.501   870 11756 I [CT]    : INPUT_TRACKING:Behavior:NearHeadMoving: [Left] state transition: InRange -> Init
01-08 22:49:31.504  2962  2962 D VrGuardianUserService: onStartCommandIntent { act=FOREGROUND_CLIENT cmp=com.oculus.guardian/com.oculus.vrguardianservice.VrGuardianUserService (has extras) }
01-08 22:49:31.504  2962  2962 D VrGuardianUserService: maybeSubscribeDeviceConfig
01-08 22:49:31.504  2962  2962 D VrGuardianUserService: onStartCommand FOREGROUND_CLIENT user = 0
01-08 22:49:31.505  2962  2962 D VrGuardianService: setCurrentUser() called with: userId = [0]
01-08 22:49:31.505  2962  2962 I VrGuardianService: nativeSetCurrentUser userid = 0
01-08 22:49:31.505  2962  2962 I GuardianSystem: GuardianSystem::SetCurrentUser: 0 
01-08 22:49:31.505  1890  1997 D VrRuntimeClient: VrRuntimeClient: getClientWindow: activity client
01-08 22:49:31.505   870 11756 I [CT]    : INPUT_TRACKING:Behavior:NearHeadMoving: [Left] state transition: Init -> TorsoInitialized
01-08 22:49:31.506  1767  3013 I VrRuntimeService: RuntimeServiceSDKServer::EnableRendering: 0x7a177f4000, 2, com.oculus.shellenv
01-08 22:49:31.506  1767  3013 I ClientMgr: EnableRendering2: Calling SetFocusedClient: 1518594617
01-08 22:49:31.506  1767  3013 I ClientMgr: FocusedClient changed.
01-08 22:49:31.506  1767  3013 I ClientMgr: ClientMgr::SetFocusedClient: 1890:com.oculus.shellenv type 0
01-08 22:49:31.506  1767  3013 I ClientMgr: SetFocusedPackageName - packageName com.oculus.shellenv processName com.oculus.shellenv clientId 1518594617 clientPid 1890
01-08 22:49:31.506  1767  3013 I VrRuntimeService: RuntimeIPC: SendFocusChangeEventToAllClients: PostClientEvent SUCCESS: com.oculus.vrshell:com.oculus.vrshell:3064, com.oculus.shellenv, com.oculus.shellenv
01-08 22:49:31.506  1767  3013 I VrRuntimeService: RuntimeIPC: SendFocusChangeEventToAllClients: PostClientEvent SUCCESS: com.oculus.shellenv:com.oculus.shellenv:1890, com.oculus.shellenv, com.oculus.shellenv
01-08 22:49:31.506  1767  3013 I VrRuntimeService: RuntimeIPC: SendFocusChangeEventToAllClients: PostClientEvent SUCCESS: com.oculus.guardian:com.oculus.vrguardianservice:2962, com.oculus.shellenv, com.oculus.shellenv
01-08 22:49:31.506  1767  3013 I VrRuntimeService: RuntimeIPC: SendFocusChangeEventToAllClients: PostClientEvent SUCCESS: com.oculus.mrservice:com.oculus.mrservice:1602, com.oculus.shellenv, com.oculus.shellenv
01-08 22:49:31.506  1767  3013 I VrRuntimeService: RuntimeIPC: SendFocusChangeEventToAllClients: PostClientEvent SUCCESS: com.oculus.vrshell:com.oculus.vrshell:Overlay:2097, com.oculus.shellenv, com.oculus.shellenv
01-08 22:49:31.506  1767  3013 I ClientMgr: ClientMgr::EnableRendering 1890:com.oculus.shellenv : type 0 comp-id 1: enable
01-08 22:49:31.506  1767  3013 I CompositorVR: CheckDebuggerConnected: debugger 0
01-08 22:49:31.506  1767  3013 I VrRuntimeServer: SysProp debug mode is disabled on Server side
01-08 22:49:31.506  1767  3013 I UnifiedTelemetryWrapper: Started UT session render:com.oculus.shellenv
01-08 22:49:31.508  1890  1997 I ScreenCaptureHelper: Advertising com.oculus.shellenv as streamable
01-08 22:49:31.508  1890  1997 I VrApi   : OVR::Stats thread started
01-08 22:49:31.508  1890  1997 I XrRuntimeUtils: XrRuntimeUtils::BeginSession
01-08 22:49:31.508  1890  1997 I XrRuntimeSystem_Client: BeginSession
01-08 22:49:31.508  1890  1997 I OpenXR  : ------------ xrBeginSession [end] -----------
01-08 22:49:31.508  1890  1997 I Clay    : Setting CPU/GPU levels= 25/75
01-08 22:49:31.508  1890  1997 I VrRuntimeClient: UpdateEvents: HMT was mounted
01-08 22:49:31.508  1890  1997 I Clay    : xrPollEvent: MOUNT_STATE_CHANGED_FB: isMounted 1
01-08 22:49:31.509  1910  2352 I OVRMediaService: onStartCommand Received message type: set_package_name, caller package: no_app_identity, app identify: null
01-08 22:49:31.509  1910  2352 I OVRMediaService: Got package name intent (com.oculus.shellenv)
01-08 22:49:31.512  1890 13461 D VrApi   : targetSDKVersion 29
01-08 22:49:31.512  1910  2352 I OVRMediaServiceManager: Sending onAppStart (com.oculus.shellenv) to SocialPlatform (com.oculus.socialplatform)
01-08 22:49:31.514  3306  3306 W OVRLibrary: null cursor received for query content://com.oculus.ocms.library/apps/com.YourCompany.TemplateProject3
01-08 22:49:31.515  1767  2879 I ClientMgr: Non-overlay clients rendering status has changed: prev=88, curr=89, enabled=1
01-08 22:49:31.515  1767  2879 I ClientMgr: Primary Client is not valid.
01-08 22:49:31.515  1767  2879 I ClientMgr: Primary client determined to be the current enabled client 1518594617
01-08 22:49:31.515  1767  2879 I ClientMgr: ClientMgr::SetPrimaryCompositorClient: 1890:com.oculus.shellenv
01-08 22:49:31.515  1767  2879 W ClientMgr: ClientMgr::GetClientPermissionFlagsById: Client missing proper permissions: com.oculus.shellenv, 2
01-08 22:49:31.515  1767  2879 I CompositorClientMgr: Enable client 1
01-08 22:49:31.515  1767  2879 I VrRuntimeServer: EnableCompositorClient client(1): layer placement(0) flags(1) sm(0x7a1a206010)
01-08 22:49:31.515  1767  2879 I ClientMgr: SetPrimaryPackageName - packageName com.oculus.shellenv processName com.oculus.shellenv clientId 1518594617 clientPid 1890
01-08 22:49:31.515  1767  2879 I ServiceInputManager: ServiceInputManager::SetPrimaryPackageName 'com.oculus.shellenv' 'com.oculus.shellenv'  updated AnytimeUI processname 0
01-08 22:49:31.515  1767  2879 I VrRuntimeService: RuntimeIPC: SendPrimaryPackageChangeEvent: PostClientEvent SUCCESS: com.oculus.vrshell:com.oculus.vrshell:3064, com.oculus.shellenv, com.oculus.shellenv
01-08 22:49:31.515  1767  2879 I VrRuntimeService: RuntimeIPC: SendPrimaryPackageChangeEvent: PostClientEvent SUCCESS: com.oculus.shellenv:com.oculus.shellenv:1890, com.oculus.shellenv, com.oculus.shellenv
01-08 22:49:31.515  1767  2879 I VrRuntimeService: RuntimeIPC: SendPrimaryPackageChangeEvent: PostClientEvent SUCCESS: com.oculus.guardian:com.oculus.vrguardianservice:2962, com.oculus.shellenv, com.oculus.shellenv
01-08 22:49:31.515  1767  2879 I VrRuntimeService: RuntimeIPC: SendPrimaryPackageChangeEvent: PostClientEvent SUCCESS: com.oculus.mrservice:com.oculus.mrservice:1602, com.oculus.shellenv, com.oculus.shellenv
01-08 22:49:31.515  1767  2879 I VrRuntimeService: RuntimeIPC: SendPrimaryPackageChangeEvent: PostClientEvent SUCCESS: com.oculus.vrshell:com.oculus.vrshell:Overlay:2097, com.oculus.shellenv, com.oculus.shellenv
01-08 22:49:31.515  1767  2879 D VrRuntimeService: sendPrimaryPackageChangeBroadcast
01-08 22:49:31.515  1890 13461 I JniUtils: ovr_GetCurrentPackageSignature 
01-08 22:49:31.516  1767  2879 I AADT    : SetAADTLutDataX: 0
01-08 22:49:31.516  1767  2879 I AADT    : SetAADTLutDataY: 0
01-08 22:49:31.516  1767  2879 I ServiceInputManager: InhibitHandleHomeKey has changed on the service. New value: 1
01-08 22:49:31.516  1767  2879 I ServiceInputManager: DEADRECKONING deadReckoning mode on ClientMgr from server is 0
01-08 22:49:31.517  1767  2879 I PerformanceManager_V0: SetClockLevels: Force releasing clocks
01-08 22:49:31.517  1767  2879 I PerformanceManager_V0: SetClockLevels: Apply pending clock request change: 2,3 -> -1,-1
01-08 22:49:31.517  1767  2873 I Clocks  : ReleaseClocks - start
01-08 22:49:31.517  1890 13461 I Metrics : device name = Oculus Quest 2
01-08 22:49:31.518  3064  3064 D [SEO] BaseOverlayService: screenStateReceiver Received broadcast: com.oculus.vrshell.intent.action.PRIMARY_PACKAGE_CHANGED
01-08 22:49:31.519  1890 13463 I FenceChecker: FenceChecker::MainLoop - started
01-08 22:49:31.519  2097  2097 D [OAO] BaseOverlayService: screenStateReceiver Received broadcast: com.oculus.vrshell.intent.action.PRIMARY_PACKAGE_CHANGED
01-08 22:49:31.519  2097  2097 I [OAO] ShellOverlayServiceJNI: NativeSendOverlayCommand
01-08 22:49:31.519  1767  2873 I Clocks  : ReleaseClocks - end (2.2 ms)
01-08 22:49:31.519  2097  2097 I [OAO] ShellOverlayServiceJNI: NativeWake
01-08 22:49:31.519  2097  2097 I [OAO] ShellOverlayMain: WakeVrThread
01-08 22:49:31.519  2097  2097 I [OAO] ShellOverlayMain: WakeVrThread - notifying vr thread
01-08 22:49:31.519  2097  2946 I [OAO] ShellOverlayApp: VrThread woke up
01-08 22:49:31.519  2097  2946 I [OAO] ShellOverlayApp: 0xc8b1fb40 msg: overlayCommand:
01-08 22:49:31.519  2097  2946 I [OAO] ShellOverlayApp: command = primaryPackageChanged
01-08 22:49:31.519  2097  2946 I [OAO] ShellOverlayApp: Process_OverlayCommand command : primaryPackageChanged
01-08 22:49:31.519  2097  2946 I [OAO] ShellOverlayApp: UpdatePrimaryPackage forceSilentUpdate:0
01-08 22:49:31.519  2097  2946 I [OAO] ShellOverlayApp: UpdatePrimaryPackage Requested for PackageName:com.oculus.shellenv
01-08 22:49:31.519  2097  2946 I [OAO] ShellOverlayApp: UpdatePrimaryPackage - Previous package:[com.oculus.shellenv] immersive app changed:1
01-08 22:49:31.519  2097  2946 I [OAO] OverlayFlowController: OnPrimaryPackageChange primaryPackage:com.oculus.shellenv immersiveAppChanged:1 forceSilentUpdate:0
01-08 22:49:31.519  2097  2946 I [OAO] OverlayFlowController: Non system primary client change: ready to sleep
01-08 22:49:31.519  2097  2946 I [OAO] OverlayFlowController: Reset resetReason : ReturnToShellHome
01-08 22:49:31.519  2097  2946 I [OAO] OverlayDesktopFlow: OverlayDesktopFlow Reset
01-08 22:49:31.519  2097  2946 I [OAO] DesktopPanelControllerAnalytics: DesktopPanelControllerAnalytics flushing telemetry
01-08 22:49:31.519  2097  2946 I [OAO] DesktopPanelControllerAnalytics: DesktopPanelControllerAnalytics flushing telemetry
01-08 22:49:31.519  2097  2946 I [OAO] SystemAssistant: OnModeChanged requested with no change FullShell
01-08 22:49:31.519  2097  2946 I [OAO] SystemAssistant: Assistant panel is not active. Command [hide-attention-instant] could not be sent
01-08 22:49:31.519  2097  2946 I [OAO] PanelAppHost: PanelAppHost destructor, panel 9 (com.oculus.systemux/com.oculus.panelapp.anytimeui.AnytimeUIAndroidPanelService)
01-08 22:49:31.519  2097  2946 I [OAO] PanelAppHost: Panel app 9 (com.oculus.systemux/com.oculus.panelapp.anytimeui.AnytimeUIAndroidPanelService) changing state from foreground to shutdown
01-08 22:49:31.520  2097  2946 D [OAO] ShellApplication: Unbinding service for panel app id 9
01-08 22:49:31.520   870 11756 I [CT]    : CONSTELLATION:IMU_STATUS: 729165a0fe4054d7 (R): [FusionTracked=1.000, OutputTracked=1.000, OutputValid=1.000] [AccelSat=0.000, GyroSat=0.000] 
01-08 22:49:31.521  2962  3012 I GuardianSystem: runtimeServiceSDKClient_.ForceShowGuardianEvent
01-08 22:49:31.521  2962  3012 I GuardianSystem: ForceShowGuardian: false, 0.00
01-08 22:49:31.521  2962  3012 I GuardianSystem: runtimeServiceSDKClient_.PackageChangeEvent: package=[com.oculus.shellenv], process=[com.oculus.shellenv]
01-08 22:49:31.521  2962  3012 I GuardianSystem: SetCurrentProcessName: com.oculus.shellenv, previous ProcessName: com.YourCompany.PrototypeV4
01-08 22:49:31.522  1890  1997 I Clay    : copresence: microphone state transition, unpaused
01-08 22:49:31.522  1767 13195 I CompositorVR: SetSchedFifo( tid=1997, pol=3, pri=0 ) succeeded
01-08 22:49:31.522  1767 13195 I CompositorVR: SetSchedFifo( tid=13463, pol=3, pri=0 ) succeeded
01-08 22:49:31.522  1767 13195 I AADT    : SetAADTLutDataX. Thread. SizeX: 0
01-08 22:49:31.522  1767 13195 I AADT    : SetAADTLutDataY. Thread. SizeY: 0
01-08 22:49:31.523  1890  1997 I OpenXR  : PostSessionStateChange: XR_SESSION_STATE_READY -> XR_SESSION_STATE_SYNCHRONIZED
01-08 22:49:31.524  1890  1997 I Clay    : xrPollEvent: SESSION_STATE_CHANGED: SYNCHRONIZED
01-08 22:49:31.524  1890  1997 I OpenXR  : PostSessionStateChange: XR_SESSION_STATE_SYNCHRONIZED -> XR_SESSION_STATE_VISIBLE
01-08 22:49:31.524  1602  5264 I [CT]    : MIXEDREALITY: MrServiceController: VrFocusManager::Top Activity Changed, topActivity now is: 'com.YourCompany.PrototypeV4', immersiveApp now is: 'com.YourCompany.PrototypeV4'.
01-08 22:49:31.524  1890  1997 I OpenXR  : PostSessionStateChange: XR_SESSION_STATE_VISIBLE -> XR_SESSION_STATE_FOCUSED
01-08 22:49:31.525  2097  2946 I [OAO] SwapChainApiOpenXr: Destroying SwapChain:0xe7fa5120
01-08 22:49:31.525  1602  3237 I [CT]    : MIXEDREALITY: MrServiceModel: Hibernating caller (most likely rendering thread) due to commandQueue being empty.
01-08 22:49:31.525  1767  2940 I VrRuntimeService: DestroySwapChain: swapchain=312
01-08 22:49:31.525  1767  2780 I SwapChain: DestroyAndroidSurfaceSwapChain: 0x79bdd63000: Destroying SurfaceTexture 0x2b2a Surface 0x2b36
01-08 22:49:31.525  1890  1997 I Clay    : xrPollEvent: SESSION_STATE_CHANGED: VISIBLE
01-08 22:49:31.525  1890  1997 I Clay    : xrPollEvent: SESSION_STATE_CHANGED: FOCUSED
01-08 22:49:31.525  1767  2940 I VrRuntimeServer: DestroyTextureSwapChain: result destroyswapchain 1
01-08 22:49:31.525  3064  3064 D [SEO] ShellEnvOverlayService: Message Handler: onResume
01-08 22:49:31.525  3064  3209 I [SEO] ShellApp: 0xc92bdb28 msg: resume
01-08 22:49:31.525  3064  3209 I [SEO] ShellApp: ---------- ShellApp::EnterVrMode() ----------
01-08 22:49:31.525  3064  3209 D [SEO] ShellApplication: setOverlayInputFocus: inputFocus=true shouldSupportIME=true
01-08 22:49:31.525  3064  3209 D [SEO] BaseOverlayService: setOverlayInputFocus : entrypoint - inputFocus=true shouldSupportIME=true
01-08 22:49:31.525  3064  3064 D [SEO] BaseOverlayService: attachServiceWindowView shouldSupportIME:true
01-08 22:49:31.525  3064  3209 I [SEO] ShellTransitionState: Logging ShellTransitionState to dumpsys: {"state":"Foregrounding","timeMillis":"7469692"}
01-08 22:49:31.525  1602  5264 I [CT]    : MIXEDREALITY: MrServiceController: VrFocusManager::Top Activity Changed, topActivity now is: 'com.YourCompany.PrototypeV4', immersiveApp now is: 'com.YourCompany.PrototypeV4'.
01-08 22:49:31.525  3064  3209 I [SEO] VrPlatformOpenXr: Setting clock levels to cpu=2, gpu=4
01-08 22:49:31.525  3064  3209 I [SEO] VrPlatformOpenXr: Setting perf thread tids to main=3209, render=unset
01-08 22:49:31.525  3064  3209 I OpenXR  : ------------ xrBeginSession [start] -----------
01-08 22:49:31.526  3064  3209 I VrRuntimeClient: Tracing is disabled
01-08 22:49:31.526  3064  3209 I VrRuntimeClient: SysProp debug mode is disabled on Client side
01-08 22:49:31.527  1602  3154 I [CT]    : MIXEDREALITY: MrServiceController: VrFocusManager::Top Activity Changed, topActivity now is: 'com.oculus.shellenv', immersiveApp now is: 'com.oculus.shellenv'.
01-08 22:49:31.529  1767  2879 I Vsync   : Adjusting vsync display refresh rate 72.000000 -> 90.000000
01-08 22:49:31.530  3064  3209 D VrApi   : targetSDKVersion 29
01-08 22:49:31.532  1602  3237 I [CT]    : MIXEDREALITY: MrServiceModel: Hibernating caller (most likely rendering thread) due to commandQueue being empty.
01-08 22:49:31.534  1051  1172 E WindowManager: App trying to use insecure INPUT_FEATURE_NO_INPUT_CHANNEL flag. Ignoring
01-08 22:49:31.537  3064  3209 I VrRuntimeClient: DEVICE MODEL NUMBER = Quest 2
01-08 22:49:31.537  3064  3209 I VrRuntimeClient: DEVICE BUILD NAME = user-49068160412800150
01-08 22:49:31.537  3064  3209 I VrRuntimeClient: DEVICE BUILD TYPE = user
01-08 22:49:31.537  3064  3209 I VrRuntimeClient: DEVICE OS VERSION = 10
01-08 22:49:31.537  3064  3209 I VrRuntimeClient: API LOADER VERSION = 1.0.22
01-08 22:49:31.537  3064  3209 I VrRuntimeClient: RUNTIME API VERSION = 1.0.25
01-08 22:49:31.537  3064  3209 I VrRuntimeClient: RUNTIME VERSION = 47.0.0.282.341 Nov 25 2022 14:16:37 RELEASE
01-08 22:49:31.537  3064  3209 I VrRuntimeClient: APP NAME = Oculus App Runtime
01-08 22:49:31.537  3064  3209 I VrRuntimeClient: APP VERSION = 47.0.0.282.341 versionCode 428237138 internalVersionName 47.0.0.282.341.8e28c4f8052b 2022_12_12_06_16
01-08 22:49:31.537  3064  3209 I VrRuntimeClient: APP VR TYPE = vr_only
01-08 22:49:31.537  3064  3209 I VrRuntimeClient: APP MODE TYPE = VR
01-08 22:49:31.537  3064  3209 I VrRuntimeClient: APP PACKAGE NAME = com.oculus.vrshell
01-08 22:49:31.537  3064  3209 I VrRuntimeClient: APP ACTIVITY CLASS = com.oculus.vrshell.ShellApplication
01-08 22:49:31.537  3064  3209 I Sensor  : OSSDKTRACKING Initializing head tracking
01-08 22:49:31.537  3064  3209 I Sensor  : OSSDKTRACKING Head tracker != nullpointer 0xc941db58, 1
01-08 22:49:31.537  3064  3209 I Sensor  : OSSDKTRACKING Initializing controller tracking
01-08 22:49:31.537  3064  3209 I Sensor  : OSSDKTRACKING Controller tracker != nullpointer 0xc941db60, 1
01-08 22:49:31.537  3064  3209 D BatteryReceiver: Registering battery receiver
01-08 22:49:31.538  1767 13195 I CompositorProgs: [0x7997e38710] Built layerProgram 0:0x100000048002:0x0 in 6.9 ms
01-08 22:49:31.544  1767  1767 I ClientMgr: FocusedWindowChanged: found matching overlay client: 1987248466
01-08 22:49:31.545  1910  2057 I OVRMediaServiceManager: Sending onAppStart (com.oculus.shellenv) to SocialPlatform (com.oculus.socialplatform)
01-08 22:49:31.547  3064  3209 D HeadsetReceiver: getCurrentHeadsetState: false
01-08 22:49:31.547  3064  3209 I DeviceStatus: nativeHeadsetEvent(0)
01-08 22:49:31.548  3064  3209 I VrRuntimeClient: SetCompositorClientFeatureFlag ClientFeatureFlag 0 
01-08 22:49:31.548  3064  3209 I LogTimer: CPUTIME: VrRuntimeClient_BeginSession took 22.5419 ms
01-08 22:49:31.551  3030  3030 D MetaCam (MediaCapabilityChecker): checkMediaHasRecordingCapabilities packageName: com.oculus.vrshell
01-08 22:49:31.551  3030  3030 D MetaCam (MediaCapabilityChecker): checkMediaHasRecordingCapabilities packageName: com.oculus.vrshell
01-08 22:49:31.552  3064  3209 I ClientInputInterface: DEADRECKONING SetControllerTrackingExtendedDeadreckoning 0
01-08 22:49:31.552  3064  3209 I ClientInputSettings: HANDTRACKING package name is com.oculus.vrshell
01-08 22:49:31.554   874  3379 D VrApiService: refresh-rate changed to 90Hz
01-08 22:49:31.555  1767  2879 I PerformanceManager_V0: SetClockLevels: Apply pending clock request change: -1,-1 -> 2,3
01-08 22:49:31.555  3064  3209 I ClientInputSettings: HANDTRACKING: Manifest Permission request for com.oculus.vrshell
01-08 22:49:31.555  1767  2879 I VrRuntimeServer: DisableCompositorClient: 0
01-08 22:49:31.555  2097  2946 I [OAO] SwapChainApiOpenXr: Destroying SwapChain:0xe7fa4e10
01-08 22:49:31.555  1767  2879 I CompositorClientMgr: Disable client 0
01-08 22:49:31.555  1767  2879 I CompositorClientMgr: DisableClient: frame flush required: 1
01-08 22:49:31.555  1767  2940 I VrRuntimeService: DestroySwapChain: swapchain=311
01-08 22:49:31.555  1767  1767 I ClientMgr: FocusedClient changed.
01-08 22:49:31.555  1767  1767 I ClientMgr: ClientMgr::SetFocusedClient: 3064:com.oculus.vrshell type 1
01-08 22:49:31.555  1767  1767 I ClientMgr: SetFocusedPackageName - packageName com.oculus.vrshell processName com.oculus.vrshell clientId 1987248466 clientPid 3064
01-08 22:49:31.555  1767  1767 I VrRuntimeService: RuntimeIPC: SendFocusChangeEventToAllClients: PostClientEvent SUCCESS: com.oculus.vrshell:com.oculus.vrshell:3064, com.oculus.vrshell, com.oculus.vrshell
01-08 22:49:31.555  1767  1767 I VrRuntimeService: RuntimeIPC: SendFocusChangeEventToAllClients: PostClientEvent SUCCESS: com.oculus.shellenv:com.oculus.shellenv:1890, com.oculus.vrshell, com.oculus.vrshell
01-08 22:49:31.555  1767  1767 I VrRuntimeService: RuntimeIPC: SendFocusChangeEventToAllClients: PostClientEvent SUCCESS: com.oculus.guardian:com.oculus.vrguardianservice:2962, com.oculus.vrshell, com.oculus.vrshell
01-08 22:49:31.555  1767  1767 I VrRuntimeService: RuntimeIPC: SendFocusChangeEventToAllClients: PostClientEvent SUCCESS: com.oculus.mrservice:com.oculus.mrservice:1602, com.oculus.vrshell, com.oculus.vrshell
01-08 22:49:31.555  1767  1767 I VrRuntimeService: RuntimeIPC: SendFocusChangeEventToAllClients: PostClientEvent SUCCESS: com.oculus.vrshell:com.oculus.vrshell:Overlay:2097, com.oculus.vrshell, com.oculus.vrshell
01-08 22:49:31.555  1767  2873 I Clocks  : LockClocks( cpu=2, gpu=3 ) - start
01-08 22:49:31.555  3064  3209 I ClientInputSettings: HANDTRACKING:  'com.oculus.vrshell' Is hands or controller.
01-08 22:49:31.556  1890  1997 I VrRuntimeClient: Client has lost focus.
01-08 22:49:31.556  1890  1997 I OpenXR  : PostSessionStateChange: XR_SESSION_STATE_FOCUSED -> XR_SESSION_STATE_VISIBLE
01-08 22:49:31.556  1890  1997 I Clay    : xrPollEvent: SESSION_STATE_CHANGED: VISIBLE
01-08 22:49:31.557  1910  2505 W OVRLibrary: null cursor received for query content://com.oculus.ocms.library/apps/com.oculus.vrshell
01-08 22:49:31.557  3064  3064 D [SEO] BaseOverlayService: setOverlayInputFocus : completed - inputFocus=true shouldSupportIME=true actionTaken:true
01-08 22:49:31.558  3064  3209 I ClientInputSettings: HANDTRACKING: feature flag set to 2
01-08 22:49:31.558  3064  3209 I ClientInputInterface: HANDTRACKING sethandmanifest 2
01-08 22:49:31.558  1767  2873 I Clocks  : CPU levels [0, 4]
01-08 22:49:31.558  1767  2873 I Clocks  : GPU levels [0, 5]
01-08 22:49:31.558  3064  3209 D InputHooksJava: Enabling Java Input Hooks
01-08 22:49:31.558  3064  3209 W InputHooksJava: Unable to enable input hooks on a non-Activity Context
01-08 22:49:31.558  3064  3209 I InputDeviceManager: ovrInputDeviceManager::Initialize
01-08 22:49:31.558  3064  3209 I Distortion: Initializing Mesh Decenter Correction
01-08 22:49:31.558  3064 13464 I InputDevice_TrackedRemote: REMOTE: Hand=1 IndexAnalog=0.00 GripAnalog=0.00 Buttons=0x00000000
01-08 22:49:31.558  3064 13464 I InputDevice_TrackedRemote: REMOTE: Hand=2 IndexAnalog=0.00 GripAnalog=0.00 Buttons=0x00000000
01-08 22:49:31.558  3064 13464 I InputDeviceManager: HANDTRACKING Pointer filter profile changed to: 0
01-08 22:49:31.558  3064 13464 I InputDeviceManager: HANDTRACKING Pointer filter profile changed to: 0
01-08 22:49:31.558  3064 13464 I InputDeviceManager: HANDTRACKING Root pose filter profile changed for (version, freq) to (2, 1) from (1,2)
01-08 22:49:31.560  1602  5264 I [CT]    : MIXEDREALITY: MrServiceController: VrFocusManager::Top Activity Changed, topActivity now is: 'com.oculus.shellenv', immersiveApp now is: 'com.oculus.shellenv'.
01-08 22:49:31.560  1767 13195 I CompositorProgs: loaded binary layerProgram 0:0x100000048082:0x0 in 1.4 ms
01-08 22:49:31.560  3306  3306 W OVRLibrary: null cursor received for query content://com.oculus.ocms.library/apps/paused_app
01-08 22:49:31.561  1602  3237 I [CT]    : MIXEDREALITY: MrServiceModel: Hibernating caller (most likely rendering thread) due to commandQueue being empty.
01-08 22:49:31.561  1767  2873 I Clocks  : LockClocks( cpu=2, gpu=3 ) - end (5.7 ms)
01-08 22:49:31.561  2097  2946 I [OAO] DialogControllerManager: Reset
01-08 22:49:31.562  2097  2946 I [OAO] DialogControllerManager: Reset resetReason:6
01-08 22:49:31.562  2097  2946 I [OAO] OverlayFlowController: Reset - Resetting lastNonSystemPackageName to empty
01-08 22:49:31.562   861  1031 E CalibrationProvider: loadCalibration(LDISP_SN) failed: Calibration store didn't load any info
01-08 22:49:31.562  2097  2946 I [OAO] OverlayFlowController: OnPrimaryPackageChange Setting lastNonSystemPackageName = com.oculus.shellenv
01-08 22:49:31.562  2097  2946 I [OAO] OsDialogProvider: dialogHostClient disconnected
01-08 22:49:31.562  2097  2946 I RuntimeIPCClientMgr: RuntimeIPCClientMgr::DisconnectFromServer: 0, Client: com.oculus.vrshell:com.oculus.vrshell:Overlay:2097, Server: com.oculus.os.dialoghost:com.oculus.os.dialoghost (DialogHostService)
01-08 22:49:31.562   861  1031 E CalibrationProvider: loadCalibration(RDISP_SN) failed: Calibration store didn't load any info
01-08 22:49:31.562  1572  1908 I RPCServer: HandleClientDisconnect: Client: com.oculus.vrshell:com.oculus.vrshell:Overlay:2097, Server: com.oculus.os.dialoghost:com.oculus.os.dialoghost (DialogHostService)
01-08 22:49:31.562  2097  2946 I RuntimeIPCClient: RuntimeIPCClient: Shutdown: Client: com.oculus.vrshell:com.oculus.vrshell:Overlay:2097, Server: com.oculus.os.dialoghost:com.oculus.os.dialoghost (DialogHostService)
01-08 22:49:31.562  2097  2946 I RuntimeIPCApi: ipc_Shutdown
01-08 22:49:31.562  2097  2946 I RuntimeIPCServiceClient: Shutdown: Refs still outstanding: 17, com.oculus.vrshell:Overlay
01-08 22:49:31.562  2097  2946 I [OAO] OverlaySystemUxOsDialogFlow: OverlaySystemUxOsDialogFlow UpdatePrimaryPackage isVrShellPackage:1 isSystemPackage:0
01-08 22:49:31.562  3064  3209 I Distortion: SetLensPositions - iad=0.0629849, left offset=-0.00026837,-0.00102733, right offset=0.000147536,-0.00104481
01-08 22:49:31.562  2097  2946 I [OAO] OverlayGuardianPtodFlow: OverlayGuardianPtodFlow UpdatePrimaryPackage lastNonSystemPackage:com.oculus.shellenv isVrShellPackage1
01-08 22:49:31.562  2097  2946 I [OAO] OverlayGuardianFlow: OverlayGuardianFlow UpdatePrimaryPackage lastNonSystemPackage:com.oculus.shellenv isVrShellPackage1
01-08 22:49:31.562  3064  3209 I Distortion: Initializing Mesh Decenter Correction
01-08 22:49:31.563  1767 13195 I SwapChain: DestroyAndroidSurfaceSwapChain: 0x79bdd5e000: Destroying SurfaceTexture 0x2a46 Surface 0x2882
01-08 22:49:31.564  2962  3012 I GuardianSystem: runtimeServiceSDKClient_.ForceShowGuardianEvent
01-08 22:49:31.564  2962  3012 I GuardianSystem: ForceShowGuardian: false, 0.00
01-08 22:49:31.565   782   984 I SDM     : HWCDisplayBuiltIn::Validate: Validate +++ enable cac = 0
01-08 22:49:31.567   861  1031 E CalibrationProvider: loadCalibration(LDISP_SN) failed: Calibration store didn't load any info
01-08 22:49:31.567   861  1031 E CalibrationProvider: loadCalibration(RDISP_SN) failed: Calibration store didn't load any info
01-08 22:49:31.568  3064  3209 I Distortion: SetLensPositions - iad=0.0629849, left offset=-0.00026837,-0.00102733, right offset=0.000147536,-0.00104481
01-08 22:49:31.568  3064  3209 I Distortion: Created custom distortion mesh.
01-08 22:49:31.568  3064  3209 I PhaseSync: PhaseSync::PhaseSync PaddingLowerLimit 0.350000 StandardDeviations 2.000000 PaddingUpperLimit 0.750000 on instance 7
01-08 22:49:31.568  3064  3209 I VrRuntimeClient: PhaseSync Instance created
01-08 22:49:31.568  1767  3207 I VrRuntimeService: RuntimeServiceSDKServer::EnableRendering: 0x0, 0, com.oculus.vrshell
01-08 22:49:31.568  1767  3207 I ClientMgr: EnableRendering2: invalid clientWindow, testing uid/pid
01-08 22:49:31.568  1767  3207 I ClientMgr: EnableRendering2: matched uid: 10020 and pid: 3064 
01-08 22:49:31.568  1767  3207 I ClientMgr: EnableRendering2: Calling SetFocusedClient: 1987248466
01-08 22:49:31.568  1767  3207 I ClientMgr: ClientMgr::SetFocusedClient: 3064:com.oculus.vrshell type 1
01-08 22:49:31.568  1767  3207 I ClientMgr: SetFocusedPackageName - packageName com.oculus.vrshell processName com.oculus.vrshell clientId 1987248466 clientPid 3064
01-08 22:49:31.568  1767  3207 I ClientMgr: ClientMgr::EnableRendering 3064:com.oculus.vrshell : type 1 comp-id 5: enable
01-08 22:49:31.568  1767  3207 I CompositorClientMgr: Enable client 5
01-08 22:49:31.568  1767  3207 I VrRuntimeServer: EnableCompositorClient client(5): layer placement(2147483647) flags(0) sm(0x7a1692e010)
01-08 22:49:31.568  1767  3207 I CompositorVR: CheckDebuggerConnected: debugger 0
01-08 22:49:31.568  1767  3207 I VrRuntimeServer: SysProp debug mode is disabled on Server side
01-08 22:49:31.569  1767  3207 I UnifiedTelemetryWrapper: Started UT session render:com.oculus.vrshell
01-08 22:49:31.569  3064  3209 I VrApi   : OVR::Stats thread started
01-08 22:49:31.569  3064  3209 I XrRuntimeUtils: XrRuntimeUtils::BeginSession
01-08 22:49:31.569  3064  3209 I XrRuntimeSystem_Client: BeginSession
01-08 22:49:31.569  3064  3209 I OpenXR  : ------------ xrBeginSession [end] -----------
01-08 22:49:31.569  1602  3482 I [CT]    : MIXEDREALITY: MrFeatureStatus: Client status changed from Paused to Started.
01-08 22:49:31.569  1602  3482 I [CT]    : MIXEDREALITY: MrFeatureStatus: Target status Started, CurrentStatus: Paused
01-08 22:49:31.569  1602  3482 I [CT]    : MIXEDREALITY: MrFeatureStatus: Operation chain: Start
01-08 22:49:31.569  1602  3482 I [CT]    : MIXEDREALITY: MrFeatureStatus: Global status changed from Paused to Started.
01-08 22:49:31.569  1602  3482 I [CT]    : MIXEDREALITY: MrServiceController: Queuing command linked to operation Start for feature 0
01-08 22:49:31.569  3064  3209 I [SEO] VrPlatformOpenXr: VrPlatformOpenXr::SetPropInhibitHandleHomeKey inhibit:1
01-08 22:49:31.569  3064  3209 I OpenXR_DeviceSettings: ------------ xrSetDeviceSettingBooleanFB -----------
01-08 22:49:31.569  3064  3209 I ClientInputSettings: SetInhibitHandleHomeKey = true for com.oculus.vrshell
01-08 22:49:31.569  3064  3209 I ClientInputInterface: SetInhibitHandleHomeKey 1 for process com.oculus.vrshell 3064
01-08 22:49:31.569  3064  3209 I [SEO] VrPlatformOpenXr: VrPlatformOpenXr::SetPropInhibitHandleHomeKey result = 0
01-08 22:49:31.570  3064  3209 I [SEO] Compositor: EnterVrMode with eye buffer: 1440x1584 : 3
01-08 22:49:31.570  3064  3209 I [SEO] AudioMixer: Enabling AudioPlayer.
01-08 22:49:31.570  3064  3209 I [SEO] AudioEngine: virtual void AudioLibrary::AudioEngine::EnablePlayer()
01-08 22:49:31.573  1602  3237 I [CT]    : MIXEDREALITY: MrServiceController: Executing passthroughStart on model
01-08 22:49:31.573  1602  3237 I [CT]    : MIXEDREALITY: MrServiceModel: passthroughStart()
01-08 22:49:31.573  1602  3237 I [CT]    : MIXEDREALITY: MrServiceModel: passthroughStart: Started Passthrough
01-08 22:49:31.575  2097  2946 I [OAO] ShellOverlayApp: Start sleep timeout. Now:7469.742142, Timeout:7471.742142
01-08 22:49:31.575  3064  3209 D         : PlayerBase::PlayerBase()
01-08 22:49:31.575  3064  3209 D         : TrackPlayerBase::TrackPlayerBase()
01-08 22:49:31.575  3064  3209 I libOpenSLES: Emulating old channel mask behavior (ignoring positional mask 0x3, using default mask 0x3 based on channel count of 2)
01-08 22:49:31.579   726   848 I audio_hw_primary: getting vr mode to 0
01-08 22:49:31.580   750  3633 I AudioPolicyManagerCustom: VR mode is 0, switch to primary output if request is for fast|raw
01-08 22:49:31.580  1910  2522 E OVRMediaServiceManager: LivestreamingManager Not initialized
01-08 22:49:31.580  3064 13467 D VrApi   : targetSDKVersion 29
01-08 22:49:31.581   750  3633 W AudioFlinger: createTrack_l(): mismatch between requested flags (00000104) and output flags (00000006)
01-08 22:49:31.581   750  3633 D AudioFlinger: Client defaulted notificationFrames to 192 for frameCount 384
01-08 22:49:31.583   750  3633 D AF::TrackHandle: OpPlayAudio: track:179 uid:10020 pkg:com.oculus.vrshell usage:1 not muted
01-08 22:49:31.584  1910  2352 E OVRMediaServiceManager: LivestreamingManager Not initialized
01-08 22:49:31.585  1910  2057 E OVRMediaServiceManager: LivestreamingManager Not initialized
01-08 22:49:31.585   870 11756 I [CT]    : INPUT_TRACKING:Behavior:NearHeadMoving: [Right] state transition: InRange -> Init
01-08 22:49:31.586  3064  3209 I AudioTrack: createTrack_l(0): AUDIO_OUTPUT_FLAG_FAST successful; frameCount 0 -> 384
01-08 22:49:31.586  3064 13467 I JniUtils: ovr_GetCurrentPackageSignature 
01-08 22:49:31.587  1602  3237 I [CT]    : MIXEDREALITY: MrServiceView: renderIteration: Nothing to render, hibernating the rendering thread since ID is off and no active PT layers.
01-08 22:49:31.587  1602  3237 I [CT]    : MIXEDREALITY: MrServiceModel: Hibernating caller (most likely rendering thread) due to commandQueue being empty.
01-08 22:49:31.588  3064 13467 I Metrics : device name = Oculus Quest 2
01-08 22:49:31.588   870 11756 I [CT]    : INPUT_TRACKING:Behavior:NearHeadMoving: [Right] state transition: Init -> TorsoInitialized
01-08 22:49:31.589  1284  1284 V AvrcpMediaPlayerList: onPlaybackConfigChanged(): Configs list size=5
01-08 22:49:31.590  1910  2505 I OVRMediaService: onStartCommand Received message type: overlay_input_focus_change, caller package: com.oculus.vrshell, app identify: AppIdentity{uid=10020, packageNames=[com.oculus.vrshell], sha1=MxZgtt071YLz39PLrkVGckZooCE, sha2=3C-DTjwZQjeLFPB2yCzRq1nqZWa_9HMLIEfpjvyfna8, version=null, domain=null}
01-08 22:49:31.592  1767 13195 I Vsync   : Vsync 4972:  1 x 11.14 ms (71.83 Hz, at 7469.760)
01-08 22:49:31.595   726  3869 D msm8974_platform: platform_split_snd_device: snd_device(2) num devices(1) new_snd_devices(0)
01-08 22:49:31.596  3064 13469 D         : PlayerBase::stop() from IPlayer
01-08 22:49:31.596  3064 13469 D AudioTrack: stop(190): called with 0 frames delivered
01-08 22:49:31.596  3064  3209 D [SEO] ShellApplication: requestAudioFocus, transientFocus=false
01-08 22:49:31.596  3064  3209 W AudioManager: Use of stream types is deprecated for operations other than volume control
01-08 22:49:31.596  3064  3209 W AudioManager: See the documentation of requestAudioFocus() for what to use instead with android.media.AudioAttributes to qualify your playback use case
01-08 22:49:31.597  1284  1284 V AvrcpMediaPlayerList: onPlaybackConfigChanged(): Configs list size=5
01-08 22:49:31.597  1051  1488 I MediaFocusControl: requestAudioFocus() from uid/pid 10020/3064 clientId=android.media.AudioManager@75f23a7com.oculus.vrshell.ShellAudioFocusHandler@a894054 callingPack=com.oculus.vrshell req=1 flags=0x0 sdk=29
01-08 22:49:31.599  1910  2505 I OVRMediaService: Received OVERLAY_INPUT_FOCUS_CHANGE. is focused: true
01-08 22:49:31.600  3064  3209 I [SEO] AudioSystem: Got audio focus : 1
01-08 22:49:31.600  1284  1284 V AvrcpMediaPlayerList: onPlaybackConfigChanged(): Configs list size=5
01-08 22:49:31.602  3064  3209 I [SEO] EnvironmentManagerUtilities: Skipping entitlement check for sideloaded environment apk://com.environment.matrixloadingvoid/assets/scene.zip.
01-08 22:49:31.602  3064  3209 I [SEO] LocalSpace: ResetNextFrame
01-08 22:49:31.602  3064  3209 I [SEO] SystemAssistant: OnModeChanged from ImmersiveAppFocused to FullShell
01-08 22:49:31.602  3064  3209 I [SEO] LocalSpace: EnterVrMode: Setting local pose state.
01-08 22:49:31.603  3064  3209 I ipcLoader_static: RuntimeIPC: Loader: IPC Service API Loader Version: 33 Nov 25 2022 14:15:55
01-08 22:49:31.603  3064  3209 I RuntimeIPCApi: ipc_Initialize
01-08 22:49:31.603  3064  3209 I RuntimeIPCServiceClient: Init: Already initialized: com.oculus.vrshell, 17
01-08 22:49:31.603  1572  1908 D RPCServer: RegisterClient: Client: com.oculus.vrshell:com.oculus.vrshell:3064, Server: com.oculus.os.dialoghost:com.oculus.os.dialoghost (DialogHostService)
01-08 22:49:31.604  1572  1908 I IPCSharedMemory: CreateSharedMemory: Allocated shared memory fd 42 (ipcStateReadWrite)
01-08 22:49:31.604  1572  1908 I IPCSharedMemory: CreateSharedMemory: Allocated shared memory fd 43 (ipcReadOnlyState)
01-08 22:49:31.604  1572  1908 I RPCClientHandler: Event buffer size (server): 8192
01-08 22:49:31.604  2460  2460 W VRLifecycleManager: onHeadsetMounted
01-08 22:49:31.604   726   848 D msm8974_platform: platform_split_snd_device: snd_device(2) num devices(1) new_snd_devices(0)
01-08 22:49:31.604   726   848 D ACDB-LOADER: ACDB -> send_audvoltable
01-08 22:49:31.604   726   848 D ACDB-LOADER: ACDB -> ACDB_CMD_GET_AUDPROC_INSTANCE_GAIN_DEP_STEP_TABLE_SIZE
01-08 22:49:31.604   726   848 D         : Failed to fetch the lookup information of the device 0000000F 
01-08 22:49:31.604   726   848 D ACDB-LOADER: Error: ACDB_CMD_GET_AUDPROC_INSTANCE_GAIN_DEP_STEP_TABLE_SIZE Returned = -19
01-08 22:49:31.604   726   848 D ACDB-LOADER: ACDB -> ACDB_CMD_GET_AUDPROC_INSTANCE_GAIN_DEP_STEP_TABLE, vol index 8
01-08 22:49:31.604   726   848 D         : Failed to fetch the lookup information of the device 0000000F 
01-08 22:49:31.604   726   848 D ACDB-LOADER: Error: ACDB AudProc vol returned = -19
01-08 22:49:31.604   726   848 D ACDB-LOADER: ACDB -> AUDIO_SET_VOL_CAL cal type = 40
01-08 22:49:31.605  1572  1908 I IPCSharedMemory: CreateSharedMemory: Allocated shared memory fd 44 (ipcEventBuffer)
01-08 22:49:31.605  1572  1908 I IPCSharedMemory: CreateSharedMemory: Allocated shared memory fd 45 (ipcEventBuffer_Private)
01-08 22:49:31.606  1572  1908 I RuntimeIPCServerMgr: HandleClientConnect SUCCESS: Client: com.oculus.vrshell:com.oculus.vrshell:3064, Server: com.oculus.os.dialoghost:com.oculus.os.dialoghost (DialogHostService)
01-08 22:49:31.607  1572  1908 I RPCServer: GetServerStatesConfig -> {MaxBufferSize=32768, MaxEntries=64}
01-08 22:49:31.607  3064  3209 I RuntimeIPCClient: GetServerStatesConfig returned maxEntries=64, maxBuffSize=32768
01-08 22:49:31.607  3064  3209 I RuntimeIPCClient: Event buffer size (client): 8192
01-08 22:49:31.607  3064  3209 I RuntimeIPCClient: TryToGetIPCResourcesFromServer: RPC_CONNECTOR_CONNECT_TO_SERVER SUCCESS: Client: com.oculus.vrshell:com.oculus.vrshell:3064, Server: com.oculus.os.dialoghost:com.oculus.os.dialoghost (DialogHostService)
01-08 22:49:31.607  3064  3209 I RuntimeIPCClient: EnsureServerConnection: SUCCESS. Client: com.oculus.vrshell:com.oculus.vrshell:3064, Server: com.oculus.os.dialoghost:com.oculus.os.dialoghost (DialogHostService)
01-08 22:49:31.607  3064  3209 I RuntimeIPCClientMgr: ConnectToServer: SUCCESS: Client: com.oculus.vrshell:com.oculus.vrshell:3064, Server: com.oculus.os.dialoghost:com.oculus.os.dialoghost (DialogHostService)
01-08 22:49:31.608  1890  1997 I Clay    : xrPollEvent: DISPLAY_REFRESH_RATE_CHANGED_FB: 72.000000 -> 90.000000
01-08 22:49:31.608  3064  3209 I [SEO] OsDialogProvider: dialogHostClient.InitClient SUCCESS
01-08 22:49:31.608  3064  3209 I OpenXR_Hands: ------------ xrGetHandMeshFB -----------
01-08 22:49:31.608  3064  3209 I OpenXR_Hands: ------------ xrGetHandMeshFB -----------
01-08 22:49:31.608  3064  3209 D VrRuntimeClient: loadDriverResource - resourceName: 'hand_left' 
01-08 22:49:31.612  3064  3209 I OpenXR_Hands: ------------ xrGetHandMeshFB -----------
01-08 22:49:31.612  3064  3209 I OpenXR_Hands: ------------ xrGetHandMeshFB -----------
01-08 22:49:31.612  3064  3209 D VrRuntimeClient: loadDriverResource - resourceName: 'hand_left' 
01-08 22:49:31.614  3306  3306 W OVRLibrary: null cursor received for query content://com.oculus.ocms.library/apps/com.android.settings
01-08 22:49:31.617  3064  3209 I [SEO] ShellTransitionState: Logging ShellTransitionState to dumpsys: {"state":"Resuming frame loop","timeMillis":"7469784"}
01-08 22:49:31.617  3064  3209 I [SEO] LocalSpace: Reset - initialRawFromLocalPose: quat(-0.008031, 0.186708, 0.045217, 0.981341), translation(-0.028554, -0.049111, 0.233526)
01-08 22:49:31.617  3064  3209 I [SEO] LocalSpace: Applying VRAPI Reorient, the reorient reason is 3
01-08 22:49:31.617  1767  3207 I VrRuntimeService: RuntimeServiceSDKServer::RecenterLocalSpace
01-08 22:49:31.617  1767  3207 I VrRuntimeService: RuntimeServiceSDKServer::RecenterLocalSpaceInternal
01-08 22:49:31.617  1767  3207 I VrRuntimeServer: UpdateLocalSpace: Src: 2, Version: 56, VersionUser: 0, RawFloorHeightOld: -1.457830, RawFloorHeightNew: -1.457830
01-08 22:49:31.617  2962  3012 I GuardianSystem: UpdateSystem: Responding to local space version number change.
01-08 22:49:31.617  2962  3012 I GuardianSurfaceMgr: ForceShowSurfaceBounds: Soft fade out: currentTime 7469.78, ForceShowTime 7470.78, ForceShowFadeTime 7471.78
01-08 22:49:31.617  2962  3012 I GuardianSystem: ForceShowGuardian: false, 1.00
