01-06 16:14:52.606  1804  2863 I ClientMgr: ClientMgr::EnableRendering 2150:com.oculus.vrshell : type 1 comp-id 2: disable
01-06 16:14:52.606  1804  2863 I VrRuntimeServer: DisableCompositorClient: 2
01-06 16:14:52.606  1804  2863 I CompositorClientMgr: Disable client 2
01-06 16:14:52.606  1804  2863 I CompositorClientMgr: DisableClient: frame flush required: 1
01-06 16:14:52.607  1052  1088 I ActivityTaskManager: Displayed com.oculus.shellenv/.ShellEnvActivity: +186ms
01-06 16:14:52.607  1804 13269 I CompositorVR: WarpToScreen: Skipping frames for 21
01-06 16:14:52.616  1804  2863 I UnifiedTelemetryWrapper: Stopped UT session render:com.oculus.vrshell:Overlay
01-06 16:14:52.617  2150 13621 I FenceChecker: FenceChecker::MainLoop - ended
01-06 16:14:52.618  1804 13269 I CompositorVR: LatchWarpClients: Multiple Primary Clients detected. Skipping frames for 21
01-06 16:14:52.618  1804 13269 I CompositorVR: WarpToScreen: Skipping frames for 21
01-06 16:14:52.618  2150  2891 I VrRuntimeClient: PhaseSync Instance deleted
01-06 16:14:52.621  2150  2891 I OpenXR  : PostSessionStateChange: XR_SESSION_STATE_STOPPING -> XR_SESSION_STATE_IDLE
01-06 16:14:52.621  2150  2891 I OpenXR  : ------------ xrEndSession [end] -----------
01-06 16:14:52.621  2150  2891 I [OAO] VrPlatformOpenXr: EndSession xrEndSession passed
01-06 16:14:52.621  2150  2891 I [OAO] VrPlatformOpenXr: xrPollEvent: received XR_TYPE_EVENT_DATA_SESSION_STATE_CHANGED: 1 for session 0x2 at time 9075.219129
01-06 16:14:52.621  2150  2891 I [OAO] VrPlatformOpenXr: Session state changed XR_SESSION_STATE_IDLE
01-06 16:14:52.621  2150  2891 I OpenXR  : PostSessionStateChange: XR_SESSION_STATE_IDLE -> XR_SESSION_STATE_READY
01-06 16:14:52.621  2150  2891 I [OAO] VrPlatformOpenXr: xrPollEvent: received XR_TYPE_EVENT_DATA_SESSION_STATE_CHANGED: 2 for session 0x2 at time 9075.219292
01-06 16:14:52.621  2150  2891 I [OAO] VrPlatformOpenXr: Session state changed XR_SESSION_STATE_READY
01-06 16:14:52.622  1962  2096 E OVRMediaServiceManager: LivestreamingManager Not initialized
01-06 16:14:52.623  1962  2399 E OVRMediaServiceManager: LivestreamingManager Not initialized
01-06 16:14:52.629  1804 13269 I CompositorVR: WarpToScreen: Skipping frames for 21
01-06 16:14:52.631  2150  2891 I [OAO] VrPlatformOpenXr: EndSession passed message polling. count:1  count<maxRetryCount:1  sessionState:2
01-06 16:14:52.631  2150  2891 I [OAO] VrPlatformOpenXr: EndSession end
01-06 16:14:52.631  2150  2150 D [OAO] BaseOverlayService: setOverlayInputFocus : completed - inputFocus=false shouldSupportIME=false actionTaken:true
01-06 16:14:52.633  2150  2150 D [OAO] VrBroadcastReceiver: action: com.oculus.vrshell.intent.action.NOTIFICATION_WAKE
01-06 16:14:52.637  1962  2541 I OVRMediaService: onStartCommand Received message type: overlay_input_focus_change, caller package: com.oculus.vrshell, app identify: AppIdentity{uid=10020, packageNames=[com.oculus.vrshell], sha1=MxZgtt071YLz39PLrkVGckZooCE, sha2=3C-DTjwZQjeLFPB2yCzRq1nqZWa_9HMLIEfpjvyfna8, version=null, domain=null}
01-06 16:14:52.641  1804 13269 I CompositorVR: WarpToScreen: Skipping frames for 21
01-06 16:14:52.644  2150  2891 I [OAO] AudioMixer: Disabling AudioPlayer.
01-06 16:14:52.649 10451 10569 E OsSdk   : error getting shared memory region, memory type: HeadTracker, failed with Status(-1, EX_SECURITY): 'requested shared memory region when not registered/focused'
01-06 16:14:52.652  1804 13269 I CompositorVR: WarpToScreen: Skipping frames for 21
01-06 16:14:52.656  1962  2541 I OVRMediaService: Received OVERLAY_INPUT_FOCUS_CHANGE. is focused: false
01-06 16:14:52.661  2150  2150 I [OAO] VrNotificationListenerService: onNotificationRemoved() - key = 0|android|0|com.android.server.wm.AlertWindowNotification - com.oculus.vrshell|1000, type = third_party
01-06 16:14:52.661  2150  2150 D VrNotificationAnalytics: logNotificationRemoved(third_party)
01-06 16:14:52.663  1804 13269 I CompositorVR: WarpToScreen: Skipping frames for 21
01-06 16:14:52.664  2150  2150 D [OAO] VrNotificationService: VrNotificationService onStartCommand() Intent { cmp=com.oculus.vrshell/.VrNotificationService }
01-06 16:14:52.674  1804 13269 I CompositorVR: WarpToScreen: Skipping frames for 21
01-06 16:14:52.682  2990  3126 I [SEO] OsDialogProvider: dialogHostClient.InitClient SUCCESS
01-06 16:14:52.682  2990  3126 I OpenXR_Hands: ------------ xrGetHandMeshFB -----------
01-06 16:14:52.683  2990  3126 I OpenXR_Hands: ------------ xrGetHandMeshFB -----------
01-06 16:14:52.683  2990  3126 D VrRuntimeClient: loadDriverResource - resourceName: 'hand_left' 
01-06 16:14:52.685  1804 13269 I CompositorVR: WarpToScreen: Skipping frames for 21
01-06 16:14:52.685  2990  3126 I OpenXR_Hands: ------------ xrGetHandMeshFB -----------
01-06 16:14:52.685  2990  3126 I OpenXR_Hands: ------------ xrGetHandMeshFB -----------
01-06 16:14:52.686  2990  3126 D VrRuntimeClient: loadDriverResource - resourceName: 'hand_left' 
01-06 16:14:52.690  2990  3126 I [SEO] ShellTransitionState: Logging ShellTransitionState to dumpsys: {"state":"Resuming frame loop","timeMillis":"9075288"}
01-06 16:14:52.690  2990  3126 I [SEO] LocalSpace: Reset - initialRawFromLocalPose: quat(-0.155756, 0.529184, 0.116293, 0.825942), translation(-0.096442, -0.118023, 0.349397)
01-06 16:14:52.690  2990  3126 I [SEO] LocalSpace: Applying VRAPI Reorient, the reorient reason is 3
01-06 16:14:52.690  1804  3121 I VrRuntimeService: RuntimeServiceSDKServer::RecenterLocalSpace
01-06 16:14:52.690  1804  3121 I VrRuntimeService: RuntimeServiceSDKServer::RecenterLocalSpaceInternal
01-06 16:14:52.690  1804  3121 I VrRuntimeServer: UpdateLocalSpace: Src: 2, Version: 56, VersionUser: 0, RawFloorHeightOld: -1.457830, RawFloorHeightNew: -1.457830
01-06 16:14:52.691  2954  3062 I GuardianSystem: UpdateSystem: Responding to local space version number change.
01-06 16:14:52.691  2954  3062 I GuardianSurfaceMgr: ForceShowSurfaceBounds: Soft fade out: currentTime 9075.29, ForceShowTime 9076.29, ForceShowFadeTime 9077.29
01-06 16:14:52.691  2954  3062 I GuardianSystem: ForceShowGuardian: false, 1.00
01-06 16:14:52.693  1950  2037 I Clay    : xrPollEvent: REFERENCE_SPACE_CHANGE_PENDING
01-06 16:14:52.695 10451 10569 E OsSdk   : error getting shared memory region, memory type: HeadTracker, failed with Status(-1, EX_SECURITY): 'requested shared memory region when not registered/focused'
01-06 16:14:52.696  1804 13269 I CompositorVR: WarpToScreen: Skipping frames for 21
01-06 16:14:52.696  2990  3126 I [SEO] SystemTaskBar: Create PanelApp
01-06 16:14:52.696  2990  3126 I [SEO] PanelAppLaunchInfo: PanelAppLaunchInfo componentString:com.oculus.systemux/com.oculus.panelapp.anytimeui.AnytimeUIAndroidPanelService packageName:com.oculus.systemux serviceName:com.oculus.panelapp.anytimeui.AnytimeUIAndroidPanelService componentName:com.oculus.systemux/com.oculus.panelapp.anytimeui.AnytimeUIAndroidPanelService
01-06 16:14:52.696  2990  3126 I [SEO] HostPlatform: Retrieving component launch information for package (com.oculus.systemux) and service (com.oculus.panelapp.anytimeui.AnytimeUIAndroidPanelService)
01-06 16:14:52.698  2990  3126 I [SEO] HostPlatform: Is valid panel service component for package (com.oculus.systemux) and service (com.oculus.panelapp.anytimeui.AnytimeUIAndroidPanelService) - true
01-06 16:14:52.698  2990  3126 I [SEO] ShellApp: CreatePanelApp( com.oculus.systemux/com.oculus.panelapp.anytimeui.AnytimeUIAndroidPanelService )
01-06 16:14:52.698  2990  3126 I [SEO] ShellApp: Environment:
01-06 16:14:52.699  2990  3126 I [SEO] PanelAppHost: PanelAppHost constructor, panel 40 (com.oculus.systemux/com.oculus.panelapp.anytimeui.AnytimeUIAndroidPanelService)
01-06 16:14:52.699  2990  3126 I [SEO] PanelAppHost: Panel app 40 (com.oculus.systemux/com.oculus.panelapp.anytimeui.AnytimeUIAndroidPanelService) changing state from startup to foreground
01-06 16:14:52.699  1804  2916 I VrRuntimeService: CreateAndroidSurfaceSwapChain: 866258678
01-06 16:14:52.699  1804  2916 I VrRuntimeService: CreateAndroidSurfaceSwapChain: 131072 1 32856 65536 65536 1 1 1 0 3
01-06 16:14:52.700  1804  2734 I SwapChain_Surface: CreateAndroidSurfaceSwapChainGLES: 0x710b49f000: SurfaceTexture 0x2d66 Surface 0x2cb2
01-06 16:14:52.700  1804  2916 I VrRuntimeServer: CreateAndroidSurfaceSwapChain: result surface 0x710b49f000
01-06 16:14:52.701  2954  3062 I StateMachine: StateMachine::Update ForceShow: forceShowForTime -> ForceShowOnForTime
01-06 16:14:52.702  1804  2916 I VrRuntimeService: CreateAndroidSurfaceSwapChain: 866258678
01-06 16:14:52.702  1804  2916 I VrRuntimeService: CreateAndroidSurfaceSwapChain: 131072 1 32856 65536 65536 1 1 1 0 3
01-06 16:14:52.702  1804  2734 I SwapChain_Surface: CreateAndroidSurfaceSwapChainGLES: 0x710b535000: SurfaceTexture 0x2e86 Surface 0x2e96
01-06 16:14:52.702  1804  2916 I VrRuntimeServer: CreateAndroidSurfaceSwapChain: result surface 0x710b535000
01-06 16:14:52.703  2990  3126 I [SEO] PanelAppHost: Passing env var _oc_analytics_session_id = 1abd224a-fe8d-4907-a7bf-2a593ddbb4b6
01-06 16:14:52.703  2990  3126 I [SEO] PanelAppHost: Passing env var _oc_userid = 106765628877334
01-06 16:14:52.703  2990  3126 I [SEO] PanelAppHost: Passing env var _oc_shell_version_name = 47.0.0.282.341
01-06 16:14:52.703  2990  3126 I [SEO] PanelAppHost: Passing env var _oc_shell_version_code = 428237138
01-06 16:14:52.703  2990  3126 I [SEO] PanelAppHost: Passing env var _oc_shell_automation_enabled = false
01-06 16:14:52.703  2990  3126 I [SEO] PanelAppHost: Passing env var _oc_shell_view_id_debugging_enabled = false
01-06 16:14:52.703  2990  3126 I [SEO] PanelAppHost: Passing env var _oc_shell_pixel_density = 20
01-06 16:14:52.703  2990  3126 I [SEO] PanelAppHost: Passing env var _oc_shell_render_scale = 1.250000
01-06 16:14:52.703  2990  3126 I [SEO] PanelAppHost: Passing env var _oc_shell_ux_policy = {"panelBackgroundLayerOriginDepths":{"far":0.2,"mid":0.1,"near":0.015}}
01-06 16:14:52.704  2990  3126 I [SEO] PanelAppHost: Passing env var _oc_shell_panel_session_id = 1abd224a-fe8d-4907-a7bf-2a593ddbb4b6-40
01-06 16:14:52.704  2990  3126 I [SEO] PanelAppHost: Passing env var _oc_shell_valid_panel_session_ids = ["1abd224a-fe8d-4907-a7bf-2a593ddbb4b6-40"]
01-06 16:14:52.704  2990  3126 I [SEO] PanelAppHost: Passing env var _oc_shell_back_navigation_enabled = false
01-06 16:14:52.704  2990  3126 I [SEO] PanelAppHost: Passing env var _oc_shell_feature_sets = appmenu-v1,appmenu-v2,cooperativeState-v2,destinationUi-v2,dragDrop-v1,layerClipping-v1,layerClipping-v2,layerOptions-v1,layerTranslate-v1,multiapp-v1,multiapp-v2,multiapp-v3,multitasking-v1,shellPanelAdaptability-v1,systemActionBackgroundPanels-v1,systemThemeSetting-v1,system-reauth-v1,system-ux-file-picker-v1,vrNotificationsBootLoad-v1,theaterScreen,theaterScreen-v2,recoverInstances-v1,systemThemeSetting-v2,controlBar-v1,copresence-v1,copresenceVersion-v1,vrLibraryAppLock-v1,dragToDesktop-v1
01-06 16:14:52.704  2990  3126 I [SEO] PanelAppHost: Passing env var _oc_launch_timestamp = 9075297
01-06 16:14:52.704  2990  3126 I [SEO] PanelAppHost: Passing env var _oc_shell_host = vrshell
01-06 16:14:52.704  2990  3126 I [SEO] PanelAppHost: Passing env var _oc_shell_panel_id = 40
01-06 16:14:52.704  2990  3126 I [SEO] PanelAppHost: Calling sendPanelLaunchIntent for panel app 40 (com.oculus.systemux/com.oculus.panelapp.anytimeui.AnytimeUIAndroidPanelService)
01-06 16:14:52.704  2990  3126 D [SEO] ShellApplication: sendApkPanelLaunchIntent: packageName=com.oculus.systemux, serviceClassName=com.oculus.panelapp.anytimeui.AnytimeUIAndroidPanelService
01-06 16:14:52.705  2990  3126 D [SEO] PanelAppConnection: getSystemProcessUidForCurrentUser: 'android' systemUid = 1000
01-06 16:14:52.705  2990  3126 D [SEO] ShellApplication: bindService Intent { cmp=com.oculus.systemux/com.oculus.panelapp.anytimeui.AnytimeUIAndroidPanelService }
01-06 16:14:52.707  1804 13269 I CompositorVR: WarpToScreen: Skipping frames for 21
01-06 16:14:52.708  2990  3126 D [SEO] ShellApplication: notify OS to set com.oculus.systemux/com.oculus.panelapp.anytimeui.AnytimeUIAndroidPanelService to FOREGROUND
01-06 16:14:52.709  2990  3126 I [SEO] DesktopFocusManager: Focused panel changed from 37 to 0
01-06 16:14:52.709  2990  3126 I OpenXR_DeviceSettings: ------------ xrSetDeviceSettingBooleanFB -----------
01-06 16:14:52.709  2990  3126 I ClientInputTrackedKeyboardManager: TRACKEDKEYBOARD created PTKServiceClient
01-06 16:14:52.709  2990  3126 I PTKService: PTKServiceClient Init
01-06 16:14:52.709  2990  3126 I ipcLoader_static: RuntimeIPC: Loader: IPC Service API Loader Version: 33 Nov 25 2022 14:17:17
01-06 16:14:52.709  2990  3126 I RuntimeIPCApi: ipc_Initialize
01-06 16:14:52.709  2990  3126 I RuntimeIPCServiceClient: Init: Already initialized: com.oculus.vrshell, 18
01-06 16:14:52.711  2150  2150 I [OAO] ShellOverlayService: onStartCommand(): Intent { cmp=com.oculus.vrshell/.ShellOverlayService }
01-06 16:14:52.712  2990  3126 I [SEO] InputManager: Adding hand deviceId = 4
01-06 16:14:52.712  2990  3126 I [SEO] ShaderCache: ShaderCache::ShaderCache()
01-06 16:14:52.713  2990  3126 I [SEO] ShaderCache: ShaderCache::compiling PBR shader for featureMask 576
01-06 16:14:52.714  1950  2037 I Clay    : EnvironmentSystem: setCurrentEnvironment from '' to 'apk://com.environment.matrixloadingvoid/assets/scene.zip'. Computed visibility: Visible (reason: <none>)
01-06 16:14:52.715  2990  3126 I [SEO] ShaderCache: ShaderCache::ShaderCache()
01-06 16:14:52.716  2990  3126 I [SEO] ShaderCache: ShaderCache::compiling PBR shader for featureMask 576
01-06 16:14:52.718  2990  3126 I [SEO] InputManager: Adding hand deviceId = 3
01-06 16:14:52.718  2990  3126 I [SEO] ShaderCache: ShaderCache::ShaderCache()
01-06 16:14:52.718  1804 13269 I CompositorVR: WarpToScreen: Skipping frames for 21
01-06 16:14:52.719  2990  3126 I [SEO] ShaderCache: ShaderCache::compiling PBR shader for featureMask 576
01-06 16:14:52.720  2990  3126 I [SEO] ShaderCache: ShaderCache::ShaderCache()
01-06 16:14:52.721  2990  3126 I [SEO] ShaderCache: ShaderCache::compiling PBR shader for featureMask 576
01-06 16:14:52.723  2990  3126 I [SEO] InputManager: Adding controller deviceId = 2
01-06 16:14:52.724  2990  3126 I [SEO] ModelCache: Load controller model
01-06 16:14:52.724  2990  3126 I [SEO] InputManager: Adding controller deviceId = 1
01-06 16:14:52.725  1950  2037 I Clay    : EnvironmentSystem: Loading 'apk://com.environment.matrixloadingvoid/assets/scene.zip' as asset package
01-06 16:14:52.725  2990  3126 I [SEO] ModelCache: Load controller model
01-06 16:14:52.725  2990  3126 I [SEO] InputManager: Switching primary device (id -1 to 2).
01-06 16:14:52.725  2990  3126 I [SEO] InputManager: Switching secondary device (id to 1).
01-06 16:14:52.725  1950  2037 I Clay    : Local user with id 106765628877334 does have a custom avatar
01-06 16:14:52.726  2954  3601 I VrGuardianService: GuardianSDKServer::SetGuardianHitDialog2 0
01-06 16:14:52.727  1662  1693 I RPCServer: GetServerStatesConfig -> {MaxBufferSize=32768, MaxEntries=64}
01-06 16:14:52.727  2990  3126 I RuntimeIPCClient: GetServerStatesConfig returned maxEntries=64, maxBuffSize=32768
01-06 16:14:52.727  2990  3126 I RuntimeIPCClient: InitServerStateBuffer: SUCCESS. 1, Client: com.oculus.vrshell:com.oculus.vrshell:2990, Server: com.oculus.os.dialoghost:com.oculus.os.dialoghost (DialogHostService)
01-06 16:14:52.727  2990  3126 I [SEO] PanelAppOSLifecycleNotificationManager: Sending frameState isForeground:0 to OS for app com.oculus.systemux/com.oculus.panelapp.quicksettings.QuickSettingsPanelService
01-06 16:14:52.727  2990  3126 I [SEO] PanelAppOSLifecycleNotificationManager: Sending frameState isForeground:0 to OS for app com.oculus.systemux/com.oculus.panelapp.controlbar.ControlBarPanelService
01-06 16:14:52.730  1804 13269 I CompositorVR: WarpToScreen: Skipping frames for 21
01-06 16:14:52.736  2990  3126 I [SEO] ShellEnvHomeController: copresence: received setCollisionShapes
01-06 16:14:52.736  2990 13651 I FenceChecker: FenceChecker::MainLoop - started
01-06 16:14:52.738 10451 10569 E OsSdk   : error getting shared memory region, memory type: HeadTracker, failed with Status(-1, EX_SECURITY): 'requested shared memory region when not registered/focused'
01-06 16:14:52.739  2990  3126 I OpenXR  : PostSessionStateChange: XR_SESSION_STATE_READY -> XR_SESSION_STATE_SYNCHRONIZED
01-06 16:14:52.739  2990  3126 I [SEO] VrPlatformOpenXr: xrPollEvent: received XR_TYPE_EVENT_DATA_REFERENCE_SPACE_CHANGE_PENDING event
01-06 16:14:52.739  2990  3126 I OpenXR  : PostSessionStateChange: XR_SESSION_STATE_SYNCHRONIZED -> XR_SESSION_STATE_VISIBLE
01-06 16:14:52.739  2990  3126 I OpenXR  : PostSessionStateChange: XR_SESSION_STATE_VISIBLE -> XR_SESSION_STATE_FOCUSED
01-06 16:14:52.739  2990  3126 I [SEO] VrPlatformOpenXr: xrPollEvent: received XR_TYPE_EVENT_DATA_DISPLAY_REFRESH_RATE_CHANGED_FB event: fromRate 72.000000 -> toRate 90.000000
01-06 16:14:52.739  2990  3126 I [SEO] VrPlatformOpenXr: xrPollEvent: received XR_TYPE_EVENT_DATA_SESSION_STATE_CHANGED: 3 for session 0x2 at time 9075.337280
01-06 16:14:52.739  2990  3126 I [SEO] VrPlatformOpenXr: Session state changed XR_SESSION_STATE_SYNCHRONIZED
01-06 16:14:52.739  2990  3126 I [SEO] VrPlatformOpenXr: xrPollEvent: received XR_TYPE_EVENT_DATA_SESSION_STATE_CHANGED: 4 for session 0x2 at time 9075.337318
01-06 16:14:52.739  2990  3126 I [SEO] VrPlatformOpenXr: Session state changed XR_SESSION_STATE_VISIBLE
01-06 16:14:52.739  2990  3126 I [SEO] VrPlatformOpenXr: xrPollEvent: received XR_TYPE_EVENT_DATA_SESSION_STATE_CHANGED: 5 for session 0x2 at time 9075.337325
01-06 16:14:52.739  2990  3126 I [SEO] VrPlatformOpenXr: Session state changed XR_SESSION_STATE_FOCUSED
01-06 16:14:52.741  1804 13269 I CompositorVR: WarpToScreen: Skipping frames for 21
01-06 16:14:52.745  2150  2174 I vrshell:Overla: Background concurrent copying GC freed 21016(1004KB) AllocSpace objects, 17(1012KB) LOS objects, 49% free, 2176KB/4352KB, paused 68us total 121.593ms
01-06 16:14:52.748  2990  3126 I [SEO] ShellEnvHomeController: copresence: processing currentCollisionShapes
01-06 16:14:52.748  2990  3126 I [SEO] ShellEnvHomeController: Theaterscreen transform node set for the env size x: 4.660000, y: 2.621250
01-06 16:14:52.748  2990  3126 I [SEO] LocalSpace: New Space: quat(-0.199761, 0.009751, 0.047768, 0.978631), translation(0.000000, 1.328585, 0.000000) - Prior Space: quat(-0.199761, 0.009751, 0.047768, 0.978631), translation(0.000000, 1.328585, 0.000000)
01-06 16:14:52.748  2990  3126 I [SEO] LocalSpace: Local space version from 41 to 42, local space user version from 0 to 0.
01-06 16:14:52.749  2990  3126 I [SEO] SystemUXController: OnReorient(reason: 3)
01-06 16:14:52.752  2990  3126 I [SEO] TelemetryProvider: aui_reorient system 0 0 0 com.oculus.shellenv
01-06 16:14:52.752  1804 13269 I CompositorVR: WarpToScreen: Skipping frames for 21
01-06 16:14:52.757  2150  2176 W System  : A resource failed to call release. 
01-06 16:14:52.761  2150  2176 W System  : A resource failed to call release. 
01-06 16:14:52.763  1804 13269 I CompositorVR: WarpToScreen: Skipping frames for 21
01-06 16:14:52.763  2150  2176 W System  : A resource failed to call release. 
01-06 16:14:52.764  2150  2176 I chatty  : uid=10020(com.oculus.vrshell) FinalizerDaemon identical 5 lines
01-06 16:14:52.774  1804 13269 I CompositorVR: WarpToScreen: Skipping frames for 21
01-06 16:14:52.783 10451 10569 E OsSdk   : error getting shared memory region, memory type: HeadTracker, failed with Status(-1, EX_SECURITY): 'requested shared memory region when not registered/focused'
01-06 16:14:52.783 10451 10569 E OsSdk   : error getting shared memory region, memory type: AnchorTracker, failed with Status(-1, EX_SECURITY): 'requested shared memory region when not registered/focused'
01-06 16:14:52.785  1804 13269 I CompositorVR: WarpToScreen: Skipping frames for 21
01-06 16:14:52.792   751  1600 D AF::RecordHandle: OpRecordAudio: track:56 uid:10014 pkg:com.oculus.shellenv usage:0 not muted
01-06 16:14:52.792   751  1006 D AF::RecordHandle: OpRecordAudio: track:154 uid:10032 pkg:com.oculus.horizon usage:0 not muted
01-06 16:14:52.793   751 12493 D AF::RecordHandle: OpRecordAudio: track:149 uid:10033 pkg:com.oculus.xrstreamingclient usage:0 muted
01-06 16:14:52.797  1804 13269 I CompositorVR: WarpToScreen: Skipping frames for 21
01-06 16:14:52.805  1052 12399 I DisplayManagerService: Display device removed: DisplayDeviceInfo{"com.oculus.android_panel_app.AndroidPanelLayer-#main": uniqueId="virtual:com.oculus.systemux,10026,com.oculus.android_panel_app.AndroidPanelLayer-#main,1", 1000 x 625, modeId 162, defaultModeId 162, supportedModes [{id=162, width=1000, height=625, fps=60.0}], colorMode 0, supportedColorModes [0], HdrCapabilities null, density 200, 200.0 x 200.0 dpi, appVsyncOff 0, presDeadline 16666666, touch NONE, rotation 0, type VIRTUAL, state ON, owner com.oculus.systemux (uid 10026), FLAG_PRIVATE, FLAG_NEVER_BLANK, FLAG_OWN_CONTENT_ONLY}
01-06 16:14:52.805  1804  5586 E BufferQueueProducer: [SurfaceTexture-159-1804-59] dequeueBuffer: BufferQueue has been abandoned
01-06 16:14:52.805   755   755 E CompositionEngine: ANativeWindow::dequeueBuffer failed for display [com.oculus.android_panel_app.AndroidPanelLayer-#main] with error: -19
01-06 16:14:52.806   755   755 W SurfaceFlinger: Dequeuing buffer for display [com.oculus.android_panel_app.AndroidPanelLayer-#main] failed, bailing out of client composition for this frame
01-06 16:14:52.808  1804 13269 I CompositorVR: WarpToScreen: Skipping frames for 21
01-06 16:14:52.814   864 13281 I [CT]    : VIPER: Mode=SuperVega,Status=6DoF,TRACKING,Inl=33,Mem=83.0,Jit=0.1mm,Issues(Cam/min=0.0,IMU/min=0.0),Exp=(12.4ms,g=15.0,I=75,Ir=405.6)(14.0ms,g=15.0,I=68,Ir=327.2)(14.0ms,g=15.0,I=25,Ir=123.3)(14.0ms,g=15.0,I=68,Ir=326.4)
01-06 16:14:52.814   864 13281 W [CT]    : VIPER: Images too dark, 
01-06 16:14:52.819  1804 13269 I CompositorVR: WarpToScreen: Skipping frames for 21
01-06 16:14:52.829 10451 10569 E OsSdk   : error getting shared memory region, memory type: HeadTracker, failed with Status(-1, EX_SECURITY): 'requested shared memory region when not registered/focused'
01-06 16:14:52.830  1804 13269 I CompositorVR: WarpToScreen: Skipping frames for 21
01-06 16:14:52.834  2150 13600 I chatty  : uid=10020(com.oculus.vrshell) ShellOverlayMai expire 6 lines
01-06 16:14:52.841  1804 13269 I CompositorVR: WarpToScreen: Skipping frames for 21
01-06 16:14:52.852  1804 13269 I CompositorVR: WarpToScreen: Skipping frames for 21
01-06 16:14:52.859  1950  2037 I Clay    : EnvironmentSystem::update: setting scene background audio for scene zip 'apk://com.environment.matrixloadingvoid/assets/scene.zip'
01-06 16:14:52.859  1950  2037 I Clay    : EnvironmentAudioSystem::setSceneBackgroundLoop: set scene audio: apk://com.environment.matrixloadingvoid/assets/scene.zip
01-06 16:14:52.860  1950  2037 I Clay    : EnvironmentSystem: Scene loaded
01-06 16:14:52.860  1950  2037 I Clay    : SharedHomeSystem::_onEnvironmentActivated
01-06 16:14:52.863  1804 13269 I CompositorVR: WarpToScreen: Skipping frames for 21
01-06 16:14:52.874  1804 13269 I CompositorVR: WarpToScreen: Skipping frames for 21
01-06 16:14:52.875 10451 10569 E OsSdk   : error getting shared memory region, memory type: HeadTracker, failed with Status(-1, EX_SECURITY): 'requested shared memory region when not registered/focused'
01-06 16:14:52.882  1281  1281 V AvrcpMediaPlayerList: onPlaybackConfigChanged(): Configs list size=9
01-06 16:14:52.883  1281  1281 V AvrcpMediaPlayerList: onPlaybackConfigChanged(): Configs list size=8
01-06 16:14:52.885  1804 13269 I CompositorVR: WarpToScreen: Skipping frames for 21
01-06 16:14:52.897  1804 13269 I CompositorVR: WarpToScreen: Skipping frames for 21
01-06 16:14:52.908  1804 13269 I CompositorVR: WarpToScreen: Skipping frames for 21
01-06 16:14:52.919  1804 13269 I CompositorVR: WarpToScreen: Skipping frames for 21
01-06 16:14:52.921 10451 10569 E OsSdk   : error getting shared memory region, memory type: HeadTracker, failed with Status(-1, EX_SECURITY): 'requested shared memory region when not registered/focused'
01-06 16:14:52.928   730   847 D msm8974_platform: platform_split_snd_device: snd_device(22) num devices(1) new_snd_devices(0)
01-06 16:14:52.928   730   847 D ACDB-LOADER: ACDB -> send_audvoltable
01-06 16:14:52.928   730   847 D ACDB-LOADER: ACDB -> ACDB_CMD_GET_AUDPROC_INSTANCE_GAIN_DEP_STEP_TABLE_SIZE
01-06 16:14:52.928   730   847 D         : Failed to fetch the lookup information of the device 0000000F 
01-06 16:14:52.928   730   847 D ACDB-LOADER: Error: ACDB_CMD_GET_AUDPROC_INSTANCE_GAIN_DEP_STEP_TABLE_SIZE Returned = -19
01-06 16:14:52.928   730   847 D ACDB-LOADER: ACDB -> ACDB_CMD_GET_AUDPROC_INSTANCE_GAIN_DEP_STEP_TABLE, vol index 9
01-06 16:14:52.928   730   847 D         : Failed to fetch the lookup information of the device 0000000F 
01-06 16:14:52.928   730   847 D ACDB-LOADER: Error: ACDB AudProc vol returned = -19
01-06 16:14:52.928   730   847 D ACDB-LOADER: ACDB -> AUDIO_SET_VOL_CAL cal type = 40
01-06 16:14:52.930  1950 13658 D CCodec  : allocate(c2.android.vorbis.decoder)
01-06 16:14:52.930   853  6093 V C2Store : in init
01-06 16:14:52.930  1804 13269 I CompositorVR: WarpToScreen: Skipping frames for 21
01-06 16:14:52.930   853  6093 V C2Store : loading dll
01-06 16:14:52.931   864 13281 W [CT]    : VEGA:MAP_TRACKING_HM: [Throttled count=24] Bad map tracking: map tracking failed @ Submap id = 0, version = 1069979872 with status: 2
01-06 16:14:52.934  1950 13658 I CCodec  : Created component [c2.android.vorbis.decoder]
01-06 16:14:52.935  1950 13658 D CCodecConfig: read media type: audio/vorbis
01-06 16:14:52.939  1950 13658 D ReflectedParamUpdater: extent() != 1 for single value type: algo.buffers.max-count.values
01-06 16:14:52.939  1950 13658 D ReflectedParamUpdater: extent() != 1 for single value type: output.subscribed-indices.values
01-06 16:14:52.939  1950 13658 D ReflectedParamUpdater: extent() != 1 for single value type: input.buffers.allocator-ids.values
01-06 16:14:52.939  1950 13658 D ReflectedParamUpdater: extent() != 1 for single value type: output.buffers.allocator-ids.values
01-06 16:14:52.939  1950 13658 D ReflectedParamUpdater: extent() != 1 for single value type: algo.buffers.allocator-ids.values
01-06 16:14:52.939  1950 13658 D ReflectedParamUpdater: extent() != 1 for single value type: output.buffers.pool-ids.values
01-06 16:14:52.939  1950 13658 D ReflectedParamUpdater: extent() != 1 for single value type: algo.buffers.pool-ids.values
01-06 16:14:52.940  1950 13658 I CCodecConfig: query failed after returning 7 values (BAD_INDEX)
01-06 16:14:52.940  1950 13658 D CCodecConfig: c2 config diff is Dict {
01-06 16:14:52.940  1950 13658 D CCodecConfig:   c2::u32 coded.bitrate.value = 64000
01-06 16:14:52.940  1950 13658 D CCodecConfig:   c2::u32 input.buffers.max-size.value = 32768
01-06 16:14:52.940  1950 13658 D CCodecConfig:   c2::u32 input.delay.value = 0
01-06 16:14:52.940  1950 13658 D CCodecConfig:   string input.media-type.value = "audio/vorbis"
01-06 16:14:52.940  1950 13658 D CCodecConfig:   string output.media-type.value = "audio/raw"
01-06 16:14:52.940  1950 13658 D CCodecConfig:   c2::u32 raw.channel-count.value = 1
01-06 16:14:52.940  1950 13658 D CCodecConfig:   c2::u32 raw.sample-rate.value = 48000
01-06 16:14:52.940  1950 13658 D CCodecConfig: }
01-06 16:14:52.941 10451 10539 D xrstreaming: receive ping: org 0 recv 0 xmt 13490749171300 (received at 9075539058461), offset divergence -9575
01-06 16:14:52.941  1950 13658 D CCodecConfig: no c2 equivalents for durationUs
01-06 16:14:52.941  1950 13658 D CCodecConfig: no c2 equivalents for csd-1
01-06 16:14:52.941  1950 13658 D CCodecConfig: no c2 equivalents for track-id
01-06 16:14:52.941  1950 13658 D CCodecConfig: no c2 equivalents for channel-mask
01-06 16:14:52.941  1950 13658 D CCodecConfig: c2 config diff is   c2::u32 raw.channel-count.value = 2
01-06 16:14:52.941  1950 13658 D CCodecConfig:   c2::u32 raw.sample-rate.value = 44100
01-06 16:14:52.941  1950 13658 W Codec2Client: query -- param skipped: index = 1107298332.
01-06 16:14:52.941  1950 13658 D CCodec  : setup formats input: AMessage(what = 0x00000000) = {
01-06 16:14:52.941  1950 13658 D CCodec  :   int32_t channel-count = 2
01-06 16:14:52.941  1950 13658 D CCodec  :   int32_t max-input-size = 32768
01-06 16:14:52.941  1950 13658 D CCodec  :   string mime = "audio/vorbis"
01-06 16:14:52.941  1950 13658 D CCodec  :   int32_t sample-rate = 44100
01-06 16:14:52.941  1950 13658 D CCodec  : } and output: AMessage(what = 0x00000000) = {
01-06 16:14:52.941  1950 13658 D CCodec  :   int32_t channel-count = 2
01-06 16:14:52.941  1950 13658 D CCodec  :   string mime = "audio/raw"
01-06 16:14:52.941  1950 13658 D CCodec  :   int32_t sample-rate = 44100
01-06 16:14:52.941  1950 13658 D CCodec  :   int32_t channel-mask = 3
01-06 16:14:52.941  1950 13658 D CCodec  : }
01-06 16:14:52.941  1804 13269 I CompositorVR: WarpToScreen: Skipping frames for 21
01-06 16:14:52.945   853  1421 V C2Store : in ~ComponentModule
01-06 16:14:52.945   853  1421 V C2Store : unloading dll
01-06 16:14:52.952  1804 13269 I CompositorVR: WarpToScreen: Skipping frames for 21
01-06 16:14:52.952 10451 10569 E OsSdk   : error getting shared memory region, memory type: HeadTracker, failed with Status(-1, EX_SECURITY): 'requested shared memory region when not registered/focused'
01-06 16:14:52.964  1804 13269 I CompositorVR: WarpToScreen: Skipping frames for 21
01-06 16:14:52.975  1804 13269 I CompositorVR: WarpToScreen: Skipping frames for 21
01-06 16:14:52.983  1950 13661 D CCodec  : allocate(c2.android.vorbis.decoder)
01-06 16:14:52.983   853  1421 V C2Store : in init
01-06 16:14:52.983   853  1421 V C2Store : loading dll
01-06 16:14:52.986  1804 13269 I CompositorVR: WarpToScreen: Skipping frames for 21
01-06 16:14:52.986  1950 13661 I CCodec  : Created component [c2.android.vorbis.decoder]
01-06 16:14:52.986  1950 13661 D CCodecConfig: read media type: audio/vorbis
01-06 16:14:52.987  1950 13661 D ReflectedParamUpdater: extent() != 1 for single value type: algo.buffers.max-count.values
01-06 16:14:52.988  1950 13661 D ReflectedParamUpdater: extent() != 1 for single value type: output.subscribed-indices.values
01-06 16:14:52.988  1950 13661 D ReflectedParamUpdater: extent() != 1 for single value type: input.buffers.allocator-ids.values
01-06 16:14:52.988  1950 13661 D ReflectedParamUpdater: extent() != 1 for single value type: output.buffers.allocator-ids.values
01-06 16:14:52.988  1950 13661 D ReflectedParamUpdater: extent() != 1 for single value type: algo.buffers.allocator-ids.values
01-06 16:14:52.988  1950 13661 D ReflectedParamUpdater: extent() != 1 for single value type: output.buffers.pool-ids.values
01-06 16:14:52.988  1950 13661 D ReflectedParamUpdater: extent() != 1 for single value type: algo.buffers.pool-ids.values
01-06 16:14:52.989  1950 13661 I CCodecConfig: query failed after returning 7 values (BAD_INDEX)
01-06 16:14:52.989  1950 13661 D CCodecConfig: c2 config diff is Dict {
01-06 16:14:52.989  1950 13661 D CCodecConfig:   c2::u32 coded.bitrate.value = 64000
01-06 16:14:52.989  1950 13661 D CCodecConfig:   c2::u32 input.buffers.max-size.value = 32768
01-06 16:14:52.989  1950 13661 D CCodecConfig:   c2::u32 input.delay.value = 0
01-06 16:14:52.989  1950 13661 D CCodecConfig:   string input.media-type.value = "audio/vorbis"
01-06 16:14:52.989  1950 13661 D CCodecConfig:   string output.media-type.value = "audio/raw"
01-06 16:14:52.989  1950 13661 D CCodecConfig:   c2::u32 raw.channel-count.value = 1
01-06 16:14:52.989  1950 13661 D CCodecConfig:   c2::u32 raw.sample-rate.value = 48000
01-06 16:14:52.989  1950 13661 D CCodecConfig: }
01-06 16:14:52.989  1950 13661 D CCodecConfig: no c2 equivalents for durationUs
01-06 16:14:52.989  1950 13661 D CCodecConfig: no c2 equivalents for csd-1
01-06 16:14:52.989  1950 13661 D CCodecConfig: no c2 equivalents for track-id
01-06 16:14:52.989  1950 13661 D CCodecConfig: no c2 equivalents for channel-mask
01-06 16:14:52.989  1950 13661 D CCodecConfig: c2 config diff is   c2::u32 raw.channel-count.value = 2
01-06 16:14:52.989  1950 13661 D CCodecConfig:   c2::u32 raw.sample-rate.value = 44100
01-06 16:14:52.989  1950 13661 W Codec2Client: query -- param skipped: index = 1107298332.
01-06 16:14:52.989  1950 13661 D CCodec  : setup formats input: AMessage(what = 0x00000000) = {
01-06 16:14:52.989  1950 13661 D CCodec  :   int32_t channel-count = 2
01-06 16:14:52.989  1950 13661 D CCodec  :   int32_t max-input-size = 32768
01-06 16:14:52.989  1950 13661 D CCodec  :   string mime = "audio/vorbis"
01-06 16:14:52.989  1950 13661 D CCodec  :   int32_t sample-rate = 44100
01-06 16:14:52.989  1950 13661 D CCodec  : } and output: AMessage(what = 0x00000000) = {
01-06 16:14:52.989  1950 13661 D CCodec  :   int32_t channel-count = 2
01-06 16:14:52.989  1950 13661 D CCodec  :   string mime = "audio/raw"
01-06 16:14:52.989  1950 13661 D CCodec  :   int32_t sample-rate = 44100
01-06 16:14:52.989  1950 13661 D CCodec  :   int32_t channel-mask = 3
01-06 16:14:52.989  1950 13661 D CCodec  : }
01-06 16:14:52.992   864  8442 I chatty  : uid=1000(system) Binder:864_5 identical 13 lines
01-06 16:14:52.993 10451 10569 E OsSdk   : error getting shared memory region, memory type: HeadTracker, failed with Status(-1, EX_SECURITY): 'requested shared memory region when not registered/focused'
01-06 16:14:52.995  1950 13661 W Codec2Client: query -- param skipped: index = 1342179345.
01-06 16:14:52.995  1950 13661 W Codec2Client: query -- param skipped: index = 2415921170.
01-06 16:14:52.996  1950 13661 D CCodecBufferChannel: [c2.android.vorbis.decoder#306] Created input block pool with allocatorID 16 => poolID 67 - OK (0)
01-06 16:14:52.996   853  1421 D BufferPoolAccessor: bufferpool2 0x2b45a78a30 : 0(0 size) total buffers - 0(0 size) used buffers - 352/356 (recycle/alloc) - 4/354 (fetch/transfer)
01-06 16:14:52.996   853  1421 D BufferPoolAccessor: Destruction - bufferpool2 0x2b45a78a30 cached: 0/0M, 0/0% in use; allocs: 356, 99% recycled; transfers: 354, 99% unfetced
01-06 16:14:52.997   817  1313 D BufferPoolAccessor: bufferpool2 0xf5c89f10 : 0(0 size) total buffers - 0(0 size) used buffers - 9/20 (recycle/alloc) - 11/30 (fetch/transfer)
01-06 16:14:52.997   817  1313 D BufferPoolAccessor: Destruction - bufferpool2 0xf5c89f10 cached: 0/0M, 0/0% in use; allocs: 20, 45% recycled; transfers: 30, 63% unfetced
01-06 16:14:52.997  1950 13661 I CCodecBufferChannel: [c2.android.vorbis.decoder#306] Created output block pool with allocatorID 16 => poolID 134 - OK
01-06 16:14:52.997  1804 13269 I CompositorVR: WarpToScreen: Skipping frames for 21
01-06 16:14:52.997  1950 13661 D CCodecBufferChannel: [c2.android.vorbis.decoder#306] Configured output block pool ids 134 => OK
01-06 16:14:52.999   853 13662 D SimpleC2Component: Using output block pool with poolID 134 => got 134 - 0
01-06 16:14:53.003  1950 13661 D CCodecBufferChannel: [c2.android.vorbis.decoder#306] Discard frames from previous generation.
01-06 16:14:53.003  1950 13661 D CCodecBufferChannel: [c2.android.vorbis.decoder#306] Discard frames from previous generation.
01-06 16:14:53.008 13153 13543 I VrApi   : FPS=72/72,Prd=48ms,Tear=0,Early=72,Stale=0,VSnc=1,Lat=1,Fov=0,CPU4/GPU=4/4,2419/525MHz,OC=FF,TA=0/F/F,SP=N/N/N,Mem=2092MHz,Free=1944MB,PLS=0,Temp=26.0C/0.0C,TW=3.76ms,App=3.16ms,GD=0.12ms,CPU&GPU=8.11ms,LCnt=5(DR0,LM2),GPU%=0.62,CPU%=0.24(W0.29),DSF=1.00,CFL=19.61/21.58
01-06 16:14:53.008  1804 13269 I CompositorVR: WarpToScreen: Skipping frames for 21
01-06 16:14:53.008  1950 13661 D CCodecBufferChannel: [c2.android.vorbis.decoder#306] Discard frames from previous generation.
01-06 16:14:53.010   853  1420 D BufferPoolAccessor: Destruction - bufferpool2 0x2b45a7ce30 cached: 0/0M, 0/0% in use; allocs: 0, 0% recycled; transfers: 0, 0% unfetced
01-06 16:14:53.010   853  1420 V C2Store : in ~ComponentModule
01-06 16:14:53.010   853  1420 V C2Store : unloading dll
01-06 16:14:53.019  1804 13269 I CompositorVR: WarpToScreen: Skipping frames for 21
01-06 16:14:53.030  1804 13269 I CompositorVR: WarpToScreen: Skipping frames for 21
01-06 16:14:53.034  1950 13664 D CCodec  : allocate(c2.android.vorbis.decoder)
01-06 16:14:53.034   853  1420 V C2Store : in init
01-06 16:14:53.034   853  1420 V C2Store : loading dll
01-06 16:14:53.036   864  8442 W TrackingService: attachClient: found client in attached list
01-06 16:14:53.037 10451 10569 E OsSdk   : error getting shared memory region, memory type: HeadTracker, failed with Status(-1, EX_SECURITY): 'requested shared memory region when not registered/focused'
01-06 16:14:53.039  1950 13664 I CCodec  : Created component [c2.android.vorbis.decoder]
01-06 16:14:53.040   864  1221 W TrackingService: attachClient: found client in attached list
01-06 16:14:53.041 10451 10569 E OsSdk   : error getting shared memory region, memory type: AnchorTracker, failed with Status(-1, EX_SECURITY): 'requested shared memory region when not registered/focused'
01-06 16:14:53.042  1804 13269 I CompositorVR: WarpToScreen: Skipping frames for 21
01-06 16:14:53.042  1950 13664 D CCodecConfig: read media type: audio/vorbis
01-06 16:14:53.045  1950 13664 D ReflectedParamUpdater: extent() != 1 for single value type: algo.buffers.max-count.values
01-06 16:14:53.045  1950 13664 D ReflectedParamUpdater: extent() != 1 for single value type: output.subscribed-indices.values
01-06 16:14:53.045  1950 13664 D ReflectedParamUpdater: extent() != 1 for single value type: input.buffers.allocator-ids.values
01-06 16:14:53.046  1950 13664 D ReflectedParamUpdater: extent() != 1 for single value type: output.buffers.allocator-ids.values
01-06 16:14:53.046  1950 13664 D ReflectedParamUpdater: extent() != 1 for single value type: algo.buffers.allocator-ids.values
01-06 16:14:53.046  1950 13664 D ReflectedParamUpdater: extent() != 1 for single value type: output.buffers.pool-ids.values
01-06 16:14:53.048  1950 13664 D ReflectedParamUpdater: extent() != 1 for single value type: algo.buffers.pool-ids.values
01-06 16:14:53.049  1950 13664 I CCodecConfig: query failed after returning 7 values (BAD_INDEX)
01-06 16:14:53.049  1950 13664 D CCodecConfig: c2 config diff is Dict {
01-06 16:14:53.049  1950 13664 D CCodecConfig:   c2::u32 coded.bitrate.value = 64000
01-06 16:14:53.049  1950 13664 D CCodecConfig:   c2::u32 input.buffers.max-size.value = 32768
01-06 16:14:53.049  1950 13664 D CCodecConfig:   c2::u32 input.delay.value = 0
01-06 16:14:53.049  1950 13664 D CCodecConfig:   string input.media-type.value = "audio/vorbis"
01-06 16:14:53.049  1950 13664 D CCodecConfig:   string output.media-type.value = "audio/raw"
01-06 16:14:53.049  1950 13664 D CCodecConfig:   c2::u32 raw.channel-count.value = 1
01-06 16:14:53.049  1950 13664 D CCodecConfig:   c2::u32 raw.sample-rate.value = 48000
01-06 16:14:53.049  1950 13664 D CCodecConfig: }
01-06 16:14:53.049  1950 13664 D CCodecConfig: no c2 equivalents for durationUs
01-06 16:14:53.049  1950 13664 D CCodecConfig: no c2 equivalents for csd-1
01-06 16:14:53.049  1950 13664 D CCodecConfig: no c2 equivalents for track-id
01-06 16:14:53.049  1950 13664 D CCodecConfig: no c2 equivalents for channel-mask
01-06 16:14:53.050  1950 13664 D CCodecConfig: c2 config diff is   c2::u32 raw.channel-count.value = 2
01-06 16:14:53.050  1950 13664 D CCodecConfig:   c2::u32 raw.sample-rate.value = 44100
01-06 16:14:53.050  1950 13664 W Codec2Client: query -- param skipped: index = 1107298332.
01-06 16:14:53.050  1950 13664 D CCodec  : setup formats input: AMessage(what = 0x00000000) = {
01-06 16:14:53.050  1950 13664 D CCodec  :   int32_t channel-count = 2
01-06 16:14:53.050  1950 13664 D CCodec  :   int32_t max-input-size = 32768
01-06 16:14:53.050  1950 13664 D CCodec  :   string mime = "audio/vorbis"
01-06 16:14:53.050  1950 13664 D CCodec  :   int32_t sample-rate = 44100
01-06 16:14:53.050  1950 13664 D CCodec  : } and output: AMessage(what = 0x00000000) = {
01-06 16:14:53.050  1950 13664 D CCodec  :   int32_t channel-count = 2
01-06 16:14:53.050  1950 13664 D CCodec  :   string mime = "audio/raw"
01-06 16:14:53.050  1950 13664 D CCodec  :   int32_t sample-rate = 44100
01-06 16:14:53.050  1950 13664 D CCodec  :   int32_t channel-mask = 3
01-06 16:14:53.050  1950 13664 D CCodec  : }
01-06 16:14:53.053  1804 13269 I CompositorVR: WarpToScreen: Skipping frames for 21
01-06 16:14:53.054  3515 12812 I chatty  : uid=10026 com.oculus.systemux:SystemUX expire 8 lines
01-06 16:14:53.054  2279  2955 I RPCServer: HandleClientDisconnect: Client: com.oculus.systemux:com.oculus.systemux:SystemUX:3515, Server: com.oculus.presence:com.oculus.presence (PubSubServer)
01-06 16:14:53.055  2279  2955 I RPCServer: HandleClientDisconnect: Client: com.oculus.systemux:com.oculus.systemux:SystemUX:3515, Server: com.oculus.presence:com.oculus.presence (PresenceServer)
01-06 16:14:53.055  3515  3515 I chatty  : uid=10026 com.oculus.systemux:SystemUX expire 28 lines
01-06 16:14:53.055   853  7201 V C2Store : in ~ComponentModule
01-06 16:14:53.056   853  7201 V C2Store : unloading dll
01-06 16:14:53.060  1804  1804 D VrRuntimeService: onForegroundActivitiesChanged: pid=13153, uid=10153, hasForegroundActivities=false
01-06 16:14:53.062   864  1221 W TrackingService: attachClient: found client in attached list
01-06 16:14:53.062   864  1221 D TrackingService: getSharedMemory: com.oculus.systemdriver, HeadTracker
01-06 16:14:53.064  1804 13269 I CompositorVR: WarpToScreen: Skipping frames for 21
01-06 16:14:53.064   864  1221 W TrackingService: attachClient: found client in attached list
01-06 16:14:53.065   864  1221 D TrackingService: getSharedMemory: com.oculus.shellenv, HeadTracker
01-06 16:14:53.067  1052  6256 I DisplayManagerService: Display device removed: DisplayDeviceInfo{"com.oculus.android_panel_app.AndroidPanelLayer-#main": uniqueId="virtual:com.oculus.systemux,10026,com.oculus.android_panel_app.AndroidPanelLayer-#main,0", 840 x 110, modeId 161, defaultModeId 161, supportedModes [{id=161, width=840, height=110, fps=60.0}], colorMode 0, supportedColorModes [0], HdrCapabilities null, density 200, 200.0 x 200.0 dpi, appVsyncOff 0, presDeadline 16666666, touch NONE, rotation 0, type VIRTUAL, state ON, owner com.oculus.systemux (uid 10026), FLAG_PRIVATE, FLAG_NEVER_BLANK, FLAG_OWN_CONTENT_ONLY}
01-06 16:14:53.069   864  1221 W TrackingService: attachClient: found client in attached list
01-06 16:14:53.069   864  8442 W TrackingService: attachClient: found client in attached list
01-06 16:14:53.071   864  8442 D TrackingService: getSharedMemory: com.oculus.guardian, HeadTracker
01-06 16:14:53.073   864  1221 D TrackingService: getSharedMemory: com.oculus.vrshell, HeadTracker
01-06 16:14:53.074  2990  2990 I chatty  : uid=10020(com.oculus.vrshell) ShellMain expire 6 lines
01-06 16:14:53.075  1804 13269 I CompositorVR: WarpToScreen: Skipping frames for 21
01-06 16:14:53.077  3515  6741 I chatty  : uid=10026(com.oculus.systemux) Binder:3515_A expire 1 line
01-06 16:14:53.078  3515  3515 I chatty  : uid=10026 com.oculus.systemux:SystemUX expire 73 lines
01-06 16:14:53.083  3515 13667 I chatty  : uid=10026(com.oculus.systemux) pool-52-thread- expire 5 lines
01-06 16:14:53.085   864  8442 W TrackingService: attachClient: found client in attached list
01-06 16:14:53.086 10451 10569 E OsSdk   : error getting shared memory region, memory type: HeadTracker, failed with Status(-1, EX_SECURITY): 'requested shared memory region when not registered/focused'
01-06 16:14:53.086  1804 13269 I CompositorVR: WarpToScreen: Skipping frames for 21
01-06 16:14:53.097  1804 13269 I CompositorVR: WarpToScreen: Skipping frames for 21
01-06 16:14:53.099   911  3674 D xrspd   : setALEnabled 0
01-06 16:14:53.099   911  3674 D xrspd   : setAlinkEnabledCallback disabled, already using usb, ignoring
01-06 16:14:53.100  1950 13674 D CCodec  : allocate(c2.android.vorbis.decoder)
01-06 16:14:53.101   853  7201 V C2Store : in init
01-06 16:14:53.101   853  7201 V C2Store : loading dll
01-06 16:14:53.104  1950 13674 I CCodec  : Created component [c2.android.vorbis.decoder]
01-06 16:14:53.104  1950 13674 D CCodecConfig: read media type: audio/vorbis
01-06 16:14:53.104  1962  2562 I OVRMediaService: onStartCommand Received message type: com.oculus.horizon.GET_CAPTURE_STATE_ACTION, caller package: no_app_identity, app identify: null
01-06 16:14:53.106  1950 13674 D ReflectedParamUpdater: extent() != 1 for single value type: algo.buffers.max-count.values
01-06 16:14:53.106  1950 13674 D ReflectedParamUpdater: extent() != 1 for single value type: output.subscribed-indices.values
01-06 16:14:53.106  1950 13674 D ReflectedParamUpdater: extent() != 1 for single value type: input.buffers.allocator-ids.values
01-06 16:14:53.106  1950 13674 D ReflectedParamUpdater: extent() != 1 for single value type: output.buffers.allocator-ids.values
01-06 16:14:53.106  1950 13674 D ReflectedParamUpdater: extent() != 1 for single value type: algo.buffers.allocator-ids.values
01-06 16:14:53.106  1950 13674 D ReflectedParamUpdater: extent() != 1 for single value type: output.buffers.pool-ids.values
01-06 16:14:53.107  1950 13674 D ReflectedParamUpdater: extent() != 1 for single value type: algo.buffers.pool-ids.values
01-06 16:14:53.107  1950 13674 I CCodecConfig: query failed after returning 7 values (BAD_INDEX)
01-06 16:14:53.107  1950 13674 D CCodecConfig: c2 config diff is Dict {
01-06 16:14:53.107  1950 13674 D CCodecConfig:   c2::u32 coded.bitrate.value = 64000
01-06 16:14:53.107  1950 13674 D CCodecConfig:   c2::u32 input.buffers.max-size.value = 32768
01-06 16:14:53.107  1950 13674 D CCodecConfig:   c2::u32 input.delay.value = 0
01-06 16:14:53.107  1950 13674 D CCodecConfig:   string input.media-type.value = "audio/vorbis"
01-06 16:14:53.107  1950 13674 D CCodecConfig:   string output.media-type.value = "audio/raw"
01-06 16:14:53.107  1950 13674 D CCodecConfig:   c2::u32 raw.channel-count.value = 1
01-06 16:14:53.107  1950 13674 D CCodecConfig:   c2::u32 raw.sample-rate.value = 48000
01-06 16:14:53.107  1950 13674 D CCodecConfig: }
01-06 16:14:53.108  1950 13674 D CCodecConfig: no c2 equivalents for durationUs
01-06 16:14:53.108  1950 13674 D CCodecConfig: no c2 equivalents for csd-1
01-06 16:14:53.108  1950 13674 D CCodecConfig: no c2 equivalents for track-id
01-06 16:14:53.108  1950 13674 D CCodecConfig: no c2 equivalents for channel-mask
01-06 16:14:53.108  1950 13674 D CCodecConfig: c2 config diff is   c2::u32 raw.channel-count.value = 2
01-06 16:14:53.108  1950 13674 D CCodecConfig:   c2::u32 raw.sample-rate.value = 44100
01-06 16:14:53.108  1950 13674 W Codec2Client: query -- param skipped: index = 1107298332.
01-06 16:14:53.108  1950 13674 D CCodec  : setup formats input: AMessage(what = 0x00000000) = {
01-06 16:14:53.108  1950 13674 D CCodec  :   int32_t channel-count = 2
01-06 16:14:53.108  1950 13674 D CCodec  :   int32_t max-input-size = 32768
01-06 16:14:53.108  1950 13674 D CCodec  :   string mime = "audio/vorbis"
01-06 16:14:53.108  1950 13674 D CCodec  :   int32_t sample-rate = 44100
01-06 16:14:53.108  1950 13674 D CCodec  : } and output: AMessage(what = 0x00000000) = {
01-06 16:14:53.108  1950 13674 D CCodec  :   int32_t channel-count = 2
01-06 16:14:53.108  1950 13674 D CCodec  :   string mime = "audio/raw"
01-06 16:14:53.108  1950 13674 D CCodec  :   int32_t sample-rate = 44100
01-06 16:14:53.108  1950 13674 D CCodec  :   int32_t channel-mask = 3
01-06 16:14:53.108  1950 13674 D CCodec  : }
01-06 16:14:53.108  1804 13269 I CompositorVR: WarpToScreen: Skipping frames for 21
01-06 16:14:53.117  1962  2562 I FileCapture: broadcast capture state to AUI running = false, with mode -1
01-06 16:14:53.119  1804 13269 I CompositorVR: WarpToScreen: Skipping frames for 21
01-06 16:14:53.120  3515 13676 I chatty  : uid=10026 com.oculus.systemux:SystemUX expire 24 lines
01-06 16:14:53.120   853  7201 V C2Store : in init
01-06 16:14:53.120   853  7201 V C2Store : loading dll
01-06 16:14:53.122  1950 13674 W Codec2Client: query -- param skipped: index = 1342179345.
01-06 16:14:53.122  1950 13674 W Codec2Client: query -- param skipped: index = 2415921170.
01-06 16:14:53.122  1950 13674 D CCodecBufferChannel: [c2.android.vorbis.decoder#727] Created input block pool with allocatorID 16 => poolID 68 - OK (0)
01-06 16:14:53.124  1950 13674 I CCodecBufferChannel: [c2.android.vorbis.decoder#727] Created output block pool with allocatorID 16 => poolID 135 - OK
01-06 16:14:53.124  1950 13674 D CCodecBufferChannel: [c2.android.vorbis.decoder#727] Configured output block pool ids 135 => OK
01-06 16:14:53.129 10451 10569 E OsSdk   : error getting shared memory region, memory type: HeadTracker, failed with Status(-1, EX_SECURITY): 'requested shared memory region when not registered/focused'
01-06 16:14:53.131  1804 13269 I CompositorVR: WarpToScreen: Skipping frames for 21
01-06 16:14:53.131  2150  2150 I chatty  : uid=10020(com.oculus.vrshell) ShellOverlayMai expire 7 lines
01-06 16:14:53.137   853 13675 D SimpleC2Component: Using output block pool with poolID 135 => got 135 - 0
01-06 16:14:53.142  1804 13269 I CompositorVR: WarpToScreen: Skipping frames for 21
01-06 16:14:53.142  1962  2562 I OVRMediaServiceManager: Metacam is not enabled.
01-06 16:14:53.147   816  4410 D MediaBufferGroup: creating MemoryDealer
01-06 16:14:53.149   853 13677 D SimpleC2Component: Using output block pool with poolID 136 => got 136 - 0
01-06 16:14:53.153  1804 13269 I CompositorVR: WarpToScreen: Skipping frames for 21
01-06 16:14:53.156   853  1420 D BufferPoolAccessor: Destruction - bufferpool2 0x2b45a75230 cached: 0/0M, 0/0% in use; allocs: 0, 0% recycled; transfers: 0, 0% unfetced
01-06 16:14:53.156   853  1420 V C2Store : in ~ComponentModule
01-06 16:14:53.156   853  1420 V C2Store : unloading dll
01-06 16:14:53.164  1804 13269 I CompositorVR: WarpToScreen: Skipping frames for 21
