01-02 13:33:22.041  5504  5606 E OsSdk   : error getting shared memory region, memory type: HeadTracker, failed with Status(-1, EX_SECURITY): 'requested shared memory region when not registered/focused'
01-02 13:33:22.161   860  1008 I chatty  : uid=1000(system) Binder:860_2 identical 4 lines
01-02 13:33:22.207   860  1008 W TrackingService: attachClient: found client in attached list
01-02 13:33:22.208  5504  5606 E OsSdk   : error getting shared memory region, memory type: HeadTracker, failed with Status(-1, EX_SECURITY): 'requested shared memory region when not registered/focused'
01-02 13:33:22.251   860   860 W TrackingService: attachClient: found client in attached list
01-02 13:33:22.252  5504  5606 E OsSdk   : error getting shared memory region, memory type: HeadTracker, failed with Status(-1, EX_SECURITY): 'requested shared memory region when not registered/focused'
01-02 13:33:22.252   860  1008 W TrackingService: attachClient: found client in attached list
01-02 13:33:22.253  5504  5606 E OsSdk   : error getting shared memory region, memory type: AnchorTracker, failed with Status(-1, EX_SECURITY): 'requested shared memory region when not registered/focused'
01-02 13:33:22.291  5504  5606 E OsSdk   : error getting shared memory region, memory type: HeadTracker, failed with Status(-1, EX_SECURITY): 'requested shared memory region when not registered/focused'
01-02 13:33:22.400   860  1008 I chatty  : uid=1000(system) Binder:860_2 identical 4 lines
01-02 13:33:22.401  5504  5606 E OsSdk   : error getting shared memory region, memory type: HeadTracker, failed with Status(-1, EX_SECURITY): 'requested shared memory region when not registered/focused'
01-02 13:33:22.416  3167  3369 I VrGuardianService: GuardianSDKServer::SetActiveHand
01-02 13:33:22.419  3167  3369 I VrGuardianService: GuardianSDKServer::SetGuardianHitDialog2 1
01-02 13:33:22.441   860  1008 W TrackingService: attachClient: found client in attached list
01-02 13:33:22.442  5504  5606 E OsSdk   : error getting shared memory region, memory type: HeadTracker, failed with Status(-1, EX_SECURITY): 'requested shared memory region when not registered/focused'
01-02 13:33:22.451   860  6805 I chatty  : uid=1000(system) BoltWorkerThrea expire 1 line
01-02 13:33:22.483   860   860 W TrackingService: attachClient: found client in attached list
01-02 13:33:22.484  5504  5606 E OsSdk   : error getting shared memory region, memory type: HeadTracker, failed with Status(-1, EX_SECURITY): 'requested shared memory region when not registered/focused'
01-02 13:33:22.484   860  1008 W TrackingService: attachClient: found client in attached list
01-02 13:33:22.485  5504  5606 E OsSdk   : error getting shared memory region, memory type: AnchorTracker, failed with Status(-1, EX_SECURITY): 'requested shared memory region when not registered/focused'
01-02 13:33:22.525  5504  5606 E OsSdk   : error getting shared memory region, memory type: HeadTracker, failed with Status(-1, EX_SECURITY): 'requested shared memory region when not registered/focused'
01-02 13:33:22.566  5504  5606 E OsSdk   : error getting shared memory region, memory type: HeadTracker, failed with Status(-1, EX_SECURITY): 'requested shared memory region when not registered/focused'
01-02 13:33:22.611   860  1008 I chatty  : uid=1000(system) Binder:860_2 identical 3 lines
01-02 13:33:22.612  5504  5606 E OsSdk   : error getting shared memory region, memory type: HeadTracker, failed with Status(-1, EX_SECURITY): 'requested shared memory region when not registered/focused'
01-02 13:33:22.626  3781  3781 I chatty  : uid=10026 com.oculus.systemux:SystemUX expire 1 line
01-02 13:33:22.626  3781  3812 I chatty  : uid=10026 com.oculus.systemux:SystemUX expire 8 lines
01-02 13:33:22.626  3781  3781 I chatty  : uid=10026 com.oculus.systemux:SystemUX expire 4 lines
01-02 13:33:22.626  3781  3812 I chatty  : uid=10026 com.oculus.systemux:SystemUX expire 4 lines
01-02 13:33:22.653  1022  5118 I ActivityTaskManager: START u0 {act=android.intent.action.MAIN cat=[android.intent.category.LAUNCHER] flg=0x10010000 pkg=com.oculus.vrshell cmp=com.oculus.vrshell/.MainActivity (has extras)} from uid 10020
01-02 13:33:22.654   860  1008 W TrackingService: attachClient: found client in attached list
01-02 13:33:22.654  5504  5606 E OsSdk   : error getting shared memory region, memory type: HeadTracker, failed with Status(-1, EX_SECURITY): 'requested shared memory region when not registered/focused'
01-02 13:33:22.663  7062  7062 D UE4     : [GameActivity] onPause: stop memory reporter runnable
01-02 13:33:22.663  7062  7093 D UE4     : Case APP_CMD_PAUSE
01-02 13:33:22.663  7062  7093 D UE4     : [2023.01.02-13.33.22:663][ 66]LogAndroid: Case APP_CMD_PAUSE
01-02 13:33:22.663  7062  7093 D UE4     : LogAndroidEvents::EnqueueAppEvent : 6, [width=-1, height=-1], tid = 7093, APP_EVENT_STATE_ON_PAUSE
01-02 13:33:22.663  7062  7093 D UE4     : [2023.01.02-13.33.22:663][ 66]LogAndroid: event thread, suspending app, acquiring HW window lock.
01-02 13:33:22.663  7062  7093 D UE4     : LogAndroidEvents::EnqueueAppEvent : 15, [width=-1, height=-1], tid = 7093, APP_EVENT_RUN_CALLBACK
01-02 13:33:22.663  7062  7093 D UE4     : [2023.01.02-13.33.22:663][ 66]LogAndroid: AndroidEGL::  SuspendApp_EventThread, waiting for event manager to process. tid: 7093
01-02 13:33:22.664  7062  7062 D UE4     : [GameActivity] ==============> GameActive.onPause complete!
01-02 13:33:22.668  1022  5118 W InputReader: Device has associated, but no associated display id.
01-02 13:33:22.671  7062  7092 D UE4     : [2023.01.02-13.33.22:671][ 66]LogAndroidEvents: Display: LogAndroidEvents::DequeueAppEvent : 6, [width=-1, height=-1], APP_EVENT_STATE_ON_PAUSE
01-02 13:33:22.671  7062  7092 D UE4     : FAppEventManager::Tick processing, 6
01-02 13:33:22.671  7062  7092 D UE4     : [2023.01.02-13.33.22:671][ 66]LogVulkanRHI: FVulkanPipelineStateCacheManager: skipped saving because we only save if the PSOFC based one failed to load.
01-02 13:33:22.671  7062  7092 D UE4     : [2023.01.02-13.33.22:671][ 66]LogAndroidEvents: Display: LogAndroidEvents::DequeueAppEvent : 15, [width=-1, height=-1], APP_EVENT_RUN_CALLBACK
01-02 13:33:22.671  7062  7092 D UE4     : FAppEventManager::Tick processing, 15
01-02 13:33:22.671  7062  7092 D UE4     : [2023.01.02-13.33.22:671][ 66]LogAndroidEvents: Display: Event thread callback running.
01-02 13:33:22.671  7062  7092 D UE4     : [2023.01.02-13.33.22:671][ 66]LogAndroid: performing app backgrounding callback. 0xaa8466f0
01-02 13:33:22.673  3167  3369 I VrGuardianService: GuardianSDKServer::GuardianCmd: 14
01-02 13:33:22.673  3167  3369 I GuardianSystem: GuardianSystem::GuardianCmd CMD_CLEAR_RETURN_PACKAGE
01-02 13:33:22.673  7062  7062 D SystemActivitiesReceiver: SystemActivityReceiver.onReceive intent:Intent { act=com.oculus.system_activity flg=0x10 pkg=com.YourCompany.PrototypeV4 (has extras) }
01-02 13:33:22.673  7062  7062 D SystemActivitiesReceiver: fromPackageName: 'com.oculus.vrshell'
01-02 13:33:22.673  7062  7062 D SystemActivitiesReceiver: command: '{"Command":"exitToHome","PlatformUIVersion":4,"ToPackage":"com.YourCompany.PrototypeV4"}'
01-02 13:33:22.673  7062  7062 D SystemActivitiesReceiver: uri: ''
01-02 13:33:22.674  1022  1045 D ActivityManager: Is background playback enabled for all apps: false
01-02 13:33:22.676  2453  2453 D VrRuntimeService: onForegroundActivitiesChanged: pid=3199, uid=10020, hasForegroundActivities=true
01-02 13:33:22.678  7062  7062 D TrustedSignatureVerifier: Checking app signature for com.oculus.vrshell
01-02 13:33:22.679  7062  7062 D TrustedSignatureVerifier: Package com.oculus.vrshell trusted due to RELEASE signature.
01-02 13:33:22.679  7062  7062 D SystemActivitiesReceiver: App is trusted
01-02 13:33:22.679  7062  7062 I SystemActivitiesEvents: nativeSystemActivityIntent in 'com.YourCompany.PrototypeV4': 'com.oculus.vrshell' '{"Command":"exitToHome","PlatformUIVersion":4,"ToPackage":"com.YourCompany.PrototypeV4"}' ''
01-02 13:33:22.679  7062  7062 I SystemActivitiesEvents: SYSTEM_ACTIVITY_EVENT_EXIT_TO_HOME: finish() - exit to Home
01-02 13:33:22.679  7062  7062 W any.PrototypeV: Attempt to remove non-JNI local reference, dumping thread
01-02 13:33:22.679  7062  7062 I chatty  : uid=10141(com.YourCompany.PrototypeV4) identical 1 line
01-02 13:33:22.679  7062  7062 W any.PrototypeV: Attempt to remove non-JNI local reference, dumping thread
01-02 13:33:22.679  7062  7062 D ContextHelper: shouldSkipFinish: activity=com.epicgames.ue4.GameActivity@86cc42d
01-02 13:33:22.679  7062  7062 W any.PrototypeV: Accessing hidden method Landroid/app/Activity;->isResumed()Z (greylist, reflection, allowed)
01-02 13:33:22.679  7062  7062 D ContextHelper: activity=com.epicgames.ue4.GameActivity@86cc42d, resumed=false
01-02 13:33:22.679  7062  7062 D ContextHelper: Calling finish() on com.epicgames.ue4.GameActivity@86cc42d
01-02 13:33:22.680  5504  5585 D xrstreaming: receive ping: org 0 recv 0 xmt 10584865564300 (received at 2299439557610), offset divergence -103676
01-02 13:33:22.682   755  5746 D AF::TrackHandle: OpPlayAudio: track:78 uid:10020 pkg:com.oculus.vrshell usage:1 not muted
01-02 13:33:22.682   755   993 D AF::TrackHandle: OpPlayAudio: track:57 uid:10014 pkg:com.oculus.shellenv usage:1 muted
01-02 13:33:22.682   755  5744 D AF::TrackHandle: OpPlayAudio: track:77 uid:10141 pkg:com.YourCompany.PrototypeV4 usage:1 muted
01-02 13:33:22.682   755   991 D AF::RecordHandle: OpRecordAudio: track:76 uid:10032 pkg:com.oculus.horizon usage:0 not muted
01-02 13:33:22.683   755  5544 D AF::RecordHandle: OpRecordAudio: track:56 uid:10014 pkg:com.oculus.shellenv usage:0 muted
01-02 13:33:22.683   755  1285 D AF::TrackHandle: OpPlayAudio: track:63 uid:10033 pkg:com.oculus.xrstreamingclient usage:1 muted
01-02 13:33:22.683   755   991 D AF::RecordHandle: OpRecordAudio: track:76 uid:10032 pkg:com.oculus.horizon usage:0 not muted
01-02 13:33:22.683   755  1555 D AF::RecordHandle: OpRecordAudio: track:64 uid:10033 pkg:com.oculus.xrstreamingclient usage:0 muted
01-02 13:33:22.684  3781  3781 I chatty  : uid=10026 com.oculus.systemux:SystemUX expire 9 lines
01-02 13:33:22.685   755  5544 D AF::RecordHandle: OpRecordAudio: track:56 uid:10014 pkg:com.oculus.shellenv usage:0 muted
01-02 13:33:22.685   755  1555 D AF::RecordHandle: OpRecordAudio: track:64 uid:10033 pkg:com.oculus.xrstreamingclient usage:0 muted
01-02 13:33:22.691   860  7373 W TrackingService: attachClient: found client in attached list
01-02 13:33:22.692  5504  5606 E OsSdk   : error getting shared memory region, memory type: HeadTracker, failed with Status(-1, EX_SECURITY): 'requested shared memory region when not registered/focused'
01-02 13:33:22.701   728   918 D msm8974_platform: platform_split_snd_device: snd_device(22) num devices(1) new_snd_devices(0)
01-02 13:33:22.701   728   918 D ACDB-LOADER: ACDB -> send_audvoltable
01-02 13:33:22.701   728   918 D ACDB-LOADER: ACDB -> ACDB_CMD_GET_AUDPROC_INSTANCE_GAIN_DEP_STEP_TABLE_SIZE
01-02 13:33:22.701   728   918 D         : Failed to fetch the lookup information of the device 0000000F 
01-02 13:33:22.701   728   918 D ACDB-LOADER: Error: ACDB_CMD_GET_AUDPROC_INSTANCE_GAIN_DEP_STEP_TABLE_SIZE Returned = -19
01-02 13:33:22.701   728   918 D ACDB-LOADER: ACDB -> ACDB_CMD_GET_AUDPROC_INSTANCE_GAIN_DEP_STEP_TABLE, vol index 8
01-02 13:33:22.701   728   918 D         : Failed to fetch the lookup information of the device 0000000F 
01-02 13:33:22.701   728   918 D ACDB-LOADER: Error: ACDB AudProc vol returned = -19
01-02 13:33:22.702   728   918 D ACDB-LOADER: ACDB -> AUDIO_SET_VOL_CAL cal type = 40
01-02 13:33:22.713  3199  3199 I chatty  : uid=10020(com.oculus.vrshell) ShellMain expire 16 lines
01-02 13:33:22.724  1022  1816 I ActivityTaskManager: START u0 {act=android.intent.action.MAIN cat=[android.intent.category.LAUNCHER] flg=0x14000000 pkg=com.oculus.shellenv cmp=com.oculus.shellenv/.ShellEnvActivity (has extras)} from uid 10020
01-02 13:33:22.726  2453  3049 I VrRuntimeService: DestroySwapChain: swapchain=229
01-02 13:33:22.727  3167  3369 I VrGuardianService: GuardianSDKServer::SetGuardianHitDialog2 0
01-02 13:33:22.737   860  7373 W TrackingService: attachClient: found client in attached list
01-02 13:33:22.738  5504  5606 E OsSdk   : error getting shared memory region, memory type: HeadTracker, failed with Status(-1, EX_SECURITY): 'requested shared memory region when not registered/focused'
01-02 13:33:22.740   860   860 W TrackingService: attachClient: found client in attached list
01-02 13:33:22.745  5504  5606 E OsSdk   : error getting shared memory region, memory type: AnchorTracker, failed with Status(-1, EX_SECURITY): 'requested shared memory region when not registered/focused'
01-02 13:33:22.781  1022  6288 W InputReader: Device has associated, but no associated display id.
01-02 13:33:22.784  1022  1045 D ActivityManager: Is background playback enabled for all apps: false
01-02 13:33:22.785  2453  2453 D VrRuntimeService: onForegroundActivitiesChanged: pid=2205, uid=10014, hasForegroundActivities=true
01-02 13:33:22.787   755  5744 D AF::RecordHandle: OpRecordAudio: track:64 uid:10033 pkg:com.oculus.xrstreamingclient usage:0 muted
01-02 13:33:22.787  2453  6861 I CompositorVR: SetSchedFifo( tid=7092, pol=2, pri=0 ) succeeded
01-02 13:33:22.788  2453  6861 I CompositorVR: SetSchedFifo( tid=7188, pol=2, pri=0 ) succeeded
01-02 13:33:22.788  2453  6861 I CompositorVR: SetSchedFifo( tid=7166, pol=2, pri=0 ) succeeded
01-02 13:33:22.788   755  5544 D AF::TrackHandle: OpPlayAudio: track:57 uid:10014 pkg:com.oculus.shellenv usage:1 not muted
01-02 13:33:22.788   755  5746 D AF::RecordHandle: OpRecordAudio: track:76 uid:10032 pkg:com.oculus.horizon usage:0 not muted
01-02 13:33:22.788   755  1285 D AF::RecordHandle: OpRecordAudio: track:56 uid:10014 pkg:com.oculus.shellenv usage:0 not muted
01-02 13:33:22.791   860  1008 W TrackingService: attachClient: found client in attached list
01-02 13:33:22.792  5504  5606 E OsSdk   : error getting shared memory region, memory type: HeadTracker, failed with Status(-1, EX_SECURITY): 'requested shared memory region when not registered/focused'
01-02 13:33:22.792   755  5744 D AF::RecordHandle: OpRecordAudio: track:64 uid:10033 pkg:com.oculus.xrstreamingclient usage:0 muted
01-02 13:33:22.792   755  1285 D AF::RecordHandle: OpRecordAudio: track:56 uid:10014 pkg:com.oculus.shellenv usage:0 not muted
01-02 13:33:22.793   755  1555 D AF::TrackHandle: OpPlayAudio: track:78 uid:10020 pkg:com.oculus.vrshell usage:1 not muted
01-02 13:33:22.793   755  5746 D AF::RecordHandle: OpRecordAudio: track:76 uid:10032 pkg:com.oculus.horizon usage:0 not muted
01-02 13:33:22.794   755   991 D AF::TrackHandle: OpPlayAudio: track:77 uid:10141 pkg:com.YourCompany.PrototypeV4 usage:1 muted
01-02 13:33:22.795   755   993 D AF::TrackHandle: OpPlayAudio: track:63 uid:10033 pkg:com.oculus.xrstreamingclient usage:1 muted
01-02 13:33:22.811  3199  3427 I chatty  : uid=10020(com.oculus.vrshell) ShellMainVR expire 75 lines
01-02 13:33:22.815  2453  6861 I SwapChain: DestroyAndroidSurfaceSwapChain: 0x758a0e9000: Destroying SurfaceTexture 0x2956 Surface 0x2966
01-02 13:33:22.816  2205  2205 D ActivityLifecycleListener: onActivityResumed
01-02 13:33:22.816  2205  3122 D ActivityLifecycleListener: activity=com.oculus.shellenv.ShellEnvActivity@52df408, resumed=true
01-02 13:33:22.816  2205  3122 D ActivityLifecycleListener: Activity ready after 0ms
01-02 13:33:22.816  2205  3122 I OpenXR  : nativeOnActivityReady
01-02 13:33:22.839  5504  5606 E OsSdk   : error getting shared memory region, memory type: HeadTracker, failed with Status(-1, EX_SECURITY): 'requested shared memory region when not registered/focused'
01-02 13:33:22.840  2205  2300 I Clay    : BaseApp: Hibernate transition Unhibernate
01-02 13:33:22.840  2205  2300 I Clay    : copresence: microphone state transition, unpaused
01-02 13:33:22.840  2205  2300 I Clay    : SoundSystem: setPaused(false), m_paused=true
01-02 13:33:22.841  1557  1557 V AvrcpMediaPlayerList: onPlaybackConfigChanged(): Configs list size=8
01-02 13:33:22.853  3781  3781 W OVRLibrary: null cursor received for query content://com.oculus.ocms.library/apps/quick_settings_app
01-02 13:33:22.855  2205  2300 I Clay    : EnvironmentSystem: computed visibility changed from Unload to Visible (reason: <none>)
01-02 13:33:22.862   728   918 D msm8974_platform: platform_split_snd_device: snd_device(22) num devices(1) new_snd_devices(0)
01-02 13:33:22.862   728   918 D ACDB-LOADER: ACDB -> send_audvoltable
01-02 13:33:22.862   728   918 D ACDB-LOADER: ACDB -> ACDB_CMD_GET_AUDPROC_INSTANCE_GAIN_DEP_STEP_TABLE_SIZE
01-02 13:33:22.863   728   918 D         : Failed to fetch the lookup information of the device 0000000F 
01-02 13:33:22.863   728   918 D ACDB-LOADER: Error: ACDB_CMD_GET_AUDPROC_INSTANCE_GAIN_DEP_STEP_TABLE_SIZE Returned = -19
01-02 13:33:22.863   728   918 D ACDB-LOADER: ACDB -> ACDB_CMD_GET_AUDPROC_INSTANCE_GAIN_DEP_STEP_TABLE, vol index 10
01-02 13:33:22.863   728   918 D         : Failed to fetch the lookup information of the device 0000000F 
01-02 13:33:22.863   728   918 D ACDB-LOADER: Error: ACDB AudProc vol returned = -19
01-02 13:33:22.863   728   918 D ACDB-LOADER: ACDB -> AUDIO_SET_VOL_CAL cal type = 40
01-02 13:33:22.878  5504  5606 E OsSdk   : error getting shared memory region, memory type: HeadTracker, failed with Status(-1, EX_SECURITY): 'requested shared memory region when not registered/focused'
01-02 13:33:22.880  3781  3781 W OVRLibrary: null cursor received for query content://com.oculus.ocms.library/apps/notifications_system_app
01-02 13:33:22.903  2205  2300 I Clay    : Avatar2ResourceSystem: SDK requesting to load file OvrAvatar2Assets.zip
01-02 13:33:22.903  2205  2300 I Clay    : Avatar2ResourceSystem: SDK requesting to load file OvrAvatar2Assets.zip
01-02 13:33:22.907  3781  3781 W OVRLibrary: null cursor received for query content://com.oculus.ocms.library/apps/paused_app
01-02 13:33:22.919  2205  2300 W System.err: android.content.pm.PackageManager$NameNotFoundException: Application package com.oculus.avatar2 not found
01-02 13:33:22.919  2205  2300 W System.err: 	at android.app.ContextImpl.createPackageContextAsUser(ContextImpl.java:2211)
01-02 13:33:22.919  2205  2300 W System.err: 	at android.app.ContextImpl.createPackageContext(ContextImpl.java:2182)
01-02 13:33:22.919  2205  2300 W System.err: 	at android.content.ContextWrapper.createPackageContext(ContextWrapper.java:876)
01-02 13:33:22.921   860  1008 I chatty  : uid=1000(system) Binder:860_2 identical 3 lines
01-02 13:33:22.922  5504  5606 E OsSdk   : error getting shared memory region, memory type: HeadTracker, failed with Status(-1, EX_SECURITY): 'requested shared memory region when not registered/focused'
01-02 13:33:22.927  3781  3781 W OVRLibrary: null cursor received for query content://com.oculus.ocms.library/apps/com.android.settings
01-02 13:33:22.939  2205  2300 I OpenXR  : PostSessionStateChange: XR_SESSION_STATE_IDLE -> XR_SESSION_STATE_READY
01-02 13:33:22.939  2205  2300 I Clay    : xrPollEvent: REFERENCE_SPACE_CHANGE_PENDING
01-02 13:33:22.939  2205  2300 I Clay    : xrPollEvent: DISPLAY_REFRESH_RATE_CHANGED_FB: 90.000000 -> 72.000000
01-02 13:33:22.939  2205  2300 I Clay    : xrPollEvent: SESSION_STATE_CHANGED: READY
01-02 13:33:22.939  2205  2300 I Clay    : Entering VR mode: cpu=-1, gpu=-1, perf threads: main=2300, gpu=unset
01-02 13:33:22.939  2205  2300 I OpenXR  : ------------ xrBeginSession [start] -----------
01-02 13:33:22.939  2205  2300 I VrRuntimeClient: Tracing is disabled
01-02 13:33:22.939  2205  2300 I VrRuntimeClient: SysProp debug mode is disabled on Client side
01-02 13:33:22.940  1936  4063 I [CT]    : MIXEDREALITY: MrServiceController: VrFocusManager::Top Activity Changed, topActivity now is: 'com.YourCompany.PrototypeV4', immersiveApp now is: 'com.YourCompany.PrototypeV4'.
01-02 13:33:22.945  2205  2300 D VrApi   : targetSDKVersion 29
01-02 13:33:22.946  1936  3539 I [CT]    : MIXEDREALITY: MrServiceView: renderIteration: Nothing to render, hibernating the rendering thread since ID is off and no active PT layers.
01-02 13:33:22.946  1936  3539 I [CT]    : MIXEDREALITY: MrServiceModel: Hibernating caller (most likely rendering thread) due to commandQueue being empty.
01-02 13:33:22.948  2205  2300 I VrRuntimeClient: DEVICE MODEL NUMBER = Quest 2
01-02 13:33:22.948  2205  2300 I VrRuntimeClient: DEVICE BUILD NAME = user-49068160412800150
01-02 13:33:22.948  2205  2300 I VrRuntimeClient: DEVICE BUILD TYPE = user
01-02 13:33:22.948  2205  2300 I VrRuntimeClient: DEVICE OS VERSION = 10
01-02 13:33:22.948  2205  2300 I VrRuntimeClient: API LOADER VERSION = 1.0.22
01-02 13:33:22.948  2205  2300 I VrRuntimeClient: RUNTIME API VERSION = 1.0.25
01-02 13:33:22.948  2205  2300 I VrRuntimeClient: RUNTIME VERSION = 47.0.0.282.341 Nov 25 2022 14:16:35 RELEASE
01-02 13:33:22.948  2205  2300 I VrRuntimeClient: APP NAME = ShellEnv
01-02 13:33:22.948  2205  2300 I VrRuntimeClient: APP VERSION = 47.0.0.282.341 versionCode 428237325 internalVersionName 47.0.0.282.341.8e28c4f8052b 2022_12_12_06_39
01-02 13:33:22.948  2205  2300 I VrRuntimeClient: APP VR TYPE = vr_only
01-02 13:33:22.948  2205  2300 I VrRuntimeClient: APP MODE TYPE = VR
01-02 13:33:22.948  2205  2300 I VrRuntimeClient: APP PACKAGE NAME = com.oculus.shellenv
01-02 13:33:22.948  2205  2300 I VrRuntimeClient: APP ACTIVITY CLASS = com.oculus.shellenv.ShellEnvActivity
01-02 13:33:22.949  2205  2300 I Sensor  : OSSDKTRACKING Initializing head tracking
01-02 13:33:22.949  2205  2300 I Sensor  : OSSDKTRACKING Head tracker != nullpointer 0x755927af98, 1
01-02 13:33:22.949  2205  2300 I Sensor  : OSSDKTRACKING Initializing controller tracking
01-02 13:33:22.949  2205  2300 I Sensor  : OSSDKTRACKING Controller tracker != nullpointer 0x7558c8b550, 1
01-02 13:33:22.949  2205  2300 D BatteryReceiver: Registering battery receiver
01-02 13:33:22.951  2205  2300 D HeadsetReceiver: getCurrentHeadsetState: false
01-02 13:33:22.951  2205  2300 I DeviceStatus: nativeHeadsetEvent(0)
01-02 13:33:22.953  2205  2300 I VrRuntimeClient: SetCompositorClientFeatureFlag ClientFeatureFlag 0 
01-02 13:33:22.953  2205  2300 I LogTimer: CPUTIME: VrRuntimeClient_BeginSession took 13.5474 ms
01-02 13:33:22.954  2205  2300 I ClientInputInterface: DEADRECKONING SetControllerTrackingExtendedDeadreckoning 0
01-02 13:33:22.954  2205  2300 I ClientInputSettings: HANDTRACKING package name is com.oculus.shellenv
01-02 13:33:22.959  2205  2300 I ClientInputSettings: HANDTRACKING: Manifest Permission request for com.oculus.shellenv
01-02 13:33:22.959  2205  2300 I ClientInputSettings: HANDTRACKING:  'com.oculus.shellenv' Is hands or controller.
01-02 13:33:22.959  2205  2300 I ClientInputSettings: HANDTRACKING: feature flag set to 2
01-02 13:33:22.959  2205  2300 I ClientInputInterface: HANDTRACKING sethandmanifest 2
01-02 13:33:22.959  2205  2300 I InputHooks_Internal: Enabling Native Input Hooks
01-02 13:33:22.960  2205  2300 I InputDeviceManager: ovrInputDeviceManager::Initialize
01-02 13:33:22.960   860  1008 W TrackingService: attachClient: found client in attached list
01-02 13:33:22.961   860  1008 D TrackingService: getSharedMemory: com.oculus.shellenv#2205, HeadTracker
01-02 13:33:22.961  2205  2300 I Distortion: Initializing Mesh Decenter Correction
01-02 13:33:22.961   860  1008 W TrackingService: attachClient: found client in attached list
01-02 13:33:22.962   860  1008 D TrackingService: getSharedMemory: com.oculus.shellenv, Controller
01-02 13:33:22.962   837  1268 E CalibrationProvider: loadCalibration(LDISP_SN) failed: Calibration store didn't load any info
01-02 13:33:22.962  2205  7380 I InputDevice_TrackedRemote: REMOTE: Hand=1 IndexAnalog=0.00 GripAnalog=0.00 Buttons=0x00000000
01-02 13:33:22.962  2205  7380 I InputDevice_TrackedRemote: REMOTE: Hand=2 IndexAnalog=0.00 GripAnalog=0.00 Buttons=0x00000000
01-02 13:33:22.962  2205  7380 I InputDeviceManager: HANDTRACKING Pointer filter profile changed to: 0
01-02 13:33:22.962  2205  7380 I InputDeviceManager: HANDTRACKING Pointer filter profile changed to: 0
01-02 13:33:22.962  2205  7380 I InputDeviceManager: HANDTRACKING Root pose filter profile changed for (version, freq) to (2, 1) from (1,2)
01-02 13:33:22.962   837  1268 E CalibrationProvider: loadCalibration(RDISP_SN) failed: Calibration store didn't load any info
01-02 13:33:22.962  2205  2300 I Distortion: SetLensPositions - iad=0.0630034, left offset=-0.000259154,-0.00102733, right offset=0.00013832,-0.00104481
01-02 13:33:22.962  2205  2300 I Distortion: Initializing Mesh Decenter Correction
01-02 13:33:22.963   837  1268 E CalibrationProvider: loadCalibration(LDISP_SN) failed: Calibration store didn't load any info
01-02 13:33:22.963   837  1268 E CalibrationProvider: loadCalibration(RDISP_SN) failed: Calibration store didn't load any info
01-02 13:33:22.963  3781  3781 W OVRLibrary: null cursor received for query content://com.oculus.ocms.library/apps/com.YourCompany.PrototypeV4
01-02 13:33:22.963  2205  2300 I Distortion: SetLensPositions - iad=0.0630034, left offset=-0.000259154,-0.00102733, right offset=0.00013832,-0.00104481
01-02 13:33:22.963  2205  2300 I Distortion: Created custom distortion mesh.
01-02 13:33:22.963  2205  2300 I PhaseSync: PhaseSync::PhaseSync PaddingLowerLimit 0.350000 StandardDeviations 2.000000 PaddingUpperLimit 0.750000 on instance 3
01-02 13:33:22.963  2205  2300 I VrRuntimeClient: PhaseSync Instance created
01-02 13:33:22.963  2205  2300 D VrRuntimeClient: pokeGuardianUserServiceForThisClient: com.oculus.shellenv:10014
01-02 13:33:22.965   860  1008 W TrackingService: attachClient: found client in attached list
01-02 13:33:22.965  5504  5606 E OsSdk   : error getting shared memory region, memory type: HeadTracker, failed with Status(-1, EX_SECURITY): 'requested shared memory region when not registered/focused'
01-02 13:33:22.966  3167  3167 D VrGuardianUserService: onStartCommandIntent { act=FOREGROUND_CLIENT cmp=com.oculus.guardian/com.oculus.vrguardianservice.VrGuardianUserService (has extras) }
01-02 13:33:22.966  3167  3167 D VrGuardianUserService: maybeSubscribeDeviceConfig
01-02 13:33:22.966  2205  2300 D VrRuntimeClient: VrRuntimeClient: getClientWindow: activity client
01-02 13:33:22.966  3167  3167 D VrGuardianUserService: onStartCommand FOREGROUND_CLIENT user = 0
01-02 13:33:22.966  2453  3120 I VrRuntimeService: RuntimeServiceSDKServer::EnableRendering: 0x75945c3380, 1, com.oculus.shellenv
01-02 13:33:22.966  2453  3120 I ClientMgr: ClientMgr::EnableRendering 2205:com.oculus.shellenv : type 0 comp-id 1: enable
01-02 13:33:22.966  2453  3120 I CompositorVR: CheckDebuggerConnected: debugger 0
01-02 13:33:22.966  2453  3120 I VrRuntimeServer: SysProp debug mode is disabled on Server side
01-02 13:33:22.967  3167  3167 D VrGuardianService: setCurrentUser() called with: userId = [0]
01-02 13:33:22.967  3167  3167 I VrGuardianService: nativeSetCurrentUser userid = 0
01-02 13:33:22.967  3167  3167 I GuardianSystem: GuardianSystem::SetCurrentUser: 0 
01-02 13:33:22.975  2453  3027 I ClientMgr: Non-overlay clients rendering status has changed: prev=19, curr=20, enabled=2
01-02 13:33:22.976  2453  3120 I UnifiedTelemetryWrapper: Started UT session render:com.oculus.shellenv
01-02 13:33:22.981  2205  2300 I ScreenCaptureHelper: Advertising com.oculus.shellenv as streamable
01-02 13:33:22.981  2205  2300 I VrApi   : OVR::Stats thread started
01-02 13:33:22.981  2205  2300 I XrRuntimeUtils: XrRuntimeUtils::BeginSession
01-02 13:33:22.981  2205  2300 I XrRuntimeSystem_Client: BeginSession
01-02 13:33:22.981  2205  2300 I OpenXR  : ------------ xrBeginSession [end] -----------
01-02 13:33:22.981  2205  2300 I Clay    : Setting CPU/GPU levels= 25/75
01-02 13:33:22.981  2205  2300 I VrRuntimeClient: Client has lost focus.
01-02 13:33:22.982  2453  3027 D VrRuntimeService: ForegroundAppInfo = {uid=10014 pid=2205 packageName=com.oculus.shellenv processName=com.oculus.shellenv
01-02 13:33:22.982  2453  3027 I ClientMgr: GetForegroundClientId: Found foreground uid 10014.
01-02 13:33:22.982  2453  3027 I ClientMgr: Primary client determined to be foreground client: com.oculus.shellenv.
01-02 13:33:22.982  2453  3027 I ClientMgr: ClientMgr::SetPrimaryCompositorClient: 2205:com.oculus.shellenv
01-02 13:33:22.982  2453  3027 W ClientMgr: ClientMgr::GetClientPermissionFlagsById: Client missing proper permissions: com.oculus.shellenv, 2
01-02 13:33:22.982  2453  3027 I CompositorClientMgr: Enable client 1
01-02 13:33:22.982  2453  3027 I VrRuntimeServer: EnableCompositorClient client(1): layer placement(0) flags(1) sm(0x75f14cd010)
01-02 13:33:22.982  2453  3027 I ClientMgr: SetPrimaryPackageName - packageName com.oculus.shellenv processName com.oculus.shellenv clientId 3877060336 clientPid 2205
01-02 13:33:22.982  2453  3027 I ServiceInputManager: ServiceInputManager::SetPrimaryPackageName 'com.oculus.shellenv' 'com.oculus.shellenv'  updated AnytimeUI processname 0
01-02 13:33:22.982  2453  3027 I VrRuntimeService: RuntimeIPC: SendPrimaryPackageChangeEvent: PostClientEvent SUCCESS: com.YourCompany.PrototypeV4:com.YourCompany.PrototypeV4:7062, com.oculus.shellenv, com.oculus.shellenv
01-02 13:33:22.982  2453  3027 I VrRuntimeService: RuntimeIPC: SendPrimaryPackageChangeEvent: PostClientEvent SUCCESS: com.oculus.xrstreamingclient:com.oculus.xrstreamingclient:5504, com.oculus.shellenv, com.oculus.shellenv
01-02 13:33:22.982  2453  3027 I VrRuntimeService: RuntimeIPC: SendPrimaryPackageChangeEvent: PostClientEvent SUCCESS: com.oculus.mrservice:com.oculus.mrservice:1936, com.oculus.shellenv, com.oculus.shellenv
01-02 13:33:22.982  2453  3027 I VrRuntimeService: RuntimeIPC: SendPrimaryPackageChangeEvent: PostClientEvent SUCCESS: com.oculus.vrshell:com.oculus.vrshell:Overlay:2430, com.oculus.shellenv, com.oculus.shellenv
01-02 13:33:22.982  2453  3027 I VrRuntimeService: RuntimeIPC: SendPrimaryPackageChangeEvent: PostClientEvent SUCCESS: com.oculus.vrshell:com.oculus.vrshell:3199, com.oculus.shellenv, com.oculus.shellenv
01-02 13:33:22.982  2453  3027 I VrRuntimeService: RuntimeIPC: SendPrimaryPackageChangeEvent: PostClientEvent SUCCESS: com.oculus.shellenv:com.oculus.shellenv:2205, com.oculus.shellenv, com.oculus.shellenv
01-02 13:33:22.982  2453  3027 I VrRuntimeService: RuntimeIPC: SendPrimaryPackageChangeEvent: PostClientEvent SUCCESS: com.oculus.guardian:com.oculus.vrguardianservice:3167, com.oculus.shellenv, com.oculus.shellenv
01-02 13:33:22.982  2453  3027 I VrRuntimeService: RuntimeIPC: SendPrimaryPackageChangeEvent: PostClientEvent SUCCESS: native_process.system:/system/bin/mrsystemservice:843, com.oculus.shellenv, com.oculus.shellenv
01-02 13:33:22.982  2453  3027 D VrRuntimeService: sendPrimaryPackageChangeBroadcast
01-02 13:33:22.985  3167  3311 I GuardianSystem: runtimeServiceSDKClient_.ForceShowGuardianEvent
01-02 13:33:22.985  3167  3311 I GuardianSystem: ForceShowGuardian: false, 0.00
01-02 13:33:22.985  3167  3311 I GuardianSystem: runtimeServiceSDKClient_.PackageChangeEvent: package=[com.oculus.shellenv], process=[com.oculus.shellenv]
01-02 13:33:22.985  3167  3311 I GuardianSystem: SetCurrentProcessName: com.oculus.shellenv, previous ProcessName: com.YourCompany.PrototypeV4
01-02 13:33:22.986  5504  5585 D xrstreaming: receive pong: org 2299743141568 recv 10585172908500 xmt 10585174767000 (received at 2299745271724), offset divergence -103676
01-02 13:33:22.986  5504  5585 D xrstreaming: new clock offset=8285429631104 (rtt: 271656, dispersion: 985712, jitter: 2888639)
01-02 13:33:22.986  2272  2395 I OVRMediaService: onStartCommand Received message type: set_package_name, caller package: no_app_identity, app identify: null
01-02 13:33:22.986  2205  7385 D VrApi   : targetSDKVersion 29
01-02 13:33:22.986  2272  2395 I OVRMediaService: Got package name intent (com.oculus.shellenv)
01-02 13:33:22.988  2430  2430 I chatty  : uid=10020(com.oculus.vrshell) ShellOverlayMai expire 5 lines
01-02 13:33:22.988  2453  3027 I AADT    : SetAADTLutDataX: 0
01-02 13:33:22.988  2453  3027 I AADT    : SetAADTLutDataY: 0
01-02 13:33:22.988  2453  3027 I ServiceInputManager: DEADRECKONING deadReckoning mode on ClientMgr from server is 0
01-02 13:33:22.988  2453  3027 I CompositorClientMgr: Enable client 0
01-02 13:33:22.988  2453  3027 I VrRuntimeServer: EnableCompositorClient client(0): layer placement(2147483643) flags(8) sm(0x759cb3e160)
01-02 13:33:22.989  2453  3027 I Vsync   : Adjusting vsync display refresh rate 72.000000 -> 90.000000
01-02 13:33:22.990  2272  2395 I OVRMediaServiceManager: Sending onAppStart (com.oculus.shellenv) to SocialPlatform (com.oculus.socialplatform)
01-02 13:33:22.991  2453  6861 I CompositorVR: LatchWarpClients: Multiple Primary Clients detected. Skipping frames for 9
01-02 13:33:22.991  2453  6861 I CompositorVR: WarpToScreen: Skipping frames for 9
01-02 13:33:22.991  2205  7387 I FenceChecker: FenceChecker::MainLoop - started
01-02 13:33:22.994  2205  2300 I OpenXR  : PostSessionStateChange: XR_SESSION_STATE_READY -> XR_SESSION_STATE_SYNCHRONIZED
01-02 13:33:22.994  2205  2300 I Clay    : xrPollEvent: SESSION_STATE_CHANGED: SYNCHRONIZED
01-02 13:33:22.995  1936  4063 I [CT]    : MIXEDREALITY: MrServiceController: VrFocusManager::Top Activity Changed, topActivity now is: 'com.YourCompany.PrototypeV4', immersiveApp now is: 'com.YourCompany.PrototypeV4'.
01-02 13:33:22.996  2453  6861 I CompositorVR: SetSchedFifo( tid=2300, pol=3, pri=0 ) succeeded
01-02 13:33:22.996  2453  6861 I CompositorVR: SetSchedFifo( tid=7387, pol=3, pri=0 ) succeeded
01-02 13:33:22.996  2453  6861 I AADT    : SetAADTLutDataX. Thread. SizeX: 0
01-02 13:33:22.996  2453  6861 I AADT    : SetAADTLutDataY. Thread. SizeY: 0
01-02 13:33:22.996  1936  3539 I [CT]    : MIXEDREALITY: MrServiceView: renderIteration: Nothing to render, hibernating the rendering thread since ID is off and no active PT layers.
01-02 13:33:22.996  1936  3539 I [CT]    : MIXEDREALITY: MrServiceModel: Hibernating caller (most likely rendering thread) due to commandQueue being empty.
01-02 13:33:23.004  2453  2453 D VrRuntimeService: onForegroundActivitiesChanged: pid=3199, uid=10020, hasForegroundActivities=false
01-02 13:33:23.005  1022  5118 W AppOps  : Noting op not finished: uid 10020 pkg com.oculus.vrshell code 24 time=1672666402675 duration=-1
01-02 13:33:23.005  2453  6861 I CompositorVR: WarpToScreen: Skipping frames for 9
01-02 13:33:23.009   860  7373 W TrackingService: attachClient: found client in attached list
01-02 13:33:23.011  1022  5118 E WindowManager: App trying to use insecure INPUT_FEATURE_NO_INPUT_CHANNEL flag. Ignoring
01-02 13:33:23.014  3781  3781 W OVRLibrary: null cursor received for query content://com.oculus.ocms.library/apps/com.oculus.xrstreamingclient
01-02 13:33:23.015  5504  5606 E OsSdk   : error getting shared memory region, memory type: HeadTracker, failed with Status(-1, EX_SECURITY): 'requested shared memory region when not registered/focused'
01-02 13:33:23.017  7062  7160 I VrApi   : FPS=72/72,Prd=48ms,Tear=1,Early=72,Stale=0,VSnc=1,Lat=1,Fov=0,CPU4/GPU=4/4,1478/525MHz,OC=FF,TA=0/F/F,SP=N/N/N,Mem=2092MHz,Free=2322MB,PLS=0,Temp=25.5C/0.0C,TW=3.66ms,App=4.06ms,GD=0.12ms,CPU&GPU=8.68ms,LCnt=5(DR0,LM2),GPU%=0.62,CPU%=0.19(W0.24),DSF=1.00,CFL=19.72/21.59
01-02 13:33:23.018  2205  7385 I JniUtils: ovr_GetCurrentPackageSignature 
01-02 13:33:23.019  2453  6861 I CompositorVR: WarpToScreen: Skipping frames for 9
01-02 13:33:23.019  2205  7385 I Metrics : device name = Oculus Quest 2
01-02 13:33:23.020  2453  2453 I ClientMgr: FocusedWindowChanged: falling back to client with same uid: 10020, and pid: 3199
01-02 13:33:23.021   860  1008 W TrackingService: attachClient: found client in attached list
01-02 13:33:23.023   867  6588 D VrApiService: refresh-rate changed to 90Hz
01-02 13:33:23.023  2453  3027 I VrRuntimeServer: DisableCompositorClient: 0
01-02 13:33:23.023  2453  3027 I CompositorClientMgr: Disable client 0
01-02 13:33:23.024  2453  3027 I CompositorClientMgr: DisableClient: frame flush required: 1
01-02 13:33:23.024  2453  2453 I ClientMgr: FocusedClient changed.
01-02 13:33:23.024  2453  2453 I ClientMgr: ClientMgr::SetFocusedClient: 3199:com.oculus.vrshell type 1
01-02 13:33:23.024  2453  2453 I ClientMgr: SetFocusedPackageName - packageName com.oculus.vrshell processName com.oculus.vrshell clientId 1429439675 clientPid 3199
01-02 13:33:23.024  2453  2453 I VrRuntimeService: RuntimeIPC: SendFocusChangeEventToAllClients: PostClientEvent SUCCESS: com.YourCompany.PrototypeV4:com.YourCompany.PrototypeV4:7062, com.oculus.vrshell, com.oculus.vrshell
01-02 13:33:23.024  2453  2453 I VrRuntimeService: RuntimeIPC: SendFocusChangeEventToAllClients: PostClientEvent SUCCESS: com.oculus.xrstreamingclient:com.oculus.xrstreamingclient:5504, com.oculus.vrshell, com.oculus.vrshell
01-02 13:33:23.024  2453  2453 I VrRuntimeService: RuntimeIPC: SendFocusChangeEventToAllClients: PostClientEvent SUCCESS: com.oculus.mrservice:com.oculus.mrservice:1936, com.oculus.vrshell, com.oculus.vrshell
01-02 13:33:23.024  2453  2453 I VrRuntimeService: RuntimeIPC: SendFocusChangeEventToAllClients: PostClientEvent SUCCESS: com.oculus.vrshell:com.oculus.vrshell:Overlay:2430, com.oculus.vrshell, com.oculus.vrshell
01-02 13:33:23.024  2453  2453 I VrRuntimeService: RuntimeIPC: SendFocusChangeEventToAllClients: PostClientEvent SUCCESS: com.oculus.vrshell:com.oculus.vrshell:3199, com.oculus.vrshell, com.oculus.vrshell
01-02 13:33:23.024  2453  2453 I VrRuntimeService: RuntimeIPC: SendFocusChangeEventToAllClients: PostClientEvent SUCCESS: com.oculus.shellenv:com.oculus.shellenv:2205, com.oculus.vrshell, com.oculus.vrshell
01-02 13:33:23.024  2453  2453 I VrRuntimeService: RuntimeIPC: SendFocusChangeEventToAllClients: PostClientEvent SUCCESS: com.oculus.guardian:com.oculus.vrguardianservice:3167, com.oculus.vrshell, com.oculus.vrshell
01-02 13:33:23.024  2453  2453 I VrRuntimeService: RuntimeIPC: SendFocusChangeEventToAllClients: PostClientEvent SUCCESS: native_process.system:/system/bin/mrsystemservice:843, com.oculus.vrshell, com.oculus.vrshell
01-02 13:33:23.024  5504  5606 E OsSdk   : error getting shared memory region, memory type: AnchorTracker, failed with Status(-1, EX_SECURITY): 'requested shared memory region when not registered/focused'
01-02 13:33:23.028  1238  1272 I SDM     : HWCDisplayBuiltIn::Validate: Validate +++ enable cac = 0
01-02 13:33:23.030  2272  3482 I OVRMediaServiceManager: Sending onAppStart (com.oculus.shellenv) to SocialPlatform (com.oculus.socialplatform)
01-02 13:33:23.030   860  1008 W TrackingService: attachClient: found client in attached list
01-02 13:33:23.031   860  1008 D TrackingService: getSharedMemory: com.oculus.vrshell#3199, HeadTracker
01-02 13:33:23.032  2453  3627 E BufferQueueProducer: [SurfaceTexture-231-2453-18] dequeueBuffer: BufferQueue has been abandoned
01-02 13:33:23.032   759   759 E CompositionEngine: ANativeWindow::dequeueBuffer failed for display [com.oculus.android_panel_app.AndroidPanelLayer-#main] with error: -19
01-02 13:33:23.032   759   759 W SurfaceFlinger: Dequeuing buffer for display [com.oculus.android_panel_app.AndroidPanelLayer-#main] failed, bailing out of client composition for this frame
01-02 13:33:23.032   860  7373 W TrackingService: attachClient: found client in attached list
01-02 13:33:23.033  2453  6861 I CompositorVR: LatchWarpClients: Multiple Primary Clients detected. Skipping frames for 9
01-02 13:33:23.033  2453  6861 I CompositorVR: WarpToScreen: Skipping frames for 9
01-02 13:33:23.033  4125  4125 D MetaCam (MediaCapabilityChecker): checkMediaHasRecordingCapabilities packageName: com.oculus.vrshell
01-02 13:33:23.033  4125  4125 D MetaCam (MediaCapabilityChecker): checkMediaHasRecordingCapabilities packageName: com.oculus.vrshell
01-02 13:33:23.033   860  7373 D TrackingService: getSharedMemory: com.oculus.vrshell, Controller
01-02 13:33:23.034  3199  7388 I chatty  : uid=10020(com.oculus.vrshell) OVRInput expire 5 lines
01-02 13:33:23.034   837  1268 E CalibrationProvider: loadCalibration(LDISP_SN) failed: Calibration store didn't load any info
01-02 13:33:23.034   837  1268 E CalibrationProvider: loadCalibration(RDISP_SN) failed: Calibration store didn't load any info
01-02 13:33:23.035   837  1268 E CalibrationProvider: loadCalibration(LDISP_SN) failed: Calibration store didn't load any info
01-02 13:33:23.035   837  1268 E CalibrationProvider: loadCalibration(RDISP_SN) failed: Calibration store didn't load any info
01-02 13:33:23.036  2453  3426 I VrRuntimeService: RuntimeServiceSDKServer::EnableRendering: 0x0, 0, com.oculus.vrshell
01-02 13:33:23.036  2453  3426 I ClientMgr: EnableRendering2: invalid clientWindow, testing uid/pid
01-02 13:33:23.036  2453  3426 I ClientMgr: EnableRendering2: matched uid: 10020 and pid: 3199 
01-02 13:33:23.036  2453  3426 I ClientMgr: EnableRendering2: Calling SetFocusedClient: 1429439675
01-02 13:33:23.036  2453  3426 I ClientMgr: ClientMgr::SetFocusedClient: 3199:com.oculus.vrshell type 1
01-02 13:33:23.036  2453  3426 I ClientMgr: SetFocusedPackageName - packageName com.oculus.vrshell processName com.oculus.vrshell clientId 1429439675 clientPid 3199
01-02 13:33:23.036  2453  3426 I ClientMgr: ClientMgr::EnableRendering 3199:com.oculus.vrshell : type 1 comp-id 4: enable
01-02 13:33:23.036  2453  3426 I CompositorClientMgr: Enable client 4
01-02 13:33:23.036  2453  3426 I VrRuntimeServer: EnableCompositorClient client(4): layer placement(2147483647) flags(0) sm(0x75ed5b7010)
01-02 13:33:23.036  2453  3426 I CompositorVR: CheckDebuggerConnected: debugger 0
01-02 13:33:23.036  2453  3426 I VrRuntimeServer: SysProp debug mode is disabled on Server side
01-02 13:33:23.038  2453  6861 I CompositorVR: LatchWarpClients: Multiple Primary Clients detected. Skipping frames for 9
01-02 13:33:23.047  2453  6861 I CompositorVR: WarpToScreen: Skipping frames for 9
01-02 13:33:23.047  2453  3049 I VrRuntimeService: DestroySwapChain: swapchain=207
01-02 13:33:23.047  2453  2992 I SwapChain: DestroyAndroidSurfaceSwapChain: 0x759011a000: Destroying SurfaceTexture 0x2906 Surface 0x2916
01-02 13:33:23.047  2453  3049 I VrRuntimeServer: DestroyTextureSwapChain: result destroyswapchain 1
01-02 13:33:23.048  2453  3049 I VrRuntimeService: DestroySwapChain: swapchain=206
01-02 13:33:23.048  2453  2992 I SwapChain: DestroyAndroidSurfaceSwapChain: 0x758a1c4000: Destroying SurfaceTexture 0x2876 Surface 0x2866
01-02 13:33:23.048  2453  3049 I VrRuntimeServer: DestroyTextureSwapChain: result destroyswapchain 1
01-02 13:33:23.050  1911  1942 I RPCServer: HandleClientDisconnect: Client: com.oculus.vrshell:com.oculus.vrshell:Overlay:2430, Server: com.oculus.os.dialoghost:com.oculus.os.dialoghost (DialogHostService)
01-02 13:33:23.052  2453  6861 I Vsync   : Vsync 5832:  1 x 11.14 ms (71.83 Hz, at 2299.812)
01-02 13:33:23.058  2453  6861 I CompositorVR: WarpToScreen: Skipping frames for 9
01-02 13:33:23.066  2453  3049 I VrRuntimeService: DestroySwapChain: swapchain=208
01-02 13:33:23.067  2453  6861 I CompositorVR: WarpToScreen: Skipping frames for 9
01-02 13:33:23.067  2205  2300 I Clay    : xrPollEvent: DISPLAY_REFRESH_RATE_CHANGED_FB: 72.000000 -> 90.000000
01-02 13:33:23.068   860  7373 W TrackingService: attachClient: found client in attached list
01-02 13:33:23.069  5504  5606 E OsSdk   : error getting shared memory region, memory type: HeadTracker, failed with Status(-1, EX_SECURITY): 'requested shared memory region when not registered/focused'
01-02 13:33:23.072  2453  3426 I UnifiedTelemetryWrapper: Started UT session render:com.oculus.vrshell
01-02 13:33:23.076  1936  3745 I [CT]    : MIXEDREALITY: MrFeatureStatus: Client status changed from Paused to Started.
01-02 13:33:23.076  1936  3745 I [CT]    : MIXEDREALITY: MrFeatureStatus: Target status Started, CurrentStatus: Started
01-02 13:33:23.076  1936  3539 I [CT]    : MIXEDREALITY: OpenXrSupport: renderIteration: Display refresh rate changed, new value: 90.
01-02 13:33:23.076  1936  3539 I [CT]    : MIXEDREALITY: MrRuntimeImpl: onDisplayRefreshRateChanged: Display rate changed from 72 to 90.
01-02 13:33:23.076  1936  3539 I [CT]    : MIXEDREALITY: MrRuntimeImpl: Force telemetry to be sent now.
01-02 13:33:23.076  1936  3539 I [CT]    : MIXEDREALITY: MrRuntimeImpl: Reset telemetry such to start collecting data using the new refresh rate.
01-02 13:33:23.076  1936  3539 I [CT]    : MIXEDREALITY: MrRuntimeImpl: setSessionInitTime: Capability 0: timer set to 2299.83594511 ns, duration reset after 24.830430147 s.
01-02 13:33:23.076  1936  3539 I [CT]    : MIXEDREALITY: MrRuntimeImpl: setSessionInitTime: Capability 2: timer set to 2299.835967245 ns, duration reset after 1996.890082832 s.
01-02 13:33:23.076  1936  3539 I [CT]    : MIXEDREALITY: MrServiceView: renderIteration: Nothing to render, hibernating the rendering thread since ID is off and no active PT layers.
01-02 13:33:23.076  1936  3539 I [CT]    : MIXEDREALITY: MrServiceModel: Hibernating caller (most likely rendering thread) due to commandQueue being empty.
01-02 13:33:23.078  2453  6861 I CompositorVR: WarpToScreen: Skipping frames for 9
01-02 13:33:23.079   728   918 I audio_hw_primary: getting vr mode to 0
01-02 13:33:23.080   755   993 I AudioPolicyManagerCustom: VR mode is 0, switch to primary output if request is for fast|raw
01-02 13:33:23.081   755   993 W AudioFlinger: createTrack_l(): mismatch between requested flags (00000104) and output flags (00000006)
01-02 13:33:23.081   755   993 D AudioFlinger: Client defaulted notificationFrames to 192 for frameCount 384
01-02 13:33:23.081   755   993 D AF::TrackHandle: OpPlayAudio: track:79 uid:10020 pkg:com.oculus.vrshell usage:1 not muted
01-02 13:33:23.083  2272  2852 I OVRMediaService: onStartCommand Received message type: overlay_input_focus_change, caller package: com.oculus.vrshell, app identify: AppIdentity{uid=10020, packageNames=[com.oculus.vrshell], sha1=MxZgtt071YLz39PLrkVGckZooCE, sha2=3C-DTjwZQjeLFPB2yCzRq1nqZWa_9HMLIEfpjvyfna8, version=null, domain=null}
01-02 13:33:23.083  3199  7391 I chatty  : uid=10020(com.oculus.vrshell) OVR::Stats expire 1 line
01-02 13:33:23.090  2453  6861 I CompositorVR: WarpToScreen: Skipping frames for 9
01-02 13:33:23.091  1557  1557 V AvrcpMediaPlayerList: onPlaybackConfigChanged(): Configs list size=9
01-02 13:33:23.101  2453  6861 I CompositorVR: WarpToScreen: Skipping frames for 9
01-02 13:33:23.101  2272  2852 I OVRMediaService: Received OVERLAY_INPUT_FOCUS_CHANGE. is focused: true
01-02 13:33:23.103  3199  3427 I chatty  : uid=10020(com.oculus.vrshell) ShellMainVR expire 7 lines
01-02 13:33:23.104  1022  1793 I MediaFocusControl: requestAudioFocus() from uid/pid 10020/3199 clientId=android.media.AudioManager@439404ecom.oculus.vrshell.ShellAudioFocusHandler@84c556f callingPack=com.oculus.vrshell req=1 flags=0x0 sdk=29
01-02 13:33:23.105  2272  2666 W OVRLibrary: null cursor received for query content://com.oculus.ocms.library/apps/com.oculus.vrshell
01-02 13:33:23.111  3781  3781 W OVRLibrary: null cursor received for query content://com.oculus.ocms.library/apps/com.YourCompany.TemplateProject3
01-02 13:33:23.112  2453  6861 I CompositorVR: WarpToScreen: Skipping frames for 9
01-02 13:33:23.112  2272  2395 E OVRMediaServiceManager: LivestreamingManager Not initialized
01-02 13:33:23.113  5504  5606 E OsSdk   : error getting shared memory region, memory type: HeadTracker, failed with Status(-1, EX_SECURITY): 'requested shared memory region when not registered/focused'
01-02 13:33:23.113  2272  3482 E OVRMediaServiceManager: LivestreamingManager Not initialized
01-02 13:33:23.115  2430  3075 I chatty  : uid=10020(com.oculus.vrshell) ShellOverlayVR expire 11 lines
01-02 13:33:23.117  3199  7391 I chatty  : uid=10020(com.oculus.vrshell) OVR::Stats expire 2 lines
01-02 13:33:23.117  1856  1856 D OculusNotificationListenerService: Notification posted: 0|android|0|com.android.server.wm.AlertWindowNotification - com.oculus.vrshell|1000
01-02 13:33:23.118  2430  2430 I chatty  : uid=10020(com.oculus.vrshell) ShellOverlayMai expire 1 line
01-02 13:33:23.118  2430  3075 I chatty  : uid=10020(com.oculus.vrshell) ShellOverlayVR expire 7 lines
01-02 13:33:23.119  1936  3542 I [CT]    : MIXEDREALITY: MrFeatureStatus: Client status changed from Started to Paused.
01-02 13:33:23.120  1936  3542 I [CT]    : MIXEDREALITY: MrFeatureStatus: Target status Started, CurrentStatus: Started
01-02 13:33:23.120  1936  3539 I [CT]    : MIXEDREALITY: MrServiceView: renderIteration: Nothing to render, hibernating the rendering thread since ID is off and no active PT layers.
01-02 13:33:23.120  1936  3539 I [CT]    : MIXEDREALITY: MrServiceModel: Hibernating caller (most likely rendering thread) due to commandQueue being empty.
01-02 13:33:23.121   728   918 D msm8974_platform: platform_split_snd_device: snd_device(22) num devices(1) new_snd_devices(0)
01-02 13:33:23.121   728   918 D ACDB-LOADER: ACDB -> send_audvoltable
01-02 13:33:23.121   728   918 D ACDB-LOADER: ACDB -> ACDB_CMD_GET_AUDPROC_INSTANCE_GAIN_DEP_STEP_TABLE_SIZE
01-02 13:33:23.121   728   918 D         : Failed to fetch the lookup information of the device 0000000F 
01-02 13:33:23.121   728   918 D ACDB-LOADER: Error: ACDB_CMD_GET_AUDPROC_INSTANCE_GAIN_DEP_STEP_TABLE_SIZE Returned = -19
01-02 13:33:23.121   728   918 D ACDB-LOADER: ACDB -> ACDB_CMD_GET_AUDPROC_INSTANCE_GAIN_DEP_STEP_TABLE, vol index 11
01-02 13:33:23.121   728   918 D         : Failed to fetch the lookup information of the device 0000000F 
01-02 13:33:23.121   728   918 D ACDB-LOADER: Error: ACDB AudProc vol returned = -19
01-02 13:33:23.121   728   918 D ACDB-LOADER: ACDB -> AUDIO_SET_VOL_CAL cal type = 40
01-02 13:33:23.123  2453  6861 I CompositorVR: WarpToScreen: Skipping frames for 9
01-02 13:33:23.126  3199  3427 I chatty  : uid=10020(com.oculus.vrshell) ShellMainVR expire 6 lines
