01-09 19:04:17.933  3500 11210 D CCodec  : } and output: AMessage(what = 0x00000000) = {
01-09 19:04:17.933  3500 11210 D CCodec  :   int32_t channel-count = 2
01-09 19:04:17.933  3500 11210 D CCodec  :   string mime = "audio/raw"
01-09 19:04:17.933  3500 11210 D CCodec  :   int32_t sample-rate = 44100
01-09 19:04:17.933  3500 11210 D CCodec  :   int32_t channel-mask = 3
01-09 19:04:17.933  3500 11210 D CCodec  : }
01-09 19:04:17.944  1770 10730 I CompositorVR: WarpToScreen: Skipping frames for 12
01-09 19:04:17.955  1770 10730 I CompositorVR: WarpToScreen: Skipping frames for 12
01-09 19:04:17.956  3500 11210 W Codec2Client: query -- param skipped: index = 1342179345.
01-09 19:04:17.956  3500 11210 W Codec2Client: query -- param skipped: index = 2415921170.
01-09 19:04:17.957  3500 11210 D CCodecBufferChannel: [c2.android.vorbis.decoder#618] Created input block pool with allocatorID 16 => poolID 25 - OK (0)
01-09 19:04:17.958   826  1404 D BufferPoolAccessor: bufferpool2 0x38aeb72230 : 0(0 size) total buffers - 0(0 size) used buffers - 618/620 (recycle/alloc) - 2/618 (fetch/transfer)
01-09 19:04:17.958   826  1404 D BufferPoolAccessor: Destruction - bufferpool2 0x38aeb72230 cached: 0/0M, 0/0% in use; allocs: 620, 100% recycled; transfers: 618, 100% unfetced
01-09 19:04:17.959  3500 11210 I CCodecBufferChannel: [c2.android.vorbis.decoder#618] Created output block pool with allocatorID 16 => poolID 82 - OK
01-09 19:04:17.959  3500 11210 D CCodecBufferChannel: [c2.android.vorbis.decoder#618] Configured output block pool ids 82 => OK
01-09 19:04:17.961   826 11211 D SimpleC2Component: Using output block pool with poolID 82 => got 82 - 0
01-09 19:04:17.966  1770 10730 I CompositorVR: WarpToScreen: Skipping frames for 12
01-09 19:04:17.975  3500 11210 D CCodecBufferChannel: [c2.android.vorbis.decoder#618] Discard frames from previous generation.
01-09 19:04:17.975  3500 11210 D CCodecBufferChannel: [c2.android.vorbis.decoder#618] Discard frames from previous generation.
01-09 19:04:17.977  1770 10730 I CompositorVR: WarpToScreen: Skipping frames for 12
01-09 19:04:17.988  1770 10730 I CompositorVR: WarpToScreen: Skipping frames for 12
01-09 19:04:17.996   826 11191 D BufferPoolAccessor: Destruction - bufferpool2 0x38aeb6a830 cached: 0/0M, 0/0% in use; allocs: 0, 0% recycled; transfers: 0, 0% unfetced
01-09 19:04:17.996   826 11191 V C2Store : in ~ComponentModule
01-09 19:04:17.996   826 11191 V C2Store : unloading dll
01-09 19:04:17.998  1053  1081 W BroadcastQueue: Skipping deliver [background] BroadcastRecord{7ecca66 u-1 android.intent.action.BATTERY_CHANGED} to ReceiverList{7b876c9 10519 com.YourCompany.PrototypeV4/10161/u0 remote:28a06d0}: process gone or crashing
01-09 19:04:17.998  1053  1081 W BroadcastQueue: Skipping deliver [background] BroadcastRecord{7ecca66 u-1 android.intent.action.BATTERY_CHANGED} to ReceiverList{9f87ca6 10519 com.YourCompany.PrototypeV4/10161/u0 remote:de33601}: process gone or crashing
01-09 19:04:18.000  1770 10730 I CompositorVR: WarpToScreen: Skipping frames for 12
01-09 19:04:18.004  3530 11161 I Telemetry: App memory usage: PSS=54 MiB, PrivateDirty=35 MiB, PrivateClean=0 MiB, GPU=6.1/6.3 MiB (98% allocated)
01-09 19:04:18.007  3500 11155 I Telemetry: App memory usage: PSS=325 MiB, PrivateDirty=276 MiB, PrivateClean=34 MiB, GPU=101.6/102.0 MiB (100% allocated)
01-09 19:04:18.009  1053  1250 I DisplayManagerService: Display device added: DisplayDeviceInfo{"com.oculus.android_panel_app.AndroidPanelLayer-controlbar4": uniqueId="virtual:com.oculus.systemux,10026,com.oculus.android_panel_app.AndroidPanelLayer-controlbar4,0", 1250 x 50, modeId 94, defaultModeId 94, supportedModes [{id=94, width=1250, height=50, fps=60.0}], colorMode 0, supportedColorModes [0], HdrCapabilities null, density 200, 200.0 x 200.0 dpi, appVsyncOff 0, presDeadline 16666666, touch NONE, rotation 0, type VIRTUAL, state OFF, owner com.oculus.systemux (uid 10026), FLAG_PRIVATE, FLAG_NEVER_BLANK, FLAG_OWN_CONTENT_ONLY}
01-09 19:04:18.011  1770 10730 I CompositorVR: WarpToScreen: Skipping frames for 12
01-09 19:04:18.021  3500 11155 I VrApi   : FPS=77/90,Prd=24ms,Tear=0,Early=0,Stale=17,VSnc=0,Lat=-1,Fov=0,CPU4/GPU=3/3,2419/490MHz,OC=FF,TA=0/70/0,SP=N/F/N,Mem=2092MHz,Free=3192MB,PLS=0,Temp=27.0C/0.0C,TW=2.55ms,App=4.62ms,GD=0.12ms,CPU&GPU=8.11ms,LCnt=3(DR31,LM2),GPU%=0.68,CPU%=0.19(W0.25),DSF=1.00,CFL=14.67/28.16
01-09 19:04:18.022  1770 10730 I CompositorVR: WarpToScreen: Skipping frames for 12
01-09 19:04:18.033  1770 10730 I CompositorVR: WarpToScreen: Skipping frames for 12
01-09 19:04:18.044  1770 10730 I CompositorVR: WarpToScreen: Skipping frames for 12
01-09 19:04:18.055  1770 10730 I CompositorVR: WarpToScreen: Skipping frames for 12
01-09 19:04:18.059  2925  3833 I VrGuardianService: GuardianSDKServer::SetGuardianHitDialog2 1
01-09 19:04:18.063  1053  5156 I DisplayManagerService: Display device removed: DisplayDeviceInfo{"com.oculus.android_panel_app.AndroidPanelLayer-controlbar4": uniqueId="virtual:com.oculus.systemux,10026,com.oculus.android_panel_app.AndroidPanelLayer-controlbar4,0", 1250 x 50, modeId 94, defaultModeId 94, supportedModes [{id=94, width=1250, height=50, fps=60.0}], colorMode 0, supportedColorModes [0], HdrCapabilities null, density 200, 200.0 x 200.0 dpi, appVsyncOff 0, presDeadline 16666666, touch NONE, rotation 0, type VIRTUAL, state OFF, owner com.oculus.systemux (uid 10026), FLAG_PRIVATE, FLAG_NEVER_BLANK, FLAG_OWN_CONTENT_ONLY}
01-09 19:04:18.066  1770 10730 I CompositorVR: WarpToScreen: Skipping frames for 12
01-09 19:04:18.070  1053  5156 I DisplayManagerService: Display device added: DisplayDeviceInfo{"com.oculus.android_panel_app.AndroidPanelLayer-controlbar4": uniqueId="virtual:com.oculus.systemux,10026,com.oculus.android_panel_app.AndroidPanelLayer-controlbar4,0", 1000 x 50, modeId 95, defaultModeId 95, supportedModes [{id=95, width=1000, height=50, fps=60.0}], colorMode 0, supportedColorModes [0], HdrCapabilities null, density 200, 200.0 x 200.0 dpi, appVsyncOff 0, presDeadline 16666666, touch NONE, rotation 0, type VIRTUAL, state OFF, owner com.oculus.systemux (uid 10026), FLAG_PRIVATE, FLAG_NEVER_BLANK, FLAG_OWN_CONTENT_ONLY}
01-09 19:04:18.071  1053  1072 W InputReader: Device has associated, but no associated display id.
01-09 19:04:18.078  1770 10730 I CompositorVR: WarpToScreen: Skipping frames for 12
01-09 19:04:18.078  3530  3776 I [SEO] PanelAppHost: Setting panel layer visibility of layer "controlbar4" to invisible, panel 14 (com.oculus.systemux/com.oculus.panelapp.controlbar.ControlBarPanelService)
01-09 19:04:18.078  3530  3776 I [SEO] PanelAppHost: Resize layer controlbar4 to size 1000 x 50 shape: 2 stereo: 0, panel 14 (com.oculus.systemux/com.oculus.panelapp.controlbar.ControlBarPanelService)
01-09 19:04:18.078  3530  3776 I [SEO] PanelRenderLayer: ResetSurface controlbar4 1000 x 50 - shape:2 stereo:0
01-09 19:04:18.081  1053  1074 W InputReader: Device has associated, but no associated display id.
01-09 19:04:18.081  1053  1074 I ActivityTaskManager: Override config changes=20005df8 {0.0 ?mcc?mnc ?localeList ?layoutDir sw40dp w1000dp h40dp 200dpi nrml long land ?uimode ?night -touch qwerty/v/v -nav/h winConfig={ mBounds=Rect(0, 0 - 1250, 50) mAppBounds=Rect(0, 0 - 1250, 50) mWindowingMode=fullscreen mDisplayWindowingMode=fullscreen mActivityType=undefined mAlwaysOnTop=undefined mRotation=ROTATION_0}} for displayId=33
01-09 19:04:18.089  1770 10730 I CompositorVR: WarpToScreen: Skipping frames for 12
01-09 19:04:18.099  1053  1074 I DisplayManagerService: Display device changed state: "com.oculus.android_panel_app.AndroidPanelLayer-controlbar4", ON
01-09 19:04:18.100  1770 10730 I CompositorVR: WarpToScreen: Skipping frames for 12
01-09 19:04:18.111  1770 10730 I CompositorVR: WarpToScreen: Skipping frames for 12
01-09 19:04:18.122  1770 10730 I CompositorVR: WarpToScreen: Skipping frames for 12
01-09 19:04:18.124  3530  3776 I [SEO] LayerSwapChainResource: LayerSwapChainResource 1000,50 : 3
01-09 19:04:18.124  1770  3598 I VrRuntimeService: CreateSwapChain: 3532866319
01-09 19:04:18.124  1770  3598 I VrRuntimeService: CreateSwapChain: api:vk 0 0x2b 1000 50 10 3 1 4 3
01-09 19:04:18.124  1770  3598 W SwapChain_Vulkan: CreateTextureSwapChainFoveationVulkan: ShouldCreateFragmentDensityMap: false
01-09 19:04:18.124  1770  3598 W SwapChain_Vulkan: ExportTextureResourcesFoveationVulkan: chain->VkInteropFoveation.Device == nullptr
01-09 19:04:18.124  1770  3598 W SwapChain: CreateTextureSwapChainFoveation: export failed
01-09 19:04:18.124  1770  3598 I VrRuntimeServer: CreateTextureSwapChain: result importswapchaingles 1
01-09 19:04:18.125  3500  3840 I SwapChain_Vulkan: Imported texture has requirements 3, ends up index 0
01-09 19:04:18.125  3500  3840 I SwapChain_Vulkan: Imported texture has requirements 3, ends up index 0
01-09 19:04:18.125  3500  3840 W VrRuntimeClient: CreateTextureSwapChain: Failed to import foveation swapchain
01-09 19:04:18.127  1770  3598 I VrRuntimeService: UpdateSwapChainSamplerState: 252
01-09 19:04:18.128  1770  3598 I VrRuntimeService: UpdateSwapChainSamplerState: minFilter=1 magFilter=1 wrapModeS=3 warpModeT=3 maxAniso=1.000000 border={0.000000,0.000000,0.000000,0.000000} swizzle={0,1,2,3}
01-09 19:04:18.133  1770 10730 I CompositorVR: WarpToScreen: Skipping frames for 12
01-09 19:04:18.156  1770 10730 I CompositorVR: WarpToScreen: Skipping frames for 12
01-09 19:04:18.158  2363  2390 I com.oculus.ocm: Background young concurrent copying GC freed 20680(2734KB) AllocSpace objects, 21(420KB) LOS objects, 47% free, 3703KB/7072KB, paused 65us total 120.464ms
01-09 19:04:18.158  3221 11213 I chatty  : uid=10026(com.oculus.systemux) pool-20-thread- expire 2 lines
01-09 19:04:18.159  1053  1072 W InputReader: Device has associated, but no associated display id.
01-09 19:04:18.167  1770 10730 I CompositorVR: WarpToScreen: Skipping frames for 12
01-09 19:04:18.222  1770 10730 I CompositorVR: WarpToScreen: Skipping frames for 12
01-09 19:04:18.228  1053  1072 W Looper  : Slow dispatch took 108ms android.ui h=android.hardware.display.DisplayManagerGlobal$DisplayListenerDelegate c=null m=1
01-09 19:04:18.229  1053  4788 E WindowManager: App trying to use insecure INPUT_FEATURE_NO_INPUT_CHANNEL flag. Ignoring
01-09 19:04:18.232  1053  1074 W InputReader: Device has associated, but no associated display id.
01-09 19:04:18.232  1053  1074 I ActivityTaskManager: Override config changes=20005df8 {0.0 ?mcc?mnc ?localeList ?layoutDir sw40dp w800dp h40dp 200dpi nrml long land ?uimode ?night -touch qwerty/v/v -nav/h winConfig={ mBounds=Rect(0, 0 - 1000, 50) mAppBounds=Rect(0, 0 - 1000, 50) mWindowingMode=fullscreen mDisplayWindowingMode=fullscreen mActivityType=undefined mAlwaysOnTop=undefined mRotation=ROTATION_0}} for displayId=34
01-09 19:04:18.233  1053  1074 I WindowManager: Screen frozen for +73ms due to new-config
01-09 19:04:18.234  1770 10730 I CompositorVR: WarpToScreen: Skipping frames for 12
01-09 19:04:18.256  1770 10730 I CompositorVR: WarpToScreen: Skipping frames for 12
01-09 19:04:18.263  3221  4001 I chatty  : uid=10026(com.oculus.systemux) RenderThread expire 2 lines
01-09 19:04:18.267  1770 10730 I CompositorVR: WarpToScreen: Skipping frames for 12
01-09 19:04:18.278  1770 10730 I CompositorVR: WarpToScreen: Skipping frames for 12
01-09 19:04:18.289  1770 10730 I CompositorVR: WarpToScreen: Skipping frames for 12
01-09 19:04:18.300  1770 10730 I CompositorVR: WarpToScreen: Skipping frames for 12
01-09 19:04:18.307  3221  4615 I chatty  : uid=10026(com.oculus.systemux) Binder:3221_8 expire 2 lines
01-09 19:04:18.311  3221  4613 I chatty  : uid=10026(com.oculus.systemux) Binder:3221_7 expire 2 lines
01-09 19:04:18.311  1770 10730 I CompositorVR: WarpToScreen: Skipping frames for 12
01-09 19:04:18.319  3221 11174 I chatty  : uid=10026(com.oculus.systemux) pool-16-thread- expire 17 lines
01-09 19:04:18.323  1770 10730 I CompositorVR: WarpToScreen: Skipping frames for 12
01-09 19:04:18.334  1770 10730 I CompositorVR: WarpToScreen: Skipping frames for 12
01-09 19:04:18.334  3530  3776 I [SEO] PanelAppHost: Setting panel layer visibility of layer "#main" to visible, panel 13 (com.oculus.systemux/com.oculus.panelapp.anytimeui.AnytimeUIAndroidPanelService)
01-09 19:04:18.345  1770 10730 I CompositorVR: WarpToScreen: Skipping frames for 12
01-09 19:04:18.349  2925  3833 I VrGuardianService: GuardianSDKServer::SetGuardianHitDialog2 0
01-09 19:04:18.356  1770 10730 I CompositorVR: WarpToScreen: Skipping frames for 12
01-09 19:04:18.389  1770 10730 I CompositorVR: WarpToScreen: Skipping frames for 12
01-09 19:04:18.390  3530  3776 I [SEO] PanelAppHost: Setting panel layer visibility of layer "controlbar4" to visible, panel 14 (com.oculus.systemux/com.oculus.panelapp.controlbar.ControlBarPanelService)
01-09 19:04:18.400  1770 10730 I CompositorVR: WarpToScreen: Skipping frames for 12
01-09 19:04:18.423  1770 10730 I CompositorVR: WarpToScreen: Skipping frames for 12
01-09 19:04:18.424  1770 10730 I CompositorProgs: loaded binary layerProgram 1:0x100000048001:0x0 in 0.9 ms
01-09 19:04:18.434  1770 10730 I CompositorVR: WarpToScreen: Skipping frames for 12
01-09 19:04:18.443   834 10737 W [CT]    : TIMESTAMPCHECKER: Nominal rate wrong. Estimated data rate: 25, Nominal is 30.000300003000028
01-09 19:04:18.445  1770 10730 I CompositorVR: WarpToScreen: Skipping frames for 12
01-09 19:04:18.456  1770 10730 I CompositorVR: WarpToScreen: Skipping frames for 12
01-09 19:04:18.467  1770 10730 I CompositorVR: WarpToScreen: Skipping frames for 12
01-09 19:04:18.468   834 10737 W [CT]    : VEGA:MAP_TRACKING_HM: [Throttled count=25] Map tracking did not run.
01-09 19:04:18.479  1770 10730 I CompositorVR: WarpToScreen: Skipping frames for 12
01-09 19:04:18.490  1770 10730 I CompositorVR: WarpToScreen: Skipping frames for 12
01-09 19:04:18.501  1770 10730 I CompositorVR: WarpToScreen: Skipping frames for 12
01-09 19:04:18.512  1770 10730 I CompositorVR: WarpToScreen: Skipping frames for 12
01-09 19:04:18.515  3221 11215 I chatty  : uid=10026(com.oculus.systemux) pool-16-thread- expire 17 lines
01-09 19:04:18.523  1770 10730 I CompositorVR: WarpToScreen: Skipping frames for 12
01-09 19:04:18.545  1770 10730 I CompositorVR: WarpToScreen: Skipping frames for 12
01-09 19:04:18.557  1770 10730 I CompositorVR: WarpToScreen: Skipping frames for 12
01-09 19:04:18.568  1770 10730 I CompositorVR: WarpToScreen: Skipping frames for 12
01-09 19:04:18.579  1770 10730 I CompositorVR: WarpToScreen: Skipping frames for 12
01-09 19:04:18.590  1770 10730 I CompositorVR: WarpToScreen: Skipping frames for 12
01-09 19:04:18.601  1770 10730 I CompositorVR: WarpToScreen: Skipping frames for 12
01-09 19:04:18.612  1770 10730 I CompositorVR: WarpToScreen: Skipping frames for 12
01-09 19:04:18.623  1770 10730 I CompositorVR: WarpToScreen: Skipping frames for 12
01-09 19:04:18.633  2112  2891 I [OAO] ShellOverlayApp: Sleep timeout exceeded. Timeout:8992.698418, Now:8992.748416. Sleeping... 
01-09 19:04:18.633  2112  2891 I [OAO] ShellOverlayApp: WaitForWake: VrThread entering waiting state
01-09 19:04:18.634  1770 10730 I CompositorVR: WarpToScreen: Skipping frames for 12
01-09 19:04:18.668  1770 10730 I CompositorVR: WarpToScreen: Skipping frames for 12
01-09 19:04:18.676  3221  4615 I chatty  : uid=10026(com.oculus.systemux) Binder:3221_8 expire 2 lines
01-09 19:04:18.676  3221  4613 I chatty  : uid=10026(com.oculus.systemux) Binder:3221_7 expire 3 lines
01-09 19:04:18.677  3221  3252 I chatty  : uid=10026(com.oculus.systemux) Binder:3221_1 expire 2 lines
01-09 19:04:18.677  3221  3253 I chatty  : uid=10026(com.oculus.systemux) Binder:3221_2 expire 3 lines
01-09 19:04:18.679  1770 10730 I CompositorVR: WarpToScreen: Skipping frames for 12
01-09 19:04:18.690  1770 10730 I CompositorVR: WarpToScreen: Skipping frames for 12
01-09 19:04:18.691  2925  2999 I StateMachine: StateMachine::Update ForceShow: stopForceShow -> ForceShowOff
01-09 19:04:18.701  1770 10730 I CompositorVR: WarpToScreen: Skipping frames for 12
01-09 19:04:18.712  1770 10730 I CompositorVR: WarpToScreen: Skipping frames for 12
01-09 19:04:18.720  3500 11220 D CCodec  : allocate(c2.android.vorbis.decoder)
01-09 19:04:18.720   826 11191 V C2Store : in init
01-09 19:04:18.720   826 11191 V C2Store : loading dll
01-09 19:04:18.724  1770 10730 I CompositorVR: WarpToScreen: Skipping frames for 12
01-09 19:04:18.729  3500 11220 I CCodec  : Created component [c2.android.vorbis.decoder]
01-09 19:04:18.730  3500 11220 D CCodecConfig: read media type: audio/vorbis
01-09 19:04:18.734  3500 11220 D ReflectedParamUpdater: extent() != 1 for single value type: algo.buffers.max-count.values
01-09 19:04:18.734  3500 11220 D ReflectedParamUpdater: extent() != 1 for single value type: output.subscribed-indices.values
01-09 19:04:18.734  3500 11220 D ReflectedParamUpdater: extent() != 1 for single value type: input.buffers.allocator-ids.values
01-09 19:04:18.734  3500 11220 D ReflectedParamUpdater: extent() != 1 for single value type: output.buffers.allocator-ids.values
01-09 19:04:18.734  3500 11220 D ReflectedParamUpdater: extent() != 1 for single value type: algo.buffers.allocator-ids.values
01-09 19:04:18.735  3500 11220 D ReflectedParamUpdater: extent() != 1 for single value type: output.buffers.pool-ids.values
01-09 19:04:18.735  1770 10730 I CompositorVR: WarpToScreen: Skipping frames for 12
01-09 19:04:18.736  3500 11220 D ReflectedParamUpdater: extent() != 1 for single value type: algo.buffers.pool-ids.values
01-09 19:04:18.739  3500 11220 I CCodecConfig: query failed after returning 7 values (BAD_INDEX)
01-09 19:04:18.739  3500 11220 D CCodecConfig: c2 config diff is Dict {
01-09 19:04:18.739  3500 11220 D CCodecConfig:   c2::u32 coded.bitrate.value = 64000
01-09 19:04:18.739  3500 11220 D CCodecConfig:   c2::u32 input.buffers.max-size.value = 32768
01-09 19:04:18.739  3500 11220 D CCodecConfig:   c2::u32 input.delay.value = 0
01-09 19:04:18.739  3500 11220 D CCodecConfig:   string input.media-type.value = "audio/vorbis"
01-09 19:04:18.739  3500 11220 D CCodecConfig:   string output.media-type.value = "audio/raw"
01-09 19:04:18.739  3500 11220 D CCodecConfig:   c2::u32 raw.channel-count.value = 1
01-09 19:04:18.739  3500 11220 D CCodecConfig:   c2::u32 raw.sample-rate.value = 48000
01-09 19:04:18.739  3500 11220 D CCodecConfig: }
01-09 19:04:18.739  3500 11220 D CCodecConfig: no c2 equivalents for durationUs
01-09 19:04:18.739  3500 11220 D CCodecConfig: no c2 equivalents for csd-1
01-09 19:04:18.739  3500 11220 D CCodecConfig: no c2 equivalents for track-id
01-09 19:04:18.739  3500 11220 D CCodecConfig: no c2 equivalents for channel-mask
01-09 19:04:18.740  3500 11220 D CCodecConfig: c2 config diff is   c2::u32 raw.channel-count.value = 2
01-09 19:04:18.740  3500 11220 D CCodecConfig:   c2::u32 raw.sample-rate.value = 44100
01-09 19:04:18.740  3500 11220 W Codec2Client: query -- param skipped: index = 1107298332.
01-09 19:04:18.740  3500 11220 D CCodec  : setup formats input: AMessage(what = 0x00000000) = {
01-09 19:04:18.740  3500 11220 D CCodec  :   int32_t channel-count = 2
01-09 19:04:18.740  3500 11220 D CCodec  :   int32_t max-input-size = 32768
01-09 19:04:18.740  3500 11220 D CCodec  :   string mime = "audio/vorbis"
01-09 19:04:18.740  3500 11220 D CCodec  :   int32_t sample-rate = 44100
01-09 19:04:18.740  3500 11220 D CCodec  : } and output: AMessage(what = 0x00000000) = {
01-09 19:04:18.740  3500 11220 D CCodec  :   int32_t channel-count = 2
01-09 19:04:18.740  3500 11220 D CCodec  :   string mime = "audio/raw"
01-09 19:04:18.740  3500 11220 D CCodec  :   int32_t sample-rate = 44100
01-09 19:04:18.740  3500 11220 D CCodec  :   int32_t channel-mask = 3
01-09 19:04:18.740  3500 11220 D CCodec  : }
01-09 19:04:18.746  1770 10730 I CompositorVR: WarpToScreen: Skipping frames for 12
01-09 19:04:18.751   826  5242 V C2Store : in ~ComponentModule
01-09 19:04:18.751   826  5242 V C2Store : unloading dll
01-09 19:04:18.757  1770 10730 I CompositorVR: WarpToScreen: Skipping frames for 12
01-09 19:04:18.779  1770 10730 I chatty  : uid=10025(com.oculus.systemdriver) OVR::TimeWarp identical 54 lines
01-09 19:04:18.790  1770 10730 I CompositorVR: WarpToScreen: Skipping frames for 12
01-09 19:04:18.794   834  1209 W [CT]    : VEGA_MAP_BUILDER: Resolved a potential TrackToMapPointAssosiation conflict between tracks 2687033 (index = 41, version = 57) and 589935 (index = 9, version = 111). Point handle: 1024 0.
01-09 19:04:18.802  1770 10730 I CompositorVR: WarpToScreen: Skipping frames for 12
01-09 19:04:18.809  3500 11223 D CCodec  : allocate(c2.android.vorbis.decoder)
01-09 19:04:18.809   826  5242 V C2Store : in init
01-09 19:04:18.809   826  5242 V C2Store : loading dll
01-09 19:04:18.813  1770 10730 I CompositorVR: WarpToScreen: Skipping frames for 12
01-09 19:04:18.824  2925  3833 I VrGuardianService: GuardianSDKServer::SetGuardianHitDialog2 1
01-09 19:04:18.824  1770 10730 I CompositorVR: WarpToScreen: Skipping frames for 12
01-09 19:04:18.824  3500 11223 I CCodec  : Created component [c2.android.vorbis.decoder]
01-09 19:04:18.824  3500 11223 D CCodecConfig: read media type: audio/vorbis
01-09 19:04:18.829  3500 11223 D ReflectedParamUpdater: extent() != 1 for single value type: algo.buffers.max-count.values
01-09 19:04:18.830  3500 11223 D ReflectedParamUpdater: extent() != 1 for single value type: output.subscribed-indices.values
01-09 19:04:18.830  3500 11223 D ReflectedParamUpdater: extent() != 1 for single value type: input.buffers.allocator-ids.values
01-09 19:04:18.830  3500 11223 D ReflectedParamUpdater: extent() != 1 for single value type: output.buffers.allocator-ids.values
01-09 19:04:18.830  3500 11223 D ReflectedParamUpdater: extent() != 1 for single value type: algo.buffers.allocator-ids.values
01-09 19:04:18.830  3500 11223 D ReflectedParamUpdater: extent() != 1 for single value type: output.buffers.pool-ids.values
01-09 19:04:18.830  3500 11223 D ReflectedParamUpdater: extent() != 1 for single value type: algo.buffers.pool-ids.values
01-09 19:04:18.831  3500 11223 I CCodecConfig: query failed after returning 7 values (BAD_INDEX)
01-09 19:04:18.831  3500 11223 D CCodecConfig: c2 config diff is Dict {
01-09 19:04:18.831  3500 11223 D CCodecConfig:   c2::u32 coded.bitrate.value = 64000
01-09 19:04:18.831  3500 11223 D CCodecConfig:   c2::u32 input.buffers.max-size.value = 32768
01-09 19:04:18.831  3500 11223 D CCodecConfig:   c2::u32 input.delay.value = 0
01-09 19:04:18.831  3500 11223 D CCodecConfig:   string input.media-type.value = "audio/vorbis"
01-09 19:04:18.831  3500 11223 D CCodecConfig:   string output.media-type.value = "audio/raw"
01-09 19:04:18.831  3500 11223 D CCodecConfig:   c2::u32 raw.channel-count.value = 1
01-09 19:04:18.831  3500 11223 D CCodecConfig:   c2::u32 raw.sample-rate.value = 48000
01-09 19:04:18.831  3500 11223 D CCodecConfig: }
01-09 19:04:18.831  3500 11223 D CCodecConfig: no c2 equivalents for durationUs
01-09 19:04:18.831  3500 11223 D CCodecConfig: no c2 equivalents for csd-1
01-09 19:04:18.831  3500 11223 D CCodecConfig: no c2 equivalents for track-id
01-09 19:04:18.831  3500 11223 D CCodecConfig: no c2 equivalents for channel-mask
01-09 19:04:18.832  3500 11223 D CCodecConfig: c2 config diff is   c2::u32 raw.channel-count.value = 2
01-09 19:04:18.832  3500 11223 D CCodecConfig:   c2::u32 raw.sample-rate.value = 44100
01-09 19:04:18.833  3500 11223 W Codec2Client: query -- param skipped: index = 1107298332.
01-09 19:04:18.833  3500 11223 D CCodec  : setup formats input: AMessage(what = 0x00000000) = {
01-09 19:04:18.833  3500 11223 D CCodec  :   int32_t channel-count = 2
01-09 19:04:18.833  3500 11223 D CCodec  :   int32_t max-input-size = 32768
01-09 19:04:18.833  3500 11223 D CCodec  :   string mime = "audio/vorbis"
01-09 19:04:18.833  3500 11223 D CCodec  :   int32_t sample-rate = 44100
01-09 19:04:18.833  3500 11223 D CCodec  : } and output: AMessage(what = 0x00000000) = {
01-09 19:04:18.833  3500 11223 D CCodec  :   int32_t channel-count = 2
01-09 19:04:18.833  3500 11223 D CCodec  :   string mime = "audio/raw"
01-09 19:04:18.833  3500 11223 D CCodec  :   int32_t sample-rate = 44100
01-09 19:04:18.833  3500 11223 D CCodec  :   int32_t channel-mask = 3
01-09 19:04:18.833  3500 11223 D CCodec  : }
01-09 19:04:18.835  1770 10730 I CompositorVR: WarpToScreen: Skipping frames for 12
01-09 19:04:18.839  3500 11223 W Codec2Client: query -- param skipped: index = 1342179345.
01-09 19:04:18.839  3500 11223 W Codec2Client: query -- param skipped: index = 2415921170.
01-09 19:04:18.840  3500 11223 D CCodecBufferChannel: [c2.android.vorbis.decoder#915] Created input block pool with allocatorID 16 => poolID 26 - OK (0)
01-09 19:04:18.842  3500 11223 I CCodecBufferChannel: [c2.android.vorbis.decoder#915] Created output block pool with allocatorID 16 => poolID 83 - OK
01-09 19:04:18.843  3500 11223 D CCodecBufferChannel: [c2.android.vorbis.decoder#915] Configured output block pool ids 83 => OK
01-09 19:04:18.846  1770 10730 I CompositorVR: WarpToScreen: Skipping frames for 12
01-09 19:04:18.850   826 11224 D SimpleC2Component: Using output block pool with poolID 83 => got 83 - 0
01-09 19:04:18.857  1770 10730 I CompositorVR: WarpToScreen: Skipping frames for 12
01-09 19:04:18.902  1770 10730 I CompositorVR: WarpToScreen: Skipping frames for 12
01-09 19:04:18.906   834 10744 I [CT]    : CONSTELLATION:VISION_STATUS: 729165a0fe4054d7 (R): BlobDetection:[#BlobsDetected=(23.12, 1.40)]Matching:[MatchSuccess=1.000, MatchCost=(0.00436, 0.00000), #MatchedBlobs=(10.52, 0.87), #MatchedLeds=(7.14, 0.12), RematchM=0.000, SkipRefine=0.000] MatchMethod:[Prox=1.000, ConstBrute=0.000, UnconstBrute=0.000] MatchResets[AnomBlobSize=0.000, SharedMatch=0.000, DenseReacq=0.000] | Fusion:[FusionError=0.000, ImuFromCamMs=(12.068, 1.939), RematchF=0.000] FusionUpdates:[Successful=1.000, Reliable=1.000, TightFusion=1.000, FullPose=0.000, StaticPrior=0.000, StaticForHandTrans=0.000, PoseUpdateMD=(0.0000, 0.0000)] FusionResets[6DoFReset=0.000, ResetSuccess=0.000] FusionStatus[HasPosition=1.000, HasVelocity=1.000] 
01-09 19:04:18.912  3500 11223 D CCodecBufferChannel: [c2.android.vorbis.decoder#915] Discard frames from previous generation.
01-09 19:04:18.913  1770 10730 I CompositorVR: WarpToScreen: Skipping frames for 12
01-09 19:04:18.916   826  1404 V C2Store : in ~ComponentModule
01-09 19:04:18.916   826  1404 V C2Store : unloading dll
01-09 19:04:18.924  1770 10730 I CompositorVR: WarpToScreen: Skipping frames for 12
01-09 19:04:18.935  1770 10730 I CompositorVR: WarpToScreen: Skipping frames for 12
01-09 19:04:18.942   834 10701 I [CT]    : CONSTELLATION:IMU_STATUS: 729165a0fe4054d7 (R): [FusionTracked=1.000, OutputTracked=1.000, OutputValid=1.000] [AccelSat=0.000, GyroSat=0.000] 
01-09 19:04:18.946  1770 10730 I CompositorVR: WarpToScreen: Skipping frames for 12
01-09 19:04:18.956  3500 11226 D CCodec  : allocate(c2.android.vorbis.decoder)
01-09 19:04:18.956   826  1404 V C2Store : in init
01-09 19:04:18.956   826  1404 V C2Store : loading dll
01-09 19:04:18.957  1770 10730 I CompositorVR: WarpToScreen: Skipping frames for 12
01-09 19:04:18.959  2925  3833 I VrGuardianService: GuardianSDKServer::SetGuardianHitDialog2 0
01-09 19:04:18.962  3500 11226 I CCodec  : Created component [c2.android.vorbis.decoder]
01-09 19:04:18.963  3500 11226 D CCodecConfig: read media type: audio/vorbis
01-09 19:04:18.966  3500 11226 D ReflectedParamUpdater: extent() != 1 for single value type: algo.buffers.max-count.values
01-09 19:04:18.966  3500 11226 D ReflectedParamUpdater: extent() != 1 for single value type: output.subscribed-indices.values
01-09 19:04:18.966  3500 11226 D ReflectedParamUpdater: extent() != 1 for single value type: input.buffers.allocator-ids.values
01-09 19:04:18.967  3500 11226 D ReflectedParamUpdater: extent() != 1 for single value type: output.buffers.allocator-ids.values
01-09 19:04:18.967  3500 11226 D ReflectedParamUpdater: extent() != 1 for single value type: algo.buffers.allocator-ids.values
01-09 19:04:18.967  3500 11226 D ReflectedParamUpdater: extent() != 1 for single value type: output.buffers.pool-ids.values
01-09 19:04:18.967  3500 11226 D ReflectedParamUpdater: extent() != 1 for single value type: algo.buffers.pool-ids.values
01-09 19:04:18.968  3500 11226 I CCodecConfig: query failed after returning 7 values (BAD_INDEX)
01-09 19:04:18.968  3500 11226 D CCodecConfig: c2 config diff is Dict {
01-09 19:04:18.968  3500 11226 D CCodecConfig:   c2::u32 coded.bitrate.value = 64000
01-09 19:04:18.968  3500 11226 D CCodecConfig:   c2::u32 input.buffers.max-size.value = 32768
01-09 19:04:18.968  3500 11226 D CCodecConfig:   c2::u32 input.delay.value = 0
01-09 19:04:18.968  3500 11226 D CCodecConfig:   string input.media-type.value = "audio/vorbis"
01-09 19:04:18.968  3500 11226 D CCodecConfig:   string output.media-type.value = "audio/raw"
01-09 19:04:18.968  3500 11226 D CCodecConfig:   c2::u32 raw.channel-count.value = 1
01-09 19:04:18.968  3500 11226 D CCodecConfig:   c2::u32 raw.sample-rate.value = 48000
01-09 19:04:18.968  3500 11226 D CCodecConfig: }
01-09 19:04:18.968  3500 11226 D CCodecConfig: no c2 equivalents for durationUs
01-09 19:04:18.968  3500 11226 D CCodecConfig: no c2 equivalents for csd-1
01-09 19:04:18.968  3500 11226 D CCodecConfig: no c2 equivalents for track-id
01-09 19:04:18.968  3500 11226 D CCodecConfig: no c2 equivalents for channel-mask
01-09 19:04:18.968  3500 11226 D CCodecConfig: c2 config diff is   c2::u32 raw.channel-count.value = 2
01-09 19:04:18.968  3500 11226 D CCodecConfig:   c2::u32 raw.sample-rate.value = 44100
01-09 19:04:18.968  1770 10730 I CompositorVR: WarpToScreen: Skipping frames for 12
01-09 19:04:18.969  3500 11226 W Codec2Client: query -- param skipped: index = 1107298332.
01-09 19:04:18.969  3500 11226 D CCodec  : setup formats input: AMessage(what = 0x00000000) = {
01-09 19:04:18.969  3500 11226 D CCodec  :   int32_t channel-count = 2
01-09 19:04:18.969  3500 11226 D CCodec  :   int32_t max-input-size = 32768
01-09 19:04:18.969  3500 11226 D CCodec  :   string mime = "audio/vorbis"
01-09 19:04:18.969  3500 11226 D CCodec  :   int32_t sample-rate = 44100
01-09 19:04:18.969  3500 11226 D CCodec  : } and output: AMessage(what = 0x00000000) = {
01-09 19:04:18.969  3500 11226 D CCodec  :   int32_t channel-count = 2
01-09 19:04:18.969  3500 11226 D CCodec  :   string mime = "audio/raw"
01-09 19:04:18.969  3500 11226 D CCodec  :   int32_t sample-rate = 44100
01-09 19:04:18.969  3500 11226 D CCodec  :   int32_t channel-mask = 3
01-09 19:04:18.969  3500 11226 D CCodec  : }
01-09 19:04:18.977   826  5242 V C2Store : in ~ComponentModule
01-09 19:04:18.977   826  5242 V C2Store : unloading dll
01-09 19:04:18.980  1770 10730 I CompositorVR: WarpToScreen: Skipping frames for 12
01-09 19:04:18.991  1770 10730 I CompositorVR: WarpToScreen: Skipping frames for 12
01-09 19:04:19.002  3500 11155 I VrApi   : FPS=91/90,Prd=34ms,Tear=0,Early=54,Stale=0,VSnc=0,Lat=-1,Fov=0,CPU4/GPU=3/3,2419/490MHz,OC=FF,TA=0/70/0,SP=N/F/N,Mem=2092MHz,Free=3192MB,PLS=0,Temp=27.0C/0.0C,TW=2.72ms,App=4.58ms,GD=0.12ms,CPU&GPU=8.16ms,LCnt=4(DR0,LM2),GPU%=0.73,CPU%=0.27(W0.33),DSF=1.00,CFL=14.85/20.03
01-09 19:04:19.002  1770 10730 I CompositorVR: WarpToScreen: Skipping frames for 12
01-09 19:04:19.005  2925  3833 I VrGuardianService: GuardianSDKServer::SetGuardianHitDialog2 1
01-09 19:04:19.012   834 10643 I [CT]    : boltlib: DSP utilization: 8.00 % (400 / 5006 ms)
01-09 19:04:19.013  1770 10730 I CompositorVR: WarpToScreen: Skipping frames for 12
01-09 19:04:19.023  3500 11229 D CCodec  : allocate(c2.android.vorbis.decoder)
01-09 19:04:19.023   826  5242 V C2Store : in init
01-09 19:04:19.023   826  5242 V C2Store : loading dll
01-09 19:04:19.024  1770 10730 I CompositorVR: WarpToScreen: Skipping frames for 12
01-09 19:04:19.031  3500 11229 I CCodec  : Created component [c2.android.vorbis.decoder]
01-09 19:04:19.031  3500 11229 D CCodecConfig: read media type: audio/vorbis
01-09 19:04:19.034  3500 11229 D ReflectedParamUpdater: extent() != 1 for single value type: algo.buffers.max-count.values
01-09 19:04:19.034  3500 11229 D ReflectedParamUpdater: extent() != 1 for single value type: output.subscribed-indices.values
01-09 19:04:19.034  3500 11229 D ReflectedParamUpdater: extent() != 1 for single value type: input.buffers.allocator-ids.values
01-09 19:04:19.034  3500 11229 D ReflectedParamUpdater: extent() != 1 for single value type: output.buffers.allocator-ids.values
01-09 19:04:19.035  3500 11229 D ReflectedParamUpdater: extent() != 1 for single value type: algo.buffers.allocator-ids.values
01-09 19:04:19.035  3500 11229 D ReflectedParamUpdater: extent() != 1 for single value type: output.buffers.pool-ids.values
01-09 19:04:19.035  3500 11229 D ReflectedParamUpdater: extent() != 1 for single value type: algo.buffers.pool-ids.values
01-09 19:04:19.035  1770 10730 I CompositorVR: WarpToScreen: Skipping frames for 12
01-09 19:04:19.035  3500 11229 I CCodecConfig: query failed after returning 7 values (BAD_INDEX)
01-09 19:04:19.035  3500 11229 D CCodecConfig: c2 config diff is Dict {
01-09 19:04:19.035  3500 11229 D CCodecConfig:   c2::u32 coded.bitrate.value = 64000
01-09 19:04:19.035  3500 11229 D CCodecConfig:   c2::u32 input.buffers.max-size.value = 32768
01-09 19:04:19.035  3500 11229 D CCodecConfig:   c2::u32 input.delay.value = 0
01-09 19:04:19.035  3500 11229 D CCodecConfig:   string input.media-type.value = "audio/vorbis"
01-09 19:04:19.035  3500 11229 D CCodecConfig:   string output.media-type.value = "audio/raw"
01-09 19:04:19.035  3500 11229 D CCodecConfig:   c2::u32 raw.channel-count.value = 1
01-09 19:04:19.035  3500 11229 D CCodecConfig:   c2::u32 raw.sample-rate.value = 48000
01-09 19:04:19.035  3500 11229 D CCodecConfig: }
01-09 19:04:19.036  3500 11229 D CCodecConfig: no c2 equivalents for durationUs
01-09 19:04:19.036  3500 11229 D CCodecConfig: no c2 equivalents for csd-1
01-09 19:04:19.036  3500 11229 D CCodecConfig: no c2 equivalents for track-id
01-09 19:04:19.036  3500 11229 D CCodecConfig: no c2 equivalents for channel-mask
01-09 19:04:19.036  3500 11229 D CCodecConfig: c2 config diff is   c2::u32 raw.channel-count.value = 2
01-09 19:04:19.036  3500 11229 D CCodecConfig:   c2::u32 raw.sample-rate.value = 44100
01-09 19:04:19.036  3500 11229 W Codec2Client: query -- param skipped: index = 1107298332.
01-09 19:04:19.036  3500 11229 D CCodec  : setup formats input: AMessage(what = 0x00000000) = {
01-09 19:04:19.036  3500 11229 D CCodec  :   int32_t channel-count = 2
01-09 19:04:19.036  3500 11229 D CCodec  :   int32_t max-input-size = 32768
01-09 19:04:19.036  3500 11229 D CCodec  :   string mime = "audio/vorbis"
01-09 19:04:19.036  3500 11229 D CCodec  :   int32_t sample-rate = 44100
01-09 19:04:19.036  3500 11229 D CCodec  : } and output: AMessage(what = 0x00000000) = {
01-09 19:04:19.036  3500 11229 D CCodec  :   int32_t channel-count = 2
01-09 19:04:19.036  3500 11229 D CCodec  :   string mime = "audio/raw"
01-09 19:04:19.036  3500 11229 D CCodec  :   int32_t sample-rate = 44100
01-09 19:04:19.036  3500 11229 D CCodec  :   int32_t channel-mask = 3
01-09 19:04:19.036  3500 11229 D CCodec  : }
01-09 19:04:19.046  1770 10730 I CompositorVR: WarpToScreen: Skipping frames for 12
01-09 19:04:19.047  3500 11229 W Codec2Client: query -- param skipped: index = 1342179345.
01-09 19:04:19.047  3500 11229 W Codec2Client: query -- param skipped: index = 2415921170.
01-09 19:04:19.048  3500 11229 D CCodecBufferChannel: [c2.android.vorbis.decoder#49] Created input block pool with allocatorID 16 => poolID 27 - OK (0)
01-09 19:04:19.051  3500 11229 I CCodecBufferChannel: [c2.android.vorbis.decoder#49] Created output block pool with allocatorID 16 => poolID 84 - OK
01-09 19:04:19.052  3500 11229 D CCodecBufferChannel: [c2.android.vorbis.decoder#49] Configured output block pool ids 84 => OK
01-09 19:04:19.053   826 11230 D SimpleC2Component: Using output block pool with poolID 84 => got 84 - 0
01-09 19:04:19.058  1770 10730 I CompositorVR: WarpToScreen: Skipping frames for 12
01-09 19:04:19.068  3500 11229 D CCodecBufferChannel: [c2.android.vorbis.decoder#49] Discard frames from previous generation.
01-09 19:04:19.068  3500 11229 D CCodecBufferChannel: [c2.android.vorbis.decoder#49] Discard frames from previous generation.
01-09 19:04:19.069  1770 10730 I CompositorVR: WarpToScreen: Skipping frames for 12
01-09 19:04:19.071  3500 11229 D CCodecBufferChannel: [c2.android.vorbis.decoder#49] Discard frames from previous generation.
01-09 19:04:19.074   826  1404 D BufferPoolAccessor: Destruction - bufferpool2 0x38aeb77630 cached: 0/0M, 0/0% in use; allocs: 0, 0% recycled; transfers: 0, 0% unfetced
01-09 19:04:19.075   826  1404 V C2Store : in ~ComponentModule
01-09 19:04:19.075   826  1404 V C2Store : unloading dll
01-09 19:04:19.080  1770 10730 I CompositorVR: WarpToScreen: Skipping frames for 12
01-09 19:04:19.113  1770 10730 I CompositorVR: WarpToScreen: Skipping frames for 12
01-09 19:04:19.118  3500 11232 D CCodec  : allocate(c2.android.vorbis.decoder)
01-09 19:04:19.118   826  1404 V C2Store : in init
01-09 19:04:19.118   826  1404 V C2Store : loading dll
01-09 19:04:19.123  3500 11232 I CCodec  : Created component [c2.android.vorbis.decoder]
01-09 19:04:19.124  3500 11232 D CCodecConfig: read media type: audio/vorbis
01-09 19:04:19.125  1770 10730 I CompositorVR: WarpToScreen: Skipping frames for 12
01-09 19:04:19.129  3500 11232 D ReflectedParamUpdater: extent() != 1 for single value type: algo.buffers.max-count.values
01-09 19:04:19.130  3500 11232 D ReflectedParamUpdater: extent() != 1 for single value type: output.subscribed-indices.values
01-09 19:04:19.130  3500 11232 D ReflectedParamUpdater: extent() != 1 for single value type: input.buffers.allocator-ids.values
01-09 19:04:19.130  3500 11232 D ReflectedParamUpdater: extent() != 1 for single value type: output.buffers.allocator-ids.values
01-09 19:04:19.130  3500 11232 D ReflectedParamUpdater: extent() != 1 for single value type: algo.buffers.allocator-ids.values
01-09 19:04:19.130  3500 11232 D ReflectedParamUpdater: extent() != 1 for single value type: output.buffers.pool-ids.values
01-09 19:04:19.130  3500 11232 D ReflectedParamUpdater: extent() != 1 for single value type: algo.buffers.pool-ids.values
01-09 19:04:19.132  3500 11232 I CCodecConfig: query failed after returning 7 values (BAD_INDEX)
01-09 19:04:19.132  3500 11232 D CCodecConfig: c2 config diff is Dict {
01-09 19:04:19.132  3500 11232 D CCodecConfig:   c2::u32 coded.bitrate.value = 64000
01-09 19:04:19.132  3500 11232 D CCodecConfig:   c2::u32 input.buffers.max-size.value = 32768
01-09 19:04:19.132  3500 11232 D CCodecConfig:   c2::u32 input.delay.value = 0
01-09 19:04:19.132  3500 11232 D CCodecConfig:   string input.media-type.value = "audio/vorbis"
01-09 19:04:19.132  3500 11232 D CCodecConfig:   string output.media-type.value = "audio/raw"
01-09 19:04:19.132  3500 11232 D CCodecConfig:   c2::u32 raw.channel-count.value = 1
01-09 19:04:19.132  3500 11232 D CCodecConfig:   c2::u32 raw.sample-rate.value = 48000
01-09 19:04:19.132  3500 11232 D CCodecConfig: }
01-09 19:04:19.132  3500 11232 D CCodecConfig: no c2 equivalents for durationUs
01-09 19:04:19.132  3500 11232 D CCodecConfig: no c2 equivalents for csd-1
01-09 19:04:19.132  3500 11232 D CCodecConfig: no c2 equivalents for track-id
01-09 19:04:19.132  3500 11232 D CCodecConfig: no c2 equivalents for channel-mask
01-09 19:04:19.133  3500 11232 D CCodecConfig: c2 config diff is   c2::u32 raw.channel-count.value = 2
01-09 19:04:19.133  3500 11232 D CCodecConfig:   c2::u32 raw.sample-rate.value = 44100
01-09 19:04:19.133  3500 11232 W Codec2Client: query -- param skipped: index = 1107298332.
01-09 19:04:19.133  3500 11232 D CCodec  : setup formats input: AMessage(what = 0x00000000) = {
01-09 19:04:19.133  3500 11232 D CCodec  :   int32_t channel-count = 2
01-09 19:04:19.133  3500 11232 D CCodec  :   int32_t max-input-size = 32768
01-09 19:04:19.133  3500 11232 D CCodec  :   string mime = "audio/vorbis"
01-09 19:04:19.133  3500 11232 D CCodec  :   int32_t sample-rate = 44100
01-09 19:04:19.133  3500 11232 D CCodec  : } and output: AMessage(what = 0x00000000) = {
01-09 19:04:19.133  3500 11232 D CCodec  :   int32_t channel-count = 2
01-09 19:04:19.133  3500 11232 D CCodec  :   string mime = "audio/raw"
01-09 19:04:19.133  3500 11232 D CCodec  :   int32_t sample-rate = 44100
01-09 19:04:19.133  3500 11232 D CCodec  :   int32_t channel-mask = 3
01-09 19:04:19.133  3500 11232 D CCodec  : }
01-09 19:04:19.136  1770 10730 I CompositorVR: WarpToScreen: Skipping frames for 12
01-09 19:04:19.143   826 11191 V C2Store : in ~ComponentModule
01-09 19:04:19.143   826 11191 V C2Store : unloading dll
01-09 19:04:19.145  1770  2850 I PerformanceManager_V0: SetClockLevels: Apply pending clock request change: 3,3 -> 2,3
01-09 19:04:19.145  1770  2846 I Clocks  : ReleaseClocks - start
01-09 19:04:19.145  1770  2846 I Clocks  : ReleaseClocks - end (0.5 ms)
01-09 19:04:19.145  1770  2846 I Clocks  : LockClocks( cpu=2, gpu=3 ) - start
01-09 19:04:19.147  1770 10730 I CompositorVR: WarpToScreen: Skipping frames for 12
01-09 19:04:19.147  1770  2846 I Clocks  : CPU levels [0, 4]
01-09 19:04:19.147  1770  2846 I Clocks  : GPU levels [0, 5]
01-09 19:04:19.149  1770  2846 I Clocks  : LockClocks( cpu=2, gpu=3 ) - end (3.5 ms)
01-09 19:04:19.158  1770 10730 I CompositorVR: WarpToScreen: Skipping frames for 12
01-09 19:04:19.191  1770 10730 I CompositorVR: WarpToScreen: Skipping frames for 12
01-09 19:04:19.198  3500 11235 D CCodec  : allocate(c2.android.vorbis.decoder)
01-09 19:04:19.198   826 11191 V C2Store : in init
01-09 19:04:19.198   826 11191 V C2Store : loading dll
01-09 19:04:19.201  3500 11235 I CCodec  : Created component [c2.android.vorbis.decoder]
01-09 19:04:19.202  3500 11235 D CCodecConfig: read media type: audio/vorbis
01-09 19:04:19.202  1770 10730 I CompositorVR: WarpToScreen: Skipping frames for 12
01-09 19:04:19.207  3500 11235 D ReflectedParamUpdater: extent() != 1 for single value type: algo.buffers.max-count.values
01-09 19:04:19.208  3500 11235 D ReflectedParamUpdater: extent() != 1 for single value type: output.subscribed-indices.values
01-09 19:04:19.208  3500 11235 D ReflectedParamUpdater: extent() != 1 for single value type: input.buffers.allocator-ids.values
01-09 19:04:19.208  3500 11235 D ReflectedParamUpdater: extent() != 1 for single value type: output.buffers.allocator-ids.values
01-09 19:04:19.208  3500 11235 D ReflectedParamUpdater: extent() != 1 for single value type: algo.buffers.allocator-ids.values
01-09 19:04:19.208  3500 11235 D ReflectedParamUpdater: extent() != 1 for single value type: output.buffers.pool-ids.values
01-09 19:04:19.208  3500 11235 D ReflectedParamUpdater: extent() != 1 for single value type: algo.buffers.pool-ids.values
01-09 19:04:19.209  3500 11235 I CCodecConfig: query failed after returning 7 values (BAD_INDEX)
01-09 19:04:19.209  3500 11235 D CCodecConfig: c2 config diff is Dict {
01-09 19:04:19.209  3500 11235 D CCodecConfig:   c2::u32 coded.bitrate.value = 64000
01-09 19:04:19.209  3500 11235 D CCodecConfig:   c2::u32 input.buffers.max-size.value = 32768
01-09 19:04:19.209  3500 11235 D CCodecConfig:   c2::u32 input.delay.value = 0
01-09 19:04:19.209  3500 11235 D CCodecConfig:   string input.media-type.value = "audio/vorbis"
01-09 19:04:19.209  3500 11235 D CCodecConfig:   string output.media-type.value = "audio/raw"
01-09 19:04:19.209  3500 11235 D CCodecConfig:   c2::u32 raw.channel-count.value = 1
01-09 19:04:19.209  3500 11235 D CCodecConfig:   c2::u32 raw.sample-rate.value = 48000
01-09 19:04:19.209  3500 11235 D CCodecConfig: }
01-09 19:04:19.209  3500 11235 D CCodecConfig: no c2 equivalents for durationUs
01-09 19:04:19.209  3500 11235 D CCodecConfig: no c2 equivalents for csd-1
01-09 19:04:19.209  3500 11235 D CCodecConfig: no c2 equivalents for track-id
01-09 19:04:19.209  3500 11235 D CCodecConfig: no c2 equivalents for channel-mask
01-09 19:04:19.210  3500 11235 D CCodecConfig: c2 config diff is   c2::u32 raw.channel-count.value = 2
01-09 19:04:19.210  3500 11235 D CCodecConfig:   c2::u32 raw.sample-rate.value = 44100
01-09 19:04:19.210  3500 11235 W Codec2Client: query -- param skipped: index = 1107298332.
01-09 19:04:19.210  3500 11235 D CCodec  : setup formats input: AMessage(what = 0x00000000) = {
01-09 19:04:19.210  3500 11235 D CCodec  :   int32_t channel-count = 2
01-09 19:04:19.210  3500 11235 D CCodec  :   int32_t max-input-size = 32768
01-09 19:04:19.210  3500 11235 D CCodec  :   string mime = "audio/vorbis"
01-09 19:04:19.210  3500 11235 D CCodec  :   int32_t sample-rate = 44100
01-09 19:04:19.210  3500 11235 D CCodec  : } and output: AMessage(what = 0x00000000) = {
01-09 19:04:19.210  3500 11235 D CCodec  :   int32_t channel-count = 2
01-09 19:04:19.210  3500 11235 D CCodec  :   string mime = "audio/raw"
01-09 19:04:19.210  3500 11235 D CCodec  :   int32_t sample-rate = 44100
01-09 19:04:19.210  3500 11235 D CCodec  :   int32_t channel-mask = 3
01-09 19:04:19.210  3500 11235 D CCodec  : }
01-09 19:04:19.213  1770 10730 I CompositorVR: WarpToScreen: Skipping frames for 12
01-09 19:04:19.214  3500 11235 W Codec2Client: query -- param skipped: index = 1342179345.
01-09 19:04:19.214  3500 11235 W Codec2Client: query -- param skipped: index = 2415921170.
01-09 19:04:19.215  3500 11235 D CCodecBufferChannel: [c2.android.vorbis.decoder#470] Created input block pool with allocatorID 16 => poolID 28 - OK (0)
01-09 19:04:19.220  3500 11235 I CCodecBufferChannel: [c2.android.vorbis.decoder#470] Created output block pool with allocatorID 16 => poolID 85 - OK
01-09 19:04:19.220  3500 11235 D CCodecBufferChannel: [c2.android.vorbis.decoder#470] Configured output block pool ids 85 => OK
01-09 19:04:19.225  1770 10730 I CompositorVR: WarpToScreen: Skipping frames for 12
01-09 19:04:19.230   826 11236 D SimpleC2Component: Using output block pool with poolID 85 => got 85 - 0
01-09 19:04:19.236  1770 10730 I CompositorVR: WarpToScreen: Skipping frames for 12
01-09 19:04:19.291  1770 10730 I CompositorVR: WarpToScreen: Skipping frames for 12
01-09 19:04:19.294  3221  3221 I chatty  : uid=10026 com.oculus.systemux:SystemUX expire 132 lines
01-09 19:04:19.297  1053 11207 I DisplayManagerService: Display device added: DisplayDeviceInfo{"com.oculus.android_panel_app.AndroidPanelLayer-tooltip": uniqueId="virtual:com.oculus.systemux,10026,com.oculus.android_panel_app.AndroidPanelLayer-tooltip,0", 1250 x 1250, modeId 96, defaultModeId 96, supportedModes [{id=96, width=1250, height=1250, fps=60.0}], colorMode 0, supportedColorModes [0], HdrCapabilities null, density 200, 200.0 x 200.0 dpi, appVsyncOff 0, presDeadline 16666666, touch NONE, rotation 0, type VIRTUAL, state OFF, owner com.oculus.systemux (uid 10026), FLAG_PRIVATE, FLAG_NEVER_BLANK, FLAG_OWN_CONTENT_ONLY}
01-09 19:04:19.303  1770 10730 I CompositorVR: WarpToScreen: Skipping frames for 12
01-09 19:04:19.306  1053 11207 I DisplayManagerService: Display device removed: DisplayDeviceInfo{"com.oculus.android_panel_app.AndroidPanelLayer-tooltip": uniqueId="virtual:com.oculus.systemux,10026,com.oculus.android_panel_app.AndroidPanelLayer-tooltip,0", 1250 x 1250, modeId 96, defaultModeId 96, supportedModes [{id=96, width=1250, height=1250, fps=60.0}], colorMode 0, supportedColorModes [0], HdrCapabilities null, density 200, 200.0 x 200.0 dpi, appVsyncOff 0, presDeadline 16666666, touch NONE, rotation 0, type VIRTUAL, state OFF, owner com.oculus.systemux (uid 10026), FLAG_PRIVATE, FLAG_NEVER_BLANK, FLAG_OWN_CONTENT_ONLY}
01-09 19:04:19.309  1053 11207 I DisplayManagerService: Display device added: DisplayDeviceInfo{"com.oculus.android_panel_app.AndroidPanelLayer-tooltip": uniqueId="virtual:com.oculus.systemux,10026,com.oculus.android_panel_app.AndroidPanelLayer-tooltip,0", 121 x 65, modeId 97, defaultModeId 97, supportedModes [{id=97, width=121, height=65, fps=60.0}], colorMode 0, supportedColorModes [0], HdrCapabilities null, density 200, 200.0 x 200.0 dpi, appVsyncOff 0, presDeadline 16666666, touch NONE, rotation 0, type VIRTUAL, state OFF, owner com.oculus.systemux (uid 10026), FLAG_PRIVATE, FLAG_NEVER_BLANK, FLAG_OWN_CONTENT_ONLY}
01-09 19:04:19.314  1770 10730 I CompositorVR: WarpToScreen: Skipping frames for 12
01-09 19:04:19.315  3530  3776 I [SEO] PanelAppHost: Setting panel layer visibility of layer "tooltip" to invisible, panel 13 (com.oculus.systemux/com.oculus.panelapp.anytimeui.AnytimeUIAndroidPanelService)
01-09 19:04:19.315  3530  3776 I [SEO] PanelAppHost: Resize layer tooltip to size 121 x 65 shape: 1 stereo: 0, panel 13 (com.oculus.systemux/com.oculus.panelapp.anytimeui.AnytimeUIAndroidPanelService)
01-09 19:04:19.315  3530  3776 I [SEO] PanelRenderLayer: ResetSurface tooltip 121 x 65 - shape:1 stereo:0
01-09 19:04:19.325  1770 10730 I CompositorVR: WarpToScreen: Skipping frames for 12
01-09 19:04:19.328  1053  1072 W InputReader: Device has associated, but no associated display id.
01-09 19:04:19.336  1053  1074 I DisplayManagerService: Display device changed state: "com.oculus.android_panel_app.AndroidPanelLayer-tooltip", ON
01-09 19:04:19.336  1770 10730 I CompositorVR: WarpToScreen: Skipping frames for 12
01-09 19:04:19.358  1770 10730 I CompositorVR: WarpToScreen: Skipping frames for 12
01-09 19:04:19.361  3530  3776 I [SEO] LayerSwapChainResource: LayerSwapChainResource 121,65 : 3
01-09 19:04:19.361  1770  3598 I VrRuntimeService: CreateSwapChain: 3532866319
01-09 19:04:19.361  1770  3598 I VrRuntimeService: CreateSwapChain: api:vk 0 0x2b 121 65 7 3 1 4 3
01-09 19:04:19.361  1770  3598 W SwapChain_Vulkan: CreateTextureSwapChainFoveationVulkan: ShouldCreateFragmentDensityMap: false
01-09 19:04:19.361  1770  3598 W SwapChain_Vulkan: ExportTextureResourcesFoveationVulkan: chain->VkInteropFoveation.Device == nullptr
01-09 19:04:19.361  1770  3598 W SwapChain: CreateTextureSwapChainFoveation: export failed
