01-02 17:23:21.249  3199 17878 I FenceChecker: FenceChecker::MainLoop - started
01-02 17:23:21.249  3167  3311 I StateMachine: StateMachine::Update ForceShow: forceShowForTime -> ForceShowOnForTime
01-02 17:23:21.251  3199  3427 I OpenXR  : PostSessionStateChange: XR_SESSION_STATE_READY -> XR_SESSION_STATE_SYNCHRONIZED
01-02 17:23:21.251  3199  3427 I [SEO] VrPlatformOpenXr: xrPollEvent: received XR_TYPE_EVENT_DATA_REFERENCE_SPACE_CHANGE_PENDING event
01-02 17:23:21.251  3199  3427 I OpenXR  : PostSessionStateChange: XR_SESSION_STATE_SYNCHRONIZED -> XR_SESSION_STATE_VISIBLE
01-02 17:23:21.251  3199  3427 I OpenXR  : PostSessionStateChange: XR_SESSION_STATE_VISIBLE -> XR_SESSION_STATE_FOCUSED
01-02 17:23:21.251  3199  3427 I [SEO] VrPlatformOpenXr: xrPollEvent: received XR_TYPE_EVENT_DATA_DISPLAY_REFRESH_RATE_CHANGED_FB event: fromRate 72.000000 -> toRate 90.000000
01-02 17:23:21.251  3199  3427 I [SEO] VrPlatformOpenXr: xrPollEvent: received XR_TYPE_EVENT_DATA_SESSION_STATE_CHANGED: 3 for session 0x2 at time 16098.244262
01-02 17:23:21.251  3199  3427 I [SEO] VrPlatformOpenXr: Session state changed XR_SESSION_STATE_SYNCHRONIZED
01-02 17:23:21.251  3199  3427 I [SEO] VrPlatformOpenXr: xrPollEvent: received XR_TYPE_EVENT_DATA_SESSION_STATE_CHANGED: 4 for session 0x2 at time 16098.244295
01-02 17:23:21.251  3199  3427 I [SEO] VrPlatformOpenXr: Session state changed XR_SESSION_STATE_VISIBLE
01-02 17:23:21.251  3199  3427 I [SEO] VrPlatformOpenXr: xrPollEvent: received XR_TYPE_EVENT_DATA_SESSION_STATE_CHANGED: 5 for session 0x2 at time 16098.244301
01-02 17:23:21.251  3199  3427 I [SEO] VrPlatformOpenXr: Session state changed XR_SESSION_STATE_FOCUSED
01-02 17:23:21.252  2430  3075 I [OAO] LocalSpace: New Space: quat(-0.161177, 0.005050, 0.030910, 0.986428), translation(0.000000, 1.396406, 0.000000) - Prior Space: quat(-0.161177, 0.005050, 0.030910, 0.986428), translation(0.000000, 1.396406, 0.000000)
01-02 17:23:21.252  2430  3075 I [OAO] LocalSpace: Local space version from 59 to 60, local space user version from 2 to 2.
01-02 17:23:21.252  2453 17432 I CompositorVR: WarpToScreen: Skipping frames for 10
01-02 17:23:21.260  3199  3427 I [SEO] ShellEnvHomeController: copresence: processing currentCollisionShapes
01-02 17:23:21.260  3199  3427 I [SEO] ShellEnvHomeController: Theaterscreen transform node set for the env size x: 4.660000, y: 2.621250
01-02 17:23:21.260  3199  3427 I [SEO] LocalSpace: New Space: quat(-0.161177, 0.005050, 0.030910, 0.986428), translation(0.000000, 1.396406, 0.000000) - Prior Space: quat(-0.161177, 0.005050, 0.030910, 0.986428), translation(0.000000, 1.396406, 0.000000)
01-02 17:23:21.260  3199  3427 I [SEO] LocalSpace: Local space version from 31 to 32, local space user version from 2 to 2.
01-02 17:23:21.261  3199  3427 I [SEO] SystemUXController: OnReorient(reason: 3)
01-02 17:23:21.263  2453 17432 I CompositorVR: WarpToScreen: Skipping frames for 10
01-02 17:23:21.265  3199  3427 I [SEO] TelemetryProvider: aui_reorient system -73 0 0 com.oculus.shellenv
01-02 17:23:21.274  2453 17432 I CompositorVR: WarpToScreen: Skipping frames for 10
01-02 17:23:21.276  5504  5606 E OsSdk   : error getting shared memory region, memory type: HeadTracker, failed with Status(-1, EX_SECURITY): 'requested shared memory region when not registered/focused'
01-02 17:23:21.286  2453 17432 I CompositorVR: WarpToScreen: Skipping frames for 10
01-02 17:23:21.297  2453 17432 I CompositorVR: WarpToScreen: Skipping frames for 10
01-02 17:23:21.304  2205  2300 I Clay    : Local user with id 106765628877334 does have a custom avatar
01-02 17:23:21.308  2453 17432 I CompositorVR: WarpToScreen: Skipping frames for 10
01-02 17:23:21.312  1796  1810 I nifiedtelemetr: Background concurrent copying GC freed 45276(2966KB) AllocSpace objects, 1(16KB) LOS objects, 49% free, 4564KB/9128KB, paused 38us total 305.283ms
01-02 17:23:21.319  2453 17432 I CompositorVR: WarpToScreen: Skipping frames for 10
01-02 17:23:21.322  5504  5606 E OsSdk   : error getting shared memory region, memory type: HeadTracker, failed with Status(-1, EX_SECURITY): 'requested shared memory region when not registered/focused'
01-02 17:23:21.330  2453 17432 I CompositorVR: WarpToScreen: Skipping frames for 10
01-02 17:23:21.341  2453 17432 I CompositorVR: WarpToScreen: Skipping frames for 10
01-02 17:23:21.352  2453 17432 I chatty  : uid=10025(com.oculus.systemdriver) OVR::TimeWarp identical 2 lines
01-02 17:23:21.364  2453 17432 I CompositorVR: WarpToScreen: Skipping frames for 10
01-02 17:23:21.365  5504  5606 E OsSdk   : error getting shared memory region, memory type: HeadTracker, failed with Status(-1, EX_SECURITY): 'requested shared memory region when not registered/focused'
01-02 17:23:21.371  2205  2300 I Clay    : EnvironmentSystem::update: setting scene background audio for scene zip 'apk://com.environment.matrixloadingvoid/assets/scene.zip'
01-02 17:23:21.371  2205  2300 I Clay    : EnvironmentAudioSystem::setSceneBackgroundLoop: set scene audio: apk://com.environment.matrixloadingvoid/assets/scene.zip
01-02 17:23:21.371  2205  2300 I Clay    : EnvironmentSystem: Scene loaded
01-02 17:23:21.372  2205  2300 I Clay    : SharedHomeSystem::_onEnvironmentActivated
01-02 17:23:21.375  2453 17432 I CompositorVR: WarpToScreen: Skipping frames for 10
01-02 17:23:21.385  3199  3427 I [SEO] ShellEnvHomeController: copresence: received setCollisionShapes
01-02 17:23:21.386  2453 17432 I CompositorVR: WarpToScreen: Skipping frames for 10
01-02 17:23:21.390  3199  3427 I [SEO] ShellEnvHomeController: copresence: processing currentCollisionShapes
01-02 17:23:21.390  3199  3427 I [SEO] ShellEnvHomeController: Theaterscreen transform node set for the env size x: 4.660000, y: 2.621250
01-02 17:23:21.396  5504  5593 I xrstreaming: AudioPlayer: NetworkMetrics: [0.705,17.369]9.876
01-02 17:23:21.397  2453 17432 I CompositorVR: WarpToScreen: Skipping frames for 10
01-02 17:23:21.408  2453 17432 I CompositorVR: WarpToScreen: Skipping frames for 10
01-02 17:23:21.411  5504  5606 E OsSdk   : error getting shared memory region, memory type: HeadTracker, failed with Status(-1, EX_SECURITY): 'requested shared memory region when not registered/focused'
01-02 17:23:21.419  2453 17432 I CompositorVR: WarpToScreen: Skipping frames for 10
01-02 17:23:21.442  2453 17432 I CompositorVR: WarpToScreen: Skipping frames for 10
01-02 17:23:21.446  2205 17880 D CCodec  : allocate(c2.android.vorbis.decoder)
01-02 17:23:21.446   835  1827 V C2Store : in init
01-02 17:23:21.448   835  1827 V C2Store : loading dll
01-02 17:23:21.451  2205 17880 I CCodec  : Created component [c2.android.vorbis.decoder]
01-02 17:23:21.452  2205 17880 D CCodecConfig: read media type: audio/vorbis
01-02 17:23:21.453  2453 17432 I CompositorVR: WarpToScreen: Skipping frames for 10
01-02 17:23:21.453  2205 17880 D ReflectedParamUpdater: extent() != 1 for single value type: algo.buffers.max-count.values
01-02 17:23:21.453  2205 17880 D ReflectedParamUpdater: extent() != 1 for single value type: output.subscribed-indices.values
01-02 17:23:21.453  2205 17880 D ReflectedParamUpdater: extent() != 1 for single value type: input.buffers.allocator-ids.values
01-02 17:23:21.453  2205 17880 D ReflectedParamUpdater: extent() != 1 for single value type: output.buffers.allocator-ids.values
01-02 17:23:21.454  2205 17880 D ReflectedParamUpdater: extent() != 1 for single value type: algo.buffers.allocator-ids.values
01-02 17:23:21.454  2205 17880 D ReflectedParamUpdater: extent() != 1 for single value type: output.buffers.pool-ids.values
01-02 17:23:21.454  2205 17880 D ReflectedParamUpdater: extent() != 1 for single value type: algo.buffers.pool-ids.values
01-02 17:23:21.454  2205 17880 I CCodecConfig: query failed after returning 7 values (BAD_INDEX)
01-02 17:23:21.455  2205 17880 D CCodecConfig: c2 config diff is Dict {
01-02 17:23:21.455  2205 17880 D CCodecConfig:   c2::u32 coded.bitrate.value = 64000
01-02 17:23:21.455  2205 17880 D CCodecConfig:   c2::u32 input.buffers.max-size.value = 32768
01-02 17:23:21.455  2205 17880 D CCodecConfig:   c2::u32 input.delay.value = 0
01-02 17:23:21.455  2205 17880 D CCodecConfig:   string input.media-type.value = "audio/vorbis"
01-02 17:23:21.455  2205 17880 D CCodecConfig:   string output.media-type.value = "audio/raw"
01-02 17:23:21.455  2205 17880 D CCodecConfig:   c2::u32 raw.channel-count.value = 1
01-02 17:23:21.455  2205 17880 D CCodecConfig:   c2::u32 raw.sample-rate.value = 48000
01-02 17:23:21.455  2205 17880 D CCodecConfig: }
01-02 17:23:21.455  2205 17880 D CCodecConfig: no c2 equivalents for durationUs
01-02 17:23:21.455  2205 17880 D CCodecConfig: no c2 equivalents for csd-1
01-02 17:23:21.455  2205 17880 D CCodecConfig: no c2 equivalents for track-id
01-02 17:23:21.455  2205 17880 D CCodecConfig: no c2 equivalents for channel-mask
01-02 17:23:21.456  2205 17880 D CCodecConfig: c2 config diff is   c2::u32 raw.channel-count.value = 2
01-02 17:23:21.456  2205 17880 D CCodecConfig:   c2::u32 raw.sample-rate.value = 44100
01-02 17:23:21.456  5504  5606 E OsSdk   : error getting shared memory region, memory type: HeadTracker, failed with Status(-1, EX_SECURITY): 'requested shared memory region when not registered/focused'
01-02 17:23:21.456  2205 17880 W Codec2Client: query -- param skipped: index = 1107298332.
01-02 17:23:21.456  2205 17880 D CCodec  : setup formats input: AMessage(what = 0x00000000) = {
01-02 17:23:21.456  2205 17880 D CCodec  :   int32_t channel-count = 2
01-02 17:23:21.456  2205 17880 D CCodec  :   int32_t max-input-size = 32768
01-02 17:23:21.456  2205 17880 D CCodec  :   string mime = "audio/vorbis"
01-02 17:23:21.456  2205 17880 D CCodec  :   int32_t sample-rate = 44100
01-02 17:23:21.456  2205 17880 D CCodec  : } and output: AMessage(what = 0x00000000) = {
01-02 17:23:21.456  2205 17880 D CCodec  :   int32_t channel-count = 2
01-02 17:23:21.456  2205 17880 D CCodec  :   string mime = "audio/raw"
01-02 17:23:21.456  2205 17880 D CCodec  :   int32_t sample-rate = 44100
01-02 17:23:21.456  2205 17880 D CCodec  :   int32_t channel-mask = 3
01-02 17:23:21.456  2205 17880 D CCodec  : }
01-02 17:23:21.457  5504  5606 E OsSdk   : error getting shared memory region, memory type: AnchorTracker, failed with Status(-1, EX_SECURITY): 'requested shared memory region when not registered/focused'
01-02 17:23:21.464  2453 17432 I CompositorVR: WarpToScreen: Skipping frames for 10
01-02 17:23:21.468   835  1827 V C2Store : in ~ComponentModule
01-02 17:23:21.468   835  1827 V C2Store : unloading dll
01-02 17:23:21.475  2453 17432 I CompositorVR: WarpToScreen: Skipping frames for 10
01-02 17:23:21.481  1022  1802 E InputDispatcher: Window handle Window{da1ae7b u0 com.oculus.systemux} has no registered input channel
01-02 17:23:21.484  1022  3300 I DisplayManagerService: Display device removed: DisplayDeviceInfo{"com.oculus.android_panel_app.AndroidPanelLayer-#main": uniqueId="virtual:com.oculus.systemux,10026,com.oculus.android_panel_app.AndroidPanelLayer-#main,2", 1000 x 625, modeId 263, defaultModeId 263, supportedModes [{id=263, width=1000, height=625, fps=60.0}], colorMode 0, supportedColorModes [0], HdrCapabilities null, density 200, 200.0 x 200.0 dpi, appVsyncOff 0, presDeadline 16666666, touch NONE, rotation 0, type VIRTUAL, state ON, owner com.oculus.systemux (uid 10026), FLAG_PRIVATE, FLAG_NEVER_BLANK, FLAG_OWN_CONTENT_ONLY}
01-02 17:23:21.486  2453 17432 I CompositorVR: WarpToScreen: Skipping frames for 10
01-02 17:23:21.487  3167  4198 I Telemetry: App memory usage: PSS=37 MiB, PrivateDirty=26 MiB, PrivateClean=3 MiB, GPU=3.9/4.1 MiB (96% allocated)
01-02 17:23:21.497  2453 17432 I CompositorVR: WarpToScreen: Skipping frames for 10
01-02 17:23:21.504   860  4170 I chatty  : uid=1000(system) Binder:860_3 identical 7 lines
01-02 17:23:21.507  5504  5606 E OsSdk   : error getting shared memory region, memory type: HeadTracker, failed with Status(-1, EX_SECURITY): 'requested shared memory region when not registered/focused'
01-02 17:23:21.508  2453 17432 I CompositorVR: WarpToScreen: Skipping frames for 10
01-02 17:23:21.518  3781  7439 I chatty  : uid=10026 com.oculus.systemux:SystemUX expire 8 lines
01-02 17:23:21.518  2586  2605 I RPCServer: HandleClientDisconnect: Client: com.oculus.systemux:com.oculus.systemux:SystemUX:3781, Server: com.oculus.presence:com.oculus.presence (PubSubServer)
01-02 17:23:21.519  2586  2605 I RPCServer: HandleClientDisconnect: Client: com.oculus.systemux:com.oculus.systemux:SystemUX:3781, Server: com.oculus.presence:com.oculus.presence (PresenceServer)
01-02 17:23:21.519  2453 17432 I CompositorVR: WarpToScreen: Skipping frames for 10
01-02 17:23:21.531  2453 17432 I CompositorVR: WarpToScreen: Skipping frames for 10
01-02 17:23:21.531  2453  3310 I VrRuntimeService: RuntimeServiceSDKServer::SetGuardianSystemState: 712137349
01-02 17:23:21.531  3167  3311 I GuardianSystem: UpdateGuardianSystemState: Flags changed: 524288, 532480, SYSTEM_GUARDIAN_VALID to SYSTEM_GUARDIAN_VISIBLE,SYSTEM_GUARDIAN_VALID
01-02 17:23:21.533  1022  2861 I DisplayManagerService: Display device removed: DisplayDeviceInfo{"com.oculus.android_panel_app.AndroidPanelLayer-#main": uniqueId="virtual:com.oculus.systemux,10026,com.oculus.android_panel_app.AndroidPanelLayer-#main,1", 840 x 110, modeId 139, defaultModeId 139, supportedModes [{id=139, width=840, height=110, fps=60.0}], colorMode 0, supportedColorModes [0], HdrCapabilities null, density 200, 200.0 x 200.0 dpi, appVsyncOff 0, presDeadline 16666666, touch NONE, rotation 0, type VIRTUAL, state ON, owner com.oculus.systemux (uid 10026), FLAG_PRIVATE, FLAG_NEVER_BLANK, FLAG_OWN_CONTENT_ONLY}
01-02 17:23:21.542  2453 17432 I CompositorVR: WarpToScreen: Skipping frames for 10
01-02 17:23:21.542  1022  1816 I DisplayManagerService: Display device removed: DisplayDeviceInfo{"com.oculus.android_panel_app.AndroidPanelLayer-toast": uniqueId="virtual:com.oculus.systemux,10026,com.oculus.android_panel_app.AndroidPanelLayer-toast,0", 525 x 79, modeId 266, defaultModeId 266, supportedModes [{id=266, width=525, height=79, fps=60.0}], colorMode 0, supportedColorModes [0], HdrCapabilities null, density 200, 200.0 x 200.0 dpi, appVsyncOff 0, presDeadline 16666666, touch NONE, rotation 0, type VIRTUAL, state ON, owner com.oculus.systemux (uid 10026), FLAG_PRIVATE, FLAG_NEVER_BLANK, FLAG_OWN_CONTENT_ONLY}
01-02 17:23:21.549  3199  3199 D [SEO] PanelServiceConnection: onSeviceConnected - component name (ComponentInfo{com.oculus.systemux/com.oculus.panelapp.anytimeui.AnytimeUIAndroidPanelService}), panel app id (25)
01-02 17:23:21.549  3199  3199 D [SEO] ShellApplication: notify OS to set com.oculus.systemux/com.oculus.panelapp.anytimeui.AnytimeUIAndroidPanelService to FOREGROUND
01-02 17:23:21.552   860  4170 W TrackingService: attachClient: found client in attached list
01-02 17:23:21.552  3199  3199 I [SEO] PanelAppConnection: verifyFirstPartyUID(Debug Signatures=false, uid=10026) => apkSignatureResult=SigCertInfo(isTrusted=true, packageNames=[com.oculus.systemux], fingerprint sha1=98a1809f3c3e79170e5df8135b500ecfa39df1be, fingerprint sha256=012f8165c191efe8fb0d6d4606aa4abac14d77d1d97d5340860c9f81045aa157, signature=308205cf308203b7a0030201020204097e91c1300d06092a864886f70d01010b0500308197310b3009060355040613025553311330110603550408130a43616c69666f726e6961311330110603550407130a4d656e6c6f205061726b31233021060355040a131a46616365626f6f6b20546563686e6f6c6f676965732c204c4c4331233021060355040b131a46616365626f6f6b20546563686e6f6c6f676965732c204c4c43311430120603550403130b4f63756c75732041707073301e170d3139303730343131333935315a170d3436313131393131333935315a308197310b3009060355040613025553311330110603550408130a43616c69666f726e6961311330110603550407130a4d656e6c6f205061726b31233021060355040a131a46616365626f6f6b20546563686e6f6c6f676965732c204c4c4331233021060355040b131a46616365626f6f6b20546563686e6f6c6f676965732c204c4c43311430120603550403130b4f63756c7573204170707330820222300d06092a864886f70d01010105000382020f003082020a0282020100b815642a5c201c8da044905dafbb06c05fddb75449cc75a716a0434da0493a52a4d60643532c237e76cb41d2c32a5e4474f12b37f632a809b5a5ceb8c6289ecf828e736b4ec452b1c2757bd0b5ed13eff5a7a47ab2ef6cdf60a8d749e9e8603f30d12b5db8f734c57578a2a4ce5ff5737c1f02c629d2dcb4f82726674663a699de94463ff370fa9eb48158831bf0b68bd6ec84293182d52e860bdd81bb9ce9cdd6a77fea0df25004da34d3cce7a31069646aa4628fba9ccb0952163793be9a4edf49a53f83179c2f44d8c87d6c129e8d590af0f3fced26201ee43b31fccd93b497cd198c5cd1f98d64c4f7ad79ca47278c02652d5dc072a99807e22f473f7bae4da2bafcae48cd49ad55a764b8d39f329f6175eac9074307deff48b1c4a6e19b748766617768c31a17feae8478eb7f9ebfb61af2b9f5a692b636342d7ebc53d7146626b51801b5a0a102e281475decdefb8683d0ca2843dc7aaeb6759bcab0dcba38db44f5d7f797a1c9c02dd159c0e3c72b14dc882d31c24ad8abee4ce0f7f0205e05efef551e2551a61e96636ed5dfd7435d3d24f5a130a12f10452cc954aa770d5d95e3e0cb9d7b05c5506a7947f8ff3437b3d82274fdaa156d85bfb7fbcb4fa5557080fedab86520b71d3d533e7bb3e7e3ebe9712b68e755d700b0afbf7595ffa80a6b3d90bfe599769138ee6515df415e32c0abed2b8e4aea1f47351f490203010001a321301f301d0603551d0e04160414a3c939e6b71c43bc9193f773c0351be1aff311f9300d06092a864886f70d01010b050003820201004e4c865231f2a3583c6af9488ecf9aa96b1ee84e2d7bfad00581537dc70c54ecfcf360e563d018efa4cdd77bf6fc4c9f1a20ebd4215cf1538686d4089bdcc8adb6ae4497ead14b0c18efd52ce93357019973e94e16b3326c60885b1bdc5f9cad1098f16732935876d8d19bda3ceeaaa69a83c4e2231710c6735f88abdfffe3dfa2be3f18f894923441b4e4a9c9664ed6294c16d7c073547063bfdbbefad184a001f1dce2feffdc96d10eb16a3bfbcd382cd297ca3b4edb7ebacd1a9931a1368a5157ceaebbca5b39bd5db5461a340db8ec076d38a94bcdd042bfb51388158ba97a49b631c1762fa746c7bb36eaf15cae23fa993cfb052e824f2ae173ea27b50a6cca91eb955f4faf131514757e5a3ecae9df6d23771279b7742f28fb9ce394eb9e03926f550716f1312355a5efdc479d8347b516cff55cb14307c81280142cacf2fd6562a2baacbfc97869272b1c51abf79121de8bab227e001313d4115eb9b33a332ebb34e290f14b5352ef1038f7a5f3740c9d1136b3526de4331deb4fa529c36a17c04c3e64d4f6ebda73d6e6e18281e3948fd11e685eab6611be1bc62839bce5962715e7f6537e6c083bcd3538d17407b26c850cd6b3f5e2149fdef027a6cfb7ed0f93c928aca14927b10c6a3f104ba1b10413af8b1868b84a004e5ddd065fff26a7bb3c818bb5a2d69aedf9441ef9033efae3ef52282a96f66d4b4ff3f2)
01-02 17:23:21.553  2453 17432 I CompositorVR: WarpToScreen: Skipping frames for 10
01-02 17:23:21.556  5504  5606 E OsSdk   : error getting shared memory region, memory type: HeadTracker, failed with Status(-1, EX_SECURITY): 'requested shared memory region when not registered/focused'
01-02 17:23:21.557  2453 17432 I CompositorVR: SetSchedFifo( tid=3311, pol=5, pri=1 ) succeeded
01-02 17:23:21.558  2453 17432 I CompositorVR: SetSchedFifo( tid=3978, pol=5, pri=1 ) succeeded
01-02 17:23:21.558  2453 17432 I CompositorVR: SetSchedFifo( tid=4201, pol=5, pri=1 ) succeeded
01-02 17:23:21.561  2205 17884 D CCodec  : allocate(c2.android.vorbis.decoder)
01-02 17:23:21.561   835  1827 V C2Store : in init
01-02 17:23:21.561  2430  2430 D [OAO] PanelServiceConnection: onSeviceConnected - component name (ComponentInfo{com.oculus.systemux/com.oculus.panelapp.anytimeui.AnytimeUIAndroidPanelService}), panel app id (6)
01-02 17:23:21.561   835  1827 V C2Store : loading dll
01-02 17:23:21.562  2430  2430 D [OAO] ShellApplication: notify OS to set com.oculus.systemux/com.oculus.panelapp.anytimeui.AnytimeUIAndroidPanelService to FOREGROUND
01-02 17:23:21.564  2453 17432 I CompositorVR: WarpToScreen: Skipping frames for 10
01-02 17:23:21.565  2205 17884 I CCodec  : Created component [c2.android.vorbis.decoder]
01-02 17:23:21.566  2205 17884 D CCodecConfig: read media type: audio/vorbis
01-02 17:23:21.569  2205 17884 D ReflectedParamUpdater: extent() != 1 for single value type: algo.buffers.max-count.values
01-02 17:23:21.569  2205 17884 D ReflectedParamUpdater: extent() != 1 for single value type: output.subscribed-indices.values
01-02 17:23:21.570  2205 17884 D ReflectedParamUpdater: extent() != 1 for single value type: input.buffers.allocator-ids.values
01-02 17:23:21.570  2205 17884 D ReflectedParamUpdater: extent() != 1 for single value type: output.buffers.allocator-ids.values
01-02 17:23:21.570  2205 17884 D ReflectedParamUpdater: extent() != 1 for single value type: algo.buffers.allocator-ids.values
01-02 17:23:21.570  2430  2430 I [OAO] PanelAppConnection: verifyFirstPartyUID(Debug Signatures=false, uid=10026) => apkSignatureResult=SigCertInfo(isTrusted=true, packageNames=[com.oculus.systemux], fingerprint sha1=98a1809f3c3e79170e5df8135b500ecfa39df1be, fingerprint sha256=012f8165c191efe8fb0d6d4606aa4abac14d77d1d97d5340860c9f81045aa157, signature=308205cf308203b7a0030201020204097e91c1300d06092a864886f70d01010b0500308197310b3009060355040613025553311330110603550408130a43616c69666f726e6961311330110603550407130a4d656e6c6f205061726b31233021060355040a131a46616365626f6f6b20546563686e6f6c6f676965732c204c4c4331233021060355040b131a46616365626f6f6b20546563686e6f6c6f676965732c204c4c43311430120603550403130b4f63756c75732041707073301e170d3139303730343131333935315a170d3436313131393131333935315a308197310b3009060355040613025553311330110603550408130a43616c69666f726e6961311330110603550407130a4d656e6c6f205061726b31233021060355040a131a46616365626f6f6b20546563686e6f6c6f676965732c204c4c4331233021060355040b131a46616365626f6f6b20546563686e6f6c6f676965732c204c4c43311430120603550403130b4f63756c7573204170707330820222300d06092a864886f70d01010105000382020f003082020a0282020100b815642a5c201c8da044905dafbb06c05fddb75449cc75a716a0434da0493a52a4d60643532c237e76cb41d2c32a5e4474f12b37f632a809b5a5ceb8c6289ecf828e736b4ec452b1c2757bd0b5ed13eff5a7a47ab2ef6cdf60a8d749e9e8603f30d12b5db8f734c57578a2a4ce5ff5737c1f02c629d2dcb4f82726674663a699de94463ff370fa9eb48158831bf0b68bd6ec84293182d52e860bdd81bb9ce9cdd6a77fea0df25004da34d3cce7a31069646aa4628fba9ccb0952163793be9a4edf49a53f83179c2f44d8c87d6c129e8d590af0f3fced26201ee43b31fccd93b497cd198c5cd1f98d64c4f7ad79ca47278c02652d5dc072a99807e22f473f7bae4da2bafcae48cd49ad55a764b8d39f329f6175eac9074307deff48b1c4a6e19b748766617768c31a17feae8478eb7f9ebfb61af2b9f5a692b636342d7ebc53d7146626b51801b5a0a102e281475decdefb8683d0ca2843dc7aaeb6759bcab0dcba38db44f5d7f797a1c9c02dd159c0e3c72b14dc882d31c24ad8abee4ce0f7f0205e05efef551e2551a61e96636ed5dfd7435d3d24f5a130a12f10452cc954aa770d5d95e3e0cb9d7b05c5506a7947f8ff3437b3d82274fdaa156d85bfb7fbcb4fa5557080fedab86520b71d3d533e7bb3e7e3ebe9712b68e755d700b0afbf7595ffa80a6b3d90bfe599769138ee6515df415e32c0abed2b8e4aea1f47351f490203010001a321301f301d0603551d0e04160414a3c939e6b71c43bc9193f773c0351be1aff311f9300d06092a864886f70d01010b050003820201004e4c865231f2a3583c6af9488ecf9aa96b1ee84e2d7bfad00581537dc70c54ecfcf360e563d018efa4cdd77bf6fc4c9f1a20ebd4215cf1538686d4089bdcc8adb6ae4497ead14b0c18efd52ce93357019973e94e16b3326c60885b1bdc5f9cad1098f16732935876d8d19bda3ceeaaa69a83c4e2231710c6735f88abdfffe3dfa2be3f18f894923441b4e4a9c9664ed6294c16d7c073547063bfdbbefad184a001f1dce2feffdc96d10eb16a3bfbcd382cd297ca3b4edb7ebacd1a9931a1368a5157ceaebbca5b39bd5db5461a340db8ec076d38a94bcdd042bfb51388158ba97a49b631c1762fa746c7bb36eaf15cae23fa993cfb052e824f2ae173ea27b50a6cca91eb955f4faf131514757e5a3ecae9df6d23771279b7742f28fb9ce394eb9e03926f550716f1312355a5efdc479d8347b516cff55cb14307c81280142cacf2fd6562a2baacbfc97869272b1c51abf79121de8bab227e001313d4115eb9b33a332ebb34e290f14b5352ef1038f7a5f3740c9d1136b3526de4331deb4fa529c36a17c04c3e64d4f6ebda73d6e6e18281e3948fd11e685eab6611be1bc62839bce5962715e7f6537e6c083bcd3538d17407b26c850cd6b3f5e2149fdef027a6cfb7ed0f93c928aca14927b10c6a3f104ba1b10413af8b1868b84a004e5ddd065fff26a7bb3c818bb5a2d69aedf9441ef9033efae3ef52282a96f66d4b4ff3f2)
01-02 17:23:21.571  3781  3781 I chatty  : uid=10026 com.oculus.systemux:SystemUX expire 5 lines
01-02 17:23:21.571  2205 17884 D ReflectedParamUpdater: extent() != 1 for single value type: output.buffers.pool-ids.values
01-02 17:23:21.571  2205 17884 D ReflectedParamUpdater: extent() != 1 for single value type: algo.buffers.pool-ids.values
01-02 17:23:21.572  2205 17884 I CCodecConfig: query failed after returning 7 values (BAD_INDEX)
01-02 17:23:21.572  2205 17884 D CCodecConfig: c2 config diff is Dict {
01-02 17:23:21.572  2205 17884 D CCodecConfig:   c2::u32 coded.bitrate.value = 64000
01-02 17:23:21.572  2205 17884 D CCodecConfig:   c2::u32 input.buffers.max-size.value = 32768
01-02 17:23:21.572  2205 17884 D CCodecConfig:   c2::u32 input.delay.value = 0
01-02 17:23:21.572  2205 17884 D CCodecConfig:   string input.media-type.value = "audio/vorbis"
01-02 17:23:21.572  2205 17884 D CCodecConfig:   string output.media-type.value = "audio/raw"
01-02 17:23:21.572  2205 17884 D CCodecConfig:   c2::u32 raw.channel-count.value = 1
01-02 17:23:21.572  2205 17884 D CCodecConfig:   c2::u32 raw.sample-rate.value = 48000
01-02 17:23:21.572  2205 17884 D CCodecConfig: }
01-02 17:23:21.573  2205 17884 D CCodecConfig: no c2 equivalents for durationUs
01-02 17:23:21.573  2205 17884 D CCodecConfig: no c2 equivalents for csd-1
01-02 17:23:21.573  2205 17884 D CCodecConfig: no c2 equivalents for track-id
01-02 17:23:21.573  2205 17884 D CCodecConfig: no c2 equivalents for channel-mask
01-02 17:23:21.573  2205 17884 D CCodecConfig: c2 config diff is   c2::u32 raw.channel-count.value = 2
01-02 17:23:21.573  2205 17884 D CCodecConfig:   c2::u32 raw.sample-rate.value = 44100
01-02 17:23:21.573  2205 17884 W Codec2Client: query -- param skipped: index = 1107298332.
01-02 17:23:21.573  2205 17884 D CCodec  : setup formats input: AMessage(what = 0x00000000) = {
01-02 17:23:21.573  2205 17884 D CCodec  :   int32_t channel-count = 2
01-02 17:23:21.573  2205 17884 D CCodec  :   int32_t max-input-size = 32768
01-02 17:23:21.573  2205 17884 D CCodec  :   string mime = "audio/vorbis"
01-02 17:23:21.573  2205 17884 D CCodec  :   int32_t sample-rate = 44100
01-02 17:23:21.573  2205 17884 D CCodec  : } and output: AMessage(what = 0x00000000) = {
01-02 17:23:21.573  2205 17884 D CCodec  :   int32_t channel-count = 2
01-02 17:23:21.573  2205 17884 D CCodec  :   string mime = "audio/raw"
01-02 17:23:21.573  2205 17884 D CCodec  :   int32_t sample-rate = 44100
01-02 17:23:21.573  2205 17884 D CCodec  :   int32_t channel-mask = 3
01-02 17:23:21.573  2205 17884 D CCodec  : }
01-02 17:23:21.574  3781  5868 I chatty  : uid=10026(com.oculus.systemux) Binder:3781_A expire 1 line
01-02 17:23:21.575  3781 17886 I chatty  : uid=10026(com.oculus.systemux) pool-31-thread- expire 5 lines
01-02 17:23:21.575  2453 17432 I CompositorVR: WarpToScreen: Skipping frames for 10
01-02 17:23:21.577  3781  3781 I chatty  : uid=10026 com.oculus.systemux:SystemUX expire 53 lines
01-02 17:23:21.586  2453 17432 I CompositorVR: WarpToScreen: Skipping frames for 10
01-02 17:23:21.594   885   922 D xrspd   : setALEnabled 0
01-02 17:23:21.594   885   922 D xrspd   : setAlinkEnabledCallback disabled, already using usb, ignoring
01-02 17:23:21.597  2453 17432 I CompositorVR: WarpToScreen: Skipping frames for 10
01-02 17:23:21.598  2205 17884 W Codec2Client: query -- param skipped: index = 1342179345.
01-02 17:23:21.598  2205 17884 W Codec2Client: query -- param skipped: index = 2415921170.
01-02 17:23:21.599   860  1008 W TrackingService: attachClient: found client in attached list
01-02 17:23:21.599  2205 17884 D CCodecBufferChannel: [c2.android.vorbis.decoder#459] Created input block pool with allocatorID 16 => poolID 41 - OK (0)
01-02 17:23:21.600   835  1827 D BufferPoolAccessor: bufferpool2 0x2c26694830 : 0(0 size) total buffers - 0(0 size) used buffers - 271/275 (recycle/alloc) - 4/273 (fetch/transfer)
01-02 17:23:21.600   835  1827 D BufferPoolAccessor: Destruction - bufferpool2 0x2c26694830 cached: 0/0M, 0/0% in use; allocs: 275, 99% recycled; transfers: 273, 99% unfetced
01-02 17:23:21.601  5504  5606 E OsSdk   : error getting shared memory region, memory type: HeadTracker, failed with Status(-1, EX_SECURITY): 'requested shared memory region when not registered/focused'
01-02 17:23:21.602   812  1600 D BufferPoolAccessor: bufferpool2 0xf488d710 : 0(0 size) total buffers - 0(0 size) used buffers - 9/20 (recycle/alloc) - 11/30 (fetch/transfer)
01-02 17:23:21.602   812  1600 D BufferPoolAccessor: Destruction - bufferpool2 0xf488d710 cached: 0/0M, 0/0% in use; allocs: 20, 45% recycled; transfers: 30, 63% unfetced
01-02 17:23:21.603  2205 17884 I CCodecBufferChannel: [c2.android.vorbis.decoder#459] Created output block pool with allocatorID 16 => poolID 148 - OK
01-02 17:23:21.603  2205 17884 D CCodecBufferChannel: [c2.android.vorbis.decoder#459] Configured output block pool ids 148 => OK
01-02 17:23:21.605   835 17885 D SimpleC2Component: Using output block pool with poolID 148 => got 148 - 0
01-02 17:23:21.607  2205 17884 D CCodecBufferChannel: [c2.android.vorbis.decoder#459] Discard frames from previous generation.
01-02 17:23:21.608  2272  2852 I OVRMediaService: onStartCommand Received message type: com.oculus.horizon.GET_CAPTURE_STATE_ACTION, caller package: no_app_identity, app identify: null
01-02 17:23:21.609  2453 17432 I CompositorVR: WarpToScreen: Skipping frames for 10
01-02 17:23:21.614  2205 17884 D CCodecBufferChannel: [c2.android.vorbis.decoder#459] Discard frames from previous generation.
01-02 17:23:21.617   835  1820 D BufferPoolAccessor: Destruction - bufferpool2 0x2c26698030 cached: 0/0M, 0/0% in use; allocs: 0, 0% recycled; transfers: 0, 0% unfetced
01-02 17:23:21.617   835  1820 V C2Store : in ~ComponentModule
01-02 17:23:21.617   835  1820 V C2Store : unloading dll
01-02 17:23:21.620  2453 17432 I CompositorVR: WarpToScreen: Skipping frames for 10
01-02 17:23:21.631  2453 17432 I CompositorVR: WarpToScreen: Skipping frames for 10
01-02 17:23:21.632  3199  3199 D [SEO] ShellControlBroadcastReceiver: onReceive with MainActivity native pointer 3762388256, action com.oculus.systemactivities.CAPTURE_STATE_UPDATE
01-02 17:23:21.632  3199  3199 D [SEO] ShellControlBroadcastReceiver: isLaunchAction = false, isTrustedAppLaunch = false
01-02 17:23:21.632  3199  3199 D [SEO] ShellControlBroadcastReceiver: IsCaptureStateUpdateAction
01-02 17:23:21.635  2272  2852 I FileCapture: broadcast capture state to AUI running = false, with mode -1
01-02 17:23:21.642  2453 17432 I CompositorVR: WarpToScreen: Skipping frames for 10
01-02 17:23:21.642  2430  2430 D DeviceHelper: isScreenOn = true
01-02 17:23:21.642  2430  2430 D [OAO] ShellOverlayBroadcastReceiver: onReceive with ShellOverlayService native pointer 3762130880, action com.oculus.systemactivities.CAPTURE_STATE_UPDATE
01-02 17:23:21.644   860  1008 W TrackingService: attachClient: found client in attached list
01-02 17:23:21.645  5504  5606 E OsSdk   : error getting shared memory region, memory type: HeadTracker, failed with Status(-1, EX_SECURITY): 'requested shared memory region when not registered/focused'
01-02 17:23:21.652  2453  2453 D VrRuntimeService: onForegroundActivitiesChanged: pid=17613, uid=10142, hasForegroundActivities=false
01-02 17:23:21.653  2453 17432 I CompositorVR: WarpToScreen: Skipping frames for 10
01-02 17:23:21.655  2272  2852 I OVRMediaServiceManager: Metacam is not enabled.
01-02 17:23:21.657   860  4170 W TrackingService: attachClient: found client in attached list
01-02 17:23:21.657   860  7412 W TrackingService: attachClient: found client in attached list
01-02 17:23:21.658   860  7412 D TrackingService: getSharedMemory: com.oculus.systemdriver, HeadTracker
01-02 17:23:21.658   860  7412 W TrackingService: attachClient: found client in attached list
01-02 17:23:21.659   860  7412 D TrackingService: getSharedMemory: com.oculus.vrshell, HeadTracker
01-02 17:23:21.659   860  4170 D TrackingService: getSharedMemory: com.oculus.guardian, HeadTracker
01-02 17:23:21.663   860  4170 W TrackingService: attachClient: found client in attached list
01-02 17:23:21.664   860  4170 D TrackingService: getSharedMemory: com.oculus.shellenv, HeadTracker
01-02 17:23:21.664  2453 17432 I CompositorVR: WarpToScreen: Skipping frames for 10
01-02 17:23:21.670   860  4170 W TrackingService: attachClient: found client in attached list
01-02 17:23:21.670   860  4170 D TrackingService: getSharedMemory: com.oculus.vrshell, HeadTracker
01-02 17:23:21.675  2453 17432 I CompositorVR: WarpToScreen: Skipping frames for 10
01-02 17:23:21.683  3781 17895 I chatty  : uid=10026 com.oculus.systemux:SystemUX expire 24 lines
01-02 17:23:21.684   835  1820 V C2Store : in init
01-02 17:23:21.684   835  1820 V C2Store : loading dll
01-02 17:23:21.684  1796 17879 W ContextImpl: Calling a method in the system process without a qualified user: android.app.ContextImpl.sendBroadcast:1057 android.content.ContextWrapper.sendBroadcast:448 X.np.A00:133 X.no.A00:17 X.no.handleMessage:80 
01-02 17:23:21.687  2453 17432 I CompositorVR: WarpToScreen: Skipping frames for 10
01-02 17:23:21.691   860  4170 W TrackingService: attachClient: found client in attached list
01-02 17:23:21.691  5504  5606 E OsSdk   : error getting shared memory region, memory type: HeadTracker, failed with Status(-1, EX_SECURITY): 'requested shared memory region when not registered/focused'
01-02 17:23:21.698  2453 17432 I CompositorVR: WarpToScreen: Skipping frames for 10
01-02 17:23:21.703   835 17896 D SimpleC2Component: Using output block pool with poolID 149 => got 149 - 0
01-02 17:23:21.707   811   811 D MediaBufferGroup: creating MemoryDealer
01-02 17:23:21.708  1796 17883 W ContextImpl: Calling a method in the system process without a qualified user: android.app.ContextImpl.sendBroadcast:1057 android.content.ContextWrapper.sendBroadcast:448 X.np.A00:133 X.no.A00:17 X.no.handleMessage:80 
01-02 17:23:21.709  2453 17432 I CompositorVR: WarpToScreen: Skipping frames for 10
01-02 17:23:21.720  2453 17432 I CompositorVR: WarpToScreen: Skipping frames for 10
01-02 17:23:21.726   835  1820 D BufferPoolAccessor: Destruction - bufferpool2 0x2c26691c30 cached: 0/0M, 0/0% in use; allocs: 0, 0% recycled; transfers: 0, 0% unfetced
01-02 17:23:21.726   835  1820 V C2Store : in ~ComponentModule
01-02 17:23:21.726   835  1820 V C2Store : unloading dll
01-02 17:23:21.728   860  4170 W TrackingService: attachClient: found client in attached list
01-02 17:23:21.729  5504  5606 E OsSdk   : error getting shared memory region, memory type: HeadTracker, failed with Status(-1, EX_SECURITY): 'requested shared memory region when not registered/focused'
01-02 17:23:21.729   860  7412 W TrackingService: attachClient: found client in attached list
01-02 17:23:21.729  5504  5606 E OsSdk   : error getting shared memory region, memory type: AnchorTracker, failed with Status(-1, EX_SECURITY): 'requested shared memory region when not registered/focused'
01-02 17:23:21.731  2453 17432 I CompositorVR: WarpToScreen: Skipping frames for 10
01-02 17:23:21.741  2205 17898 D CCodec  : allocate(c2.android.vorbis.decoder)
01-02 17:23:21.742  2453 17432 I CompositorVR: WarpToScreen: Skipping frames for 10
01-02 17:23:21.744   835  1820 V C2Store : in init
01-02 17:23:21.744   835  1820 V C2Store : loading dll
01-02 17:23:21.750  2205 17898 I CCodec  : Created component [c2.android.vorbis.decoder]
01-02 17:23:21.750  2205 17898 D CCodecConfig: read media type: audio/vorbis
01-02 17:23:21.753  2205 17898 D ReflectedParamUpdater: extent() != 1 for single value type: algo.buffers.max-count.values
01-02 17:23:21.753  2453 17432 I CompositorVR: WarpToScreen: Skipping frames for 10
01-02 17:23:21.756   860 17444 W [CT]    : VEGA:MAP_TRACKING_HM: [Throttled count=25] Map tracking did not run.
01-02 17:23:21.758  2205 17898 D ReflectedParamUpdater: extent() != 1 for single value type: output.subscribed-indices.values
01-02 17:23:21.759  2205 17898 D ReflectedParamUpdater: extent() != 1 for single value type: input.buffers.allocator-ids.values
01-02 17:23:21.759  2205 17898 D ReflectedParamUpdater: extent() != 1 for single value type: output.buffers.allocator-ids.values
01-02 17:23:21.759  2205 17898 D ReflectedParamUpdater: extent() != 1 for single value type: algo.buffers.allocator-ids.values
01-02 17:23:21.759  2205 17898 D ReflectedParamUpdater: extent() != 1 for single value type: output.buffers.pool-ids.values
01-02 17:23:21.759  2205 17898 D ReflectedParamUpdater: extent() != 1 for single value type: algo.buffers.pool-ids.values
01-02 17:23:21.760  2205 17898 I CCodecConfig: query failed after returning 7 values (BAD_INDEX)
01-02 17:23:21.760  2205 17898 D CCodecConfig: c2 config diff is Dict {
01-02 17:23:21.760  2205 17898 D CCodecConfig:   c2::u32 coded.bitrate.value = 64000
01-02 17:23:21.760  2205 17898 D CCodecConfig:   c2::u32 input.buffers.max-size.value = 32768
01-02 17:23:21.760  2205 17898 D CCodecConfig:   c2::u32 input.delay.value = 0
01-02 17:23:21.760  2205 17898 D CCodecConfig:   string input.media-type.value = "audio/vorbis"
01-02 17:23:21.760  2205 17898 D CCodecConfig:   string output.media-type.value = "audio/raw"
01-02 17:23:21.760  2205 17898 D CCodecConfig:   c2::u32 raw.channel-count.value = 1
01-02 17:23:21.760  2205 17898 D CCodecConfig:   c2::u32 raw.sample-rate.value = 48000
01-02 17:23:21.760  2205 17898 D CCodecConfig: }
01-02 17:23:21.760  2205 17898 D CCodecConfig: no c2 equivalents for durationUs
01-02 17:23:21.760  2205 17898 D CCodecConfig: no c2 equivalents for csd-1
01-02 17:23:21.760  2205 17898 D CCodecConfig: no c2 equivalents for track-id
01-02 17:23:21.760  2205 17898 D CCodecConfig: no c2 equivalents for channel-mask
01-02 17:23:21.761  2205 17898 D CCodecConfig: c2 config diff is   c2::u32 raw.channel-count.value = 2
01-02 17:23:21.761  2205 17898 D CCodecConfig:   c2::u32 raw.sample-rate.value = 44100
01-02 17:23:21.761  2205 17898 W Codec2Client: query -- param skipped: index = 1107298332.
01-02 17:23:21.761  2205 17898 D CCodec  : setup formats input: AMessage(what = 0x00000000) = {
01-02 17:23:21.761  2205 17898 D CCodec  :   int32_t channel-count = 2
01-02 17:23:21.761  2205 17898 D CCodec  :   int32_t max-input-size = 32768
01-02 17:23:21.761  2205 17898 D CCodec  :   string mime = "audio/vorbis"
01-02 17:23:21.761  2205 17898 D CCodec  :   int32_t sample-rate = 44100
01-02 17:23:21.761  2205 17898 D CCodec  : } and output: AMessage(what = 0x00000000) = {
01-02 17:23:21.761  2205 17898 D CCodec  :   int32_t channel-count = 2
01-02 17:23:21.761  2205 17898 D CCodec  :   string mime = "audio/raw"
01-02 17:23:21.761  2205 17898 D CCodec  :   int32_t sample-rate = 44100
01-02 17:23:21.761  2205 17898 D CCodec  :   int32_t channel-mask = 3
01-02 17:23:21.761  2205 17898 D CCodec  : }
01-02 17:23:21.765  2453 17432 I CompositorVR: WarpToScreen: Skipping frames for 10
01-02 17:23:21.765   835  1827 V C2Store : in ~ComponentModule
01-02 17:23:21.765   835  1827 V C2Store : unloading dll
01-02 17:23:21.772  5504  5606 E OsSdk   : error getting shared memory region, memory type: HeadTracker, failed with Status(-1, EX_SECURITY): 'requested shared memory region when not registered/focused'
01-02 17:23:21.776  2453 17432 I CompositorVR: WarpToScreen: Skipping frames for 10
01-02 17:23:21.787  2453 17432 I CompositorVR: WarpToScreen: Skipping frames for 10
01-02 17:23:21.798  2453 17432 I CompositorVR: WarpToScreen: Skipping frames for 10
01-02 17:23:21.804  2272  3482 I OVRMediaService: onStartCommand Received message type: com.oculus.horizon.GET_CAPTURE_STATE_ACTION, caller package: no_app_identity, app identify: null
01-02 17:23:21.804  1022  1802 I DisplayManagerService: Display device added: DisplayDeviceInfo{"com.oculus.android_panel_app.AndroidPanelLayer-#main": uniqueId="virtual:com.oculus.systemux,10026,com.oculus.android_panel_app.AndroidPanelLayer-#main,0", 840 x 1250, modeId 267, defaultModeId 267, supportedModes [{id=267, width=840, height=1250, fps=60.0}], colorMode 0, supportedColorModes [0], HdrCapabilities null, density 200, 200.0 x 200.0 dpi, appVsyncOff 0, presDeadline 16666666, touch NONE, rotation 0, type VIRTUAL, state OFF, owner com.oculus.systemux (uid 10026), FLAG_PRIVATE, FLAG_NEVER_BLANK, FLAG_OWN_CONTENT_ONLY}
01-02 17:23:21.809  2453 17432 I CompositorVR: WarpToScreen: Skipping frames for 10
01-02 17:23:21.817  2205 17902 D CCodec  : allocate(c2.android.vorbis.decoder)
01-02 17:23:21.817   835  1827 V C2Store : in init
01-02 17:23:21.817   835  1827 V C2Store : loading dll
01-02 17:23:21.818   860  7412 I chatty  : uid=1000(system) Binder:860_5 identical 2 lines
01-02 17:23:21.818  5504  5606 E OsSdk   : error getting shared memory region, memory type: HeadTracker, failed with Status(-1, EX_SECURITY): 'requested shared memory region when not registered/focused'
01-02 17:23:21.820  2205 17902 I CCodec  : Created component [c2.android.vorbis.decoder]
01-02 17:23:21.820  2453 17432 I CompositorVR: WarpToScreen: Skipping frames for 10
01-02 17:23:21.820  2205 17902 D CCodecConfig: read media type: audio/vorbis
01-02 17:23:21.823  2205 17902 D ReflectedParamUpdater: extent() != 1 for single value type: algo.buffers.max-count.values
01-02 17:23:21.825  2205 17902 D ReflectedParamUpdater: extent() != 1 for single value type: output.subscribed-indices.values
01-02 17:23:21.825  2205 17902 D ReflectedParamUpdater: extent() != 1 for single value type: input.buffers.allocator-ids.values
01-02 17:23:21.825  2205 17902 D ReflectedParamUpdater: extent() != 1 for single value type: output.buffers.allocator-ids.values
01-02 17:23:21.825  2205 17902 D ReflectedParamUpdater: extent() != 1 for single value type: algo.buffers.allocator-ids.values
01-02 17:23:21.825  2205 17902 D ReflectedParamUpdater: extent() != 1 for single value type: output.buffers.pool-ids.values
01-02 17:23:21.825  2205 17902 D ReflectedParamUpdater: extent() != 1 for single value type: algo.buffers.pool-ids.values
01-02 17:23:21.827  2205 17902 I CCodecConfig: query failed after returning 7 values (BAD_INDEX)
01-02 17:23:21.827  2205 17902 D CCodecConfig: c2 config diff is Dict {
01-02 17:23:21.827  2205 17902 D CCodecConfig:   c2::u32 coded.bitrate.value = 64000
01-02 17:23:21.827  2205 17902 D CCodecConfig:   c2::u32 input.buffers.max-size.value = 32768
01-02 17:23:21.827  2205 17902 D CCodecConfig:   c2::u32 input.delay.value = 0
01-02 17:23:21.827  2205 17902 D CCodecConfig:   string input.media-type.value = "audio/vorbis"
01-02 17:23:21.827  2205 17902 D CCodecConfig:   string output.media-type.value = "audio/raw"
01-02 17:23:21.827  2205 17902 D CCodecConfig:   c2::u32 raw.channel-count.value = 1
01-02 17:23:21.827  2205 17902 D CCodecConfig:   c2::u32 raw.sample-rate.value = 48000
01-02 17:23:21.827  2205 17902 D CCodecConfig: }
01-02 17:23:21.827  2205 17902 D CCodecConfig: no c2 equivalents for durationUs
01-02 17:23:21.827  2205 17902 D CCodecConfig: no c2 equivalents for csd-1
01-02 17:23:21.827  2205 17902 D CCodecConfig: no c2 equivalents for track-id
01-02 17:23:21.827  2205 17902 D CCodecConfig: no c2 equivalents for channel-mask
01-02 17:23:21.827  1022  1043 W InputReader: Device has associated, but no associated display id.
01-02 17:23:21.828  2205 17902 D CCodecConfig: c2 config diff is   c2::u32 raw.channel-count.value = 2
01-02 17:23:21.828  2205 17902 D CCodecConfig:   c2::u32 raw.sample-rate.value = 44100
01-02 17:23:21.828  2205 17902 W Codec2Client: query -- param skipped: index = 1107298332.
01-02 17:23:21.828  2205 17902 D CCodec  : setup formats input: AMessage(what = 0x00000000) = {
01-02 17:23:21.828  2205 17902 D CCodec  :   int32_t channel-count = 2
01-02 17:23:21.828  2205 17902 D CCodec  :   int32_t max-input-size = 32768
01-02 17:23:21.828  2205 17902 D CCodec  :   string mime = "audio/vorbis"
01-02 17:23:21.828  2205 17902 D CCodec  :   int32_t sample-rate = 44100
01-02 17:23:21.828  2205 17902 D CCodec  : } and output: AMessage(what = 0x00000000) = {
01-02 17:23:21.828  2205 17902 D CCodec  :   int32_t channel-count = 2
01-02 17:23:21.828  2205 17902 D CCodec  :   string mime = "audio/raw"
01-02 17:23:21.828  2205 17902 D CCodec  :   int32_t sample-rate = 44100
01-02 17:23:21.828  2205 17902 D CCodec  :   int32_t channel-mask = 3
01-02 17:23:21.828  2205 17902 D CCodec  : }
01-02 17:23:21.831  1022  1045 W InputReader: Device has associated, but no associated display id.
01-02 17:23:21.831  2453 17432 I CompositorVR: WarpToScreen: Skipping frames for 10
01-02 17:23:21.831  1022  1045 I ActivityTaskManager: Override config changes=20005df8 {0.0 ?mcc?mnc ?localeList ?layoutDir sw672dp w672dp h1000dp 200dpi lrg port ?uimode ?night -touch qwerty/v/v -nav/h winConfig={ mBounds=Rect(0, 0 - 840, 1250) mAppBounds=Rect(0, 0 - 840, 1250) mWindowingMode=fullscreen mDisplayWindowingMode=fullscreen mActivityType=undefined mAlwaysOnTop=undefined mRotation=ROTATION_0}} for displayId=206
01-02 17:23:21.842  3781 17904 I chatty  : uid=10026(com.oculus.systemux) HyperspaceClien expire 14 lines
01-02 17:23:21.842  2453 17432 I CompositorVR: WarpToScreen: Skipping frames for 10
01-02 17:23:21.844  1022  2861 W ActivityManager: Unable to start service Intent { cmp=com.oculus.presence/.service.PresenceService } U=0: not found
01-02 17:23:21.845  2586  2605 D RPCServer: RegisterClient: Client: com.oculus.systemux:com.oculus.systemux:SystemUX:3781, Server: com.oculus.presence:com.oculus.presence (PresenceServer)
01-02 17:23:21.846  2586  2605 I IPCSharedMemory: CreateSharedMemory: Allocated shared memory fd 101 (ipcStateReadWrite)
01-02 17:23:21.847  2586  2605 I IPCSharedMemory: CreateSharedMemory: Allocated shared memory fd 102 (ipcReadOnlyState)
01-02 17:23:21.847  2586  2605 I RPCClientHandler: Event buffer size (server): 8192
01-02 17:23:21.848  2586  2605 I IPCSharedMemory: CreateSharedMemory: Allocated shared memory fd 103 (ipcEventBuffer)
01-02 17:23:21.849  2586  2605 I IPCSharedMemory: CreateSharedMemory: Allocated shared memory fd 112 (ipcEventBuffer_Private)
01-02 17:23:21.851  2586  2605 I RuntimeIPCServerMgr: HandleClientConnect SUCCESS: Client: com.oculus.systemux:com.oculus.systemux:SystemUX:3781, Server: com.oculus.presence:com.oculus.presence (PresenceServer)
01-02 17:23:21.851  2586  2605 I RPCServer: GetServerStatesConfig -> {MaxBufferSize=32768, MaxEntries=64}
01-02 17:23:21.853  2272  3482 I FileCapture: broadcast capture state to AUI running = false, with mode -1
01-02 17:23:21.853  3781  3781 I chatty  : uid=10026 com.oculus.systemux:SystemUX expire 13 lines
01-02 17:23:21.854  2453 17432 I CompositorVR: WarpToScreen: Skipping frames for 10
01-02 17:23:21.854  1022  2861 W ActivityManager: Unable to start service Intent { cmp=com.oculus.presence/.service.PresenceService } U=0: not found
01-02 17:23:21.856  2586  2610 D RPCServer: RegisterClient: Client: com.oculus.systemux:com.oculus.systemux:SystemUX:3781, Server: com.oculus.presence:com.oculus.presence (PubSubServer)
01-02 17:23:21.856  2586  2610 I IPCSharedMemory: CreateSharedMemory: Allocated shared memory fd 114 (ipcStateReadWrite)
01-02 17:23:21.860  2586  2610 I IPCSharedMemory: CreateSharedMemory: Allocated shared memory fd 115 (ipcReadOnlyState)
01-02 17:23:21.860  2586  2610 I RPCClientHandler: Event buffer size (server): 8192
01-02 17:23:21.862   860 17444 W [CT]    : TIMESTAMPCHECKER: Nominal rate wrong. Estimated data rate: 25, Nominal is 30.000300003000028
01-02 17:23:21.862   860  7412 W TrackingService: attachClient: found client in attached list
01-02 17:23:21.863  5504  5606 E OsSdk   : error getting shared memory region, memory type: HeadTracker, failed with Status(-1, EX_SECURITY): 'requested shared memory region when not registered/focused'
01-02 17:23:21.863  2586  2610 I IPCSharedMemory: CreateSharedMemory: Allocated shared memory fd 118 (ipcEventBuffer)
01-02 17:23:21.865  2453 17432 I CompositorVR: WarpToScreen: Skipping frames for 10
01-02 17:23:21.867  1022  3302 I DisplayManagerService: Display device removed: DisplayDeviceInfo{"com.oculus.android_panel_app.AndroidPanelLayer-#main": uniqueId="virtual:com.oculus.systemux,10026,com.oculus.android_panel_app.AndroidPanelLayer-#main,0", 840 x 1250, modeId 267, defaultModeId 267, supportedModes [{id=267, width=840, height=1250, fps=60.0}], colorMode 0, supportedColorModes [0], HdrCapabilities null, density 200, 200.0 x 200.0 dpi, appVsyncOff 0, presDeadline 16666666, touch NONE, rotation 0, type VIRTUAL, state OFF, owner com.oculus.systemux (uid 10026), FLAG_PRIVATE, FLAG_NEVER_BLANK, FLAG_OWN_CONTENT_ONLY}
01-02 17:23:21.874  2272  3482 I OVRMediaServiceManager: Metacam is not enabled.
01-02 17:23:21.876  2453 17432 I CompositorVR: WarpToScreen: Skipping frames for 10
01-02 17:23:21.883  2586  2610 I IPCSharedMemory: CreateSharedMemory: Allocated shared memory fd 119 (ipcEventBuffer_Private)
01-02 17:23:21.885  3199  3199 D [SEO] ShellControlBroadcastReceiver: onReceive with MainActivity native pointer 3762388256, action com.oculus.systemactivities.CAPTURE_STATE_UPDATE
01-02 17:23:21.885  3199  3199 D [SEO] ShellControlBroadcastReceiver: isLaunchAction = false, isTrustedAppLaunch = false
01-02 17:23:21.885  3199  3199 D [SEO] ShellControlBroadcastReceiver: IsCaptureStateUpdateAction
01-02 17:23:21.887  2430  2430 D DeviceHelper: isScreenOn = true
01-02 17:23:21.887  2430  2430 D [OAO] ShellOverlayBroadcastReceiver: onReceive with ShellOverlayService native pointer 3762130880, action com.oculus.systemactivities.CAPTURE_STATE_UPDATE
01-02 17:23:21.887  2453 17432 I CompositorVR: WarpToScreen: Skipping frames for 10
01-02 17:23:21.888  1022  1802 I DisplayManagerService: Display device added: DisplayDeviceInfo{"com.oculus.android_panel_app.AndroidPanelLayer-#main": uniqueId="virtual:com.oculus.systemux,10026,com.oculus.android_panel_app.AndroidPanelLayer-#main,0", 840 x 110, modeId 268, defaultModeId 268, supportedModes [{id=268, width=840, height=110, fps=60.0}], colorMode 0, supportedColorModes [0], HdrCapabilities null, density 200, 200.0 x 200.0 dpi, appVsyncOff 0, presDeadline 16666666, touch NONE, rotation 0, type VIRTUAL, state OFF, owner com.oculus.systemux (uid 10026), FLAG_PRIVATE, FLAG_NEVER_BLANK, FLAG_OWN_CONTENT_ONLY}
01-02 17:23:21.891  1856  1856 D OculusNotificationListenerService: Notification posted: 0|com.oculus.presence|50001|null|10070
