01-05 19:01:00.061   855  1186 W TrackingService: attachClient: found client in attached list
01-05 19:01:00.061  8646  8724 E OsSdk   : error getting shared memory region, memory type: HeadTracker, failed with Status(-1, EX_SECURITY): 'requested shared memory region when not registered/focused'
01-05 19:01:00.062  2675  3469 I VrGuardianService: GuardianSDKServer::SetGuardianHitDialog2 1
01-05 19:01:00.088   855 11166 W [CT]    : VEGA:MAP_TRACKING_HM: [Throttled count=24] Map tracking did not run.
01-05 19:01:00.104  8646  8724 E OsSdk   : error getting shared memory region, memory type: HeadTracker, failed with Status(-1, EX_SECURITY): 'requested shared memory region when not registered/focused'
01-05 19:01:00.134  8646  8724 E OsSdk   : error getting shared memory region, memory type: HeadTracker, failed with Status(-1, EX_SECURITY): 'requested shared memory region when not registered/focused'
01-05 19:01:00.135  8646  8724 E OsSdk   : error getting shared memory region, memory type: AnchorTracker, failed with Status(-1, EX_SECURITY): 'requested shared memory region when not registered/focused'
01-05 19:01:00.140  8646  8703 D xrstreaming: receive ping: org 0 recv 0 xmt 25944512227900 (received at 8188682503591), offset divergence -210401
01-05 19:01:00.178  3288 11552 I ipcLoader_static: RuntimeIPC: Loader: IPC Service API Loader Version: 33 Nov 25 2022 14:16:03
01-05 19:01:00.178  3288 11552 I RuntimeIPCApi: ipc_Initialize
01-05 19:01:00.178  3288 11552 I RuntimeIPCServiceClient: Init: Already initialized: com.oculus.systemux:SystemUX, 3
01-05 19:01:00.179  8646  8724 E OsSdk   : error getting shared memory region, memory type: HeadTracker, failed with Status(-1, EX_SECURITY): 'requested shared memory region when not registered/focused'
01-05 19:01:00.180  1046  7221 W ActivityManager: Unable to start service Intent { cmp=com.oculus.presence/.service.PresenceService } U=0: not found
01-05 19:01:00.181  2276  3329 D RPCServer: RegisterClient: Client: com.oculus.systemux:com.oculus.systemux:SystemUX:3288, Server: com.oculus.presence:com.oculus.presence (PubSubServer)
01-05 19:01:00.182  2276  3329 I IPCSharedMemory: CreateSharedMemory: Allocated shared memory fd 126 (ipcStateReadWrite)
01-05 19:01:00.182  2276  3329 I IPCSharedMemory: CreateSharedMemory: Allocated shared memory fd 127 (ipcReadOnlyState)
01-05 19:01:00.182  2276  3329 I RPCClientHandler: Event buffer size (server): 8192
01-05 19:01:00.183  2276  3329 I IPCSharedMemory: CreateSharedMemory: Allocated shared memory fd 130 (ipcEventBuffer)
01-05 19:01:00.183  2276  3329 I IPCSharedMemory: CreateSharedMemory: Allocated shared memory fd 131 (ipcEventBuffer_Private)
01-05 19:01:00.185  2276  3329 I RuntimeIPCServerMgr: HandleClientConnect SUCCESS: Client: com.oculus.systemux:com.oculus.systemux:SystemUX:3288, Server: com.oculus.presence:com.oculus.presence (PubSubServer)
01-05 19:01:00.185  2276  3329 I RPCServer: GetServerStatesConfig -> {MaxBufferSize=32768, MaxEntries=64}
01-05 19:01:00.185  3288 11552 I RuntimeIPCClient: GetServerStatesConfig returned maxEntries=64, maxBuffSize=32768
01-05 19:01:00.185  3288 11552 I RuntimeIPCClient: Event buffer size (client): 8192
01-05 19:01:00.185  3288 11552 I RuntimeIPCClient: TryToGetIPCResourcesFromServer: RPC_CONNECTOR_CONNECT_TO_SERVER SUCCESS: Client: com.oculus.systemux:com.oculus.systemux:SystemUX:3288, Server: com.oculus.presence:com.oculus.presence (PubSubServer)
01-05 19:01:00.185  3288 11552 I RuntimeIPCClient: EnsureServerConnection: SUCCESS. Client: com.oculus.systemux:com.oculus.systemux:SystemUX:3288, Server: com.oculus.presence:com.oculus.presence (PubSubServer)
01-05 19:01:00.185  3288 11552 I RuntimeIPCClientMgr: ConnectToServer: SUCCESS: Client: com.oculus.systemux:com.oculus.systemux:SystemUX:3288, Server: com.oculus.presence:com.oculus.presence (PubSubServer)
01-05 19:01:00.186  1523  1523 D OculusNotificationListenerService: Notification posted: 0|com.oculus.presence|50001|null|10070
01-05 19:01:00.191  3288  3288 D [SUI] NotificationBroadcastReceiver: action: com.oculus.intent.action.NOTIF_CHANGE
01-05 19:01:00.192  2140  2140 D VrNotificationAnalytics: logNotificationPosted: key(0|com.oculus.presence|50001|null|10070), type(first_party_unspecified), isToast(false)
01-05 19:01:00.194  2140  2140 I [OAO] VrNotificationListenerService: onNotificationPosted() - key = 0|com.oculus.presence|50001|null|10070, type = first_party_unspecified, isToast = false, isBlocked with reason = true Blocked by does not contain all markers for a toast notification
01-05 19:01:00.194  2140  2140 D [OAO] VrBroadcastReceiver: action: com.oculus.vrshell.intent.action.NOTIFICATION_WAKE
01-05 19:01:00.195  2140  2140 D [OAO] VrNotificationService: VrNotificationService onStartCommand() Intent { cmp=com.oculus.vrshell/.VrNotificationService }
01-05 19:01:00.211  3288 11536 D NotificationsBadgeLiveData: MessageBadgeData, pullAndCheckNotifs, old data source notif count: 0, oc chats count: 0, messenger count: 0
01-05 19:01:00.222   855  1186 I chatty  : uid=1000(system) Binder:855_3 identical 5 lines
01-05 19:01:00.223  1249  2458 I PerformanceManager_V0: SetClockLevels: Apply pending clock request change: 4,4 -> 3,3
01-05 19:01:00.223  1249  2453 I Clocks  : ReleaseClocks - start
01-05 19:01:00.223  8646  8724 E OsSdk   : error getting shared memory region, memory type: HeadTracker, failed with Status(-1, EX_SECURITY): 'requested shared memory region when not registered/focused'
01-05 19:01:00.223  1249  2453 I Clocks  : ReleaseClocks - end (0.5 ms)
01-05 19:01:00.223  1249  2453 I Clocks  : LockClocks( cpu=3, gpu=3 ) - start
01-05 19:01:00.224  1249  2453 I Clocks  : CPU levels [0, 4]
01-05 19:01:00.224  1249  2453 I Clocks  : GPU levels [0, 5]
01-05 19:01:00.224  1249  2453 I Clocks  : LockClocks( cpu=3, gpu=3 ) - end (0.6 ms)
01-05 19:01:00.268   855  1186 W TrackingService: attachClient: found client in attached list
01-05 19:01:00.269  8646  8724 E OsSdk   : error getting shared memory region, memory type: HeadTracker, failed with Status(-1, EX_SECURITY): 'requested shared memory region when not registered/focused'
01-05 19:01:00.290  3288 11552 D HyperspaceClientJni: initHyperspacePresenceServiceClient finished
01-05 19:01:00.290  3288 11552 D HyperspaceClientJni: initInternal - finish
01-05 19:01:00.291  3288 11552 I HyperspaceClient: Service connection changed: true
01-05 19:01:00.291  3288 11552 D HyperspaceClientJni: initHyperspacePresenceServiceClientCallsInfoChangedCallback
01-05 19:01:00.292  2276  2303 I RPCServer: GetServerStatesConfig -> {MaxBufferSize=32768, MaxEntries=64}
01-05 19:01:00.292  3288 11552 I RuntimeIPCClient: GetServerStatesConfig returned maxEntries=64, maxBuffSize=32768
01-05 19:01:00.292  3288 11552 I RuntimeIPCClient: InitServerStateBuffer: SUCCESS. 2, Client: com.oculus.systemux:com.oculus.systemux:SystemUX:3288, Server: com.oculus.presence:com.oculus.presence (PubSubServer)
01-05 19:01:00.292  3288  3288 D HyperspaceClient: onCallsInfoChanged: []
01-05 19:01:00.314   855   855 W TrackingService: attachClient: found client in attached list
01-05 19:01:00.315  8646  8724 E OsSdk   : error getting shared memory region, memory type: HeadTracker, failed with Status(-1, EX_SECURITY): 'requested shared memory region when not registered/focused'
01-05 19:01:00.356   855   855 I chatty  : uid=1000(system) /system/bin/trackingservice identical 1 line
01-05 19:01:00.356  8646  8724 I chatty  : uid=10033(com.oculus.xrstreamingclient) SlamAnchorMem identical 1 line
01-05 19:01:00.399   855   855 W TrackingService: attachClient: found client in attached list
01-05 19:01:00.400  8646  8724 E OsSdk   : error getting shared memory region, memory type: HeadTracker, failed with Status(-1, EX_SECURITY): 'requested shared memory region when not registered/focused'
01-05 19:01:00.400   855  1186 W TrackingService: attachClient: found client in attached list
01-05 19:01:00.401  8646  8724 E OsSdk   : error getting shared memory region, memory type: AnchorTracker, failed with Status(-1, EX_SECURITY): 'requested shared memory region when not registered/focused'
01-05 19:01:00.434  8646  8724 E OsSdk   : error getting shared memory region, memory type: HeadTracker, failed with Status(-1, EX_SECURITY): 'requested shared memory region when not registered/focused'
01-05 19:01:00.452  3288  3288 I [SUI] AnytimeUIAndroidPanelApp: showTooltip (configuring Android tooltip view) -  {"tooltipId":"anytime_bar_library_button","text":"App Library","position":"top","hostLayerName":"#main","hostLayerUCoordinate":0.8202381134033203,"hostLayerVCoordinate":0.7727272510528564}
01-05 19:01:00.452  3288  3288 I AndroidPanelApp: HideLayer(tooltip, shape: 1, shouldMinimizeLayer: false)
01-05 19:01:00.453  1046  7221 I DisplayManagerService: Display device added: DisplayDeviceInfo{"com.oculus.android_panel_app.AndroidPanelLayer-tooltip": uniqueId="virtual:com.oculus.systemux,10026,com.oculus.android_panel_app.AndroidPanelLayer-tooltip,0", 1250 x 1250, modeId 119, defaultModeId 119, supportedModes [{id=119, width=1250, height=1250, fps=60.0}], colorMode 0, supportedColorModes [0], HdrCapabilities null, density 200, 200.0 x 200.0 dpi, appVsyncOff 0, presDeadline 16666666, touch NONE, rotation 0, type VIRTUAL, state OFF, owner com.oculus.systemux (uid 10026), FLAG_PRIVATE, FLAG_NEVER_BLANK, FLAG_OWN_CONTENT_ONLY}
01-05 19:01:00.456  3288  3288 I [SUI] TooltipView: TooltipView created
01-05 19:01:00.458  3288  3288 I [SUI] TooltipView: Initializing TooltipView
01-05 19:01:00.458  3288  3288 I [SUI] TooltipView: Configuring TooltipView -  {"tooltipId":"anytime_bar_library_button","text":"App Library","position":"top","hostLayerName":"#main","hostLayerUCoordinate":0.8202381134033203,"hostLayerVCoordinate":0.7727272510528564}
01-05 19:01:00.459  1046  8439 I DisplayManagerService: Display device removed: DisplayDeviceInfo{"com.oculus.android_panel_app.AndroidPanelLayer-tooltip": uniqueId="virtual:com.oculus.systemux,10026,com.oculus.android_panel_app.AndroidPanelLayer-tooltip,0", 1250 x 1250, modeId 119, defaultModeId 119, supportedModes [{id=119, width=1250, height=1250, fps=60.0}], colorMode 0, supportedColorModes [0], HdrCapabilities null, density 200, 200.0 x 200.0 dpi, appVsyncOff 0, presDeadline 16666666, touch NONE, rotation 0, type VIRTUAL, state OFF, owner com.oculus.systemux (uid 10026), FLAG_PRIVATE, FLAG_NEVER_BLANK, FLAG_OWN_CONTENT_ONLY}
01-05 19:01:00.460  1046  8439 I DisplayManagerService: Display device added: DisplayDeviceInfo{"com.oculus.android_panel_app.AndroidPanelLayer-tooltip": uniqueId="virtual:com.oculus.systemux,10026,com.oculus.android_panel_app.AndroidPanelLayer-tooltip,0", 121 x 65, modeId 120, defaultModeId 120, supportedModes [{id=120, width=121, height=65, fps=60.0}], colorMode 0, supportedColorModes [0], HdrCapabilities null, density 200, 200.0 x 200.0 dpi, appVsyncOff 0, presDeadline 16666666, touch NONE, rotation 0, type VIRTUAL, state OFF, owner com.oculus.systemux (uid 10026), FLAG_PRIVATE, FLAG_NEVER_BLANK, FLAG_OWN_CONTENT_ONLY}
01-05 19:01:00.462  3288  3288 I AndroidPanelApp: Processing pending hide layer for layer tooltip.
01-05 19:01:00.462  3288  3288 I AndroidPanelApp: Processing pending show layer info for layer tooltip with width 121 and height 65.
01-05 19:01:00.462  3288  3288 I AndroidPanelApp: layerSupersample no changes
01-05 19:01:00.462  2666  2945 I [SEO] PanelAppHost: Setting panel layer visibility of layer "tooltip" to invisible, panel 16 (com.oculus.systemux/com.oculus.panelapp.anytimeui.AnytimeUIAndroidPanelService)
01-05 19:01:00.462  2666  2945 I [SEO] PanelAppHost: Resize layer tooltip to size 121 x 65 shape: 1 stereo: 0, panel 16 (com.oculus.systemux/com.oculus.panelapp.anytimeui.AnytimeUIAndroidPanelService)
01-05 19:01:00.462  2666  2945 I [SEO] PanelRenderLayer: ResetSurface tooltip 121 x 65 - shape:1 stereo:0
01-05 19:01:00.463  1046  1070 W InputReader: Device has associated, but no associated display id.
01-05 19:01:00.463  3288  3288 I AndroidPanelApp: Processing next frame action "layerShow" for layer "tooltip"
01-05 19:01:00.467  1046  1072 W InputReader: Device has associated, but no associated display id.
01-05 19:01:00.467  1046  1072 I ActivityTaskManager: Override config changes=20005df8 {0.0 ?mcc?mnc ?localeList ?layoutDir sw1000dp w1000dp h1000dp 200dpi xlrg port ?uimode ?night -touch qwerty/v/v -nav/h winConfig={ mBounds=Rect(0, 0 - 1250, 1250) mAppBounds=Rect(0, 0 - 1250, 1250) mWindowingMode=fullscreen mDisplayWindowingMode=fullscreen mActivityType=undefined mAlwaysOnTop=undefined mRotation=ROTATION_0}} for displayId=58
01-05 19:01:00.479  8646  8724 E OsSdk   : error getting shared memory region, memory type: HeadTracker, failed with Status(-1, EX_SECURITY): 'requested shared memory region when not registered/focused'
01-05 19:01:00.483  1046  1070 W InputReader: Device has associated, but no associated display id.
01-05 19:01:00.490  1046  8439 E WindowManager: App trying to use insecure INPUT_FEATURE_NO_INPUT_CHANNEL flag. Ignoring
01-05 19:01:00.492  1046  1072 I DisplayManagerService: Display device changed state: "com.oculus.android_panel_app.AndroidPanelLayer-tooltip", ON
01-05 19:01:00.496  1046  1072 W InputReader: Device has associated, but no associated display id.
01-05 19:01:00.496  1046  1072 I ActivityTaskManager: Override config changes=20005df8 {0.0 ?mcc?mnc ?localeList ?layoutDir sw52dp w96dp h52dp 200dpi smll land ?uimode ?night -touch qwerty/v/v -nav/h winConfig={ mBounds=Rect(0, 0 - 121, 65) mAppBounds=Rect(0, 0 - 121, 65) mWindowingMode=fullscreen mDisplayWindowingMode=fullscreen mActivityType=undefined mAlwaysOnTop=undefined mRotation=ROTATION_0}} for displayId=59
01-05 19:01:00.497  2666  2945 I [SEO] LayerSwapChainResource: LayerSwapChainResource 121,65 : 3
01-05 19:01:00.497  1249  2634 I VrRuntimeService: CreateSwapChain: 3303378835
01-05 19:01:00.497  1249  2634 I VrRuntimeService: CreateSwapChain: api:vk 0 0x2b 121 65 7 3 1 4 3
01-05 19:01:00.497  1249  2634 W SwapChain_Vulkan: CreateTextureSwapChainFoveationVulkan: ShouldCreateFragmentDensityMap: false
01-05 19:01:00.497  1249  2634 W SwapChain_Vulkan: ExportTextureResourcesFoveationVulkan: chain->VkInteropFoveation.Device == nullptr
01-05 19:01:00.497  1249  2634 W SwapChain: CreateTextureSwapChainFoveation: export failed
01-05 19:01:00.498  1249  2634 I VrRuntimeServer: CreateTextureSwapChain: result importswapchaingles 1
01-05 19:01:00.498  2675  2854 I StateMachine: StateMachine::Update ForceShow: stopForceShow -> ForceShowOff
01-05 19:01:00.499  1920  3487 I SwapChain_Vulkan: Imported texture has requirements 3, ends up index 0
01-05 19:01:00.499  1920  3487 I chatty  : uid=10014(com.oculus.shellenv) Thread-29 identical 1 line
01-05 19:01:00.500  1920  3487 I SwapChain_Vulkan: Imported texture has requirements 3, ends up index 0
01-05 19:01:00.500  1920  3487 W VrRuntimeClient: CreateTextureSwapChain: Failed to import foveation swapchain
01-05 19:01:00.502  1249  2634 I VrRuntimeService: UpdateSwapChainSamplerState: 316
01-05 19:01:00.502  1249  2634 I VrRuntimeService: UpdateSwapChainSamplerState: minFilter=1 magFilter=1 wrapModeS=3 warpModeT=3 maxAniso=1.000000 border={0.000000,0.000000,0.000000,0.000000} swizzle={0,1,2,3}
01-05 19:01:00.516  2666  2945 I [SEO] PanelAppHost: Setting panel layer visibility of layer "tooltip" to visible, panel 16 (com.oculus.systemux/com.oculus.panelapp.anytimeui.AnytimeUIAndroidPanelService)
01-05 19:01:00.533  8646  8724 E OsSdk   : error getting shared memory region, memory type: HeadTracker, failed with Status(-1, EX_SECURITY): 'requested shared memory region when not registered/focused'
01-05 19:01:00.578  8646  8724 E OsSdk   : error getting shared memory region, memory type: HeadTracker, failed with Status(-1, EX_SECURITY): 'requested shared memory region when not registered/focused'
01-05 19:01:00.604  3288  3288 D [SUI] AnytimeUIPanelAppBase: ClickEventButtonId: AUI_BAR_LIBRARY
01-05 19:01:00.604  3288  3288 I [SUI] PanelAppBase: actionNavigate - App:  systemux://library, Uri:  
01-05 19:01:00.604  3288  3288 D [SUI] SystemUXFunnelLogServerLogger: Event: oculus_engagement_events LogInfo{duration=0, mLogId='library_system_app', mContentType=null, mPosX=0, mPosy=0, mGlobalPos=0, mSurface=AUI, mSubSurface=null, mClickEventType=null, mClickEventName=LAUNCH_APP, mAdditionalParameters={aui_position_in_section=6, aui_origin_content_id=null}} aui_in_app=false
01-05 19:01:00.613  2666  2945 I [SEO] LaunchCommandHandler: Processing launch request as JSON.  Request args: {"componentName":"systemux:\/\/library","timestamp":8189147,"skipDestinationUi":false}, sourcePanelId: 16
01-05 19:01:00.613  2666  2945 I [SEO] PanelAppLaunchInfo: PanelAppLaunchInfo componentString:com.oculus.systemux/com.oculus.panelapp.library.LibraryPanelService packageName:com.oculus.systemux serviceName:com.oculus.panelapp.library.LibraryPanelService componentName:com.oculus.systemux/com.oculus.panelapp.library.LibraryPanelService
01-05 19:01:00.613  2666  2945 I [SEO] HostPlatform: Retrieving component launch information for package (com.oculus.systemux) and service (com.oculus.panelapp.library.LibraryPanelService)
01-05 19:01:00.615  2666  2945 I [SEO] HostPlatform: Is valid panel service component for package (com.oculus.systemux) and service (com.oculus.panelapp.library.LibraryPanelService) - true
01-05 19:01:00.616  2666  2945 I [SEO] LaunchController: System UX, targetComponent = systemux://library, uri = , returnComponent = 
01-05 19:01:00.616  2666  2945 I [SEO] PanelAppLaunchInfo: PanelAppLaunchInfo componentString:com.oculus.systemux/com.oculus.panelapp.library.LibraryPanelService packageName:com.oculus.systemux serviceName:com.oculus.panelapp.library.LibraryPanelService componentName:com.oculus.systemux/com.oculus.panelapp.library.LibraryPanelService
01-05 19:01:00.616  2666  2945 I [SEO] HostPlatform: Retrieving component launch information for package (com.oculus.systemux) and service (com.oculus.panelapp.library.LibraryPanelService)
01-05 19:01:00.617  2666  2945 I [SEO] HostPlatform: Is valid panel service component for package (com.oculus.systemux) and service (com.oculus.panelapp.library.LibraryPanelService) - true
01-05 19:01:00.617  2666  2945 I [SEO] LaunchController: Registering Pending Launch of type ShellApplication with com.oculus.systemux/com.oculus.panelapp.library.LibraryPanelService, overwriting existing launch false, of type None.
01-05 19:01:00.622   855  1186 I chatty  : uid=1000(system) Binder:855_3 identical 5 lines
01-05 19:01:00.623  8646  8724 E OsSdk   : error getting shared memory region, memory type: HeadTracker, failed with Status(-1, EX_SECURITY): 'requested shared memory region when not registered/focused'
01-05 19:01:00.624  2666  2945 I [SEO] SystemUXController: ProcessPendingLaunch type ShellApplication, details com.oculus.systemux/com.oculus.panelapp.library.LibraryPanelService
01-05 19:01:00.625  2666  2945 I [SEO] LaunchController: Building launch checks for com.oculus.systemux, activity or service: com.oculus.panelapp.library.LibraryPanelService, primary active package: com.oculus.shellenv
01-05 19:01:00.630  2666  2945 W OVRLibrary: null cursor received for query content://com.oculus.ocms.library/apps/com.oculus.systemux
01-05 19:01:00.638  2666  2945 E [SEO] DeviceConfigHolder: Called initialize twice!
01-05 19:01:00.641  2666  2945 E DeviceConfigTelemetryLogger: Param is not a boolean: oculus_integrity:abuse_report_recording_max_duration_ms
01-05 19:01:00.641  2666  2945 E DeviceConfigTelemetryLogger: Invalid input param: oculus_integrity:abuse_report_recording_max_duration_ms
01-05 19:01:00.641  2666  2945 E DeviceConfigTelemetryLogger: Param is not a boolean: oculus_integrity:rl_integrity_reporting_callback_delay
01-05 19:01:00.641  2666  2945 E DeviceConfigTelemetryLogger: Invalid input param: oculus_integrity:rl_integrity_reporting_callback_delay
01-05 19:01:00.641  2666  2945 E DeviceConfigTelemetryLogger: Param is not a boolean: oculus_shared_systemshell:oculus_copresence_environment_loading_fake_progress_millis
01-05 19:01:00.641  2666  2945 E DeviceConfigTelemetryLogger: Invalid input param: oculus_shared_systemshell:oculus_copresence_environment_loading_fake_progress_millis
01-05 19:01:00.641  2666  2945 E DeviceConfigTelemetryLogger: Param is not a boolean: oculus_systemshell:oc_keyboard_dictation_silence_timeout_ms
01-05 19:01:00.641  2666  2945 E DeviceConfigTelemetryLogger: Invalid input param: oculus_systemshell:oc_keyboard_dictation_silence_timeout_ms
01-05 19:01:00.644  2666  2945 D [SEO] BootConfig: QDS 2.0 Dark Theme.
01-05 19:01:00.645  2666  2945 I [SEO] LaunchController: BuildPauseLaunchCheck: false, false, false
01-05 19:01:00.646  2666  2945 I [SEO] LaunchController: Finished building launch checks
01-05 19:01:00.646  2666  2945 I [SEO] PanelAppLaunchInfo: PanelAppLaunchInfo componentString:com.oculus.systemux/com.oculus.panelapp.library.LibraryPanelService packageName:com.oculus.systemux serviceName:com.oculus.panelapp.library.LibraryPanelService componentName:com.oculus.systemux/com.oculus.panelapp.library.LibraryPanelService
01-05 19:01:00.646  2666  2945 I [SEO] HostPlatform: Retrieving component launch information for package (com.oculus.systemux) and service (com.oculus.panelapp.library.LibraryPanelService)
01-05 19:01:00.649  2666  2945 I [SEO] HostPlatform: Is valid panel service component for package (com.oculus.systemux) and service (com.oculus.panelapp.library.LibraryPanelService) - true
01-05 19:01:00.649  2666  2945 I [SEO] DesktopPanelController: LaunchOrRestore( com.oculus.systemux/com.oculus.panelapp.library.LibraryPanelService ) with launchAsNew=0, sourcePanelId=16, launchTarget=Default, targetMonitor=-1, launchingComponent=com.oculus.systemux/com.oculus.panelapp.anytimeui.AnytimeUIAndroidPanelService
01-05 19:01:00.649  2666  2945 I [SEO] DesktopPanelControllerHelper: Validating activation
01-05 19:01:00.649  2666  2945 I [SEO] DesktopPanelControllerHelper: Resolving launch target
01-05 19:01:00.649  2666  2945 I [SEO] PanelAppsManager: ActivatePanelApp for component com.oculus.systemux/com.oculus.panelapp.library.LibraryPanelService. New instance requested: 0
01-05 19:01:00.649  2666  2945 I [SEO] PanelAppsManager: Found 0 existing instances
01-05 19:01:00.649  2666  2945 I [SEO] PanelAppsManager: launching new instance of com.oculus.systemux/com.oculus.panelapp.library.LibraryPanelService
01-05 19:01:00.649  2666  2945 I [SEO] ShellApp: CreatePanelApp( com.oculus.systemux/com.oculus.panelapp.library.LibraryPanelService )
01-05 19:01:00.649  2666  2945 I [SEO] ShellApp: Environment:
01-05 19:01:00.649  2666  2945 I [SEO] ShellApp: _oc_launch_timestamp = 8189155
01-05 19:01:00.649  2666  2945 I [SEO] PanelAppHost: PanelAppHost constructor, panel 17 (com.oculus.systemux/com.oculus.panelapp.library.LibraryPanelService)
01-05 19:01:00.649  2666  2945 I [SEO] PanelAppHost: Panel app 17 (com.oculus.systemux/com.oculus.panelapp.library.LibraryPanelService) changing state from startup to foreground
01-05 19:01:00.649  1249  2634 I VrRuntimeService: CreateAndroidSurfaceSwapChain: 3303378835
01-05 19:01:00.649  1249  2634 I VrRuntimeService: CreateAndroidSurfaceSwapChain: 131072 1 32856 65536 65536 1 1 1 0 3
01-05 19:01:00.650  1249  2264 I SwapChain_Surface: CreateAndroidSurfaceSwapChainGLES: 0x7e4e11b000: SurfaceTexture 0x2a46 Surface 0x2a56
01-05 19:01:00.650  1249  2634 I VrRuntimeServer: CreateAndroidSurfaceSwapChain: result surface 0x7e4e11b000
01-05 19:01:00.651  1249  2634 I VrRuntimeService: CreateAndroidSurfaceSwapChain: 3303378835
01-05 19:01:00.651  1249  2634 I VrRuntimeService: CreateAndroidSurfaceSwapChain: 131072 1 32856 65536 65536 1 1 1 0 3
01-05 19:01:00.651  1249  2264 I SwapChain_Surface: CreateAndroidSurfaceSwapChainGLES: 0x7e4e13a000: SurfaceTexture 0x2a86 Surface 0x2a96
01-05 19:01:00.651  1249  2634 I VrRuntimeServer: CreateAndroidSurfaceSwapChain: result surface 0x7e4e13a000
01-05 19:01:00.652  2666  2945 I [SEO] PanelAppHost: Passing env var _oc_launch_timestamp = 8189155
01-05 19:01:00.652  2666  2945 I [SEO] PanelAppHost: Passing env var _oc_analytics_session_id = 2dc907da-31ab-4ad3-97df-43480c70cddf
01-05 19:01:00.652  2666  2945 I [SEO] PanelAppHost: Passing env var _oc_userid = 106765628877334
01-05 19:01:00.652  2666  2945 I [SEO] PanelAppHost: Passing env var _oc_shell_version_name = 47.0.0.282.341
01-05 19:01:00.652  2666  2945 I [SEO] PanelAppHost: Passing env var _oc_shell_version_code = 428237138
01-05 19:01:00.652  2666  2945 I [SEO] PanelAppHost: Passing env var _oc_shell_automation_enabled = false
01-05 19:01:00.652  2666  2945 I [SEO] PanelAppHost: Passing env var _oc_shell_view_id_debugging_enabled = false
01-05 19:01:00.652  2666  2945 I [SEO] PanelAppHost: Passing env var _oc_shell_pixel_density = 20
01-05 19:01:00.652  2666  2945 I [SEO] PanelAppHost: Passing env var _oc_shell_render_scale = 1.250000
01-05 19:01:00.652  2666  2945 I [SEO] PanelAppHost: Passing env var _oc_shell_ux_policy = {"panelBackgroundLayerOriginDepths":{"far":0.2,"mid":0.1,"near":0.015}}
01-05 19:01:00.652  2666  2945 I [SEO] PanelAppHost: Passing env var _oc_shell_panel_session_id = 2dc907da-31ab-4ad3-97df-43480c70cddf-17
01-05 19:01:00.652  2666  2945 I [SEO] PanelAppHost: Passing env var _oc_shell_valid_panel_session_ids = ["2dc907da-31ab-4ad3-97df-43480c70cddf-17"]
01-05 19:01:00.652  2666  2945 I [SEO] PanelAppHost: Passing env var _oc_shell_back_navigation_enabled = false
01-05 19:01:00.652  2666  2945 I [SEO] PanelAppHost: Passing env var _oc_shell_feature_sets = appmenu-v1,appmenu-v2,cooperativeState-v2,destinationUi-v2,dragDrop-v1,layerClipping-v1,layerClipping-v2,layerOptions-v1,layerTranslate-v1,multiapp-v1,multiapp-v2,multiapp-v3,multitasking-v1,shellPanelAdaptability-v1,systemActionBackgroundPanels-v1,systemThemeSetting-v1,system-reauth-v1,system-ux-file-picker-v1,vrNotificationsBootLoad-v1,theaterScreen,theaterScreen-v2,recoverInstances-v1,systemThemeSetting-v2,loadingState-v1,controlBar-v1,copresence-v1,copresenceVersion-v1,vrLibraryAppLock-v1,dragToDesktop-v1
01-05 19:01:00.652  2666  2945 I [SEO] PanelAppHost: Passing env var _oc_shell_host = vrshell
01-05 19:01:00.652  2666  2945 I [SEO] PanelAppHost: Passing env var _oc_shell_panel_id = 17
01-05 19:01:00.652  2666  2945 I [SEO] PanelAppHost: Calling sendPanelLaunchIntent for panel app 17 (com.oculus.systemux/com.oculus.panelapp.library.LibraryPanelService)
01-05 19:01:00.652  2666  2945 D [SEO] ShellApplication: sendApkPanelLaunchIntent: packageName=com.oculus.systemux, serviceClassName=com.oculus.panelapp.library.LibraryPanelService
01-05 19:01:00.652  2666  2945 D [SEO] PanelAppConnection: getSystemProcessUidForCurrentUser: 'android' systemUid = 1000
01-05 19:01:00.652  2666  2945 D [SEO] ShellApplication: bindService Intent { cmp=com.oculus.systemux/com.oculus.panelapp.library.LibraryPanelService }
01-05 19:01:00.653  2666  2834 W OVRLibrary: null cursor received for query content://com.oculus.ocms.library/apps/com.oculus.systemux
01-05 19:01:00.655  3288  3288 D CppPanelService: PanelService()
01-05 19:01:00.655  3288  3288 D CppPanelService: onCreate()
01-05 19:01:00.655  3288  3288 D CppPanelService: onBind()
01-05 19:01:00.656  2666  2945 D [SEO] ShellApplication: notify OS to set com.oculus.systemux/com.oculus.panelapp.library.LibraryPanelService to FOREGROUND
01-05 19:01:00.657  2666  2666 D [SEO] PanelServiceConnection: onSeviceConnected - component name (ComponentInfo{com.oculus.systemux/com.oculus.panelapp.library.LibraryPanelService}), panel app id (17)
01-05 19:01:00.657  2666  2666 D [SEO] ShellApplication: notify OS to set com.oculus.systemux/com.oculus.panelapp.library.LibraryPanelService to FOREGROUND
01-05 19:01:00.657  2666  2945 I [SEO] DesktopPanelControllerHelper: Resolving panel apps for activation
01-05 19:01:00.657  2666  2945 I [SEO] DesktopPanelControllerHelper: Resolved 1 panel apps for Launch activation
01-05 19:01:00.657  2666  2945 I [SEO] DesktopPanelController: Checking whether desktop switch is necessary with current desktop Tablet for activation of app com.oculus.systemux/com.oculus.panelapp.library.LibraryPanelService
01-05 19:01:00.657  2666  2945 I [SEO] DesktopPanelController: Checking whether we need to switch desktops for Launch activation
01-05 19:01:00.657  2666  2945 I [SEO] DesktopPanelController: Initial cooperative state for app com.oculus.systemux/com.oculus.panelapp.library.LibraryPanelService with uri  is cooperative
01-05 19:01:00.657  2666  2945 I [SEO] DesktopPanelController: Selecting desktop Tablet for activation
01-05 19:01:00.657  2666  2945 I [SEO] DesktopPanelController: Resolved target monitor is 4
01-05 19:01:00.657  2666  2945 I [SEO] DesktopPanelApp: Storing location Tablet, monitor 4
01-05 19:01:00.657  2666  2945 I [SEO] DesktopPanelController: Moving panel in background from monitor -1 to monitor 4
01-05 19:01:00.657  2666  2945 I [SEO] VrShellDesktopBase: Found monitor 4 for AddPanelApp
01-05 19:01:00.657  2666  2945 I [SEO] VrShellDesktopBase: Inserting panelapp with id 17 to monitor 4
01-05 19:01:00.657  2666  2945 I [SEO] DesktopPanelApp: Storing location Tablet, monitor 4
01-05 19:01:00.657  2666  2945 I [SEO] AppActivationRecord: AppActivation result is Success with reason  and type:Launch, launchTarget:Default, activationSourceId:16, activationTargetId:4, launchAsNew:0, uri:, launchingComponent:com.oculus.systemux/com.oculus.panelapp.anytimeui.AnytimeUIAndroidPanelService
01-05 19:01:00.657  2666  2945 I [SEO] PanelAppLaunchInfo: PanelAppLaunchInfo componentString:com.oculus.systemux/com.oculus.panelapp.controlbar.ControlBarPanelService packageName:com.oculus.systemux serviceName:com.oculus.panelapp.controlbar.ControlBarPanelService componentName:com.oculus.systemux/com.oculus.panelapp.controlbar.ControlBarPanelService
01-05 19:01:00.658  2666  2945 I [SEO] HostPlatform: Retrieving component launch information for package (com.oculus.systemux) and service (com.oculus.panelapp.controlbar.ControlBarPanelService)
01-05 19:01:00.658  2666  2666 I [SEO] PanelAppConnection: verifyFirstPartyUID(Debug Signatures=false, uid=10026) => apkSignatureResult=SigCertInfo(isTrusted=true, packageNames=[com.oculus.systemux], fingerprint sha1=98a1809f3c3e79170e5df8135b500ecfa39df1be, fingerprint sha256=012f8165c191efe8fb0d6d4606aa4abac14d77d1d97d5340860c9f81045aa157, signature=308205cf308203b7a0030201020204097e91c1300d06092a864886f70d01010b0500308197310b3009060355040613025553311330110603550408130a43616c69666f726e6961311330110603550407130a4d656e6c6f205061726b31233021060355040a131a46616365626f6f6b20546563686e6f6c6f676965732c204c4c4331233021060355040b131a46616365626f6f6b20546563686e6f6c6f676965732c204c4c43311430120603550403130b4f63756c75732041707073301e170d3139303730343131333935315a170d3436313131393131333935315a308197310b3009060355040613025553311330110603550408130a43616c69666f726e6961311330110603550407130a4d656e6c6f205061726b31233021060355040a131a46616365626f6f6b20546563686e6f6c6f676965732c204c4c4331233021060355040b131a46616365626f6f6b20546563686e6f6c6f676965732c204c4c43311430120603550403130b4f63756c7573204170707330820222300d06092a864886f70d01010105000382020f003082020a0282020100b815642a5c201c8da044905dafbb06c05fddb75449cc75a716a0434da0493a52a4d60643532c237e76cb41d2c32a5e4474f12b37f632a809b5a5ceb8c6289ecf828e736b4ec452b1c2757bd0b5ed13eff5a7a47ab2ef6cdf60a8d749e9e8603f30d12b5db8f734c57578a2a4ce5ff5737c1f02c629d2dcb4f82726674663a699de94463ff370fa9eb48158831bf0b68bd6ec84293182d52e860bdd81bb9ce9cdd6a77fea0df25004da34d3cce7a31069646aa4628fba9ccb0952163793be9a4edf49a53f83179c2f44d8c87d6c129e8d590af0f3fced26201ee43b31fccd93b497cd198c5cd1f98d64c4f7ad79ca47278c02652d5dc072a99807e22f473f7bae4da2bafcae48cd49ad55a764b8d39f329f6175eac9074307deff48b1c4a6e19b748766617768c31a17feae8478eb7f9ebfb61af2b9f5a692b636342d7ebc53d7146626b51801b5a0a102e281475decdefb8683d0ca2843dc7aaeb6759bcab0dcba38db44f5d7f797a1c9c02dd159c0e3c72b14dc882d31c24ad8abee4ce0f7f0205e05efef551e2551a61e96636ed5dfd7435d3d24f5a130a12f10452cc954aa770d5d95e3e0cb9d7b05c5506a7947f8ff3437b3d82274fdaa156d85bfb7fbcb4fa5557080fedab86520b71d3d533e7bb3e7e3ebe9712b68e755d700b0afbf7595ffa80a6b3d90bfe599769138ee6515df415e32c0abed2b8e4aea1f47351f490203010001a321301f301d0603551d0e04160414a3c939e6b71c43bc9193f773c0351be1aff311f9300d06092a864886f70d01010b050003820201004e4c865231f2a3583c6af9488ecf9aa96b1ee84e2d7bfad00581537dc70c54ecfcf360e563d018efa4cdd77bf6fc4c9f1a20ebd4215cf1538686d4089bdcc8adb6ae4497ead14b0c18efd52ce93357019973e94e16b3326c60885b1bdc5f9cad1098f16732935876d8d19bda3ceeaaa69a83c4e2231710c6735f88abdfffe3dfa2be3f18f894923441b4e4a9c9664ed6294c16d7c073547063bfdbbefad184a001f1dce2feffdc96d10eb16a3bfbcd382cd297ca3b4edb7ebacd1a9931a1368a5157ceaebbca5b39bd5db5461a340db8ec076d38a94bcdd042bfb51388158ba97a49b631c1762fa746c7bb36eaf15cae23fa993cfb052e824f2ae173ea27b50a6cca91eb955f4faf131514757e5a3ecae9df6d23771279b7742f28fb9ce394eb9e03926f550716f1312355a5efdc479d8347b516cff55cb14307c81280142cacf2fd6562a2baacbfc97869272b1c51abf79121de8bab227e001313d4115eb9b33a332ebb34e290f14b5352ef1038f7a5f3740c9d1136b3526de4331deb4fa529c36a17c04c3e64d4f6ebda73d6e6e18281e3948fd11e685eab6611be1bc62839bce5962715e7f6537e6c083bcd3538d17407b26c850cd6b3f5e2149fdef027a6cfb7ed0f93c928aca14927b10c6a3f104ba1b10413af8b1868b84a004e5ddd065fff26a7bb3c818bb5a2d69aedf9441ef9033efae3ef52282a96f66d4b4ff3f2)
01-05 19:01:00.660  3288  8412 I PanelVerifier: verifyVrShellUID(Debug Signatures=false, uid=10020) => apkSignatureResult=SigCertInfo(isTrusted=true, packageNames=[com.oculus.vrshell], fingerprint sha1=331660b6dd3bd582f3dfd3cbae4546724668a021, fingerprint sha256=dc2f834e3c1942378b14f076c82cd1ab59ea6566bff4730b2047e98efc9f9daf, signature=3082038d30820275a00302010202041303858a300d06092a864886f70d01010b05003077310b3009060355040613025553310b3009060355040813024341311330110603550407130a4d656e6c6f205061726b31173015060355040a130e4f63756c75732056522c204c4c4331173015060355040b130e4f63756c75732056522c204c4c43311430120603550403130b4f63756c75732041707073301e170d3134313033303231343032315a170d3432303331373231343032315a3077310b3009060355040613025553310b3009060355040813024341311330110603550407130a4d656e6c6f205061726b31173015060355040a130e4f63756c75732056522c204c4c4331173015060355040b130e4f63756c75732056522c204c4c43311430120603550403130b4f63756c7573204170707330820122300d06092a864886f70d01010105000382010f003082010a0282010100a34c7fbd96dea95d811f21a0d760cabca85f2df5dbe19b62aca7a3e3e0b6e48f7e173345f2753c458d639cc2e222eeee4cfb5e89ac1c5060044414056709a43a7f1a6f1e4f2c3d708c48912634be08ad6da1fff92d9c0d4b85e4bc8a8b1c27de84c04eb1e6577c10693500af46beaf7bd2ce72a06a46f4e565859f242cecbef1a431ae8096db712cebe73840bacc64de6b99077ba1ca8c20e5d0b4870bd161f087abbf568dfef58e604068ca6f7cdea183c8681c306bc30cb223e7c5ce3a2fcf00d13e158475b3700ef62dcca46c57baecca4d91052e20b861a1a085d5fc8e99aed8c4a9cfd550d01e54ef5062133befcf7f9ea6a5a1d1575a72cd82279f34030203010001a321301f301d0603551d0e04160414ec7ccdaf8ccdc6dd1b87d4b561582ad8ec397b80300d06092a864886f70d01010b0500038201010014c557ecddc17ba8b979618036e7093b8e7307f624644532c31239f4dc83fd9424267ca7670fa9f78689cbc5bfd8a6312fdc214bd159d614a8753ceec0f2b2d9166217895b13c992e1d10ca625a3153dacfa51dbdb7fde139bd59510f5add29f88be3826b445ce7386dcf06577be72fbdf118fa81179091fad275981409e02d40422d8e86df5827a2c496a4b905b4825c3f1ba0af4cf509bf9b0d4d608cf0b4320ac60d1a8cbcc384de24f11a4c93c0fc5b887cbd6855871af1b1ef729c51a8a123efc6a627b6494e81a264587443b9156ad17772863c2f9685fae9c72a552b333f8ef2822bce5d4d178e45b3a8dd4e321924f6a5ba43f732971a9e74cbf0433), time=1 ms
01-05 19:01:00.660  3288  3288 D PanelAppClient: BEGIN: Initializing panel application via MSG_CREATE_PANEL_APP.
01-05 19:01:00.660  3288  3288 I AndroidPanelApp: Created
01-05 19:01:00.661  3288  3288 V LifecycleAwareViewModelStore: LifecycleAwareViewModelStore created
01-05 19:01:00.661  3288  3288 V LifecycleAwarePanelApp: PanelApp initial lifecycle started and moved from state INITIALIZED to state RESUMED
01-05 19:01:00.662  2666  2945 I [SEO] HostPlatform: Is valid panel service component for package (com.oculus.systemux) and service (com.oculus.panelapp.controlbar.ControlBarPanelService) - true
01-05 19:01:00.662  2666  2945 I [SEO] ShellApp: CreatePanelApp( com.oculus.systemux/com.oculus.panelapp.controlbar.ControlBarPanelService )
01-05 19:01:00.662  2666  2945 I [SEO] ShellApp: Environment:
01-05 19:01:00.662  2666  2945 I [SEO] PanelAppHost: PanelAppHost constructor, panel 18 (com.oculus.systemux/com.oculus.panelapp.controlbar.ControlBarPanelService)
01-05 19:01:00.662  2666  2945 I [SEO] PanelAppHost: Panel app 18 (com.oculus.systemux/com.oculus.panelapp.controlbar.ControlBarPanelService) changing state from startup to foreground
01-05 19:01:00.662  3288  3288 I [SUI] ConsumerConfiguration: Setting SystemUX Configuration and Policy Settings.
01-05 19:01:00.662  3288  3288 D [SUI] LibraryPanelApp: Creating LibraryPanelApp
01-05 19:01:00.662  2666  2834 W OVRLibrary: null cursor received for query content://com.oculus.ocms.library/apps/com.oculus.systemux
01-05 19:01:00.662  3288  3288 I AndroidPanelApp: HideLayer(#main, shape: 1, shouldMinimizeLayer: false)
01-05 19:01:00.662  2666  2945 I [SEO] PanelAppHost: Passing env var _oc_analytics_session_id = 2dc907da-31ab-4ad3-97df-43480c70cddf
01-05 19:01:00.662  2666  2945 I [SEO] PanelAppHost: Passing env var _oc_userid = 106765628877334
01-05 19:01:00.662  2666  2945 I [SEO] PanelAppHost: Passing env var _oc_shell_version_name = 47.0.0.282.341
01-05 19:01:00.662  2666  2945 I [SEO] PanelAppHost: Passing env var _oc_shell_version_code = 428237138
01-05 19:01:00.662  2666  2945 I [SEO] PanelAppHost: Passing env var _oc_shell_automation_enabled = false
01-05 19:01:00.662  2666  2945 I [SEO] PanelAppHost: Passing env var _oc_shell_view_id_debugging_enabled = false
01-05 19:01:00.662  2666  2945 I [SEO] PanelAppHost: Passing env var _oc_shell_pixel_density = 20
01-05 19:01:00.662  2666  2945 I [SEO] PanelAppHost: Passing env var _oc_shell_render_scale = 1.250000
01-05 19:01:00.662  2666  2945 I [SEO] PanelAppHost: Passing env var _oc_shell_ux_policy = {"panelBackgroundLayerOriginDepths":{"far":0.2,"mid":0.1,"near":0.015}}
01-05 19:01:00.663  2666  2945 I [SEO] PanelAppHost: Passing env var _oc_shell_panel_session_id = 2dc907da-31ab-4ad3-97df-43480c70cddf-18
01-05 19:01:00.663  2666  2945 I [SEO] PanelAppHost: Passing env var _oc_shell_valid_panel_session_ids = ["2dc907da-31ab-4ad3-97df-43480c70cddf-18"]
01-05 19:01:00.663  2666  2945 I [SEO] PanelAppHost: Passing env var _oc_shell_back_navigation_enabled = false
01-05 19:01:00.663  2666  2945 I [SEO] PanelAppHost: Passing env var _oc_shell_feature_sets = appmenu-v1,appmenu-v2,cooperativeState-v2,destinationUi-v2,dragDrop-v1,layerClipping-v1,layerClipping-v2,layerOptions-v1,layerTranslate-v1,multiapp-v1,multiapp-v2,multiapp-v3,multitasking-v1,shellPanelAdaptability-v1,systemActionBackgroundPanels-v1,systemThemeSetting-v1,system-reauth-v1,system-ux-file-picker-v1,vrNotificationsBootLoad-v1,theaterScreen,theaterScreen-v2,recoverInstances-v1,systemThemeSetting-v2,controlBar-v1,copresence-v1,copresenceVersion-v1,vrLibraryAppLock-v1,dragToDesktop-v1
01-05 19:01:00.663  2666  2945 I [SEO] PanelAppHost: Passing env var _oc_launch_timestamp = 8189204
01-05 19:01:00.663  2666  2945 I [SEO] PanelAppHost: Passing env var _oc_shell_host = vrshell
01-05 19:01:00.663  2666  2945 I [SEO] PanelAppHost: Passing env var _oc_shell_panel_id = 18
01-05 19:01:00.663  2666  2945 I [SEO] PanelAppHost: Calling sendPanelLaunchIntent for panel app 18 (com.oculus.systemux/com.oculus.panelapp.controlbar.ControlBarPanelService)
01-05 19:01:00.663  2666  2945 D [SEO] ShellApplication: sendApkPanelLaunchIntent: packageName=com.oculus.systemux, serviceClassName=com.oculus.panelapp.controlbar.ControlBarPanelService
01-05 19:01:00.663  1046  8439 I DisplayManagerService: Display device added: DisplayDeviceInfo{"com.oculus.android_panel_app.AndroidPanelLayer-#main": uniqueId="virtual:com.oculus.systemux,10026,com.oculus.android_panel_app.AndroidPanelLayer-#main,1", 1000 x 625, modeId 121, defaultModeId 121, supportedModes [{id=121, width=1000, height=625, fps=60.0}], colorMode 0, supportedColorModes [0], HdrCapabilities null, density 200, 200.0 x 200.0 dpi, appVsyncOff 0, presDeadline 16666666, touch NONE, rotation 0, type VIRTUAL, state OFF, owner com.oculus.systemux (uid 10026), FLAG_PRIVATE, FLAG_NEVER_BLANK, FLAG_OWN_CONTENT_ONLY}
01-05 19:01:00.663  2666  2945 D [SEO] PanelAppConnection: getSystemProcessUidForCurrentUser: 'android' systemUid = 1000
01-05 19:01:00.663  2666  2945 D [SEO] ShellApplication: bindService Intent { cmp=com.oculus.systemux/com.oculus.panelapp.controlbar.ControlBarPanelService }
01-05 19:01:00.668   855  1186 W TrackingService: attachClient: found client in attached list
01-05 19:01:00.668  8646  8724 E OsSdk   : error getting shared memory region, memory type: HeadTracker, failed with Status(-1, EX_SECURITY): 'requested shared memory region when not registered/focused'
01-05 19:01:00.669   855   855 W TrackingService: attachClient: found client in attached list
01-05 19:01:00.669  2666  2945 D [SEO] ShellApplication: notify OS to set com.oculus.systemux/com.oculus.panelapp.controlbar.ControlBarPanelService to FOREGROUND
01-05 19:01:00.669  8646  8724 E OsSdk   : error getting shared memory region, memory type: AnchorTracker, failed with Status(-1, EX_SECURITY): 'requested shared memory region when not registered/focused'
01-05 19:01:00.670  2666  2945 I [SEO] DesktopAnimationController: Playing launch animation with delay=0 for panel with id 17 and name com.oculus.systemux/com.oculus.panelapp.library.LibraryPanelService
01-05 19:01:00.670  2666  2945 I [SEO] DesktopFocusManager: Notifying panel with id:17, component:com.oculus.systemux/com.oculus.panelapp.library.LibraryPanelService of isFocused:1
01-05 19:01:00.670  2666  2945 I [SEO] DesktopFocusManager: Focused panel changed from 0 to 17
01-05 19:01:00.671  2666  2945 I [SEO] PanelAppAnalytics: First frame latency: 0.021 for id 17 com.oculus.systemux/com.oculus.panelapp.library.LibraryPanelService
01-05 19:01:00.671  2666  2945 I [SEO] PanelAppOSLifecycleNotificationManager: Sending frameState isForeground:1 to OS for app com.oculus.systemux/com.oculus.panelapp.controlbar.ControlBarPanelService
01-05 19:01:00.671  2666  2945 I [SEO] PanelAppOSLifecycleNotificationManager: Sending frameState isForeground:1 to OS for app com.oculus.systemux/com.oculus.panelapp.library.LibraryPanelService
01-05 19:01:00.672  2140  2573 I [OAO] ShellOverlayApp: Sleep timeout exceeded. Timeout:8189.195190, Now:8189.214305. Sleeping... 
01-05 19:01:00.672  2140  2573 I [OAO] ShellOverlayApp: WaitForWake: VrThread entering waiting state
01-05 19:01:00.672  2666  2945 I [SEO] LayerSwapChainResource: LayerSwapChainResource 60,60 : 1
01-05 19:01:00.672  1249  2634 I VrRuntimeService: CreateSwapChain: 3303378835
01-05 19:01:00.672  1249  2634 I VrRuntimeService: CreateSwapChain: api:vk 0 0x2b 60 60 6 1 1 4 3
01-05 19:01:00.672  1249  2634 W SwapChain_Vulkan: CreateTextureSwapChainFoveationVulkan: ShouldCreateFragmentDensityMap: false
01-05 19:01:00.672  1249  2634 W SwapChain_Vulkan: ExportTextureResourcesFoveationVulkan: chain->VkInteropFoveation.Device == nullptr
01-05 19:01:00.672  1249  2634 W SwapChain: CreateTextureSwapChainFoveation: export failed
01-05 19:01:00.673  1249  2634 I VrRuntimeServer: CreateTextureSwapChain: result importswapchaingles 1
01-05 19:01:00.673  1920  3487 I SwapChain_Vulkan: Imported texture has requirements 3, ends up index 0
01-05 19:01:00.673  1920  3487 W VrRuntimeClient: CreateTextureSwapChain: Failed to import foveation swapchain
01-05 19:01:00.674  1249  2634 I VrRuntimeService: UpdateSwapChainSamplerState: 319
01-05 19:01:00.674  1249  2634 I VrRuntimeService: UpdateSwapChainSamplerState: minFilter=1 magFilter=1 wrapModeS=3 warpModeT=3 maxAniso=1.000000 border={0.000000,0.000000,0.000000,0.000000} swizzle={0,1,2,3}
01-05 19:01:00.674  3288  3288 D [SUI] LibraryView: Constructing LibraryView
01-05 19:01:00.674  1920  3487 W OpenXR  : xrAcquireSwapchainImage: Index has already been acquired and not yet released.
01-05 19:01:00.674  1920  3487 W OpenXR  : xrWaitSwapchainImage: No image has been acquired
01-05 19:01:00.674  1920  3487 I VrRuntimeClient: SetTextureSwapChainSamplerState: No change in sampler state.
01-05 19:01:00.674  1920  3487 W OpenXR  : xrReleaseSwapchainImage: Function has been successfully called previously on static image.
01-05 19:01:00.686  1046  1070 W InputReader: Device has associated, but no associated display id.
01-05 19:01:00.689  3288  3288 D [SUI] LibraryView: Initializing LibraryView
01-05 19:01:00.695  1046  1072 W InputReader: Device has associated, but no associated display id.
01-05 19:01:00.695  1046  1072 I ActivityTaskManager: Override config changes=20005df8 {0.0 ?mcc?mnc ?localeList ?layoutDir sw500dp w800dp h500dp 200dpi lrg land ?uimode ?night -touch qwerty/v/v -nav/h winConfig={ mBounds=Rect(0, 0 - 1000, 625) mAppBounds=Rect(0, 0 - 1000, 625) mWindowingMode=fullscreen mDisplayWindowingMode=fullscreen mActivityType=undefined mAlwaysOnTop=undefined mRotation=ROTATION_0}} for displayId=60
01-05 19:01:00.697  3288  3288 D [SUI] AppStateUtil: Notifying observers com.oculus.explore is pinned=true
01-05 19:01:00.697  3288  3288 D [SUI] AppStateUtil: Notifying observers com.oculus.store is pinned=true
01-05 19:01:00.697  3288  3288 D [SUI] AppStateUtil: Notifying observers messenger_system_app is pinned=true
01-05 19:01:00.697  3288  3288 D [SUI] AppStateUtil: Notifying observers share_system_app is pinned=true
01-05 19:01:00.698  3288  3288 D [SUI] LibraryLogger: Library Session ID Generated: 1dd386a7-9610-4501-9089-623a5962822b
01-05 19:01:00.700  3288  3288 D [SUI] LibraryViewModel: Organization Ids fetched with Device Config: [4435510379805324, 2307425616184313]
01-05 19:01:00.700  3288  3288 D [SUI] LibraryStateHelper: App Migration Dialog is blocked.
01-05 19:01:00.701  3288  3288 D [SUI] LibraryViewModel: Calling notifyPropertyChanged(BR.items)
01-05 19:01:00.701  3288  3288 I [SUI] LibraryCopresenceHelper: new ServicePresenceClient
01-05 19:01:00.702  3288  3288 I PresenceAPK(ServiceApiManager): Trying to bind to presence service API.
01-05 19:01:00.707  3288  3288 D UserAppScopedAuthHelper: Logging user in.
01-05 19:01:00.707  3288  8197 D UserAppScopedAuthHelper: fetchUserInfo - start
01-05 19:01:00.708  3288  8197 I [SUI] OVRAuthHelper: fetchAuthToken - start
01-05 19:01:00.712   855  1186 W TrackingService: attachClient: found client in attached list
01-05 19:01:00.713  3288  3288 D [SUI] LibraryPartyFetcher: loading party data from party service
01-05 19:01:00.713  8646  8724 E OsSdk   : error getting shared memory region, memory type: HeadTracker, failed with Status(-1, EX_SECURITY): 'requested shared memory region when not registered/focused'
01-05 19:01:00.718  3288  3288 D UserAppScopedAuthHelper: Logging user in.
01-05 19:01:00.718  3288  3288 D [SUI] LibraryView: Clearing library state on new power cycle
01-05 19:01:00.718  3288  8197 D UserAppScopedAuthHelper: Successfully logged in.
01-05 19:01:00.718  3288  8196 D UserAppScopedAuthHelper: fetchUserInfo - start
01-05 19:01:00.718  3288  8196 I [SUI] OVRAuthHelper: fetchAuthToken - start
01-05 19:01:00.718  3288  3288 D [SUI] LibraryStateHelper: Share preference changed: filter_state
01-05 19:01:00.718  3288  3288 D [SUI] LibraryStateHelper: Storing scroll position: 0
01-05 19:01:00.718  3288  3288 D [SUI] LibraryStateHelper: Share preference changed: boot_time
01-05 19:01:00.718  3288  3288 D [SUI] LibraryViewModel: Setting platform options.
01-05 19:01:00.718  3288  3288 D [SUI] LibraryViewModel: Setting sorter options.
01-05 19:01:00.718  3288  3288 D [SUI] LibraryViewModel: Set current platform to be: Quest
01-05 19:01:00.719  3288  3288 D [SUI] LibraryViewModel: Calling notifyPropertyChanged(BR.items)
01-05 19:01:00.719  3288  3288 D [SUI] LibraryViewModel: Setting filter options.
01-05 19:01:00.719  3288  3288 D [SUI] LibraryViewModel: Set current filter to be: All
01-05 19:01:00.720  3288  3288 D [SUI] LibraryViewModel: Calling notifyPropertyChanged(BR.items)
01-05 19:01:00.720  3288  3288 D [SUI] LibraryViewModel: Set current sorter to be: MOST_RECENT
01-05 19:01:00.720  3288  3288 D [SUI] LibraryViewModel: Calling notifyPropertyChanged(BR.items)
01-05 19:01:00.724  3288  3288 D [SUI] LibraryBackgroundTaskDeduper: Queueing UnknownSources
01-05 19:01:00.724  3288  3288 D [SUI] LibraryBackgroundTaskDeduper: Executing UnknownSources
01-05 19:01:00.724  3288  3288 D [SUI] LibraryBackgroundExecutor: Starting execution: Unknown Sources Fetch
01-05 19:01:00.724  3288  3288 D [SUI] LibrarySyncing: Starting fetch for all apps. Initial fetch: true
01-05 19:01:00.724  3288  3288 D [SUI] LibraryBackgroundTaskDeduper: Queueing all_apps
01-05 19:01:00.724  3288  3288 D [SUI] LibraryBackgroundTaskDeduper: Executing all_apps
01-05 19:01:00.724  3288  3288 D [SUI] LibraryBackgroundExecutor: Starting execution: Apps Fetch
01-05 19:01:00.725  3288  3288 D [SUI] LibraryBackgroundTaskDeduper: Queueing CacheAppsFetch
01-05 19:01:00.725  3288  3288 D [SUI] LibraryBackgroundTaskDeduper: Executing CacheAppsFetch
01-05 19:01:00.725  3288  3288 D [SUI] LibraryBackgroundExecutor: Starting execution: Cache Apps Fetch
01-05 19:01:00.725  3288 11583 D [SUI] LibrarySyncing: Fetching all apps
01-05 19:01:00.725  3288 11584 D [SUI] LibraryFetcher: Loading all apps from cache
01-05 19:01:00.725  3288  3288 D [SUI] LibraryView: Showing LibraryView
01-05 19:01:00.726  3288 11582 D [SUI] LibraryUnknownSourcesFetcher: Fetching unknown sources
01-05 19:01:00.726  3288 11584 D [SUI] DiskCache: Read cached file from cache at /data/user/0/com.oculus.systemux/cache/library/apps
