01-06 16:28:15.645 14323 14386 D xrstreaming: new clock offset=4415200140956 (rtt: 791073, dispersion: 1389205, jitter: 5373699)
01-06 16:28:15.647  1804 14948 I CompositorVR: SetSchedFifo( tid=2037, pol=3, pri=0 ) succeeded
01-06 16:28:15.648  1950  2037 I OpenXR  : PostSessionStateChange: XR_SESSION_STATE_READY -> XR_SESSION_STATE_SYNCHRONIZED
01-06 16:28:15.648  1804 14948 I CompositorVR: SetSchedFifo( tid=15188, pol=3, pri=0 ) succeeded
01-06 16:28:15.648  1804 14948 I AADT    : SetAADTLutDataX. Thread. SizeX: 0
01-06 16:28:15.648  1804 14948 I AADT    : SetAADTLutDataY. Thread. SizeY: 0
01-06 16:28:15.648  1950  2037 I Clay    : xrPollEvent: SESSION_STATE_CHANGED: SYNCHRONIZED
01-06 16:28:15.648  1950  2037 I OpenXR  : PostSessionStateChange: XR_SESSION_STATE_SYNCHRONIZED -> XR_SESSION_STATE_VISIBLE
01-06 16:28:15.648  1687  1729 I [CT]    : MIXEDREALITY: MrServiceController: VrFocusManager::Top Activity Changed, topActivity now is: 'com.YourCompany.PrototypeV4', immersiveApp now is: 'com.YourCompany.PrototypeV4'.
01-06 16:28:15.649  1950  2037 I OpenXR  : PostSessionStateChange: XR_SESSION_STATE_VISIBLE -> XR_SESSION_STATE_FOCUSED
01-06 16:28:15.649  1687  3207 I [CT]    : MIXEDREALITY: MrServiceModel: Hibernating caller (most likely rendering thread) due to commandQueue being empty.
01-06 16:28:15.649  1687  1729 I [CT]    : MIXEDREALITY: MrServiceController: VrFocusManager::Top Activity Changed, topActivity now is: 'com.YourCompany.PrototypeV4', immersiveApp now is: 'com.YourCompany.PrototypeV4'.
01-06 16:28:15.649  1804  2847 I Clocks  : ReleaseClocks - end (4.1 ms)
01-06 16:28:15.649  2990  2990 I chatty  : uid=10020(com.oculus.vrshell) ShellMain expire 1 line
01-06 16:28:15.649  1687  1729 I [CT]    : MIXEDREALITY: MrServiceController: VrFocusManager::Top Activity Changed, topActivity now is: 'com.oculus.shellenv', immersiveApp now is: 'com.oculus.shellenv'.
01-06 16:28:15.650  1950  2037 I Clay    : xrPollEvent: SESSION_STATE_CHANGED: VISIBLE
01-06 16:28:15.650  1950  2037 I Clay    : xrPollEvent: SESSION_STATE_CHANGED: FOCUSED
01-06 16:28:15.650  2990  3126 I chatty  : uid=10020(com.oculus.vrshell) ShellMainVR expire 8 lines
01-06 16:28:15.650  2990  2990 I chatty  : uid=10020(com.oculus.vrshell) ShellMain expire 1 line
01-06 16:28:15.650  2990  3126 I chatty  : uid=10020(com.oculus.vrshell) ShellMainVR expire 21 lines
01-06 16:28:15.651  2954  3062 I GuardianSystem: runtimeServiceSDKClient_.ForceShowGuardianEvent
01-06 16:28:15.651  2954  3062 I GuardianSystem: ForceShowGuardian: false, 0.00
01-06 16:28:15.651  2954  3062 I GuardianSystem: runtimeServiceSDKClient_.PackageChangeEvent: package=[com.oculus.shellenv], process=[com.oculus.shellenv]
01-06 16:28:15.651  2954  3062 I GuardianSystem: SetCurrentProcessName: com.oculus.shellenv, previous ProcessName: com.YourCompany.PrototypeV4
01-06 16:28:15.655  1804  2851 I Vsync   : Adjusting vsync display refresh rate 72.000000 -> 90.000000
01-06 16:28:15.657  1687  3207 I [CT]    : MIXEDREALITY: MrServiceModel: Hibernating caller (most likely rendering thread) due to commandQueue being empty.
01-06 16:28:15.661  1052  5078 E WindowManager: App trying to use insecure INPUT_FEATURE_NO_INPUT_CHANNEL flag. Ignoring
01-06 16:28:15.671  2150  2150 I chatty  : uid=10020(com.oculus.vrshell) ShellOverlayMai expire 1 line
01-06 16:28:15.672  1804  1804 I ClientMgr: FocusedWindowChanged: found matching overlay client: 2736345305
01-06 16:28:15.675  3515  3515 W OVRLibrary: null cursor received for query content://com.oculus.ocms.library/apps/paused_app
01-06 16:28:15.682  1962  2399 I OVRMediaServiceManager: Sending onAppStart (com.oculus.shellenv) to SocialPlatform (com.oculus.socialplatform)
01-06 16:28:15.683   864  8442 W TrackingService: attachClient: found client in attached list
01-06 16:28:15.685  2990  3126 I chatty  : uid=10020(com.oculus.vrshell) ShellMainVR expire 3 lines
01-06 16:28:15.686 14323 14407 E OsSdk   : error getting shared memory region, memory type: HeadTracker, failed with Status(-1, EX_SECURITY): 'requested shared memory region when not registered/focused'
01-06 16:28:15.687  2150  2891 I chatty  : uid=10020(com.oculus.vrshell) ShellOverlayVR expire 1 line
01-06 16:28:15.687  1804  2863 I VrRuntimeService: DestroySwapChain: swapchain=449
01-06 16:28:15.689  2990  3126 I chatty  : uid=10020(com.oculus.vrshell) ShellMainVR expire 2 lines
01-06 16:28:15.691  2990  2990 I chatty  : uid=10020(com.oculus.vrshell) ShellMain expire 1 line
01-06 16:28:15.692  2990  3126 I chatty  : uid=10020(com.oculus.vrshell) ShellMainVR expire 9 lines
01-06 16:28:15.695  3392  3392 D MetaCam (MediaCapabilityChecker): checkMediaHasRecordingCapabilities packageName: com.oculus.vrshell
01-06 16:28:15.695  3392  3392 D MetaCam (MediaCapabilityChecker): checkMediaHasRecordingCapabilities packageName: com.oculus.vrshell
01-06 16:28:15.700   864  8442 W TrackingService: attachClient: found client in attached list
01-06 16:28:15.701   864  8442 D TrackingService: getSharedMemory: com.oculus.vrshell#2990, HeadTracker
01-06 16:28:15.701   864  1042 W TrackingService: attachClient: found client in attached list
01-06 16:28:15.702   857  1025 E CalibrationProvider: loadCalibration(LDISP_SN) failed: Calibration store didn't load any info
01-06 16:28:15.702   864  1042 D TrackingService: getSharedMemory: com.oculus.vrshell, Controller
01-06 16:28:15.702  2990 15190 I chatty  : uid=10020(com.oculus.vrshell) OVRInput expire 5 lines
01-06 16:28:15.703   874 10925 D VrApiService: refresh-rate changed to 90Hz
01-06 16:28:15.703  1804  2851 I PerformanceManager_V0: SetClockLevels: Apply pending clock request change: -1,-1 -> 2,3
01-06 16:28:15.704  1804  2851 I VrRuntimeServer: DisableCompositorClient: 0
01-06 16:28:15.704   857  5286 E CalibrationProvider: loadCalibration(RDISP_SN) failed: Calibration store didn't load any info
01-06 16:28:15.704  1804  2851 I CompositorClientMgr: Disable client 0
01-06 16:28:15.704  1804  2851 I CompositorClientMgr: DisableClient: frame flush required: 1
01-06 16:28:15.704  1804  2847 I Clocks  : LockClocks( cpu=2, gpu=3 ) - start
01-06 16:28:15.704  1804  1804 I ClientMgr: FocusedClient changed.
01-06 16:28:15.704  1804  1804 I ClientMgr: ClientMgr::SetFocusedClient: 2990:com.oculus.vrshell type 1
01-06 16:28:15.704  1804  1804 I ClientMgr: SetFocusedPackageName - packageName com.oculus.vrshell processName com.oculus.vrshell clientId 2736345305 clientPid 2990
01-06 16:28:15.704  1804  1804 I VrRuntimeService: RuntimeIPC: SendFocusChangeEventToAllClients: PostClientEvent SUCCESS: com.oculus.xrstreamingclient:com.oculus.xrstreamingclient:14323, com.oculus.vrshell, com.oculus.vrshell
01-06 16:28:15.704  1804  1804 W REFLECT : RuntimeIPC: ipc_PostClientEvent FAILED: FocusChangeEvent
01-06 16:28:15.704  1804  1804 W VrRuntimeService: RuntimeIPC: SendFocusChangeEventToAllClients: PostClientEvent FAILED: com.oculus.mrservice:com.oculus.mrservice:1687, com.oculus.vrshell, com.oculus.vrshell
01-06 16:28:15.704  1804  1804 I VrRuntimeService: RuntimeIPC: SendFocusChangeEventToAllClients: PostClientEvent SUCCESS: com.oculus.vrshell:com.oculus.vrshell:2990, com.oculus.vrshell, com.oculus.vrshell
01-06 16:28:15.704  1804  1804 I VrRuntimeService: RuntimeIPC: SendFocusChangeEventToAllClients: PostClientEvent SUCCESS: com.oculus.guardian:com.oculus.vrguardianservice:2954, com.oculus.vrshell, com.oculus.vrshell
01-06 16:28:15.704  1804  1804 W REFLECT : RuntimeIPC: ipc_PostClientEvent FAILED: FocusChangeEvent
01-06 16:28:15.704  1804  1804 W VrRuntimeService: RuntimeIPC: SendFocusChangeEventToAllClients: PostClientEvent FAILED: com.oculus.shellenv:com.oculus.shellenv:1950, com.oculus.vrshell, com.oculus.vrshell
01-06 16:28:15.704  1804  1804 I VrRuntimeService: RuntimeIPC: SendFocusChangeEventToAllClients: PostClientEvent SUCCESS: com.oculus.vrshell:com.oculus.vrshell:Overlay:2150, com.oculus.vrshell, com.oculus.vrshell
01-06 16:28:15.704  1804  2734 I SwapChain: DestroyAndroidSurfaceSwapChain: 0x7102b4e000: Destroying SurfaceTexture 0x2faa Surface 0x2dd6
01-06 16:28:15.704  2990  3126 I chatty  : uid=10020(com.oculus.vrshell) ShellMainVR expire 2 lines
01-06 16:28:15.705  1804  2863 I VrRuntimeServer: DestroyTextureSwapChain: result destroyswapchain 1
01-06 16:28:15.705   775  3278 I SDM     : HWCDisplayBuiltIn::Validate: Validate +++ enable cac = 0
01-06 16:28:15.705  2150  2891 I chatty  : uid=10020(com.oculus.vrshell) ShellOverlayVR expire 1 line
01-06 16:28:15.705  1804  2863 I VrRuntimeService: DestroySwapChain: swapchain=448
01-06 16:28:15.705  1804  2734 I SwapChain: DestroyAndroidSurfaceSwapChain: 0x7106cd3000: Destroying SurfaceTexture 0x300a Surface 0x2ffa
01-06 16:28:15.706  1804  2863 I VrRuntimeServer: DestroyTextureSwapChain: result destroyswapchain 1
01-06 16:28:15.707  2954  3062 I GuardianSystem: runtimeServiceSDKClient_.ForceShowGuardianEvent
01-06 16:28:15.707  2954  3062 I GuardianSystem: ForceShowGuardian: false, 0.00
01-06 16:28:15.707  1950  2037 I VrRuntimeClient: Client has lost focus.
01-06 16:28:15.709   857  1025 E CalibrationProvider: loadCalibration(LDISP_SN) failed: Calibration store didn't load any info
01-06 16:28:15.710  1950  2037 I OpenXR  : PostSessionStateChange: XR_SESSION_STATE_FOCUSED -> XR_SESSION_STATE_VISIBLE
01-06 16:28:15.710   857  5286 E CalibrationProvider: loadCalibration(RDISP_SN) failed: Calibration store didn't load any info
01-06 16:28:15.711  2990  3126 I chatty  : uid=10020(com.oculus.vrshell) ShellMainVR expire 15 lines
01-06 16:28:15.711  1804  3121 I VrRuntimeService: RuntimeServiceSDKServer::EnableRendering: 0x0, 0, com.oculus.vrshell
01-06 16:28:15.711  1804  3121 I ClientMgr: EnableRendering2: invalid clientWindow, testing uid/pid
01-06 16:28:15.711  1804  3121 I ClientMgr: EnableRendering2: matched uid: 10020 and pid: 2990 
01-06 16:28:15.711  1804  3121 I ClientMgr: EnableRendering2: Calling SetFocusedClient: 2736345305
01-06 16:28:15.711  1804  3121 I ClientMgr: ClientMgr::SetFocusedClient: 2990:com.oculus.vrshell type 1
01-06 16:28:15.711  1804  3121 I ClientMgr: SetFocusedPackageName - packageName com.oculus.vrshell processName com.oculus.vrshell clientId 2736345305 clientPid 2990
01-06 16:28:15.711  1804  3121 I ClientMgr: ClientMgr::EnableRendering 2990:com.oculus.vrshell : type 1 comp-id 5: enable
01-06 16:28:15.711  1804  3121 I CompositorClientMgr: Enable client 5
01-06 16:28:15.711  1804  3121 I VrRuntimeServer: EnableCompositorClient client(5): layer placement(2147483647) flags(0) sm(0x7163e7d010)
01-06 16:28:15.711  1804  3121 I CompositorVR: CheckDebuggerConnected: debugger 0
01-06 16:28:15.711  1804  3121 I VrRuntimeServer: SysProp debug mode is disabled on Server side
01-06 16:28:15.711  1804  3121 I UnifiedTelemetryWrapper: Started UT session render:com.oculus.vrshell
01-06 16:28:15.712  1804  2847 I Clocks  : CPU levels [0, 4]
01-06 16:28:15.712  1804  2847 I Clocks  : GPU levels [0, 5]
01-06 16:28:15.712  1687  3610 I [CT]    : MIXEDREALITY: MrFeatureStatus: Client status changed from Paused to Started.
01-06 16:28:15.712  1687  3610 I [CT]    : MIXEDREALITY: MrFeatureStatus: Target status Started, CurrentStatus: Paused
01-06 16:28:15.712  1687  3610 I [CT]    : MIXEDREALITY: MrFeatureStatus: Operation chain: Start
01-06 16:28:15.712  1687  3610 I [CT]    : MIXEDREALITY: MrFeatureStatus: Global status changed from Paused to Started.
01-06 16:28:15.712  1687  3610 I [CT]    : MIXEDREALITY: MrServiceController: Queuing command linked to operation Start for feature 0
01-06 16:28:15.712  1687  3207 I [CT]    : MIXEDREALITY: MrServiceController: Executing passthroughStart on model
01-06 16:28:15.712  1687  3207 I [CT]    : MIXEDREALITY: MrServiceModel: passthroughStart()
01-06 16:28:15.712  1687  3207 I [CT]    : MIXEDREALITY: MrServiceModel: passthroughStart: Started Passthrough
01-06 16:28:15.713  2150  2891 I chatty  : uid=10020(com.oculus.vrshell) ShellOverlayVR expire 16 lines
01-06 16:28:15.713  2990  3126 I chatty  : uid=10020(com.oculus.vrshell) ShellMainVR expire 88 lines
01-06 16:28:15.715  1804 14948 I CompositorProgs: loaded binary layerProgram 0:0x100000048082:0x0 in 2.5 ms
01-06 16:28:15.715  1950  2037 I Clay    : xrPollEvent: SESSION_STATE_CHANGED: VISIBLE
01-06 16:28:15.715  1687  1729 I [CT]    : MIXEDREALITY: MrServiceController: VrFocusManager::Top Activity Changed, topActivity now is: 'com.oculus.shellenv', immersiveApp now is: 'com.oculus.shellenv'.
01-06 16:28:15.717  1804  2863 I VrRuntimeService: DestroySwapChain: swapchain=451
01-06 16:28:15.718  1804  2863 I VrRuntimeServer: DestroyTextureSwapChain: result destroyswapchain 1
01-06 16:28:15.718  1804  2847 I Clocks  : LockClocks( cpu=2, gpu=3 ) - end (13.7 ms)
01-06 16:28:15.719   730   847 I audio_hw_primary: getting vr mode to 0
01-06 16:28:15.719  1662  7178 I RPCServer: HandleClientDisconnect: Client: com.oculus.vrshell:com.oculus.vrshell:Overlay:2150, Server: com.oculus.os.dialoghost:com.oculus.os.dialoghost (DialogHostService)
01-06 16:28:15.719   751  1600 I AudioPolicyManagerCustom: VR mode is 0, switch to primary output if request is for fast|raw
01-06 16:28:15.721   751  1600 W AudioFlinger: createTrack_l(): mismatch between requested flags (00000104) and output flags (00000006)
01-06 16:28:15.721   751  1600 D AudioFlinger: Client defaulted notificationFrames to 192 for frameCount 384
01-06 16:28:15.723  2990 15193 I chatty  : uid=10020(com.oculus.vrshell) OVR::Stats expire 3 lines
01-06 16:28:15.724   751  1600 D AF::TrackHandle: OpPlayAudio: track:171 uid:10020 pkg:com.oculus.vrshell usage:1 not muted
01-06 16:28:15.724   864  1042 W TrackingService: attachClient: found client in attached list
01-06 16:28:15.725 14323 14407 E OsSdk   : error getting shared memory region, memory type: HeadTracker, failed with Status(-1, EX_SECURITY): 'requested shared memory region when not registered/focused'
01-06 16:28:15.726  1687  3207 I [CT]    : MIXEDREALITY: MrServiceView: renderIteration: Nothing to render, hibernating the rendering thread since ID is off and no active PT layers.
01-06 16:28:15.726  1687  3207 I [CT]    : MIXEDREALITY: MrServiceModel: Hibernating caller (most likely rendering thread) due to commandQueue being empty.
01-06 16:28:15.728  1281  1281 V AvrcpMediaPlayerList: onPlaybackConfigChanged(): Configs list size=7
01-06 16:28:15.728  1962  2541 W OVRLibrary: null cursor received for query content://com.oculus.ocms.library/apps/com.oculus.vrshell
01-06 16:28:15.730  1962  2541 I OVRMediaService: onStartCommand Received message type: overlay_input_focus_change, caller package: com.oculus.vrshell, app identify: AppIdentity{uid=10020, packageNames=[com.oculus.vrshell], sha1=MxZgtt071YLz39PLrkVGckZooCE, sha2=3C-DTjwZQjeLFPB2yCzRq1nqZWa_9HMLIEfpjvyfna8, version=null, domain=null}
01-06 16:28:15.732  1804 14948 I Vsync   : Vsync 2812:  1 x 11.13 ms (71.83 Hz, at 9878.330)
01-06 16:28:15.741  1962  2399 E OVRMediaServiceManager: LivestreamingManager Not initialized
01-06 16:28:15.741  1962  2541 I OVRMediaService: Received OVERLAY_INPUT_FOCUS_CHANGE. is focused: true
01-06 16:28:15.743  1804 14948 I Vsync   : Vsync 2813:  1 x 11.13 ms (71.83 Hz, at 9878.341)
01-06 16:28:15.743  1052 12399 I MediaFocusControl: requestAudioFocus() from uid/pid 10020/2990 clientId=android.media.AudioManager@34f9fd2com.oculus.vrshell.ShellAudioFocusHandler@a0538a3 callingPack=com.oculus.vrshell req=1 flags=0x0 sdk=29
01-06 16:28:15.748  1662  7178 D RPCServer: RegisterClient: Client: com.oculus.vrshell:com.oculus.vrshell:2990, Server: com.oculus.os.dialoghost:com.oculus.os.dialoghost (DialogHostService)
01-06 16:28:15.748  1662  7178 I IPCSharedMemory: CreateSharedMemory: Allocated shared memory fd 40 (ipcStateReadWrite)
01-06 16:28:15.748  1662  7178 I IPCSharedMemory: CreateSharedMemory: Allocated shared memory fd 41 (ipcReadOnlyState)
01-06 16:28:15.752  1662  7178 I RPCClientHandler: Event buffer size (server): 8192
01-06 16:28:15.753  1662  7178 I IPCSharedMemory: CreateSharedMemory: Allocated shared memory fd 43 (ipcEventBuffer)
01-06 16:28:15.753  1662  7178 I IPCSharedMemory: CreateSharedMemory: Allocated shared memory fd 45 (ipcEventBuffer_Private)
01-06 16:28:15.757  1662  7178 I RuntimeIPCServerMgr: HandleClientConnect SUCCESS: Client: com.oculus.vrshell:com.oculus.vrshell:2990, Server: com.oculus.os.dialoghost:com.oculus.os.dialoghost (DialogHostService)
01-06 16:28:15.757  1962  2562 E OVRMediaServiceManager: LivestreamingManager Not initialized
01-06 16:28:15.758   730   851 D msm8974_platform: platform_split_snd_device: snd_device(22) num devices(1) new_snd_devices(0)
01-06 16:28:15.758  1950  2037 I Clay    : xrPollEvent: DISPLAY_REFRESH_RATE_CHANGED_FB: 72.000000 -> 90.000000
01-06 16:28:15.758   730   851 D ACDB-LOADER: ACDB -> send_audvoltable
01-06 16:28:15.758   730   851 D ACDB-LOADER: ACDB -> ACDB_CMD_GET_AUDPROC_INSTANCE_GAIN_DEP_STEP_TABLE_SIZE
01-06 16:28:15.758   730   851 D         : Failed to fetch the lookup information of the device 0000000F 
01-06 16:28:15.758   730   851 D ACDB-LOADER: Error: ACDB_CMD_GET_AUDPROC_INSTANCE_GAIN_DEP_STEP_TABLE_SIZE Returned = -19
01-06 16:28:15.758   730   851 D ACDB-LOADER: ACDB -> ACDB_CMD_GET_AUDPROC_INSTANCE_GAIN_DEP_STEP_TABLE, vol index 9
01-06 16:28:15.758   730   851 D         : Failed to fetch the lookup information of the device 0000000F 
01-06 16:28:15.758   730   851 D ACDB-LOADER: Error: ACDB AudProc vol returned = -19
01-06 16:28:15.758   730   851 D ACDB-LOADER: ACDB -> AUDIO_SET_VOL_CAL cal type = 40
01-06 16:28:15.761  1662  1686 I RPCServer: GetServerStatesConfig -> {MaxBufferSize=32768, MaxEntries=64}
01-06 16:28:15.764  3515  3515 W OVRLibrary: null cursor received for query content://com.oculus.ocms.library/apps/com.android.settings
01-06 16:28:15.766  1962  2096 E OVRMediaServiceManager: LivestreamingManager Not initialized
01-06 16:28:15.767   864  1042 W TrackingService: attachClient: found client in attached list
01-06 16:28:15.768 14323 14407 E OsSdk   : error getting shared memory region, memory type: HeadTracker, failed with Status(-1, EX_SECURITY): 'requested shared memory region when not registered/focused'
01-06 16:28:15.768   864  8442 W TrackingService: attachClient: found client in attached list
01-06 16:28:15.769 14323 14407 E OsSdk   : error getting shared memory region, memory type: AnchorTracker, failed with Status(-1, EX_SECURITY): 'requested shared memory region when not registered/focused'
01-06 16:28:15.772  1804  3121 I VrRuntimeService: RuntimeServiceSDKServer::RecenterLocalSpace
01-06 16:28:15.772  1804  3121 I VrRuntimeService: RuntimeServiceSDKServer::RecenterLocalSpaceInternal
01-06 16:28:15.772  1804  3121 I VrRuntimeServer: UpdateLocalSpace: Src: 2, Version: 64, VersionUser: 0, RawFloorHeightOld: -1.457830, RawFloorHeightNew: -1.457830
01-06 16:28:15.775  2954  3062 I GuardianSystem: UpdateSystem: Responding to local space version number change.
01-06 16:28:15.775  2954  3062 I GuardianSurfaceMgr: ForceShowSurfaceBounds: Soft fade out: currentTime 9878.37, ForceShowTime 9879.37, ForceShowFadeTime 9880.37
01-06 16:28:15.775  2954  3062 I GuardianSystem: ForceShowGuardian: false, 1.00
01-06 16:28:15.777  1950  2037 I Clay    : xrPollEvent: REFERENCE_SPACE_CHANGE_PENDING
01-06 16:28:15.777   864 14960 W [CT]    : TIMESTAMPCHECKER: Nominal rate wrong. Estimated data rate: 25, Nominal is 30.000300003000028
01-06 16:28:15.786  2954  3062 I StateMachine: StateMachine::Update ForceShow: forceShowForTime -> ForceShowOnForTime
01-06 16:28:15.800  1804  2916 I VrRuntimeService: CreateAndroidSurfaceSwapChain: 866258678
01-06 16:28:15.800  1804  2916 I VrRuntimeService: CreateAndroidSurfaceSwapChain: 131072 1 32856 65536 65536 1 1 1 0 3
01-06 16:28:15.801  1804  2734 I SwapChain_Surface: CreateAndroidSurfaceSwapChainGLES: 0x71678fe000: SurfaceTexture 0x2fa2 Surface 0x2dda
01-06 16:28:15.801  1804  2916 I VrRuntimeServer: CreateAndroidSurfaceSwapChain: result surface 0x71678fe000
01-06 16:28:15.803  1804  2916 I VrRuntimeService: CreateAndroidSurfaceSwapChain: 866258678
01-06 16:28:15.803  1804  2916 I VrRuntimeService: CreateAndroidSurfaceSwapChain: 131072 1 32856 65536 65536 1 1 1 0 3
01-06 16:28:15.804  1804  2734 I SwapChain_Surface: CreateAndroidSurfaceSwapChainGLES: 0x70e77b3000: SurfaceTexture 0x308a Surface 0x3096
01-06 16:28:15.804  1804  2916 I VrRuntimeServer: CreateAndroidSurfaceSwapChain: result surface 0x70e77b3000
01-06 16:28:15.805  2509  2530 I .socialplatfor: Background young concurrent copying GC freed 4015(764KB) AllocSpace objects, 4(80KB) LOS objects, 7% free, 3643KB/3929KB, paused 56us total 136.018ms
01-06 16:28:15.806  1621  1621 D OculusNotificationListenerService: Notification posted: 0|android|0|com.android.server.wm.AlertWindowNotification - com.oculus.vrshell|1000
01-06 16:28:15.812   864  8442 W TrackingService: attachClient: found client in attached list
01-06 16:28:15.812 14323 14407 E OsSdk   : error getting shared memory region, memory type: HeadTracker, failed with Status(-1, EX_SECURITY): 'requested shared memory region when not registered/focused'
01-06 16:28:15.818  1804 14948 I CompositorVR: SetSchedFifo( tid=3207, pol=2, pri=0 ) succeeded
01-06 16:28:15.820  1950  2037 I Clay    : EnvironmentSystem: setCurrentEnvironment from '' to 'apk://com.environment.matrixloadingvoid/assets/scene.zip'. Computed visibility: Visible (reason: <none>)
01-06 16:28:15.823  2150  2150 I chatty  : uid=10020(com.oculus.vrshell) ShellOverlayMai expire 5 lines
01-06 16:28:15.827  3515  3515 W OVRLibrary: null cursor received for query content://com.oculus.ocms.library/apps/quick_settings_app
01-06 16:28:15.829  2954  3601 I VrGuardianService: GuardianSDKServer::SetGuardianHitDialog2 0
01-06 16:28:15.830  1950  2037 I Clay    : EnvironmentSystem: Loading 'apk://com.environment.matrixloadingvoid/assets/scene.zip' as asset package
01-06 16:28:15.833  1662  1693 I RPCServer: GetServerStatesConfig -> {MaxBufferSize=32768, MaxEntries=64}
01-06 16:28:15.842  2990 15199 I chatty  : uid=10020(com.oculus.vrshell) FenceChecker expire 1 line
01-06 16:28:15.845  2990  3126 I chatty  : uid=10020(com.oculus.vrshell) ShellMainVR expire 20 lines
01-06 16:28:15.855   864  1042 W TrackingService: attachClient: found client in attached list
01-06 16:28:15.855 14323 14407 E OsSdk   : error getting shared memory region, memory type: HeadTracker, failed with Status(-1, EX_SECURITY): 'requested shared memory region when not registered/focused'
01-06 16:28:15.868  3515  3515 W OVRLibrary: null cursor received for query content://com.oculus.ocms.library/apps/com.YourCompany.PrototypeV4
01-06 16:28:15.886 14323 14386 D xrstreaming: receive ping: org 0 recv 0 xmt 14293683848200 (received at 9878484468623), offset divergence -110825
01-06 16:28:15.892  3515  3515 W OVRLibrary: null cursor received for query content://com.oculus.ocms.library/apps/com.oculus.xrstreamingclient
01-06 16:28:15.899   864  8442 W TrackingService: attachClient: found client in attached list
01-06 16:28:15.900 14323 14407 E OsSdk   : error getting shared memory region, memory type: HeadTracker, failed with Status(-1, EX_SECURITY): 'requested shared memory region when not registered/focused'
01-06 16:28:15.918  3515  3515 W OVRLibrary: null cursor received for query content://com.oculus.ocms.library/apps/notifications_system_app
01-06 16:28:15.921  1950  2037 I Clay    : Local user with id 106765628877334 does have a custom avatar
01-06 16:28:15.936  3515  3515 W OVRLibrary: null cursor received for query content://com.oculus.ocms.library/apps/com.YourCompany.TemplateProject3
01-06 16:28:15.938  1804 14948 I CompositorProgs: [0x710694b710] Built layerProgram 0:0x100000048002:0x0 in 2.4 ms
01-06 16:28:15.944 14323 14407 E OsSdk   : error getting shared memory region, memory type: HeadTracker, failed with Status(-1, EX_SECURITY): 'requested shared memory region when not registered/focused'
01-06 16:28:15.964  1950  2037 I Clay    : EnvironmentSystem::update: setting scene background audio for scene zip 'apk://com.environment.matrixloadingvoid/assets/scene.zip'
01-06 16:28:15.965  1950  2037 I Clay    : EnvironmentAudioSystem::setSceneBackgroundLoop: set scene audio: apk://com.environment.matrixloadingvoid/assets/scene.zip
01-06 16:28:15.965  1950  2037 I Clay    : EnvironmentSystem: Scene loaded
01-06 16:28:15.966  1950  2037 I Clay    : SharedHomeSystem::_onEnvironmentActivated
01-06 16:28:15.968  3515  3515 W OVRLibrary: null cursor received for query content://com.oculus.ocms.library/apps/paused_app
01-06 16:28:15.986 14323 14407 E OsSdk   : error getting shared memory region, memory type: HeadTracker, failed with Status(-1, EX_SECURITY): 'requested shared memory region when not registered/focused'
01-06 16:28:15.993  3515  3515 W OVRLibrary: null cursor received for query content://com.oculus.ocms.library/apps/com.android.settings
01-06 16:28:15.993  3515  3515 I PanelService: VR Shell socket closed(ECONNRESET); shutting down fd: 41
01-06 16:28:15.993  3515  3515 I PanelService: Quitting application via hardExit flag. Shutting down fd 41.
01-06 16:28:16.006  1950 15201 D CCodec  : allocate(c2.android.vorbis.decoder)
01-06 16:28:16.006   853  3744 V C2Store : in init
01-06 16:28:16.007   853  3744 V C2Store : loading dll
01-06 16:28:16.008  3515 14730 W OVRLibrary: null cursor received for query content://com.oculus.ocms.library/apps/com.oculus.shellenv
01-06 16:28:16.008  3515  3515 V LifecycleAwareViewModelStore: LifecycleAwareViewModelStore destroyed
01-06 16:28:16.008  3515  3515 V LifecycleAwarePanelApp: PanelApp lifecycle moved to final state: DESTROYED
01-06 16:28:16.008  3515  3515 I AndroidPanelApp: Destroyed
01-06 16:28:16.011  1950 15201 I CCodec  : Created component [c2.android.vorbis.decoder]
01-06 16:28:16.011  1950 15201 D CCodecConfig: read media type: audio/vorbis
01-06 16:28:16.011  3515  3515 D [SUI] PanelAppBase: Releasing viewModel DynamicAppsViewModel refCount: 1
01-06 16:28:16.011  3515  3515 D [SUI] PanelAppBase: Releasing viewModel SharingViewModel refCount: 0
01-06 16:28:16.011  3515  3515 D [SUI] SharingViewModel: Destroying ViewModel
01-06 16:28:16.012  3515  3515 D [SUI] AbuseReportCaptureUtil: clearAbuseReportRecordingTimer
01-06 16:28:16.012  3515  3515 D [SUI] BarView: Destroying BarView
01-06 16:28:16.012  3515  3515 D [SUI] SocialViewModel: removeObserver(): -$$Lambda$SystemStatusView$hvdttGlyfUmlGZJVTLPJRt2c5Fk
01-06 16:28:16.012  3515  3515 E [SUI] PanelAppBase: Release ViewModel called on already destroyed ViewModelcom.oculus.panelapp.anytimeui.bar.social.SocialViewModel@512c000
01-06 16:28:16.012  3515  3515 D [SUI] PanelAppBase: Releasing viewModel SystemStatusViewModel refCount: 0
01-06 16:28:16.012  3515  3515 D [SUI] PanelAppBase: Releasing viewModel BarViewModel refCount: 1
01-06 16:28:16.012  3515  3515 D [SUI] StatusViewModel: Destroying ViewModel
01-06 16:28:16.012  1950 15201 D ReflectedParamUpdater: extent() != 1 for single value type: algo.buffers.max-count.values
01-06 16:28:16.012  3515  3515 D [SUI] PanelAppBase: Releasing viewModel ActiveCallBarViewModel refCount: 0
01-06 16:28:16.012  3515  3515 E [SUI] PanelAppBase: Release ViewModel called on already destroyed ViewModelcom.oculus.panelapp.anytimeui.bar.social.SocialViewModel@512c000
01-06 16:28:16.013  1950 15201 D ReflectedParamUpdater: extent() != 1 for single value type: output.subscribed-indices.values
01-06 16:28:16.013  3515  3515 I PresenceAPK(ServicePresenceClient): ServicePresenceClient close
01-06 16:28:16.013  3515  3515 I PresenceAPK(GroupManager): removeListener with id SystemCallGroup
01-06 16:28:16.013  1950 15201 D ReflectedParamUpdater: extent() != 1 for single value type: input.buffers.allocator-ids.values
01-06 16:28:16.013  3515  3515 I PresenceAPK(ServiceApiManager): onApiNotReady
01-06 16:28:16.013  3515  3515 D PresenceAPK(ServicePresenceClient): Calling onServiceDown
01-06 16:28:16.013  1950 15201 D ReflectedParamUpdater: extent() != 1 for single value type: output.buffers.allocator-ids.values
01-06 16:28:16.013  3515  3515 I PresenceAPK(GroupManager): disconnected
01-06 16:28:16.013  1950 15201 D ReflectedParamUpdater: extent() != 1 for single value type: algo.buffers.allocator-ids.values
01-06 16:28:16.013  1950 15201 D ReflectedParamUpdater: extent() != 1 for single value type: output.buffers.pool-ids.values
01-06 16:28:16.013  1950 15201 D ReflectedParamUpdater: extent() != 1 for single value type: algo.buffers.pool-ids.values
01-06 16:28:16.014  1950 15201 I CCodecConfig: query failed after returning 7 values (BAD_INDEX)
01-06 16:28:16.014  1950 15201 D CCodecConfig: c2 config diff is Dict {
01-06 16:28:16.014  1950 15201 D CCodecConfig:   c2::u32 coded.bitrate.value = 64000
01-06 16:28:16.014  1950 15201 D CCodecConfig:   c2::u32 input.buffers.max-size.value = 32768
01-06 16:28:16.014  1950 15201 D CCodecConfig:   c2::u32 input.delay.value = 0
01-06 16:28:16.014  1950 15201 D CCodecConfig:   string input.media-type.value = "audio/vorbis"
01-06 16:28:16.014  1950 15201 D CCodecConfig:   string output.media-type.value = "audio/raw"
01-06 16:28:16.014  1950 15201 D CCodecConfig:   c2::u32 raw.channel-count.value = 1
01-06 16:28:16.014  1950 15201 D CCodecConfig:   c2::u32 raw.sample-rate.value = 48000
01-06 16:28:16.014  1950 15201 D CCodecConfig: }
01-06 16:28:16.014  3515  3515 D [SUI] MessengerCallViewModel: removeObserver
01-06 16:28:16.014  3515  3515 D [SUI] PanelAppBase: Releasing viewModel MessengerCallViewModel refCount: 0
01-06 16:28:16.014  3515  3515 D HyperspaceClient: destroy - start
01-06 16:28:16.014  1950 15201 D CCodecConfig: no c2 equivalents for durationUs
01-06 16:28:16.014  1950 15201 D CCodecConfig: no c2 equivalents for csd-1
01-06 16:28:16.014  1950 15201 D CCodecConfig: no c2 equivalents for track-id
01-06 16:28:16.014  1950 15201 D CCodecConfig: no c2 equivalents for channel-mask
01-06 16:28:16.014  1950 15201 D CCodecConfig: c2 config diff is   c2::u32 raw.channel-count.value = 2
01-06 16:28:16.014  1950 15201 D CCodecConfig:   c2::u32 raw.sample-rate.value = 44100
01-06 16:28:16.015  1950 15201 W Codec2Client: query -- param skipped: index = 1107298332.
01-06 16:28:16.015  1950 15201 D CCodec  : setup formats input: AMessage(what = 0x00000000) = {
01-06 16:28:16.015  1950 15201 D CCodec  :   int32_t channel-count = 2
01-06 16:28:16.015  1950 15201 D CCodec  :   int32_t max-input-size = 32768
01-06 16:28:16.015  1950 15201 D CCodec  :   string mime = "audio/vorbis"
01-06 16:28:16.015  1950 15201 D CCodec  :   int32_t sample-rate = 44100
01-06 16:28:16.015  1950 15201 D CCodec  : } and output: AMessage(what = 0x00000000) = {
01-06 16:28:16.015  1950 15201 D CCodec  :   int32_t channel-count = 2
01-06 16:28:16.015  1950 15201 D CCodec  :   string mime = "audio/raw"
01-06 16:28:16.015  1950 15201 D CCodec  :   int32_t sample-rate = 44100
01-06 16:28:16.015  1950 15201 D CCodec  :   int32_t channel-mask = 3
01-06 16:28:16.015  1950 15201 D CCodec  : }
01-06 16:28:16.017   853  3744 V C2Store : in ~ComponentModule
01-06 16:28:16.017   853  3744 V C2Store : unloading dll
01-06 16:28:16.022 14323 14407 E OsSdk   : error getting shared memory region, memory type: HeadTracker, failed with Status(-1, EX_SECURITY): 'requested shared memory region when not registered/focused'
01-06 16:28:16.022   864  8442 I chatty  : uid=1000(system) Binder:864_5 identical 4 lines
01-06 16:28:16.023 14323 14407 E OsSdk   : error getting shared memory region, memory type: AnchorTracker, failed with Status(-1, EX_SECURITY): 'requested shared memory region when not registered/focused'
01-06 16:28:16.044  3515 14477 I RuntimeIPCClientMgr: RuntimeIPCClientMgr::DisconnectFromServer: 0, Client: com.oculus.systemux:com.oculus.systemux:SystemUX:3515, Server: com.oculus.presence:com.oculus.presence (PubSubServer)
01-06 16:28:16.044  2279  2303 I RPCServer: HandleClientDisconnect: Client: com.oculus.systemux:com.oculus.systemux:SystemUX:3515, Server: com.oculus.presence:com.oculus.presence (PubSubServer)
01-06 16:28:16.044  3515 14477 I RuntimeIPCClient: RuntimeIPCClient: Shutdown: Client: com.oculus.systemux:com.oculus.systemux:SystemUX:3515, Server: com.oculus.presence:com.oculus.presence (PubSubServer)
01-06 16:28:16.044  3515 14477 I RuntimeIPCApi: ipc_Shutdown
01-06 16:28:16.044  3515 14477 I RuntimeIPCServiceClient: Shutdown: Refs still outstanding: 3, com.oculus.systemux:SystemUX
01-06 16:28:16.044  3515 14477 I RuntimeIPCClientMgr: RuntimeIPCClientMgr::DisconnectFromServer: 0, Client: com.oculus.systemux:com.oculus.systemux:SystemUX:3515, Server: com.oculus.presence:com.oculus.presence (PresenceServer)
01-06 16:28:16.044  2279  2303 I RPCServer: HandleClientDisconnect: Client: com.oculus.systemux:com.oculus.systemux:SystemUX:3515, Server: com.oculus.presence:com.oculus.presence (PresenceServer)
01-06 16:28:16.044  3515 14477 I RuntimeIPCClient: RuntimeIPCClient: Shutdown: Client: com.oculus.systemux:com.oculus.systemux:SystemUX:3515, Server: com.oculus.presence:com.oculus.presence (PresenceServer)
01-06 16:28:16.044  3515 14477 I RuntimeIPCApi: ipc_Shutdown
01-06 16:28:16.044  3515 14477 I RuntimeIPCServiceClient: Shutdown: Refs still outstanding: 2, com.oculus.systemux:SystemUX
01-06 16:28:16.044  3515  3515 D HyperspaceClient: destroy - end
01-06 16:28:16.044  3515  3515 D HyperspaceClient: release instance, refcount: 0
01-06 16:28:16.044  3515  3515 D [SUI] MessengerCallViewModel: released hyperspace client
01-06 16:28:16.044  3515  3515 D [SUI] MessengerCallViewModel: destroyed MessengerCallViewModel
01-06 16:28:16.044  3515  3515 D [SUI] MessengerCallBarViewModel: destroyed MessengerCallBarViewModel
01-06 16:28:16.044  3515  3515 D [SUI] DynamicAppsView: Destroying DynamicAppsView on AUI bar
01-06 16:28:16.044  3515  3515 D [SUI] MessengerCallViewModel: removeObserver
01-06 16:28:16.044  3515  3515 D [SUI] PanelAppBase: Releasing viewModel DynamicAppsViewModel refCount: 0
01-06 16:28:16.044  3515  3515 E [SUI] PanelAppBase: Release ViewModel called on already destroyed ViewModelcom.oculus.panelapp.anytimeui.bar.social.SocialViewModel@512c000
01-06 16:28:16.045  3515  3515 D [SUI] DynamicAppsViewModel: Destroying DynamicAppsViewModel
01-06 16:28:16.045  3515  3515 E [SUI] PanelAppBase: Release ViewModel called on already destroyed ViewModelnull
01-06 16:28:16.045  3515  3515 D [SUI] PanelAppBase: Releasing viewModel BarViewModel refCount: 0
01-06 16:28:16.045  3515  3515 D [SUI] BarViewModel: Destroying BarViewModel
01-06 16:28:16.045  3515  3515 E [SUI] PanelAppBase: Release ViewModel called on already destroyed ViewModelcom.oculus.panelapp.anytimeui.bar.social.SocialViewModel@512c000
01-06 16:28:16.045  3515  3515 D [SUI] PanelAppBase: Releasing viewModel StatusViewModel refCount: 1
01-06 16:28:16.045  3515  3515 I [SUI] AnytimeUIAndroidPanelApp: Destroyed AUI PanelApp, isInOverlay: true, instanceCount: 0
01-06 16:28:16.045  3515  3515 D [SUI] PanelAppBase: Releasing viewModel StatusViewModel refCount: 0
01-06 16:28:16.045  3515  3515 D [SUI] StatusViewModel: Destroying ViewModel
01-06 16:28:16.048  3515  3515 D [SUI] AirlinkUtils: Destroying AirlinkUtils...
01-06 16:28:16.048  3515  3515 I PresenceAPK(ServicePresenceClient): ServicePresenceClient close
01-06 16:28:16.048  3515  3515 I PresenceAPK(GroupManager): removeListener with id AnchoredHomeGroup
01-06 16:28:16.048  3515  3515 I PresenceAPK(ServiceApiManager): onApiNotReady
01-06 16:28:16.048  3515  3515 D PresenceAPK(ServicePresenceClient): Calling onServiceDown
01-06 16:28:16.048  3515  3515 I PresenceAPK(GroupManager): disconnected
01-06 16:28:16.053  1052 14020 E InputDispatcher: Window handle Window{334859b u0 com.oculus.systemux} has no registered input channel
01-06 16:28:16.056  1052  1454 I DisplayManagerService: Display device removed: DisplayDeviceInfo{"com.oculus.android_panel_app.AndroidPanelLayer-#main": uniqueId="virtual:com.oculus.systemux,10026,com.oculus.android_panel_app.AndroidPanelLayer-#main,0", 840 x 110, modeId 190, defaultModeId 190, supportedModes [{id=190, width=840, height=110, fps=60.0}], colorMode 0, supportedColorModes [0], HdrCapabilities null, density 200, 200.0 x 200.0 dpi, appVsyncOff 0, presDeadline 16666666, touch NONE, rotation 0, type VIRTUAL, state ON, owner com.oculus.systemux (uid 10026), FLAG_PRIVATE, FLAG_NEVER_BLANK, FLAG_OWN_CONTENT_ONLY}
01-06 16:28:16.056  3515  3515 D CppPanelService: onDestroy()
01-06 16:28:16.056  3515  3515 I Choreographer: Skipped 33 frames!  The application may be doing too much work on its main thread.
01-06 16:28:16.056  3515  3515 D CppPanelService: PanelService()
01-06 16:28:16.056  3515  3515 D CppPanelService: onCreate()
01-06 16:28:16.056  3515  3515 D CppPanelService: onBind()
01-06 16:28:16.061   864  8442 W TrackingService: attachClient: found client in attached list
01-06 16:28:16.061  3515  3515 D [SUI] NotificationBroadcastReceiver: action: com.oculus.intent.action.NOTIF_CHANGE
01-06 16:28:16.061  2990  2990 I chatty  : uid=10020(com.oculus.vrshell) ShellMain expire 1 line
01-06 16:28:16.061  2990  2990 D [SEO] ShellApplication: notify OS to set com.oculus.systemux/com.oculus.panelapp.anytimeui.AnytimeUIAndroidPanelService to FOREGROUND
01-06 16:28:16.061 14323 14407 E OsSdk   : error getting shared memory region, memory type: HeadTracker, failed with Status(-1, EX_SECURITY): 'requested shared memory region when not registered/focused'
01-06 16:28:16.063  2990  2990 I [SEO] PanelAppConnection: verifyFirstPartyUID(Debug Signatures=false, uid=10026) => apkSignatureResult=SigCertInfo(isTrusted=true, packageNames=[com.oculus.systemux], fingerprint sha1=98a1809f3c3e79170e5df8135b500ecfa39df1be, fingerprint sha256=012f8165c191efe8fb0d6d4606aa4abac14d77d1d97d5340860c9f81045aa157, signature=308205cf308203b7a0030201020204097e91c1300d06092a864886f70d01010b0500308197310b3009060355040613025553311330110603550408130a43616c69666f726e6961311330110603550407130a4d656e6c6f205061726b31233021060355040a131a46616365626f6f6b20546563686e6f6c6f676965732c204c4c4331233021060355040b131a46616365626f6f6b20546563686e6f6c6f676965732c204c4c43311430120603550403130b4f63756c75732041707073301e170d3139303730343131333935315a170d3436313131393131333935315a308197310b3009060355040613025553311330110603550408130a43616c69666f726e6961311330110603550407130a4d656e6c6f205061726b31233021060355040a131a46616365626f6f6b20546563686e6f6c6f676965732c204c4c4331233021060355040b131a46616365626f6f6b20546563686e6f6c6f676965732c204c4c43311430120603550403130b4f63756c7573204170707330820222300d06092a864886f70d01010105000382020f003082020a0282020100b815642a5c201c8da044905dafbb06c05fddb75449cc75a716a0434da0493a52a4d60643532c237e76cb41d2c32a5e4474f12b37f632a809b5a5ceb8c6289ecf828e736b4ec452b1c2757bd0b5ed13eff5a7a47ab2ef6cdf60a8d749e9e8603f30d12b5db8f734c57578a2a4ce5ff5737c1f02c629d2dcb4f82726674663a699de94463ff370fa9eb48158831bf0b68bd6ec84293182d52e860bdd81bb9ce9cdd6a77fea0df25004da34d3cce7a31069646aa4628fba9ccb0952163793be9a4edf49a53f83179c2f44d8c87d6c129e8d590af0f3fced26201ee43b31fccd93b497cd198c5cd1f98d64c4f7ad79ca47278c02652d5dc072a99807e22f473f7bae4da2bafcae48cd49ad55a764b8d39f329f6175eac9074307deff48b1c4a6e19b748766617768c31a17feae8478eb7f9ebfb61af2b9f5a692b636342d7ebc53d7146626b51801b5a0a102e281475decdefb8683d0ca2843dc7aaeb6759bcab0dcba38db44f5d7f797a1c9c02dd159c0e3c72b14dc882d31c24ad8abee4ce0f7f0205e05efef551e2551a61e96636ed5dfd7435d3d24f5a130a12f10452cc954aa770d5d95e3e0cb9d7b05c5506a7947f8ff3437b3d82274fdaa156d85bfb7fbcb4fa5557080fedab86520b71d3d533e7bb3e7e3ebe9712b68e755d700b0afbf7595ffa80a6b3d90bfe599769138ee6515df415e32c0abed2b8e4aea1f47351f490203010001a321301f301d0603551d0e04160414a3c939e6b71c43bc9193f773c0351be1aff311f9300d06092a864886f70d01010b050003820201004e4c865231f2a3583c6af9488ecf9aa96b1ee84e2d7bfad00581537dc70c54ecfcf360e563d018efa4cdd77bf6fc4c9f1a20ebd4215cf1538686d4089bdcc8adb6ae4497ead14b0c18efd52ce93357019973e94e16b3326c60885b1bdc5f9cad1098f16732935876d8d19bda3ceeaaa69a83c4e2231710c6735f88abdfffe3dfa2be3f18f894923441b4e4a9c9664ed6294c16d7c073547063bfdbbefad184a001f1dce2feffdc96d10eb16a3bfbcd382cd297ca3b4edb7ebacd1a9931a1368a5157ceaebbca5b39bd5db5461a340db8ec076d38a94bcdd042bfb51388158ba97a49b631c1762fa746c7bb36eaf15cae23fa993cfb052e824f2ae173ea27b50a6cca91eb955f4faf131514757e5a3ecae9df6d23771279b7742f28fb9ce394eb9e03926f550716f1312355a5efdc479d8347b516cff55cb14307c81280142cacf2fd6562a2baacbfc97869272b1c51abf79121de8bab227e001313d4115eb9b33a332ebb34e290f14b5352ef1038f7a5f3740c9d1136b3526de4331deb4fa529c36a17c04c3e64d4f6ebda73d6e6e18281e3948fd11e685eab6611be1bc62839bce5962715e7f6537e6c083bcd3538d17407b26c850cd6b3f5e2149fdef027a6cfb7ed0f93c928aca14927b10c6a3f104ba1b10413af8b1868b84a004e5ddd065fff26a7bb3c818bb5a2d69aedf9441ef9033efae3ef52282a96f66d4b4ff3f2)
01-06 16:28:16.067  3515  8969 I PanelVerifier: verifyVrShellUID(Debug Signatures=false, uid=10020) => apkSignatureResult=SigCertInfo(isTrusted=true, packageNames=[com.oculus.vrshell], fingerprint sha1=331660b6dd3bd582f3dfd3cbae4546724668a021, fingerprint sha256=dc2f834e3c1942378b14f076c82cd1ab59ea6566bff4730b2047e98efc9f9daf, signature=3082038d30820275a00302010202041303858a300d06092a864886f70d01010b05003077310b3009060355040613025553310b3009060355040813024341311330110603550407130a4d656e6c6f205061726b31173015060355040a130e4f63756c75732056522c204c4c4331173015060355040b130e4f63756c75732056522c204c4c43311430120603550403130b4f63756c75732041707073301e170d3134313033303231343032315a170d3432303331373231343032315a3077310b3009060355040613025553310b3009060355040813024341311330110603550407130a4d656e6c6f205061726b31173015060355040a130e4f63756c75732056522c204c4c4331173015060355040b130e4f63756c75732056522c204c4c43311430120603550403130b4f63756c7573204170707330820122300d06092a864886f70d01010105000382010f003082010a0282010100a34c7fbd96dea95d811f21a0d760cabca85f2df5dbe19b62aca7a3e3e0b6e48f7e173345f2753c458d639cc2e222eeee4cfb5e89ac1c5060044414056709a43a7f1a6f1e4f2c3d708c48912634be08ad6da1fff92d9c0d4b85e4bc8a8b1c27de84c04eb1e6577c10693500af46beaf7bd2ce72a06a46f4e565859f242cecbef1a431ae8096db712cebe73840bacc64de6b99077ba1ca8c20e5d0b4870bd161f087abbf568dfef58e604068ca6f7cdea183c8681c306bc30cb223e7c5ce3a2fcf00d13e158475b3700ef62dcca46c57baecca4d91052e20b861a1a085d5fc8e99aed8c4a9cfd550d01e54ef5062133befcf7f9ea6a5a1d1575a72cd82279f34030203010001a321301f301d0603551d0e04160414ec7ccdaf8ccdc6dd1b87d4b561582ad8ec397b80300d06092a864886f70d01010b0500038201010014c557ecddc17ba8b979618036e7093b8e7307f624644532c31239f4dc83fd9424267ca7670fa9f78689cbc5bfd8a6312fdc214bd159d614a8753ceec0f2b2d9166217895b13c992e1d10ca625a3153dacfa51dbdb7fde139bd59510f5add29f88be3826b445ce7386dcf06577be72fbdf118fa81179091fad275981409e02d40422d8e86df5827a2c496a4b905b4825c3f1ba0af4cf509bf9b0d4d608cf0b4320ac60d1a8cbcc384de24f11a4c93c0fc5b887cbd6855871af1b1ef729c51a8a123efc6a627b6494e81a264587443b9156ad17772863c2f9685fae9c72a552b333f8ef2822bce5d4d178e45b3a8dd4e321924f6a5ba43f732971a9e74cbf0433), time=2 ms
01-06 16:28:16.067  3515  3515 D PanelAppClient: BEGIN: Initializing panel application via MSG_CREATE_PANEL_APP.
01-06 16:28:16.067  3515  3515 I AndroidPanelApp: Created
01-06 16:28:16.068  3515  3515 V LifecycleAwareViewModelStore: LifecycleAwareViewModelStore created
01-06 16:28:16.068  3515  3515 V LifecycleAwarePanelApp: PanelApp initial lifecycle started and moved from state INITIALIZED to state RESUMED
01-06 16:28:16.069  3515  3515 I [SUI] ConsumerConfiguration: Setting SystemUX Configuration and Policy Settings.
01-06 16:28:16.070  3515  3515 D [SUI] StatusViewModel: Constructing ViewModel
01-06 16:28:16.070  3515 15207 D QuickPromotionController: Initialized and enabled.
01-06 16:28:16.070  3515 15207 D QuickPromotionController: Fetching Quick Promotions for all surfaces.
01-06 16:28:16.070  3515 15207 D QuickPromotionController: Initialized and enabled.
01-06 16:28:16.070  3515 15207 D QuickPromotionController: Set access token.
01-06 16:28:16.071  3515 15207 D QuickPromotionController: Fetched Quick Promotions for all surfaces.
01-06 16:28:16.072  3515  3515 I android_os_HwBinder: HwBinder: Starting thread pool for getting: vendor.oculus.hardware.battery@1.0::IBattery/default
01-06 16:28:16.073  1950 15206 D CCodec  : allocate(c2.android.vorbis.decoder)
01-06 16:28:16.075   853  3744 V C2Store : in init
01-06 16:28:16.075   853  3744 V C2Store : loading dll
01-06 16:28:16.078  3515  3515 D [SUI] StatusViewModel: Initializing wifi status BroadcastReceiver
01-06 16:28:16.079  3515  3515 D [SUI] StatusViewModel: Initialized wifi status BroadcastReceiver
01-06 16:28:16.080  1950 15206 I CCodec  : Created component [c2.android.vorbis.decoder]
01-06 16:28:16.080  1950 15206 D CCodecConfig: read media type: audio/vorbis
01-06 16:28:16.080  3515  3515 D [SUI] PanelAppBase: Acquiring viewModel StatusViewModel refCount: 1
01-06 16:28:16.080  3515  3515 D [SUI] AirlinkUtils: Initializing AirlinkUtils...
01-06 16:28:16.081  3515  3515 D [SUI] AirlinkUtils: Initializing wifi status BroadcastReceiver
01-06 16:28:16.082  1950 15206 D ReflectedParamUpdater: extent() != 1 for single value type: algo.buffers.max-count.values
01-06 16:28:16.082  1950 15206 D ReflectedParamUpdater: extent() != 1 for single value type: output.subscribed-indices.values
01-06 16:28:16.082  1950 15206 D ReflectedParamUpdater: extent() != 1 for single value type: input.buffers.allocator-ids.values
01-06 16:28:16.083  1950 15206 D ReflectedParamUpdater: extent() != 1 for single value type: output.buffers.allocator-ids.values
01-06 16:28:16.083  1950 15206 D ReflectedParamUpdater: extent() != 1 for single value type: algo.buffers.allocator-ids.values
01-06 16:28:16.083  1950 15206 D ReflectedParamUpdater: extent() != 1 for single value type: output.buffers.pool-ids.values
01-06 16:28:16.083  1950 15206 D ReflectedParamUpdater: extent() != 1 for single value type: algo.buffers.pool-ids.values
01-06 16:28:16.083  1950 15206 I CCodecConfig: query failed after returning 7 values (BAD_INDEX)
01-06 16:28:16.083  1950 15206 D CCodecConfig: c2 config diff is Dict {
01-06 16:28:16.083  1950 15206 D CCodecConfig:   c2::u32 coded.bitrate.value = 64000
01-06 16:28:16.083  1950 15206 D CCodecConfig:   c2::u32 input.buffers.max-size.value = 32768
01-06 16:28:16.083  1950 15206 D CCodecConfig:   c2::u32 input.delay.value = 0
01-06 16:28:16.083  1950 15206 D CCodecConfig:   string input.media-type.value = "audio/vorbis"
01-06 16:28:16.083  1950 15206 D CCodecConfig:   string output.media-type.value = "audio/raw"
01-06 16:28:16.083  1950 15206 D CCodecConfig:   c2::u32 raw.channel-count.value = 1
01-06 16:28:16.083  1950 15206 D CCodecConfig:   c2::u32 raw.sample-rate.value = 48000
01-06 16:28:16.083  1950 15206 D CCodecConfig: }
01-06 16:28:16.083  3515  3515 D OsSdk   : XrspBroker: setALEnabled 0
01-06 16:28:16.084  3515  3515 I [SUI] XrspBrokerHelper: Set AirLink Enabled Secured: 0
01-06 16:28:16.084   911   931 D xrspd   : setALEnabled 0
01-06 16:28:16.084  3515  3515 I [SUI] AnytimeUIAndroidPanelApp: Creating AUI PanelApp, isInOverlay: false, instanceCount: 1
01-06 16:28:16.084  1950 15206 D CCodecConfig: no c2 equivalents for durationUs
01-06 16:28:16.084   911   931 D xrspd   : setAlinkEnabledCallback disabled, already using usb, ignoring
01-06 16:28:16.084  1950 15206 D CCodecConfig: no c2 equivalents for csd-1
01-06 16:28:16.084  1950 15206 D CCodecConfig: no c2 equivalents for track-id
01-06 16:28:16.084  1950 15206 D CCodecConfig: no c2 equivalents for channel-mask
01-06 16:28:16.084  1950 15206 D CCodecConfig: c2 config diff is   c2::u32 raw.channel-count.value = 2
01-06 16:28:16.084  1950 15206 D CCodecConfig:   c2::u32 raw.sample-rate.value = 44100
01-06 16:28:16.084  1950 15206 W Codec2Client: query -- param skipped: index = 1107298332.
01-06 16:28:16.084  1950 15206 D CCodec  : setup formats input: AMessage(what = 0x00000000) = {
01-06 16:28:16.084  1950 15206 D CCodec  :   int32_t channel-count = 2
01-06 16:28:16.084  1950 15206 D CCodec  :   int32_t max-input-size = 32768
01-06 16:28:16.084  1950 15206 D CCodec  :   string mime = "audio/vorbis"
01-06 16:28:16.084  1950 15206 D CCodec  :   int32_t sample-rate = 44100
01-06 16:28:16.084  1950 15206 D CCodec  : } and output: AMessage(what = 0x00000000) = {
01-06 16:28:16.084  1950 15206 D CCodec  :   int32_t channel-count = 2
01-06 16:28:16.084  1950 15206 D CCodec  :   string mime = "audio/raw"
01-06 16:28:16.084  1950 15206 D CCodec  :   int32_t sample-rate = 44100
01-06 16:28:16.084  1950 15206 D CCodec  :   int32_t channel-mask = 3
01-06 16:28:16.084  1950 15206 D CCodec  : }
01-06 16:28:16.086  3515  3515 D [SUI] ActivityManagerUtilsHelper: Enabling the activity listener capability with initial foreground package com.oculus.shellenv
01-06 16:28:16.088  3515  3515 D [SUI] SystemUXBroadcastReceiver: requestCaptureState being sent
01-06 16:28:16.089  3515  3515 D [SUI] SocialViewModel: Constructing ViewModel
01-06 16:28:16.089  3515  3515 D [SUI] DynamicAppsViewModel: Initializing pinned apps
01-06 16:28:16.090  3515  3515 D [SUI] AppStateUtil: Notifying observers com.oculus.explore is pinned=true
01-06 16:28:16.090  3515  3515 D [SUI] AppStateUtil: Notifying observers com.oculus.store is pinned=true
01-06 16:28:16.090  3515  3515 D [SUI] AppStateUtil: Notifying observers messenger_system_app is pinned=true
01-06 16:28:16.090  3515  3515 D [SUI] AppStateUtil: Notifying observers share_system_app is pinned=true
01-06 16:28:16.090  1962  2399 I OVRMediaService: onStartCommand Received message type: com.oculus.horizon.GET_CAPTURE_STATE_ACTION, caller package: no_app_identity, app identify: null
01-06 16:28:16.092  1950 15206 W Codec2Client: query -- param skipped: index = 1342179345.
01-06 16:28:16.092  1950 15206 W Codec2Client: query -- param skipped: index = 2415921170.
01-06 16:28:16.093  1950 15206 D CCodecBufferChannel: [c2.android.vorbis.decoder#306] Created input block pool with allocatorID 16 => poolID 79 - OK (0)
