10-27 19:04:54.518  4150  4227 E OsSdk   : error getting shared memory region, memory type: HeadTracker, failed with Status(-1, EX_SECURITY): 'requested shared memory region when not registered/focused'
10-27 19:04:54.526  3400 10487 I chatty  : uid=10026 com.oculus.systemux:SystemUX expire 1 line
10-27 19:04:54.527  3400  3400 I chatty  : uid=10026 com.oculus.systemux:SystemUX expire 8 lines
10-27 19:04:54.528  2174  2174 I OVRMediaServiceManager: Metacam is not enabled.
10-27 19:04:54.541  1388  2676 I VrRuntimeService: UpdateSwapChainSamplerState: 213
10-27 19:04:54.541  1388  2676 I VrRuntimeService: UpdateSwapChainSamplerState: minFilter=1 magFilter=1 wrapModeS=3 warpModeT=3 maxAniso=1.000000 border={0.000000,0.000000,0.000000,0.000000} swizzle={0,1,2,3}
10-27 19:04:54.542  1388  2676 I VrRuntimeService: UpdateAndroidSurfaceSwapChainDimensions: 213: 1000x625
10-27 19:04:54.545  1051  1077 I DisplayManagerService: Display device changed state: "com.oculus.android_panel_app.AndroidPanelLayer-#main", ON
10-27 19:04:54.549  1051  1674 E WindowManager: App trying to use insecure INPUT_FEATURE_NO_INPUT_CHANNEL flag. Ignoring
10-27 19:04:54.553  3400 10480 I chatty  : uid=10026 com.oculus.systemux:SystemUX expire 1 line
10-27 19:04:54.553  3400  3400 V [SUI] BarView: Notifs badge count: 1, Messenger badge count 0
10-27 19:04:54.561   852  1036 W TrackingService: attachClient: found client in attached list
10-27 19:04:54.562  4150  4227 E OsSdk   : error getting shared memory region, memory type: HeadTracker, failed with Status(-1, EX_SECURITY): 'requested shared memory region when not registered/focused'
10-27 19:04:54.563   852   852 W TrackingService: attachClient: found client in attached list
10-27 19:04:54.566  4150  4227 E OsSdk   : error getting shared memory region, memory type: AnchorTracker, failed with Status(-1, EX_SECURITY): 'requested shared memory region when not registered/focused'
10-27 19:04:54.584  3400  3517 I PresenceAPK(ServicePresenceClient): calling onServiceUp
10-27 19:04:54.589  3400  3400 I [SUI] OVRAuthHelper: fetchAuthToken - completed, result: -1
10-27 19:04:54.589  3400  3400 D UserAppScopedAuthHelper: fetchUserInfo - completed
10-27 19:04:54.589  3400  3400 D UserAppScopedAuthHelper: fetchUserInfo - fetching app scoped access token
10-27 19:04:54.589  3400  3400 I [SUI] OVRAuthHelper: fetchAuthToken - completed, result: -1
10-27 19:04:54.589  3400  3400 D UserAppScopedAuthHelper: fetchUserInfo - completed
10-27 19:04:54.589  3400  3400 D UserAppScopedAuthHelper: fetchUserInfo - fetching app scoped access token
10-27 19:04:54.610   852  1036 W TrackingService: attachClient: found client in attached list
10-27 19:04:54.613  4150  4227 E OsSdk   : error getting shared memory region, memory type: HeadTracker, failed with Status(-1, EX_SECURITY): 'requested shared memory region when not registered/focused'
10-27 19:04:54.614  3400 10165 W OVRLibrary: null cursor received for query content://com.oculus.ocms.library/apps/com.YourCompany.TemplateProject2
10-27 19:04:54.617  3400 10487 W OVRLibrary: null cursor received for query content://com.oculus.ocms.library/apps/com.YourCompany.TemplateProject2
10-27 19:04:54.640  1388  2676 I VrRuntimeService: DestroySwapChain: swapchain=214
10-27 19:04:54.650  2682  2736 I .socialplatfor: Waiting for a blocking GC ProfileSaver
10-27 19:04:54.651  1388  9918 I SwapChain_Surface: AttachSurfaceSwapChainGLES: 0x77d86b4000 with SurfaceTexture 0x249a attached on init
10-27 19:04:54.654  1388  9918 I CompositorProgs: loaded binary layerProgram 1:0x100000048003:0x0 in 2.4 ms
10-27 19:04:54.662  4150  4227 E OsSdk   : error getting shared memory region, memory type: HeadTracker, failed with Status(-1, EX_SECURITY): 'requested shared memory region when not registered/focused'
10-27 19:04:54.669  3400  3517 I PresenceAPK(PresenceClient): onServiceUp
10-27 19:04:54.669  3400  3517 I PresenceAPK(GroupManager): onConnected
10-27 19:04:54.670  3400  3564 I PresenceAPK(GroupManager): initialEnumerationFinished
10-27 19:04:54.670  3400  3564 I PresenceAPK(GroupManager): no reconnect groups
10-27 19:04:54.680  1594  1608 I nifiedtelemetr: Background young concurrent copying GC freed 37569(2535KB) AllocSpace objects, 6(312KB) LOS objects, 35% free, 3928KB/6111KB, paused 1.134ms total 143.808ms
10-27 19:04:54.705  4150  4227 E OsSdk   : error getting shared memory region, memory type: HeadTracker, failed with Status(-1, EX_SECURITY): 'requested shared memory region when not registered/focused'
10-27 19:04:54.707  2651  2669 I com.oculus.ocm: Background young concurrent copying GC freed 6309(771KB) AllocSpace objects, 4(80KB) LOS objects, 14% free, 3549KB/4148KB, paused 63us total 190.836ms
10-27 19:04:54.715  2682  2700 I .socialplatfor: Background concurrent copying GC freed 5863(777KB) AllocSpace objects, 5(100KB) LOS objects, 49% free, 2746KB/5492KB, paused 84us total 169.672ms
10-27 19:04:54.715  2682  2736 I .socialplatfor: WaitForGcToComplete blocked ProfileSaver on HeapTrim for 64.974ms
10-27 19:04:54.723  1388  9918 I CompositorProgs: loaded binary layerProgram 0:0x100000048001:0x0 in 2.1 ms
10-27 19:04:54.738  3400 10491 D UserAppScopedAuthHelper: fetchUserInfo - fetched response for app scoped token request
10-27 19:04:54.738  3400 10491 D UserAppScopedAuthHelper: fetchUserInfo - fetched app scoped access token
10-27 19:04:54.751  4150  4227 E OsSdk   : error getting shared memory region, memory type: HeadTracker, failed with Status(-1, EX_SECURITY): 'requested shared memory region when not registered/focused'
10-27 19:04:54.752  3400 10494 D UserAppScopedAuthHelper: fetchUserInfo - fetched response for app scoped token request
10-27 19:04:54.753  3400 10494 D UserAppScopedAuthHelper: fetchUserInfo - fetched app scoped access token
10-27 19:04:54.757  3400 10493 D UserAppScopedAuthHelper: fetchUserInfo - fetched response for app scoped token request
10-27 19:04:54.757  3400 10493 D UserAppScopedAuthHelper: fetchUserInfo - fetched app scoped access token
10-27 19:04:54.796   852  1036 I chatty  : uid=1000(system) Binder:852_2 identical 4 lines
10-27 19:04:54.797  4150  4227 E OsSdk   : error getting shared memory region, memory type: HeadTracker, failed with Status(-1, EX_SECURITY): 'requested shared memory region when not registered/focused'
10-27 19:04:54.823  1594 10483 W ContextImpl: Calling a method in the system process without a qualified user: android.app.ContextImpl.sendBroadcast:1057 android.content.ContextWrapper.sendBroadcast:448 X.o0.A00:133 X.nZ.A00:17 X.nZ.handleMessage:91 
10-27 19:04:54.840   852  1036 W TrackingService: attachClient: found client in attached list
10-27 19:04:54.841  4150  4227 E OsSdk   : error getting shared memory region, memory type: HeadTracker, failed with Status(-1, EX_SECURITY): 'requested shared memory region when not registered/focused'
10-27 19:04:54.841   852  3737 W TrackingService: attachClient: found client in attached list
10-27 19:04:54.841  4150  4227 E OsSdk   : error getting shared memory region, memory type: AnchorTracker, failed with Status(-1, EX_SECURITY): 'requested shared memory region when not registered/focused'
10-27 19:04:54.875  1594 10479 W ContextImpl: Calling a method in the system process without a qualified user: android.app.ContextImpl.sendBroadcast:1057 android.content.ContextWrapper.sendBroadcast:448 X.o0.A00:133 X.nZ.A00:17 X.nZ.handleMessage:91 
10-27 19:04:54.879   852  3737 I chatty  : uid=1000(system) Binder:852_4 identical 1 line
10-27 19:04:54.881  4150  4227 E OsSdk   : error getting shared memory region, memory type: HeadTracker, failed with Status(-1, EX_SECURITY): 'requested shared memory region when not registered/focused'
10-27 19:04:54.926   852  3737 W TrackingService: attachClient: found client in attached list
10-27 19:04:54.927  4150  4227 E OsSdk   : error getting shared memory region, memory type: HeadTracker, failed with Status(-1, EX_SECURITY): 'requested shared memory region when not registered/focused'
10-27 19:04:54.960  1594 10503 W ContextImpl: Calling a method in the system process without a qualified user: android.app.ContextImpl.sendBroadcast:1057 android.content.ContextWrapper.sendBroadcast:448 X.o0.A00:133 X.nZ.A00:17 X.nZ.handleMessage:91 
10-27 19:04:54.970   852   852 W TrackingService: attachClient: found client in attached list
10-27 19:04:54.971  4150  4227 E OsSdk   : error getting shared memory region, memory type: HeadTracker, failed with Status(-1, EX_SECURITY): 'requested shared memory region when not registered/focused'
10-27 19:04:55.001  1388  9918 I CompositorProgs: loaded binary layerProgram 1:0x100000048001:0x0 in 2.3 ms
10-27 19:04:55.006 10144 10238 I VrApi   : FPS=72/72,Prd=59ms,Tear=0,Early=72,Stale=0,VSnc=1,Lat=1,Fov=0,CPU4/GPU=4/4,2419/525MHz,OC=FF,TA=0/70/70,SP=N/F/F,Mem=2092MHz,Free=2403MB,PLS=0,Temp=30.2C/0.0C,TW=2.62ms,App=3.15ms,GD=0.12ms,CPU&GPU=6.97ms,LCnt=2(DR4,LM2),GPU%=0.61,CPU%=0.48(W0.52),DSF=1.00,CFL=19.74/21.67
10-27 19:04:55.011  1388  2329 E TREX    : Interface version 1 was not found. Check debug build for more information.
10-27 19:04:55.021  4150  4227 E OsSdk   : error getting shared memory region, memory type: HeadTracker, failed with Status(-1, EX_SECURITY): 'requested shared memory region when not registered/focused'
10-27 19:04:55.065  4150  4227 E OsSdk   : error getting shared memory region, memory type: HeadTracker, failed with Status(-1, EX_SECURITY): 'requested shared memory region when not registered/focused'
10-27 19:04:55.106  4150  4227 E OsSdk   : error getting shared memory region, memory type: HeadTracker, failed with Status(-1, EX_SECURITY): 'requested shared memory region when not registered/focused'
10-27 19:04:55.107  4150  4227 E OsSdk   : error getting shared memory region, memory type: AnchorTracker, failed with Status(-1, EX_SECURITY): 'requested shared memory region when not registered/focused'
10-27 19:04:55.147  4150  4227 E OsSdk   : error getting shared memory region, memory type: HeadTracker, failed with Status(-1, EX_SECURITY): 'requested shared memory region when not registered/focused'
10-27 19:04:55.190  4150  4227 E OsSdk   : error getting shared memory region, memory type: HeadTracker, failed with Status(-1, EX_SECURITY): 'requested shared memory region when not registered/focused'
10-27 19:04:55.225  1594 10504 W ContextImpl: Calling a method in the system process without a qualified user: android.app.ContextImpl.sendBroadcast:1057 android.content.ContextWrapper.sendBroadcast:448 X.o0.A00:133 X.nZ.A00:17 X.nZ.handleMessage:91 
10-27 19:04:55.231  4150  4227 E OsSdk   : error getting shared memory region, memory type: HeadTracker, failed with Status(-1, EX_SECURITY): 'requested shared memory region when not registered/focused'
10-27 19:04:55.274  4150  4227 E OsSdk   : error getting shared memory region, memory type: HeadTracker, failed with Status(-1, EX_SECURITY): 'requested shared memory region when not registered/focused'
10-27 19:04:55.318   852   852 I chatty  : uid=1000(system) /system/bin/trackingservice identical 9 lines
10-27 19:04:55.319  4150  4227 E OsSdk   : error getting shared memory region, memory type: HeadTracker, failed with Status(-1, EX_SECURITY): 'requested shared memory region when not registered/focused'
10-27 19:04:55.363   852   852 W TrackingService: attachClient: found client in attached list
10-27 19:04:55.364  4150  4227 E OsSdk   : error getting shared memory region, memory type: HeadTracker, failed with Status(-1, EX_SECURITY): 'requested shared memory region when not registered/focused'
10-27 19:04:55.365   852  3737 W TrackingService: attachClient: found client in attached list
10-27 19:04:55.366  4150  4227 E OsSdk   : error getting shared memory region, memory type: AnchorTracker, failed with Status(-1, EX_SECURITY): 'requested shared memory region when not registered/focused'
10-27 19:04:55.411  4150  4227 E OsSdk   : error getting shared memory region, memory type: HeadTracker, failed with Status(-1, EX_SECURITY): 'requested shared memory region when not registered/focused'
10-27 19:04:55.457  4150  4227 E OsSdk   : error getting shared memory region, memory type: HeadTracker, failed with Status(-1, EX_SECURITY): 'requested shared memory region when not registered/focused'
10-27 19:04:55.501  4150  4227 E OsSdk   : error getting shared memory region, memory type: HeadTracker, failed with Status(-1, EX_SECURITY): 'requested shared memory region when not registered/focused'
10-27 19:04:55.543  4150  4227 E OsSdk   : error getting shared memory region, memory type: HeadTracker, failed with Status(-1, EX_SECURITY): 'requested shared memory region when not registered/focused'
10-27 19:04:55.587   852  3737 I chatty  : uid=1000(system) Binder:852_4 identical 5 lines
10-27 19:04:55.588  4150  4227 E OsSdk   : error getting shared memory region, memory type: HeadTracker, failed with Status(-1, EX_SECURITY): 'requested shared memory region when not registered/focused'
10-27 19:04:55.630   852  3737 W TrackingService: attachClient: found client in attached list
10-27 19:04:55.631  4150  4227 E OsSdk   : error getting shared memory region, memory type: HeadTracker, failed with Status(-1, EX_SECURITY): 'requested shared memory region when not registered/focused'
10-27 19:04:55.631   852   852 W TrackingService: attachClient: found client in attached list
10-27 19:04:55.632  4150  4227 E OsSdk   : error getting shared memory region, memory type: AnchorTracker, failed with Status(-1, EX_SECURITY): 'requested shared memory region when not registered/focused'
10-27 19:04:55.674  4150  4227 E OsSdk   : error getting shared memory region, memory type: HeadTracker, failed with Status(-1, EX_SECURITY): 'requested shared memory region when not registered/focused'
10-27 19:04:55.719  4150  4227 E OsSdk   : error getting shared memory region, memory type: HeadTracker, failed with Status(-1, EX_SECURITY): 'requested shared memory region when not registered/focused'
10-27 19:04:55.760   852   852 I chatty  : uid=1000(system) /system/bin/trackingservice identical 3 lines
10-27 19:04:55.761  4150  4227 E OsSdk   : error getting shared memory region, memory type: HeadTracker, failed with Status(-1, EX_SECURITY): 'requested shared memory region when not registered/focused'
10-27 19:04:55.800   852   852 W TrackingService: attachClient: found client in attached list
10-27 19:04:55.801  4150  4227 E OsSdk   : error getting shared memory region, memory type: HeadTracker, failed with Status(-1, EX_SECURITY): 'requested shared memory region when not registered/focused'
10-27 19:04:55.844   852  3737 W TrackingService: attachClient: found client in attached list
10-27 19:04:55.845  4150  4227 E OsSdk   : error getting shared memory region, memory type: HeadTracker, failed with Status(-1, EX_SECURITY): 'requested shared memory region when not registered/focused'
10-27 19:04:55.890   852  3737 W TrackingService: attachClient: found client in attached list
10-27 19:04:55.891  4150  4227 E OsSdk   : error getting shared memory region, memory type: HeadTracker, failed with Status(-1, EX_SECURITY): 'requested shared memory region when not registered/focused'
10-27 19:04:55.892   852   852 W TrackingService: attachClient: found client in attached list
10-27 19:04:55.893  4150  4227 E OsSdk   : error getting shared memory region, memory type: AnchorTracker, failed with Status(-1, EX_SECURITY): 'requested shared memory region when not registered/focused'
10-27 19:04:55.928   852   852 I chatty  : uid=1000(system) /system/bin/trackingservice identical 1 line
10-27 19:04:55.929  4150  4227 E OsSdk   : error getting shared memory region, memory type: HeadTracker, failed with Status(-1, EX_SECURITY): 'requested shared memory region when not registered/focused'
10-27 19:04:55.969  2830  2991 I VrGuardianService: GuardianSDKServer::SetActiveHand
10-27 19:04:55.971   852   852 W TrackingService: attachClient: found client in attached list
10-27 19:04:55.971  4150  4227 E OsSdk   : error getting shared memory region, memory type: HeadTracker, failed with Status(-1, EX_SECURITY): 'requested shared memory region when not registered/focused'
10-27 19:04:55.977  2830  2991 I VrGuardianService: GuardianSDKServer::SetGuardianHitDialog2 1
10-27 19:04:55.999   852   852 D TrackingService: haptic socket already exists
10-27 19:04:55.999   852   852 D TrackingService: getSocket: com.oculus.vrshell
10-27 19:04:56.005 10144 10238 I VrApi   : FPS=72/72,Prd=60ms,Tear=0,Early=72,Stale=0,VSnc=1,Lat=1,Fov=0,CPU4/GPU=4/4,2419/525MHz,OC=FF,TA=0/70/70,SP=N/F/F,Mem=2092MHz,Free=2403MB,PLS=0,Temp=30.2C/0.0C,TW=3.61ms,App=3.04ms,GD=0.12ms,CPU&GPU=7.70ms,LCnt=5(DR0,LM2),GPU%=0.64,CPU%=0.19(W0.23),DSF=1.00,CFL=19.72/21.31
10-27 19:04:56.013   852   852 W TrackingService: attachClient: found client in attached list
10-27 19:04:56.014  4150  4227 E OsSdk   : error getting shared memory region, memory type: HeadTracker, failed with Status(-1, EX_SECURITY): 'requested shared memory region when not registered/focused'
10-27 19:04:56.060  4150  4227 E OsSdk   : error getting shared memory region, memory type: HeadTracker, failed with Status(-1, EX_SECURITY): 'requested shared memory region when not registered/focused'
10-27 19:04:56.101   852   852 I chatty  : uid=1000(system) /system/bin/trackingservice identical 2 lines
10-27 19:04:56.102  4150  4227 E OsSdk   : error getting shared memory region, memory type: HeadTracker, failed with Status(-1, EX_SECURITY): 'requested shared memory region when not registered/focused'
10-27 19:04:56.142   852   852 W TrackingService: attachClient: found client in attached list
10-27 19:04:56.143  4150  4227 E OsSdk   : error getting shared memory region, memory type: HeadTracker, failed with Status(-1, EX_SECURITY): 'requested shared memory region when not registered/focused'
10-27 19:04:56.143   852  3737 W TrackingService: attachClient: found client in attached list
10-27 19:04:56.143  4150  4227 E OsSdk   : error getting shared memory region, memory type: AnchorTracker, failed with Status(-1, EX_SECURITY): 'requested shared memory region when not registered/focused'
10-27 19:04:56.178   852   852 W TrackingService: attachClient: found client in attached list
10-27 19:04:56.179  4150  4227 E OsSdk   : error getting shared memory region, memory type: HeadTracker, failed with Status(-1, EX_SECURITY): 'requested shared memory region when not registered/focused'
10-27 19:04:56.219  4150  4227 E OsSdk   : error getting shared memory region, memory type: HeadTracker, failed with Status(-1, EX_SECURITY): 'requested shared memory region when not registered/focused'
10-27 19:04:56.263   852   852 I chatty  : uid=1000(system) /system/bin/trackingservice identical 2 lines
10-27 19:04:56.264  4150  4227 E OsSdk   : error getting shared memory region, memory type: HeadTracker, failed with Status(-1, EX_SECURITY): 'requested shared memory region when not registered/focused'
10-27 19:04:56.285  3400  3400 I [SUI] PauseDestinationView: maybeShowHomeOptionsTravelDialog isViewerInCall: false - isCopresenceEnabled: true - hasAnchoredHome: false - isViewerCallOwner: false
10-27 19:04:56.285  3400  3400 D [SUI] AnytimeUIPanelAppBase: ClickEventButtonId: AUI_DESTINATION_UI_V2_QUIT
10-27 19:04:56.285  3400  3400 I [SUI] AnytimeUIPanelAppBase: actionPauseStateResult - quit
10-27 19:04:56.285  3400  3400 I [SUI] AnytimeUIPanelAppBase: actionQuitAndHide
10-27 19:04:56.285  3400  3400 D [SUI] AnytimeUIPanelAppBase: ClickEventButtonId: AUI_DESTINATION_UI_V2_QUIT
10-27 19:04:56.308   852   852 W TrackingService: attachClient: found client in attached list
10-27 19:04:56.309  4150  4227 E OsSdk   : error getting shared memory region, memory type: HeadTracker, failed with Status(-1, EX_SECURITY): 'requested shared memory region when not registered/focused'
10-27 19:04:56.314  1051  1629 I ActivityTaskManager: START u0 {act=android.intent.action.MAIN cat=[android.intent.category.LAUNCHER] flg=0x10010000 pkg=com.oculus.vrshell cmp=com.oculus.vrshell/.MainActivity (has extras)} from uid 10020
10-27 19:04:56.321 10144 10144 D UE4     : [GameActivity] onPause: stop memory reporter runnable
10-27 19:04:56.322 10144 10175 D UE4     : Case APP_CMD_PAUSE
10-27 19:04:56.322 10144 10175 D UE4     : [2022.10.27-18.04.56:322][822]LogAndroid: Case APP_CMD_PAUSE
10-27 19:04:56.322 10144 10175 D UE4     : LogAndroidEvents::EnqueueAppEvent : 6, [width=-1, height=-1], tid = 10175, APP_EVENT_STATE_ON_PAUSE
10-27 19:04:56.322 10144 10144 D UE4     : [GameActivity] ==============> GameActive.onPause complete!
10-27 19:04:56.322 10144 10175 D UE4     : [2022.10.27-18.04.56:322][822]LogAndroid: event thread, suspending app, acquiring HW window lock.
10-27 19:04:56.322 10144 10175 D UE4     : LogAndroidEvents::EnqueueAppEvent : 15, [width=-1, height=-1], tid = 10175, APP_EVENT_RUN_CALLBACK
10-27 19:04:56.322 10144 10175 D UE4     : [2022.10.27-18.04.56:322][822]LogAndroid: AndroidEGL::  SuspendApp_EventThread, waiting for event manager to process. tid: 10175
10-27 19:04:56.324 10144 10174 D UE4     : [2022.10.27-18.04.56:324][822]LogAndroidEvents: Display: LogAndroidEvents::DequeueAppEvent : 6, [width=-1, height=-1], APP_EVENT_STATE_ON_PAUSE
10-27 19:04:56.324 10144 10174 D UE4     : FAppEventManager::Tick processing, 6
10-27 19:04:56.324 10144 10174 D UE4     : [2022.10.27-18.04.56:324][822]LogAndroidEvents: Display: LogAndroidEvents::DequeueAppEvent : 15, [width=-1, height=-1], APP_EVENT_RUN_CALLBACK
10-27 19:04:56.324 10144 10174 D UE4     : FAppEventManager::Tick processing, 15
10-27 19:04:56.324 10144 10174 D UE4     : [2022.10.27-18.04.56:324][822]LogAndroidEvents: Display: Event thread callback running.
10-27 19:04:56.324 10144 10174 D UE4     : [2022.10.27-18.04.56:324][822]LogAndroid: performing app backgrounding callback. 0xb5356460
10-27 19:04:56.325  1051  1674 W InputReader: Device has associated, but no associated display id.
10-27 19:04:56.345  1388  1388 D VrRuntimeService: onForegroundActivitiesChanged: pid=2836, uid=10020, hasForegroundActivities=true
10-27 19:04:56.345   753  1933 D AF::TrackHandle: OpPlayAudio: track:92 uid:10015 pkg:com.YourCompany.TemplateProject2 usage:1 muted
10-27 19:04:56.346   753   753 D AF::RecordHandle: OpRecordAudio: track:67 uid:10033 pkg:com.oculus.xrstreamingclient usage:0 muted
10-27 19:04:56.346   753  5197 D AF::TrackHandle: OpPlayAudio: track:57 uid:10014 pkg:com.oculus.shellenv usage:1 muted
10-27 19:04:56.346  3400  3400 D [SUI] ActivityManagerUtilsHelper: onForegroundActivitiesChanged: Instance: com.oculus.panelapp.anytimeui.utils.ActivityManagerUtilsHelper@d6f7676, Pid: 2836, Tid: 10020, foregroundActivities: true, foreground app: com.oculus.vrshell, previous app: com.YourCompany.TemplateProject2
10-27 19:04:56.346   753   988 D AF::TrackHandle: OpPlayAudio: track:93 uid:10020 pkg:com.oculus.vrshell usage:1 not muted
10-27 19:04:56.346   753  5102 D AF::RecordHandle: OpRecordAudio: track:91 uid:10032 pkg:com.oculus.horizon usage:0 not muted
10-27 19:04:56.346   753  5103 D AF::RecordHandle: OpRecordAudio: track:56 uid:10014 pkg:com.oculus.shellenv usage:0 muted
10-27 19:04:56.347  3400  3400 D [SUI] ActivityManagerUtilsHelper: onForegroundActivitiesChanged: Instance: com.oculus.panelapp.anytimeui.utils.ActivityManagerUtilsHelper@a99e1f1, Pid: 2836, Tid: 10020, foregroundActivities: true, foreground app: com.oculus.vrshell, previous app: com.YourCompany.TemplateProject2
10-27 19:04:56.347   753  1428 D AF::TrackHandle: OpPlayAudio: track:60 uid:10033 pkg:com.oculus.xrstreamingclient usage:1 muted
10-27 19:04:56.348   753  5103 D AF::RecordHandle: OpRecordAudio: track:56 uid:10014 pkg:com.oculus.shellenv usage:0 muted
10-27 19:04:56.348   753   753 D AF::RecordHandle: OpRecordAudio: track:67 uid:10033 pkg:com.oculus.xrstreamingclient usage:0 muted
10-27 19:04:56.348   753  5102 D AF::RecordHandle: OpRecordAudio: track:91 uid:10032 pkg:com.oculus.horizon usage:0 not muted
10-27 19:04:56.354   852  1036 W TrackingService: attachClient: found client in attached list
10-27 19:04:56.355  4150  4227 E OsSdk   : error getting shared memory region, memory type: HeadTracker, failed with Status(-1, EX_SECURITY): 'requested shared memory region when not registered/focused'
10-27 19:04:56.359   733   733 D msm8974_platform: platform_split_snd_device: snd_device(22) num devices(1) new_snd_devices(0)
10-27 19:04:56.359   733   733 D ACDB-LOADER: ACDB -> send_audvoltable
10-27 19:04:56.359   733   733 D ACDB-LOADER: ACDB -> ACDB_CMD_GET_AUDPROC_INSTANCE_GAIN_DEP_STEP_TABLE_SIZE
10-27 19:04:56.359   733   733 D         : Failed to fetch the lookup information of the device 0000000F 
10-27 19:04:56.359   733   733 D ACDB-LOADER: Error: ACDB_CMD_GET_AUDPROC_INSTANCE_GAIN_DEP_STEP_TABLE_SIZE Returned = -19
10-27 19:04:56.359   733   733 D ACDB-LOADER: ACDB -> ACDB_CMD_GET_AUDPROC_INSTANCE_GAIN_DEP_STEP_TABLE, vol index 8
10-27 19:04:56.359   733   733 D         : Failed to fetch the lookup information of the device 0000000F 
10-27 19:04:56.359   733   733 D ACDB-LOADER: Error: ACDB AudProc vol returned = -19
10-27 19:04:56.359   733   733 D ACDB-LOADER: ACDB -> AUDIO_SET_VOL_CAL cal type = 40
10-27 19:04:56.361  1051  4170 I ActivityTaskManager: START u0 {act=android.intent.action.MAIN cat=[android.intent.category.LAUNCHER] flg=0x14000000 pkg=com.oculus.shellenv cmp=com.oculus.shellenv/.ShellEnvActivity (has extras)} from uid 10020
10-27 19:04:56.373  2830  2991 I VrGuardianService: GuardianSDKServer::GuardianCmd: 14
10-27 19:04:56.373  2830  2991 I GuardianSystem: GuardianSystem::GuardianCmd CMD_CLEAR_RETURN_PACKAGE
10-27 19:04:56.373  3400  3400 W OVRLibrary: null cursor received for query content://com.oculus.ocms.library/apps/com.oculus.vrshell
10-27 19:04:56.377 10144 10144 D SystemActivitiesReceiver: SystemActivityReceiver.onReceive intent:Intent { act=com.oculus.system_activity flg=0x10 pkg=com.YourCompany.TemplateProject2 (has extras) }
10-27 19:04:56.378 10144 10144 D SystemActivitiesReceiver: fromPackageName: 'com.oculus.vrshell'
10-27 19:04:56.378 10144 10144 D SystemActivitiesReceiver: command: '{"Command":"exitToHome","PlatformUIVersion":4,"ToPackage":"com.YourCompany.TemplateProject2"}'
10-27 19:04:56.378 10144 10144 D SystemActivitiesReceiver: uri: ''
10-27 19:04:56.384 10144 10144 D TrustedSignatureVerifier: Checking app signature for com.oculus.vrshell
10-27 19:04:56.387 10144 10144 D TrustedSignatureVerifier: Package com.oculus.vrshell trusted due to RELEASE signature.
10-27 19:04:56.387 10144 10144 D SystemActivitiesReceiver: App is trusted
10-27 19:04:56.387 10144 10144 I SystemActivitiesEvents: nativeSystemActivityIntent in 'com.YourCompany.TemplateProject2': 'com.oculus.vrshell' '{"Command":"exitToHome","PlatformUIVersion":4,"ToPackage":"com.YourCompany.TemplateProject2"}' ''
10-27 19:04:56.387 10144 10144 I SystemActivitiesEvents: SYSTEM_ACTIVITY_EVENT_EXIT_TO_HOME: finish() - exit to Home
10-27 19:04:56.387 10144 10144 W emplateProject: Attempt to remove non-JNI local reference, dumping thread
10-27 19:04:56.387 10144 10144 I chatty  : uid=10015(com.YourCompany.TemplateProject2) identical 1 line
10-27 19:04:56.387 10144 10144 W emplateProject: Attempt to remove non-JNI local reference, dumping thread
10-27 19:04:56.388 10144 10144 D ContextHelper: shouldSkipFinish: activity=com.epicgames.ue4.GameActivity@53313e6
10-27 19:04:56.388 10144 10144 W emplateProject: Accessing hidden method Landroid/app/Activity;->isResumed()Z (greylist, reflection, allowed)
10-27 19:04:56.389 10144 10144 D ContextHelper: activity=com.epicgames.ue4.GameActivity@53313e6, resumed=false
10-27 19:04:56.389 10144 10144 D ContextHelper: Calling finish() on com.epicgames.ue4.GameActivity@53313e6
10-27 19:04:56.394   753  5197 D AF::RecordHandle: OpRecordAudio: track:91 uid:10032 pkg:com.oculus.horizon usage:0 not muted
10-27 19:04:56.395  1051  1674 W InputReader: Device has associated, but no associated display id.
10-27 19:04:56.395   753  5197 D AF::RecordHandle: OpRecordAudio: track:91 uid:10032 pkg:com.oculus.horizon usage:0 not muted
10-27 19:04:56.396  1388  1388 D VrRuntimeService: onForegroundActivitiesChanged: pid=2092, uid=10014, hasForegroundActivities=true
10-27 19:04:56.397   753   753 D AF::TrackHandle: OpPlayAudio: track:93 uid:10020 pkg:com.oculus.vrshell usage:1 not muted
10-27 19:04:56.402   753  1428 D AF::TrackHandle: OpPlayAudio: track:92 uid:10015 pkg:com.YourCompany.TemplateProject2 usage:1 muted
10-27 19:04:56.402   753   988 D AF::RecordHandle: OpRecordAudio: track:67 uid:10033 pkg:com.oculus.xrstreamingclient usage:0 muted
10-27 19:04:56.402   753  1933 D AF::TrackHandle: OpPlayAudio: track:60 uid:10033 pkg:com.oculus.xrstreamingclient usage:1 muted
10-27 19:04:56.403   753  5103 D AF::RecordHandle: OpRecordAudio: track:56 uid:10014 pkg:com.oculus.shellenv usage:0 not muted
10-27 19:04:56.403   753  5102 D AF::TrackHandle: OpPlayAudio: track:57 uid:10014 pkg:com.oculus.shellenv usage:1 not muted
10-27 19:04:56.404   753  5103 D AF::RecordHandle: OpRecordAudio: track:56 uid:10014 pkg:com.oculus.shellenv usage:0 not muted
10-27 19:04:56.404  3400  3400 D [SUI] ActivityManagerUtilsHelper: onForegroundActivitiesChanged: Instance: com.oculus.panelapp.anytimeui.utils.ActivityManagerUtilsHelper@d6f7676, Pid: 2092, Tid: 10014, foregroundActivities: true, foreground app: com.oculus.shellenv, previous app: com.oculus.vrshell
10-27 19:04:56.405  3400  3400 D [SUI] ActivityManagerUtilsHelper: onForegroundActivitiesChanged: Instance: com.oculus.panelapp.anytimeui.utils.ActivityManagerUtilsHelper@a99e1f1, Pid: 2092, Tid: 10014, foregroundActivities: true, foreground app: com.oculus.shellenv, previous app: com.oculus.vrshell
10-27 19:04:56.406   753   988 D AF::RecordHandle: OpRecordAudio: track:67 uid:10033 pkg:com.oculus.xrstreamingclient usage:0 muted
10-27 19:04:56.407  4150  4227 E OsSdk   : error getting shared memory region, memory type: HeadTracker, failed with Status(-1, EX_SECURITY): 'requested shared memory region when not registered/focused'
10-27 19:04:56.407   852  1036 I chatty  : uid=1000(system) Binder:852_2 identical 2 lines
10-27 19:04:56.409  4150  4227 E OsSdk   : error getting shared memory region, memory type: AnchorTracker, failed with Status(-1, EX_SECURITY): 'requested shared memory region when not registered/focused'
10-27 19:04:56.411  3400 10165 W OVRLibrary: null cursor received for query content://com.oculus.ocms.library/apps/com.oculus.vrshell
10-27 19:04:56.423  2330  2754 I chatty  : uid=10020(com.oculus.vrshell) ShellOverlayVR expire 5 lines
10-27 19:04:56.428  3400  3400 W OVRLibrary: null cursor received for query content://com.oculus.ocms.library/apps/com.oculus.shellenv
10-27 19:04:56.428  3400  3400 I PanelService: VR Shell socket closed(ECONNRESET); shutting down fd: 53
10-27 19:04:56.428  3400  3400 I PanelService: Quitting application via hardExit flag. Shutting down fd 53.
10-27 19:04:56.428  3400  3400 V LifecycleAwareViewModelStore: LifecycleAwareViewModelStore destroyed
10-27 19:04:56.428  3400  3400 V LifecycleAwarePanelApp: PanelApp lifecycle moved to final state: DESTROYED
10-27 19:04:56.428  3400  3400 I AndroidPanelApp: Destroyed
10-27 19:04:56.428  3400  3400 D [SUI] PauseDestinationView: Destroying PauseDestinationView
10-27 19:04:56.429  3400  3400 D [SUI] AnytimeUIPanelAppBase: Releasing viewModel SharingViewModel refCount: 0
10-27 19:04:56.429  3400  3400 D [SUI] SharingViewModel: Destroying ViewModel
10-27 19:04:56.430  3400  3400 D [SUI] SharingViewModel: clearAbuseReportRecordingTimer
10-27 19:04:56.430  3400  3400 D [SUI] PauseDestinationViewModel: Destroying PauseDestinationViewModel
10-27 19:04:56.430  3400  3400 D [SUI] GraphQLExecutor: Destroying
10-27 19:04:56.430  3400  3400 D [SUI] GraphQLExecutor: Destroying
10-27 19:04:56.430  1388  2676 I VrRuntimeService: DestroySwapChain: swapchain=213
10-27 19:04:56.430  3400  3400 I PresenceAPK(ServicePresenceClient): ServicePresenceClient close
10-27 19:04:56.430  3400  3400 I PresenceAPK(GroupManager): removeListener with id AnchoredHomeGroup
10-27 19:04:56.430  3400  3400 I PresenceAPK(ServiceApiManager): onApiNotReady
10-27 19:04:56.430  3400  3400 D PresenceAPK(ServicePresenceClient): Calling onServiceDown
10-27 19:04:56.430  3400  3400 I PresenceAPK(GroupManager): disconnected
10-27 19:04:56.432  2830  2991 I VrGuardianService: GuardianSDKServer::SetGuardianHitDialog2 0
10-27 19:04:56.436  1051  1629 I DisplayManagerService: Display device removed: DisplayDeviceInfo{"com.oculus.android_panel_app.AndroidPanelLayer-#main": uniqueId="virtual:com.oculus.systemux,10026,com.oculus.android_panel_app.AndroidPanelLayer-#main,2", 1000 x 625, modeId 76, defaultModeId 76, supportedModes [{id=76, width=1000, height=625, fps=60.0}], colorMode 0, supportedColorModes [0], HdrCapabilities null, density 200, 200.0 x 200.0 dpi, appVsyncOff 0, presDeadline 16666666, touch NONE, rotation 0, type VIRTUAL, state ON, owner com.oculus.systemux (uid 10026), FLAG_PRIVATE, FLAG_NEVER_BLANK, FLAG_OWN_CONTENT_ONLY}
10-27 19:04:56.436  3400  3400 D [SUI] AnytimeUIAndroidPanelApp: Received appStatus from VrShell: [{"name":"com.oculus.systemux\/com.oculus.panelapp.destinationui.DestinationUiPanelService","panels":[{"panelId":3,"state":"Focused"}]}]
10-27 19:04:56.436  2836  2836 I chatty  : uid=10020(com.oculus.vrshell) ShellMain expire 1 line
10-27 19:04:56.437  2836  3042 I chatty  : uid=10020(com.oculus.vrshell) ShellMainVR expire 4 lines
10-27 19:04:56.439  2836  3042 I [SEO] VrPlatformOpenXr: xrPollEvent: received XR_TYPE_EVENT_DATA_REFERENCE_SPACE_CHANGE_PENDING event
10-27 19:04:56.439  2836  3042 I [SEO] VrPlatformOpenXr: xrPollEvent: received XR_TYPE_EVENT_DATA_DISPLAY_REFRESH_RATE_CHANGED_FB event: fromRate 90.000000 -> toRate 72.000000
10-27 19:04:56.447  2836  2836 D [SEO] ShellEnvOverlayService: onBind()
10-27 19:04:56.449  2092  2092 D ActivityLifecycleListener: onActivityResumed
10-27 19:04:56.449  2092 10512 D ActivityLifecycleListener: activity=com.oculus.shellenv.ShellEnvActivity@1d9395c, resumed=true
10-27 19:04:56.449  2092 10512 D ActivityLifecycleListener: Activity ready after 0ms
10-27 19:04:56.449  2092 10512 I OpenXR  : nativeOnActivityReady
10-27 19:04:56.450   852  1036 W TrackingService: attachClient: found client in attached list
10-27 19:04:56.451  1388  9918 I CompositorVR: SetSchedFifo( tid=10174, pol=2, pri=0 ) succeeded
10-27 19:04:56.452  1388  9918 I CompositorVR: SetSchedFifo( tid=10222, pol=2, pri=0 ) succeeded
10-27 19:04:56.452  1388  9918 I CompositorVR: SetSchedFifo( tid=10245, pol=2, pri=0 ) succeeded
10-27 19:04:56.452  4150  4227 E OsSdk   : error getting shared memory region, memory type: HeadTracker, failed with Status(-1, EX_SECURITY): 'requested shared memory region when not registered/focused'
10-27 19:04:56.453  2836  2836 D [SEO] ShellEnvOverlayService: onStartCommand() with action com.oculus.vrshell.SHELL_ENV_NEW_INTENT
10-27 19:04:56.462  2836  2836 E [SEO] ShellApplication: Failed to verify identity of calling application for app launch flow. Bundle is missing handshake binder!
10-27 19:04:56.465  2092  2172 I Clay    : BaseApp: Hibernate transition Unhibernate
10-27 19:04:56.465  2092  2172 I Clay    : copresence: microphone state transition, unpaused
10-27 19:04:56.465  2092  2172 I Clay    : SoundSystem: setPaused(false), m_paused=true
10-27 19:04:56.466  3400  3400 W OVRLibrary: null cursor received for query content://com.oculus.ocms.library/apps/paused_app
10-27 19:04:56.466  3400  3400 D CppPanelService: onDestroy()
10-27 19:04:56.467  3400 10165 W OVRLibrary: null cursor received for query content://com.oculus.ocms.library/apps/com.oculus.shellenv
10-27 19:04:56.467  1448  1448 V AvrcpMediaPlayerList: onPlaybackConfigChanged(): Configs list size=8
10-27 19:04:56.469  2836  2836 W [SEO] IntentParser: Got intent with null or empty value for key "intent_cmd"
10-27 19:04:56.470  2836  3042 I [SEO] ShellApp: 0xcd8eac00 msg: intent
10-27 19:04:56.470  2836  3042 I [SEO] ShellApp: Ignoring empty launch intent action com.oculus.vrshell.SHELL_ENV_NEW_INTENT
10-27 19:04:56.472  2092  2172 I Clay    : EnvironmentSystem: computed visibility changed from Unload to Visible (reason: <none>)
10-27 19:04:56.476  2330  2754 I VrRuntimeClient: SetTextureSwapChainSamplerState: No change in sampler state.
10-27 19:04:56.476  2330  2754 I VrRuntimeClient: SetTextureSwapChainSamplerState: No change in sampler state.
10-27 19:04:56.476  3400  3400 D [SUI] AnytimeUIAndroidPanelApp: Received appStatus from VrShell: []
10-27 19:04:56.480   733   950 D msm8974_platform: platform_split_snd_device: snd_device(22) num devices(1) new_snd_devices(0)
10-27 19:04:56.480   733   950 D ACDB-LOADER: ACDB -> send_audvoltable
10-27 19:04:56.480   733   950 D ACDB-LOADER: ACDB -> ACDB_CMD_GET_AUDPROC_INSTANCE_GAIN_DEP_STEP_TABLE_SIZE
10-27 19:04:56.480   733   950 D         : Failed to fetch the lookup information of the device 0000000F 
10-27 19:04:56.480   733   950 D ACDB-LOADER: Error: ACDB_CMD_GET_AUDPROC_INSTANCE_GAIN_DEP_STEP_TABLE_SIZE Returned = -19
10-27 19:04:56.480   733   950 D ACDB-LOADER: ACDB -> ACDB_CMD_GET_AUDPROC_INSTANCE_GAIN_DEP_STEP_TABLE, vol index 10
10-27 19:04:56.480   733   950 D         : Failed to fetch the lookup information of the device 0000000F 
10-27 19:04:56.480   733   950 D ACDB-LOADER: Error: ACDB AudProc vol returned = -19
10-27 19:04:56.480   733   950 D ACDB-LOADER: ACDB -> AUDIO_SET_VOL_CAL cal type = 40
10-27 19:04:56.500   852  3737 W TrackingService: attachClient: found client in attached list
10-27 19:04:56.502  4150  4227 E OsSdk   : error getting shared memory region, memory type: HeadTracker, failed with Status(-1, EX_SECURITY): 'requested shared memory region when not registered/focused'
10-27 19:04:56.509  3400 10480 W OVRLibrary: null cursor received for query content://com.oculus.ocms.library/apps/paused_app
10-27 19:04:56.518  2330  2754 I VrRuntimeClient: SetTextureSwapChainSamplerState: No change in sampler state.
10-27 19:04:56.518  2330  2754 I VrRuntimeClient: SetTextureSwapChainSamplerState: No change in sampler state.
10-27 19:04:56.525  2651  2669 I com.oculus.ocm: Background concurrent copying GC freed 10028(1086KB) AllocSpace objects, 7(140KB) LOS objects, 49% free, 3308KB/6617KB, paused 120us total 138.353ms
10-27 19:04:56.527  2092  2172 I Clay    : Avatar2ResourceSystem: SDK requesting to load file OvrAvatar2Assets.zip
10-27 19:04:56.527  2092  2172 I Clay    : Avatar2ResourceSystem: SDK requesting to load file OvrAvatar2Assets.zip
10-27 19:04:56.541  2092  2105 W oculus.shellen: Reducing the number of considered missed Gc histogram windows from 275 to 100
10-27 19:04:56.543  2092  2172 W System.err: android.content.pm.PackageManager$NameNotFoundException: Application package com.oculus.avatar2 not found
10-27 19:04:56.543  2092  2172 W System.err: 	at android.app.ContextImpl.createPackageContextAsUser(ContextImpl.java:2211)
10-27 19:04:56.543  2092  2172 W System.err: 	at android.app.ContextImpl.createPackageContext(ContextImpl.java:2182)
10-27 19:04:56.543  2092  2172 W System.err: 	at android.content.ContextWrapper.createPackageContext(ContextWrapper.java:876)
10-27 19:04:56.545   852  3737 I chatty  : uid=1000(system) Binder:852_4 identical 1 line
10-27 19:04:56.546  4150  4227 E OsSdk   : error getting shared memory region, memory type: HeadTracker, failed with Status(-1, EX_SECURITY): 'requested shared memory region when not registered/focused'
10-27 19:04:56.547  2330  2754 I VrRuntimeClient: SetTextureSwapChainSamplerState: No change in sampler state.
10-27 19:04:56.547  2330  2754 I VrRuntimeClient: SetTextureSwapChainSamplerState: No change in sampler state.
10-27 19:04:56.558  2092  2172 I OpenXR  : PostSessionStateChange: XR_SESSION_STATE_IDLE -> XR_SESSION_STATE_READY
10-27 19:04:56.558  2092  2172 I Clay    : xrPollEvent: REFERENCE_SPACE_CHANGE_PENDING
10-27 19:04:56.558  2092  2172 I Clay    : xrPollEvent: DISPLAY_REFRESH_RATE_CHANGED_FB: 90.000000 -> 72.000000
10-27 19:04:56.558  2092  2172 I Clay    : xrPollEvent: SESSION_STATE_CHANGED: READY
10-27 19:04:56.558  2092  2172 I Clay    : Entering VR mode: cpu=-1, gpu=-1, perf threads: main=2172, gpu=unset
10-27 19:04:56.558  2092  2172 I OpenXR  : ------------ xrBeginSession [start] -----------
10-27 19:04:56.558  2092  2172 I VrRuntimeClient: Tracing is disabled
10-27 19:04:56.558  2092  2172 I VrRuntimeClient: SysProp debug mode is disabled on Client side
10-27 19:04:56.561  2092  2172 D VrApi   : targetSDKVersion 29
10-27 19:04:56.562  2092  2172 I VrRuntimeClient: DEVICE MODEL NUMBER = Quest 2
10-27 19:04:56.562  2092  2172 I VrRuntimeClient: DEVICE BUILD NAME = user-47421700667400000
10-27 19:04:56.562  2092  2172 I VrRuntimeClient: DEVICE BUILD TYPE = user
10-27 19:04:56.562  2092  2172 I VrRuntimeClient: DEVICE OS VERSION = 10
10-27 19:04:56.562  2092  2172 I VrRuntimeClient: API LOADER VERSION = 1.0.22
10-27 19:04:56.562  2092  2172 I VrRuntimeClient: RUNTIME API VERSION = 1.0.24
10-27 19:04:56.562  2092  2172 I VrRuntimeClient: RUNTIME VERSION = 46.0.0.226.0 Sep  6 2022 02:18:10 RELEASE
10-27 19:04:56.562  2092  2172 I VrRuntimeClient: APP NAME = ShellEnv
10-27 19:04:56.562  2092  2172 I VrRuntimeClient: APP VERSION = 46.0.0.225.0 versionCode 406480835 internalVersionName 46.0.0.225.0.1de6c5943672 2022_10_06_16_42
10-27 19:04:56.562  2092  2172 I VrRuntimeClient: APP VR TYPE = vr_only
10-27 19:04:56.562  2092  2172 I VrRuntimeClient: APP MODE TYPE = VR
10-27 19:04:56.562  2092  2172 I VrRuntimeClient: APP PACKAGE NAME = com.oculus.shellenv
10-27 19:04:56.562  2092  2172 I VrRuntimeClient: APP ACTIVITY CLASS = com.oculus.shellenv.ShellEnvActivity
10-27 19:04:56.562  2092  2172 I Sensor  : OSSDKTRACKING Initializing head tracking
10-27 19:04:56.562  2092  2172 I Sensor  : OSSDKTRACKING Head tracker != nullpointer 0x779a986398, 1
10-27 19:04:56.562  2092  2172 I Sensor  : OSSDKTRACKING Initializing controller tracking
10-27 19:04:56.562  2092  2172 I Sensor  : OSSDKTRACKING Controller tracker != nullpointer 0x779b884f00, 1
10-27 19:04:56.562  2092  2172 D BatteryReceiver: Registering battery receiver
10-27 19:04:56.565  2092  2172 D HeadsetReceiver: getCurrentHeadsetState: false
10-27 19:04:56.565  2092  2172 I DeviceStatus: nativeHeadsetEvent(0)
10-27 19:04:56.568  2092  2172 I VrRuntimeClient: SetCompositorClientFeatureFlag ClientFeatureFlag 0 
10-27 19:04:56.568  2092  2172 I LogTimer: CPUTIME: VrRuntimeClient_BeginSession took 9.6545 ms
10-27 19:04:56.568  2092  2172 I ClientInputInterface: DEADRECKONING SetControllerTrackingExtendedDeadreckoning 0
10-27 19:04:56.568  2092  2172 I ClientInputSettings: HANDTRACKING package name is com.oculus.shellenv
10-27 19:04:56.569  2092  2172 I ClientInputSettings: HANDTRACKING: Manifest Permission request for com.oculus.shellenv
10-27 19:04:56.570  2092  2172 I ClientInputSettings: HANDTRACKING:  'com.oculus.shellenv' Is hands or controller.
10-27 19:04:56.570  2092  2172 I ClientInputSettings: HANDTRACKING: feature flag set to 2
10-27 19:04:56.570  2092  2172 I ClientInputInterface: HANDTRACKING sethandmanifest 2
10-27 19:04:56.570  2092  2172 I InputHooks_Internal: Enabling Native Input Hooks
10-27 19:04:56.571  2092  2172 I InputDeviceManager: ovrInputDeviceManager::Initialize
10-27 19:04:56.571  2092 10517 I InputDevice_TrackedRemote: Using new float conversion.
10-27 19:04:56.571   852  3737 W TrackingService: attachClient: found client in attached list
10-27 19:04:56.572   852  3737 D TrackingService: getSharedMemory: com.oculus.shellenv#2092, HeadTracker
10-27 19:04:56.572  2092  2172 I Distortion: Initializing Mesh Decenter Correction
10-27 19:04:56.573   852  3737 W TrackingService: attachClient: found client in attached list
10-27 19:04:56.573   846  1041 E CalibrationProvider: loadCalibration(LDISP_SN) failed: Calibration store didn't load any info
10-27 19:04:56.573   846  1041 E CalibrationProvider: loadCalibration(RDISP_SN) failed: Calibration store didn't load any info
10-27 19:04:56.573  2092  2172 I Distortion: SetLensPositions - iad=0.0630218, left offset=-0.000249941,-0.00102733, right offset=0.000129107,-0.00104481
10-27 19:04:56.573  2092  2172 I Distortion: Initializing Mesh Decenter Correction
10-27 19:04:56.573   852  3737 D TrackingService: getSharedMemory: com.oculus.shellenv, Controller
10-27 19:04:56.573  2092 10517 I InputDevice_TrackedRemote: REMOTE: Hand=1 IndexAnalog=0.00 GripAnalog=0.00 Buttons=0x00000000
10-27 19:04:56.573  2092 10517 I InputDevice_TrackedRemote: REMOTE: Hand=2 IndexAnalog=0.00 GripAnalog=0.00 Buttons=0x00000000
10-27 19:04:56.573  2092 10517 I InputDeviceManager: HANDTRACKING Pointer filter profile changed to: 0
10-27 19:04:56.573  2092 10517 I InputDeviceManager: HANDTRACKING Pointer filter profile changed to: 0
10-27 19:04:56.573  2092 10517 I InputDeviceManager: HANDTRACKING Root pose filter profile changed for (version, freq) to (2, 1) from (1,2)
10-27 19:04:56.574   846  1041 E CalibrationProvider: loadCalibration(LDISP_SN) failed: Calibration store didn't load any info
10-27 19:04:56.574   846  1041 E CalibrationProvider: loadCalibration(RDISP_SN) failed: Calibration store didn't load any info
10-27 19:04:56.574  2092  2172 I Distortion: SetLensPositions - iad=0.0630218, left offset=-0.000249941,-0.00102733, right offset=0.000129107,-0.00104481
10-27 19:04:56.574  2092  2172 I Distortion: Created custom distortion mesh.
10-27 19:04:56.574  2092  2172 I PhaseSync: PhaseSync::PhaseSync PaddingLowerLimit 0.350000 StandardDeviations 2.000000 PaddingUpperLimit 0.750000 on instance 1
10-27 19:04:56.574  2092  2172 I VrRuntimeClient: PhaseSync Instance created
10-27 19:04:56.574  2092  2172 D VrRuntimeClient: pokeGuardianUserServiceForThisClient: com.oculus.shellenv:10014
10-27 19:04:56.577  1388  9918 I SwapChain: DestroyAndroidSurfaceSwapChain: 0x77d86b4000: Destroying SurfaceTexture 0x249a Surface 0x2476
10-27 19:04:56.582  2330  2754 I VrRuntimeClient: SetTextureSwapChainSamplerState: No change in sampler state.
10-27 19:04:56.582  2330  2754 I VrRuntimeClient: SetTextureSwapChainSamplerState: No change in sampler state.
10-27 19:04:56.591   852  3737 W TrackingService: attachClient: found client in attached list
10-27 19:04:56.592  4150  4227 E OsSdk   : error getting shared memory region, memory type: HeadTracker, failed with Status(-1, EX_SECURITY): 'requested shared memory region when not registered/focused'
10-27 19:04:56.593  2092  2172 D VrRuntimeClient: VrRuntimeClient: getClientWindow: activity client
10-27 19:04:56.594  1388  2802 I VrRuntimeService: RuntimeServiceSDKServer::EnableRendering: 0x77d86a6080, 1, com.oculus.shellenv
10-27 19:04:56.594  1388  2802 I ClientMgr: ClientMgr::EnableRendering 2092:com.oculus.shellenv : type 0 comp-id 1: enable
10-27 19:04:56.594  1388  2802 I CompositorVR: CheckDebuggerConnected: debugger 0
10-27 19:04:56.594  1388  2802 I VrRuntimeServer: SysProp debug mode is disabled on Server side
10-27 19:04:56.595  2830  2830 D VrGuardianUserService: onStartCommandIntent { act=FOREGROUND_CLIENT cmp=com.oculus.guardian/com.oculus.vrguardianservice.VrGuardianUserService (has extras) }
10-27 19:04:56.595  2830  2830 D VrGuardianUserService: maybeSubscribeDeviceConfig
10-27 19:04:56.595  2830  2830 D VrGuardianUserService: onStartCommand FOREGROUND_CLIENT user = 0
10-27 19:04:56.597  1388  2802 I UnifiedTelemetryWrapper: Started UT session render:com.oculus.shellenv
10-27 19:04:56.597  2830  2830 D VrGuardianService: setCurrentUser() called with: userId = [0]
10-27 19:04:56.597  2830  2830 I VrGuardianService: nativeSetCurrentUser userid = 0
10-27 19:04:56.597  2830  2830 I GuardianSystem: GuardianSystem::SetCurrentUser: 0 
10-27 19:04:56.598  2092  2172 I ScreenCaptureHelper: Advertising com.oculus.shellenv as streamable
10-27 19:04:56.598  2092  2172 I VrApi   : OVR::Stats thread started
10-27 19:04:56.598  2092  2172 I XrRuntimeUtils: XrRuntimeUtils::BeginSession
10-27 19:04:56.598  2092  2172 I XrRuntimeSystem_Client: BeginSession
10-27 19:04:56.598  2092  2172 I OpenXR  : ------------ xrBeginSession [end] -----------
10-27 19:04:56.598  1388  2329 I ClientMgr: Non-overlay clients rendering status has changed: prev=23, curr=24, enabled=2
10-27 19:04:56.598  2092  2172 I Clay    : Setting CPU/GPU levels= 25/75
10-27 19:04:56.598  2092  2172 I VrRuntimeClient: Client has lost focus.
10-27 19:04:56.599  2174  2174 I OVRMediaService: onStartCommand Received message type: set_package_name, caller package: no_app_identity, app identify: null
10-27 19:04:56.599  1388  2329 D VrRuntimeService: ForegroundAppInfo = {uid=10014 pid=2092 packageName=com.oculus.shellenv processName=com.oculus.shellenv
10-27 19:04:56.599  1388  2329 I ClientMgr: GetForegroundClientId: Found foreground uid 10014.
10-27 19:04:56.599  2174  2174 I OVRMediaService: Got package name intent (com.oculus.shellenv)
10-27 19:04:56.599  1388  2329 I ClientMgr: Primary client determined to be foreground client: com.oculus.shellenv.
10-27 19:04:56.599  1388  2329 I ClientMgr: ClientMgr::SetPrimaryCompositorClient: 2092:com.oculus.shellenv
10-27 19:04:56.599  1388  2329 W ClientMgr: ClientMgr::GetClientPermissionFlagsById: Client missing proper permissions: com.oculus.shellenv, 2
10-27 19:04:56.599  1388  2329 I CompositorClientMgr: Enable client 1
10-27 19:04:56.599  1388  2329 I VrRuntimeServer: EnableCompositorClient client(1): layer placement(0) flags(1) sm(0x783d8e1010)
10-27 19:04:56.599  1388  2329 I ClientMgr: SetPrimaryPackageName - packageName com.oculus.shellenv processName com.oculus.shellenv clientId 1970350996 clientPid 2092
10-27 19:04:56.599  1388  2329 I ServiceInputManager: ServiceInputManager::SetPrimaryPackageName 'com.oculus.shellenv' 'com.oculus.shellenv'  updated AnytimeUI processname 0
