10-27 19:04:56.790  3400  3400 E [SUI] AnytimeUIPanelAppBase: Release ViewModel called on already destroyed ViewModelnull
10-27 19:04:56.791  3400  3400 D [SUI] AnytimeUIPanelAppBase: Releasing viewModel BarViewModel refCount: 0
10-27 19:04:56.791  3400  3400 D [SUI] BarViewModel: Destroying BarViewModel
10-27 19:04:56.791  3400  3400 D [SUI] AnytimeUIPanelAppBase: Releasing viewModel SettingsViewModel refCount: 0
10-27 19:04:56.791  3400  3400 D [SUI] SettingsViewModel: Destroying ViewModel
10-27 19:04:56.793  3400  3400 D [SUI] AnytimeUIPanelAppBase: Releasing viewModel StatusViewModel refCount: 2
10-27 19:04:56.796  2174  2627 W OVRLibrary: null cursor received for query content://com.oculus.ocms.library/apps/com.oculus.vrshell
10-27 19:04:56.798  1388  9918 I CompositorVR: WarpToScreen: Skipping frames for 8
10-27 19:04:56.800  2330  2754 I [OAO] VrPlatformOpenXr: EndSession passed message polling. count:1  count<maxRetryCount:1  sessionState:2
10-27 19:04:56.800  2330  2754 I [OAO] VrPlatformOpenXr: EndSession end
10-27 19:04:56.800  2174  2174 I OVRMediaService: Received OVERLAY_INPUT_FOCUS_CHANGE. is focused: true
10-27 19:04:56.802  1051  1090 I ActivityTaskManager: Displayed com.oculus.shellenv/.ShellEnvActivity: +293ms
10-27 19:04:56.809  1388  9918 I CompositorVR: WarpToScreen: Skipping frames for 8
10-27 19:04:56.810  2330  2754 I [OAO] AudioMixer: Disabling AudioPlayer.
10-27 19:04:56.813  2174  2174 I OVRMediaService: onStartCommand Received message type: overlay_input_focus_change, caller package: com.oculus.vrshell, app identify: AppIdentity{uid=10020, packageNames=[com.oculus.vrshell], sha1=MxZgtt071YLz39PLrkVGckZooCE, sha2=3C-DTjwZQjeLFPB2yCzRq1nqZWa_9HMLIEfpjvyfna8, version=null, domain=null}
10-27 19:04:56.815  3400  3400 E [SUI] AnytimeUIPanelAppBase: Social view model already destroyed
10-27 19:04:56.815  3400  3400 D [SUI] AnytimeUIPanelAppBase: Releasing viewModel StatusViewModel refCount: 1
10-27 19:04:56.815  3400  3400 I [SUI] AnytimeUIAndroidPanelApp: Destroyed AUI PanelApp, isInOverlay: true, instanceCount: 0
10-27 19:04:56.815  3400  3400 D [SUI] AirlinkUtils: Destroying AirlinkUtils...
10-27 19:04:56.816  3400  3400 D [SUI] AnytimeUIPanelAppBase: Releasing viewModel StatusViewModel refCount: 0
10-27 19:04:56.816  3400  3400 D [SUI] StatusViewModel: Destroying ViewModel
10-27 19:04:56.818  3400  3400 I PresenceAPK(ServicePresenceClient): ServicePresenceClient close
10-27 19:04:56.818  3400  3400 I PresenceAPK(GroupManager): removeListener with id AnchoredHomeGroup
10-27 19:04:56.818  3400  3400 I PresenceAPK(ServiceApiManager): onApiNotReady
10-27 19:04:56.818  3400  3400 D PresenceAPK(ServicePresenceClient): Calling onServiceDown
10-27 19:04:56.818  3400  3400 I PresenceAPK(GroupManager): disconnected
10-27 19:04:56.821  1388  9918 I CompositorVR: WarpToScreen: Skipping frames for 8
10-27 19:04:56.825  2174  2174 I OVRMediaService: Received OVERLAY_INPUT_FOCUS_CHANGE. is focused: false
10-27 19:04:56.826   852  3737 W TrackingService: attachClient: found client in attached list
10-27 19:04:56.828  4150  4227 E OsSdk   : error getting shared memory region, memory type: HeadTracker, failed with Status(-1, EX_SECURITY): 'requested shared memory region when not registered/focused'
10-27 19:04:56.832  1388  9918 I CompositorVR: WarpToScreen: Skipping frames for 8
10-27 19:04:56.835  2836  3042 I [SEO] OsDialogProvider: dialogHostClient.InitClient SUCCESS
10-27 19:04:56.835  2836  3042 I OpenXR_Hands: ------------ xrGetHandMeshFB -----------
10-27 19:04:56.835  2836  3042 I OpenXR_Hands: ------------ xrGetHandMeshFB -----------
10-27 19:04:56.835  2836  3042 D VrRuntimeClient: loadDriverResource - resourceName: 'hand_left' 
10-27 19:04:56.838  2836  3042 I OpenXR_Hands: ------------ xrGetHandMeshFB -----------
10-27 19:04:56.838  2836  3042 I OpenXR_Hands: ------------ xrGetHandMeshFB -----------
10-27 19:04:56.838  2836  3042 D VrRuntimeClient: loadDriverResource - resourceName: 'hand_right' 
10-27 19:04:56.841  1051  1636 I DisplayManagerService: Display device removed: DisplayDeviceInfo{"com.oculus.android_panel_app.AndroidPanelLayer-#main": uniqueId="virtual:com.oculus.systemux,10026,com.oculus.android_panel_app.AndroidPanelLayer-#main,1", 800 x 110, modeId 70, defaultModeId 70, supportedModes [{id=70, width=800, height=110, fps=60.0}], colorMode 0, supportedColorModes [0], HdrCapabilities null, density 200, 200.0 x 200.0 dpi, appVsyncOff 0, presDeadline 16666666, touch NONE, rotation 0, type VIRTUAL, state ON, owner com.oculus.systemux (uid 10026), FLAG_PRIVATE, FLAG_NEVER_BLANK, FLAG_OWN_CONTENT_ONLY}
10-27 19:04:56.843  1388  9918 I CompositorVR: WarpToScreen: Skipping frames for 8
10-27 19:04:56.844  2836  3042 I [SEO] LocalSpace: Reset - initialRawFromLocalPose: quat(0.009304, -0.902672, -0.429021, -0.032213), translation(0.375038, 0.157553, 0.432456)
10-27 19:04:56.844  2836  3042 I [SEO] LocalSpace: Applying VRAPI Reorient, the reorient reason is 3
10-27 19:04:56.844  1388  3041 I VrRuntimeService: RuntimeServiceSDKServer::RecenterLocalSpace
10-27 19:04:56.844  1388  3041 I VrRuntimeService: RuntimeServiceSDKServer::RecenterLocalSpaceInternal
10-27 19:04:56.844  1388  3041 I VrRuntimeServer: UpdateLocalSpace: Src: 2, Version: 29, VersionUser: 0, RawFloorHeightOld: -1.135420, RawFloorHeightNew: -1.135420
10-27 19:04:56.850  2092  2172 I Clay    : xrPollEvent: REFERENCE_SPACE_CHANGE_PENDING
10-27 19:04:56.854  1388  9918 I CompositorVR: WarpToScreen: Skipping frames for 8
10-27 19:04:56.854  2836  3042 I [SEO] SystemTaskBar: Create PanelApp
10-27 19:04:56.854  2836  3042 I [SEO] PanelAppLaunchInfo: PanelAppLaunchInfo componentString:com.oculus.systemux/com.oculus.panelapp.anytimeui.AnytimeUIAndroidPanelService packageName:com.oculus.systemux serviceName:com.oculus.panelapp.anytimeui.AnytimeUIAndroidPanelService componentName:com.oculus.systemux/com.oculus.panelapp.anytimeui.AnytimeUIAndroidPanelService
10-27 19:04:56.854  2836  3042 I [SEO] HostPlatform: Retrieving component launch information for package (com.oculus.systemux) and service (com.oculus.panelapp.anytimeui.AnytimeUIAndroidPanelService)
10-27 19:04:56.855  2830  2962 I GuardianSystem: UpdateSystem: Responding to local space version number change.
10-27 19:04:56.855  2830  2962 I GuardianSurfaceMgr: ForceShowSurfaceBounds: Soft fade out: currentTime 2804.08, ForceShowTime 2805.08, ForceShowFadeTime 2806.08
10-27 19:04:56.855  2830  2962 I GuardianSystem: ForceShowGuardian: false, 1.00
10-27 19:04:56.865  2836  3042 I [SEO] HostPlatform: Is valid panel service component for package (com.oculus.systemux) and service (com.oculus.panelapp.anytimeui.AnytimeUIAndroidPanelService) - true
10-27 19:04:56.865  2836  3042 I [SEO] ShellApp: CreatePanelApp( com.oculus.systemux/com.oculus.panelapp.anytimeui.AnytimeUIAndroidPanelService )
10-27 19:04:56.865  2836  3042 I [SEO] ShellApp: Environment:
10-27 19:04:56.865  1388  9918 I CompositorVR: WarpToScreen: Skipping frames for 8
10-27 19:04:56.865  2836  3042 I [SEO] PanelAppHost: PanelAppHost constructor, panel 7 (com.oculus.systemux/com.oculus.panelapp.anytimeui.AnytimeUIAndroidPanelService)
10-27 19:04:56.865  2836  3042 I [SEO] PanelAppHost: Panel app 7 (com.oculus.systemux/com.oculus.panelapp.anytimeui.AnytimeUIAndroidPanelService) changing state from startup to foreground
10-27 19:04:56.866  2830  2962 I StateMachine: StateMachine::Update ForceShow: forceShowForTime -> ForceShowOnForTime
10-27 19:04:56.866  1388  2802 I VrRuntimeService: CreateAndroidSurfaceSwapChain: 1970350996
10-27 19:04:56.866  1388  2802 I VrRuntimeService: CreateAndroidSurfaceSwapChain: 131072 1 32856 65536 65536 1 1 1 0 3
10-27 19:04:56.867  1388  2297 I SwapChain_Surface: CreateAndroidSurfaceSwapChainGLES: 0x77d874b000: SurfaceTexture 0x2492 Surface 0x247a
10-27 19:04:56.867  1388  2802 I VrRuntimeServer: CreateAndroidSurfaceSwapChain: result surface 0x77d874b000
10-27 19:04:56.868  1388  2802 I VrRuntimeService: CreateAndroidSurfaceSwapChain: 1970350996
10-27 19:04:56.868  1388  2802 I VrRuntimeService: CreateAndroidSurfaceSwapChain: 131072 1 32856 65536 65536 1 1 1 0 3
10-27 19:04:56.869  1051  1748 I DisplayManagerService: Display device removed: DisplayDeviceInfo{"com.oculus.android_panel_app.AndroidPanelLayer-hand1": uniqueId="virtual:com.oculus.systemux,10026,com.oculus.android_panel_app.AndroidPanelLayer-hand1,0", 250 x 190, modeId 72, defaultModeId 72, supportedModes [{id=72, width=250, height=190, fps=60.0}], colorMode 0, supportedColorModes [0], HdrCapabilities null, density 200, 200.0 x 200.0 dpi, appVsyncOff 0, presDeadline 16666666, touch NONE, rotation 0, type VIRTUAL, state ON, owner com.oculus.systemux (uid 10026), FLAG_PRIVATE, FLAG_NEVER_BLANK, FLAG_OWN_CONTENT_ONLY}
10-27 19:04:56.869  1388  2297 I SwapChain_Surface: CreateAndroidSurfaceSwapChainGLES: 0x77d877e000: SurfaceTexture 0x27a6 Surface 0x27b6
10-27 19:04:56.869  1388  2802 I VrRuntimeServer: CreateAndroidSurfaceSwapChain: result surface 0x77d877e000
10-27 19:04:56.871  2836  3042 I [SEO] PanelAppHost: Passing env var _oc_analytics_session_id = 560af292-9c74-4103-accb-9509537271ca
10-27 19:04:56.871  2836  3042 I [SEO] PanelAppHost: Passing env var _oc_userid = 106765628877334
10-27 19:04:56.871  2836  3042 I [SEO] PanelAppHost: Passing env var _oc_shell_version_name = 46.0.0.226.0
10-27 19:04:56.871  2836  3042 I [SEO] PanelAppHost: Passing env var _oc_shell_version_code = 406523266
10-27 19:04:56.871  2836  3042 I [SEO] PanelAppHost: Passing env var _oc_shell_automation_enabled = false
10-27 19:04:56.871  2836  3042 I [SEO] PanelAppHost: Passing env var _oc_shell_view_id_debugging_enabled = false
10-27 19:04:56.871  2836  3042 I [SEO] PanelAppHost: Passing env var _oc_shell_pixel_density = 20
10-27 19:04:56.871  2836  3042 I [SEO] PanelAppHost: Passing env var _oc_shell_render_scale = 1.250000
10-27 19:04:56.871  2836  3042 I [SEO] PanelAppHost: Passing env var _oc_shell_ux_policy = {"panelBackgroundLayerOriginDepths":{"far":0.2,"mid":0.1,"near":0.015}}
10-27 19:04:56.871  2836  3042 I [SEO] PanelAppHost: Passing env var _oc_shell_panel_session_id = 560af292-9c74-4103-accb-9509537271ca-7
10-27 19:04:56.871  2836  3042 I [SEO] PanelAppHost: Passing env var _oc_shell_back_navigation_enabled = false
10-27 19:04:56.871  2836  3042 I [SEO] PanelAppHost: Passing env var _oc_shell_feature_sets = appmenu-v1,appmenu-v2,cooperativeState-v2,destinationUi-v2,dragDrop-v1,layerClipping-v1,layerClipping-v2,layerOptions-v1,layerTranslate-v1,multiapp-v1,multiapp-v2,multiapp-v3,multitasking-v1,recoverInstances-v1,shellPanelAdaptability-v1,systemActionBackgroundPanels-v1,systemThemeSetting-v1,system-reauth-v1,system-ux-file-picker-v1,vrNotificationsBootLoad-v1,controlBar-v1,theaterScreen,copresence-v1,copresenceVersion-v1,vrLibraryAppLock-v1
10-27 19:04:56.871  2836  3042 I [SEO] PanelAppHost: Passing env var _oc_launch_timestamp = 2804085
10-27 19:04:56.871  2836  3042 I [SEO] PanelAppHost: Passing env var _oc_shell_host = vrshell
10-27 19:04:56.871  2836  3042 I [SEO] PanelAppHost: Passing env var _oc_shell_panel_id = 7
10-27 19:04:56.871  2836  3042 I [SEO] PanelAppHost: Calling sendPanelLaunchIntent for panel app 7 (com.oculus.systemux/com.oculus.panelapp.anytimeui.AnytimeUIAndroidPanelService)
10-27 19:04:56.871  2836  3042 D [SEO] ShellApplication: sendApkPanelLaunchIntent: packageName=com.oculus.systemux, serviceClassName=com.oculus.panelapp.anytimeui.AnytimeUIAndroidPanelService
10-27 19:04:56.872  2836  3042 D [SEO] PanelServiceConnection: getSystemProcessUidForCurrentUser: 'android' systemUid = 1000
10-27 19:04:56.872  2836  3042 D [SEO] ShellApplication: bindService Intent { cmp=com.oculus.systemux/com.oculus.panelapp.anytimeui.AnytimeUIAndroidPanelService }
10-27 19:04:56.872  4150  4227 E OsSdk   : error getting shared memory region, memory type: HeadTracker, failed with Status(-1, EX_SECURITY): 'requested shared memory region when not registered/focused'
10-27 19:04:56.876  1388  9918 I CompositorVR: WarpToScreen: Skipping frames for 8
10-27 19:04:56.880  1051  1636 I DisplayManagerService: Display device removed: DisplayDeviceInfo{"com.oculus.android_panel_app.AndroidPanelLayer-hand2": uniqueId="virtual:com.oculus.systemux,10026,com.oculus.android_panel_app.AndroidPanelLayer-hand2,0", 250 x 190, modeId 74, defaultModeId 74, supportedModes [{id=74, width=250, height=190, fps=60.0}], colorMode 0, supportedColorModes [0], HdrCapabilities null, density 200, 200.0 x 200.0 dpi, appVsyncOff 0, presDeadline 16666666, touch NONE, rotation 0, type VIRTUAL, state ON, owner com.oculus.systemux (uid 10026), FLAG_PRIVATE, FLAG_NEVER_BLANK, FLAG_OWN_CONTENT_ONLY}
10-27 19:04:56.880  3400  3400 D [SUI] NotificationBroadcastReceiver: action: com.oculus.intent.action.NOTIF_CHANGE
10-27 19:04:56.880  3400  3400 D [SUI] NotificationBroadcastReceiver: action: com.oculus.intent.action.NOTIF_CHANGE
10-27 19:04:56.881  2836  3042 D [SEO] ShellApplication: notify OS to set com.oculus.systemux/com.oculus.panelapp.anytimeui.AnytimeUIAndroidPanelService to FOREGROUND
10-27 19:04:56.885  3400  3400 D CppPanelService: PanelService()
10-27 19:04:56.886  3400  3400 D CppPanelService: onBind()
10-27 19:04:56.887  1388  9918 I CompositorVR: WarpToScreen: Skipping frames for 8
10-27 19:04:56.897  2836  2836 D [SEO] PanelServiceConnection: onSeviceConnected - component name (ComponentInfo{com.oculus.systemux/com.oculus.panelapp.anytimeui.AnytimeUIAndroidPanelService}), panel app id (7)
10-27 19:04:56.897  2836  2836 D [SEO] ShellApplication: notify OS to set com.oculus.systemux/com.oculus.panelapp.anytimeui.AnytimeUIAndroidPanelService to FOREGROUND
10-27 19:04:56.898  2836  3042 I [SEO] DesktopFocusManager: Focused panel changed from 3 to 0
10-27 19:04:56.899  1388  9918 I CompositorVR: WarpToScreen: Skipping frames for 8
10-27 19:04:56.899  2836  3042 I ClientInputTrackedKeyboardManager: TRACKEDKEYBOARD created PTKServiceClient
10-27 19:04:56.899  2836  3042 I PTKService: PTKServiceClient Init
10-27 19:04:56.899  2836  3042 I ipcLoader_static: RuntimeIPC: Loader: IPC Service API Loader Version: 31 Sep  6 2022 02:18:27
10-27 19:04:56.899  2836  3042 I RuntimeIPCApi: ipc_Initialize
10-27 19:04:56.899  2836  3042 I RuntimeIPCServiceClient: Init: Already initialized: com.oculus.vrshell, 18
10-27 19:04:56.901   852  9921 I chatty  : uid=1000(system) CtrllrCam expire 1 line
10-27 19:04:56.902  2836  2836 I [SEO] PanelServiceConnection: verifyFirstPartyUID(Debug Signatures=false, uid=10026) => apkSignatureResult=SigCertInfo(isTrusted=true, packageNames=[com.oculus.systemux], fingerprint sha1=98a1809f3c3e79170e5df8135b500ecfa39df1be, fingerprint sha256=012f8165c191efe8fb0d6d4606aa4abac14d77d1d97d5340860c9f81045aa157, signature=308205cf308203b7a0030201020204097e91c1300d06092a864886f70d01010b0500308197310b3009060355040613025553311330110603550408130a43616c69666f726e6961311330110603550407130a4d656e6c6f205061726b31233021060355040a131a46616365626f6f6b20546563686e6f6c6f676965732c204c4c4331233021060355040b131a46616365626f6f6b20546563686e6f6c6f676965732c204c4c43311430120603550403130b4f63756c75732041707073301e170d3139303730343131333935315a170d3436313131393131333935315a308197310b3009060355040613025553311330110603550408130a43616c69666f726e6961311330110603550407130a4d656e6c6f205061726b31233021060355040a131a46616365626f6f6b20546563686e6f6c6f676965732c204c4c4331233021060355040b131a46616365626f6f6b20546563686e6f6c6f676965732c204c4c43311430120603550403130b4f63756c7573204170707330820222300d06092a864886f70d01010105000382020f003082020a0282020100b815642a5c201c8da044905dafbb06c05fddb75449cc75a716a0434da0493a52a4d60643532c237e76cb41d2c32a5e4474f12b37f632a809b5a5ceb8c6289ecf828e736b4ec452b1c2757bd0b5ed13eff5a7a47ab2ef6cdf60a8d749e9e8603f30d12b5db8f734c57578a2a4ce5ff5737c1f02c629d2dcb4f82726674663a699de94463ff370fa9eb48158831bf0b68bd6ec84293182d52e860bdd81bb9ce9cdd6a77fea0df25004da34d3cce7a31069646aa4628fba9ccb0952163793be9a4edf49a53f83179c2f44d8c87d6c129e8d590af0f3fced26201ee43b31fccd93b497cd198c5cd1f98d64c4f7ad79ca47278c02652d5dc072a99807e22f473f7bae4da2bafcae48cd49ad55a764b8d39f329f6175eac9074307deff48b1c4a6e19b748766617768c31a17feae8478eb7f9ebfb61af2b9f5a692b636342d7ebc53d7146626b51801b5a0a102e281475decdefb8683d0ca2843dc7aaeb6759bcab0dcba38db44f5d7f797a1c9c02dd159c0e3c72b14dc882d31c24ad8abee4ce0f7f0205e05efef551e2551a61e96636ed5dfd7435d3d24f5a130a12f10452cc954aa770d5d95e3e0cb9d7b05c5506a7947f8ff3437b3d82274fdaa156d85bfb7fbcb4fa5557080fedab86520b71d3d533e7bb3e7e3ebe9712b68e755d700b0afbf7595ffa80a6b3d90bfe599769138ee6515df415e32c0abed2b8e4aea1f47351f490203010001a321301f301d0603551d0e04160414a3c939e6b71c43bc9193f773c0351be1aff311f9300d06092a864886f70d01010b050003820201004e4c865231f2a3583c6af9488ecf9aa96b1ee84e2d7bfad00581537dc70c54ecfcf360e563d018efa4cdd77bf6fc4c9f1a20ebd4215cf1538686d4089bdcc8adb6ae4497ead14b0c18efd52ce93357019973e94e16b3326c60885b1bdc5f9cad1098f16732935876d8d19bda3ceeaaa69a83c4e2231710c6735f88abdfffe3dfa2be3f18f894923441b4e4a9c9664ed6294c16d7c073547063bfdbbefad184a001f1dce2feffdc96d10eb16a3bfbcd382cd297ca3b4edb7ebacd1a9931a1368a5157ceaebbca5b39bd5db5461a340db8ec076d38a94bcdd042bfb51388158ba97a49b631c1762fa746c7bb36eaf15cae23fa993cfb052e824f2ae173ea27b50a6cca91eb955f4faf131514757e5a3ecae9df6d23771279b7742f28fb9ce394eb9e03926f550716f1312355a5efdc479d8347b516cff55cb14307c81280142cacf2fd6562a2baacbfc97869272b1c51abf79121de8bab227e001313d4115eb9b33a332ebb34e290f14b5352ef1038f7a5f3740c9d1136b3526de4331deb4fa529c36a17c04c3e64d4f6ebda73d6e6e18281e3948fd11e685eab6611be1bc62839bce5962715e7f6537e6c083bcd3538d17407b26c850cd6b3f5e2149fdef027a6cfb7ed0f93c928aca14927b10c6a3f104ba1b10413af8b1868b84a004e5ddd065fff26a7bb3c818bb5a2d69aedf9441ef9033efae3ef52282a96f66d4b4ff3f2)
10-27 19:04:56.906  2092  2172 I Clay    : EnvironmentSystem: setCurrentEnvironment from '' to 'apk://com.environment.matrixloadingvoid/assets/scene.zip'. Computed visibility: Visible (reason: <none>)
10-27 19:04:56.906  2330  2330 I [OAO] ShellOverlayService: onStartCommand(): Intent { cmp=com.oculus.vrshell/.ShellOverlayService }
10-27 19:04:56.906  3400  3564 I CppPanelService: verifyVrShellUID(Debug Signatures=false, uid=10020) => apkSignatureResult=SigCertInfo(isTrusted=true, packageNames=[com.oculus.vrshell], fingerprint sha1=331660b6dd3bd582f3dfd3cbae4546724668a021, fingerprint sha256=dc2f834e3c1942378b14f076c82cd1ab59ea6566bff4730b2047e98efc9f9daf, signature=3082038d30820275a00302010202041303858a300d06092a864886f70d01010b05003077310b3009060355040613025553310b3009060355040813024341311330110603550407130a4d656e6c6f205061726b31173015060355040a130e4f63756c75732056522c204c4c4331173015060355040b130e4f63756c75732056522c204c4c43311430120603550403130b4f63756c75732041707073301e170d3134313033303231343032315a170d3432303331373231343032315a3077310b3009060355040613025553310b3009060355040813024341311330110603550407130a4d656e6c6f205061726b31173015060355040a130e4f63756c75732056522c204c4c4331173015060355040b130e4f63756c75732056522c204c4c43311430120603550403130b4f63756c7573204170707330820122300d06092a864886f70d01010105000382010f003082010a0282010100a34c7fbd96dea95d811f21a0d760cabca85f2df5dbe19b62aca7a3e3e0b6e48f7e173345f2753c458d639cc2e222eeee4cfb5e89ac1c5060044414056709a43a7f1a6f1e4f2c3d708c48912634be08ad6da1fff92d9c0d4b85e4bc8a8b1c27de84c04eb1e6577c10693500af46beaf7bd2ce72a06a46f4e565859f242cecbef1a431ae8096db712cebe73840bacc64de6b99077ba1ca8c20e5d0b4870bd161f087abbf568dfef58e604068ca6f7cdea183c8681c306bc30cb223e7c5ce3a2fcf00d13e158475b3700ef62dcca46c57baecca4d91052e20b861a1a085d5fc8e99aed8c4a9cfd550d01e54ef5062133befcf7f9ea6a5a1d1575a72cd82279f34030203010001a321301f301d0603551d0e04160414ec7ccdaf8ccdc6dd1b87d4b561582ad8ec397b80300d06092a864886f70d01010b0500038201010014c557ecddc17ba8b979618036e7093b8e7307f624644532c31239f4dc83fd9424267ca7670fa9f78689cbc5bfd8a6312fdc214bd159d614a8753ceec0f2b2d9166217895b13c992e1d10ca625a3153dacfa51dbdb7fde139bd59510f5add29f88be3826b445ce7386dcf06577be72fbdf118fa81179091fad275981409e02d40422d8e86df5827a2c496a4b905b4825c3f1ba0af4cf509bf9b0d4d608cf0b4320ac60d1a8cbcc384de24f11a4c93c0fc5b887cbd6855871af1b1ef729c51a8a123efc6a627b6494e81a264587443b9156ad17772863c2f9685fae9c72a552b333f8ef2822bce5d4d178e45b3a8dd4e321924f6a5ba43f732971a9e74cbf0433), time=3 ms
10-27 19:04:56.907  2836  3042 I [SEO] InputManager: Adding controller deviceId = 2
10-27 19:04:56.908  2836  3042 I [SEO] ModelCache: Load controller model
10-27 19:04:56.908  2836  3042 I [SEO] InputManager: Adding controller deviceId = 1
10-27 19:04:56.909  2836  3042 I [SEO] ModelCache: Load controller model
10-27 19:04:56.909  2836  3042 I [SEO] InputManager: Switching primary device (id -1 to 2).
10-27 19:04:56.909  2836  3042 I [SEO] InputManager: Switching secondary device (id to 1).
10-27 19:04:56.910  2830  3098 I VrGuardianService: GuardianSDKServer::SetGuardianHitDialog2 0
10-27 19:04:56.910  3400  3400 D CppPanelService: BEGIN: Initializing panel application via MSG_CREATE_PANEL_APP.
10-27 19:04:56.910  1388  9918 I CompositorVR: WarpToScreen: Skipping frames for 8
10-27 19:04:56.910  1840  1860 I RuntimeIPCServerMgr: GetServerStatesConfig -> {MaxBufferSize=32768, MaxEntries=64}
10-27 19:04:56.910  2836  3042 I RuntimeIPCClient: GetServerStatesConfig returned maxEntries=64, maxBuffSize=32768
10-27 19:04:56.910  2836  3042 I RuntimeIPCClient: InitServerStateBuffer: SUCCESS. 1, Client: com.oculus.vrshell:com.oculus.vrshell:2836, Server: com.oculus.os.dialoghost:com.oculus.os.dialoghost (DialogHostService)
10-27 19:04:56.910  2836  3042 I [SEO] PanelAppOSLifecycleNotificationManager: Sending frameState isForeground:0 to OS for app com.oculus.explore/com.oculus.explore.PanelService
10-27 19:04:56.911  2836  3042 D [SEO] ShellApplication: notify OS to set com.oculus.explore/com.oculus.explore.PanelService to BACKGROUND
10-27 19:04:56.911  1051  1729 W ActivityManager: setIsForegroundPanelService: ComponentInfo{com.oculus.explore/com.oculus.explore.PanelService} not found
10-27 19:04:56.911  1051  1729 W ActivityManager: setIsForegroundPanelService: ComponentInfo{com.oculus.explore/com.oculus.explore.PanelService} not found, or its process hasn't started. Foreground status will be ignored.
10-27 19:04:56.911  2836  3042 I [SEO] PanelAppOSLifecycleNotificationManager: Sending frameState isForeground:0 to OS for app com.oculus.systemux/com.oculus.panelapp.controlbar.ControlBarPanelService
10-27 19:04:56.911  3400  3400 I AndroidPanelApp: Created
10-27 19:04:56.911  3400  3400 V LifecycleAwareViewModelStore: LifecycleAwareViewModelStore created
10-27 19:04:56.911  3400  3400 V LifecycleAwarePanelApp: PanelApp initial lifecycle started and moved from state INITIALIZED to state RESUMED
10-27 19:04:56.913  3400  3400 I [SUI] ConsumerConfiguration: Setting SystemUX Configuration and Policy Settings.
10-27 19:04:56.914  3400  3400 D [SUI] AnytimeUIBroadcastReceiver: requestCaptureState being sent
10-27 19:04:56.914  3400 10537 D QuickPromotionController: Initialized and enabled.
10-27 19:04:56.914  3400 10537 D QuickPromotionController: Fetching Quick Promotions for all surfaces.
10-27 19:04:56.914  3400 10537 D QuickPromotionController: Initialized and enabled.
10-27 19:04:56.914  3400 10537 D QuickPromotionController: Set access token.
10-27 19:04:56.915  3400  3400 D [SUI] StatusViewModel: Constructing ViewModel
10-27 19:04:56.916  3400 10537 D QuickPromotionController: Fetched Quick Promotions for all surfaces.
10-27 19:04:56.916  3400  3400 I android_os_HwBinder: HwBinder: Starting thread pool for getting: vendor.oculus.hardware.battery@1.0::IBattery/default
10-27 19:04:56.917  2174  2174 I OVRMediaService: onStartCommand Received message type: com.oculus.horizon.GET_CAPTURE_STATE_ACTION, caller package: no_app_identity, app identify: null
10-27 19:04:56.917  2092  2172 I Clay    : EnvironmentSystem: Loading 'apk://com.environment.matrixloadingvoid/assets/scene.zip' as asset package
10-27 19:04:56.918  2836  3042 I [SEO] ShellEnvHomeController: copresence: received setCollisionShapes
10-27 19:04:56.918  2836 10542 I FenceChecker: FenceChecker::MainLoop - started
10-27 19:04:56.919  2092  2190 I Clay    : Avatar2ResourceSystem: Loaded compute animation. prim S0_L2_M1_V0_optimized_geom,0 11 vtx buff: 12 vtx size: 98504 mt size: 0
10-27 19:04:56.919  2092  2190 I Clay    : Avatar2ResourceSystem: Loaded mesh. prim S0_L2_M1_V0_optimized_geom,0 11 vtx buff: 12
10-27 19:04:56.920  3400  3400 D [SUI] StatusViewModel: Initializing wifi status BroadcastReceiver
10-27 19:04:56.920  4150  4227 E OsSdk   : error getting shared memory region, memory type: HeadTracker, failed with Status(-1, EX_SECURITY): 'requested shared memory region when not registered/focused'
10-27 19:04:56.920  3400  3400 D [SUI] StatusViewModel: Initialized wifi status BroadcastReceiver
10-27 19:04:56.920  2836  3042 I OpenXR  : PostSessionStateChange: XR_SESSION_STATE_READY -> XR_SESSION_STATE_SYNCHRONIZED
10-27 19:04:56.920  2836  3042 I [SEO] VrPlatformOpenXr: xrPollEvent: received XR_TYPE_EVENT_DATA_REFERENCE_SPACE_CHANGE_PENDING event
10-27 19:04:56.920  2836  3042 I OpenXR  : PostSessionStateChange: XR_SESSION_STATE_SYNCHRONIZED -> XR_SESSION_STATE_VISIBLE
10-27 19:04:56.920  2836  3042 I OpenXR  : PostSessionStateChange: XR_SESSION_STATE_VISIBLE -> XR_SESSION_STATE_FOCUSED
10-27 19:04:56.921  2836  3042 I [SEO] VrPlatformOpenXr: xrPollEvent: received XR_TYPE_EVENT_DATA_DISPLAY_REFRESH_RATE_CHANGED_FB event: fromRate 72.000000 -> toRate 90.000000
10-27 19:04:56.921  2836  3042 I [SEO] VrPlatformOpenXr: xrPollEvent: received XR_TYPE_EVENT_DATA_SESSION_STATE_CHANGED: 3 for session 0x3 at time 2804.140841
10-27 19:04:56.921  2836  3042 I [SEO] VrPlatformOpenXr: Session state changed XR_SESSION_STATE_SYNCHRONIZED
10-27 19:04:56.921  2836  3042 I [SEO] VrPlatformOpenXr: xrPollEvent: received XR_TYPE_EVENT_DATA_SESSION_STATE_CHANGED: 4 for session 0x3 at time 2804.140876
10-27 19:04:56.921  2836  3042 I [SEO] VrPlatformOpenXr: Session state changed XR_SESSION_STATE_VISIBLE
10-27 19:04:56.921  2836  3042 I [SEO] VrPlatformOpenXr: xrPollEvent: received XR_TYPE_EVENT_DATA_SESSION_STATE_CHANGED: 5 for session 0x3 at time 2804.140884
10-27 19:04:56.921  2836  3042 I [SEO] VrPlatformOpenXr: Session state changed XR_SESSION_STATE_FOCUSED
10-27 19:04:56.921  1388  9918 I CompositorVR: WarpToScreen: Skipping frames for 8
10-27 19:04:56.922  2092  2190 I Clay    : Avatar2ResourceSystem: Loaded compute animation. prim S0_L2_M1_V1_optimized_geom,0 15 vtx buff: 12 vtx size: 164472 mt size: 1207572
10-27 19:04:56.922  2092  2190 I Clay    : Avatar2ResourceSystem: Loaded mesh. prim S0_L2_M1_V1_optimized_geom,0 15 vtx buff: 12
10-27 19:04:56.928  2836  3042 I [SEO] ShellEnvHomeController: copresence: processing currentCollisionShapes
10-27 19:04:56.928  2836  3042 I [SEO] ShellEnvHomeController: Theaterscreen transform node set for the env size x: 4.660000, y: 2.621250
10-27 19:04:56.928  2836  3042 I [SEO] LocalSpace: New Space: quat(-0.183276, 0.003573, 0.019162, 0.982868), translation(0.000000, 1.381397, 0.000000) - Prior Space: quat(-0.183276, 0.003573, 0.019162, 0.982868), translation(0.000000, 1.381397, 0.000000)
10-27 19:04:56.928  2836  3042 I [SEO] LocalSpace: Local space version from 7 to 8, local space user version from 0 to 0.
10-27 19:04:56.929  2836  3042 I [SEO] SystemUXController: OnReorient(reason: 3)
10-27 19:04:56.931  3400  3400 D [SUI] AnytimeUIPanelAppBase: Acquiring viewModel StatusViewModel refCount: 1
10-27 19:04:56.931  3400  3400 D [SUI] AirlinkUtils: Initializing AirlinkUtils...
10-27 19:04:56.932  3400  3400 D [SUI] AirlinkUtils: Initializing wifi status BroadcastReceiver
10-27 19:04:56.932  1388  9918 I CompositorVR: WarpToScreen: Skipping frames for 8
10-27 19:04:56.934  2330 10477 I [OAO] AudioMixer: Notifying VrThread to shutdown.
10-27 19:04:56.934  2836  3042 I [SEO] TelemetryProvider: aui_reorient system 0 0 0 com.oculus.shellenv
10-27 19:04:56.935  2330  2754 I [OAO] AudioMixer: Successful shutdown.
10-27 19:04:56.935  2330  2754 I [OAO] AudioEngine: virtual void AudioLibrary::AudioEngine::DisablePlayer()
10-27 19:04:56.935  2330  2754 I [OAO] AudioEngine: Setting ShuttingDown.
10-27 19:04:56.936  2092  2172 I Clay    : Local user with id 106765628877334 does have a custom avatar
10-27 19:04:56.936  3400  3400 D OsSdk   : XrspBroker: setALEnabled 0
10-27 19:04:56.936  3400  3400 I [SUI] XrspBrokerHelper: Set AirLink Enabled Secured: 0
10-27 19:04:56.936   929  3748 D xrspd   : setALEnabled 0
10-27 19:04:56.936   929  3748 D xrspd   : setAlinkEnabledCallback disabled, already using usb, ignoring
10-27 19:04:56.936  3400  3400 I [SUI] AnytimeUIAndroidPanelApp: Creating AUI PanelApp, isInOverlay: false, instanceCount: 1
10-27 19:04:56.943  1388  9918 I CompositorVR: WarpToScreen: Skipping frames for 8
10-27 19:04:56.944  3400  3400 D [SUI] ActivityManagerUtilsHelper: Enabling the activity listener capability with initial foreground package com.oculus.shellenv
10-27 19:04:56.947  3400  3400 D [SUI] AnytimeUIBroadcastReceiver: requestCaptureState being sent
10-27 19:04:56.948  3400  3400 D [SUI] SocialViewModel: Constructing ViewModel
10-27 19:04:56.948  3400  3400 D [SUI] AnytimeUIPanelAppBase: Acquiring viewModel SocialViewModel refCount: 1
10-27 19:04:56.950  3400  3400 D [SUI] DynamicAppsViewModel: Initializing pinned apps
10-27 19:04:56.950  2174  2174 I FileCapture: broadcast capture state to AUI running = false, with mode -1
10-27 19:04:56.950  3400  3400 D [SUI] AppStateUtil: Notifying observers com.oculus.explore is pinned=true
10-27 19:04:56.950  3400  3400 D [SUI] AppStateUtil: Notifying observers com.oculus.store is pinned=true
10-27 19:04:56.951  3400  3400 D [SUI] AppStateUtil: Notifying observers messenger_system_app is pinned=true
10-27 19:04:56.951  3400  3400 D [SUI] AppStateUtil: Notifying observers share_system_app is pinned=true
10-27 19:04:56.951  3400  3400 D [SUI] AnytimeUIPanelAppBase: Acquiring viewModel DynamicAppsViewModel refCount: 1
10-27 19:04:56.951  3400  3400 D [SUI] SharingViewModel: Constructing ViewModel
10-27 19:04:56.953  2836  2836 D [SEO] ShellControlBroadcastReceiver: onReceive with MainActivity native pointer 3773583536, action com.oculus.systemactivities.CAPTURE_STATE_UPDATE
10-27 19:04:56.953  2836  2836 D [SEO] ShellControlBroadcastReceiver: isLaunchAction = false, isTrustedAppLaunch = false
10-27 19:04:56.953  2836  2836 D [SEO] ShellControlBroadcastReceiver: IsCaptureStateUpdateAction
10-27 19:04:56.954  2330 10477 I [OAO] AudioMixer: Notifying VrThread to shutdown.
10-27 19:04:56.954  2330 10477 I [OAO] AudioEngine: Fading final buffer
10-27 19:04:56.954  1388  9918 I CompositorVR: WarpToScreen: Skipping frames for 8
10-27 19:04:56.955  1594 10534 W ContextImpl: Calling a method in the system process without a qualified user: android.app.ContextImpl.sendBroadcast:1057 android.content.ContextWrapper.sendBroadcast:448 X.o0.A00:133 X.nZ.A00:17 X.nZ.handleMessage:91 
10-27 19:04:56.956  3400  3400 D [SUI] SharingViewModel: clearAbuseReportRecordingTimer
10-27 19:04:56.956  3400  3400 D [SUI] AnytimeUIPanelAppBase: Acquiring viewModel SharingViewModel refCount: 1
10-27 19:04:56.956  3400  3400 I AndroidPanelApp: HideLayer(#main, shape: 1, shouldMinimizeLayer: false)
10-27 19:04:56.958  1051  1637 I DisplayManagerService: Display device added: DisplayDeviceInfo{"com.oculus.android_panel_app.AndroidPanelLayer-#main": uniqueId="virtual:com.oculus.systemux,10026,com.oculus.android_panel_app.AndroidPanelLayer-#main,0", 800 x 1250, modeId 77, defaultModeId 77, supportedModes [{id=77, width=800, height=1250, fps=60.0}], colorMode 0, supportedColorModes [0], HdrCapabilities null, density 200, 200.0 x 200.0 dpi, appVsyncOff 0, presDeadline 16666666, touch NONE, rotation 0, type VIRTUAL, state OFF, owner com.oculus.systemux (uid 10026), FLAG_PRIVATE, FLAG_NEVER_BLANK, FLAG_OWN_CONTENT_ONLY}
10-27 19:04:56.960  2330  2330 D DeviceHelper: isScreenOn = true
10-27 19:04:56.960  2330  2330 D [OAO] ShellOverlayBroadcastReceiver: onReceive with ShellOverlayService native pointer 3773847424, action com.oculus.systemactivities.CAPTURE_STATE_UPDATE
10-27 19:04:56.964  4150  4227 E OsSdk   : error getting shared memory region, memory type: HeadTracker, failed with Status(-1, EX_SECURITY): 'requested shared memory region when not registered/focused'
10-27 19:04:56.966  1388  9918 I CompositorVR: WarpToScreen: Skipping frames for 8
10-27 19:04:56.967  4150  4227 E OsSdk   : error getting shared memory region, memory type: AnchorTracker, failed with Status(-1, EX_SECURITY): 'requested shared memory region when not registered/focused'
10-27 19:04:56.971  3400  3400 D [SUI] BarViewModel: Constructing BarViewModel
10-27 19:04:56.971  3400  3400 D [SUI] AnytimeUIPanelAppBase: Acquiring viewModel BarViewModel refCount: 1
10-27 19:04:56.971  3400  3400 D [SUI] SettingsViewModel: Constructing ViewModel
10-27 19:04:56.973  3400  3400 D [SUI] AnytimeUIPanelAppBase: Acquiring viewModel StatusViewModel refCount: 2
10-27 19:04:56.974  2330 10477 I [OAO] AudioEngine: Notifying VrThread to shutdown.
10-27 19:04:56.974  2330 10477 D         : PlayerBase::stop() from IPlayer
10-27 19:04:56.974  2330 10477 D AudioTrack: stop(69): called with 129600 frames delivered
10-27 19:04:56.976  2330  2754 I [OAO] AudioEngine: Stopping player
10-27 19:04:56.977  1388  9918 I CompositorVR: WarpToScreen: Skipping frames for 8
10-27 19:04:56.977  2330  2754 D         : PlayerBase::stop() from IPlayer
10-27 19:04:56.979  1448  1448 V AvrcpMediaPlayerList: onPlaybackConfigChanged(): Configs list size=10
10-27 19:04:56.985  2330  2754 D [OAO] ShellApplication: setOverlayInputFocus: inputFocus=false shouldSupportIME=false
10-27 19:04:56.985  1051  1075 W InputReader: Device has associated, but no associated display id.
10-27 19:04:56.985  2330  2754 D [OAO] BaseOverlayService: setOverlayInputFocus : entrypoint - inputFocus=false shouldSupportIME=false
10-27 19:04:56.985  2330  2754 I [OAO] SystemAssistant: OnModeChanged from FullShell to ImmersiveAppFocused
10-27 19:04:56.985  2330  2330 D [OAO] BaseOverlayService: detachServiceWindowView
10-27 19:04:56.985  2330  2330 D [OAO] BaseOverlayService: setOverlayInputFocus : completed - inputFocus=false shouldSupportIME=false actionTaken:false
10-27 19:04:56.986  1448  1448 V AvrcpMediaPlayerList: onPlaybackConfigChanged(): Configs list size=9
10-27 19:04:56.988  1388  9918 I CompositorVR: WarpToScreen: Skipping frames for 8
10-27 19:04:56.991  1051  1077 W InputReader: Device has associated, but no associated display id.
10-27 19:04:56.991  1051  1077 I ActivityTaskManager: Override config changes=20005df8 {0.0 ?mcc?mnc ?localeList ?layoutDir sw640dp w640dp h1000dp 200dpi lrg port ?uimode ?night -touch qwerty/v/v -nav/h winConfig={ mBounds=Rect(0, 0 - 800, 1250) mAppBounds=Rect(0, 0 - 800, 1250) mWindowingMode=fullscreen mDisplayWindowingMode=fullscreen mActivityType=undefined mAlwaysOnTop=undefined mRotation=ROTATION_0}} for displayId=16
10-27 19:04:56.994  2330  2754 I [OAO] ShellOverlayApp: Start sleep timeout. Now:2804.214354, Timeout:2806.214354
10-27 19:04:56.997  3400  3400 D [SUI] AnytimeUIPanelAppBase: Acquiring viewModel SettingsViewModel refCount: 1
10-27 19:04:56.997  3400  3400 D [SUI] AnytimeUIPanelAppBase: Acquiring viewModel StatusViewModel refCount: 3
10-27 19:04:56.997  3400  3400 D [SUI] ActiveCallBarViewModel: Constructing ActiveCallBarViewModel
10-27 19:04:56.997  3400  3400 I [SUI] PartiesCallBarViewModel: new ServicePresenceClient
10-27 19:04:56.998  3400  3400 I PresenceAPK(ServiceApiManager): Trying to bind to presence service API.
10-27 19:04:56.999  1388  9918 I CompositorVR: WarpToScreen: Skipping frames for 8
10-27 19:04:57.001  1051  1748 W ActivityManager: Unable to start service Intent { act=com.oculus.presence.StablePresenceService cmp=com.oculus.presence/.services.presence.PresenceService } U=0: not found
10-27 19:04:57.001  3400  3400 E PresenceAPK(ServiceApiManager): Enabling backward compatible mode for service directory
10-27 19:04:57.002  3400  3400 D PresenceAPK(PresenceClient): setEventListener id=SystemCallGroup
10-27 19:04:57.002  3400  3400 I PresenceAPK(GroupManager): addListener for id SystemCallGroup
10-27 19:04:57.002  3400  3400 D [SUI] MessengerCallBarViewModel: constructing MessengerCallBarViewModel
10-27 19:04:57.002  3400  3400 D [SUI] MessengerCallViewModel: constructing MessengerCallViewModel, instance count:3
10-27 19:04:57.010  1388  9918 I CompositorVR: WarpToScreen: Skipping frames for 8
10-27 19:04:57.010  3400  3400 D HyperspaceClient: acquire instance, refcount: 1
10-27 19:04:57.010  3400  3400 D [SUI] MessengerCallViewModel: hyperspace client created
10-27 19:04:57.010  3400  3400 D [SUI] AnytimeUIPanelAppBase: Acquiring viewModel MessengerCallViewModel refCount: 1
10-27 19:04:57.010  3400  3400 D [SUI] MessengerCallViewModel: registerObserver
10-27 19:04:57.010  3400  3400 D [SUI] AnytimeUIPanelAppBase: Acquiring viewModel ActiveCallBarViewModel refCount: 1
10-27 19:04:57.011  3400 10549 D HyperspaceClientJni: initInternal - start
10-27 19:04:57.011  3400 10549 D HyperspaceClientJni: startHyperspacePresenceServiceClient
10-27 19:04:57.011  3400 10549 D HyperspaceClientJni: initHyperspacePresenceServiceClient begin
10-27 19:04:57.011  3400 10549 I ipcLoader_static: RuntimeIPC: Loader: IPC Service API Loader Version: 31 Sep  3 2022 22:16:47
10-27 19:04:57.011  3400 10549 I RuntimeIPCApi: ipc_Initialize
10-27 19:04:57.011  3400 10549 I RuntimeIPCServiceClient: Init: Already initialized: com.oculus.systemux:SystemUX, 2
10-27 19:04:57.013  3400  3400 D [SUI] OnboardingTutorial: Initialize Onboarding Tutorial
10-27 19:04:57.013  3400  3400 D [SUI] OnboardingTutorial: Step is: NOT_BRAND_NEW_USER
10-27 19:04:57.013  3400  3400 D [SUI] OnboardingTutorial: Not a first time user; skipping the tutorial
10-27 19:04:57.013  3400  3400 D [SUI] SystemStatusView: Initializing System Status
10-27 19:04:57.013  3400  3400 D [SUI] AnytimeUIPanelAppBase: Acquiring viewModel SocialViewModel refCount: 2
10-27 19:04:57.014  3400  3400 D [SUI] StatusViewModel: Constructing ViewModel
10-27 19:04:57.014   852  3737 I chatty  : uid=1000(system) Binder:852_4 identical 5 lines
10-27 19:04:57.017  4150  4227 E OsSdk   : error getting shared memory region, memory type: HeadTracker, failed with Status(-1, EX_SECURITY): 'requested shared memory region when not registered/focused'
10-27 19:04:57.021  1388  9918 I CompositorVR: WarpToScreen: Skipping frames for 8
10-27 19:04:57.021  2534  4127 D RuntimeIPCServerMgr: RegisterClient: Client: com.oculus.systemux:com.oculus.systemux:SystemUX:3400, Server: com.oculus.presence:com.oculus.presence (PresenceServer)
10-27 19:04:57.022  3400  3400 I android_os_HwBinder: HwBinder: Starting thread pool for getting: vendor.oculus.hardware.battery@1.0::IBattery/default
10-27 19:04:57.023  2534  4127 I IPCSharedMemory: CreateSharedMemory: Allocated shared memory fd 106 (ipcStateReadWrite)
10-27 19:04:57.024  3400  3400 D [SUI] StatusViewModel: Initializing wifi status BroadcastReceiver
10-27 19:04:57.024  3400  3400 D [SUI] StatusViewModel: Initialized wifi status BroadcastReceiver
10-27 19:04:57.025  2174  2174 I OVRMediaServiceManager: Metacam is not enabled.
10-27 19:04:57.029  2534  4127 I IPCSharedMemory: CreateSharedMemory: Allocated shared memory fd 118 (ipcReadOnlyState)
10-27 19:04:57.029  2534  4127 I RuntimeIPCServerMgr: Event buffer size (server): 8192
10-27 19:04:57.029  3400  3400 D [SUI] AnytimeUIPanelAppBase: Acquiring viewModel BarViewModel refCount: 2
10-27 19:04:57.029  3400  3400 D [SUI] AnytimeUIPanelAppBase: Acquiring viewModel SystemStatusViewModel refCount: 1
10-27 19:04:57.030  3400 10550 D CCodec  : allocate(c2.android.raw.decoder)
10-27 19:04:57.030  3400  3400 D [SUI] SocialViewModel: registerObserver(): -$$Lambda$SystemStatusView$hvdttGlyfUmlGZJVTLPJRt2c5Fk
10-27 19:04:57.030   844  1019 V C2Store : in init
10-27 19:04:57.030   844  1019 V C2Store : loading dll
10-27 19:04:57.030  3400  3400 D [SUI] SystemStatusView: Initialized System Status
10-27 19:04:57.030  3400  3400 D [SUI] AnytimeUIPanelAppBase: Acquiring viewModel DynamicAppsViewModel refCount: 2
10-27 19:04:57.031  3400  3400 D [SUI] DynamicAppsView: Initializing DynamicAppsView on AUI bar
10-27 19:04:57.031  2174  2174 I OVRMediaService: onStartCommand Received message type: com.oculus.horizon.GET_CAPTURE_STATE_ACTION, caller package: no_app_identity, app identify: null
10-27 19:04:57.031  3400  3400 D [SUI] BarView: Initialized parties call bar
10-27 19:04:57.031  3400  3400 D [SUI] MessengerCallViewModel: registerObserver
10-27 19:04:57.031  3400  3400 D [SUI] BarView: Initialized messenger call bar
10-27 19:04:57.031  3400  3400 V [SUI] BarView: Subscribing to notifications badge live data
10-27 19:04:57.031  3400  3400 V [SUI] BarView: Notifs badge count: 0, Messenger badge count 0
10-27 19:04:57.032  3400  3400 D [SUI] BarView: Initialized BarView
10-27 19:04:57.033  1388  9918 I CompositorVR: WarpToScreen: Skipping frames for 8
10-27 19:04:57.037  3400 10550 I CCodec  : Created component [c2.android.raw.decoder]
10-27 19:04:57.037 10144 10238 I Telemetry: App memory usage: PSS=437 MiB, PrivateDirty=293 MiB, PrivateClean=126 MiB, GPU=132.8/133.0 MiB (100% allocated)
10-27 19:04:57.037  3400 10550 D CCodecConfig: read media type: audio/raw
10-27 19:04:57.039  2092  2172 I Clay    : EnvironmentSystem::update: setting scene background audio for scene zip 'apk://com.environment.matrixloadingvoid/assets/scene.zip'
10-27 19:04:57.039  2092  2172 I Clay    : EnvironmentAudioSystem::setSceneBackgroundLoop: set scene audio: apk://com.environment.matrixloadingvoid/assets/scene.zip
10-27 19:04:57.040  2092  2172 I Clay    : EnvironmentSystem: Scene loaded
10-27 19:04:57.041  2092  2172 I Clay    : SharedHomeSystem::_onEnvironmentActivated
10-27 19:04:57.041 10144 10238 I VrApi   : FPS=72/72,Prd=60ms,Tear=0,Early=72,Stale=0,VSnc=1,Lat=1,Fov=0,CPU4/GPU=4/4,2419/525MHz,OC=FF,TA=0/F/F,SP=N/N/N,Mem=2092MHz,Free=2338MB,PLS=0,Temp=30.2C/0.0C,TW=3.61ms,App=3.04ms,GD=0.12ms,CPU&GPU=7.70ms,LCnt=5(DR0,LM2),GPU%=0.64,CPU%=0.19(W0.23),DSF=1.00,CFL=19.72/21.31
10-27 19:04:57.043  1388  9918 I CompositorVR: WarpToScreen: Skipping frames for 8
10-27 19:04:57.045  3400 10550 D ReflectedParamUpdater: extent() != 1 for single value type: algo.buffers.max-count.values
10-27 19:04:57.045  3400 10550 D ReflectedParamUpdater: extent() != 1 for single value type: output.subscribed-indices.values
10-27 19:04:57.045   733   733 D msm8974_platform: platform_split_snd_device: snd_device(22) num devices(1) new_snd_devices(0)
10-27 19:04:57.045  3400 10550 D ReflectedParamUpdater: extent() != 1 for single value type: input.buffers.allocator-ids.values
10-27 19:04:57.045   733   733 D ACDB-LOADER: ACDB -> send_audvoltable
10-27 19:04:57.045   733   733 D ACDB-LOADER: ACDB -> ACDB_CMD_GET_AUDPROC_INSTANCE_GAIN_DEP_STEP_TABLE_SIZE
10-27 19:04:57.045   733   733 D         : Failed to fetch the lookup information of the device 0000000F 
10-27 19:04:57.045   733   733 D ACDB-LOADER: Error: ACDB_CMD_GET_AUDPROC_INSTANCE_GAIN_DEP_STEP_TABLE_SIZE Returned = -19
10-27 19:04:57.045   733   733 D ACDB-LOADER: ACDB -> ACDB_CMD_GET_AUDPROC_INSTANCE_GAIN_DEP_STEP_TABLE, vol index 10
10-27 19:04:57.045  3400 10550 D ReflectedParamUpdater: extent() != 1 for single value type: output.buffers.allocator-ids.values
10-27 19:04:57.045   733   733 D         : Failed to fetch the lookup information of the device 0000000F 
10-27 19:04:57.045   733   733 D ACDB-LOADER: Error: ACDB AudProc vol returned = -19
10-27 19:04:57.045   733   733 D ACDB-LOADER: ACDB -> AUDIO_SET_VOL_CAL cal type = 40
10-27 19:04:57.045  3400 10550 D ReflectedParamUpdater: extent() != 1 for single value type: algo.buffers.allocator-ids.values
10-27 19:04:57.046  3400 10550 D ReflectedParamUpdater: extent() != 1 for single value type: output.buffers.pool-ids.values
10-27 19:04:57.047  3400 10550 D ReflectedParamUpdater: extent() != 1 for single value type: algo.buffers.pool-ids.values
10-27 19:04:57.047  2330  2754 I [OAO] VrPlatformOpenXr: xrPollEvent: received XR_TYPE_EVENT_DATA_REFERENCE_SPACE_CHANGE_PENDING event
10-27 19:04:57.049  2174  2174 I FileCapture: broadcast capture state to AUI running = false, with mode -1
10-27 19:04:57.051  2836  2836 D [SEO] ShellControlBroadcastReceiver: onReceive with MainActivity native pointer 3773583536, action com.oculus.systemactivities.CAPTURE_STATE_UPDATE
10-27 19:04:57.052  2836  2836 D [SEO] ShellControlBroadcastReceiver: isLaunchAction = false, isTrustedAppLaunch = false
10-27 19:04:57.052  2836  2836 D [SEO] ShellControlBroadcastReceiver: IsCaptureStateUpdateAction
10-27 19:04:57.053  3400 10550 I CCodecConfig: query failed after returning 8 values (BAD_INDEX)
10-27 19:04:57.053  3400 10550 D CCodecConfig: c2 config diff is Dict {
10-27 19:04:57.053  3400 10550 D CCodecConfig:   c2::u32 coded.bitrate.value = 64000
10-27 19:04:57.053  3400 10550 D CCodecConfig:   c2::u32 input.buffers.max-size.value = 65536
10-27 19:04:57.053  3400 10550 D CCodecConfig:   c2::u32 input.delay.value = 0
10-27 19:04:57.053  3400 10550 D CCodecConfig:   string input.media-type.value = "audio/raw"
10-27 19:04:57.053  3400 10550 D CCodecConfig:   string output.media-type.value = "audio/raw"
10-27 19:04:57.053  3400 10550 D CCodecConfig:   c2::u32 raw.channel-count.value = 2
10-27 19:04:57.053  3400 10550 D CCodecConfig:   c2::u32 raw.pcm-encoding.value = 0
10-27 19:04:57.053  3400 10550 D CCodecConfig:   c2::u32 raw.sample-rate.value = 44100
10-27 19:04:57.053  3400 10550 D CCodecConfig: }
10-27 19:04:57.053  3400 10550 D CCodecConfig: no c2 equivalents for durationUs
10-27 19:04:57.053  3400 10550 D CCodecConfig: no c2 equivalents for track-id
10-27 19:04:57.053  3400 10550 D CCodecConfig: no c2 equivalents for bits-per-sample
10-27 19:04:57.054  3400 10550 D CCodecConfig: no c2 equivalents for channel-mask
10-27 19:04:57.054  1388  9918 I CompositorVR: WarpToScreen: Skipping frames for 8
10-27 19:04:57.055  2836  3042 I [SEO] ShellEnvHomeController: copresence: received setCollisionShapes
10-27 19:04:57.057  2836  3042 I [SEO] ShellEnvHomeController: copresence: processing currentCollisionShapes
10-27 19:04:57.057  2836  3042 I [SEO] ShellEnvHomeController: Theaterscreen transform node set for the env size x: 4.660000, y: 2.621250
10-27 19:04:57.060  3400 10550 D CCodecConfig: c2 config diff is   c2::u32 raw.channel-count.value = 1
10-27 19:04:57.060  3400 10550 D CCodecConfig:   c2::u32 raw.sample-rate.value = 48000
10-27 19:04:57.061  3400 10550 W Codec2Client: query -- param skipped: index = 1107298332.
10-27 19:04:57.061  3400 10550 D CCodec  : setup formats input: AMessage(what = 0x00000000) = {
10-27 19:04:57.061  3400 10550 D CCodec  :   int32_t channel-count = 1
10-27 19:04:57.061  3400 10550 D CCodec  :   int32_t max-input-size = 65536
10-27 19:04:57.061  3400 10550 D CCodec  :   string mime = "audio/raw"
10-27 19:04:57.061  3400 10550 D CCodec  :   int32_t pcm-encoding = 2
10-27 19:04:57.061  3400 10550 D CCodec  :   int32_t sample-rate = 48000
10-27 19:04:57.061  3400 10550 D CCodec  : } and output: AMessage(what = 0x00000000) = {
10-27 19:04:57.061  3400 10550 D CCodec  :   int32_t channel-count = 1
10-27 19:04:57.061  3400 10550 D CCodec  :   string mime = "audio/raw"
10-27 19:04:57.061  3400 10550 D CCodec  :   int32_t pcm-encoding = 2
10-27 19:04:57.061  3400 10550 D CCodec  :   int32_t sample-rate = 48000
10-27 19:04:57.061  3400 10550 D CCodec  :   int32_t channel-mask = 0
10-27 19:04:57.061  3400 10550 D CCodec  : }
10-27 19:04:57.062   852  3737 W TrackingService: attachClient: found client in attached list
10-27 19:04:57.062  2534  4127 I IPCSharedMemory: CreateSharedMemory: Allocated shared memory fd 119 (ipcEventBuffer)
10-27 19:04:57.062  2174  2174 I OVRMediaServiceManager: Metacam is not enabled.
10-27 19:04:57.063  2534  4127 I IPCSharedMemory: CreateSharedMemory: Allocated shared memory fd 120 (ipcEventBuffer_Private)
10-27 19:04:57.063  4150  4227 E OsSdk   : error getting shared memory region, memory type: HeadTracker, failed with Status(-1, EX_SECURITY): 'requested shared memory region when not registered/focused'
10-27 19:04:57.063  3400 10550 W Codec2Client: query -- param skipped: index = 1342179345.
10-27 19:04:57.063  3400 10550 W Codec2Client: query -- param skipped: index = 2415921170.
10-27 19:04:57.064  3400 10550 D CCodecBufferChannel: [c2.android.raw.decoder#134] Created input block pool with allocatorID 16 => poolID 19 - OK (0)
10-27 19:04:57.064  2330  2330 D DeviceHelper: isScreenOn = true
10-27 19:04:57.064  2330  2330 D [OAO] ShellOverlayBroadcastReceiver: onReceive with ShellOverlayService native pointer 3773847424, action com.oculus.systemactivities.CAPTURE_STATE_UPDATE
10-27 19:04:57.065  3400 10550 I CCodecBufferChannel: [c2.android.raw.decoder#134] Created output block pool with allocatorID 16 => poolID 53 - OK
10-27 19:04:57.065  3400 10550 D CCodecBufferChannel: [c2.android.raw.decoder#134] Configured output block pool ids 53 => OK
10-27 19:04:57.065   816  1555 D BufferPoolAccessor: bufferpool2 0xf6e86310 : 0(0 size) total buffers - 0(0 size) used buffers - 6/17 (recycle/alloc) - 11/30 (fetch/transfer)
10-27 19:04:57.065   816  1555 D BufferPoolAccessor: Destruction - bufferpool2 0xf6e86310 cached: 0/0M, 0/0% in use; allocs: 17, 35% recycled; transfers: 30, 63% unfetced
10-27 19:04:57.066  1388  9918 I CompositorVR: WarpToScreen: Skipping frames for 8
