01-04 18:10:49.632   868  6771 I [CT]    : INPUT_TRACKING:Behavior:OutOfFoVRotation: [Right] state transition: Active -> Transition
01-04 18:10:49.668   868  6771 I [CT]    : CONSTELLATION: L: Detected static IMU, no button event and has tracked position => Applying constant controller pose.
01-04 18:10:49.686   868  6771 I [CT]    : INPUT_TRACKING:Behavior:OutOfFoVRotation: [Right] deactivated
01-04 18:10:49.686   868  6771 I [CT]    : INPUT_TRACKING:ControllerMotionModel: [Right] t = 6627.745s, behavior transition: OutOfFoVRotation -> None
01-04 18:10:49.804   868  6771 I [CT]    : CONSTELLATION: R: Detected static IMU, no button event and has tracked position => Applying constant controller pose.
01-04 18:10:49.853   868  6811 W [CT]    : TIMESTAMPCHECKER: Nominal rate wrong. Estimated data rate: 25, Nominal is 30.000300003000028
01-04 18:10:49.910   868  6821 I [CT]    : CONSTELLATION:VISION_STATUS: 86557c336c360320 (L): BlobDetection:[#BlobsDetected=(7.76, 5.65)]Matching:[MatchSuccess=1.000, MatchCost=(0.00095, 0.00001), #MatchedBlobs=(5.24, 2.28), #MatchedLeds=(5.09, 1.26), RematchM=0.000, SkipRefine=0.000] MatchMethod:[Prox=1.000, ConstBrute=0.000, UnconstBrute=0.000] MatchResets[AnomBlobSize=0.000, SharedMatch=0.000, DenseReacq=0.000] | Fusion:[FusionError=0.000, ImuFromCamMs=(7.008, 1.281), RematchF=0.416] FusionUpdates:[Successful=0.904, Reliable=0.764, TightFusion=0.804, FullPose=0.100, StaticPrior=0.096, StaticForHandTrans=0.116, PoseUpdateMD=(0.5887, 0.7915)] FusionResets[6DoFReset=0.000, ResetSuccess=0.000] FusionStatus[HasPosition=1.000, HasVelocity=1.000] 
01-04 18:10:49.941   868  6771 I [CT]    : CONSTELLATION:IMU_STATUS: 86557c336c360320 (L): [FusionTracked=1.000, OutputTracked=1.000, OutputValid=1.000] [AccelSat=0.000, GyroSat=0.000] 
01-04 18:10:50.004  7091  7190 I VrApi   : FPS=72/72,Prd=47ms,Tear=0,Early=72,Stale=0,VSnc=1,Lat=1,Fov=0,CPU4/GPU=2/3,1171/490MHz,OC=FF,TA=0/70/70,SP=N/F/F,Mem=1353MHz,Free=3212MB,PLS=0,Temp=25.7C/0.0C,TW=0.83ms,App=3.91ms,GD=0.00ms,CPU&GPU=6.97ms,LCnt=1(DR42,LM0),GPU%=0.36,CPU%=0.36(W0.43),DSF=1.00,CFL=19.63/21.75
01-04 18:10:50.186   868  6811 W [CT]    : VIO_HAS_TRACKING: Bad tracking: large covariance-weighted vision correction : 125.02745819091797 > 90
01-04 18:10:50.186   868  6811 W [CT]    : VEGA:PERCEPTUAL_HM: Bad tracking: tracker health is bad
01-04 18:10:50.186   868  6811 I [CT]    : VEGA:PERCEPTUAL_HM: Perceptual HM: bad tracking while exposing 6DoF. Delaying switch to 3DoF for 0.266666666 seconds.
01-04 18:10:50.213   868  6811 I [CT]    : VIPER: [Throttled count=17] Image mean intensities (per camera): 60.19, 41.86, 64.95, 62.33
01-04 18:10:50.268   868  6811 I [CT]    : VIPER: Mode=SuperVega,Status=6DoF,TRACKING,Inl=32,Mem=87.9,Jit=0.3mm,Issues(Cam/min=0.0,IMU/min=0.0),Exp=(14.0ms,g=15.0,I=60,Ir=285.7)(14.0ms,g=15.0,I=42,Ir=200.7)(14.0ms,g=15.0,I=63,Ir=304.1)(14.0ms,g=15.0,I=62,Ir=299.2)
01-04 18:10:50.268   868  6811 W [CT]    : VIPER: Images too dark, 
01-04 18:10:50.391   868  1209 I [CT]    : Vega:SubmapPublisher: Tracking parent no change: frame movement above thresh -> Publish
01-04 18:10:50.391   868  1209 I [CT]    : Vega:SubmapPublisher: Start to publish submaps, found candidates:  3
01-04 18:10:50.393   868  1209 W [CT]    : Vega:SubmapPublisher: [Throttled count=193] Force publishing an ill-conditioned point.
01-04 18:10:50.412  7091  7127 D UE4     : [GameActivity] Used memory: 461142 (VmRSS:	  205696 kB)
01-04 18:10:50.415   868  6811 I [CT]    : VegaTrackTracker: Starting map tracking on map. SubmapId Submap id = 0, version = 1059556691 Active contexts: 2
01-04 18:10:50.467   868  6811 W [CT]    : VEGA:MAP_TRACKING_HM: [Throttled count=23] Bad map tracking: map tracking failed @ Submap id = 2, version = 308832465 with status: 2
01-04 18:10:50.467   868  6811 W [CT]    : VEGA:MAP_TRACKING_HM: Validation failed after 0.04 seconds of bad frames. Switching from Validating to NoTracking
01-04 18:10:50.467   868  6811 W [CT]    : VEGA:MAP_TRACKING_HM: [Throttled count=19] Map tracking did not run.
01-04 18:10:50.495   868  6811 I [CT]    : TrackedMapContext: Stop tracking map with ID Submap id = 0, version = 1059556691 at index: 2 in contexts: 3
01-04 18:10:51.005  7091  7190 I VrApi   : FPS=72/72,Prd=48ms,Tear=0,Early=72,Stale=0,VSnc=1,Lat=1,Fov=0,CPU4/GPU=2/3,1171/490MHz,OC=FF,TA=0/70/70,SP=N/F/F,Mem=2092MHz,Free=3212MB,PLS=0,Temp=25.7C/0.0C,TW=0.83ms,App=4.07ms,GD=0.00ms,CPU&GPU=7.21ms,LCnt=1(DR72,LM0),GPU%=0.37,CPU%=0.29(W0.33),DSF=1.00,CFL=19.71/21.41
01-04 18:10:51.111   868  6821 I [CT]    : CONSTELLATION:VISION_STATUS: 729165a0fe4054d7 (R): BlobDetection:[#BlobsDetected=(7.72, 5.50)]Matching:[MatchSuccess=0.600, MatchCost=(0.00059, 0.00000), #MatchedBlobs=(2.42, 4.14), #MatchedLeds=(2.32, 3.65), RematchM=0.008, SkipRefine=0.000] MatchMethod:[Prox=0.576, ConstBrute=0.024, UnconstBrute=0.000] MatchResets[AnomBlobSize=0.000, SharedMatch=0.000, DenseReacq=0.000] | Fusion:[FusionError=0.000, ImuFromCamMs=(7.779, 1.231), RematchF=0.016] FusionUpdates:[Successful=0.024, Reliable=0.016, TightFusion=0.008, FullPose=0.008, StaticPrior=0.812, StaticForHandTrans=0.952, PoseUpdateMD=(0.6531, 0.0427)] FusionResets[6DoFReset=0.156, ResetSuccess=0.008] FusionStatus[HasPosition=0.852, HasVelocity=1.000] 
01-04 18:10:51.126   868  6771 I [CT]    : CONSTELLATION:IMU_STATUS: 729165a0fe4054d7 (R): [FusionTracked=0.850, OutputTracked=0.840, OutputValid=1.000] [AccelSat=0.000, GyroSat=0.000] 
01-04 18:10:51.223  2765  2970 I GuardianCollisionTracker: Guardian HMD Collision: Magnitude: 4.548, Duration: -1.000 sec, TimeStamp: 6631.530762 sec
01-04 18:10:51.350   868  1209 I [CT]    : Vega:MapBuilderBase: Created keyRig with frameID 1107 and uid 4afcda11
01-04 18:10:51.355   868  1209 I [CT]    : KEYPOINT_CACHE: New keyrig added has 198 corners and 73 tracks to immature points that will be used to extract descriptors and insert into the index.
01-04 18:10:51.356   868  1211 I [CT]    : VIPER:DEEP_DESCRIPTOR: Computing Deep Descriptors using gravity orientation.
01-04 18:10:51.358   868  1209 I [CT]    : MapCullingTask: Culled 0 L1 nodes, 1 individual keyrigs, and 3 individual points
01-04 18:10:51.360   868  1209 I [CT]    : VegaBAOptimize: Num points adjusted: 750 fixed: 0 Num residuals in-in: 2744 in-out: 378 out-in: 0 fixed (out-out): 0 outside ROI: 0 total: 3197
01-04 18:10:51.361   868  1209 I [CT]    : VegaBAOptimize: Total: neighbor 3 L1s, adjust 2 L1s. KRs 42  Points 750  Cameras 168  OutsideFixedKR 12  AdjustKR 30  Imus 4
01-04 18:10:51.428   868  6771 D TrackingService: [HANDTRACKING] Controller 729165a0fe4054d7 in hand: N, valid: Y
01-04 18:10:51.432  1921  2481 W DeviceConfigUtil: Try to get config param "oculus_shared_social:oculus_messenger_reauth_removal" before Device Config has subscribed to the service.
01-04 18:10:51.505   868  6811 W [CT]    : VEGA:MAP_TRACKING_HM: [Throttled count=25] Map tracking did not run.
01-04 18:10:51.548   868  6811 W [CT]    : VEGA:MAP_TRACKING_HM: [Throttled count=11] Bad map tracking: map tracking failed @ Submap id = 2, version = 308832465 with status: 2
01-04 18:10:51.587   868  6771 D TrackingService: [HANDTRACKING] Controller 86557c336c360320 in hand: N, valid: Y
01-04 18:10:51.831   868  1209 I [CT]    : Vega:MapBuilderBase: Created keyRig with frameID 1119 and uid 12b95ccf
01-04 18:10:51.836   868  1209 I [CT]    : KEYPOINT_CACHE: New keyrig added has 306 corners and 41 tracks to immature points that will be used to extract descriptors and insert into the index.
01-04 18:10:51.840   868  1209 I [CT]    : MapCullingTask: Culled 0 L1 nodes, 1 individual keyrigs, and 6 individual points
01-04 18:10:51.843   868  1209 I [CT]    : VegaBAOptimize: Num points adjusted: 764 fixed: 0 Num residuals in-in: 2853 in-out: 378 out-in: 0 fixed (out-out): 0 outside ROI: 0 total: 3306
01-04 18:10:51.844   868  1209 I [CT]    : VegaBAOptimize: Total: neighbor 3 L1s, adjust 2 L1s. KRs 42  Points 764  Cameras 168  OutsideFixedKR 12  AdjustKR 30  Imus 4
01-04 18:10:51.853   868  6811 W [CT]    : TIMESTAMPCHECKER: Nominal rate wrong. Estimated data rate: 25, Nominal is 30.000300003000028
01-04 18:10:52.003  7091  7190 I VrApi   : FPS=72/72,Prd=47ms,Tear=0,Early=72,Stale=0,VSnc=1,Lat=1,Fov=0,CPU4/GPU=2/3,1171/490MHz,OC=FF,TA=0/70/70,SP=N/F/F,Mem=2092MHz,Free=3212MB,PLS=0,Temp=25.7C/0.0C,TW=0.83ms,App=3.75ms,GD=0.00ms,CPU&GPU=7.01ms,LCnt=1(DR72,LM0),GPU%=0.35,CPU%=0.20(W0.30),DSF=1.00,CFL=19.59/21.46
01-04 18:10:52.134   868  6714 I [CT]    : boltlib: DSP utilization: 8.32 % (419 / 5035 ms)
01-04 18:10:52.347   868  6811 I [CT]    : VEGA:PERCEPTUAL_HM: Perceptual HM: no map tracking while exposing 6DoF. Delaying switch to 3DoF for 4.96 seconds.
01-04 18:10:52.348   868  6811 I [CT]    : VegaTracker: [Throttled count=1] VegaTracker::track returned 277 track measurement(s) 124 track-to-landmark association(s) and 23 closed track ID(s) while reporting poor tracking quality. (isTrackerHealthy = true, isMapTrackingHealthy = false)
01-04 18:10:52.375   868  6811 I [CT]    : VegaTracker: [Throttled count=1] Performing big search to recover from bad map tracking or new reloc.
01-04 18:10:52.544   868  6811 W [CT]    : VEGA:MAP_TRACKING_HM: [Throttled count=25] Map tracking did not run.
01-04 18:10:52.549   868  1209 I [CT]    : Vega:SubmapPublisher: Tracking parent no change: frame movement above thresh -> Publish
01-04 18:10:52.549   868  1209 I [CT]    : Vega:SubmapPublisher: Start to publish submaps, found candidates:  3
01-04 18:10:52.575   868  6811 I [CT]    : VegaTrackTracker: Starting map tracking on map. SubmapId Submap id = 0, version = 1277826413 Active contexts: 2
01-04 18:10:52.588   868  6811 W [CT]    : VEGA:MAP_TRACKING_HM: [Throttled count=22] Bad map tracking: map tracking failed @ Submap id = 2, version = 308832465 with status: 2
01-04 18:10:52.625   868  6811 W [CT]    : VEGA:MAP_TRACKING_HM: Validation failed after 0.04 seconds of bad frames. Switching from Validating to NoTracking
01-04 18:10:52.655   868  6811 I [CT]    : TrackedMapContext: Stop tracking map with ID Submap id = 0, version = 1277826413 at index: 2 in contexts: 3
01-04 18:10:53.003  7091  7190 I VrApi   : FPS=72/72,Prd=47ms,Tear=0,Early=71,Stale=0,VSnc=1,Lat=1,Fov=0,CPU4/GPU=2/3,1171/490MHz,OC=FF,TA=0/70/70,SP=N/F/F,Mem=2092MHz,Free=3212MB,PLS=0,Temp=25.7C/0.0C,TW=0.83ms,App=3.29ms,GD=0.00ms,CPU&GPU=6.67ms,LCnt=1(DR72,LM0),GPU%=0.32,CPU%=0.21(W0.29),DSF=1.00,CFL=19.65/21.41
01-04 18:10:53.510   868  1209 I [CT]    : Vega:SubmapPublisher: Tracking parent no change: frame movement above thresh -> Publish
01-04 18:10:53.510   868  1209 I [CT]    : Vega:SubmapPublisher: Start to publish submaps, found candidates:  3
01-04 18:10:53.535   868  6811 I [CT]    : VegaTrackTracker: Starting map tracking on map. SubmapId Submap id = 0, version = 443187309 Active contexts: 2
01-04 18:10:53.548   868  6811 W [CT]    : VEGA:MAP_TRACKING_HM: [Throttled count=24] Map tracking did not run.
01-04 18:10:53.585   868  6811 W [CT]    : VEGA:MAP_TRACKING_HM: Validation failed after 0.04 seconds of bad frames. Switching from Validating to NoTracking
01-04 18:10:53.615   868  6811 I [CT]    : TrackedMapContext: Stop tracking map with ID Submap id = 0, version = 443187309 at index: 2 in contexts: 3
01-04 18:10:53.625   868  6811 W [CT]    : VEGA:MAP_TRACKING_HM: [Throttled count=23] Bad map tracking: map tracking failed @ Submap id = 2, version = 308832465 with status: 2
01-04 18:10:53.751   868  1209 I [CT]    : VIPER: InternalAnchorHealthMonitor: Anchors: 3 | Persistent anchors: 2 | Anchors never observed: 2
01-04 18:10:53.751   868  1209 I [CT]    :   (min/avg/max) Anchor landmarks: (0|3.3333333333333335|8) | Covisible keyframes: (0|4|12) | Times since observation: (0|0|0)
01-04 18:10:53.869   868  6811 I [CT]    : VIPER: Mode=SuperVega,Status=6DoF,TRACKING,Inl=33,Mem=88.0,Jit=0.9mm,Issues(Cam/min=0.0,IMU/min=0.0),Exp=(14.0ms,g=15.0,I=61,Ir=294.7)(14.0ms,g=15.0,I=70,Ir=337.7)(14.0ms,g=15.0,I=69,Ir=329.1)(12.5ms,g=15.0,I=74,Ir=394.7)
01-04 18:10:53.869   868  6811 W [CT]    : VIPER: Images too dark, 
01-04 18:10:53.893   868  6811 W [CT]    : TIMESTAMPCHECKER: Nominal rate wrong. Estimated data rate: 25, Nominal is 30.000300003000028
01-04 18:10:53.936   868  6771 I [CT]    : CONSTELLATION: R: Detected IMU motion => Leaving static state.
01-04 18:10:53.948   868  6771 D TrackingService: [HANDTRACKING] Controller 729165a0fe4054d7 in hand: Y, valid: Y
01-04 18:10:53.976   868  6771 I [CT]    : CONSTELLATION: L: Detected IMU motion => Leaving static state.
01-04 18:10:54.007  7091  7190 I Telemetry: App memory usage: PSS=451 MiB, PrivateDirty=298 MiB, PrivateClean=140 MiB, GPU=165.1/165.8 MiB (100% allocated)
01-04 18:10:54.009  7091  7190 I VrApi   : FPS=72/72,Prd=48ms,Tear=0,Early=72,Stale=0,VSnc=1,Lat=1,Fov=0,CPU4/GPU=2/3,1171/490MHz,OC=FF,TA=0/70/70,SP=N/F/F,Mem=2092MHz,Free=3234MB,PLS=0,Temp=25.7C/0.0C,TW=0.83ms,App=3.91ms,GD=0.00ms,CPU&GPU=6.84ms,LCnt=1(DR72,LM0),GPU%=0.35,CPU%=0.23(W0.29),DSF=1.00,CFL=19.71/21.65
01-04 18:10:54.192   868  6771 I [CT]    : CONSTELLATION: L: Detected static IMU, no button event and has tracked position => Applying constant controller pose.
01-04 18:10:54.334   868  6771 I [CT]    : CONSTELLATION: L: Detected IMU motion => Leaving static state.
01-04 18:10:54.347   868  6771 D TrackingService: [HANDTRACKING] Controller 86557c336c360320 in hand: Y, valid: Y
01-04 18:10:54.585   868  6811 W [CT]    : VEGA:MAP_TRACKING_HM: [Throttled count=25] Map tracking did not run.
01-04 18:10:54.628   868  6811 W [CT]    : VEGA:MAP_TRACKING_HM: [Throttled count=24] Bad map tracking: map tracking failed @ Submap id = 2, version = 308832465 with status: 2
01-04 18:10:54.640  7091  7187 I InputDevice_TrackedRemote: Using old float conversion.
01-04 18:10:54.926  3326  3326 D MetaCam (DeviceLifecycleManager): onCapabilitiesChanged(...). Has NET_CAPABILITY_VALIDATED.
01-04 18:10:54.926  3326  3326 D MetaCam (DeviceLifecycleManager): onCapabilitiesChanged(...). Has NET_CAPABILITY_VALIDATED.
01-04 18:10:54.926  7091  7113 V UE4     : [NetworkChangedManager] Network Capabilities changed, has Internet: true
01-04 18:10:54.928  7091  7291 V UE4     : [NetworkChangedManager] Verifying internet connection with host: https://example.com/
01-04 18:10:55.004  7091  7190 I VrApi   : FPS=72/72,Prd=47ms,Tear=0,Early=72,Stale=0,VSnc=1,Lat=1,Fov=0,CPU4/GPU=2/3,1171/490MHz,OC=FF,TA=0/70/70,SP=N/F/F,Mem=2092MHz,Free=3234MB,PLS=0,Temp=25.7C/0.0C,TW=0.83ms,App=3.99ms,GD=0.00ms,CPU&GPU=7.08ms,LCnt=1(DR72,LM0),GPU%=0.36,CPU%=0.25(W0.32),DSF=1.00,CFL=19.61/21.20
01-04 18:10:55.083  1247  2969 I VrRuntimeService: RuntimeServiceSDKServer::SetGuardianSystemState: 4014571016
01-04 18:10:55.083  2765  2970 I GuardianSystem: UpdateGuardianSystemState: Flags changed: 524288, 532480, SYSTEM_GUARDIAN_VALID to SYSTEM_GUARDIAN_VISIBLE,SYSTEM_GUARDIAN_VALID
01-04 18:10:55.114  1247  6806 I CompositorVR: SetSchedFifo( tid=2970, pol=5, pri=1 ) succeeded
01-04 18:10:55.114  1247  6806 I CompositorVR: SetSchedFifo( tid=3191, pol=5, pri=1 ) succeeded
01-04 18:10:55.114  1247  6806 I CompositorVR: SetSchedFifo( tid=3261, pol=5, pri=1 ) succeeded
01-04 18:10:55.141  7091  7291 V UE4     : [NetworkChangedManager] Connectivity hasn't changed. Current state: CONNECTION_AVAILABLE
01-04 18:10:55.142  7091  7291 V UE4     : [NetworkChangedManager] Full network check complete. State: CONNECTION_AVAILABLE
01-04 18:10:55.146   868  6811 W [CT]    : VIO_HAS_TRACKING: Bad tracking: large covariance-weighted vision correction : 155.96795654296875 > 90
01-04 18:10:55.146   868  6811 W [CT]    : VEGA:PERCEPTUAL_HM: Bad tracking: tracker health is bad
01-04 18:10:55.146   868  6811 I [CT]    : VEGA:PERCEPTUAL_HM: Perceptual HM: bad tracking while exposing 6DoF. Delaying switch to 3DoF for 0.266666666 seconds.
01-04 18:10:55.147   868  6811 I [CT]    : VegaTracker: VegaTracker::track returned 381 track measurement(s) 153 track-to-landmark association(s) and 3 closed track ID(s) while reporting poor tracking quality. (isTrackerHealthy = false, isMapTrackingHealthy = true)
01-04 18:10:55.173   868  6811 I [CT]    : VIPER: Image mean intensities (per camera): 61.23, 77.85, 77.92, 75.57
01-04 18:10:55.175   868  6811 I [CT]    : VegaTracker: Performing big search to recover from bad map tracking or new reloc.
01-04 18:10:55.625   868  6811 W [CT]    : VEGA:MAP_TRACKING_HM: [Throttled count=25] Map tracking did not run.
01-04 18:10:55.831   868  1209 I [CT]    : Vega:SubmapPublisher: Tracking parent no change: frame movement above thresh -> Publish
01-04 18:10:55.831   868  1209 I [CT]    : Vega:SubmapPublisher: Start to publish submaps, found candidates:  3
01-04 18:10:55.855   868  6811 I [CT]    : VegaTrackTracker: Starting map tracking on map. SubmapId Submap id = 0, version = 777625962 Active contexts: 2
01-04 18:10:55.869   868  6811 W [CT]    : VEGA:MAP_TRACKING_HM: [Throttled count=20] Bad map tracking: map tracking failed @ Submap id = 0, version = 777625962 with status: 2
01-04 18:10:55.893   868  6811 W [CT]    : TIMESTAMPCHECKER: Nominal rate wrong. Estimated data rate: 25, Nominal is 30.000300003000028
01-04 18:10:55.906   868  6811 W [CT]    : VEGA:MAP_TRACKING_HM: Validation failed after 0.04 seconds of bad frames. Switching from Validating to NoTracking
01-04 18:10:55.935   868  6811 I [CT]    : TrackedMapContext: Stop tracking map with ID Submap id = 0, version = 777625962 at index: 2 in contexts: 3
01-04 18:10:56.005  7091  7190 I VrApi   : FPS=72/72,Prd=48ms,Tear=0,Early=72,Stale=0,VSnc=1,Lat=1,Fov=0,CPU4/GPU=2/3,1171/490MHz,OC=FF,TA=0/70/70,SP=N/F/F,Mem=2092MHz,Free=3234MB,PLS=0,Temp=25.7C/0.0C,TW=1.72ms,App=3.62ms,GD=0.15ms,CPU&GPU=7.83ms,LCnt=2(DR67,LM2),GPU%=0.41,CPU%=0.24(W0.35),DSF=1.00,CFL=19.54/21.41
01-04 18:10:56.625   868  6811 W [CT]    : VEGA:MAP_TRACKING_HM: [Throttled count=24] Map tracking did not run.
01-04 18:10:57.004  7091  7190 I VrApi   : FPS=72/72,Prd=48ms,Tear=0,Early=72,Stale=0,VSnc=1,Lat=1,Fov=0,CPU4/GPU=2/3,1171/490MHz,OC=FF,TA=0/70/70,SP=N/F/F,Mem=2092MHz,Free=3234MB,PLS=0,Temp=25.7C/0.0C,TW=1.72ms,App=3.61ms,GD=0.12ms,CPU&GPU=7.99ms,LCnt=2(DR0,LM2),GPU%=0.42,CPU%=0.25(W0.32),DSF=1.00,CFL=19.60/21.69
01-04 18:10:57.066  7091  7091 D UE4     : [GameActivity] Battery: status = 4, rawlevel = 100, scale = 100
01-04 18:10:57.066  7091  7091 D UE4     : nativeBatteryEvent(stat = 4, lvl = 100  temp = 26.00 C)
01-04 18:10:57.070  1247  2158 E TREX    : Interface version 1 was not found. Check debug build for more information.
01-04 18:10:57.135   868  6714 I [CT]    : boltlib: DSP utilization: 7.98 % (399 / 5000 ms)
01-04 18:10:57.467   868  6811 I [CT]    : VIPER: Mode=SuperVega,Status=6DoF,TRACKING,Inl=21,Mem=87.9,Jit=0.4mm,Issues(Cam/min=0.0,IMU/min=0.0),Exp=(14.0ms,g=15.0,I=63,Ir=303.3)(14.0ms,g=15.0,I=86,Ir=413.6)(14.0ms,g=15.0,I=85,Ir=407.3)(14.0ms,g=15.0,I=73,Ir=350.4)
01-04 18:10:57.467   868  6811 W [CT]    : VIPER: Images too dark, 
01-04 18:10:57.629   868  6811 W [CT]    : VEGA:MAP_TRACKING_HM: [Throttled count=24] Map tracking did not run.
01-04 18:10:57.893   868  6811 W [CT]    : TIMESTAMPCHECKER: Nominal rate wrong. Estimated data rate: 25, Nominal is 30.000300003000028
01-04 18:10:58.004  7091  7190 I VrApi   : FPS=72/72,Prd=48ms,Tear=0,Early=72,Stale=0,VSnc=1,Lat=1,Fov=0,CPU4/GPU=2/3,1171/490MHz,OC=FF,TA=0/70/70,SP=N/F/F,Mem=2092MHz,Free=3234MB,PLS=0,Temp=26.0C/0.0C,TW=1.72ms,App=3.63ms,GD=0.12ms,CPU&GPU=8.35ms,LCnt=2(DR0,LM2),GPU%=0.42,CPU%=0.30(W0.36),DSF=1.00,CFL=19.59/21.77
01-04 18:10:58.240  2205  2231 I chatty  : uid=10020(com.oculus.vrshell) FinalizerDaemon expire 7 lines
01-04 18:10:58.666   868  6811 W [CT]    : VEGA:MAP_TRACKING_HM: [Throttled count=25] Map tracking did not run.
01-04 18:10:59.004  7091  7190 I VrApi   : FPS=72/72,Prd=48ms,Tear=0,Early=72,Stale=0,VSnc=1,Lat=1,Fov=0,CPU4/GPU=2/3,1171/490MHz,OC=FF,TA=0/70/70,SP=N/F/F,Mem=2092MHz,Free=3234MB,PLS=0,Temp=26.0C/0.0C,TW=1.72ms,App=3.65ms,GD=0.12ms,CPU&GPU=8.36ms,LCnt=2(DR0,LM2),GPU%=0.42,CPU%=0.39(W0.43),DSF=1.00,CFL=19.63/21.49
01-04 18:10:59.647  1685  3222 I Telemetry: App memory usage: PSS=34 MiB, PrivateDirty=28 MiB, PrivateClean=1 MiB, GPU=3.6/3.8 MiB (96% allocated)
01-04 18:10:59.670  2765  3252 I Telemetry: App memory usage: PSS=35 MiB, PrivateDirty=25 MiB, PrivateClean=4 MiB, GPU=3.8/4.0 MiB (96% allocated)
01-04 18:10:59.705   868  6811 W [CT]    : VEGA:MAP_TRACKING_HM: [Throttled count=25] Map tracking did not run.
01-04 18:10:59.893   868  6811 W [CT]    : TIMESTAMPCHECKER: Nominal rate wrong. Estimated data rate: 25, Nominal is 30.000300003000028
01-04 18:10:59.906  1247  2969 I VrRuntimeService: RuntimeServiceSDKServer::SetGuardianSystemState: 4014571016
01-04 18:10:59.906  2765  2970 I GuardianSystem: UpdateGuardianSystemState: Flags changed: 532480, 524288, SYSTEM_GUARDIAN_VISIBLE,SYSTEM_GUARDIAN_VALID to SYSTEM_GUARDIAN_VALID
01-04 18:10:59.912   868  6821 I [CT]    : CONSTELLATION:VISION_STATUS: 86557c336c360320 (L): BlobDetection:[#BlobsDetected=(16.74, 29.53)]Matching:[MatchSuccess=1.000, MatchCost=(0.00220, 0.00001), #MatchedBlobs=(8.07, 10.05), #MatchedLeds=(5.30, 2.57), RematchM=0.000, SkipRefine=0.000] MatchMethod:[Prox=1.000, ConstBrute=0.000, UnconstBrute=0.000] MatchResets[AnomBlobSize=0.000, SharedMatch=0.000, DenseReacq=0.000] | Fusion:[FusionError=0.000, ImuFromCamMs=(7.515, 1.220), RematchF=0.048] FusionUpdates:[Successful=0.584, Reliable=0.556, TightFusion=0.564, FullPose=0.020, StaticPrior=0.416, StaticForHandTrans=0.464, PoseUpdateMD=(5.0241, 20.0825)] FusionResets[6DoFReset=0.000, ResetSuccess=0.000] FusionStatus[HasPosition=1.000, HasVelocity=1.000] 
01-04 18:10:59.942   868  6771 I [CT]    : CONSTELLATION:IMU_STATUS: 86557c336c360320 (L): [FusionTracked=1.000, OutputTracked=1.000, OutputValid=1.000] [AccelSat=0.000, GyroSat=0.000] 
01-04 18:10:59.985   868  6811 W [CT]    : VEGA:MAP_TRACKING_HM: [Throttled count=1] Bad map tracking: map tracking failed @ Submap id = 2, version = 308832465 with status: 2
01-04 18:11:00.008  7091  7190 I VrApi   : FPS=72/72,Prd=48ms,Tear=0,Early=72,Stale=0,VSnc=1,Lat=1,Fov=0,CPU4/GPU=2/3,1171/490MHz,OC=FF,TA=0/70/70,SP=N/F/F,Mem=2092MHz,Free=3234MB,PLS=0,Temp=26.0C/0.0C,TW=1.72ms,App=3.64ms,GD=0.12ms,CPU&GPU=8.27ms,LCnt=2(DR0,LM2),GPU%=0.42,CPU%=0.33(W0.45),DSF=1.00,CFL=19.59/21.52
01-04 18:11:00.049  1247  2158 I ServiceInputManager: system button SetHomeButtonDownState 6640.39
01-04 18:11:00.049  1247  2158 I ServiceInputManager: system button down, should reset recenter timer
01-04 18:11:00.049  1247  2158 I RecenterTimer: UpdateTimerData(6640.90 6641.40)
01-04 18:11:00.070  1247  6806 I CompositorVR: SetSchedFifo( tid=2970, pol=2, pri=0 ) succeeded
01-04 18:11:00.070  1247  6806 I CompositorVR: SetSchedFifo( tid=3191, pol=2, pri=0 ) succeeded
01-04 18:11:00.070  1247  6806 I CompositorVR: SetSchedFifo( tid=3261, pol=2, pri=0 ) succeeded
01-04 18:11:00.148   868  1209 I [CT]    : Vega:SubmapPublisher: Tracking parent no change: frame movement above thresh -> Publish
01-04 18:11:00.148   868  1209 I [CT]    : Vega:SubmapPublisher: Start to publish submaps, found candidates:  3
01-04 18:11:00.175   868  6811 I [CT]    : VegaTrackTracker: Starting map tracking on map. SubmapId Submap id = 0, version = 1763424496 Active contexts: 2
01-04 18:11:00.225   868  6811 W [CT]    : VEGA:MAP_TRACKING_HM: Validation failed after 0.04 seconds of bad frames. Switching from Validating to NoTracking
01-04 18:11:00.230  1247  2158 I ServiceInputManager: system button SetHomeButtonUpState 6640.58
01-04 18:11:00.230  1247  2158 I RecenterTimer: UpdateTimerData(-1.00 -1.00)
01-04 18:11:00.256   868  6811 I [CT]    : TrackedMapContext: Stop tracking map with ID Submap id = 0, version = 1763424496 at index: 2 in contexts: 3
01-04 18:11:00.481  1247  2158 I ServiceInputManager: short system button press 6640.826405
01-04 18:11:00.481  1247  2158 I ServiceInputManager: system event from short press 6640.826405
01-04 18:11:00.481  1247  2158 I ServiceInputManager: ServiceInputManager::FireSystemButtonEvent queueing launch intent from service
01-04 18:11:00.481  1247  2158 I ServiceInputManager: ServiceInputManager::FireSystemButtonEvent 'com.YourCompany.PrototypeV4' Transition Type: 1
01-04 18:11:00.481  1247  2158 I RecenterTimer: UpdateTimerData(-1.00 -1.00)
01-04 18:11:00.495  1247  2158 I ServiceInputManager: ServiceInputManager::ProcessSystemButtonEvent launching intent from service 'com.YourCompany.PrototypeV4' 1
01-04 18:11:00.495  1247  2158 I ServiceInputManager: ServiceInputManager::ProcessSystemButtonEvent transitioning with a memory of the app name
01-04 18:11:00.495  1247  2158 I SystemUtils_Internal: ovrSystemUtils::StartAnytimeUI: confirmQuit
01-04 18:11:00.495  1247  2158 D SystemUtils: sendBroadcastIntent - action: 'com.oculus.vrshell.intent.action.LAUNCH' data: 'systemux://dialog/exit'intent_pkg: com.YourCompany.PrototypeV4
01-04 18:11:00.496  1247  2158 D SystemUtils: VR Shell isn't running.
01-04 18:11:00.514  1247  4129 I RPCServer: GetServerStatesConfig -> {MaxBufferSize=32768, MaxEntries=64}
01-04 18:11:00.514  2686  2686 I chatty  : uid=10020(com.oculus.vrshell) ShellMain expire 23 lines
01-04 18:11:00.516  2205  2205 I chatty  : uid=10020(com.oculus.vrshell) ShellOverlayMai expire 33 lines
01-04 18:11:00.517  2205  2615 I chatty  : uid=10020(com.oculus.vrshell) ShellOverlayVR expire 378 lines
01-04 18:11:00.545  1040  4000 E WindowManager: App trying to use insecure INPUT_FEATURE_NO_INPUT_CHANNEL flag. Ignoring
01-04 18:11:00.550  1247  1247 I ClientMgr: FocusedWindowChanged: found matching overlay client: 3622341354
01-04 18:11:00.550  1247  1247 I ClientMgr: FocusedClient changed.
01-04 18:11:00.550  1247  1247 I ClientMgr: ClientMgr::SetFocusedClient: 2205:com.oculus.vrshell type 1
01-04 18:11:00.550  1247  1247 I ClientMgr: SetFocusedPackageName - packageName com.oculus.vrshell processName com.oculus.vrshell:Overlay clientId 3622341354 clientPid 2205
01-04 18:11:00.550  1247  1247 I VrRuntimeService: RuntimeIPC: SendFocusChangeEventToAllClients: PostClientEvent SUCCESS: com.oculus.mrservice:com.oculus.mrservice:1685, com.oculus.vrshell, com.oculus.vrshell:Overlay
01-04 18:11:00.550  1247  1247 I VrRuntimeService: RuntimeIPC: SendFocusChangeEventToAllClients: PostClientEvent SUCCESS: com.YourCompany.PrototypeV4:com.YourCompany.PrototypeV4:7091, com.oculus.vrshell, com.oculus.vrshell:Overlay
01-04 18:11:00.550  1247  1247 I VrRuntimeService: RuntimeIPC: SendFocusChangeEventToAllClients: PostClientEvent SUCCESS: com.oculus.guardian:com.oculus.vrguardianservice:2765, com.oculus.vrshell, com.oculus.vrshell:Overlay
01-04 18:11:00.550  1247  1247 I VrRuntimeService: RuntimeIPC: SendFocusChangeEventToAllClients: PostClientEvent SUCCESS: com.oculus.vrshell:com.oculus.vrshell:2686, com.oculus.vrshell, com.oculus.vrshell:Overlay
01-04 18:11:00.550  1247  1247 I VrRuntimeService: RuntimeIPC: SendFocusChangeEventToAllClients: PostClientEvent SUCCESS: com.oculus.shellenv:com.oculus.shellenv:1946, com.oculus.vrshell, com.oculus.vrshell:Overlay
01-04 18:11:00.550  1247  1247 I VrRuntimeService: RuntimeIPC: SendFocusChangeEventToAllClients: PostClientEvent SUCCESS: com.oculus.vrshell:com.oculus.vrshell:Overlay:2205, com.oculus.vrshell, com.oculus.vrshell:Overlay
01-04 18:11:00.551  3456  3456 I chatty  : uid=10026 com.oculus.systemux:SystemUX expire 165 lines
01-04 18:11:00.551  1247  2158 I PerformanceManager_V0: SetClockLevels: Apply pending clock request change: 2,3 -> 4,4
01-04 18:11:00.551  1247  2154 I Clocks  : ReleaseClocks - start
01-04 18:11:00.551  1247  2154 I Clocks  : ReleaseClocks - end (0.6 ms)
01-04 18:11:00.551  1247  2154 I Clocks  : LockClocks( cpu=4, gpu=4 ) - start
01-04 18:11:00.553  7091  7125 I VrRuntimeClient: Client has lost focus.
01-04 18:11:00.553  3326  3326 D MetaCam (MediaCapabilityChecker): checkMediaHasRecordingCapabilities packageName: com.oculus.vrshell
01-04 18:11:00.553  3326  3326 D MetaCam (MediaCapabilityChecker): checkMediaHasRecordingCapabilities packageName: com.oculus.vrshell
01-04 18:11:00.554   868   868 W TrackingService: attachClient: found client in attached list
01-04 18:11:00.554  1247  2154 I Clocks  : CPU levels [0, 4]
01-04 18:11:00.554  1247  2154 I Clocks  : GPU levels [0, 5]
01-04 18:11:00.555  7091  7237 E OsSdk   : error getting shared memory region, memory type: Controller, failed with Status(-1, EX_SECURITY): 'requested shared memory region when not registered/focused'
01-04 18:11:00.555   868  1027 W TrackingService: attachClient: found client in attached list
01-04 18:11:00.555  1247  2154 I Clocks  : LockClocks( cpu=4, gpu=4 ) - end (3.7 ms)
01-04 18:11:00.555  7091  7237 E OsSdk   : error getting shared memory region, memory type: Controller, failed with Status(-1, EX_SECURITY): 'requested shared memory region when not registered/focused'
01-04 18:11:00.557   735  1007 E SensorService: Failed to set simple multi haptics, ret: -1
01-04 18:11:00.564   868  1027 W TrackingService: attachClient: found client in attached list
01-04 18:11:00.565   868  1027 D TrackingService: getSharedMemory: com.oculus.systemdriver, Controller
01-04 18:11:00.571   868  1027 W TrackingService: attachClient: found client in attached list
01-04 18:11:00.574   868  1027 D TrackingService: getSharedMemory: com.oculus.vrshell#2205, HeadTracker
01-04 18:11:00.575  1921  2482 W OVRLibrary: null cursor received for query content://com.oculus.ocms.library/apps/com.oculus.vrshell
01-04 18:11:00.575   868  1027 W TrackingService: attachClient: found client in attached list
01-04 18:11:00.576  1921  2642 I OVRMediaService: onStartCommand Received message type: overlay_input_focus_change, caller package: com.oculus.vrshell, app identify: AppIdentity{uid=10020, packageNames=[com.oculus.vrshell], sha1=MxZgtt071YLz39PLrkVGckZooCE, sha2=3C-DTjwZQjeLFPB2yCzRq1nqZWa_9HMLIEfpjvyfna8, version=null, domain=null}
01-04 18:11:00.578   868   868 W TrackingService: attachClient: found client in attached list
01-04 18:11:00.578  7091  7126 D UE4     : [2023.01.04-18.11.00:578][877]LogAndroid: Case APP_CMD_LOST_FOCUS
01-04 18:11:00.578  7091  7126 D UE4     : LogAndroidEvents::EnqueueAppEvent : 10, [width=-1, height=-1], tid = 7126, APP_EVENT_STATE_WINDOW_LOST_FOCUS
01-04 18:11:00.578   868   868 D TrackingService: getSharedMemory: com.oculus.guardian, Controller
01-04 18:11:00.579   868  1027 D TrackingService: getSharedMemory: com.oculus.vrshell, Controller
01-04 18:11:00.581  7091  7125 D UE4     : [2023.01.04-18.11.00:581][877]LogAndroidEvents: Display: LogAndroidEvents::DequeueAppEvent : 10, [width=-1, height=-1], APP_EVENT_STATE_WINDOW_LOST_FOCUS
01-04 18:11:00.581  7091  7125 D UE4     : FAppEventManager::Tick processing, 10
01-04 18:11:00.583  2205  7306 I chatty  : uid=10020(com.oculus.vrshell) ShellOverlayMai expire 7 lines
01-04 18:11:00.583  1921  2657 W OVRLibrary: null cursor received for query content://com.oculus.ocms.library/apps/com.YourCompany.PrototypeV4
01-04 18:11:00.583  1921  2657 I OVRMediaServiceManager: Sending onAppStart (com.YourCompany.PrototypeV4) to SocialPlatform (com.oculus.socialplatform)
01-04 18:11:00.585  1921  2642 I OVRMediaService: Received OVERLAY_INPUT_FOCUS_CHANGE. is focused: true
01-04 18:11:00.595   837  1020 E CalibrationProvider: loadCalibration(LDISP_SN) failed: Calibration store didn't load any info
01-04 18:11:00.596   837  1020 E CalibrationProvider: loadCalibration(RDISP_SN) failed: Calibration store didn't load any info
01-04 18:11:00.603   837  1020 E CalibrationProvider: loadCalibration(LDISP_SN) failed: Calibration store didn't load any info
01-04 18:11:00.604   837  1020 E CalibrationProvider: loadCalibration(RDISP_SN) failed: Calibration store didn't load any info
01-04 18:11:00.607  1247  2512 I VrRuntimeService: RuntimeServiceSDKServer::EnableRendering: 0x0, 0, com.oculus.vrshell:Overlay
01-04 18:11:00.607  1247  2512 I ClientMgr: EnableRendering2: invalid clientWindow, testing uid/pid
01-04 18:11:00.607  1247  2512 I ClientMgr: EnableRendering2: matched uid: 10020 and pid: 2205 
01-04 18:11:00.607  1247  2512 I ClientMgr: EnableRendering2: Calling SetFocusedClient: 3622341354
01-04 18:11:00.607  1247  2512 I ClientMgr: ClientMgr::SetFocusedClient: 2205:com.oculus.vrshell type 1
01-04 18:11:00.607  1247  2512 I ClientMgr: SetFocusedPackageName - packageName com.oculus.vrshell processName com.oculus.vrshell:Overlay clientId 3622341354 clientPid 2205
01-04 18:11:00.607  1247  2512 I ClientMgr: ClientMgr::EnableRendering 2205:com.oculus.vrshell : type 1 comp-id 2: enable
01-04 18:11:00.607  1247  2512 I CompositorClientMgr: Enable client 2
01-04 18:11:00.607  1247  2512 I VrRuntimeServer: EnableCompositorClient client(2): layer placement(2147483647) flags(0) sm(0x7e42237010)
01-04 18:11:00.607  1247  2512 I CompositorVR: CheckDebuggerConnected: debugger 0
01-04 18:11:00.607  1247  2512 I VrRuntimeServer: SysProp debug mode is disabled on Server side
01-04 18:11:00.607  1247  2512 I UnifiedTelemetryWrapper: Started UT session render:com.oculus.vrshell:Overlay
01-04 18:11:00.615  1685  3107 I [CT]    : MIXEDREALITY: MrFeatureStatus: Client status changed from Paused to Started.
01-04 18:11:00.615  1685  3107 I [CT]    : MIXEDREALITY: MrFeatureStatus: Target status Started, CurrentStatus: Paused
01-04 18:11:00.615  1685  3107 I [CT]    : MIXEDREALITY: MrFeatureStatus: Operation chain: Start
01-04 18:11:00.615  1685  3107 I [CT]    : MIXEDREALITY: MrFeatureStatus: Global status changed from Paused to Started.
01-04 18:11:00.616  1685  3107 I [CT]    : MIXEDREALITY: MrServiceController: Queuing command linked to operation Start for feature 0
01-04 18:11:00.616  1685  3067 I [CT]    : MIXEDREALITY: MrServiceView: renderIteration: (every 10 seconds), screen is: ON, PT is: OFF, ID is: OFF
01-04 18:11:00.617  1685  3067 I [CT]    : MIXEDREALITY: OpenXrSupport: renderIteration: Display refresh rate changed, new value: 72.
01-04 18:11:00.617  1685  3067 I [CT]    : MIXEDREALITY: MrRuntimeImpl: onDisplayRefreshRateChanged: Display rate changed from 90 to 72.
01-04 18:11:00.617  1685  3067 I [CT]    : MIXEDREALITY: MrRuntimeImpl: Force telemetry to be sent now.
01-04 18:11:00.617  1685  3067 I [CT]    : MIXEDREALITY: MrRuntimeImpl: Reset telemetry such to start collecting data using the new refresh rate.
01-04 18:11:00.617  2205  7309 I chatty  : uid=10020(com.oculus.vrshell) ShellOverlayMai expire 4 lines
01-04 18:11:00.617  1685  3067 I [CT]    : MIXEDREALITY: MrRuntimeImpl: setSessionInitTime: Capability 0: timer set to 6640.962225903 ns, duration reset after 31.153691759 s.
01-04 18:11:00.617  1685  3067 I [CT]    : MIXEDREALITY: MrRuntimeImpl: setSessionInitTime: Capability 2: timer set to 6640.962918819 ns, duration reset after 31.153814051 s.
01-04 18:11:00.617  1685  3067 I [CT]    : MIXEDREALITY: MrServiceModel: commitLayerState: PassthroughMode: kNone.
01-04 18:11:00.620  1247  2158 I ServiceInputManager: InhibitHandleHomeKey has changed on the service. New value: 1
01-04 18:11:00.621   719  1122 I audio_hw_primary: getting vr mode to 0
01-04 18:11:00.621  1623  1623 D OculusNotificationListenerService: Notification posted: 0|android|0|com.android.server.wm.AlertWindowNotification - com.oculus.vrshell|1000
01-04 18:11:00.622   744  5351 I AudioPolicyManagerCustom: VR mode is 0, switch to primary output if request is for fast|raw
01-04 18:11:00.623  1685  3067 I [CT]    : MIXEDREALITY: MrServiceController: Executing passthroughStart on model
01-04 18:11:00.623  1685  3067 I [CT]    : MIXEDREALITY: MrServiceModel: passthroughStart()
01-04 18:11:00.623  1685  3067 I [CT]    : MIXEDREALITY: MrServiceModel: passthroughStart: Started Passthrough
01-04 18:11:00.625   744  5351 W AudioFlinger: createTrack_l(): mismatch between requested flags (00000104) and output flags (00000006)
01-04 18:11:00.625   744  5351 D AudioFlinger: Client defaulted notificationFrames to 192 for frameCount 384
01-04 18:11:00.627  1247  6806 I CompositorVR: SetSchedFifo( tid=3067, pol=5, pri=1 ) succeeded
01-04 18:11:00.633  1921  2657 E OVRMediaServiceManager: LivestreamingManager Not initialized
01-04 18:11:00.636   744  5351 D AF::TrackHandle: OpPlayAudio: track:89 uid:10020 pkg:com.oculus.vrshell usage:1 not muted
01-04 18:11:00.637  1685  3067 I [CT]    : MIXEDREALITY: MrServiceView: renderIteration: Nothing to render, hibernating the rendering thread since ID is off and no active PT layers.
01-04 18:11:00.637  1685  3067 I [CT]    : MIXEDREALITY: MrServiceModel: Hibernating caller (most likely rendering thread) due to commandQueue being empty.
01-04 18:11:00.645  1289  1289 V AvrcpMediaPlayerList: onPlaybackConfigChanged(): Configs list size=7
01-04 18:11:00.654   719  1122 D msm8974_platform: platform_split_snd_device: snd_device(2) num devices(1) new_snd_devices(0)
01-04 18:11:00.654   719  1122 D ACDB-LOADER: ACDB -> send_audvoltable
01-04 18:11:00.654   719  1122 D ACDB-LOADER: ACDB -> ACDB_CMD_GET_AUDPROC_INSTANCE_GAIN_DEP_STEP_TABLE_SIZE
01-04 18:11:00.654   719  1122 D         : Failed to fetch the lookup information of the device 0000000F 
01-04 18:11:00.654   719  1122 D ACDB-LOADER: Error: ACDB_CMD_GET_AUDPROC_INSTANCE_GAIN_DEP_STEP_TABLE_SIZE Returned = -19
01-04 18:11:00.654   719  1122 D ACDB-LOADER: ACDB -> ACDB_CMD_GET_AUDPROC_INSTANCE_GAIN_DEP_STEP_TABLE, vol index 9
01-04 18:11:00.654   719  1122 D         : Failed to fetch the lookup information of the device 0000000F 
01-04 18:11:00.654   719  1122 D ACDB-LOADER: Error: ACDB AudProc vol returned = -19
01-04 18:11:00.654   719  1122 D ACDB-LOADER: ACDB -> AUDIO_SET_VOL_CAL cal type = 40
01-04 18:11:00.676  7091  7127 D UE4     : [GameActivity] Used memory: 463788 (VmRSS:	  210064 kB)
01-04 18:11:00.705   868  6811 W [CT]    : VEGA:MAP_TRACKING_HM: [Throttled count=24] Map tracking did not run.
01-04 18:11:00.724  1247  6806 I CompositorVR: SetSchedFifo( tid=3067, pol=2, pri=0 ) succeeded
01-04 18:11:00.749  1247  2512 I VrRuntimeService: CreateAndroidSurfaceSwapChain: 3622341354
01-04 18:11:00.749  1247  2512 I VrRuntimeService: CreateAndroidSurfaceSwapChain: 65536 1 32856 1 1 1 1 1 0 3
01-04 18:11:00.750  1247  2141 I SwapChain_Surface: CreateAndroidSurfaceSwapChainGLES: 0x7e42d12000: SurfaceTexture 0x2826 Surface 0x2836
01-04 18:11:00.750  1247  2512 I VrRuntimeServer: CreateAndroidSurfaceSwapChain: result surface 0x7e42d12000
01-04 18:11:00.750  2205  2326 I chatty  : uid=10020(com.oculus.vrshell) ShellAppBackgro expire 2 lines
01-04 18:11:00.785  3456  7313 I chatty  : uid=10026 com.oculus.systemux:SystemUX expire 3 lines
01-04 18:11:00.787  1040  3875 I DisplayManagerService: Display device added: DisplayDeviceInfo{"com.oculus.android_panel_app.AndroidPanelLayer-#main": uniqueId="virtual:com.oculus.systemux,10026,com.oculus.android_panel_app.AndroidPanelLayer-#main,1", 1000 x 625, modeId 87, defaultModeId 87, supportedModes [{id=87, width=1000, height=625, fps=60.0}], colorMode 0, supportedColorModes [0], HdrCapabilities null, density 200, 200.0 x 200.0 dpi, appVsyncOff 0, presDeadline 16666666, touch NONE, rotation 0, type VIRTUAL, state OFF, owner com.oculus.systemux (uid 10026), FLAG_PRIVATE, FLAG_NEVER_BLANK, FLAG_OWN_CONTENT_ONLY}
01-04 18:11:00.803  1040  1063 W InputReader: Device has associated, but no associated display id.
01-04 18:11:00.809  1040  1065 W InputReader: Device has associated, but no associated display id.
01-04 18:11:00.809  1040  1065 I ActivityTaskManager: Override config changes=20005df8 {0.0 ?mcc?mnc ?localeList ?layoutDir sw500dp w800dp h500dp 200dpi lrg land ?uimode ?night -touch qwerty/v/v -nav/h winConfig={ mBounds=Rect(0, 0 - 1000, 625) mAppBounds=Rect(0, 0 - 1000, 625) mWindowingMode=fullscreen mDisplayWindowingMode=fullscreen mActivityType=undefined mAlwaysOnTop=undefined mRotation=ROTATION_0}} for displayId=26
01-04 18:11:00.819  1921  7314 I AuthLogger: Action succeeded: com.oculus.auth.ACTION_STATUS, callingPackage: com.oculus.systemux, accountType: null, tokenType: null, extras: {is_relogin=false}, duration: 0ms
01-04 18:11:00.839  2765  2979 I VrGuardianService: GuardianSDKServer::SetActiveHand
01-04 18:11:00.839  2765  2979 I VrGuardianService: GuardianSDKServer::SetSecondaryControllerActive 1
01-04 18:11:00.847  2205  7317 I chatty  : uid=10020(com.oculus.vrshell) ShellOverlayMai expire 2 lines
01-04 18:11:00.849  3456  7316 I chatty  : uid=10026(com.oculus.systemux) pool-17-thread- expire 6 lines
01-04 18:11:00.855  1247  2512 I VrRuntimeService: CreateSwapChain: 3622341354
01-04 18:11:00.855  1247  2512 I VrRuntimeService: CreateSwapChain: api:gles 0 0x8c43 60 60 6 1 1 0 3
01-04 18:11:00.855  1247  2512 I VrRuntimeServer: CreateTextureSwapChain: result importswapchaingles 1
01-04 18:11:00.855  3456  7319 I chatty  : uid=10026(com.oculus.systemux) pool-17-thread- expire 3 lines
01-04 18:11:00.857  1247  2512 I VrRuntimeService: UpdateSwapChainSamplerState: 185
01-04 18:11:00.857  1247  2512 I VrRuntimeService: UpdateSwapChainSamplerState: minFilter=1 magFilter=1 wrapModeS=3 warpModeT=3 maxAniso=1.000000 border={0.000000,0.000000,0.000000,0.000000} swizzle={0,1,2,3}
01-04 18:11:00.858  1921  2116 I OVRMediaService: onStartCommand Received message type: com.oculus.horizon.GET_CAPTURE_STATE_ACTION, caller package: no_app_identity, app identify: null
01-04 18:11:00.861  1247  6806 I CompositorProgs: loaded binary layerProgram 0:0x48002:0x0 in 2.1 ms
01-04 18:11:00.872  1247  2512 I VrRuntimeService: UpdateSwapChainSamplerState: 184
01-04 18:11:00.872  1247  2512 I VrRuntimeService: UpdateSwapChainSamplerState: minFilter=1 magFilter=1 wrapModeS=3 warpModeT=3 maxAniso=1.000000 border={0.000000,0.000000,0.000000,0.000000} swizzle={0,1,2,3}
01-04 18:11:00.873  1247  2512 I VrRuntimeService: UpdateAndroidSurfaceSwapChainDimensions: 184: 1000x625
01-04 18:11:00.878  1040  1065 I DisplayManagerService: Display device changed state: "com.oculus.android_panel_app.AndroidPanelLayer-#main", ON
01-04 18:11:00.881  1921  7318 I AuthLogger: Action succeeded: com.oculus.auth.ACTION_STATUS, callingPackage: com.oculus.systemux, accountType: null, tokenType: null, extras: {is_relogin=false}, duration: 0ms
01-04 18:11:00.883  1040  3875 E WindowManager: App trying to use insecure INPUT_FEATURE_NO_INPUT_CHANNEL flag. Ignoring
01-04 18:11:00.889  1921  2116 I FileCapture: broadcast capture state to AUI running = false, with mode -1
01-04 18:11:00.913  1921  2116 I OVRMediaServiceManager: Metacam is not enabled.
01-04 18:11:00.913  1921  7318 I AuthLogger: Action succeeded: com.oculus.auth.ACTION_STATUS, callingPackage: com.oculus.systemux, accountType: null, tokenType: null, extras: {is_relogin=false}, duration: 0ms
01-04 18:11:00.922  1921  7318 I AuthLogger: Action succeeded: com.oculus.auth.ACTION_STATUS, callingPackage: com.oculus.systemux, accountType: null, tokenType: null, extras: {is_relogin=false}, duration: 0ms
01-04 18:11:01.004  7091  7190 I VrApi   : FPS=72/72,Prd=47ms,Tear=0,Early=72,Stale=0,VSnc=1,Lat=1,Fov=0,CPU4/GPU=4/4,2419/525MHz,OC=FF,TA=0/70/70,SP=N/F/F,Mem=2092MHz,Free=3234MB,PLS=0,Temp=26.0C/0.0C,TW=0.87ms,App=3.78ms,GD=0.00ms,CPU&GPU=7.90ms,LCnt=1(DR19,LM0),GPU%=0.35,CPU%=0.31(W0.37),DSF=1.00,CFL=19.73/21.42
01-04 18:11:01.061  1247  2512 I VrRuntimeService: DestroySwapChain: swapchain=185
01-04 18:11:01.068  1247  6806 I SwapChain_Surface: AttachSurfaceSwapChainGLES: 0x7e42d12000 with SurfaceTexture 0x2826 attached on init
01-04 18:11:01.068   868  6811 I [CT]    : VIPER: Mode=SuperVega,Status=6DoF,TRACKING,Inl=22,Mem=87.9,Jit=0.3mm,Issues(Cam/min=0.0,IMU/min=0.0),Exp=(14.0ms,g=15.0,I=62,Ir=296.3)(14.0ms,g=15.0,I=87,Ir=415.8)(14.0ms,g=15.0,I=86,Ir=413.1)(13.8ms,g=15.0,I=74,Ir=357.5)
01-04 18:11:01.068   868  6811 W [CT]    : VIPER: Images too dark, 
01-04 18:11:01.071  1247  6806 I CompositorProgs: loaded binary layerProgram 1:0x100000048003:0x0 in 2.5 ms
01-04 18:11:01.075  1247  2969 I VrRuntimeService: RuntimeServiceSDKServer::SetGuardianSystemState: 4014571016
01-04 18:11:01.075  2765  2970 I GuardianSystem: UpdateGuardianSystemState: Flags changed: 524288, 532480, SYSTEM_GUARDIAN_VALID to SYSTEM_GUARDIAN_VISIBLE,SYSTEM_GUARDIAN_VALID
01-04 18:11:01.085  3456  7323 I chatty  : uid=10026(com.oculus.systemux) OkHttp Dispatch expire 2 lines
01-04 18:11:01.089  1247  2969 I VrRuntimeService: RuntimeServiceSDKServer::SetGuardianSystemState: 4014571016
01-04 18:11:01.089  2765  2970 I GuardianSystem: UpdateGuardianSystemState: Flags changed: 532480, 524288, SYSTEM_GUARDIAN_VISIBLE,SYSTEM_GUARDIAN_VALID to SYSTEM_GUARDIAN_VALID
01-04 18:11:01.100  1247  6806 I CompositorVR: SetSchedFifo( tid=2970, pol=5, pri=1 ) succeeded
01-04 18:11:01.100  1247  6806 I CompositorVR: SetSchedFifo( tid=3191, pol=5, pri=1 ) succeeded
01-04 18:11:01.100  1247  6806 I CompositorVR: SetSchedFifo( tid=3261, pol=5, pri=1 ) succeeded
01-04 18:11:01.112   868  6821 I [CT]    : CONSTELLATION:VISION_STATUS: 729165a0fe4054d7 (R): BlobDetection:[#BlobsDetected=(18.98, 27.79)]Matching:[MatchSuccess=1.000, MatchCost=(0.00192, 0.00000), #MatchedBlobs=(9.53, 6.89), #MatchedLeds=(5.98, 2.16), RematchM=0.000, SkipRefine=0.000] MatchMethod:[Prox=1.000, ConstBrute=0.000, UnconstBrute=0.000] MatchResets[AnomBlobSize=0.000, SharedMatch=0.000, DenseReacq=0.000] | Fusion:[FusionError=0.000, ImuFromCamMs=(8.236, 0.606), RematchF=0.000] FusionUpdates:[Successful=0.720, Reliable=0.720, TightFusion=0.720, FullPose=0.000, StaticPrior=0.280, StaticForHandTrans=0.280, PoseUpdateMD=(0.0000, 0.0000)] FusionResets[6DoFReset=0.000, ResetSuccess=0.000] FusionStatus[HasPosition=1.000, HasVelocity=1.000] 
01-04 18:11:01.127   868  6771 I [CT]    : CONSTELLATION:IMU_STATUS: 729165a0fe4054d7 (R): [FusionTracked=1.000, OutputTracked=1.000, OutputValid=1.000] [AccelSat=0.000, GyroSat=0.000] 
01-04 18:11:01.204  3456  7327 I chatty  : uid=10026(com.oculus.systemux) OkHttp Dispatch expire 2 lines
01-04 18:11:01.214  3456  7328 I chatty  : uid=10026(com.oculus.systemux) OkHttp Dispatch expire 2 lines
01-04 18:11:01.253  1247  6806 I CompositorVR: SetSchedFifo( tid=2970, pol=2, pri=0 ) succeeded
01-04 18:11:01.254  1247  6806 I CompositorVR: SetSchedFifo( tid=3191, pol=2, pri=0 ) succeeded
01-04 18:11:01.254  1247  6806 I CompositorVR: SetSchedFifo( tid=3261, pol=2, pri=0 ) succeeded
01-04 18:11:01.628  2765  2979 I VrGuardianService: GuardianSDKServer::SetActiveHand
01-04 18:11:01.633  2765  2979 I VrGuardianService: GuardianSDKServer::SetGuardianHitDialog2 1
01-04 18:11:01.708   868  6811 W [CT]    : VEGA:MAP_TRACKING_HM: [Throttled count=24] Map tracking did not run.
01-04 18:11:01.858  1040  1744 I ActivityTaskManager: START u0 {act=android.intent.action.MAIN cat=[android.intent.category.LAUNCHER] flg=0x10010000 pkg=com.oculus.vrshell cmp=com.oculus.vrshell/.MainActivity (has extras)} from uid 10020
01-04 18:11:01.873  7091  7091 D UE4     : [GameActivity] onPause: stop memory reporter runnable
01-04 18:11:01.873  7091  7126 D UE4     : Case APP_CMD_PAUSE
01-04 18:11:01.873  7091  7091 D UE4     : [GameActivity] ==============> GameActive.onPause complete!
01-04 18:11:01.873  7091  7126 D UE4     : [2023.01.04-18.11.01:873][970]LogAndroid: Case APP_CMD_PAUSE
01-04 18:11:01.873  7091  7126 D UE4     : LogAndroidEvents::EnqueueAppEvent : 6, [width=-1, height=-1], tid = 7126, APP_EVENT_STATE_ON_PAUSE
01-04 18:11:01.873  7091  7126 D UE4     : [2023.01.04-18.11.01:873][970]LogAndroid: event thread, suspending app, acquiring HW window lock.
01-04 18:11:01.873  7091  7126 D UE4     : LogAndroidEvents::EnqueueAppEvent : 15, [width=-1, height=-1], tid = 7126, APP_EVENT_RUN_CALLBACK
01-04 18:11:01.873  7091  7126 D UE4     : [2023.01.04-18.11.01:873][970]LogAndroid: AndroidEGL::  SuspendApp_EventThread, waiting for event manager to process. tid: 7126
01-04 18:11:01.874  1040  4165 W InputReader: Device has associated, but no associated display id.
01-04 18:11:01.875  2765  2979 I VrGuardianService: GuardianSDKServer::GuardianCmd: 14
01-04 18:11:01.875  2765  2979 I GuardianSystem: GuardianSystem::GuardianCmd CMD_CLEAR_RETURN_PACKAGE
01-04 18:11:01.875  7091  7125 D UE4     : [2023.01.04-18.11.01:875][970]LogAndroidEvents: Display: LogAndroidEvents::DequeueAppEvent : 6, [width=-1, height=-1], APP_EVENT_STATE_ON_PAUSE
01-04 18:11:01.875  7091  7125 D UE4     : FAppEventManager::Tick processing, 6
01-04 18:11:01.875  7091  7125 D UE4     : [2023.01.04-18.11.01:875][970]LogVulkanRHI: FVulkanPipelineStateCacheManager: skipped saving because we only save if the PSOFC based one failed to load.
01-04 18:11:01.876  7091  7125 D UE4     : [2023.01.04-18.11.01:875][970]LogAndroidEvents: Display: LogAndroidEvents::DequeueAppEvent : 15, [width=-1, height=-1], APP_EVENT_RUN_CALLBACK
01-04 18:11:01.876  7091  7125 D UE4     : FAppEventManager::Tick processing, 15
01-04 18:11:01.876  7091  7125 D UE4     : [2023.01.04-18.11.01:876][970]LogAndroidEvents: Display: Event thread callback running.
01-04 18:11:01.876  7091  7125 D UE4     : [2023.01.04-18.11.01:876][970]LogAndroid: performing app backgrounding callback. 0xa9957710
01-04 18:11:01.879  7091  7091 D SystemActivitiesReceiver: SystemActivityReceiver.onReceive intent:Intent { act=com.oculus.system_activity flg=0x10 pkg=com.YourCompany.PrototypeV4 (has extras) }
01-04 18:11:01.879  7091  7091 D SystemActivitiesReceiver: fromPackageName: 'com.oculus.vrshell'
01-04 18:11:01.879  7091  7091 D SystemActivitiesReceiver: command: '{"Command":"exitToHome","PlatformUIVersion":4,"ToPackage":"com.YourCompany.PrototypeV4"}'
01-04 18:11:01.879  7091  7091 D SystemActivitiesReceiver: uri: ''
01-04 18:11:01.879  1040  1065 D ActivityManager: Is background playback enabled for all apps: false
01-04 18:11:01.881   744  4032 D AF::RecordHandle: OpRecordAudio: track:86 uid:10032 pkg:com.oculus.horizon usage:0 not muted
01-04 18:11:01.881   744   965 D AF::RecordHandle: OpRecordAudio: track:56 uid:10014 pkg:com.oculus.shellenv usage:0 muted
