--------- beginning of system
01-06 16:27:07.330  1052  9652 I ActivityTaskManager: START u0 {flg=0x10000000 cmp=com.YourCompany.PrototypeV4/com.epicgames.ue4.GameActivity} from uid 2000
01-06 16:27:07.359  1052  1090 I ActivityManager: Start proc 14708:com.YourCompany.PrototypeV4/u0a154 for activity {com.YourCompany.PrototypeV4/com.epicgames.ue4.GameActivity}
01-06 16:27:07.370  1052 13707 W ActivityManager: Package for pid 860: no process record found
01-06 16:27:07.701  1052  9652 D ConnectivityService: Returning BLOCKED NetworkInfo to uid=10154
01-06 16:27:07.913  1052  1080 W ActivityTaskManager: Activity top resumed state loss timeout for ActivityRecord{611a14c u0 com.YourCompany.PrototypeV4/com.epicgames.ue4.GameActivity t357}
01-06 16:27:07.913  1052  1080 W ActivityTaskManager: Activity pause timeout for ActivityRecord{611a14c u0 com.YourCompany.PrototypeV4/com.epicgames.ue4.GameActivity t357}
01-06 16:27:09.102  1052  9652 E WindowManager: App trying to use insecure INPUT_FEATURE_NO_INPUT_CHANNEL flag. Ignoring
--------- beginning of tracking
01-06 16:27:09.172   864  1042 W TrackingService: attachClient: found client in attached list
01-06 16:27:09.294   864  1042 I chatty  : uid=1000(system) Binder:864_2 identical 3 lines
01-06 16:27:09.332   864  1042 W TrackingService: attachClient: found client in attached list
01-06 16:27:09.334   864  1221 W TrackingService: attachClient: found client in attached list
01-06 16:27:09.541   864  1221 I chatty  : uid=1000(system) Binder:864_4 identical 5 lines
01-06 16:27:09.586   864  1221 W TrackingService: attachClient: found client in attached list
01-06 16:27:09.587   864  1042 W TrackingService: attachClient: found client in attached list
01-06 16:27:09.791   864  1042 I chatty  : uid=1000(system) Binder:864_2 identical 5 lines
01-06 16:27:09.832   864  1042 W TrackingService: attachClient: found client in attached list
01-06 16:27:09.834   864  1221 W TrackingService: attachClient: found client in attached list
01-06 16:27:10.707   864  1221 I chatty  : uid=1000(system) Binder:864_4 identical 26 lines
01-06 16:27:10.724  1052  1595 W ActivityManager: Permission Denial: Accessing service com.oculus.vrshell/.ShellOverlayService from pid=14708, uid=10154 requires com.oculus.vrshell.OVERLAY_HOST
01-06 16:27:10.752   864  1221 W TrackingService: attachClient: found client in attached list
01-06 16:27:10.753   864  1042 W TrackingService: attachClient: found client in attached list
01-06 16:27:10.918  1052  1546 E TaskPersister: File error accessing recents directory (directory doesn't exist?).
01-06 16:27:10.947   864  1042 I chatty  : uid=1000(system) Binder:864_2 identical 5 lines
01-06 16:27:10.992   864  1042 W TrackingService: attachClient: found client in attached list
01-06 16:27:10.994   864  1221 W TrackingService: attachClient: found client in attached list
01-06 16:27:11.436   864  1221 I chatty  : uid=1000(system) Binder:864_4 identical 12 lines
01-06 16:27:11.482   864  1221 W TrackingService: attachClient: found client in attached list
01-06 16:27:11.483   864  1042 W TrackingService: attachClient: found client in attached list
01-06 16:27:11.697   864  1042 I chatty  : uid=1000(system) Binder:864_2 identical 5 lines
01-06 16:27:11.742   864  1042 W TrackingService: attachClient: found client in attached list
01-06 16:27:11.743   864  1221 W TrackingService: attachClient: found client in attached list
01-06 16:27:12.392   864  1221 I chatty  : uid=1000(system) Binder:864_4 identical 19 lines
01-06 16:27:12.438   864  1221 W TrackingService: attachClient: found client in attached list
01-06 16:27:12.440   864  1042 W TrackingService: attachClient: found client in attached list
01-06 16:27:12.614   864  1042 I chatty  : uid=1000(system) Binder:864_2 identical 4 lines
01-06 16:27:12.655   864  1042 W TrackingService: attachClient: found client in attached list
01-06 16:27:12.659   864  1221 D TrackingService: getSharedMemory: com.YourCompany.PrototypeV4#14708, HeadTracker
01-06 16:27:12.690  1052  1178 D ConnectivityService: Blocked status changed to false for 10097(17) on netId 100
01-06 16:27:12.690  1052  1178 D ConnectivityService: Blocked status changed to false for 10097(18) on netId 100
01-06 16:27:12.702   864  1221 W TrackingService: attachClient: found client in attached list
01-06 16:27:12.703   864  1042 W TrackingService: attachClient: found client in attached list
01-06 16:27:13.152   864  1042 I chatty  : uid=1000(system) Binder:864_2 identical 12 lines
01-06 16:27:13.198   864  1042 W TrackingService: attachClient: found client in attached list
01-06 16:27:13.199   864  1221 W TrackingService: attachClient: found client in attached list
01-06 16:27:13.784   864  1221 I chatty  : uid=1000(system) Binder:864_4 identical 19 lines
01-06 16:27:13.828   864  1221 W TrackingService: attachClient: found client in attached list
01-06 16:27:13.829   864  1042 W TrackingService: attachClient: found client in attached list
01-06 16:27:18.852   864  1042 I chatty  : uid=1000(system) Binder:864_2 identical 152 lines
01-06 16:27:18.895   864  1042 W TrackingService: attachClient: found client in attached list
01-06 16:27:18.896   864  1221 W TrackingService: attachClient: found client in attached list
01-06 16:27:20.638   864  1221 I chatty  : uid=1000(system) Binder:864_4 identical 54 lines
01-06 16:27:20.681   864  1221 W TrackingService: attachClient: found client in attached list
01-06 16:27:20.682   864  1042 W TrackingService: attachClient: found client in attached list
01-06 16:27:27.443   864  1042 I chatty  : uid=1000(system) Binder:864_2 identical 222 lines
01-06 16:27:27.460   864  1042 W TrackingService: attachClient: found client in attached list
01-06 16:27:27.461   864  1221 W TrackingService: attachClient: found client in attached list
01-06 16:27:30.678   864  1221 I chatty  : uid=1000(system) Binder:864_4 identical 103 lines
01-06 16:27:30.707   864  1221 W TrackingService: attachClient: found client in attached list
01-06 16:27:30.709   864  1042 W TrackingService: attachClient: found client in attached list
01-06 16:27:31.281   864  1042 I chatty  : uid=1000(system) Binder:864_2 identical 19 lines
01-06 16:27:31.324   864  1042 W TrackingService: attachClient: found client in attached list
01-06 16:27:31.325   864  1221 W TrackingService: attachClient: found client in attached list
01-06 16:27:36.455   864  1221 I chatty  : uid=1000(system) Binder:864_4 identical 190 lines
01-06 16:27:36.474   864  1221 W TrackingService: attachClient: found client in attached list
01-06 16:27:36.495   744   922 I SyncBossHAL: [info   ] syncboss_hal_powerstate.c(50): Reporting powerstate event: PROX_ON
01-06 16:27:36.496  1052  1247 I PowerManagerService: Waking up from Asleep (uid=1000, reason=WAKE_REASON_UNKNOWN, details=VrPwMng:leave-standby)...
01-06 16:27:36.496  1052  1052 W UsageStatsService: Event reported without a package name, eventType:15
01-06 16:27:36.497  1052  1052 D ActivityManager: Is background playback enabled for all apps: false
01-06 16:27:36.498  1052  1106 I DisplayPowerController: Blocking screen on until initial contents have been drawn.
01-06 16:27:36.498  1052  1106 D ActivityTaskManager: Top Process State changed to PROCESS_STATE_TOP
01-06 16:27:36.498   860  8968 D SensorClientUtils: Cancelling delayed transition to SLEEP
01-06 16:27:36.498   860  8968 D SensorClientUtils: Received transition request from SLEEP to RUNNING
01-06 16:27:36.498   864  1221 D SensorClientUtils: Cancelling delayed transition to SLEEP
01-06 16:27:36.498   864  1221 D SensorClientUtils: Received transition request from SLEEP to RUNNING
01-06 16:27:36.499  1602  1618 D SensorClientUtils: Cancelling delayed transition to SLEEP
01-06 16:27:36.499  1602  1618 D SensorClientUtils: Received transition request from SLEEP to RUNNING
01-06 16:27:36.506  1052 14020 W ContextImpl: Calling a method in the system process without a qualified user: android.app.ContextImpl.sendBroadcast:1057 com.android.server.audio.AudioService.setMicrophoneMuteNoCallerCheck:2893 com.android.server.audio.AudioService.setMicrophoneMute:2879 android.media.IAudioService$Stub.onTransact:1112 android.os.Binder.execTransactInternal:1021 
01-06 16:27:36.507  1052  1052 D ActivityManager: Is background playback enabled for all apps: false
01-06 16:27:36.512   864  1042 W TrackingService: attachClient: found client in attached list
01-06 16:27:36.519  1052  1052 I chatty  : uid=1000 system_server identical 9 lines
01-06 16:27:36.520  1052  1052 D ActivityManager: Is background playback enabled for all apps: false
01-06 16:27:36.521   864  1221 D SensorClientUtils: Executing transition from SLEEP to STANDBY
01-06 16:27:36.522  1052  9652 E AppOps  : startOperation
01-06 16:27:36.522  1052  9652 E AppOps  : java.lang.SecurityException: Specified package MrSystemService under uid 1000 but it is really -1
01-06 16:27:36.522  1052  9652 E AppOps  : 	at com.android.server.appop.AppOpsService.verifyAndGetIsPrivileged(AppOpsService.java:2654)
01-06 16:27:36.522  1052  9652 E AppOps  : 	at com.android.server.appop.AppOpsService.startOperation(AppOpsService.java:2235)
01-06 16:27:36.522  1052  9652 E AppOps  : 	at android.app.AppOpsManager.startOpNoThrow(AppOpsManager.java:5469)
01-06 16:27:36.522  1052  9652 E AppOps  : 	at android.app.AppOpsManager.startOpNoThrow(AppOpsManager.java:5450)
01-06 16:27:36.522  1052  9652 E AppOps  : 	at com.android.server.power.Notifier.onWakeLockAcquired(Notifier.java:224)
01-06 16:27:36.522  1052  9652 E AppOps  : 	at com.android.server.power.PowerManagerService.notifyWakeLockAcquiredLocked(PowerManagerService.java:1277)
01-06 16:27:36.522  1052  9652 E AppOps  : 	at com.android.server.power.PowerManagerService.acquireWakeLockInternal(PowerManagerService.java:1112)
01-06 16:27:36.522  1052  9652 E AppOps  : 	at com.android.server.power.PowerManagerService.access$3900(PowerManagerService.java:118)
01-06 16:27:36.522  1052  9652 E AppOps  : 	at com.android.server.power.PowerManagerService$BinderService.acquireWakeLock(PowerManagerService.java:4346)
01-06 16:27:36.522  1052  9652 E AppOps  : 	at android.os.IPowerManager$Stub.onTransact(IPowerManager.java:349)
01-06 16:27:36.522  1052  9652 E AppOps  : 	at android.os.Binder.execTransactInternal(Binder.java:1021)
01-06 16:27:36.522  1052  9652 E AppOps  : 	at android.os.Binder.execTransact(Binder.java:994)
01-06 16:27:36.522   860  8968 D SensorClientUtils: Executing transition from SLEEP to STANDBY
01-06 16:27:36.522   860  8968 D SensorClientUtils: Executing transition from STANDBY to RUNNING
01-06 16:27:36.522  1602  1618 D SensorClientUtils: Executing transition from SLEEP to STANDBY
01-06 16:27:36.522  1602  1618 D OVRRemoteService: ControllerGlue: setting expected mode to Streaming
01-06 16:27:36.522  1602  1618 D OVRRemoteService: ControllerGlue: Setting current mode to Streaming
01-06 16:27:36.522  1602  1618 D OVRRemoteService: ControllerGlue: leave mode Disabled
01-06 16:27:36.522  1602  1618 D OVRRemoteService: ControllerGlue: Setting mode to Streaming
01-06 16:27:36.522  1602  1618 D OVRRemoteService: ControllerGlue: enter mode Streaming
01-06 16:27:36.523   744  1017 D SensorService: ControllerProvider: acquiring StreamingSession
01-06 16:27:36.524   744  1017 D SensorService: SyncbossEventHandler: starting all streams
01-06 16:27:36.524   744 14865 D SensorService: SyncbossEventHandler::producerThreadFunc() start
01-06 16:27:36.524   744 14865 W SensorService: Data for sensor type HMD_IMU dropped because of failure to update clock drift from vsync. 1 drops in the last 0s.
01-06 16:27:36.525   864  1045 I TrackingService: [ vision_manager] SLEEP -> STANDBY transition time: 4 ms
01-06 16:27:36.525   864  1045 I TrackingService: [            iad] SLEEP -> STANDBY transition time: 0 ms
01-06 16:27:36.527   744  1017 I SyncBossHAL: [info   ] syncboss_hal_impl_input.c(296): Restoring blocklist to property values: 2428 - 2462
01-06 16:27:36.529  1052  1052 D ActivityManager: Is background playback enabled for all apps: false
01-06 16:27:36.532   744  1017 I SyncBossHAL: [info   ] syncboss_hal_impl_input.c(304): No AFH behavior specified, enabled by default
01-06 16:27:36.532   744  1017 I SyncBossHAL: [info   ] syncboss_hal_impl_input.c(344): Input device auto-whitelisting disabled
01-06 16:27:36.538   744  1017 D SensorService: ControllerProvider: acquiring StreamingClient impl; approx # alive: 1
01-06 16:27:36.538   744  1017 D libsensorscommon: ControllerProvider: acquiring StreamingClient hidl
01-06 16:27:36.538  1602  1618 D OVRRemoteService: [controller] SLEEP -> STANDBY
01-06 16:27:36.538  1602 14874 D OVRRemoteService: processStateChange([PairedControllerInfo JEDI 729165a0fe4054d7 disconnected mcnt=0])
01-06 16:27:36.539  1602 14874 D OVRRemoteService: processStateChange([PairedControllerInfo JEDI 86557c336c360320 disconnected mcnt=0])
01-06 16:27:36.539  1602  1618 D SensorClientUtils: Executing transition from STANDBY to RUNNING
01-06 16:27:36.539  1602  1618 D OVRRemoteService: [controller] STANDBY -> RUNNING
01-06 16:27:36.541   864  1045 I TrackingService: [           bolt] SLEEP -> STANDBY transition time: 15 ms
01-06 16:27:36.542   744 14864 D SensorService: stateChangeNotifierFunc(): Reporting controller info. Change token: 44, paired=2 connected=0
01-06 16:27:36.542  1602 14874 D OVRRemoteService: processStateChange([PairedControllerInfo JEDI 86557c336c360320 disconnected update-required mcnt=0])
01-06 16:27:36.542  1602 14874 D OVRRemoteService: processStateChange([PairedControllerInfo JEDI 729165a0fe4054d7 disconnected update-required mcnt=0])
01-06 16:27:36.546  1052  1052 I chatty  : uid=1000 system_server identical 27 lines
01-06 16:27:36.546  1052  1052 D ActivityManager: Is background playback enabled for all apps: false
01-06 16:27:36.554   864  1042 W TrackingService: attachClient: found client in attached list
01-06 16:27:36.555  1052  1080 I DisplayManagerService: Display device changed state: "Built-in Screen", ON
01-06 16:27:36.580  1052  1178 D ConnectivityService: Blocked status changed to false for 10154(38) on netId 100
01-06 16:27:36.589  1052  1106 I DisplayPowerController: Unblocked screen on after 91 ms
01-06 16:27:36.602   864  1042 I chatty  : uid=1000(system) Binder:864_2 identical 1 line
01-06 16:27:36.642   864  1042 W TrackingService: attachClient: found client in attached list
01-06 16:27:36.643   864  8442 W TrackingService: attachClient: found client in attached list
01-06 16:27:36.644  1052 13707 D ConnectivityService: Returning UNBLOCKED NetworkInfo to uid=10154
01-06 16:27:36.657   864  1045 I TrackingService: [            iot] SLEEP -> STANDBY transition time: 116 ms
01-06 16:27:36.658   864 14907 D TrackingService: starting IOT motion thread, imu batch dispatch enabled=false
01-06 16:27:36.660   864  1045 I TrackingService: ConstellationTrackingGlue: setEnableExtendedDeadreckoning to false
01-06 16:27:36.660   864  1045 I TrackingService: [  constellation] SLEEP -> STANDBY transition time: 2 ms
01-06 16:27:36.661   864  1045 I TrackingService: [selftracked_client] SLEEP -> STANDBY transition time: 0 ms
01-06 16:27:36.661   864  1045 I TrackingService: [           hand] SLEEP -> STANDBY transition time: 0 ms
01-06 16:27:36.662   864  1045 I TrackingService: [         object] SLEEP -> STANDBY transition time: 1 ms
01-06 16:27:36.662   864  1045 I TrackingService: [     controller] SLEEP -> STANDBY transition time: 0 ms
01-06 16:27:36.662   864  1045 I TrackingService: [ExposureControl] SLEEP -> STANDBY transition time: 0 ms
01-06 16:27:36.662   744  1017 D SensorService: ControllerProvider: acquiring StreamingClient impl; approx # alive: 2
01-06 16:27:36.662   864  1221 D TrackingService: setPowerState: STANDBY
01-06 16:27:36.662   864  1221 D SensorClientUtils: Executing transition from STANDBY to RUNNING
01-06 16:27:36.662  1602 14874 D OVRRemoteService: processStateChange([PairedControllerInfo JEDI 86557c336c360320 disconnected update-required mcnt=0])
01-06 16:27:36.662   864  1045 I TrackingService: [ vision_manager] STANDBY -> RUNNING transition time: 0 ms
01-06 16:27:36.662  1602 14874 D OVRRemoteService: processStateChange([PairedControllerInfo JEDI 729165a0fe4054d7 disconnected update-required mcnt=0])
01-06 16:27:36.662   744  1017 D libsensorscommon: ControllerProvider: acquiring StreamingClient hidl
01-06 16:27:36.662   864  1045 I TrackingService: [            iad] STANDBY -> RUNNING transition time: 0 ms
01-06 16:27:36.662   864  1045 I TrackingService: [           bolt] STANDBY -> RUNNING transition time: 0 ms
01-06 16:27:36.667  1602  1618 D RemoteService: RemoteService - Registering status callback
01-06 16:27:36.669   744  4161 I FrameSetDispatcher: [HEADSET] Client thread started
01-06 16:27:36.669   744  4161 I CameraClientManager: [HEADSET] Added client (864) - started clients: 1
01-06 16:27:36.683   864  8442 W TrackingService: attachClient: found client in attached list
01-06 16:27:36.702   744 14865 W SensorService: Data for sensor type HMD_MAG dropped because of failure to update clock drift from vsync. 1 drops in the last 0s.
01-06 16:27:36.726   864  8442 W TrackingService: attachClient: found client in attached list
01-06 16:27:36.773   864  8442 I chatty  : uid=1000(system) Binder:864_5 identical 2 lines
01-06 16:27:36.819   864  8442 W TrackingService: attachClient: found client in attached list
01-06 16:27:36.851   744  4161 I HollywoodCameraProvider: [HollywoodCameraProvider] Set cameras to 10 bpp (format 0x00000007)
01-06 16:27:36.855   744   908 I SyncBossHAL: [info   ] pulsar_manager.c(801): No IRLED tracked controllers connected/ready
01-06 16:27:36.863   864  8442 W TrackingService: attachClient: found client in attached list
01-06 16:27:36.865   864  1042 W TrackingService: attachClient: found client in attached list
01-06 16:27:36.877  1052  1106 W PowerManagerService: Screen on took 381 ms
01-06 16:27:36.912   864  1042 W TrackingService: attachClient: found client in attached list
01-06 16:27:36.928   864  1045 I TrackingService: [            iot] STANDBY -> RUNNING transition time: 265 ms
01-06 16:27:36.931   744  4161 I FrameSetDispatcher: [CONTROLLER] Client thread started
01-06 16:27:36.931   744  4161 I CameraClientManager: [CONTROLLER] Added client (864) - started clients: 1
01-06 16:27:36.931   864  1045 I TrackingService: ConstellationTrackingGlue: setEnableExtendedDeadreckoning to false
01-06 16:27:36.931   864  1045 I TrackingService: [  constellation] STANDBY -> RUNNING transition time: 3 ms
01-06 16:27:36.931   864  1045 I TrackingService: [selftracked_client] STANDBY -> RUNNING transition time: 0 ms
01-06 16:27:36.931   864  1045 I TrackingService: [           hand] STANDBY -> RUNNING transition time: 0 ms
01-06 16:27:36.933   744  4161 I FrameSetDispatcher: [HEADSET] Client thread started
01-06 16:27:36.933   744  4161 I CameraClientManager: [HEADSET] Added client (864) - started clients: 2
01-06 16:27:36.933   864  1045 I TrackingService: [         object] STANDBY -> RUNNING transition time: 1 ms
01-06 16:27:36.933   864  1045 I TrackingService: [     controller] STANDBY -> RUNNING transition time: 0 ms
01-06 16:27:36.941   864  1045 I TrackingService: Setting initial exposure: 0.005000, initial gain: 3.000000
01-06 16:27:36.943   744  1017 I FrameSetDispatcher: [HEADSET] Client thread started
01-06 16:27:36.943   744  1017 I CameraClientManager: [HEADSET] Added client (864) - started clients: 3
01-06 16:27:36.944   864  1045 I TrackingService: [ExposureControl] STANDBY -> RUNNING transition time: 11 ms
01-06 16:27:36.945   864  1042 W TrackingService: attachClient: found client in attached list
01-06 16:27:36.945   864  1221 D TrackingService: setPowerState: RUNNING
01-06 16:27:36.945   864  1042 D TrackingService: getSharedMemory: com.oculus.systemdriver#1804, HeadTracker
01-06 16:27:36.958   864  1042 W TrackingService: attachClient: found client in attached list
01-06 16:27:36.977   744 14950 E SensorService: Frame associated with stale frame sync: sync seqId: -1, frame seqId: 3
01-06 16:27:36.977   744 14950 E SensorService: Frame is either too old or is arriving before frame sync
01-06 16:27:36.977   744 14950 E HollywoodCameraProvider: Frame marked invalid by frame generator
01-06 16:27:36.977   744 14947 E SensorService: Frame associated with stale frame sync: sync seqId: -1, frame seqId: 3
01-06 16:27:36.977   744 14945 E SensorService: Frame associated with stale frame sync: sync seqId: -1, frame seqId: 3
01-06 16:27:36.977   744 14947 E SensorService: Frame is either too old or is arriving before frame sync
01-06 16:27:36.977   744 14945 E SensorService: Frame is either too old or is arriving before frame sync
01-06 16:27:36.977   744 14958 E SensorService: Frame associated with stale frame sync: sync seqId: -1, frame seqId: 3
01-06 16:27:36.977   744 14958 E SensorService: Frame is either too old or is arriving before frame sync
01-06 16:27:37.002   864  1042 W TrackingService: attachClient: found client in attached list
01-06 16:27:37.003   744 14958 W libsensorscommon: frameset capture timestamp out of spec by -9837139.53 ms. FrameType=HEADSET, observed=9837179532000 expected=40000000. FrameSyncPeriod is: 40.00 ms
01-06 16:27:37.011   864  1042 W TrackingService: attachClient: found client in attached list
01-06 16:27:37.011   864  1042 D TrackingService: getSharedMemory: com.oculus.systemdriver, Controller
01-06 16:27:37.016   744  1017 W SyncBossHAL: [warning] pulsar_manager.c(701): No cache entry for device 729165a0xxxxxxxx with unknown type
01-06 16:27:37.017   744  1017 E SyncBossHAL: [error  ] syncboss_hal_input_helpers.c(158): Failure reading cache data when attempting to check if input is awake
01-06 16:27:37.021   744  1017 W SyncBossHAL: [warning] pulsar_manager.c(701): No cache entry for device 86557c33xxxxxxxx with unknown type
01-06 16:27:37.021   744 14958 E SensorService: Frame associated with stale frame sync: sync seqId: 4, frame seqId: 5
01-06 16:27:37.021   744 14945 E SensorService: Frame associated with stale frame sync: sync seqId: 4, frame seqId: 5
01-06 16:27:37.021   744 14958 E SensorService: Frame is either too old or is arriving before frame sync
01-06 16:27:37.021   744 14947 E SensorService: Frame associated with stale frame sync: sync seqId: 4, frame seqId: 5
01-06 16:27:37.021   744 14945 E SensorService: Frame is either too old or is arriving before frame sync
01-06 16:27:37.021   744 14947 E SensorService: Frame is either too old or is arriving before frame sync
01-06 16:27:37.021   744  1017 E SyncBossHAL: [error  ] syncboss_hal_input_helpers.c(158): Failure reading cache data when attempting to check if input is awake
01-06 16:27:37.046   864  1042 W TrackingService: attachClient: found client in attached list
01-06 16:27:37.047   864  1042 D TrackingService: getSharedMemory: com.oculus.mrservice#1687, HeadTracker
01-06 16:27:37.049   864  1042 W TrackingService: attachClient: found client in attached list
01-06 16:27:37.090   864  1042 I chatty  : uid=1000(system) Binder:864_2 identical 1 line
01-06 16:27:37.118   864  1042 W TrackingService: attachClient: found client in attached list
01-06 16:27:37.119   864  1042 D TrackingService: getSharedMemory: com.oculus.guardian#2954, HeadTracker
01-06 16:27:37.120   864  1042 W TrackingService: attachClient: found client in attached list
01-06 16:27:37.120   864  1042 D TrackingService: getSharedMemory: com.oculus.guardian, Controller
01-06 16:27:37.121   864  1042 W TrackingService: attachClient: found client in attached list
01-06 16:27:37.121   864  1042 D TrackingService: getSharedMemory: com.oculus.guardian, AnchorTracker
01-06 16:27:37.136   864  1042 W TrackingService: attachClient: found client in attached list
01-06 16:27:37.176   864  1042 I chatty  : uid=1000(system) Binder:864_2 identical 2 lines
01-06 16:27:37.187  1052 13707 E WindowManager: App trying to use insecure INPUT_FEATURE_NO_INPUT_CHANNEL flag. Ignoring
01-06 16:27:37.196   864  1042 W TrackingService: attachClient: found client in attached list
01-06 16:27:37.196   864  1042 D TrackingService: getSharedMemory: com.oculus.vrshell#2150, HeadTracker
01-06 16:27:37.209   744 14915 E FrameSetDispatcher: [HEADSET] Client pid=864 (864): Failed to read from receive FMQ for 1 packets in 5000ms.
01-06 16:27:37.209   744 14915 E FrameSetDispatcher: This probably means this client is taking more than 33 ms to process the frame.
01-06 16:27:37.209   744 14915 E FrameSetDispatcher: Retrying.
01-06 16:27:37.222   864  1042 W TrackingService: attachClient: found client in attached list
01-06 16:27:37.288  1052  7162 I ActivityTaskManager: START u0 {act=android.intent.action.MAIN cmp=com.oculus.os.clearactivity/.ClearActivity (has extras)} from uid 10020
01-06 16:27:37.290  1052  7162 W ActivityTaskManager: startActivity called from non-Activity context; forcing Intent.FLAG_ACTIVITY_NEW_TASK for: Intent { act=android.intent.action.MAIN flg=0x800000 cmp=com.oculus.os.clearactivity/.ClearActivity (has extras) }
01-06 16:27:37.302  1052  1080 D ActivityManager: Is background playback enabled for all apps: false
01-06 16:27:37.322  1052  5078 E WindowManager: App trying to use insecure INPUT_FEATURE_NO_INPUT_CHANNEL flag. Ignoring
01-06 16:27:37.355   864  1042 I chatty  : uid=1000(system) Binder:864_2 identical 3 lines
01-06 16:27:37.400   864  1042 W TrackingService: attachClient: found client in attached list
01-06 16:27:37.401   864  1221 W TrackingService: attachClient: found client in attached list
01-06 16:27:37.723   864  1221 I chatty  : uid=1000(system) Binder:864_4 identical 8 lines
01-06 16:27:37.765   864  1221 W TrackingService: attachClient: found client in attached list
01-06 16:27:37.812   864  1042 W TrackingService: attachClient: found client in attached list
--------- beginning of main
01-06 16:27:37.832  1962 15006 I FbnsPushNotificationHandler: Received notification with id: U6U5f19a9bb2a6d6G611a4f622a16G5f19ae548a9a8G1fc0
01-06 16:27:37.832  1962 15006 I NotificationReceiver: Notif received: oculus_user_status with id  and ndid U6U5f19a9bb2a6d6G611a4f622a16G5f19ae548a9a8G1fc0
01-06 16:27:37.843  1962 15006 I NotificationReceiver: Notification has no message and thus will be discarded
01-06 16:27:37.850  2150  2891 I [OAO] GuardianController: GetShellGuardianState: Requesting holding until passthrough is up
01-06 16:27:37.852  2150  2891 I [OAO] GuardianController: GetShellGuardianState: Requesting holding until passthrough is up
01-06 16:27:37.858  2150  2891 I [OAO] GuardianController: GetShellGuardianState: Requesting holding until passthrough is up
01-06 16:27:37.860  2150  2891 I [OAO] GuardianController: GetShellGuardianState: Requesting holding until passthrough is up
01-06 16:27:37.860  2150  2891 I [OAO] GuardianController: GetShellGuardianState: Requesting holding until passthrough is up
01-06 16:27:37.871 14708 14830 I VrRuntimeClient: UpdateEvents: HMT was mounted
01-06 16:27:37.871 14708 14830 I VrRuntimeClient: Client has lost focus.
01-06 16:27:37.871  2150  2891 I [OAO] GuardianController: GetShellGuardianState: Requesting holding until passthrough is up
01-06 16:27:37.871 14708 14830 W OsSdk   : Requested historical tracking state too far in the past; oldest: 9840.180395s, requested: 9839.789858s
01-06 16:27:37.876   874  2921 E VrApiService: Failed to set affinity for thread 14736, err: -22
01-06 16:27:37.876   874 10925 E VrApiService: Failed to set affinity for thread 14830, err: -22
01-06 16:27:37.877  2150  2891 I [OAO] GuardianController: GetShellGuardianState: Requesting holding until passthrough is up
01-06 16:27:37.877   874  1235 E VrApiService: Failed to set affinity for thread 14815, err: -22
01-06 16:27:37.877  2150  2891 I [OAO] GuardianController: GetShellGuardianState: Requesting holding until passthrough is up
01-06 16:27:37.881  2150  2891 I [OAO] GuardianController: GetShellGuardianState: Requesting holding until passthrough is up
01-06 16:27:37.884  2150  2891 I [OAO] GuardianController: GetShellGuardianState: Requesting holding until passthrough is up
01-06 16:27:37.893  2954  3062 I GuardianSystem: runtimeServiceSDKClient_.ForceShowGuardianEvent
01-06 16:27:37.893  2954  3062 I GuardianSystem: ForceShowGuardian: false, 0.00
01-06 16:27:37.895  2150  2891 I [OAO] GuardianController: GetShellGuardianState: Requesting holding until passthrough is up
01-06 16:27:37.897 14708 14830 W VrApi   : FrameIndex = 15, RetiredClientFrameIndex = 1, waited for 25 msec for frame to retire
01-06 16:27:37.897  2150  2891 I [OAO] GuardianController: GetShellGuardianState: Requesting holding until passthrough is up
01-06 16:27:37.897  2150  2891 I [OAO] GuardianController: GetShellGuardianState: Requesting holding until passthrough is up
01-06 16:27:37.902   864  1042 I chatty  : uid=1000(system) Binder:864_2 identical 2 lines
01-06 16:27:37.910  2150  2891 I [OAO] GuardianController: GetShellGuardianState: Requesting holding until passthrough is up
01-06 16:27:37.912  2150  2891 I [OAO] GuardianController: GetShellGuardianState: Requesting holding until passthrough is up
01-06 16:27:37.922 14708 14830 W VrApi   : FrameIndex = 15, RetiredClientFrameIndex = 1, waited for 50 msec for frame to retire
01-06 16:27:37.924  2150  2891 I [OAO] GuardianController: GetShellGuardianState: Requesting holding until passthrough is up
01-06 16:27:37.926  2150  2891 I [OAO] GuardianController: GetShellGuardianState: Requesting holding until passthrough is up
01-06 16:27:37.939  2150  2891 I [OAO] GuardianController: GetShellGuardianState: Requesting holding until passthrough is up
01-06 16:27:37.942  2150  2891 I [OAO] GuardianController: GetShellGuardianState: Requesting holding until passthrough is up
01-06 16:27:37.942  2150  2891 I [OAO] GuardianController: GetShellGuardianState: Requesting holding until passthrough is up
01-06 16:27:37.947 14708 14830 W VrApi   : FrameIndex = 15, RetiredClientFrameIndex = 1, waited for 75 msec for frame to retire
01-06 16:27:37.947   864  1042 W TrackingService: attachClient: found client in attached list
01-06 16:27:37.949   864  1221 W TrackingService: attachClient: found client in attached list
01-06 16:27:37.954  2150  2891 I [OAO] GuardianController: GetShellGuardianState: Requesting holding until passthrough is up
01-06 16:27:37.956  2150  2891 I [OAO] GuardianController: GetShellGuardianState: Requesting holding until passthrough is up
01-06 16:27:37.956  2150  2891 I [OAO] GuardianController: GetShellGuardianState: Requesting holding until passthrough is up
01-06 16:27:37.968  2150  2891 I [OAO] GuardianController: GetShellGuardianState: Requesting holding until passthrough is up
01-06 16:27:37.969  2150  2891 I [OAO] GuardianController: GetShellGuardianState: Requesting holding until passthrough is up
01-06 16:27:37.969  2150  2891 I [OAO] GuardianController: GetShellGuardianState: Requesting holding until passthrough is up
01-06 16:27:37.972 14708 14830 W VrApi   : FrameIndex = 15, RetiredClientFrameIndex = 1, waited for 100 msec for frame to retire
01-06 16:27:37.982  2150  2891 I [OAO] GuardianController: GetShellGuardianState: Requesting holding until passthrough is up
01-06 16:27:37.984  2150  2891 I [OAO] GuardianController: GetShellGuardianState: Requesting holding until passthrough is up
01-06 16:27:37.984  2150  2891 I [OAO] GuardianController: GetShellGuardianState: Requesting holding until passthrough is up
01-06 16:27:37.994   692   953 I netd    : trafficSwapActiveStatsMap() <0.17ms>
01-06 16:27:37.996   692   953 I netd    : tetherGetStats() <0.57ms>
01-06 16:27:37.996  2150  2891 I [OAO] GuardianController: GetShellGuardianState: Requesting holding until passthrough is up
01-06 16:27:37.998  2150  2891 I [OAO] GuardianController: GetShellGuardianState: Requesting holding until passthrough is up
01-06 16:27:37.998  2150  2891 I [OAO] GuardianController: GetShellGuardianState: Requesting holding until passthrough is up
01-06 16:27:38.006   692   953 I netd    : bandwidthSetGlobalAlert(2097152) <0.16ms>
01-06 16:27:38.011  2150  2891 I [OAO] GuardianController: GetShellGuardianState: Requesting holding until passthrough is up
01-06 16:27:38.012  2150  2891 I [OAO] GuardianController: GetShellGuardianState: Requesting holding until passthrough is up
01-06 16:27:38.026  2150  2891 I [OAO] GuardianController: GetShellGuardianState: Requesting holding until passthrough is up
01-06 16:27:38.028  2150  2891 I [OAO] GuardianController: GetShellGuardianState: Requesting holding until passthrough is up
01-06 16:27:38.028  2150  2891 I [OAO] GuardianController: GetShellGuardianState: Requesting holding until passthrough is up
01-06 16:27:38.034 14708 14830 W VrApi   : FrameIndex = 15, RetiredClientFrameIndex = 1, waited for 125 msec for frame to retire
01-06 16:27:38.039  2150  2891 I [OAO] GuardianController: GetShellGuardianState: Requesting holding until passthrough is up
01-06 16:27:38.041  2150  2891 I [OAO] GuardianController: GetShellGuardianState: Requesting holding until passthrough is up
01-06 16:27:38.053  2150  2891 I [OAO] GuardianController: GetShellGuardianState: Requesting holding until passthrough is up
01-06 16:27:38.055  2150  2891 I [OAO] GuardianController: GetShellGuardianState: Requesting holding until passthrough is up
01-06 16:27:38.068  2150  2891 I [OAO] GuardianController: GetShellGuardianState: Requesting holding until passthrough is up
01-06 16:27:38.070  2150  2891 I [OAO] GuardianController: GetShellGuardianState: Requesting holding until passthrough is up
01-06 16:27:38.070  2150  2891 I [OAO] GuardianController: GetShellGuardianState: Requesting holding until passthrough is up
01-06 16:27:38.082  2150  2891 I [OAO] GuardianController: GetShellGuardianState: Requesting holding until passthrough is up
01-06 16:27:38.083  2150  2891 I [OAO] GuardianController: GetShellGuardianState: Requesting holding until passthrough is up
01-06 16:27:38.087   860 14989 I [CT]    : MIXEDREALITY: ServiceLogic: sendMrEngine: Pause
01-06 16:27:38.087   860 14989 I [CT]    : MIXEDREALITY: ServiceLogic: Camera Thread has now tid -1
01-06 16:27:38.090  2954  3062 I GuardianSystem: Environment Status changed: 33 to 34
01-06 16:27:38.097  2150  2891 I [OAO] GuardianController: GetShellGuardianState: Requesting holding until passthrough is up
01-06 16:27:38.099  2150  2891 I [OAO] GuardianController: GetShellGuardianState: Requesting holding until passthrough is up
01-06 16:27:38.099 14708 14830 W VrApi   : FrameIndex = 15, RetiredClientFrameIndex = 1, waited for 150 msec for frame to retire
01-06 16:27:38.111  2150  2891 I [OAO] GuardianController: GetShellGuardianState: Requesting holding until passthrough is up
01-06 16:27:38.112  2150  2891 I [OAO] GuardianController: GetShellGuardianState: Requesting holding until passthrough is up
01-06 16:27:38.124  2150  2891 I [OAO] GuardianController: GetShellGuardianState: Requesting holding until passthrough is up
01-06 16:27:38.125  2150  2891 I [OAO] GuardianController: GetShellGuardianState: Requesting holding until passthrough is up
01-06 16:27:38.128   864  1221 I chatty  : uid=1000(system) Binder:864_4 identical 4 lines
01-06 16:27:38.130  2954  3062 I StateMachine: StateMachine::Update GuardianInitializationStateMachine: lostTrackingEvent -> TrackingLost_Black
01-06 16:27:38.149  2150  2891 I [OAO] GuardianController: GetShellGuardianState: Requesting holding until passthrough is up
01-06 16:27:38.152  2150  2891 I [OAO] GuardianController: GetShellGuardianState: Requesting holding until passthrough is up
01-06 16:27:38.153  2150  2891 I [OAO] GuardianController: GetShellGuardianState: Requesting holding until passthrough is up
01-06 16:27:38.163  2150  2891 I [OAO] GuardianController: GetShellGuardianState: Requesting holding until passthrough is up
01-06 16:27:38.164 14708 14830 W VrApi   : FrameIndex = 15, RetiredClientFrameIndex = 1, waited for 175 msec for frame to retire
01-06 16:27:38.165  2150  2891 I [OAO] GuardianController: GetShellGuardianState: Requesting holding until passthrough is up
01-06 16:27:38.165  2150  2891 I [OAO] GuardianController: GetShellGuardianState: Requesting holding until passthrough is up
01-06 16:27:38.172   864  1221 W TrackingService: attachClient: found client in attached list
01-06 16:27:38.178  2150  2891 I [OAO] GuardianController: GetShellGuardianState: Requesting holding until passthrough is up
01-06 16:27:38.180  2150  2891 I [OAO] GuardianController: GetShellGuardianState: Requesting holding until passthrough is up
01-06 16:27:38.191  2150  2891 I [OAO] GuardianController: GetShellGuardianState: Requesting holding until passthrough is up
01-06 16:27:38.193  2150  2891 I [OAO] GuardianController: GetShellGuardianState: Requesting holding until passthrough is up
01-06 16:27:38.206  2150  2891 I [OAO] GuardianController: GetShellGuardianState: Requesting holding until passthrough is up
01-06 16:27:38.207  2150  2891 I [OAO] GuardianController: GetShellGuardianState: Requesting holding until passthrough is up
01-06 16:27:38.212   864  1042 W TrackingService: attachClient: found client in attached list
01-06 16:27:38.213   864  1221 W TrackingService: attachClient: found client in attached list
01-06 16:27:38.220  2150  2891 I [OAO] GuardianController: GetShellGuardianState: Requesting holding until passthrough is up
01-06 16:27:38.222  2150  2891 I [OAO] GuardianController: GetShellGuardianState: Requesting holding until passthrough is up
01-06 16:27:38.228 14708 14830 W VrApi   : FrameIndex = 15, RetiredClientFrameIndex = 1, waited for 200 msec for frame to retire
01-06 16:27:38.234  2150  2891 I [OAO] GuardianController: GetShellGuardianState: Requesting holding until passthrough is up
01-06 16:27:38.236  2150  2891 I [OAO] GuardianController: GetShellGuardianState: Requesting holding until passthrough is up
01-06 16:27:38.248  2150  2891 I [OAO] GuardianController: GetShellGuardianState: Requesting holding until passthrough is up
01-06 16:27:38.250  2150  2891 I [OAO] GuardianController: GetShellGuardianState: Requesting holding until passthrough is up
01-06 16:27:38.251  2954  3062 I StateMachine: StateMachine::Update TrackingLost: valid -> Valid
01-06 16:27:38.252  1804  3059 I chatty  : uid=10025(com.oculus.systemdriver) Thread-17 expire 1 line
01-06 16:27:38.252  2954  3062 I GuardianSystem: UpdateGuardianSystemState: Flags changed: 544768, 528384, SYSTEM_RELOCALIZING,SYSTEM_TRACKING_LOST,SYSTEM_GUARDIAN_VALID to SYSTEM_RELOCALIZING,SYSTEM_GUARDIAN_VALID
01-06 16:27:38.253   864  1221 W TrackingService: attachClient: found client in attached list
01-06 16:27:38.261  1804 14948 I chatty  : uid=10025(com.oculus.systemdriver) OVR::TimeWarp expire 5 lines
01-06 16:27:38.263  2150  2891 I [OAO] FlowController: UpdateActiveFlow from OverlayGuardianFlow to (none)
01-06 16:27:38.263  2150  2891 I [OAO] OverlayGuardianFlow: OverlayGuardianFlow Deactivated
01-06 16:27:38.263  2150  2891 I [OAO] OverlayGuardianFlow: OverlayGuardianFlow::ParseShellUri IsRequestingActivation() = 0
01-06 16:27:38.263  2150  2891 I [OAO] OverlayGuardianFlow: OverlayGuardianFlow::ParseShellUri shellGuardianState = 0
01-06 16:27:38.263  2150  2891 I [OAO] GuardianController: SETUP STATE1 ACTIVE: GUARDIAN_SYSTEM_RELOCALIZING
01-06 16:27:38.263  2150  2891 I [OAO] GuardianController: SETUP STATE1 ACTIVE: GUARDIAN_SYSTEM_GUARDIAN_VALID
01-06 16:27:38.263  2150  2891 I [OAO] GuardianController: SETUP STATE2 ACTIVE: GUARDIAN_SYSTEM_2_SHOULD_PUSH_BLACK
01-06 16:27:38.263  2150  2891 I [OAO] InputManager: Should render Hands system gestures icons: yes
01-06 16:27:38.264  2150  2891 I [OAO] ShellOverlayApp: ResolveInteractionState: change from InputFocus to None
01-06 16:27:38.264  2150  2891 I [OAO] ShellOverlayApp: LeaveVrMode: Interaction state from InputFocus to None
01-06 16:27:38.264  2150  2891 I [OAO] ShellTransitionState: Logging ShellTransitionState to dumpsys: {"state":"Backgrounding","timeMillis":"9840862"}
01-06 16:27:38.264  2150  2891 I [OAO] ShellOverlayApp: EmptyFrame: Pushing an empty frame
01-06 16:27:38.264  2954  3093 I VrGuardianService: GuardianSDKServer::ClearPassthroughFlag
01-06 16:27:38.277  2150  2891 I [OAO] VrPlatformOpenXr: VrPlatformOpenXr::SetPropInhibitHandleHomeKey inhibit:0
01-06 16:27:38.277  2150  2891 I OpenXR_DeviceSettings: ------------ xrSetDeviceSettingBooleanFB -----------
01-06 16:27:38.277  2150  2891 I ClientInputSettings: SetInhibitHandleHomeKey = false for com.oculus.vrshell
01-06 16:27:38.277  2150  2891 I ClientInputInterface: SetInhibitHandleHomeKey 0 for process com.oculus.vrshell 2150
01-06 16:27:38.277  2150  2891 I [OAO] VrPlatformOpenXr: VrPlatformOpenXr::SetPropInhibitHandleHomeKey result = 0
01-06 16:27:38.277  2150  2891 I [OAO] DragDropController: OnBackground
01-06 16:27:38.277  2150  2891 I [OAO] DesktopPanelControllerAnalytics: DesktopPanelControllerAnalytics flushing telemetry
01-06 16:27:38.277  2150  2891 I [OAO] DesktopPanelControllerAnalytics: FlushPendingDesktopMetrics Tablet
01-06 16:27:38.277  2150  2891 I [OAO] VrPlatformOpenXr: RequestEndSession state XR_SESSION_STATE_FOCUSED    focused:1
01-06 16:27:38.277  2150  2891 D [OAO] ShellApplication: setOverlayInputFocus: inputFocus=false shouldSupportIME=false
01-06 16:27:38.277  2150  2891 D [OAO] BaseOverlayService: setOverlayInputFocus : entrypoint - inputFocus=false shouldSupportIME=false
01-06 16:27:38.277  2150  2891 I OpenXR  : ------------ RequestExitSession [start] -----------
01-06 16:27:38.277  2150  2891 I OpenXR  : ------------ RequestExitSession [end] -----------
01-06 16:27:38.277  2150  2891 I OpenXR  : PostSessionStateChange: XR_SESSION_STATE_FOCUSED -> XR_SESSION_STATE_VISIBLE
01-06 16:27:38.277  2150  2891 I [OAO] VrPlatformOpenXr: xrPollEvent: received XR_TYPE_EVENT_DATA_SESSION_STATE_CHANGED: 4 for session 0x2 at time 9840.875685
01-06 16:27:38.277  2150  2891 I [OAO] VrPlatformOpenXr: Session state changed XR_SESSION_STATE_VISIBLE
01-06 16:27:38.277  2150  2891 I OpenXR  : PostSessionStateChange: XR_SESSION_STATE_VISIBLE -> XR_SESSION_STATE_SYNCHRONIZED
01-06 16:27:38.277  2150  2891 I [OAO] VrPlatformOpenXr: xrPollEvent: received XR_TYPE_EVENT_DATA_SESSION_STATE_CHANGED: 3 for session 0x2 at time 9840.875746
01-06 16:27:38.277  2150  2891 I [OAO] VrPlatformOpenXr: Session state changed XR_SESSION_STATE_SYNCHRONIZED
01-06 16:27:38.277  2150  2891 I OpenXR  : PostSessionStateChange: XR_SESSION_STATE_SYNCHRONIZED -> XR_SESSION_STATE_STOPPING
01-06 16:27:38.277  2150  2891 I [OAO] VrPlatformOpenXr: xrPollEvent: received XR_TYPE_EVENT_DATA_SESSION_STATE_CHANGED: 6 for session 0x2 at time 9840.875800
01-06 16:27:38.277  2150  2891 I [OAO] VrPlatformOpenXr: Session state changed XR_SESSION_STATE_STOPPING
01-06 16:27:38.277  2150  2891 I [OAO] VrPlatformOpenXr: EndSession state XR_SESSION_STATE_STOPPING    focused:0
01-06 16:27:38.277  2150  2891 I [OAO] VrPlatformOpenXr: EndSession calling MrServiceClient EndSession
01-06 16:27:38.277  2150  2150 D [OAO] BaseOverlayService: detachServiceWindowView
01-06 16:27:38.278  1687  3215 I [CT]    : MIXEDREALITY: MrFeatureStatus: Client status changed from Started to Paused.
01-06 16:27:38.278  1687  3215 I [CT]    : MIXEDREALITY: MrFeatureStatus: Target status Paused, CurrentStatus: Started
01-06 16:27:38.278  1687  3215 I [CT]    : MIXEDREALITY: MrFeatureStatus: Operation chain: Pause
01-06 16:27:38.278  1687  3215 I [CT]    : MIXEDREALITY: MrFeatureStatus: Global status changed from Started to Paused.
01-06 16:27:38.278  1687  3215 I [CT]    : MIXEDREALITY: MrServiceController: Queuing command linked to operation Pause for feature 0
01-06 16:27:38.278  1687  3207 I [CT]    : MIXEDREALITY: MrServiceController: Executing passthroughPause on model
01-06 16:27:38.278  1687  3207 I [CT]    : MIXEDREALITY: MrServiceModel: passthroughPause()
01-06 16:27:38.278  1687  3207 I [CT]    : MIXEDREALITY: MrServiceModel: passthroughPause: Paused Passthrough
01-06 16:27:38.278  1687  3207 I [CT]    : MIXEDREALITY: MrRuntimeImpl: onPause: Capability 0 on device 2.
01-06 16:27:38.278  1687  3207 I [CT]    : MIXEDREALITY: MrRuntimeImpl: onPause: Capability 1 on device 2.
01-06 16:27:38.278   860  3199 I [CT]    : MIXEDREALITY: MrSystemServiceIPCServer: ChangeMrCapabilityStatusNonBlocking: client 1341373499, capability 0, command 0.
01-06 16:27:38.279   860  3199 I [CT]    : MIXEDREALITY: ServiceLogic: Stopping: Passthrough
01-06 16:27:38.279   860  3199 I [CT]    : MIXEDREALITY: MrRuntimeCompute: onStop: Passthrough.
01-06 16:27:38.279   860  3199 I [CT]    : MIXEDREALITY: MrRuntimeCompute: onStop: All capabilities using stereopipeline are off, pausing stereo pipeline.
01-06 16:27:38.279  1687  3207 W OsSdk   : Requested historical tracking state too far in the past; oldest: 9840.592776s, requested: 9839.873425s
01-06 16:27:38.279   860  3199 I [CT]    : MIXEDREALITY: MrSystemServiceIPCServer: ChangeMrCapabilityStatusNonBlocking: client 1341373499, capability 1, command 0.
01-06 16:27:38.279   860  3199 I [CT]    : MIXEDREALITY: ServiceLogic: Stopping: Playspace
01-06 16:27:38.279   860  3199 I [CT]    : MIXEDREALITY: MrRuntimeCompute: onStop: Playspace.
01-06 16:27:38.279   860  3199 I [CT]    : MIXEDREALITY: MrRuntimeCompute: onStop: All capabilities using stereopipeline are off, pausing stereo pipeline.
01-06 16:27:38.279  1687  3207 I [CT]    : MIXEDREALITY: MrServiceModel: Hibernating caller (most likely rendering thread) due to commandQueue being empty.
01-06 16:27:38.279  2150  2891 I [OAO] VrPlatformOpenXr: EndSession MrServiceClient EndSession passed
01-06 16:27:38.280  2150  2891 I [OAO] VrPlatformOpenXr: EndSession calling xrEndSession
01-06 16:27:38.280  2150  2891 I OpenXR  : ------------ xrEndSession [start] -----------
01-06 16:27:38.280  2150  2891 I XrRuntimeUtils: XrRuntimeUtils::EndSession
01-06 16:27:38.287  1804  2851 I chatty  : uid=10025(com.oculus.systemdriver) ClientRequest expire 1 line
01-06 16:27:38.287  1621  1621 D OculusNotificationListenerService: Notification removed: 0|android|0|com.android.server.wm.AlertWindowNotification - com.oculus.vrshell|1000
01-06 16:27:38.287  1804  1804 I chatty  : uid=10025(com.oculus.systemdriver) com.oculus.vrruntimeservice expire 4 lines
01-06 16:27:38.288  3515  3515 D [SUI] ActivityManagerUtilsHelper: onFocusedWindowChanged: Instance: com.oculus.common.activitymanager.ActivityManagerUtilsHelper@de94b53, topWindowUid: 10072, focusedApp: com.oculus.os.clearactivity, previousApp: com.oculus.vrshell
01-06 16:27:38.289  1804 14948 I chatty  : uid=10025(com.oculus.systemdriver) OVR::TimeWarp expire 2 lines
01-06 16:27:38.289  3392  3392 D MetaCam (MediaCapabilityChecker): checkMediaHasRecordingCapabilities packageName: com.oculus.os.clearactivity
01-06 16:27:38.291  2954  3062 I StateMachine: StateMachine::Update GuardianInitializationStateMachine: relocalizingEvent -> Relocalizing_Black
01-06 16:27:38.293 14708 14830 W VrApi   : FrameIndex = 15, RetiredClientFrameIndex = 1, waited for 225 msec for frame to retire
01-06 16:27:38.294  2150  2891 D VrApi   : targetSDKVersion 29
01-06 16:27:38.295  2150  2150 D [OAO] BaseOverlayService: setOverlayInputFocus : completed - inputFocus=false shouldSupportIME=false actionTaken:true
01-06 16:27:38.296  2150  2150 I [OAO] VrNotificationListenerService: onNotificationRemoved() - key = 0|android|0|com.android.server.wm.AlertWindowNotification - com.oculus.vrshell|1000, type = third_party
01-06 16:27:38.296  2150  2150 D VrNotificationAnalytics: logNotificationRemoved(third_party)
01-06 16:27:38.299   864  1042 W TrackingService: attachClient: found client in attached list
01-06 16:27:38.299  2150  2891 I VrRuntimeClient: DEVICE MODEL NUMBER = Quest 2
01-06 16:27:38.299  2150  2891 I VrRuntimeClient: DEVICE BUILD NAME = user-49068160412800150
01-06 16:27:38.299  2150  2891 I VrRuntimeClient: DEVICE BUILD TYPE = user
01-06 16:27:38.299  2150  2891 I VrRuntimeClient: DEVICE OS VERSION = 10
01-06 16:27:38.299  2150  2891 I VrRuntimeClient: API LOADER VERSION = 1.0.22
01-06 16:27:38.299  2150  2891 I VrRuntimeClient: RUNTIME API VERSION = 1.0.25
01-06 16:27:38.299  2150  2891 I VrRuntimeClient: RUNTIME VERSION = 47.0.0.282.341 Nov 25 2022 14:16:37 RELEASE
01-06 16:27:38.299  2150  2891 I VrRuntimeClient: APP NAME = Oculus App Runtime
01-06 16:27:38.299  2150  2891 I VrRuntimeClient: APP VERSION = 47.0.0.282.341 versionCode 428237138 internalVersionName 47.0.0.282.341.8e28c4f8052b 2022_12_12_06_16
01-06 16:27:38.299  2150  2891 I VrRuntimeClient: APP VR TYPE = vr_only
01-06 16:27:38.299  2150  2891 I VrRuntimeClient: APP MODE TYPE = VR
01-06 16:27:38.299  2150  2891 I VrRuntimeClient: APP PACKAGE NAME = com.oculus.vrshell
01-06 16:27:38.299  2150  2891 I VrRuntimeClient: APP ACTIVITY CLASS = com.oculus.vrshell.ShellOverlayService
01-06 16:27:38.300  2150  2891 D BatteryReceiver: Unregistering battery receiver
01-06 16:27:38.301  2150  2891 I Sensor  : OSSDKTRACKING Shutdown tracking
01-06 16:27:38.301  2150  2891 I LogTimer: CPUTIME: VrRuntimeClient_EndSession took 19.8779 ms
01-06 16:27:38.301  1804  2851 I chatty  : uid=10025(com.oculus.systemdriver) ClientRequest expire 2 lines
01-06 16:27:38.301  1804  2847 I chatty  : uid=10025(com.oculus.systemdriver) OVR::Clocks expire 1 line
01-06 16:27:38.303  1804 14948 I chatty  : uid=10025(com.oculus.systemdriver) OVR::TimeWarp expire 2 lines
01-06 16:27:38.304  1804  2847 I chatty  : uid=10025(com.oculus.systemdriver) OVR::Clocks expire 1 line
01-06 16:27:38.311  1962  2096 W OVRLibrary: null cursor received for query content://com.oculus.ocms.library/apps/com.YourCompany.PrototypeV4
01-06 16:27:38.312  1962  2096 I OVRMediaServiceManager: Sending onAppStart (com.YourCompany.PrototypeV4) to SocialPlatform (com.oculus.socialplatform)
01-06 16:27:38.314  1962  2399 W OVRLibrary: null cursor received for query content://com.oculus.ocms.library/apps/com.oculus.os.clearactivity
