01-05 18:27:52.816  1499  7926 D OVRRemoteService: processStateChange([PairedControllerInfo JEDI 86557c336c360320 connected mcnt=0])
01-05 18:27:52.816   583   609 I SyncBossFW: 6198978 [info   ] {APPI}: Found 1 connected pulsar devices
01-05 18:27:52.816  7790  7818 I OVRPlugin: HandleVrapiEvents: Unknown Event.
01-05 18:27:52.816  7790  7818 I OVRPlugin: HandleVrapiEvents: Unknown Event.
01-05 18:27:52.816   742   742 D SensorService: ControllerProvider: Succesfully set tx power to -4, filter to -4
01-05 18:27:52.816  1499  7926 D OVRRemoteService: processStateChange([PairedControllerInfo JEDI 729165a0fe4054d7 disconnected update-required mcnt=0])
01-05 18:27:52.817   742   917 I SyncBossHAL: [info   ] pulsar_manager.c(866): Setting transmit power for all connected controllers to -4 dBm
01-05 18:27:52.817   730   730 D msm8974_platform: platform_split_snd_device: snd_device(22) num devices(1) new_snd_devices(0)
01-05 18:27:52.817   730   730 D ACDB-LOADER: ACDB -> send_audvoltable
01-05 18:27:52.817   730   730 D ACDB-LOADER: ACDB -> ACDB_CMD_GET_AUDPROC_INSTANCE_GAIN_DEP_STEP_TABLE_SIZE
01-05 18:27:52.817   730   730 D         : Failed to fetch the lookup information of the device 0000000F 
01-05 18:27:52.817   730   730 D ACDB-LOADER: Error: ACDB_CMD_GET_AUDPROC_INSTANCE_GAIN_DEP_STEP_TABLE_SIZE Returned = -19
01-05 18:27:52.817   730   730 D ACDB-LOADER: ACDB -> ACDB_CMD_GET_AUDPROC_INSTANCE_GAIN_DEP_STEP_TABLE, vol index 1
01-05 18:27:52.817   730   730 D         : Failed to fetch the lookup information of the device 0000000F 
01-05 18:27:52.817   730   730 D ACDB-LOADER: Error: ACDB AudProc vol returned = -19
01-05 18:27:52.817   730   730 D ACDB-LOADER: ACDB -> AUDIO_SET_VOL_CAL cal type = 40
01-05 18:27:52.818  7790  7818 D UE4     : EngineMemoryWarningHandler: Mem Used 315.80 MB, Texture Memory 10.04 MB, Render Target memory 93.03 MB, OS Free 2192.14 MB
01-05 18:27:52.818   855  1186 W TrackingService: attachClient: found client in attached list
01-05 18:27:52.822   742   742 D SensorService: Found paired controllers: 2
01-05 18:27:52.822   742   742 D SensorService: Syncboss input 86557c336c360320 hardware type 4, subtype 1, revision 0x09
01-05 18:27:52.822   742   742 I SensorService: preparePairedControllerInfo is adding device with valid 1
01-05 18:27:52.822   742   742 D SensorService: Syncboss input 729165a0fe4054d7 hardware type 4, subtype 2, revision 
01-05 18:27:52.822   742   742 I SensorService: preparePairedControllerInfo is adding device with valid 1
01-05 18:27:52.822   855  7972 D TrackingService: Creating RemoteConstellationTrackedDevice
01-05 18:27:52.823  2675  2854 I StateMachine: StateMachine::Update ForceShow: stopForceShow -> ForceShowOff
01-05 18:27:52.823   855  7972 I TrackingService: Registering primary controller 86557c336c360320 in slot 0
01-05 18:27:52.823  7790  7915 D UE4     : *** JavaEnvDestructor: 7915
01-05 18:27:52.823  1249  2853 I chatty  : uid=10025(com.oculus.systemdriver) Thread-17 expire 1 line
01-05 18:27:52.824  2675  2854 I GuardianSystem: UpdateGuardianSystemState: Flags changed: 532480, 524288, SYSTEM_GUARDIAN_VISIBLE,SYSTEM_GUARDIAN_VALID to SYSTEM_GUARDIAN_VALID
01-05 18:27:52.824   742   917 I SyncBossHAL: [info   ] pulsar_manager.c(866): Setting filter transmit power for all connected controllers to -4 dBm
01-05 18:27:52.825  7790  8063 D UE4     : [2023.01.05-18.27.52:825][  3]LogHMD: Error: FOculusHMDModule::GetPluginWrapper().BeginFrame4 0 failed (-1003)
01-05 18:27:52.825   855  7972 D TrackingService: TrackingDataPostProcessor: Hand autotransition v2 GK enabled: 1
01-05 18:27:52.825   855  7972 D TrackingService: registerRemote: 86557c336c360320
01-05 18:27:52.826   855  7972 I chatty  : uid=1000(system) CtrlTracking expire 116 lines
01-05 18:27:52.826  1046  1142 W EventHub: Unable to disable kernel key repeat for /dev/input/event3: Function not implemented
01-05 18:27:52.826  1046  1142 I EventHub: wakeMechanism=EPOLLWAKEUP, usingClockIoctl=true
01-05 18:27:52.827  1046  1142 I EventHub: New device: id=24, fd=122, path='/dev/input/event3', name='Device 0x86557C336C360320', classes=0x2001, configuration='/system/usr/idc/Vendor_2833_Product_0160.idc', keyLayout='/system/usr/keylayout/oculus-device.kl', keyCharacterMap='/system/usr/keychars/oculus-device.kcm', builtinKeyboard=false, 
01-05 18:27:52.827  1046  1142 I InputReader: Device added: id=24, name='Device 0x86557C336C360320', sources=0x65432102
01-05 18:27:52.827  1046  1141 W InputReader: Device has associated, but no associated display id.
01-05 18:27:52.828  1249  2458 I chatty  : uid=10025(com.oculus.systemdriver) ClientRequest expire 3 lines
01-05 18:27:52.830  7790  8063 D UE4     : [2023.01.05-18.27.52:830][  4]LogHMD: Error: FOculusHMDModule::GetPluginWrapper().BeginFrame4 1 failed (-1003)
01-05 18:27:52.839   855  1186 D TrackingService: getSharedMemory: com.YourCompany.PrototypeV4, Controller
01-05 18:27:52.839  7790  8052 I InputDevice_TrackedRemote: REMOTE: Hand=1 IndexAnalog=0.00 GripAnalog=0.00 Buttons=0x00000000
01-05 18:27:52.840   855  7972 W TrackingService: Attempted to control leds, but gatekeeper is disabled. Skipping operation.
01-05 18:27:52.840  2675  3260 I InputDevice_TrackedRemote: REMOTE: Hand=1 IndexAnalog=0.00 GripAnalog=0.00 Buttons=0x00000000
01-05 18:27:52.841   730   730 D msm8974_platform: platform_split_snd_device: snd_device(22) num devices(1) new_snd_devices(0)
01-05 18:27:52.841   730   730 D ACDB-LOADER: ACDB -> send_audvoltable
01-05 18:27:52.841   730   730 D ACDB-LOADER: ACDB -> ACDB_CMD_GET_AUDPROC_INSTANCE_GAIN_DEP_STEP_TABLE_SIZE
01-05 18:27:52.841   730   730 D         : Failed to fetch the lookup information of the device 0000000F 
01-05 18:27:52.841   730   730 D ACDB-LOADER: Error: ACDB_CMD_GET_AUDPROC_INSTANCE_GAIN_DEP_STEP_TABLE_SIZE Returned = -19
01-05 18:27:52.841   730   730 D ACDB-LOADER: ACDB -> ACDB_CMD_GET_AUDPROC_INSTANCE_GAIN_DEP_STEP_TABLE, vol index 8
01-05 18:27:52.841   730   730 D         : Failed to fetch the lookup information of the device 0000000F 
01-05 18:27:52.841   730   730 D ACDB-LOADER: Error: ACDB AudProc vol returned = -19
01-05 18:27:52.841   730   730 D ACDB-LOADER: ACDB -> AUDIO_SET_VOL_CAL cal type = 40
01-05 18:27:52.846  7790  8063 D UE4     : [2023.01.05-18.27.52:846][  5]LogHMD: Error: FOculusHMDModule::GetPluginWrapper().BeginFrame4 2 failed (-1003)
01-05 18:27:52.847  1940  2089 E OVRMediaServiceManager: LivestreamingManager Not initialized
01-05 18:27:52.851  7790  8063 D UE4     : [2023.01.05-18.27.52:851][  6]LogHMD: Error: FOculusHMDModule::GetPluginWrapper().BeginFrame4 3 failed (-1003)
01-05 18:27:52.854  2878  3420 D AccessTokenWorker: doWork fetch accesstoken
01-05 18:27:52.855  2878  3029 I WM-WorkerWrapper: Worker result SUCCESS for Work [ id=e99f5bf4-47a0-44f5-8211-17593a7537bf, tags={ com.oculus.identitymanagement.service.workers.AccessTokenWorker } ]
01-05 18:27:52.856  2878  3420 D WorkerLoggerHelper: log success for access_token_worker
01-05 18:27:52.857  2878  3029 I WM-WorkerWrapper: Setting status to enqueued for fb61a9b6-86d6-414e-950e-e4a88536e365
01-05 18:27:52.861   691   691 I netd    : firewallSetUidRule(2, 10080, 2) <0.03ms>
01-05 18:27:52.861  1046  1202 D ConnectivityService: Blocked status changed to true for 10080(25) on netId 100
01-05 18:27:52.862   691   691 I netd    : firewallSetUidRule(2, 10080, 1) <0.01ms>
01-05 18:27:52.863  1249  7988 I chatty  : uid=10025(com.oculus.systemdriver) OVR::TimeWarp expire 4 lines
01-05 18:27:52.863   855  1186 W TrackingService: attachClient: found client in attached list
01-05 18:27:52.864  1046  1202 D ConnectivityService: Blocked status changed to false for 10080(25) on netId 100
01-05 18:27:52.864   855  1040 W TrackingService: attachClient: found client in attached list
01-05 18:27:52.866  7790  8063 D UE4     : [2023.01.05-18.27.52:866][  8]LogHMD: Error: FOculusHMDModule::GetPluginWrapper().BeginFrame4 4 failed (-1003)
01-05 18:27:52.867   691   691 I netd    : firewallSetUidRule(2, 10080, 2) <0.03ms>
01-05 18:27:52.867  1046  1202 D ConnectivityService: Blocked status changed to true for 10080(25) on netId 100
01-05 18:27:52.870  7790  8063 D UE4     : [2023.01.05-18.27.52:870][  9]LogHMD: Error: FOculusHMDModule::GetPluginWrapper().BeginFrame4 5 failed (-1003)
01-05 18:27:52.882  2878  3029 I WM-WorkerWrapper: Worker result SUCCESS for Work [ id=dd620d3a-f6bc-47c5-b7f9-466e1eef3102, tags={ com.oculus.identitymanagement.service.workers.AccessTokenWorker } ]
01-05 18:27:52.884  7790  8063 W VrApi   : ovr_SubmitFrameInternal: FrameIndex discontinuity: Expected 7, Received 6
01-05 18:27:52.884  7790  8065 I FenceChecker: FenceChecker::MainLoop - started
01-05 18:27:52.885  1046  4508 D WificondControl: Scan result ready event
01-05 18:27:52.888  2878  3029 I WM-WorkerWrapper: Setting status to enqueued for 6bdf79ca-0b66-4e90-a511-01488698d781
01-05 18:27:52.888   742  7923 I SyncBossInput: [info   ] [jedi ( left) 86557c33xxxxxxxx]: 5716589 [info   ] {THDG}: active_seek -> inactive_seek
01-05 18:27:52.897   855  7972 D TrackingService: [HANDTRACKING] Controller 86557c336c360320 in hand: Y, valid: Y
01-05 18:27:52.907   855  1040 W TrackingService: attachClient: found client in attached list
01-05 18:27:52.912  1249  2458 I chatty  : uid=10025(com.oculus.systemdriver) ClientRequest expire 3 lines
01-05 18:27:52.917   742  7923 I SyncBossInput: [info   ] [jedi ( left) 86557c33xxxxxxxx]: 6146288 [info   ] {APP }: Connected
01-05 18:27:52.918  1046  1202 D ConnectivityService: releasing NetworkRequest [ TRACK_DEFAULT id=25, [ Capabilities: INTERNET&NOT_RESTRICTED&TRUSTED Uid: 10080] ] (release request)
01-05 18:27:52.949  2675  2854 I GuardianSystem: runtimeServiceSDKClient_.ForceShowGuardianEvent
01-05 18:27:52.949  2675  2854 I GuardianSystem: ForceShowGuardian: false, 0.00
01-05 18:27:52.953   855  1040 W TrackingService: attachClient: found client in attached list
01-05 18:27:52.955  2878  3147 D MVanScreenTimeUploadWorker: doWork MVanScreenTimeUploadWorker
01-05 18:27:52.965   742  7923 I SyncBossInput: [info   ] [jedi ( left) 86557c33xxxxxxxx]: 6146289 [info   ] {THDG}: inactive_seek -> active_connected
01-05 18:27:52.978  2878  3147 W OVRLibrary: null cursor received for query content://com.oculus.ocms.library/apps/com.YourCompany.PrototypeV4
01-05 18:27:52.979  2878  3147 D MVanScreenTimeUploadWorker: Creating screen time mutation for com.YourCompany.PrototypeV4 startime = 1672943269 endTime = 1672943270 duration = 1
01-05 18:27:52.981  2878  3147 D MVanScreenTimeUploadWorker: Creating screen time mutation for com.YourCompany.PrototypeV4 startime = 1672943271 endTime = 1672943272 duration = 1
01-05 18:27:52.988  1249  7988 I chatty  : uid=10025(com.oculus.systemdriver) OVR::TimeWarp expire 3 lines
01-05 18:27:52.997  2878  3147 W OVRLibrary: null cursor received for query content://com.oculus.ocms.library/apps/com.oculus.os.clearactivity
01-05 18:27:52.997  2878  3147 D MVanScreenTimeUploadWorker: Creating screen time mutation for com.oculus.os.clearactivity startime = 1672943270 endTime = 1672943271 duration = 1
01-05 18:27:52.999   855  1040 W TrackingService: attachClient: found client in attached list
01-05 18:27:53.021  2878  3147 W OVRLibrary: null cursor received for query content://com.oculus.ocms.library/apps/com.oculus.xrstreamingclient
01-05 18:27:53.021  2878  3147 D MVanScreenTimeUploadWorker: Creating screen time mutation for com.oculus.xrstreamingclient startime = 1672942191 endTime = 1672942265 duration = 74
01-05 18:27:53.024  2878  3147 D MVanScreenTimeUploadWorker: Creating screen time mutation for com.oculus.xrstreamingclient startime = 1672942622 endTime = 1672942694 duration = 72
01-05 18:27:53.025  2878  3147 D MVanScreenTimeUploadWorker: updating latest sync time to 1672943272
01-05 18:27:53.029  2878  3147 D WorkerLoggerHelper: log success for mvan_screen_time_upload_worker
01-05 18:27:53.034  2878  3080 I WM-WorkerWrapper: Worker result SUCCESS for Work [ id=6bdf79ca-0b66-4e90-a511-01488698d781, tags={ com.oculus.identitymanagement.service.workers.MVanScreenTimeUploadWorker } ]
01-05 18:27:53.182  2878  8066 D UserIdentityContextWorker: UserAccountQueryResponse onSuccess
01-05 18:27:53.186  2878  8066 D UserIdentityContextWorker: Update user database entities complete
01-05 18:27:53.186  2878  8066 D WorkerLoggerHelper: log success for user_identity_context_worker
01-05 18:27:53.189  2878  3117 I WM-WorkerWrapper: Worker result SUCCESS for Work [ id=fb61a9b6-86d6-414e-950e-e4a88536e365, tags={ com.oculus.identitymanagement.service.workers.UserIdentityContextWorker } ]
01-05 18:27:53.190  2878  3117 I WM-WorkerWrapper: Setting status to enqueued for a752acf8-9a88-4511-a796-9eb73a2837ea
01-05 18:27:53.222   855  1040 I chatty  : uid=1000(system) Binder:855_1 identical 6 lines
01-05 18:27:53.262   855  1040 W TrackingService: attachClient: found client in attached list
01-05 18:27:53.263   742  7923 I SyncBossHAL: [info   ] syncboss_hal_input_controller.c(195): Controller 86557c33xxxxxxxx battery level changed: 0% -> 100%
01-05 18:27:53.268   742  7922 D SensorService: Syncboss input 86557c336c360320 hardware type 4, subtype 1, revision 0x09
01-05 18:27:53.268   742  7922 I SensorService: preparePairedControllerInfo is adding device with valid 1
01-05 18:27:53.268   742  7922 D SensorService: Syncboss input 729165a0fe4054d7 hardware type 4, subtype 2, revision 
01-05 18:27:53.268   742  7922 I SensorService: preparePairedControllerInfo is adding device with valid 1
01-05 18:27:53.268   742  7922 D SensorService: stateChangeNotifierFunc(): Reporting controller info. Change token: 42, paired=2 connected=1
01-05 18:27:53.269  1499  7926 D OVRRemoteService: processStateChange([PairedControllerInfo JEDI 86557c336c360320 connected mcnt=0])
01-05 18:27:53.269  1499  7926 D OVRRemoteService: processStateChange([PairedControllerInfo JEDI 729165a0fe4054d7 disconnected update-required mcnt=0])
01-05 18:27:53.277  2878  8068 D MVanScreenTimeUploadWorker: uploaded 1 seconds screentime for com.YourCompany.PrototypeV4
01-05 18:27:53.288  2878  8070 D MVanScreenTimeUploadWorker: uploaded 1 seconds screentime for com.oculus.os.clearactivity
01-05 18:27:53.300  2878  8069 D MVanScreenTimeUploadWorker: uploaded 1 seconds screentime for com.YourCompany.PrototypeV4
01-05 18:27:53.311   855  1040 W TrackingService: attachClient: found client in attached list
01-05 18:27:53.316  2878  8074 D MVanScreenTimeUploadWorker: uploaded 74 seconds screentime for com.oculus.xrstreamingclient
01-05 18:27:53.330  2878  8075 D MVanScreenTimeUploadWorker: uploaded 72 seconds screentime for com.oculus.xrstreamingclient
01-05 18:27:53.351   855  1040 I chatty  : uid=1000(system) Binder:855_1 identical 1 line
01-05 18:27:53.392   855  1040 W TrackingService: attachClient: found client in attached list
01-05 18:27:53.394   855  1186 W TrackingService: attachClient: found client in attached list
01-05 18:27:53.413   742  7923 I SyncBossInput: [info   ] [jedi ( left) 86557c33xxxxxxxx]: 6146912 [info   ] {HPTH}: Set haptics frequency to 0x213C
01-05 18:27:53.433   855  1186 W TrackingService: attachClient: found client in attached list
01-05 18:27:53.451  2878  8089 D CapabilitiesQueryWorker: CapabilitiesQueryResponse onSuccess
01-05 18:27:53.470  2878  8089 D WorkerLoggerHelper: log success for capability_query_worker
01-05 18:27:53.473  2878  3117 I WM-WorkerWrapper: Worker result SUCCESS for Work [ id=a752acf8-9a88-4511-a796-9eb73a2837ea, tags={ com.oculus.identitymanagement.service.workers.CapabilitiesQueryWorker } ]
01-05 18:27:53.476  2878  3117 I WM-WorkerWrapper: Setting status to enqueued for f2a4f2c4-de91-4d92-87af-5db5f9d587a3
01-05 18:27:53.667  7790  7818 D UE4     : EngineMemoryWarningHandler: Mem Used 345.66 MB, Texture Memory 36.10 MB, Render Target memory 93.03 MB, OS Free 2138.75 MB
01-05 18:27:53.721  2878  8092 D UserAccountCapabilitiesQueryWorker: UserAccountCapabilitesQueryResponse onSuccess
01-05 18:27:53.721  2878  8092 D WorkerLoggerHelper: log success for user_account_capability_query_worker
01-05 18:27:53.727  2878  3117 I WM-WorkerWrapper: Worker result SUCCESS for Work [ id=f2a4f2c4-de91-4d92-87af-5db5f9d587a3, tags={ com.oculus.identitymanagement.service.workers.UserAccountCapabilitiesQueryWorker } ]
01-05 18:27:53.731  2878  3117 I WM-WorkerWrapper: Setting status to enqueued for 55f59bd6-bf52-49a6-a9d2-adcbbee971d4
01-05 18:27:53.758  1292  1292 V AvrcpMediaPlayerList: mPackageChangedBroadcastReceiver: action: android.intent.action.PACKAGE_CHANGED
01-05 18:27:53.758  1292  1292 D AvrcpMediaPlayerList: Name of package changed: com.oculus.identitymanagement.service
01-05 18:27:53.759  1046  1046 I RoleManagerService: Granting default permissions...
01-05 18:27:53.759  1046  1142 I InputReader: Reconfiguring input devices.  changes=0x00000010
01-05 18:27:53.763  1046  1077 W Searchables: No global search activity found
01-05 18:27:53.778  1046  1077 W VoiceInteractionManagerService: no available voice interaction services found for user 0
01-05 18:27:53.781  2500  8096 W ExclusiveDefaultHolderMixin: Cannot get ApplicationInfo for default holder, config: config_defaultSms, package: com.android.messaging
01-05 18:27:53.801  7790  7820 D UE4     : [GameActivity] Used memory: 567010 (VmRSS:	  350560 kB)
01-05 18:27:53.848  2500  2518 W ssioncontrolle: Reducing the number of considered missed Gc histogram windows from 106 to 100
01-05 18:27:53.936   855  1186 I chatty  : uid=1000(system) Binder:855_3 identical 15 lines
01-05 18:27:53.980   855  1186 W TrackingService: attachClient: found client in attached list
01-05 18:27:53.993  2878  8095 D UserAccountCapabilitiesQueryWorker: UserAccountApplicationGroupingCapabilitesQueryResponse onSuccess
01-05 18:27:53.993  2878  8095 D WorkerLoggerHelper: log success for user_account_application_grouping_capabilities_query_worker
01-05 18:27:53.995  2878  3117 I WM-WorkerWrapper: Worker result SUCCESS for Work [ id=55f59bd6-bf52-49a6-a9d2-adcbbee971d4, tags={ com.oculus.identitymanagement.service.workers.UserAccountApplicationGroupingCapabilitiesQueryWorker } ]
01-05 18:27:53.997  2878  3117 I WM-WorkerWrapper: Setting status to enqueued for e3c9f197-18fb-406a-80d8-a7c387764756
01-05 18:27:53.998   742   909 I SyncBossHAL: [info   ] syncboss_hal_impl_input.c(1060): Pulsar connected devices state change: 22
01-05 18:27:54.000   583   609 I SyncBossFW: 6200160 [info   ] {WIHO}: Pulsar device connected 729165a0fe4054d7 (type: 9011401, connection id: 0x16)
01-05 18:27:54.007  7790  8055 I Telemetry: App memory usage: PSS=554 MiB, PrivateDirty=411 MiB, PrivateClean=129 MiB, GPU=261.4/261.9 MiB (100% allocated)
01-05 18:27:54.010  7790  8055 I VrApi   : FPS=2/72,Prd=25ms,Tear=1,Early=8,Stale=8,VSnc=1,Lat=1,Fov=0,CPU4/GPU=2/3,1171/490MHz,OC=FF,TA=0/70/70,SP=N/F/F,Mem=2092MHz,Free=2136MB,PLS=0,Temp=25.7C/0.0C,TW=1.16ms,App=3.68ms,GD=0.00ms,CPU&GPU=-157.99ms,LCnt=2(DR0,LM2),GPU%=0.36,CPU%=0.34(W0.42),DSF=1.00,CFL=19.51/21.37
01-05 18:27:54.024   855  1186 W TrackingService: attachClient: found client in attached list
01-05 18:27:54.037  1046  1077 I RoleUserState: Wrote roles.xml successfully
01-05 18:27:54.038  2878  8100 E DeviceConfigTelemetryLogger: Can't find param: oculus_shared_social:oculus_social_parental_control
01-05 18:27:54.038  2878  8100 E DeviceConfigTelemetryLogger: Invalid input param: oculus_shared_social:oculus_social_parental_control
01-05 18:27:54.040  2878  8100 E AnalyticsEvent: could not set key=selection_args value=null
01-05 18:27:54.040  2878  8100 D CapabilitiesProvider: Capabilities Content Provider called content://com.oculus.identitymanagement.capabilities.contentprovider/account/activeuser/capabilities/com.oculus.capability.social.all, selection= null, selectionArgs=null, sortOrder= null
01-05 18:27:54.042  2878  8100 I SyncPreferencesStoreWorker: caching com.oculus.capability.social.all = true
01-05 18:27:54.048  2878  8100 E AnalyticsEvent: could not set key=selection_args value=null
01-05 18:27:54.048  2878  8100 D CapabilitiesProvider: Capabilities Content Provider called content://com.oculus.identitymanagement.capabilities.contentprovider/account/activeuser/capabilities/com.oculus.capability.system.sideloaded_app, selection= null, selectionArgs=null, sortOrder= null
01-05 18:27:54.050  2878  8100 I SyncPreferencesStoreWorker: caching com.oculus.capability.system.sideloaded_app = true
01-05 18:27:54.053  2878  8100 E AnalyticsEvent: could not set key=selection_args value=null
01-05 18:27:54.053  2878  8100 D CapabilitiesProvider: Capabilities Content Provider called content://com.oculus.identitymanagement.capabilities.contentprovider/account/activeuser/capabilities/com.oculus.capability.system.oculus_link, selection= null, selectionArgs=null, sortOrder= null
01-05 18:27:54.055  2878  8100 I SyncPreferencesStoreWorker: caching com.oculus.capability.system.oculus_link = true
01-05 18:27:54.056  2878  8100 D WorkerLoggerHelper: log success for sync_preference_store_worker
01-05 18:27:54.058  2878  3080 I WM-WorkerWrapper: Worker result SUCCESS for Work [ id=e3c9f197-18fb-406a-80d8-a7c387764756, tags={ com.oculus.identitymanagement.service.workers.SyncPreferencesStoreWorker } ]
01-05 18:27:54.061   742   917 I SyncBossHAL: [info   ] pulsar_manager.c(396): 729165a0xxxxxxxx: Configuring IR LED to ontime = 34, period = 40000, delay = -9
01-05 18:27:54.065   855  1186 W TrackingService: attachClient: found client in attached list
01-05 18:27:54.067   742   917 I SyncBossHAL: [info   ] pulsar_manager.c(343): Finished getting cache data for controller
01-05 18:27:54.067   742   917 I SyncBossHAL:     id            : 729165a0xxxxxxxx
01-05 18:27:54.067   742   917 I SyncBossHAL:     pulsar_type   : 0x09011401
01-05 18:27:54.067   742   917 I SyncBossHAL:     connection id : 0x16
01-05 18:27:54.067   742   917 I SyncBossHAL:     fw ver        : 1.9.0
01-05 18:27:54.067   742   917 I SyncBossHAL:     spl ver       : 1.5.1
01-05 18:27:54.067   742   917 I SyncBossHAL:     serial        : 1WMHCR70112121
01-05 18:27:54.067   742   917 I SyncBossHAL:     handedness    : right
01-05 18:27:54.067   742   917 I SyncBossHAL:     battery state : 100%
01-05 18:27:54.067   742   917 I SyncBossHAL: [info   ] pulsar_manager.c(360): Jedi-specific cache data:
01-05 18:27:54.067   742   917 I SyncBossHAL:     captouch ver  : 1.9.0
01-05 18:27:54.072   583   609 I SyncBossFW: 6200234 [info   ] {APPI}: Found 2 connected pulsar devices
01-05 18:27:54.072   742  7922 D SensorService: Syncboss input 729165a0fe4054d7 hardware type 4, subtype 2, revision 0x09
01-05 18:27:54.072   742  7922 I SensorService: preparePairedControllerInfo is adding device with valid 1
01-05 18:27:54.072   742  7922 D SensorService: Syncboss input 86557c336c360320 hardware type 4, subtype 1, revision 0x09
01-05 18:27:54.072   742  7922 I SensorService: preparePairedControllerInfo is adding device with valid 1
01-05 18:27:54.073   742  7922 D SensorService: stateChangeNotifierFunc(): Reporting controller info. Change token: 43, paired=2 connected=2
01-05 18:27:54.073  1499  7926 D OVRRemoteService: processStateChange([PairedControllerInfo JEDI 729165a0fe4054d7 connected mcnt=0])
01-05 18:27:54.073   742   742 D SensorService: ControllerProvider: Succesfully set tx power to -4, filter to -4
01-05 18:27:54.073  1499  7926 D OVRRemoteService: processStateChange([PairedControllerInfo JEDI 86557c336c360320 connected mcnt=0])
01-05 18:27:54.073   742   917 I SyncBossHAL: [info   ] pulsar_manager.c(866): Setting transmit power for all connected controllers to -4 dBm
01-05 18:27:54.080   742  4207 D SensorService: Found paired controllers: 2
01-05 18:27:54.080   742  4207 D SensorService: Syncboss input 729165a0fe4054d7 hardware type 4, subtype 2, revision 0x09
01-05 18:27:54.080   742  4207 I SensorService: preparePairedControllerInfo is adding device with valid 1
01-05 18:27:54.080   742  4207 D SensorService: Syncboss input 86557c336c360320 hardware type 4, subtype 1, revision 0x09
01-05 18:27:54.080   742  4207 I SensorService: preparePairedControllerInfo is adding device with valid 1
01-05 18:27:54.081   855  7972 D TrackingService: Creating RemoteConstellationTrackedDevice
01-05 18:27:54.081   855  7972 I TrackingService: Registering primary controller 729165a0fe4054d7 in slot 1
01-05 18:27:54.084   855  7972 D TrackingService: TrackingDataPostProcessor: Hand autotransition v2 GK enabled: 1
01-05 18:27:54.084   855  7972 D TrackingService: registerRemote: 729165a0fe4054d7
01-05 18:27:54.087  1046  1142 W EventHub: Unable to disable kernel key repeat for /dev/input/event4: Function not implemented
01-05 18:27:54.087  1046  1142 I EventHub: wakeMechanism=EPOLLWAKEUP, usingClockIoctl=true
01-05 18:27:54.087  1046  1142 I EventHub: New device: id=25, fd=215, path='/dev/input/event4', name='Device 0x729165A0FE4054D7', classes=0x2001, configuration='/system/usr/idc/Vendor_2833_Product_0160.idc', keyLayout='/system/usr/keylayout/oculus-device.kl', keyCharacterMap='/system/usr/keychars/oculus-device.kcm', builtinKeyboard=false, 
01-05 18:27:54.087  1046  1142 I InputReader: Device added: id=25, name='Device 0x729165A0FE4054D7', sources=0x65432102
01-05 18:27:54.089  1046  1141 W InputReader: Device has associated, but no associated display id.
01-05 18:27:54.089   742   917 I SyncBossHAL: [info   ] pulsar_manager.c(866): Setting filter transmit power for all connected controllers to -4 dBm
01-05 18:27:54.095  1249  2458 I chatty  : uid=10025(com.oculus.systemdriver) ClientRequest expire 6 lines
01-05 18:27:54.096  2675  3260 I InputDevice_TrackedRemote: REMOTE: Hand=2 IndexAnalog=0.00 GripAnalog=0.00 Buttons=0x00000000
01-05 18:27:54.097   855  7972 W TrackingService: Attempted to control leds, but gatekeeper is disabled. Skipping operation.
01-05 18:27:54.098  7790  8052 I InputDevice_TrackedRemote: REMOTE: Hand=2 IndexAnalog=0.00 GripAnalog=0.00 Buttons=0x00000000
01-05 18:27:54.110   855  1186 W TrackingService: attachClient: found client in attached list
01-05 18:27:54.113   855  1040 W TrackingService: attachClient: found client in attached list
01-05 18:27:54.145   742  7923 I SyncBossInput: [info   ] [jedi (right) 729165a0xxxxxxxx]: 4832436 [info   ] {THDG}: active_seek -> inactive_seek
01-05 18:27:54.152   855  1040 W TrackingService: attachClient: found client in attached list
01-05 18:27:54.153   855  7972 D TrackingService: [HANDTRACKING] Controller 729165a0fe4054d7 in hand: Y, valid: Y
01-05 18:27:54.173   742  7923 I SyncBossInput: [info   ] [jedi (right) 729165a0xxxxxxxx]: 5263395 [info   ] {APP }: Connected
01-05 18:27:54.192   855  1040 W TrackingService: attachClient: found client in attached list
01-05 18:27:54.223   742  7923 I SyncBossInput: [info   ] [jedi (right) 729165a0xxxxxxxx]: 5263396 [info   ] {THDG}: inactive_seek -> active_connected
01-05 18:27:54.232   855  1040 W TrackingService: attachClient: found client in attached list
01-05 18:27:54.266  1046  1399 E TaskPersister: File error accessing recents directory (directory doesn't exist?).
01-05 18:27:54.387   855  1040 I chatty  : uid=1000(system) Binder:855_1 identical 5 lines
01-05 18:27:54.433   855  1040 W TrackingService: attachClient: found client in attached list
01-05 18:27:54.450   855  1040 D TrackingService: haptic socket already exists
01-05 18:27:54.450   855  1040 D TrackingService: getSocket: com.YourCompany.PrototypeV4
01-05 18:27:54.481   855  1040 W TrackingService: attachClient: found client in attached list
01-05 18:27:54.494  1523  1523 D ControllerNotifications: Enabling notifications
01-05 18:27:54.495  1523  1523 I ControllerNotifications: Updating input notifications based on state ConnectedBatteryNormal
01-05 18:27:54.527   855  1040 I chatty  : uid=1000(system) Binder:855_1 identical 1 line
01-05 18:27:54.568   855  1040 W TrackingService: attachClient: found client in attached list
01-05 18:27:54.568  7790  8063 D UE4     : [2023.01.05-18.27.54:568][124]LogProfilingDebugging: Allocated a 1024 x 1024 texture for HMD canvas layer
01-05 18:27:54.597  1249  7858 I chatty  : uid=10025(com.oculus.systemdriver) com.oculus.vrruntimeservice expire 3 lines
01-05 18:27:54.601  7790  8063 I SwapChain_Vulkan: Imported texture has requirements 3, ends up index 0
01-05 18:27:54.601  7790  8063 I chatty  : uid=10145(com.YourCompany.PrototypeV4) identical 38 lines
01-05 18:27:54.608  1249  2853 I chatty  : uid=10025(com.oculus.systemdriver) Thread-17 expire 1 line
01-05 18:27:54.608  2675  2854 I GuardianSystem: UpdateGuardianSystemState: Flags changed: 524288, 532480, SYSTEM_GUARDIAN_VALID to SYSTEM_GUARDIAN_VISIBLE,SYSTEM_GUARDIAN_VALID
01-05 18:27:54.610   742  7923 I SyncBossHAL: [info   ] syncboss_hal_input_controller.c(195): Controller 729165a0xxxxxxxx battery level changed: 0% -> 100%
01-05 18:27:54.612   855  1040 W TrackingService: attachClient: found client in attached list
01-05 18:27:54.614   855  1040 W TrackingService: attachClient: found client in attached list
01-05 18:27:54.614   742  7922 D SensorService: Syncboss input 729165a0fe4054d7 hardware type 4, subtype 2, revision 0x09
01-05 18:27:54.614   742  7922 I SensorService: preparePairedControllerInfo is adding device with valid 1
01-05 18:27:54.614   742  7922 D SensorService: Syncboss input 86557c336c360320 hardware type 4, subtype 1, revision 0x09
01-05 18:27:54.614   742  7922 I SensorService: preparePairedControllerInfo is adding device with valid 1
01-05 18:27:54.614   742  7922 D SensorService: stateChangeNotifierFunc(): Reporting controller info. Change token: 44, paired=2 connected=2
01-05 18:27:54.614  1499  7926 D OVRRemoteService: processStateChange([PairedControllerInfo JEDI 729165a0fe4054d7 connected mcnt=0])
01-05 18:27:54.615  1499  7926 D OVRRemoteService: processStateChange([PairedControllerInfo JEDI 86557c336c360320 connected mcnt=0])
01-05 18:27:54.629  1249  7988 I chatty  : uid=10025(com.oculus.systemdriver) OVR::TimeWarp expire 6 lines
01-05 18:27:54.660   855  1040 W TrackingService: attachClient: found client in attached list
01-05 18:27:54.661   742  7923 I SyncBossInput: [info   ] [jedi (right) 729165a0xxxxxxxx]: 5264018 [info   ] {HPTH}: Set haptics frequency to 0x2150
01-05 18:27:54.680  1249  2458 I chatty  : uid=10025(com.oculus.systemdriver) ClientRequest expire 1 line
01-05 18:27:54.680  1249  2453 I chatty  : uid=10025(com.oculus.systemdriver) OVR::Clocks expire 6 lines
01-05 18:27:54.702   855  1040 W TrackingService: attachClient: found client in attached list
01-05 18:27:55.002  7790  8055 I chatty  : uid=10145(com.YourCompany.PrototypeV4) expire 12 lines
01-05 18:27:55.102  1046  1046 I RoleManagerService: Granting default permissions...
01-05 18:27:55.102  1046  1077 W Searchables: No global search activity found
01-05 18:27:55.103  1046  1142 I InputReader: Reconfiguring input devices.  changes=0x00000010
01-05 18:27:55.103  1292  1292 V AvrcpMediaPlayerList: mPackageChangedBroadcastReceiver: action: android.intent.action.PACKAGE_CHANGED
01-05 18:27:55.104  1292  1292 D AvrcpMediaPlayerList: Name of package changed: com.oculus.identitymanagement.service
01-05 18:27:55.104  1046  1077 W VoiceInteractionManagerService: no available voice interaction services found for user 0
01-05 18:27:55.108  2500  8096 W ExclusiveDefaultHolderMixin: Cannot get ApplicationInfo for default holder, config: config_defaultSms, package: com.android.messaging
01-05 18:27:55.212  1249  7858 I chatty  : uid=10025(com.oculus.systemdriver) com.oculus.vrruntimeservice expire 5 lines
01-05 18:27:55.226  7790  7949 I chatty  : uid=10145(com.YourCompany.PrototypeV4) expire 2 lines
01-05 18:27:55.364  1046  1077 I RoleUserState: Wrote roles.xml successfully
01-05 18:27:55.542  1920  2540 D OVRPlatform: [FBNS] ClientImpl.cpp:270 Failed to connect to the MQTT server (edge-mqtt.facebook.com:443): 14 Connection timed out
01-05 18:27:55.543  1920  2540 D OVRPlatform: [FBNS] ClientImpl.cpp:127 Received a CONNACK without valid credentials
01-05 18:27:55.543  1920  2540 D OVRPlatform: [FBNS] ClientImpl.cpp:122 Failed to publish a message: 4 (The client is not currently connected.)
01-05 18:27:56.002   855  1040 I chatty  : uid=1000(system) Binder:855_1 identical 38 lines
01-05 18:27:56.010   851  8044 I [CT]    : MIXEDREALITY: StereoPipeline: StereoPipeline: pausing, active clients: 'NONE'.
01-05 18:27:56.010   851  8044 W [CT]    : BOLTDEPTH: BoltDepthSystem: onPause: The depth system had been paused already
01-05 18:27:56.041   855  1040 W TrackingService: attachClient: found client in attached list
01-05 18:27:56.047   855  1186 W TrackingService: attachClient: found client in attached list
01-05 18:27:56.092   855  1186 I chatty  : uid=1000(system) Binder:855_3 identical 1 line
01-05 18:27:56.137   855  1186 W TrackingService: attachClient: found client in attached list
01-05 18:27:56.182   855  1040 W TrackingService: attachClient: found client in attached list
01-05 18:27:56.247  6699  6711 W s.clearactivit: Reducing the number of considered missed Gc histogram windows from 207 to 100
01-05 18:27:56.266   855  1040 I chatty  : uid=1000(system) Binder:855_1 identical 2 lines
01-05 18:27:56.312   855  1040 W TrackingService: attachClient: found client in attached list
01-05 18:27:56.315   855  1186 W TrackingService: attachClient: found client in attached list
01-05 18:27:56.834   855  1186 I chatty  : uid=1000(system) Binder:855_3 identical 13 lines
01-05 18:27:56.842   855  1186 W TrackingService: attachClient: found client in attached list
01-05 18:27:56.886   855  7972 D TrackingService: [HANDTRACKING] Controller 729165a0fe4054d7 in hand: N, valid: Y
01-05 18:27:56.887   855  1186 W TrackingService: attachClient: found client in attached list
01-05 18:27:57.102  1249  2458 I chatty  : uid=10025(com.oculus.systemdriver) ClientRequest expire 1 line
01-05 18:27:57.102  1249  2453 I chatty  : uid=10025(com.oculus.systemdriver) OVR::Clocks expire 6 lines
01-05 18:27:57.370  1249  7858 I chatty  : uid=10025(com.oculus.systemdriver) com.oculus.vrruntimeservice expire 14 lines
01-05 18:27:57.800  7790  8108 I chatty  : uid=10145(com.YourCompany.PrototypeV4) expire 2 lines
01-05 18:27:58.319   855  1186 I chatty  : uid=1000(system) Binder:855_3 identical 39 lines
01-05 18:27:58.363   855  1186 W TrackingService: attachClient: found client in attached list
01-05 18:27:58.369   855   855 W TrackingService: attachClient: found client in attached list
01-05 18:27:58.692   855   855 I chatty  : uid=1000(system) /system/bin/trackingservice identical 9 lines
01-05 18:27:58.707   855   855 W TrackingService: attachClient: found client in attached list
01-05 18:27:58.739   855  1186 W TrackingService: attachClient: found client in attached list
01-05 18:27:58.754   855  1186 I chatty  : uid=1000(system) Binder:855_3 identical 1 line
01-05 18:27:58.797   855  1186 W TrackingService: attachClient: found client in attached list
01-05 18:27:58.799   855   855 W TrackingService: attachClient: found client in attached list
01-05 18:27:59.010   855   855 I chatty  : uid=1000(system) /system/bin/trackingservice identical 7 lines
01-05 18:27:59.036   855   855 W TrackingService: attachClient: found client in attached list
01-05 18:27:59.082   855  1186 W TrackingService: attachClient: found client in attached list
01-05 18:27:59.404  1249  7858 I VrRuntimeServer: CreateTextureSwapChain: result importswapchaingles 1
01-05 18:27:59.422   855  1186 I chatty  : uid=1000(system) Binder:855_3 identical 10 lines
01-05 18:27:59.431  1249  7858 I VrRuntimeService: DestroySwapChain: swapchain=203
01-05 18:27:59.444  1249  7858 I VrRuntimeService: CreateSwapChain: 1932309906
01-05 18:27:59.444  1249  7858 I VrRuntimeService: CreateSwapChain: api:vk 0 0x2b 1024 1024 1 3 1 0 15
01-05 18:27:59.446  1249  7858 I VrRuntimeServer: CreateTextureSwapChain: result importswapchaingles 1
01-05 18:27:59.461   855  1186 W TrackingService: attachClient: found client in attached list
01-05 18:27:59.463   855   855 W TrackingService: attachClient: found client in attached list
01-05 18:27:59.597  1249  7858 I VrRuntimeService: DestroySwapChain: swapchain=204
01-05 18:27:59.862  1249  7858 I VrRuntimeService: CreateSwapChain: 1932309906
01-05 18:27:59.862  1249  7858 I VrRuntimeService: CreateSwapChain: api:vk 0 0x2b 1024 1024 1 3 1 0 15
01-05 18:27:59.864  1249  7858 I VrRuntimeServer: CreateTextureSwapChain: result importswapchaingles 1
01-05 18:27:59.908   855   855 I chatty  : uid=1000(system) /system/bin/trackingservice identical 12 lines
01-05 18:27:59.954   855   855 W TrackingService: attachClient: found client in attached list
01-05 18:27:59.955   855  1186 W TrackingService: attachClient: found client in attached list
01-05 18:27:59.984  1249  2458 E TREX    : Interface version 1 was not found. Check debug build for more information.
01-05 18:28:00.029  1249  7858 I VrRuntimeService: DestroySwapChain: swapchain=205
01-05 18:28:00.152   855  1186 I chatty  : uid=1000(system) Binder:855_3 identical 5 lines
01-05 18:28:00.202   855  1186 W TrackingService: attachClient: found client in attached list
01-05 18:28:00.206   855   855 W TrackingService: attachClient: found client in attached list
01-05 18:28:00.254   855   855 W TrackingService: attachClient: found client in attached list
01-05 18:28:00.280  1249  7858 I VrRuntimeService: CreateSwapChain: 1932309906
01-05 18:28:00.280  1249  7858 I VrRuntimeService: CreateSwapChain: api:vk 0 0x2b 1024 1024 1 3 1 0 15
01-05 18:28:00.281  1249  7858 I VrRuntimeServer: CreateTextureSwapChain: result importswapchaingles 1
01-05 18:28:00.292   855  1186 W TrackingService: attachClient: found client in attached list
01-05 18:28:00.419  1249  7858 I VrRuntimeService: DestroySwapChain: swapchain=206
01-05 18:28:00.540  1940  2411 W DeviceConfigUtil: Try to get config param "oculus_shared_social:oculus_messenger_reauth_removal" before Device Config has subscribed to the service.
01-05 18:28:00.628  1249  7858 I VrRuntimeService: CreateSwapChain: 1932309906
01-05 18:28:00.628  1249  7858 I VrRuntimeService: CreateSwapChain: api:vk 0 0x2b 1024 1024 1 3 1 0 15
01-05 18:28:00.629  1249  7858 I VrRuntimeServer: CreateTextureSwapChain: result importswapchaingles 1
01-05 18:28:00.683   855  1186 I chatty  : uid=1000(system) Binder:855_3 identical 10 lines
01-05 18:28:00.704  1940  1963 I .oculus.horizo: Background concurrent copying GC freed 15141(1277KB) AllocSpace objects, 8(352KB) LOS objects, 49% free, 5488KB/10MB, paused 171us total 152.237ms
01-05 18:28:00.729   855  1186 W TrackingService: attachClient: found client in attached list
01-05 18:28:00.732   855   855 W TrackingService: attachClient: found client in attached list
01-05 18:28:00.753  1249  7858 I VrRuntimeService: DestroySwapChain: swapchain=207
01-05 18:28:00.976  1249  7858 I VrRuntimeService: CreateSwapChain: 1932309906
01-05 18:28:00.976  1249  7858 I VrRuntimeService: CreateSwapChain: api:vk 0 0x2b 1024 1024 1 3 1 0 15
01-05 18:28:00.977  1249  7858 I VrRuntimeServer: CreateTextureSwapChain: result importswapchaingles 1
01-05 18:28:01.073   855   855 I chatty  : uid=1000(system) /system/bin/trackingservice identical 9 lines
01-05 18:28:01.119   855   855 W TrackingService: attachClient: found client in attached list
01-05 18:28:01.129  1249  7858 I VrRuntimeService: DestroySwapChain: swapchain=208
01-05 18:28:01.167   855  1186 W TrackingService: attachClient: found client in attached list
01-05 18:28:01.169  4047  4165 I chatty  : uid=10033(com.oculus.xrstreamingclient) SlamAnchorMem expire 390 lines
01-05 18:28:01.212   855   855 W TrackingService: attachClient: found client in attached list
01-05 18:28:01.310  1249  7858 I VrRuntimeService: CreateSwapChain: 1932309906
01-05 18:28:01.310  1249  7858 I VrRuntimeService: CreateSwapChain: api:vk 0 0x2b 1024 1024 1 3 1 0 15
01-05 18:28:01.311  1249  7858 I VrRuntimeServer: CreateTextureSwapChain: result importswapchaingles 1
01-05 18:28:01.415   855   855 I chatty  : uid=1000(system) /system/bin/trackingservice identical 6 lines
01-05 18:28:01.449  1249  7858 I VrRuntimeService: DestroySwapChain: swapchain=209
01-05 18:28:01.458   855   855 W TrackingService: attachClient: found client in attached list
01-05 18:28:01.499   855  1186 W TrackingService: attachClient: found client in attached list
01-05 18:28:01.706   855  1186 I chatty  : uid=1000(system) Binder:855_3 identical 6 lines
01-05 18:28:01.752   855  1186 W TrackingService: attachClient: found client in attached list
01-05 18:28:01.755   855   855 W TrackingService: attachClient: found client in attached list
01-05 18:28:01.791   855   855 W TrackingService: attachClient: found client in attached list
01-05 18:28:01.834   855  1186 W TrackingService: attachClient: found client in attached list
01-05 18:28:01.883   855  1186 I chatty  : uid=1000(system) Binder:855_3 identical 2 lines
01-05 18:28:01.934   855  1186 W TrackingService: attachClient: found client in attached list
01-05 18:28:01.972   855   855 W TrackingService: attachClient: found client in attached list
01-05 18:28:01.974   855  1186 W TrackingService: attachClient: found client in attached list
01-05 18:28:02.012  4047  4126 I chatty  : uid=10033(com.oculus.xrstreamingclient) xrsp-rt-read expire 14 lines
01-05 18:28:02.182   855  1186 I chatty  : uid=1000(system) Binder:855_3 identical 5 lines
01-05 18:28:02.222   855  1186 W TrackingService: attachClient: found client in attached list
01-05 18:28:02.224   855   855 W TrackingService: attachClient: found client in attached list
01-05 18:28:02.403  1249  2853 I VrRuntimeService: RuntimeServiceSDKServer::SetGuardianSystemState: 3957601768
01-05 18:28:02.403  2675  2854 I GuardianSystem: UpdateGuardianSystemState: Flags changed: 532480, 524288, SYSTEM_GUARDIAN_VISIBLE,SYSTEM_GUARDIAN_VALID to SYSTEM_GUARDIAN_VALID
01-05 18:28:02.567  1249  7988 I CompositorVR: SetSchedFifo( tid=2854, pol=2, pri=0 ) succeeded
01-05 18:28:02.567  1249  7988 I CompositorVR: SetSchedFifo( tid=3160, pol=2, pri=0 ) succeeded
01-05 18:28:02.567  1249  7988 I CompositorVR: SetSchedFifo( tid=3270, pol=2, pri=0 ) succeeded
01-05 18:28:02.707   855   855 I chatty  : uid=1000(system) /system/bin/trackingservice identical 12 lines
01-05 18:28:02.752   855   855 W TrackingService: attachClient: found client in attached list
01-05 18:28:02.754   855  1186 W TrackingService: attachClient: found client in attached list
01-05 18:28:02.925  1249  7858 I VrRuntimeService: CreateSwapChain: 1932309906
01-05 18:28:02.925  1249  7858 I VrRuntimeService: CreateSwapChain: api:vk 0 0x2b 1024 1024 1 3 1 0 15
01-05 18:28:02.927  1249  7858 I VrRuntimeServer: CreateTextureSwapChain: result importswapchaingles 1
01-05 18:28:03.357  1249  7858 I VrRuntimeService: DestroySwapChain: swapchain=210
01-05 18:28:03.525   855  7993 I chatty  : uid=1000(system) IOTcam expire 56 lines
01-05 18:28:03.527   855  1197 I chatty  : uid=1000(system) Mapper expire 31 lines
01-05 18:28:03.875  1249  2853 I VrRuntimeService: RuntimeServiceSDKServer::SetGuardianSystemState: 3957601768
01-05 18:28:03.876  2675  2854 I GuardianSystem: UpdateGuardianSystemState: Flags changed: 524288, 532480, SYSTEM_GUARDIAN_VALID to SYSTEM_GUARDIAN_VISIBLE,SYSTEM_GUARDIAN_VALID
01-05 18:28:03.903  1249  7988 I CompositorVR: SetSchedFifo( tid=2854, pol=5, pri=1 ) succeeded
01-05 18:28:03.903  1249  7988 I CompositorVR: SetSchedFifo( tid=3160, pol=5, pri=1 ) succeeded
01-05 18:28:03.903  1249  7988 I CompositorVR: SetSchedFifo( tid=3270, pol=5, pri=1 ) succeeded
01-05 18:28:03.968  7790  7820 I chatty  : uid=10145(com.YourCompany.PrototypeV4) expire 1 line
01-05 18:28:04.130   855  8001 I chatty  : uid=1000(system) CtrllrCam expire 6 lines
01-05 18:28:04.156   855  7972 I chatty  : uid=1000(system) CtrlTracking expire 13 lines
01-05 18:28:04.353   855  1186 I chatty  : uid=1000(system) Binder:855_3 identical 45 lines
01-05 18:28:04.383   855  1186 W TrackingService: attachClient: found client in attached list
01-05 18:28:04.422   855   855 W TrackingService: attachClient: found client in attached list
01-05 18:28:04.690  3107  3107 D MetaCam (DeviceLifecycleManager): onCapabilitiesChanged(...). Has NET_CAPABILITY_VALIDATED.
01-05 18:28:04.691  3107  3107 D MetaCam (DeviceLifecycleManager): onCapabilitiesChanged(...). Has NET_CAPABILITY_VALIDATED.
01-05 18:28:04.691  7790  7812 I chatty  : uid=10145(com.YourCompany.PrototypeV4) expire 2 lines
01-05 18:28:04.694  7790  8136 I chatty  : uid=10145(com.YourCompany.PrototypeV4) expire 3 lines
01-05 18:28:05.129   855   855 I chatty  : uid=1000(system) /system/bin/trackingservice identical 21 lines
01-05 18:28:05.173   855   855 W TrackingService: attachClient: found client in attached list
01-05 18:28:05.174   855  1040 W TrackingService: attachClient: found client in attached list
01-05 18:28:06.109   855  1040 I chatty  : uid=1000(system) Binder:855_1 identical 26 lines
01-05 18:28:06.151   855  1040 W TrackingService: attachClient: found client in attached list
01-05 18:28:06.152   855   855 W TrackingService: attachClient: found client in attached list
01-05 18:28:06.177   855   855 W TrackingService: attachClient: found client in attached list
01-05 18:28:06.220   855  1040 W TrackingService: attachClient: found client in attached list
01-05 18:28:06.265   855  1040 I chatty  : uid=1000(system) Binder:855_1 identical 1 line
01-05 18:28:06.274  4047  4155 I chatty  : uid=10033(com.oculus.xrstreamingclient) XRS_Battery expire 2 lines
01-05 18:28:06.304   855  1040 W TrackingService: attachClient: found client in attached list
01-05 18:28:06.351   855   855 W TrackingService: attachClient: found client in attached list
01-05 18:28:06.809  1249  7858 I VrRuntimeService: CreateSwapChain: 1932309906
01-05 18:28:06.809  1249  7858 I VrRuntimeService: CreateSwapChain: api:vk 0 0x2b 1024 1024 1 3 1 0 15
01-05 18:28:06.811  1249  7858 I VrRuntimeServer: CreateTextureSwapChain: result importswapchaingles 1
01-05 18:28:06.814  7790  8063 I SwapChain_Vulkan: Imported texture has requirements 3, ends up index 0
01-05 18:28:06.814  7790  8063 I chatty  : uid=10145(com.YourCompany.PrototypeV4) identical 20 lines
01-05 18:28:06.935  1249  7858 I VrRuntimeService: DestroySwapChain: swapchain=211
01-05 18:28:07.005  7790  8055 I chatty  : uid=10145(com.YourCompany.PrototypeV4) expire 4 lines
01-05 18:28:07.296  1249  7858 I VrRuntimeService: CreateSwapChain: 1932309906
01-05 18:28:07.296  1249  7858 I VrRuntimeService: CreateSwapChain: api:vk 0 0x2b 1024 1024 1 3 1 0 15
01-05 18:28:07.298  1249  7858 I VrRuntimeServer: CreateTextureSwapChain: result importswapchaingles 1
01-05 18:28:07.450  1249  7858 I VrRuntimeService: DestroySwapChain: swapchain=212
01-05 18:28:07.715  3107  3107 D MetaCam (DeviceLifecycleManager): onCapabilitiesChanged(...). Has NET_CAPABILITY_VALIDATED.
01-05 18:28:07.716  3107  3107 D MetaCam (DeviceLifecycleManager): onCapabilitiesChanged(...). Has NET_CAPABILITY_VALIDATED.
01-05 18:28:07.720  7790  8142 I chatty  : uid=10145(com.YourCompany.PrototypeV4) expire 3 lines
01-05 18:28:07.756  1249  7858 I VrRuntimeService: CreateSwapChain: 1932309906
01-05 18:28:07.756  1249  7858 I VrRuntimeService: CreateSwapChain: api:vk 0 0x2b 1024 1024 1 3 1 0 15
01-05 18:28:07.758  1249  7858 I VrRuntimeServer: CreateTextureSwapChain: result importswapchaingles 1
01-05 18:28:07.784  1249  7858 I VrRuntimeService: DestroySwapChain: swapchain=213
01-05 18:28:07.798  1249  7858 I VrRuntimeService: CreateSwapChain: 1932309906
01-05 18:28:07.798  1249  7858 I VrRuntimeService: CreateSwapChain: api:vk 0 0x2b 1024 1024 1 3 1 0 15
01-05 18:28:07.800  1249  7858 I VrRuntimeServer: CreateTextureSwapChain: result importswapchaingles 1
01-05 18:28:07.909  1249  7858 I VrRuntimeService: DestroySwapChain: swapchain=214
01-05 18:28:08.313  1249  7858 I VrRuntimeService: CreateSwapChain: 1932309906
01-05 18:28:08.313  1249  7858 I VrRuntimeService: CreateSwapChain: api:vk 0 0x2b 1024 1024 1 3 1 0 15
01-05 18:28:08.315  1249  7858 I VrRuntimeServer: CreateTextureSwapChain: result importswapchaingles 1
01-05 18:28:08.466  1249  7858 I VrRuntimeService: DestroySwapChain: swapchain=215
01-05 18:28:08.609   855   855 I chatty  : uid=1000(system) /system/bin/trackingservice identical 63 lines
01-05 18:28:08.653   855   855 W TrackingService: attachClient: found client in attached list
01-05 18:28:08.655   855  1040 W TrackingService: attachClient: found client in attached list
01-05 18:28:08.884  1249  7858 I VrRuntimeService: CreateSwapChain: 1932309906
01-05 18:28:08.884  1249  7858 I VrRuntimeService: CreateSwapChain: api:vk 0 0x2b 1024 1024 1 3 1 0 15
01-05 18:28:08.885  1249  7858 I VrRuntimeServer: CreateTextureSwapChain: result importswapchaingles 1
01-05 18:28:09.037  1249  7858 I VrRuntimeService: DestroySwapChain: swapchain=216
01-05 18:28:09.994  1249  2458 E TREX    : Interface version 1 was not found. Check debug build for more information.
01-05 18:28:10.199   855  1040 I chatty  : uid=1000(system) Binder:855_1 identical 40 lines
01-05 18:28:10.240   855  1040 W TrackingService: attachClient: found client in attached list
01-05 18:28:10.242   855   855 W TrackingService: attachClient: found client in attached list
01-05 18:28:10.284   855   855 W TrackingService: attachClient: found client in attached list
01-05 18:28:10.327   855  1040 W TrackingService: attachClient: found client in attached list
01-05 18:28:10.582   855  1040 I chatty  : uid=1000(system) Binder:855_1 identical 7 lines
01-05 18:28:10.621   855  1040 W TrackingService: attachClient: found client in attached list
01-05 18:28:10.628  2675  3267 I Telemetry: App memory usage: PSS=49 MiB, PrivateDirty=40 MiB, PrivateClean=3 MiB, GPU=3.9/4.1 MiB (96% allocated)
01-05 18:28:10.665   855   855 W TrackingService: attachClient: found client in attached list
01-05 18:28:10.708   855   855 I chatty  : uid=1000(system) /system/bin/trackingservice identical 1 line
