--------- beginning of system
01-06 14:41:20.172  1052  6256 I ActivityTaskManager: START u0 {flg=0x10000000 cmp=com.YourCompany.PrototypeV4/com.epicgames.ue4.GameActivity} from uid 2000
01-06 14:41:20.200  1052  1090 I ActivityManager: Start proc 9093:com.YourCompany.PrototypeV4/u0a152 for activity {com.YourCompany.PrototypeV4/com.epicgames.ue4.GameActivity}
01-06 14:41:20.208  1052  6256 W ActivityManager: Package for pid 860: no process record found
01-06 14:41:20.563  1052  1744 D ConnectivityService: Returning BLOCKED NetworkInfo to uid=10152
01-06 14:41:20.756  1052  1080 W ActivityTaskManager: Activity top resumed state loss timeout for ActivityRecord{d11bbbb u0 com.YourCompany.PrototypeV4/com.epicgames.ue4.GameActivity t345}
01-06 14:41:20.756  1052  1080 W ActivityTaskManager: Activity pause timeout for ActivityRecord{d11bbbb u0 com.YourCompany.PrototypeV4/com.epicgames.ue4.GameActivity t345}
01-06 14:41:22.025  1052  2086 E WindowManager: App trying to use insecure INPUT_FEATURE_NO_INPUT_CHANNEL flag. Ignoring
--------- beginning of tracking
01-06 14:41:22.095   864  1042 W TrackingService: attachClient: found client in attached list
01-06 14:41:23.755  1052  1546 E TaskPersister: File error accessing recents directory (directory doesn't exist?).
01-06 14:41:24.025  1052  1744 W ActivityManager: Permission Denial: Accessing service com.oculus.vrshell/.ShellOverlayService from pid=9093, uid=10152 requires com.oculus.vrshell.OVERLAY_HOST
01-06 14:41:24.448   864  1042 I chatty  : uid=1000(system) Binder:864_2 identical 76 lines
01-06 14:41:24.491   864  1042 W TrackingService: attachClient: found client in attached list
01-06 14:41:24.512   744   922 I SyncBossHAL: [info   ] syncboss_hal_powerstate.c(50): Reporting powerstate event: PROX_ON
01-06 14:41:24.513  1052  1247 I PowerManagerService: Waking up from Asleep (uid=1000, reason=WAKE_REASON_UNKNOWN, details=VrPwMng:leave-standby)...
01-06 14:41:24.513  1052  1052 W UsageStatsService: Event reported without a package name, eventType:15
01-06 14:41:24.514  1052  1052 D ActivityManager: Is background playback enabled for all apps: false
01-06 14:41:24.520  1052  1052 I chatty  : uid=1000 system_server identical 18 lines
01-06 14:41:24.520  1052  1052 D ActivityManager: Is background playback enabled for all apps: false
01-06 14:41:24.520  1052  1106 I DisplayPowerController: Blocking screen on until initial contents have been drawn.
01-06 14:41:24.520  1052  1106 D ActivityTaskManager: Top Process State changed to PROCESS_STATE_TOP
01-06 14:41:24.520  1052  1052 D ActivityManager: Is background playback enabled for all apps: false
01-06 14:41:24.521   860  8968 D SensorClientUtils: Cancelling delayed transition to SLEEP
01-06 14:41:24.521   864  1042 D SensorClientUtils: Cancelling delayed transition to SLEEP
01-06 14:41:24.522  1602  1619 D SensorClientUtils: Cancelling delayed transition to SLEEP
01-06 14:41:24.522  1602  1619 D SensorClientUtils: Received transition request from SLEEP to RUNNING
01-06 14:41:24.523   864  1042 D SensorClientUtils: Received transition request from SLEEP to RUNNING
01-06 14:41:24.525  1052  1052 D ActivityManager: Is background playback enabled for all apps: false
01-06 14:41:24.530  1052  1594 W ContextImpl: Calling a method in the system process without a qualified user: android.app.ContextImpl.sendBroadcast:1057 com.android.server.audio.AudioService.setMicrophoneMuteNoCallerCheck:2893 com.android.server.audio.AudioService.setMicrophoneMute:2879 android.media.IAudioService$Stub.onTransact:1112 android.os.Binder.execTransactInternal:1021 
01-06 14:41:24.531   864  1221 W TrackingService: attachClient: found client in attached list
01-06 14:41:24.535  1052  1052 D ActivityManager: Is background playback enabled for all apps: false
01-06 14:41:24.542  1052  1052 I chatty  : uid=1000 system_server identical 17 lines
01-06 14:41:24.542  1052  1052 D ActivityManager: Is background playback enabled for all apps: false
01-06 14:41:24.544   860  8968 D SensorClientUtils: Received transition request from SLEEP to RUNNING
01-06 14:41:24.551  1052  1100 D KernelCpuUidUserSysTimeReader: Removing uids 10150-10150
01-06 14:41:24.551  1052  1100 D KernelCpuUidUserSysTimeReader: Removing uids 10151-10151
01-06 14:41:24.552  1602  1619 D SensorClientUtils: Executing transition from SLEEP to STANDBY
01-06 14:41:24.552  1602  1619 D OVRRemoteService: ControllerGlue: setting expected mode to Streaming
01-06 14:41:24.552  1602  1619 D OVRRemoteService: ControllerGlue: Setting current mode to Streaming
01-06 14:41:24.552  1602  1619 D OVRRemoteService: ControllerGlue: leave mode Disabled
01-06 14:41:24.552  1602  1619 D OVRRemoteService: ControllerGlue: Setting mode to Streaming
01-06 14:41:24.552  1602  1619 D OVRRemoteService: ControllerGlue: enter mode Streaming
01-06 14:41:24.553   864  1042 D SensorClientUtils: Executing transition from SLEEP to STANDBY
01-06 14:41:24.553   744  4161 D SensorService: ControllerProvider: acquiring StreamingSession
01-06 14:41:24.553   744  4161 D SensorService: SyncbossEventHandler: starting all streams
01-06 14:41:24.554   744  9178 D SensorService: SyncbossEventHandler::producerThreadFunc() start
01-06 14:41:24.554   744  9178 W SensorService: Data for sensor type HMD_IMU dropped because of failure to update clock drift from vsync. 1 drops in the last 0s.
01-06 14:41:24.554   744  9178 W SensorService: Data for sensor type HMD_MAG dropped because of failure to update clock drift from vsync. 1 drops in the last 0s.
01-06 14:41:24.556  1052  4271 E AppOps  : startOperation
01-06 14:41:24.556  1052  4271 E AppOps  : java.lang.SecurityException: Specified package MrSystemService under uid 1000 but it is really -1
01-06 14:41:24.556  1052  4271 E AppOps  : 	at com.android.server.appop.AppOpsService.verifyAndGetIsPrivileged(AppOpsService.java:2654)
01-06 14:41:24.556  1052  4271 E AppOps  : 	at com.android.server.appop.AppOpsService.startOperation(AppOpsService.java:2235)
01-06 14:41:24.556  1052  4271 E AppOps  : 	at android.app.AppOpsManager.startOpNoThrow(AppOpsManager.java:5469)
01-06 14:41:24.556  1052  4271 E AppOps  : 	at android.app.AppOpsManager.startOpNoThrow(AppOpsManager.java:5450)
01-06 14:41:24.556  1052  4271 E AppOps  : 	at com.android.server.power.Notifier.onWakeLockAcquired(Notifier.java:224)
01-06 14:41:24.556  1052  4271 E AppOps  : 	at com.android.server.power.PowerManagerService.notifyWakeLockAcquiredLocked(PowerManagerService.java:1277)
01-06 14:41:24.556  1052  4271 E AppOps  : 	at com.android.server.power.PowerManagerService.acquireWakeLockInternal(PowerManagerService.java:1112)
01-06 14:41:24.556  1052  4271 E AppOps  : 	at com.android.server.power.PowerManagerService.access$3900(PowerManagerService.java:118)
01-06 14:41:24.556  1052  4271 E AppOps  : 	at com.android.server.power.PowerManagerService$BinderService.acquireWakeLock(PowerManagerService.java:4346)
01-06 14:41:24.556  1052  4271 E AppOps  : 	at android.os.IPowerManager$Stub.onTransact(IPowerManager.java:349)
01-06 14:41:24.556  1052  4271 E AppOps  : 	at android.os.Binder.execTransactInternal(Binder.java:1021)
01-06 14:41:24.556  1052  4271 E AppOps  : 	at android.os.Binder.execTransact(Binder.java:994)
01-06 14:41:24.556   860  8968 D SensorClientUtils: Executing transition from SLEEP to STANDBY
01-06 14:41:24.556   860  8968 D SensorClientUtils: Executing transition from STANDBY to RUNNING
01-06 14:41:24.556   864  1045 I TrackingService: [ vision_manager] SLEEP -> STANDBY transition time: 2 ms
01-06 14:41:24.557   864  1045 I TrackingService: [            iad] SLEEP -> STANDBY transition time: 0 ms
01-06 14:41:24.558   744  4161 I SyncBossHAL: [info   ] syncboss_hal_impl_input.c(296): Restoring blocklist to property values: 2428 - 2462
01-06 14:41:24.562  1052  1178 D ConnectivityService: Blocked status changed to false for 10152(28) on netId 100
01-06 14:41:24.564  1052  1080 I DisplayManagerService: Display device changed state: "Built-in Screen", ON
01-06 14:41:24.569   864  1221 W TrackingService: attachClient: found client in attached list
01-06 14:41:24.571  1052  1106 I DisplayPowerController: Unblocked screen on after 51 ms
01-06 14:41:24.573   744  4161 I SyncBossHAL: [info   ] syncboss_hal_impl_input.c(304): No AFH behavior specified, enabled by default
01-06 14:41:24.573   744  4161 I SyncBossHAL: [info   ] syncboss_hal_impl_input.c(344): Input device auto-whitelisting disabled
01-06 14:41:24.577   864  1045 I TrackingService: [           bolt] SLEEP -> STANDBY transition time: 20 ms
01-06 14:41:24.578   744  4161 D SensorService: ControllerProvider: acquiring StreamingClient impl; approx # alive: 1
01-06 14:41:24.578   744  4161 D libsensorscommon: ControllerProvider: acquiring StreamingClient hidl
01-06 14:41:24.580  1602  9187 D OVRRemoteService: processStateChange([PairedControllerInfo JEDI 729165a0fe4054d7 disconnected mcnt=0])
01-06 14:41:24.580  1602  9187 D OVRRemoteService: processStateChange([PairedControllerInfo JEDI 86557c336c360320 disconnected mcnt=0])
01-06 14:41:24.580  1602  1619 D OVRRemoteService: [controller] SLEEP -> STANDBY
01-06 14:41:24.580  1602  1619 D SensorClientUtils: Executing transition from STANDBY to RUNNING
01-06 14:41:24.580  1602  1619 D OVRRemoteService: [controller] STANDBY -> RUNNING
01-06 14:41:24.583   744  9177 D SensorService: stateChangeNotifierFunc(): Reporting controller info. Change token: 16, paired=2 connected=0
01-06 14:41:24.583  1602  9187 D OVRRemoteService: processStateChange([PairedControllerInfo JEDI 86557c336c360320 disconnected update-required mcnt=0])
01-06 14:41:24.583  1602  9187 D OVRRemoteService: processStateChange([PairedControllerInfo JEDI 729165a0fe4054d7 disconnected update-required mcnt=0])
01-06 14:41:24.598   864  1221 W TrackingService: attachClient: found client in attached list
01-06 14:41:24.599   864   864 W TrackingService: attachClient: found client in attached list
01-06 14:41:24.639  1052  1178 D ConnectivityService: Blocked status changed to false for 10097(17) on netId 100
01-06 14:41:24.639  1052  1178 D ConnectivityService: Blocked status changed to false for 10097(18) on netId 100
01-06 14:41:24.644  1052  4271 D ConnectivityService: Returning UNBLOCKED NetworkInfo to uid=10152
01-06 14:41:24.684   864   864 I chatty  : uid=1000(system) /system/bin/trackingservice identical 2 lines
01-06 14:41:24.728   864   864 W TrackingService: attachClient: found client in attached list
01-06 14:41:24.756   864  1045 I TrackingService: [            iot] SLEEP -> STANDBY transition time: 179 ms
01-06 14:41:24.757   864  9223 D TrackingService: starting IOT motion thread, imu batch dispatch enabled=false
01-06 14:41:24.761   864  1045 I TrackingService: ConstellationTrackingGlue: setEnableExtendedDeadreckoning to false
01-06 14:41:24.761   864  1045 I TrackingService: [  constellation] SLEEP -> STANDBY transition time: 4 ms
01-06 14:41:24.761   864  1045 I TrackingService: [selftracked_client] SLEEP -> STANDBY transition time: 0 ms
01-06 14:41:24.761   864  1045 I TrackingService: [           hand] SLEEP -> STANDBY transition time: 0 ms
01-06 14:41:24.762   864  1045 I TrackingService: [         object] SLEEP -> STANDBY transition time: 0 ms
01-06 14:41:24.762   864  1045 I TrackingService: [     controller] SLEEP -> STANDBY transition time: 0 ms
01-06 14:41:24.762   864  1045 I TrackingService: [ExposureControl] SLEEP -> STANDBY transition time: 0 ms
01-06 14:41:24.762   744  4161 D SensorService: ControllerProvider: acquiring StreamingClient impl; approx # alive: 2
01-06 14:41:24.762   864  1042 D TrackingService: setPowerState: STANDBY
01-06 14:41:24.762   744  4161 D libsensorscommon: ControllerProvider: acquiring StreamingClient hidl
01-06 14:41:24.762   864  1042 D SensorClientUtils: Executing transition from STANDBY to RUNNING
01-06 14:41:24.762   864  1045 I TrackingService: [ vision_manager] STANDBY -> RUNNING transition time: 0 ms
01-06 14:41:24.762  1602  9187 D OVRRemoteService: processStateChange([PairedControllerInfo JEDI 86557c336c360320 disconnected update-required mcnt=0])
01-06 14:41:24.763  1602  9187 D OVRRemoteService: processStateChange([PairedControllerInfo JEDI 729165a0fe4054d7 disconnected update-required mcnt=0])
01-06 14:41:24.763   864  1045 I TrackingService: [            iad] STANDBY -> RUNNING transition time: 0 ms
01-06 14:41:24.763   864  1045 I TrackingService: [           bolt] STANDBY -> RUNNING transition time: 0 ms
01-06 14:41:24.763  1602  1619 D RemoteService: RemoteService - Registering status callback
01-06 14:41:24.766   744  4161 I FrameSetDispatcher: [HEADSET] Client thread started
01-06 14:41:24.766   744  4161 I CameraClientManager: [HEADSET] Added client (864) - started clients: 1
01-06 14:41:24.768   864   864 W TrackingService: attachClient: found client in attached list
01-06 14:41:24.811   864   864 I chatty  : uid=1000(system) /system/bin/trackingservice identical 1 line
01-06 14:41:24.819   864   864 W TrackingService: attachClient: found client in attached list
01-06 14:41:24.821   864  1221 W TrackingService: attachClient: found client in attached list
01-06 14:41:24.887   864  1221 I chatty  : uid=1000(system) Binder:864_4 identical 2 lines
01-06 14:41:24.921  1052  1106 W PowerManagerService: Screen on took 407 ms
01-06 14:41:24.934   864  1221 W TrackingService: attachClient: found client in attached list
01-06 14:41:24.954   744  4161 I HollywoodCameraProvider: [HollywoodCameraProvider] Set cameras to 10 bpp (format 0x00000007)
01-06 14:41:24.958   744   908 I SyncBossHAL: [info   ] pulsar_manager.c(801): No IRLED tracked controllers connected/ready
01-06 14:41:24.967   864  1221 W TrackingService: attachClient: found client in attached list
01-06 14:41:24.981   864  1221 W TrackingService: attachClient: found client in attached list
01-06 14:41:24.982   864  1221 D TrackingService: getSharedMemory: com.oculus.systemdriver#1804, HeadTracker
01-06 14:41:25.010   864  1221 W TrackingService: attachClient: found client in attached list
01-06 14:41:25.025   864  1045 I TrackingService: [            iot] STANDBY -> RUNNING transition time: 261 ms
01-06 14:41:25.027   744  4161 I FrameSetDispatcher: [CONTROLLER] Client thread started
01-06 14:41:25.027   744  4161 I CameraClientManager: [CONTROLLER] Added client (864) - started clients: 1
01-06 14:41:25.028   864  1045 I TrackingService: ConstellationTrackingGlue: setEnableExtendedDeadreckoning to false
01-06 14:41:25.028   864  1045 I TrackingService: [  constellation] STANDBY -> RUNNING transition time: 3 ms
01-06 14:41:25.028   864  1045 I TrackingService: [selftracked_client] STANDBY -> RUNNING transition time: 0 ms
01-06 14:41:25.028   864  1045 I TrackingService: [           hand] STANDBY -> RUNNING transition time: 0 ms
01-06 14:41:25.030   864  1221 D TrackingService: getSharedMemory: com.YourCompany.PrototypeV4#9093, HeadTracker
01-06 14:41:25.031   744  4161 I FrameSetDispatcher: [HEADSET] Client thread started
01-06 14:41:25.031   744  4161 I CameraClientManager: [HEADSET] Added client (864) - started clients: 2
01-06 14:41:25.032   864  1045 I TrackingService: [         object] STANDBY -> RUNNING transition time: 3 ms
01-06 14:41:25.032   864  1045 I TrackingService: [     controller] STANDBY -> RUNNING transition time: 0 ms
01-06 14:41:25.041   864  1221 W TrackingService: attachClient: found client in attached list
01-06 14:41:25.043   864  1221 D TrackingService: getSharedMemory: com.oculus.systemdriver, Controller
01-06 14:41:25.044   864  1045 I TrackingService: Setting initial exposure: 0.005000, initial gain: 3.000000
01-06 14:41:25.046   864  1221 W TrackingService: attachClient: found client in attached list
01-06 14:41:25.047   864  1221 D TrackingService: getSharedMemory: com.oculus.mrservice#1687, HeadTracker
01-06 14:41:25.048   864  1221 W TrackingService: attachClient: found client in attached list
01-06 14:41:25.048   744  4161 I FrameSetDispatcher: [HEADSET] Client thread started
01-06 14:41:25.049   744  4161 I CameraClientManager: [HEADSET] Added client (864) - started clients: 3
01-06 14:41:25.049   864  1045 I TrackingService: [ExposureControl] STANDBY -> RUNNING transition time: 17 ms
01-06 14:41:25.049   864  1042 D TrackingService: setPowerState: RUNNING
01-06 14:41:25.052   864  1042 W TrackingService: attachClient: found client in attached list
01-06 14:41:25.058   744  4161 W SyncBossHAL: [warning] pulsar_manager.c(701): No cache entry for device 729165a0xxxxxxxx with unknown type
01-06 14:41:25.058   744  4161 E SyncBossHAL: [error  ] syncboss_hal_input_helpers.c(158): Failure reading cache data when attempting to check if input is awake
01-06 14:41:25.061   744  4161 W SyncBossHAL: [warning] pulsar_manager.c(701): No cache entry for device 86557c33xxxxxxxx with unknown type
01-06 14:41:25.061   744  4161 E SyncBossHAL: [error  ] syncboss_hal_input_helpers.c(158): Failure reading cache data when attempting to check if input is awake
01-06 14:41:25.098   864  1221 W TrackingService: attachClient: found client in attached list
01-06 14:41:25.109   744  9268 W libsensorscommon: frameset capture timestamp out of spec by -3465259.53 ms. FrameType=HEADSET, observed=3465299532000 expected=40000000. FrameSyncPeriod is: 40.00 ms
01-06 14:41:25.142   864  1221 W TrackingService: attachClient: found client in attached list
01-06 14:41:25.178   864  1221 I chatty  : uid=1000(system) Binder:864_4 identical 1 line
01-06 14:41:25.218   864  1221 W TrackingService: attachClient: found client in attached list
01-06 14:41:25.224   744  9231 E FrameSetDispatcher: [HEADSET] Client pid=864 (864): Failed to read from receive FMQ for 1 packets in 5000ms.
01-06 14:41:25.224   744  9231 E FrameSetDispatcher: This probably means this client is taking more than 33 ms to process the frame.
01-06 14:41:25.224   744  9231 E FrameSetDispatcher: Retrying.
01-06 14:41:25.268   864  1221 W TrackingService: attachClient: found client in attached list
01-06 14:41:25.291   864  1221 W TrackingService: attachClient: found client in attached list
01-06 14:41:25.292   864  1221 D TrackingService: getSharedMemory: com.oculus.guardian#2954, HeadTracker
01-06 14:41:25.293   864  1221 W TrackingService: attachClient: found client in attached list
01-06 14:41:25.293   864  1221 D TrackingService: getSharedMemory: com.oculus.guardian, Controller
01-06 14:41:25.294   864  1221 W TrackingService: attachClient: found client in attached list
01-06 14:41:25.295   864  1221 D TrackingService: getSharedMemory: com.oculus.guardian, AnchorTracker
01-06 14:41:25.307   864  1221 W TrackingService: attachClient: found client in attached list
01-06 14:41:25.355   864  1221 I chatty  : uid=1000(system) Binder:864_4 identical 2 lines
01-06 14:41:25.359  1052  1470 E WindowManager: App trying to use insecure INPUT_FEATURE_NO_INPUT_CHANNEL flag. Ignoring
01-06 14:41:25.396   864  1221 W TrackingService: attachClient: found client in attached list
01-06 14:41:25.397   864  1221 D TrackingService: getSharedMemory: com.oculus.vrshell#2150, HeadTracker
01-06 14:41:25.398   864  1221 W TrackingService: attachClient: found client in attached list
01-06 14:41:25.449   864  1221 W TrackingService: attachClient: found client in attached list
01-06 14:41:25.451   744   906 I SyncBossHAL: [info   ] syncboss_hal_impl_input.c(1060): Pulsar connected devices state change: 9
01-06 14:41:25.482  1052  1594 I ActivityTaskManager: START u0 {act=android.intent.action.MAIN cmp=com.oculus.os.clearactivity/.ClearActivity (has extras)} from uid 10020
01-06 14:41:25.484  1052  1594 W ActivityTaskManager: startActivity called from non-Activity context; forcing Intent.FLAG_ACTIVITY_NEW_TASK for: Intent { act=android.intent.action.MAIN flg=0x800000 cmp=com.oculus.os.clearactivity/.ClearActivity (has extras) }
01-06 14:41:25.490   864  1221 W TrackingService: attachClient: found client in attached list
01-06 14:41:25.498  1052  1080 D ActivityManager: Is background playback enabled for all apps: false
01-06 14:41:25.510   744   908 I SyncBossHAL: [info   ] pulsar_manager.c(396): 86557c33xxxxxxxx: Configuring IR LED to ontime = 34, period = 40000, delay = -9
01-06 14:41:25.513  1052  4271 E WindowManager: App trying to use insecure INPUT_FEATURE_NO_INPUT_CHANNEL flag. Ignoring
01-06 14:41:25.519   744   908 I SyncBossHAL: [info   ] pulsar_manager.c(343): Finished getting cache data for controller
01-06 14:41:25.519   744   908 I SyncBossHAL:     id            : 86557c33xxxxxxxx
01-06 14:41:25.519   744   908 I SyncBossHAL:     pulsar_type   : 0x09001401
01-06 14:41:25.519   744   908 I SyncBossHAL:     connection id : 0x9
01-06 14:41:25.519   744   908 I SyncBossHAL:     fw ver        : 1.9.0
01-06 14:41:25.519   744   908 I SyncBossHAL:     spl ver       : 1.5.1
01-06 14:41:25.519   744   908 I SyncBossHAL:     serial        : 1WMHCLE3D42127
01-06 14:41:25.519   744   908 I SyncBossHAL:     handedness    : left
01-06 14:41:25.519   744   908 I SyncBossHAL:     battery state : 100%
01-06 14:41:25.519   744   908 I SyncBossHAL: [info   ] pulsar_manager.c(360): Jedi-specific cache data:
01-06 14:41:25.519   744   908 I SyncBossHAL:     captouch ver  : 1.9.0
01-06 14:41:25.522   744  9177 D SensorService: stateChangeNotifierFunc(): Reporting controller info. Change token: 17, paired=2 connected=1
01-06 14:41:25.522  1602  9187 D OVRRemoteService: processStateChange([PairedControllerInfo JEDI 86557c336c360320 connected mcnt=0])
01-06 14:41:25.522   744  4161 D SensorService: ControllerProvider: Succesfully set tx power to -4, filter to -4
01-06 14:41:25.523  1602  9187 D OVRRemoteService: processStateChange([PairedControllerInfo JEDI 729165a0fe4054d7 disconnected update-required mcnt=0])
01-06 14:41:25.526   744   908 I SyncBossHAL: [info   ] pulsar_manager.c(866): Setting transmit power for all connected controllers to -4 dBm
01-06 14:41:25.531   864  1042 W TrackingService: attachClient: found client in attached list
01-06 14:41:25.533   744  4161 D SensorService: Found paired controllers: 2
01-06 14:41:25.533   744   908 I SyncBossHAL: [info   ] pulsar_manager.c(866): Setting filter transmit power for all connected controllers to -4 dBm
01-06 14:41:25.533   864  9228 D TrackingService: Creating RemoteConstellationTrackedDevice
01-06 14:41:25.534   864  9228 I TrackingService: Registering primary controller 86557c336c360320 in slot 0
01-06 14:41:25.538   864  9228 D TrackingService: TrackingDataPostProcessor: Hand autotransition v2 GK enabled: 1
01-06 14:41:25.538   864  9228 D TrackingService: registerRemote: 86557c336c360320
01-06 14:41:25.543   864  1042 W TrackingService: attachClient: found client in attached list
01-06 14:41:25.544   864  1042 D TrackingService: getSharedMemory: com.oculus.vrshell, Controller
01-06 14:41:25.552   864  9228 W TrackingService: Attempted to control leds, but gatekeeper is disabled. Skipping operation.
01-06 14:41:25.577   864  1042 W TrackingService: attachClient: found client in attached list
01-06 14:41:25.578   864  1042 W TrackingService: attachClient: found client in attached list
01-06 14:41:25.600   744  9178 I SyncBossInput: [info   ] [jedi ( left) 86557c33xxxxxxxx]: 2808298 [info   ] {THDG}: active_seek -> inactive_seek
01-06 14:41:25.607   864  9228 D TrackingService: [HANDTRACKING] Controller 86557c336c360320 in hand: Y, valid: Y
01-06 14:41:25.625   864  1221 W TrackingService: attachClient: found client in attached list
01-06 14:41:25.640   744  9178 I SyncBossInput: [info   ] [jedi ( left) 86557c33xxxxxxxx]: 3462909 [info   ] {APP }: Connected
01-06 14:41:25.668   864  1221 W TrackingService: attachClient: found client in attached list
01-06 14:41:25.691   744  9178 I SyncBossInput: [info   ] [jedi ( left) 86557c33xxxxxxxx]: 3462909 [info   ] {THDG}: inactive_seek -> active_connected
01-06 14:41:25.710   864  1221 W TrackingService: attachClient: found client in attached list
01-06 14:41:25.926   864  1221 I chatty  : uid=1000(system) Binder:864_4 identical 6 lines
01-06 14:41:25.972   864  1221 W TrackingService: attachClient: found client in attached list
01-06 14:41:25.985   744  9178 I SyncBossHAL: [info   ] syncboss_hal_input_controller.c(195): Controller 86557c33xxxxxxxx battery level changed: 0% -> 100%
01-06 14:41:25.989   744  9177 D SensorService: stateChangeNotifierFunc(): Reporting controller info. Change token: 18, paired=2 connected=1
01-06 14:41:25.989  1602  9187 D OVRRemoteService: processStateChange([PairedControllerInfo JEDI 86557c336c360320 connected mcnt=0])
01-06 14:41:25.989  1602  9187 D OVRRemoteService: processStateChange([PairedControllerInfo JEDI 729165a0fe4054d7 disconnected update-required mcnt=0])
01-06 14:41:26.018   864  1221 W TrackingService: attachClient: found client in attached list
01-06 14:41:26.062   864  1042 W TrackingService: attachClient: found client in attached list
01-06 14:41:26.107   864  1042 I chatty  : uid=1000(system) Binder:864_2 identical 1 line
01-06 14:41:26.108   864  1042 W TrackingService: attachClient: found client in attached list
01-06 14:41:26.115   744  9178 I SyncBossInput: [info   ] [jedi ( left) 86557c33xxxxxxxx]: 3463526 [info   ] {HPTH}: Set haptics frequency to 0x2131
01-06 14:41:26.153   864  1221 W TrackingService: attachClient: found client in attached list
01-06 14:41:26.198   864  1221 W TrackingService: attachClient: found client in attached list
01-06 14:41:26.229   744  4161 E SensorService: Failed to set simple multi haptics, ret: -1
01-06 14:41:26.249   864  1221 W TrackingService: attachClient: found client in attached list
01-06 14:41:26.332  1052  1744 I ActivityTaskManager: START u0 {act=com.oculus.os.clearactivity.FINISH cmp=com.oculus.os.clearactivity/.ClearActivity (has extras)} from uid 10020
01-06 14:41:26.332  1052  1744 W ActivityTaskManager: startActivity called from non-Activity context; forcing Intent.FLAG_ACTIVITY_NEW_TASK for: Intent { act=com.oculus.os.clearactivity.FINISH flg=0x800000 cmp=com.oculus.os.clearactivity/.ClearActivity (has extras) }
01-06 14:41:26.341   864  1221 I chatty  : uid=1000(system) Binder:864_4 identical 2 lines
01-06 14:41:26.353  1052  1080 D ActivityManager: Is background playback enabled for all apps: false
01-06 14:41:26.386   864  1221 W TrackingService: attachClient: found client in attached list
01-06 14:41:26.387   864  1042 W TrackingService: attachClient: found client in attached list
01-06 14:41:26.427   864  1221 D TrackingService: getSharedMemory: com.YourCompany.PrototypeV4, Controller
01-06 14:41:26.435   864  1221 W TrackingService: attachClient: found client in attached list
01-06 14:41:26.561   864  1221 I chatty  : uid=1000(system) Binder:864_4 identical 3 lines
01-06 14:41:26.607   864  1221 W TrackingService: attachClient: found client in attached list
01-06 14:41:26.638   744   906 I SyncBossHAL: [info   ] syncboss_hal_impl_input.c(1060): Pulsar connected devices state change: 10
01-06 14:41:26.650   864  1221 W TrackingService: attachClient: found client in attached list
01-06 14:41:26.652   864  1042 W TrackingService: attachClient: found client in attached list
01-06 14:41:26.698   864  1042 W TrackingService: attachClient: found client in attached list
01-06 14:41:26.701   744   908 I SyncBossHAL: [info   ] pulsar_manager.c(396): 729165a0xxxxxxxx: Configuring IR LED to ontime = 34, period = 40000, delay = -9
01-06 14:41:26.707   744   908 I SyncBossHAL: [info   ] pulsar_manager.c(343): Finished getting cache data for controller
01-06 14:41:26.707   744   908 I SyncBossHAL:     id            : 729165a0xxxxxxxx
01-06 14:41:26.707   744   908 I SyncBossHAL:     pulsar_type   : 0x09011401
01-06 14:41:26.707   744   908 I SyncBossHAL:     connection id : 0xa
01-06 14:41:26.707   744   908 I SyncBossHAL:     fw ver        : 1.9.0
01-06 14:41:26.707   744   908 I SyncBossHAL:     spl ver       : 1.5.1
01-06 14:41:26.707   744   908 I SyncBossHAL:     serial        : 1WMHCR70112121
01-06 14:41:26.707   744   908 I SyncBossHAL:     handedness    : right
01-06 14:41:26.707   744   908 I SyncBossHAL:     battery state : 100%
01-06 14:41:26.707   744   908 I SyncBossHAL: [info   ] pulsar_manager.c(360): Jedi-specific cache data:
01-06 14:41:26.707   744   908 I SyncBossHAL:     captouch ver  : 1.9.0
01-06 14:41:26.712   744  9177 D SensorService: stateChangeNotifierFunc(): Reporting controller info. Change token: 19, paired=2 connected=2
01-06 14:41:26.712  1602  9187 D OVRRemoteService: processStateChange([PairedControllerInfo JEDI 729165a0fe4054d7 connected mcnt=0])
01-06 14:41:26.712   744  4161 D SensorService: ControllerProvider: Succesfully set tx power to -4, filter to -4
01-06 14:41:26.712  1602  9187 D OVRRemoteService: processStateChange([PairedControllerInfo JEDI 86557c336c360320 connected mcnt=0])
01-06 14:41:26.712   744   908 I SyncBossHAL: [info   ] pulsar_manager.c(866): Setting transmit power for all connected controllers to -4 dBm
01-06 14:41:26.718   744  4161 D SensorService: Found paired controllers: 2
01-06 14:41:26.719   864  9228 D TrackingService: Creating RemoteConstellationTrackedDevice
01-06 14:41:26.720   864  9228 I TrackingService: Registering primary controller 729165a0fe4054d7 in slot 1
01-06 14:41:26.722   864  9228 D TrackingService: TrackingDataPostProcessor: Hand autotransition v2 GK enabled: 1
01-06 14:41:26.722   864  9228 D TrackingService: registerRemote: 729165a0fe4054d7
01-06 14:41:26.727   744   908 I SyncBossHAL: [info   ] pulsar_manager.c(866): Setting filter transmit power for all connected controllers to -4 dBm
01-06 14:41:26.735   864  9228 W TrackingService: Attempted to control leds, but gatekeeper is disabled. Skipping operation.
01-06 14:41:26.740   864  1042 W TrackingService: attachClient: found client in attached list
01-06 14:41:26.786   864  1042 W TrackingService: attachClient: found client in attached list
01-06 14:41:26.787   744  9178 I SyncBossInput: [info   ] [jedi (right) 729165a0xxxxxxxx]: 2807786 [info   ] {THDG}: active_seek -> inactive_seek
01-06 14:41:26.795   864  9228 D TrackingService: [HANDTRACKING] Controller 729165a0fe4054d7 in hand: Y, valid: Y
01-06 14:41:26.815   744  9178 I SyncBossInput: [info   ] [jedi (right) 729165a0xxxxxxxx]: 3463587 [info   ] {APP }: Connected
01-06 14:41:26.828   864  1042 W TrackingService: attachClient: found client in attached list
01-06 14:41:26.865   744  9178 I SyncBossInput: [info   ] [jedi (right) 729165a0xxxxxxxx]: 3463588 [info   ] {THDG}: inactive_seek -> active_connected
01-06 14:41:26.872   864  1042 W TrackingService: attachClient: found client in attached list
01-06 14:41:27.258   864  1042 I chatty  : uid=1000(system) Binder:864_2 identical 11 lines
01-06 14:41:27.302   864  1042 W TrackingService: attachClient: found client in attached list
01-06 14:41:27.303   744  9178 I SyncBossInput: [info   ] [jedi (right) 729165a0xxxxxxxx]: 3464208 [info   ] {HPTH}: Set haptics frequency to 0x2160
01-06 14:41:27.346   864  1042 W TrackingService: attachClient: found client in attached list
01-06 14:41:27.598   864  1042 I chatty  : uid=1000(system) Binder:864_2 identical 7 lines
01-06 14:41:27.644   864  1042 W TrackingService: attachClient: found client in attached list
01-06 14:41:27.689   744  9178 I SyncBossHAL: [info   ] syncboss_hal_input_controller.c(195): Controller 729165a0xxxxxxxx battery level changed: 0% -> 100%
01-06 14:41:27.689   864  1042 W TrackingService: attachClient: found client in attached list
01-06 14:41:27.691   864  1042 W TrackingService: attachClient: found client in attached list
01-06 14:41:27.694   744  9177 D SensorService: stateChangeNotifierFunc(): Reporting controller info. Change token: 20, paired=2 connected=2
01-06 14:41:27.694  1602  9187 D OVRRemoteService: processStateChange([PairedControllerInfo JEDI 729165a0fe4054d7 connected mcnt=0])
01-06 14:41:27.694  1602  9187 D OVRRemoteService: processStateChange([PairedControllerInfo JEDI 86557c336c360320 connected mcnt=0])
01-06 14:41:27.728   864  1042 W TrackingService: attachClient: found client in attached list
01-06 14:41:27.745  1052  1595 D ConnectivityService: requestNetwork for uid/pid:10080/2825 NetworkRequest [ TRACK_DEFAULT id=29, [ Capabilities: INTERNET&NOT_RESTRICTED&TRUSTED Uid: 10080] ]
01-06 14:41:27.798  1052  1178 D ConnectivityService: Blocked status changed to true for 10080(29) on netId 100
01-06 14:41:27.811  1052  1178 D ConnectivityService: Blocked status changed to false for 10080(29) on netId 100
01-06 14:41:27.816  1052  1178 D ConnectivityService: Blocked status changed to true for 10080(29) on netId 100
01-06 14:41:27.829  1052  1178 D ConnectivityService: releasing NetworkRequest [ TRACK_DEFAULT id=29, [ Capabilities: INTERNET&NOT_RESTRICTED&TRUSTED Uid: 10080] ] (release request)
01-06 14:41:27.905   864  1042 I chatty  : uid=1000(system) Binder:864_2 identical 4 lines
01-06 14:41:27.948   864  1042 W TrackingService: attachClient: found client in attached list
01-06 14:41:27.949   864  1221 W TrackingService: attachClient: found client in attached list
01-06 14:41:28.164   864  1221 I chatty  : uid=1000(system) Binder:864_4 identical 5 lines
01-06 14:41:28.211   864  1221 W TrackingService: attachClient: found client in attached list
01-06 14:41:28.212   864  1042 W TrackingService: attachClient: found client in attached list
01-06 14:41:28.459   864  1042 I chatty  : uid=1000(system) Binder:864_2 identical 6 lines
01-06 14:41:28.460   864  1042 W TrackingService: attachClient: found client in attached list
01-06 14:41:28.491   864  1221 D TrackingService: haptic socket already exists
01-06 14:41:28.491   864  1221 D TrackingService: getSocket: com.YourCompany.PrototypeV4
01-06 14:41:28.492   864  1221 I TrackingService: Unregistering client by ITrackingService.unregisterClient
01-06 14:41:28.492   864  1221 I TrackingService: Failed to unregister client because client not found in registered list
01-06 14:41:28.492   864  1221 I chatty  : uid=1000(system) Binder:864_4 identical 7 lines
01-06 14:41:28.492   864  1221 I TrackingService: Failed to unregister client because client not found in registered list
01-06 14:41:28.492   864  1221 D TrackingService: unregister: com.YourCompany.PrototypeV4
01-06 14:41:28.507   864  1221 W TrackingService: attachClient: found client in attached list
01-06 14:41:28.521  1052  4271 D WindowManager: relayoutVisibleWindow: Window{9b6fb13 u0 com.YourCompany.PrototypeV4/com.epicgames.ue4.GameActivity EXITING} mAnimatingExit=true, mRemoveOnExit=false, mDestroying=false
01-06 14:41:28.535  1052  1595 I ActivityTaskManager: Activity reported stop, but no longer stopping: ActivityRecord{d11bbbb u0 com.YourCompany.PrototypeV4/com.epicgames.ue4.GameActivity t345}
01-06 14:41:28.550   864  1221 I chatty  : uid=1000(system) Binder:864_4 identical 1 line
01-06 14:41:28.588   864  1221 W TrackingService: attachClient: found client in attached list
01-06 14:41:28.633   864  1042 W TrackingService: attachClient: found client in attached list
01-06 14:41:28.782  1052  1052 I RoleManagerService: Granting default permissions...
01-06 14:41:28.792  1052  1088 W VoiceInteractionManagerService: no available voice interaction services found for user 0
01-06 14:41:28.948   864  1042 I chatty  : uid=1000(system) Binder:864_2 identical 8 lines
01-06 14:41:28.994   864  1042 W TrackingService: attachClient: found client in attached list
01-06 14:41:28.998   864  1221 W TrackingService: attachClient: found client in attached list
01-06 14:41:29.036  1052  1088 I RoleUserState: Wrote roles.xml successfully
01-06 14:41:29.199   864  1221 I chatty  : uid=1000(system) Binder:864_4 identical 5 lines
01-06 14:41:29.244   864  1221 W TrackingService: attachClient: found client in attached list
--------- beginning of main
01-06 14:41:29.244  9093  9121 D OsSdk   : TrackingServiceConnection registered
01-06 14:41:29.245   864  1042 D TrackingService: getSharedMemory: com.YourCompany.PrototypeV4, HeadTracker
01-06 14:41:29.245  9093  9121 I Distortion: Initializing Mesh Decenter Correction
01-06 14:41:29.246   857  5286 E CalibrationProvider: loadCalibration(LDISP_SN) failed: Calibration store didn't load any info
01-06 14:41:29.246   857  5286 E CalibrationProvider: loadCalibration(RDISP_SN) failed: Calibration store didn't load any info
01-06 14:41:29.246  9093  9121 I Distortion: SetLensPositions - iad=0.063031, left offset=-0.000245333,-0.00102733, right offset=0.000124499,-0.00104481
01-06 14:41:29.246  9093  9121 I Distortion: Initializing Mesh Decenter Correction
01-06 14:41:29.247   857  5286 E CalibrationProvider: loadCalibration(LDISP_SN) failed: Calibration store didn't load any info
01-06 14:41:29.247   864  1042 W TrackingService: attachClient: found client in attached list
01-06 14:41:29.247   857  8587 E CalibrationProvider: loadCalibration(RDISP_SN) failed: Calibration store didn't load any info
01-06 14:41:29.247  9093  9121 I Distortion: SetLensPositions - iad=0.063031, left offset=-0.000245333,-0.00102733, right offset=0.000124499,-0.00104481
01-06 14:41:29.248   864  1221 W TrackingService: attachClient: found client in attached list
01-06 14:41:29.248  9093  9121 I Distortion: Created custom distortion mesh.
01-06 14:41:29.248  9093  9121 I VrApi   : ovrModeParms::VRAPI_MODE_FLAG_RESET_WINDOW_FULLSCREEN = 1
01-06 14:41:29.248  9093  9121 I VrApi   : ovrModeParms::VRAPI_MODE_FLAG_NATIVE_WINDOW = 1
01-06 14:41:29.248  9093  9121 I VrApi   : ovrModeParms::VRAPI_MODE_FLAG_FRONT_BUFFER_SRGB = 1
01-06 14:41:29.248  9093  9121 I VrApi   : ovrModeParms::VRAPI_MODE_FLAG_PHASE_SYNC = 0
01-06 14:41:29.248  9093  9121 I VrApi   : ovrModeParms::VRAPI_MODE_FLAG_APP_SPACE_WARP = 0
01-06 14:41:29.248  9093  9121 I VrRuntimeClient: SetPhaseSyncMode 0
01-06 14:41:29.248  9093  9121 I VrApi   : PhaseSync disabled
01-06 14:41:29.248   864  1221 D TrackingService: getSharedMemory: com.oculus.systemdriver, HeadTracker
01-06 14:41:29.249   864   864 D TrackingService: getSharedMemory: com.YourCompany.PrototypeV4, Controller
01-06 14:41:29.249  9093  9421 I InputDevice_TrackedRemote: REMOTE: Hand=2 IndexAnalog=0.00 GripAnalog=0.00 Buttons=0x00000000
01-06 14:41:29.249   864   864 W TrackingService: attachClient: found client in attached list
01-06 14:41:29.249  9093  9421 I InputDevice_TrackedRemote: REMOTE: Hand=1 IndexAnalog=0.00 GripAnalog=0.00 Buttons=0x00000000
01-06 14:41:29.249  9093  9421 I InputDeviceManager: HANDTRACKING Pointer filter profile changed to: 0
01-06 14:41:29.249  9093  9421 I InputDeviceManager: HANDTRACKING Pointer filter profile changed to: 0
01-06 14:41:29.249  9093  9421 I InputDeviceManager: HANDTRACKING Root pose filter profile changed for (version, freq) to (2, 1) from (1,2)
01-06 14:41:29.251   864   864 D TrackingService: getSharedMemory: com.YourCompany.PrototypeV4, HeadTracker
01-06 14:41:29.251  9093  9121 I VrApi   : HMD sensor attached.
01-06 14:41:29.251  9093  9121 D VrRuntimeClient: pokeGuardianUserServiceForThisClient: com.YourCompany.PrototypeV4:10152
01-06 14:41:29.252  9093  9121 D VrRuntimeClient: VrRuntimeClient: getClientWindow: activity client
01-06 14:41:29.253  2954  2954 D VrGuardianUserService: onStartCommandIntent { act=FOREGROUND_CLIENT cmp=com.oculus.guardian/com.oculus.vrguardianservice.VrGuardianUserService (has extras) }
01-06 14:41:29.253  2954  2954 D VrGuardianUserService: maybeSubscribeDeviceConfig
01-06 14:41:29.253  2954  2954 D VrGuardianUserService: onStartCommand FOREGROUND_CLIENT user = 0
01-06 14:41:29.253  1804  9158 I chatty  : uid=10025(com.oculus.systemdriver) com.oculus.vrruntimeservice expire 10 lines
01-06 14:41:29.253  2954  2954 D VrGuardianService: setCurrentUser() called with: userId = [0]
01-06 14:41:29.253  2954  2954 I VrGuardianService: nativeSetCurrentUser userid = 0
01-06 14:41:29.253  2954  2954 I GuardianSystem: GuardianSystem::SetCurrentUser: 0 
01-06 14:41:29.254  9093  9121 I ScreenCaptureHelper: Advertising com.YourCompany.PrototypeV4 as streamable
01-06 14:41:29.254  9093  9121 I VrApi   : Creating Default swapchain
01-06 14:41:29.254  9093  9121 I VrApi   : Creating Loading Icon swapchain
01-06 14:41:29.254  9093  9121 I VrApi   : OVR::Stats thread started
01-06 14:41:29.254  9093  9121 I XrRuntimeUtils: XrRuntimeUtils::CreateSession
01-06 14:41:29.254  9093  9121 I VrApi   : Initial BaseVsync 333 
01-06 14:41:29.254  9093  9121 I XrRuntimeUtils: XrRuntimeUtils::BeginSession
01-06 14:41:29.254  9093  9121 I XrRuntimeSystem_Client: BeginSession
01-06 14:41:29.255  9093  9121 I VrApi   : ---------- vrapi_EnterVrMode [end] ----------
01-06 14:41:29.255  9093  9121 I ClientInputSettings: EatNativeGamepadEvents = false
01-06 14:41:29.255  9093  9121 D OVRPlugin: Registering utility receivers.
01-06 14:41:29.255  9093  9121 D UE4     : [GameActivity] Registering volume receiver
01-06 14:41:29.255   864   864 W TrackingService: attachClient: found client in attached list
01-06 14:41:29.256   864   864 D TrackingService: getSharedMemory: com.oculus.guardian, HeadTracker
01-06 14:41:29.256  1962  2096 I OVRMediaService: onStartCommand Received message type: set_package_name, caller package: no_app_identity, app identify: null
01-06 14:41:29.256  9093  9121 D UE4     : [GameActivity] startVolumeReceiver: 9
01-06 14:41:29.256  9093  9121 D UE4     : nativeVolumeEvent(9)
01-06 14:41:29.256  9093  9121 D UE4     : [GameActivity] Registering battery receiver
01-06 14:41:29.256  1962  2096 I OVRMediaService: Got package name intent (com.YourCompany.PrototypeV4)
01-06 14:41:29.256  9093  9424 D VrApi   : targetSDKVersion 29
01-06 14:41:29.257  9093  9121 D UE4     : [GameActivity] Registering headset receiver
01-06 14:41:29.257  9093  9121 D UE4     : [GameActivity] startHeadsetReceiver: 0
01-06 14:41:29.257  9093  9121 D UE4     : nativeHeadsetEvent(0)
01-06 14:41:29.257  9093  9093 D UE4     : [GameActivity] Battery: status = 4, rawlevel = 100, scale = 100
01-06 14:41:29.257  9093  9121 D UE4     : [2023.01.06-14.41.29:257][  1]LogCore: Display: AppLifetime: Application has entered foreground
01-06 14:41:29.257  9093  9093 D UE4     : nativeBatteryEvent(stat = 4, lvl = 100  temp = 25.70 °C)
01-06 14:41:29.257  9093  9121 D UE4     : [2023.01.06-14.41.29:257][  1]LogUdpMessaging: Initializing bridge on interface 0.0.0.0:0 to multicast group 230.0.0.1:6666.
01-06 14:41:29.258  9093  9121 D UE4     : [2023.01.06-14.41.29:258][  1]LogTcpMessaging: Initializing TcpMessaging bridge, listening on 127.0.0.1:6666
01-06 14:41:29.259  9093  9121 D UE4     : [2023.01.06-14.41.29:259][  1]LogCore: Display: AppLifetime: Application has reactivated
01-06 14:41:29.259  9093  9121 D UE4     : [2023.01.06-14.41.29:259][  1]LogTemp: Android resume audio
01-06 14:41:29.259  9093  9424 I JniUtils: ovr_GetCurrentPackageSignature 
01-06 14:41:29.259  9093  9121 D UE4     : [2023.01.06-14.41.29:259][  1]LogAudioMixerAndroid: Display: Resuming android audio renderer
01-06 14:41:29.259  1804  2851 I chatty  : uid=10025(com.oculus.systemdriver) ClientRequest expire 13 lines
01-06 14:41:29.260  1281  1281 V AvrcpMediaPlayerList: onPlaybackConfigChanged(): Configs list size=8
01-06 14:41:29.260  9093  9424 I Metrics : device name = Oculus Quest
01-06 14:41:29.264  1962  2096 W OVRLibrary: null cursor received for query content://com.oculus.ocms.library/apps/com.YourCompany.PrototypeV4
01-06 14:41:29.264  1962  2096 I OVRMediaServiceManager: Sending onAppStart (com.YourCompany.PrototypeV4) to SocialPlatform (com.oculus.socialplatform)
01-06 14:41:29.266  1804  9245 I chatty  : uid=10025(com.oculus.systemdriver) OVR::TimeWarp expire 3 lines
01-06 14:41:29.266   874   874 E VrApiService: Error set scheduler for process 1804 thread 9361 to 2 : No such process (3)
01-06 14:41:29.267   874  2921 E VrApiService: Error set scheduler for process 1804 thread 9304 to 2 : No such process (3)
01-06 14:41:29.267  1804  9245 I AADT    : SetAADTLutDataX. Thread. SizeX: 0
01-06 14:41:29.267  1804  9245 I AADT    : SetAADTLutDataY. Thread. SizeY: 0
01-06 14:41:29.268  9093  9121 I OVRPlugin: HandleVrapiEvents: Unknown Event.
01-06 14:41:29.268  9093  9121 I OVRPlugin: HandleVrapiEvents: Unknown Event.
01-06 14:41:29.268   730  3118 D msm8974_platform: platform_split_snd_device: snd_device(22) num devices(1) new_snd_devices(0)
01-06 14:41:29.268   730  3118 D ACDB-LOADER: ACDB -> send_audvoltable
01-06 14:41:29.268   730  3118 D ACDB-LOADER: ACDB -> ACDB_CMD_GET_AUDPROC_INSTANCE_GAIN_DEP_STEP_TABLE_SIZE
01-06 14:41:29.268   730  3118 D         : Failed to fetch the lookup information of the device 0000000F 
01-06 14:41:29.268   730  3118 D ACDB-LOADER: Error: ACDB_CMD_GET_AUDPROC_INSTANCE_GAIN_DEP_STEP_TABLE_SIZE Returned = -19
01-06 14:41:29.268   730  3118 D ACDB-LOADER: ACDB -> ACDB_CMD_GET_AUDPROC_INSTANCE_GAIN_DEP_STEP_TABLE, vol index 1
01-06 14:41:29.268   730  3118 D         : Failed to fetch the lookup information of the device 0000000F 
01-06 14:41:29.268   730  3118 D ACDB-LOADER: Error: ACDB AudProc vol returned = -19
01-06 14:41:29.268   730  3118 D ACDB-LOADER: ACDB -> AUDIO_SET_VOL_CAL cal type = 40
01-06 14:41:29.270  2954  3062 I GuardianSystem: runtimeServiceSDKClient_.ForceShowGuardianEvent
01-06 14:41:29.270  2954  3062 I GuardianSystem: ForceShowGuardian: false, 0.00
01-06 14:41:29.270  9093  9121 D UE4     : [2023.01.06-14.41.29:270][  1]LogAndroid: Display: Low Power Mode Changed: 0
01-06 14:41:29.281  9093  9121 D UE4     : [2023.01.06-14.41.29:281][  1]LogSlate: Took 0.000414 seconds to synchronously load lazily loaded font '../../../Engine/Content/Slate/Fonts/Roboto-Regular.ttf' (155K)
01-06 14:41:29.282  2954  3062 I StateMachine: StateMachine::Update ForceShow: stopForceShow -> ForceShowOff
01-06 14:41:29.285  9093  9121 D UE4     : [2023.01.06-14.41.29:285][  2]LogSlate: Took 0.000305 seconds to synchronously load lazily loaded font '../../../Engine/Content/EngineFonts/Faces/RobotoBold.ufont' (160K)
01-06 14:41:29.290   730  3118 D msm8974_platform: platform_split_snd_device: snd_device(22) num devices(1) new_snd_devices(0)
01-06 14:41:29.290   730  3118 D ACDB-LOADER: ACDB -> send_audvoltable
01-06 14:41:29.290   730  3118 D ACDB-LOADER: ACDB -> ACDB_CMD_GET_AUDPROC_INSTANCE_GAIN_DEP_STEP_TABLE_SIZE
01-06 14:41:29.290   730  3118 D         : Failed to fetch the lookup information of the device 0000000F 
01-06 14:41:29.290   730  3118 D ACDB-LOADER: Error: ACDB_CMD_GET_AUDPROC_INSTANCE_GAIN_DEP_STEP_TABLE_SIZE Returned = -19
01-06 14:41:29.290   730  3118 D ACDB-LOADER: ACDB -> ACDB_CMD_GET_AUDPROC_INSTANCE_GAIN_DEP_STEP_TABLE, vol index 8
01-06 14:41:29.290   730  3118 D         : Failed to fetch the lookup information of the device 0000000F 
01-06 14:41:29.290   730  3118 D ACDB-LOADER: Error: ACDB AudProc vol returned = -19
01-06 14:41:29.290   730  3118 D ACDB-LOADER: ACDB -> AUDIO_SET_VOL_CAL cal type = 40
01-06 14:41:29.293   864   864 W TrackingService: attachClient: found client in attached list
01-06 14:41:29.297  2954  3062 I GuardianSystem: Environment Status changed: 33 to 34
01-06 14:41:29.300  1962  2096 E OVRMediaServiceManager: LivestreamingManager Not initialized
01-06 14:41:29.338   864   864 I chatty  : uid=1000(system) /system/bin/trackingservice identical 1 line
01-06 14:41:29.350  1804  9245 I CompositorVR: SetSchedFifo( tid=3207, pol=2, pri=0 ) succeeded
01-06 14:41:29.379   864   864 W TrackingService: attachClient: found client in attached list
01-06 14:41:29.396  1052  1546 E TaskPersister: File error accessing recents directory (directory doesn't exist?).
01-06 14:41:29.409   864  9228 D TrackingService: [HANDTRACKING] Controller 86557c336c360320 in hand: N, valid: Y
01-06 14:41:29.422   864   864 W TrackingService: attachClient: found client in attached list
01-06 14:41:29.446  9093  9437 I FenceChecker: FenceChecker::MainLoop - started
01-06 14:41:29.458  1804  9245 I CompositorProgs: loaded binary layerProgram 0:0x48002:0x0 in 1.3 ms
01-06 14:41:29.461  1804  9245 I CompositorVR: SetSchedFifo( tid=9121, pol=3, pri=0 ) succeeded
01-06 14:41:29.461  1804  9245 I CompositorVR: SetSchedFifo( tid=9432, pol=3, pri=0 ) succeeded
01-06 14:41:29.461  1804  9245 I CompositorVR: SetSchedFifo( tid=9437, pol=3, pri=0 ) succeeded
01-06 14:41:29.463   864   864 W TrackingService: attachClient: found client in attached list
01-06 14:41:29.509   864  1221 W TrackingService: attachClient: found client in attached list
01-06 14:41:29.524  9093  9121 D UE4     : EngineMemoryWarningHandler: Mem Used 342.95 MB, Texture Memory 11.25 MB, Render Target memory 94.03 MB, OS Free 2059.09 MB
01-06 14:41:29.524  1804  2851 I VrRuntimeServer: DisableCompositorClient: 0
01-06 14:41:29.524  1804  2851 I CompositorClientMgr: Disable client 0
01-06 14:41:29.524  1804  2851 I CompositorClientMgr: DisableClient: frame flush required: 1
01-06 14:41:29.526  1621  1621 D ControllerNotifications: Enabling notifications
01-06 14:41:29.529  1621  1621 I ControllerNotifications: Updating input notifications based on state ConnectedBatteryNormal
01-06 14:41:29.532  1804  9245 I CompositorProgs: [0x710b47e710] Built layerProgram 0:0x100000048002:0x0 in 5.7 ms
01-06 14:41:29.534  2954  3062 I GuardianSystem: runtimeServiceSDKClient_.ForceShowGuardianEvent
01-06 14:41:29.534  2954  3062 I GuardianSystem: ForceShowGuardian: false, 0.00
01-06 14:41:29.545  1804  9245 I CompositorProgs: [0x710b47e710] Built layerProgram 0:0x100000048082:0x0 in 5.5 ms
01-06 14:41:29.610  1643  1880 D DeviceCertLibrary: verifyKeyForCurrentSecureState for device_registration_key returned status: 0
01-06 14:41:29.610  1643  1880 D DeviceCertLibrary: containsAlias for device_registration_key received status: 0
01-06 14:41:30.213  1281  1281 V AvrcpMediaPlayerList: mPackageChangedBroadcastReceiver: action: android.intent.action.PACKAGE_CHANGED
01-06 14:41:30.214  1281  1281 D AvrcpMediaPlayerList: Name of package changed: com.oculus.identitymanagement.service
01-06 14:41:30.214  1052  1052 I RoleManagerService: Granting default permissions...
