01-06 14:42:10.335  1950  9630 D CCodecConfig: }
01-06 14:42:10.336  1950  9630 D CCodecConfig: no c2 equivalents for durationUs
01-06 14:42:10.336  1950  9630 D CCodecConfig: no c2 equivalents for csd-1
01-06 14:42:10.336  1950  9630 D CCodecConfig: no c2 equivalents for track-id
01-06 14:42:10.336  1950  9630 D CCodecConfig: no c2 equivalents for channel-mask
01-06 14:42:10.337  1950  9630 D CCodecConfig: c2 config diff is   c2::u32 raw.channel-count.value = 2
01-06 14:42:10.337  1950  9630 D CCodecConfig:   c2::u32 raw.sample-rate.value = 44100
01-06 14:42:10.337  1950  9630 W Codec2Client: query -- param skipped: index = 1107298332.
01-06 14:42:10.337  1950  9630 D CCodec  : setup formats input: AMessage(what = 0x00000000) = {
01-06 14:42:10.337  1950  9630 D CCodec  :   int32_t channel-count = 2
01-06 14:42:10.337  1950  9630 D CCodec  :   int32_t max-input-size = 32768
01-06 14:42:10.337  1950  9630 D CCodec  :   string mime = "audio/vorbis"
01-06 14:42:10.337  1950  9630 D CCodec  :   int32_t sample-rate = 44100
01-06 14:42:10.337  1950  9630 D CCodec  : } and output: AMessage(what = 0x00000000) = {
01-06 14:42:10.337  1950  9630 D CCodec  :   int32_t channel-count = 2
01-06 14:42:10.337  1950  9630 D CCodec  :   string mime = "audio/raw"
01-06 14:42:10.337  1950  9630 D CCodec  :   int32_t sample-rate = 44100
01-06 14:42:10.337  1950  9630 D CCodec  :   int32_t channel-mask = 3
01-06 14:42:10.337  1950  9630 D CCodec  : }
01-06 14:42:10.342   853  1420 V C2Store : in ~ComponentModule
01-06 14:42:10.343   853  1420 V C2Store : unloading dll
01-06 14:42:10.349  3515  3515 W OVRLibrary: null cursor received for query content://com.oculus.ocms.library/apps/quick_settings_app
01-06 14:42:10.364  3515  3515 W OVRLibrary: null cursor received for query content://com.oculus.ocms.library/apps/com.YourCompany.PrototypeV4
01-06 14:42:10.365  1950  9633 D CCodec  : allocate(c2.android.vorbis.decoder)
01-06 14:42:10.365   853  1420 V C2Store : in init
01-06 14:42:10.365   853  1420 V C2Store : loading dll
01-06 14:42:10.368  1950  9633 I CCodec  : Created component [c2.android.vorbis.decoder]
01-06 14:42:10.371  1950  9633 D CCodecConfig: read media type: audio/vorbis
01-06 14:42:10.373  1950  9633 D ReflectedParamUpdater: extent() != 1 for single value type: algo.buffers.max-count.values
01-06 14:42:10.374  1950  9633 D ReflectedParamUpdater: extent() != 1 for single value type: output.subscribed-indices.values
01-06 14:42:10.374  1950  9633 D ReflectedParamUpdater: extent() != 1 for single value type: input.buffers.allocator-ids.values
01-06 14:42:10.374  1950  9633 D ReflectedParamUpdater: extent() != 1 for single value type: output.buffers.allocator-ids.values
01-06 14:42:10.374  1950  9633 D ReflectedParamUpdater: extent() != 1 for single value type: algo.buffers.allocator-ids.values
01-06 14:42:10.374  1950  9633 D ReflectedParamUpdater: extent() != 1 for single value type: output.buffers.pool-ids.values
01-06 14:42:10.374  1950  9633 D ReflectedParamUpdater: extent() != 1 for single value type: algo.buffers.pool-ids.values
01-06 14:42:10.375  1950  9633 I CCodecConfig: query failed after returning 7 values (BAD_INDEX)
01-06 14:42:10.375  1950  9633 D CCodecConfig: c2 config diff is Dict {
01-06 14:42:10.375  1950  9633 D CCodecConfig:   c2::u32 coded.bitrate.value = 64000
01-06 14:42:10.375  1950  9633 D CCodecConfig:   c2::u32 input.buffers.max-size.value = 32768
01-06 14:42:10.375  1950  9633 D CCodecConfig:   c2::u32 input.delay.value = 0
01-06 14:42:10.375  1950  9633 D CCodecConfig:   string input.media-type.value = "audio/vorbis"
01-06 14:42:10.375  1950  9633 D CCodecConfig:   string output.media-type.value = "audio/raw"
01-06 14:42:10.375  1950  9633 D CCodecConfig:   c2::u32 raw.channel-count.value = 1
01-06 14:42:10.375  1950  9633 D CCodecConfig:   c2::u32 raw.sample-rate.value = 48000
01-06 14:42:10.375  1950  9633 D CCodecConfig: }
01-06 14:42:10.375  1950  9633 D CCodecConfig: no c2 equivalents for durationUs
01-06 14:42:10.375  1950  9633 D CCodecConfig: no c2 equivalents for csd-1
01-06 14:42:10.375  1950  9633 D CCodecConfig: no c2 equivalents for track-id
01-06 14:42:10.375  1950  9633 D CCodecConfig: no c2 equivalents for channel-mask
01-06 14:42:10.376  1950  9633 D CCodecConfig: c2 config diff is   c2::u32 raw.channel-count.value = 2
01-06 14:42:10.376  1950  9633 D CCodecConfig:   c2::u32 raw.sample-rate.value = 44100
01-06 14:42:10.376  1950  9633 W Codec2Client: query -- param skipped: index = 1107298332.
01-06 14:42:10.376  1950  9633 D CCodec  : setup formats input: AMessage(what = 0x00000000) = {
01-06 14:42:10.376  1950  9633 D CCodec  :   int32_t channel-count = 2
01-06 14:42:10.376  1950  9633 D CCodec  :   int32_t max-input-size = 32768
01-06 14:42:10.376  1950  9633 D CCodec  :   string mime = "audio/vorbis"
01-06 14:42:10.376  1950  9633 D CCodec  :   int32_t sample-rate = 44100
01-06 14:42:10.376  1950  9633 D CCodec  : } and output: AMessage(what = 0x00000000) = {
01-06 14:42:10.376  1950  9633 D CCodec  :   int32_t channel-count = 2
01-06 14:42:10.376  1950  9633 D CCodec  :   string mime = "audio/raw"
01-06 14:42:10.376  1950  9633 D CCodec  :   int32_t sample-rate = 44100
01-06 14:42:10.376  1950  9633 D CCodec  :   int32_t channel-mask = 3
01-06 14:42:10.376  1950  9633 D CCodec  : }
01-06 14:42:10.379  6584  6670 E OsSdk   : error getting shared memory region, memory type: HeadTracker, failed with Status(-1, EX_SECURITY): 'requested shared memory region when not registered/focused'
01-06 14:42:10.381  3515  3515 W OVRLibrary: null cursor received for query content://com.oculus.ocms.library/apps/com.oculus.xrstreamingclient
01-06 14:42:10.382  1950  9633 W Codec2Client: query -- param skipped: index = 1342179345.
01-06 14:42:10.382  1950  9633 W Codec2Client: query -- param skipped: index = 2415921170.
01-06 14:42:10.383  1950  9633 D CCodecBufferChannel: [c2.android.vorbis.decoder#959] Created input block pool with allocatorID 16 => poolID 51 - OK (0)
01-06 14:42:10.383  1950  9633 I CCodecBufferChannel: [c2.android.vorbis.decoder#959] Created output block pool with allocatorID 16 => poolID 91 - OK
01-06 14:42:10.384  1950  9633 D CCodecBufferChannel: [c2.android.vorbis.decoder#959] Configured output block pool ids 91 => OK
01-06 14:42:10.385   853  9634 D SimpleC2Component: Using output block pool with poolID 91 => got 91 - 0
01-06 14:42:10.390  1950  9633 D CCodecBufferChannel: [c2.android.vorbis.decoder#959] Discard frames from previous generation.
01-06 14:42:10.394  1950  9633 D CCodecBufferChannel: [c2.android.vorbis.decoder#959] Discard frames from previous generation.
01-06 14:42:10.397   853  8487 D BufferPoolAccessor: Destruction - bufferpool2 0x2b45a7c630 cached: 0/0M, 0/0% in use; allocs: 0, 0% recycled; transfers: 0, 0% unfetced
01-06 14:42:10.398   853  8487 V C2Store : in ~ComponentModule
01-06 14:42:10.398   853  8487 V C2Store : unloading dll
01-06 14:42:10.403  3515  3515 W OVRLibrary: null cursor received for query content://com.oculus.ocms.library/apps/notifications_system_app
01-06 14:42:10.419  6584  6670 E OsSdk   : error getting shared memory region, memory type: HeadTracker, failed with Status(-1, EX_SECURITY): 'requested shared memory region when not registered/focused'
01-06 14:42:10.420  6584  6670 E OsSdk   : error getting shared memory region, memory type: AnchorTracker, failed with Status(-1, EX_SECURITY): 'requested shared memory region when not registered/focused'
01-06 14:42:10.421  3515  3515 W OVRLibrary: null cursor received for query content://com.oculus.ocms.library/apps/com.YourCompany.TemplateProject3
01-06 14:42:10.425  1950  9636 D CCodec  : allocate(c2.android.vorbis.decoder)
01-06 14:42:10.425   853  8487 V C2Store : in init
01-06 14:42:10.426   853  8487 V C2Store : loading dll
01-06 14:42:10.429  1950  9636 I CCodec  : Created component [c2.android.vorbis.decoder]
01-06 14:42:10.429  1950  9636 D CCodecConfig: read media type: audio/vorbis
01-06 14:42:10.431  1950  9636 D ReflectedParamUpdater: extent() != 1 for single value type: algo.buffers.max-count.values
01-06 14:42:10.431  1950  9636 D ReflectedParamUpdater: extent() != 1 for single value type: output.subscribed-indices.values
01-06 14:42:10.431  1950  9636 D ReflectedParamUpdater: extent() != 1 for single value type: input.buffers.allocator-ids.values
01-06 14:42:10.431  1950  9636 D ReflectedParamUpdater: extent() != 1 for single value type: output.buffers.allocator-ids.values
01-06 14:42:10.431  1950  9636 D ReflectedParamUpdater: extent() != 1 for single value type: algo.buffers.allocator-ids.values
01-06 14:42:10.431  1950  9636 D ReflectedParamUpdater: extent() != 1 for single value type: output.buffers.pool-ids.values
01-06 14:42:10.431  1950  9636 D ReflectedParamUpdater: extent() != 1 for single value type: algo.buffers.pool-ids.values
01-06 14:42:10.432  1950  9636 I CCodecConfig: query failed after returning 7 values (BAD_INDEX)
01-06 14:42:10.432  1950  9636 D CCodecConfig: c2 config diff is Dict {
01-06 14:42:10.432  1950  9636 D CCodecConfig:   c2::u32 coded.bitrate.value = 64000
01-06 14:42:10.432  1950  9636 D CCodecConfig:   c2::u32 input.buffers.max-size.value = 32768
01-06 14:42:10.432  1950  9636 D CCodecConfig:   c2::u32 input.delay.value = 0
01-06 14:42:10.432  1950  9636 D CCodecConfig:   string input.media-type.value = "audio/vorbis"
01-06 14:42:10.432  1950  9636 D CCodecConfig:   string output.media-type.value = "audio/raw"
01-06 14:42:10.432  1950  9636 D CCodecConfig:   c2::u32 raw.channel-count.value = 1
01-06 14:42:10.432  1950  9636 D CCodecConfig:   c2::u32 raw.sample-rate.value = 48000
01-06 14:42:10.432  1950  9636 D CCodecConfig: }
01-06 14:42:10.432  1950  9636 D CCodecConfig: no c2 equivalents for durationUs
01-06 14:42:10.432  1950  9636 D CCodecConfig: no c2 equivalents for csd-1
01-06 14:42:10.432  1950  9636 D CCodecConfig: no c2 equivalents for track-id
01-06 14:42:10.432  1950  9636 D CCodecConfig: no c2 equivalents for channel-mask
01-06 14:42:10.433  1950  9636 D CCodecConfig: c2 config diff is   c2::u32 raw.channel-count.value = 2
01-06 14:42:10.433  1950  9636 D CCodecConfig:   c2::u32 raw.sample-rate.value = 44100
01-06 14:42:10.433  1950  9636 W Codec2Client: query -- param skipped: index = 1107298332.
01-06 14:42:10.433  1950  9636 D CCodec  : setup formats input: AMessage(what = 0x00000000) = {
01-06 14:42:10.433  1950  9636 D CCodec  :   int32_t channel-count = 2
01-06 14:42:10.433  1950  9636 D CCodec  :   int32_t max-input-size = 32768
01-06 14:42:10.433  1950  9636 D CCodec  :   string mime = "audio/vorbis"
01-06 14:42:10.433  1950  9636 D CCodec  :   int32_t sample-rate = 44100
01-06 14:42:10.433  1950  9636 D CCodec  : } and output: AMessage(what = 0x00000000) = {
01-06 14:42:10.433  1950  9636 D CCodec  :   int32_t channel-count = 2
01-06 14:42:10.433  1950  9636 D CCodec  :   string mime = "audio/raw"
01-06 14:42:10.433  1950  9636 D CCodec  :   int32_t sample-rate = 44100
01-06 14:42:10.433  1950  9636 D CCodec  :   int32_t channel-mask = 3
01-06 14:42:10.433  1950  9636 D CCodec  : }
01-06 14:42:10.434  3515  3515 W OVRLibrary: null cursor received for query content://com.oculus.ocms.library/apps/paused_app
01-06 14:42:10.437   853  8487 V C2Store : in ~ComponentModule
01-06 14:42:10.437   853  8487 V C2Store : unloading dll
01-06 14:42:10.455  3515  3515 W OVRLibrary: null cursor received for query content://com.oculus.ocms.library/apps/com.android.settings
01-06 14:42:10.457  3515  3515 D [SUI] ActivityManagerUtilsHelper: onFocusedWindowChanged: Instance: com.oculus.common.activitymanager.ActivityManagerUtilsHelper@e910961, topWindowUid: 10020, focusedApp: com.oculus.vrshell, previousApp: null
01-06 14:42:10.458  3515  3515 D [SUI] SystemUXBroadcastReceiver: action: com.oculus.systemactivities.CAPTURE_STATE_UPDATE
01-06 14:42:10.458  3515  3515 I [SUI] SystemUXBroadcastReceiver: handleCaptureStateUpdate: captureToDisk false, captureEnabled false, isCapturingAbuseReport false, abuseRecordingUUID null
01-06 14:42:10.458  3515  3515 D [SUI] SystemUXBroadcastReceiver: action: com.oculus.systemactivities.LOCAL_STREAM_STATE_UPDATE
01-06 14:42:10.458  3515  3515 D [SUI] ScreenCaptureUtil: onLocalStreamStateUpdate(isCaptureRunning = false)
01-06 14:42:10.458  3515  3515 I chatty  : uid=10026 com.oculus.systemux:SystemUX identical 33 lines
01-06 14:42:10.460  6584  6670 E OsSdk   : error getting shared memory region, memory type: HeadTracker, failed with Status(-1, EX_SECURITY): 'requested shared memory region when not registered/focused'
01-06 14:42:10.464  1950  9640 D CCodec  : allocate(c2.android.vorbis.decoder)
01-06 14:42:10.465   853  8487 V C2Store : in init
01-06 14:42:10.465   853  8487 V C2Store : loading dll
01-06 14:42:10.467  1950  9640 I CCodec  : Created component [c2.android.vorbis.decoder]
01-06 14:42:10.467  1950  9640 D CCodecConfig: read media type: audio/vorbis
01-06 14:42:10.472  1950  9640 D ReflectedParamUpdater: extent() != 1 for single value type: algo.buffers.max-count.values
01-06 14:42:10.472  1950  9640 D ReflectedParamUpdater: extent() != 1 for single value type: output.subscribed-indices.values
01-06 14:42:10.472  1950  9640 D ReflectedParamUpdater: extent() != 1 for single value type: input.buffers.allocator-ids.values
01-06 14:42:10.472  1950  9640 D ReflectedParamUpdater: extent() != 1 for single value type: output.buffers.allocator-ids.values
01-06 14:42:10.472  1950  9640 D ReflectedParamUpdater: extent() != 1 for single value type: algo.buffers.allocator-ids.values
01-06 14:42:10.474  1950  9640 D ReflectedParamUpdater: extent() != 1 for single value type: output.buffers.pool-ids.values
01-06 14:42:10.474  1950  9640 D ReflectedParamUpdater: extent() != 1 for single value type: algo.buffers.pool-ids.values
01-06 14:42:10.477  3515  6741 I chatty  : uid=10026(com.oculus.systemux) Binder:3515_A expire 1 line
01-06 14:42:10.477  1950  9640 I CCodecConfig: query failed after returning 7 values (BAD_INDEX)
01-06 14:42:10.477  1950  9640 D CCodecConfig: c2 config diff is Dict {
01-06 14:42:10.477  1950  9640 D CCodecConfig:   c2::u32 coded.bitrate.value = 64000
01-06 14:42:10.477  1950  9640 D CCodecConfig:   c2::u32 input.buffers.max-size.value = 32768
01-06 14:42:10.477  1950  9640 D CCodecConfig:   c2::u32 input.delay.value = 0
01-06 14:42:10.477  1950  9640 D CCodecConfig:   string input.media-type.value = "audio/vorbis"
01-06 14:42:10.477  1950  9640 D CCodecConfig:   string output.media-type.value = "audio/raw"
01-06 14:42:10.477  1950  9640 D CCodecConfig:   c2::u32 raw.channel-count.value = 1
01-06 14:42:10.477  1950  9640 D CCodecConfig:   c2::u32 raw.sample-rate.value = 48000
01-06 14:42:10.477  1950  9640 D CCodecConfig: }
01-06 14:42:10.477  1950  9640 D CCodecConfig: no c2 equivalents for durationUs
01-06 14:42:10.477  1950  9640 D CCodecConfig: no c2 equivalents for csd-1
01-06 14:42:10.477  1950  9640 D CCodecConfig: no c2 equivalents for track-id
01-06 14:42:10.477  1950  9640 D CCodecConfig: no c2 equivalents for channel-mask
01-06 14:42:10.478  1950  9640 D CCodecConfig: c2 config diff is   c2::u32 raw.channel-count.value = 2
01-06 14:42:10.478  1950  9640 D CCodecConfig:   c2::u32 raw.sample-rate.value = 44100
01-06 14:42:10.479  1950  9640 W Codec2Client: query -- param skipped: index = 1107298332.
01-06 14:42:10.479  1950  9640 D CCodec  : setup formats input: AMessage(what = 0x00000000) = {
01-06 14:42:10.479  1950  9640 D CCodec  :   int32_t channel-count = 2
01-06 14:42:10.479  1950  9640 D CCodec  :   int32_t max-input-size = 32768
01-06 14:42:10.479  1950  9640 D CCodec  :   string mime = "audio/vorbis"
01-06 14:42:10.479  1950  9640 D CCodec  :   int32_t sample-rate = 44100
01-06 14:42:10.479  1950  9640 D CCodec  : } and output: AMessage(what = 0x00000000) = {
01-06 14:42:10.479  1950  9640 D CCodec  :   int32_t channel-count = 2
01-06 14:42:10.479  1950  9640 D CCodec  :   string mime = "audio/raw"
01-06 14:42:10.479  1950  9640 D CCodec  :   int32_t sample-rate = 44100
01-06 14:42:10.479  1950  9640 D CCodec  :   int32_t channel-mask = 3
01-06 14:42:10.479  1950  9640 D CCodec  : }
01-06 14:42:10.479  3515  9610 I chatty  : uid=10026(com.oculus.systemux) pool-37-thread- expire 1 line
01-06 14:42:10.480  3515  3515 I chatty  : uid=10026 com.oculus.systemux:SystemUX expire 2 lines
01-06 14:42:10.483  3515  3738 I chatty  : uid=10026(com.oculus.systemux) Binder:3515_4 expire 1 line
01-06 14:42:10.483  3515  3515 I chatty  : uid=10026 com.oculus.systemux:SystemUX expire 5 lines
01-06 14:42:10.503  6584  6670 E OsSdk   : error getting shared memory region, memory type: HeadTracker, failed with Status(-1, EX_SECURITY): 'requested shared memory region when not registered/focused'
01-06 14:42:10.504  3515  6741 I chatty  : uid=10026(com.oculus.systemux) Binder:3515_A expire 1 line
01-06 14:42:10.505  2990  3126 I [SEO] PanelAppHost: Setting panel layer visibility of layer "#main" to visible, panel 25 (com.oculus.systemux/com.oculus.panelapp.anytimeui.AnytimeUIAndroidPanelService)
01-06 14:42:10.508  1950  9640 W Codec2Client: query -- param skipped: index = 1342179345.
01-06 14:42:10.508  1950  9640 W Codec2Client: query -- param skipped: index = 2415921170.
01-06 14:42:10.509  1950  9640 D CCodecBufferChannel: [c2.android.vorbis.decoder#188] Created input block pool with allocatorID 16 => poolID 52 - OK (0)
01-06 14:42:10.509  1950  9640 I CCodecBufferChannel: [c2.android.vorbis.decoder#188] Created output block pool with allocatorID 16 => poolID 92 - OK
01-06 14:42:10.509  1950  9640 D CCodecBufferChannel: [c2.android.vorbis.decoder#188] Configured output block pool ids 92 => OK
01-06 14:42:10.510  3515  9610 I chatty  : uid=10026(com.oculus.systemux) pool-37-thread- expire 1 line
01-06 14:42:10.511   853  9641 D SimpleC2Component: Using output block pool with poolID 92 => got 92 - 0
01-06 14:42:10.512  3515  3738 I chatty  : uid=10026(com.oculus.systemux) Binder:3515_4 expire 1 line
01-06 14:42:10.542  6584  6670 E OsSdk   : error getting shared memory region, memory type: HeadTracker, failed with Status(-1, EX_SECURITY): 'requested shared memory region when not registered/focused'
01-06 14:42:10.544  3515  6741 I chatty  : uid=10026(com.oculus.systemux) Binder:3515_A expire 2 lines
01-06 14:42:10.545  3515  3532 I chatty  : uid=10026(com.oculus.systemux) Binder:3515_2 expire 2 lines
01-06 14:42:10.551  3515  3515 I chatty  : uid=10026 com.oculus.systemux:SystemUX expire 5 lines
01-06 14:42:10.569  3515  3738 I chatty  : uid=10026(com.oculus.systemux) Binder:3515_4 expire 2 lines
01-06 14:42:10.569  3515  3532 I chatty  : uid=10026(com.oculus.systemux) Binder:3515_2 expire 2 lines
01-06 14:42:10.582  6584  6670 E OsSdk   : error getting shared memory region, memory type: HeadTracker, failed with Status(-1, EX_SECURITY): 'requested shared memory region when not registered/focused'
01-06 14:42:10.627   864   864 I chatty  : uid=1000(system) /system/bin/trackingservice identical 8 lines
01-06 14:42:10.628  6584  6670 E OsSdk   : error getting shared memory region, memory type: HeadTracker, failed with Status(-1, EX_SECURITY): 'requested shared memory region when not registered/focused'
01-06 14:42:10.671   864   864 W TrackingService: attachClient: found client in attached list
01-06 14:42:10.672  6584  6670 E OsSdk   : error getting shared memory region, memory type: HeadTracker, failed with Status(-1, EX_SECURITY): 'requested shared memory region when not registered/focused'
01-06 14:42:10.672   864  8442 W TrackingService: attachClient: found client in attached list
01-06 14:42:10.672  6584  6670 E OsSdk   : error getting shared memory region, memory type: AnchorTracker, failed with Status(-1, EX_SECURITY): 'requested shared memory region when not registered/focused'
01-06 14:42:10.689   864  9271 W [CT]    : VEGA:MAP_TRACKING_HM: [Throttled count=25] Map tracking did not run.
01-06 14:42:10.717  6584  6670 E OsSdk   : error getting shared memory region, memory type: HeadTracker, failed with Status(-1, EX_SECURITY): 'requested shared memory region when not registered/focused'
01-06 14:42:10.752  3515  3515 I chatty  : uid=10026 com.oculus.systemux:SystemUX expire 6 lines
01-06 14:42:10.760  6584  6670 E OsSdk   : error getting shared memory region, memory type: HeadTracker, failed with Status(-1, EX_SECURITY): 'requested shared memory region when not registered/focused'
01-06 14:42:10.799  6584  6670 E OsSdk   : error getting shared memory region, memory type: HeadTracker, failed with Status(-1, EX_SECURITY): 'requested shared memory region when not registered/focused'
01-06 14:42:10.839  6584  6670 E OsSdk   : error getting shared memory region, memory type: HeadTracker, failed with Status(-1, EX_SECURITY): 'requested shared memory region when not registered/focused'
01-06 14:42:10.874  6584  6649 D xrstreaming: receive ping: org 0 recv 0 xmt 7928624422000 (received at 3513346088240), offset divergence 56626
01-06 14:42:10.878   864  8442 I chatty  : uid=1000(system) Binder:864_5 identical 5 lines
01-06 14:42:10.879  6584  6670 E OsSdk   : error getting shared memory region, memory type: HeadTracker, failed with Status(-1, EX_SECURITY): 'requested shared memory region when not registered/focused'
01-06 14:42:10.917   864  8442 W TrackingService: attachClient: found client in attached list
01-06 14:42:10.918  6584  6670 E OsSdk   : error getting shared memory region, memory type: HeadTracker, failed with Status(-1, EX_SECURITY): 'requested shared memory region when not registered/focused'
01-06 14:42:10.919   864   864 W TrackingService: attachClient: found client in attached list
01-06 14:42:10.919  6584  6670 E OsSdk   : error getting shared memory region, memory type: AnchorTracker, failed with Status(-1, EX_SECURITY): 'requested shared memory region when not registered/focused'
01-06 14:42:10.952  1804  2851 I chatty  : uid=10025(com.oculus.systemdriver) ClientRequest expire 5 lines
01-06 14:42:10.954  1804  9245 I chatty  : uid=10025(com.oculus.systemdriver) OVR::TimeWarp expire 34 lines
01-06 14:42:10.961  6584  6670 E OsSdk   : error getting shared memory region, memory type: HeadTracker, failed with Status(-1, EX_SECURITY): 'requested shared memory region when not registered/focused'
01-06 14:42:11.003  2990  9591 I Telemetry: App memory usage: PSS=66 MiB, PrivateDirty=45 MiB, PrivateClean=1 MiB, GPU=9.3/9.4 MiB (99% allocated)
01-06 14:42:11.005  1950  9583 I Telemetry: App memory usage: PSS=383 MiB, PrivateDirty=333 MiB, PrivateClean=34 MiB, GPU=92.4/92.8 MiB (100% allocated)
01-06 14:42:11.005  6584  6670 E OsSdk   : error getting shared memory region, memory type: HeadTracker, failed with Status(-1, EX_SECURITY): 'requested shared memory region when not registered/focused'
01-06 14:42:11.008  1950  9583 I VrApi   : FPS=89/90,Prd=25ms,Tear=0,Early=0,Stale=4,VSnc=0,Lat=-1,Fov=0,CPU4/GPU=4/4,2419/525MHz,OC=FF,TA=0/70/0,SP=N/F/N,Mem=2092MHz,Free=2064MB,PLS=0,Temp=25.7C/0.0C,TW=1.09ms,App=5.03ms,GD=0.12ms,CPU&GPU=7.80ms,LCnt=2(DR54,LM2),GPU%=0.56,CPU%=0.31(W0.41),DSF=1.00,CFL=14.80/28.20
01-06 14:42:11.032  9093  9424 I Telemetry: App memory usage: PSS=518 MiB, PrivateDirty=364 MiB, PrivateClean=140 MiB, GPU=199.1/199.7 MiB (100% allocated)
01-06 14:42:11.034  9093  9424 I VrApi   : FPS=72/72,Prd=48ms,Tear=0,Early=72,Stale=0,VSnc=1,Lat=1,Fov=0,CPU4/GPU=4/4,2419/525MHz,OC=FF,TA=0/F/F,SP=N/N/N,Mem=2092MHz,Free=2064MB,PLS=0,Temp=25.7C/0.0C,TW=3.78ms,App=3.33ms,GD=0.12ms,CPU&GPU=8.01ms,LCnt=5(DR0,LM2),GPU%=0.64,CPU%=0.24(W0.29),DSF=1.00,CFL=19.74/21.42
01-06 14:42:11.051  6584  6670 E OsSdk   : error getting shared memory region, memory type: HeadTracker, failed with Status(-1, EX_SECURITY): 'requested shared memory region when not registered/focused'
01-06 14:42:11.095  6584  6670 E OsSdk   : error getting shared memory region, memory type: HeadTracker, failed with Status(-1, EX_SECURITY): 'requested shared memory region when not registered/focused'
01-06 14:42:11.139  6584  6670 E OsSdk   : error getting shared memory region, memory type: HeadTracker, failed with Status(-1, EX_SECURITY): 'requested shared memory region when not registered/focused'
01-06 14:42:11.181  6584  6670 E OsSdk   : error getting shared memory region, memory type: HeadTracker, failed with Status(-1, EX_SECURITY): 'requested shared memory region when not registered/focused'
01-06 14:42:11.182  6584  6670 E OsSdk   : error getting shared memory region, memory type: AnchorTracker, failed with Status(-1, EX_SECURITY): 'requested shared memory region when not registered/focused'
01-06 14:42:11.228  6584  6670 E OsSdk   : error getting shared memory region, memory type: HeadTracker, failed with Status(-1, EX_SECURITY): 'requested shared memory region when not registered/focused'
01-06 14:42:11.236  3515  9628 I chatty  : uid=10026(com.oculus.systemux) HyperspaceClien expire 8 lines
01-06 14:42:11.237  1052  1470 W ActivityManager: Unable to start service Intent { cmp=com.oculus.presence/.service.PresenceService } U=0: not found
01-06 14:42:11.241  2279  2955 D RPCServer: RegisterClient: Client: com.oculus.systemux:com.oculus.systemux:SystemUX:3515, Server: com.oculus.presence:com.oculus.presence (PubSubServer)
01-06 14:42:11.241  2279  2955 I IPCSharedMemory: CreateSharedMemory: Allocated shared memory fd 117 (ipcStateReadWrite)
01-06 14:42:11.242  2279  2955 I IPCSharedMemory: CreateSharedMemory: Allocated shared memory fd 118 (ipcReadOnlyState)
01-06 14:42:11.242  2279  2955 I RPCClientHandler: Event buffer size (server): 8192
01-06 14:42:11.242  2279  2955 I IPCSharedMemory: CreateSharedMemory: Allocated shared memory fd 119 (ipcEventBuffer)
01-06 14:42:11.242  2279  2955 I IPCSharedMemory: CreateSharedMemory: Allocated shared memory fd 122 (ipcEventBuffer_Private)
01-06 14:42:11.243  2279  2955 I RuntimeIPCServerMgr: HandleClientConnect SUCCESS: Client: com.oculus.systemux:com.oculus.systemux:SystemUX:3515, Server: com.oculus.presence:com.oculus.presence (PubSubServer)
01-06 14:42:11.247  1621  1621 D OculusNotificationListenerService: Notification posted: 0|com.oculus.presence|50001|null|10070
01-06 14:42:11.248  2279  2955 I RPCServer: GetServerStatesConfig -> {MaxBufferSize=32768, MaxEntries=64}
01-06 14:42:11.257  3515  3515 I chatty  : uid=10026 com.oculus.systemux:SystemUX expire 2 lines
01-06 14:42:11.259  2150  2150 D VrNotificationAnalytics: logNotificationPosted: key(0|com.oculus.presence|50001|null|10070), type(first_party_unspecified), isToast(false)
01-06 14:42:11.260  2150  2150 I [OAO] VrNotificationListenerService: onNotificationPosted() - key = 0|com.oculus.presence|50001|null|10070, type = first_party_unspecified, isToast = false, isBlocked with reason = true Blocked by does not contain all markers for a toast notification
01-06 14:42:11.260  2150  2150 D [OAO] VrBroadcastReceiver: action: com.oculus.vrshell.intent.action.NOTIFICATION_WAKE
01-06 14:42:11.263  2150  2150 D [OAO] VrNotificationService: VrNotificationService onStartCommand() Intent { cmp=com.oculus.vrshell/.VrNotificationService }
01-06 14:42:11.266  3515  9610 I chatty  : uid=10026(com.oculus.systemux) pool-37-thread- expire 1 line
01-06 14:42:11.271  6584  6670 E OsSdk   : error getting shared memory region, memory type: HeadTracker, failed with Status(-1, EX_SECURITY): 'requested shared memory region when not registered/focused'
01-06 14:42:11.308  6584  6670 E OsSdk   : error getting shared memory region, memory type: HeadTracker, failed with Status(-1, EX_SECURITY): 'requested shared memory region when not registered/focused'
01-06 14:42:11.314  2954  3601 I VrGuardianService: GuardianSDKServer::SetGuardianHitDialog2 1
01-06 14:42:11.319  1804  2851 I chatty  : uid=10025(com.oculus.systemdriver) ClientRequest expire 4 lines
01-06 14:42:11.323  2990  9588 I ClientInputInterface: Telling app about short home press
01-06 14:42:11.326  2990  3126 I [SEO] VrPlatformOpenXr: xrPollEvent: received XR_TYPE_EVENT_DATA_SYSTEM_BUTTON_FIRED_FBI event
01-06 14:42:11.333  1804  9245 I chatty  : uid=10025(com.oculus.systemdriver) OVR::TimeWarp expire 10 lines
01-06 14:42:11.336  2990  3126 I [SEO] SystemUXController: Home button release detected.
01-06 14:42:11.336  2990  3126 I [SEO] TelemetryProvider: Toggling egocentric panels visible: false
01-06 14:42:11.336  2990  3126 I [SEO] SystemTaskBar: UpdateVisiblity(cooperative, 0)
01-06 14:42:11.349  6584  6670 E OsSdk   : error getting shared memory region, memory type: HeadTracker, failed with Status(-1, EX_SECURITY): 'requested shared memory region when not registered/focused'
01-06 14:42:11.354  3515  9628 I chatty  : uid=10026(com.oculus.systemux) HyperspaceClien expire 6 lines
01-06 14:42:11.358  2279  3482 I RPCServer: GetServerStatesConfig -> {MaxBufferSize=32768, MaxEntries=64}
01-06 14:42:11.359  3515  3515 I chatty  : uid=10026 com.oculus.systemux:SystemUX expire 108 lines
01-06 14:42:11.396  6584  6670 E OsSdk   : error getting shared memory region, memory type: HeadTracker, failed with Status(-1, EX_SECURITY): 'requested shared memory region when not registered/focused'
01-06 14:42:11.439  6584  6670 E OsSdk   : error getting shared memory region, memory type: HeadTracker, failed with Status(-1, EX_SECURITY): 'requested shared memory region when not registered/focused'
01-06 14:42:11.440  6584  6670 E OsSdk   : error getting shared memory region, memory type: AnchorTracker, failed with Status(-1, EX_SECURITY): 'requested shared memory region when not registered/focused'
01-06 14:42:11.442  1804  2851 I chatty  : uid=10025(com.oculus.systemdriver) ClientRequest expire 14 lines
01-06 14:42:11.442  1804  2847 I chatty  : uid=10025(com.oculus.systemdriver) OVR::Clocks expire 12 lines
01-06 14:42:11.444  1804  9245 I chatty  : uid=10025(com.oculus.systemdriver) OVR::TimeWarp expire 101 lines
01-06 14:42:11.479  6584  6670 E OsSdk   : error getting shared memory region, memory type: HeadTracker, failed with Status(-1, EX_SECURITY): 'requested shared memory region when not registered/focused'
01-06 14:42:11.519  6584  6670 E OsSdk   : error getting shared memory region, memory type: HeadTracker, failed with Status(-1, EX_SECURITY): 'requested shared memory region when not registered/focused'
01-06 14:42:11.530  6584  6670 E OsSdk   : error getting shared memory region, memory type: HeadTracker, failed with Status(-1, EX_SECURITY): 'requested shared memory region when not registered/focused'
01-06 14:42:11.561  2954  3062 I StateMachine: StateMachine::Update ForceShow: stopForceShow -> ForceShowOff
01-06 14:42:11.561  1804  3059 I chatty  : uid=10025(com.oculus.systemdriver) Thread-17 expire 1 line
01-06 14:42:11.562  2954  3062 I GuardianSystem: UpdateGuardianSystemState: Flags changed: 532480, 524288, SYSTEM_GUARDIAN_VISIBLE,SYSTEM_GUARDIAN_VALID to SYSTEM_GUARDIAN_VALID
01-06 14:42:11.574  6584  6670 E OsSdk   : error getting shared memory region, memory type: HeadTracker, failed with Status(-1, EX_SECURITY): 'requested shared memory region when not registered/focused'
01-06 14:42:11.618   864   864 I chatty  : uid=1000(system) /system/bin/trackingservice identical 19 lines
01-06 14:42:11.619  6584  6670 E OsSdk   : error getting shared memory region, memory type: HeadTracker, failed with Status(-1, EX_SECURITY): 'requested shared memory region when not registered/focused'
01-06 14:42:11.638  2954  3601 I VrGuardianService: GuardianSDKServer::SetGuardianHitDialog2 0
01-06 14:42:11.661   864   864 W TrackingService: attachClient: found client in attached list
01-06 14:42:11.661  6584  6670 E OsSdk   : error getting shared memory region, memory type: HeadTracker, failed with Status(-1, EX_SECURITY): 'requested shared memory region when not registered/focused'
01-06 14:42:11.662   864  1042 W TrackingService: attachClient: found client in attached list
01-06 14:42:11.662  6584  6670 E OsSdk   : error getting shared memory region, memory type: AnchorTracker, failed with Status(-1, EX_SECURITY): 'requested shared memory region when not registered/focused'
01-06 14:42:11.705  6584  6670 E OsSdk   : error getting shared memory region, memory type: HeadTracker, failed with Status(-1, EX_SECURITY): 'requested shared memory region when not registered/focused'
01-06 14:42:11.729   864  9271 W [CT]    : VEGA:MAP_TRACKING_HM: [Throttled count=25] Map tracking did not run.
01-06 14:42:11.749  6584  6670 E OsSdk   : error getting shared memory region, memory type: HeadTracker, failed with Status(-1, EX_SECURITY): 'requested shared memory region when not registered/focused'
01-06 14:42:11.794  6584  6670 E OsSdk   : error getting shared memory region, memory type: HeadTracker, failed with Status(-1, EX_SECURITY): 'requested shared memory region when not registered/focused'
01-06 14:42:11.838  6584  6670 E OsSdk   : error getting shared memory region, memory type: HeadTracker, failed with Status(-1, EX_SECURITY): 'requested shared memory region when not registered/focused'
01-06 14:42:11.876  6584  6649 D xrstreaming: receive ping: org 0 recv 0 xmt 7929625640800 (received at 3514347613344), offset divergence 56626
01-06 14:42:11.878   864  1042 I chatty  : uid=1000(system) Binder:864_2 identical 5 lines
01-06 14:42:11.878  6584  6670 E OsSdk   : error getting shared memory region, memory type: HeadTracker, failed with Status(-1, EX_SECURITY): 'requested shared memory region when not registered/focused'
01-06 14:42:11.919  2150  2891 I [OAO] ShellOverlayApp: Sleep timeout exceeded. Timeout:3514.377655, Now:3514.391217. Sleeping... 
01-06 14:42:11.919  2150  2891 I [OAO] ShellOverlayApp: WaitForWake: VrThread entering waiting state
01-06 14:42:11.920   864  1042 W TrackingService: attachClient: found client in attached list
01-06 14:42:11.920  6584  6670 E OsSdk   : error getting shared memory region, memory type: HeadTracker, failed with Status(-1, EX_SECURITY): 'requested shared memory region when not registered/focused'
01-06 14:42:11.920   864   864 W TrackingService: attachClient: found client in attached list
01-06 14:42:11.922  6584  6670 E OsSdk   : error getting shared memory region, memory type: AnchorTracker, failed with Status(-1, EX_SECURITY): 'requested shared memory region when not registered/focused'
01-06 14:42:11.929   864  9271 I [CT]    : VIPER: Mode=SuperVega,Status=6DoF,TRACKING,Inl=23,Mem=90.1,Jit=0.2mm,Issues(Cam/min=0.1,IMU/min=0.0),Exp=(10.1ms,g=12.0,I=75,Ir=622.3)(14.0ms,g=15.0,I=79,Ir=376.8)(14.0ms,g=15.0,I=68,Ir=328.4)(14.0ms,g=15.0,I=51,Ir=244.9)
01-06 14:42:11.967  6584  6670 E OsSdk   : error getting shared memory region, memory type: HeadTracker, failed with Status(-1, EX_SECURITY): 'requested shared memory region when not registered/focused'
01-06 14:42:11.974   864  1232 I [CT]    : VIPER: InternalAnchorHealthMonitor: Anchors: 3 | Persistent anchors: 2 | Anchors never observed: 2
01-06 14:42:11.974   864  1232 I [CT]    :   (min/avg/max) Anchor landmarks: (0|3.3333333333333335|8) | Covisible keyframes: (0|4|12) | Times since observation: (0|0|0)
01-06 14:42:12.003  1950  9583 I VrApi   : FPS=90/90,Prd=28ms,Tear=0,Early=0,Stale=1,VSnc=0,Lat=-1,Fov=0,CPU4/GPU=4/3,2419/490MHz,OC=FF,TA=0/70/0,SP=N/F/N,Mem=2092MHz,Free=2064MB,PLS=0,Temp=26.0C/0.0C,TW=1.72ms,App=5.12ms,GD=0.12ms,CPU&GPU=7.93ms,LCnt=3(DR17,LM2),GPU%=0.65,CPU%=0.26(W0.32),DSF=1.00,CFL=14.61/20.15
01-06 14:42:12.010  6584  6670 E OsSdk   : error getting shared memory region, memory type: HeadTracker, failed with Status(-1, EX_SECURITY): 'requested shared memory region when not registered/focused'
01-06 14:42:12.040  9093  9424 I VrApi   : FPS=72/72,Prd=48ms,Tear=0,Early=72,Stale=0,VSnc=1,Lat=1,Fov=0,CPU4/GPU=4/4,2419/490MHz,OC=FF,TA=0/F/F,SP=N/N/N,Mem=2092MHz,Free=2064MB,PLS=0,Temp=25.7C/0.0C,TW=3.78ms,App=3.33ms,GD=0.12ms,CPU&GPU=8.01ms,LCnt=5(DR0,LM2),GPU%=0.64,CPU%=0.24(W0.29),DSF=1.00,CFL=19.74/21.42
01-06 14:42:12.050  6584  6670 E OsSdk   : error getting shared memory region, memory type: HeadTracker, failed with Status(-1, EX_SECURITY): 'requested shared memory region when not registered/focused'
01-06 14:42:12.075   864  9271 W [CT]    : TIMESTAMPCHECKER: Nominal rate wrong. Estimated data rate: 25, Nominal is 30.000300003000028
01-06 14:42:12.093  6584  6670 E OsSdk   : error getting shared memory region, memory type: HeadTracker, failed with Status(-1, EX_SECURITY): 'requested shared memory region when not registered/focused'
01-06 14:42:12.105  6584  6670 E OsSdk   : error getting shared memory region, memory type: HeadTracker, failed with Status(-1, EX_SECURITY): 'requested shared memory region when not registered/focused'
01-06 14:42:12.149  6584  6670 E OsSdk   : error getting shared memory region, memory type: HeadTracker, failed with Status(-1, EX_SECURITY): 'requested shared memory region when not registered/focused'
01-06 14:42:12.150  6584  6670 E OsSdk   : error getting shared memory region, memory type: AnchorTracker, failed with Status(-1, EX_SECURITY): 'requested shared memory region when not registered/focused'
01-06 14:42:12.191  6584  6670 E OsSdk   : error getting shared memory region, memory type: HeadTracker, failed with Status(-1, EX_SECURITY): 'requested shared memory region when not registered/focused'
01-06 14:42:12.227  6584  6670 E OsSdk   : error getting shared memory region, memory type: HeadTracker, failed with Status(-1, EX_SECURITY): 'requested shared memory region when not registered/focused'
01-06 14:42:12.272  6584  6670 E OsSdk   : error getting shared memory region, memory type: HeadTracker, failed with Status(-1, EX_SECURITY): 'requested shared memory region when not registered/focused'
01-06 14:42:12.317  6584  6670 E OsSdk   : error getting shared memory region, memory type: HeadTracker, failed with Status(-1, EX_SECURITY): 'requested shared memory region when not registered/focused'
01-06 14:42:12.330  9093  9440 D UE4     : [2023.01.06-14.42.12:330][810]LogTcpMessaging: Lost node '3CAC0EE44927E687DB8D46AE5440FE90' on connection '127.0.0.1:35869'...
01-06 14:42:12.349   864   864 I chatty  : uid=1000(system) /system/bin/trackingservice identical 12 lines
01-06 14:42:12.349  6584  6670 E OsSdk   : error getting shared memory region, memory type: HeadTracker, failed with Status(-1, EX_SECURITY): 'requested shared memory region when not registered/focused'
01-06 14:42:12.377   864   864 W TrackingService: attachClient: found client in attached list
01-06 14:42:12.377  6584  6670 E OsSdk   : error getting shared memory region, memory type: HeadTracker, failed with Status(-1, EX_SECURITY): 'requested shared memory region when not registered/focused'
01-06 14:42:12.377   864  1042 W TrackingService: attachClient: found client in attached list
01-06 14:42:12.378  6584  6670 E OsSdk   : error getting shared memory region, memory type: AnchorTracker, failed with Status(-1, EX_SECURITY): 'requested shared memory region when not registered/focused'
01-06 14:42:12.422   864  1042 I chatty  : uid=1000(system) Binder:864_2 identical 1 line
01-06 14:42:12.423  6584  6670 E OsSdk   : error getting shared memory region, memory type: HeadTracker, failed with Status(-1, EX_SECURITY): 'requested shared memory region when not registered/focused'
01-06 14:42:12.445  2990  9588 I ClientInputInterface: Telling app about short home press
01-06 14:42:12.451  2990  3126 I [SEO] VrPlatformOpenXr: xrPollEvent: received XR_TYPE_EVENT_DATA_SYSTEM_BUTTON_FIRED_FBI event
01-06 14:42:12.462  2990  3126 I [SEO] SystemUXController: Home button release detected.
01-06 14:42:12.462  2990  3126 I [SEO] TelemetryProvider: Toggling egocentric panels visible: true
01-06 14:42:12.462  2990  3126 I [SEO] SystemTaskBar: UpdateVisiblity(cooperative, 0)
01-06 14:42:12.467   864  1042 W TrackingService: attachClient: found client in attached list
01-06 14:42:12.467  6584  6670 E OsSdk   : error getting shared memory region, memory type: HeadTracker, failed with Status(-1, EX_SECURITY): 'requested shared memory region when not registered/focused'
01-06 14:42:12.470  9093  9121 D UE4     : [2023.01.06-14.42.12:470][810]LogCore: Display: AppLifetime: Application will deactivate
01-06 14:42:12.470  9093  9432 D OVRPlugin: Leaving VR mode.
01-06 14:42:12.470  9093  9432 I VrApi   : ---------- vrapi_LeaveVrMode [start] ----------
01-06 14:42:12.471  1687  1729 I [CT]    : MIXEDREALITY: MrServiceController: VrFocusManager::Top Activity Changed, topActivity now is: 'com.oculus.shellenv', immersiveApp now is: ''.
01-06 14:42:12.472  1687  1729 I [CT]    : MIXEDREALITY: MrServiceController: VrFocusManager::Top Activity Changed, topActivity now is: 'com.oculus.shellenv', immersiveApp now is: ''.
01-06 14:42:12.472  9093  9432 I XrRuntimeUtils: XrRuntimeUtils::EndSession
01-06 14:42:12.472  1687  3207 I [CT]    : MIXEDREALITY: MrServiceView: renderIteration: Nothing to render, hibernating the rendering thread since ID is off and no active PT layers.
01-06 14:42:12.472  1687  3207 I [CT]    : MIXEDREALITY: MrServiceModel: Hibernating caller (most likely rendering thread) due to commandQueue being empty.
01-06 14:42:12.480  9093  9432 D VrApi   : targetSDKVersion 29
01-06 14:42:12.483  9093  9432 I VrRuntimeClient: DEVICE MODEL NUMBER = Quest
01-06 14:42:12.483  9093  9432 I VrRuntimeClient: DEVICE BUILD NAME = user-49068160412800150
01-06 14:42:12.483  9093  9432 I VrRuntimeClient: DEVICE BUILD TYPE = user
01-06 14:42:12.483  9093  9432 I VrRuntimeClient: DEVICE OS VERSION = 10
01-06 14:42:12.483  9093  9432 I VrRuntimeClient: API LOADER VERSION = 1.44.0
01-06 14:42:12.483  9093  9432 I VrRuntimeClient: RUNTIME API VERSION = 1.64.0
01-06 14:42:12.483  9093  9432 I VrRuntimeClient: RUNTIME VERSION = 47.0.0.282.341 Nov 25 2022 14:16:37 RELEASE
01-06 14:42:12.483  9093  9432 I VrRuntimeClient: APP NAME = PrototypeV4
01-06 14:42:12.483  9093  9432 I VrRuntimeClient: APP VERSION = 1.0 versionCode 1 internalVersionName <none>
01-06 14:42:12.483  9093  9432 I VrRuntimeClient: APP VR TYPE = <none>
01-06 14:42:12.484  9093  9432 I VrRuntimeClient: APP MODE TYPE = VR
01-06 14:42:12.484  9093  9432 I VrRuntimeClient: APP PACKAGE NAME = com.YourCompany.PrototypeV4
01-06 14:42:12.484  9093  9432 I VrRuntimeClient: APP ACTIVITY CLASS = com.epicgames.ue4.GameActivity
01-06 14:42:12.484  9093  9432 D BatteryReceiver: Unregistering battery receiver
01-06 14:42:12.485  9093  9432 I Sensor  : OSSDKTRACKING Shutdown tracking
01-06 14:42:12.485  9093  9432 I LogTimer: CPUTIME: VrRuntimeClient_EndSession took 12.1468 ms
01-06 14:42:12.492  9093  9424 I VrApi   : FPS=72/72,Prd=48ms,Tear=0,Early=72,Stale=0,VSnc=1,Lat=1,Fov=0,CPU4/GPU=4/4,2419/490MHz,OC=FF,TA=0/F/F,SP=N/N/N,Mem=2092MHz,Free=2064MB,PLS=0,Temp=25.7C/0.0C,TW=3.78ms,App=3.33ms,GD=0.12ms,CPU&GPU=8.01ms,LCnt=5(DR0,LM2),GPU%=0.64,CPU%=0.24(W0.29),DSF=1.00,CFL=19.74/21.42
01-06 14:42:12.493  9093  9432 I VrApi   : OVR::Stats thread stopped
01-06 14:42:12.493  9093  9432 I InputDeviceManager: ovrInputDeviceManager::~ovrInputDeviceManager
01-06 14:42:12.493  9093  9432 I InputDevice_TrackedRemote: OSSDKTRACKING shutting down Haptics
01-06 14:42:12.493  9093  9432 I chatty  : uid=10152(com.YourCompany.PrototypeV4) identical 2 lines
01-06 14:42:12.493  9093  9432 I InputDevice_TrackedRemote: OSSDKTRACKING shutting down Haptics
01-06 14:42:12.493  9093  9432 I OSHandDataQuerier: OSSDKTRACKING shutting down HandsTracker
01-06 14:42:12.493  9093  9432 I OSHandDataQuerier: OSSDKTRACKING shutting down HandsTracker
01-06 14:42:12.493  9093  9432 D OsSdk   : TrackingServiceConnection dtor
01-06 14:42:12.493   864  1042 I TrackingService: Unregistering client by ITrackingService.unregisterClient
01-06 14:42:12.494   864  1042 I TrackingService: Failed to unregister client because client not found in registered list
01-06 14:42:12.494   864  1042 I chatty  : uid=1000(system) Binder:864_2 identical 7 lines
01-06 14:42:12.494   864  1042 I TrackingService: Failed to unregister client because client not found in registered list
01-06 14:42:12.494   864  1042 D TrackingService: unregister: com.YourCompany.PrototypeV4
01-06 14:42:12.494  9093  9432 D OsSdk   : TrackingServiceConnection unregistered
01-06 14:42:12.495   744  4161 E SensorService: Failed to set simple multi haptics, ret: -1
01-06 14:42:12.507  9093  9421 I ClientInputThread_Internal: InputThreadRun ShutdownRequest received
01-06 14:42:12.507   864  1042 W TrackingService: attachClient: found client in attached list
01-06 14:42:12.507  9093  9432 I InputHooks_Internal: Disabling Native Input Hooks
01-06 14:42:12.508  9093  9432 I ClientInputTrackedKeyboardManager: TRACKEDKEYBOARD ClearTrackedObjectManager called on client
01-06 14:42:12.508  1804  9158 I chatty  : uid=10025(com.oculus.systemdriver) com.oculus.vrruntimeservice expire 8 lines
01-06 14:42:12.508  6584  6670 E OsSdk   : error getting shared memory region, memory type: HeadTracker, failed with Status(-1, EX_SECURITY): 'requested shared memory region when not registered/focused'
01-06 14:42:12.519  9093  9437 I FenceChecker: FenceChecker::MainLoop - ended
01-06 14:42:12.519  9093  9432 I XrRuntimeUtils: XrRuntimeUtils::DestroySession
01-06 14:42:12.519  9093  9432 I VrApi   : ---------- vrapi_LeaveVrMode [end] ----------
01-06 14:42:12.519  9093  9432 D OVRPlugin: Reset m_session to nullptr
01-06 14:42:12.520  9093  9121 D UE4     : [GameActivity] Unregistering volume receiver
01-06 14:42:12.521  9093  9121 D UE4     : [GameActivity] Unregistering battery receiver
01-06 14:42:12.521  9093  9121 D UE4     : [GameActivity] Unregistering headset receiver
01-06 14:42:12.522  9093  9121 D UE4     : [2023.01.06-14.42.12:521][810]LogCore: Display: AppLifetime: Application will enter background
01-06 14:42:12.522  9093  9121 D UE4     : [2023.01.06-14.42.12:522][810]LogTemp: Android pause audio
01-06 14:42:12.522  9093  9121 D UE4     : [2023.01.06-14.42.12:522][810]LogAudioMixerAndroid: Display: Suspending android audio renderer
01-06 14:42:12.522  9093  9121 D         : PlayerBase::pause() from IPlayer
01-06 14:42:12.523  9093  9122 D UE4     : [2023.01.06-14.42.12:523][810]LogAndroid: Blocking renderer on invalid window.
01-06 14:42:12.523  9093  9122 D UE4     : [2023.01.06-14.42.12:523][810]LogAndroid: Waiting for renderer to encounter blocking command.
01-06 14:42:12.523  9093  9432 D UE4     : [2023.01.06-14.42.12:523][810]LogAndroid: Blocking renderer
01-06 14:42:12.524  9093  9432 D UE4     : [2023.01.06-14.42.12:523][810]LogAndroid: RendererBlock release window callback
01-06 14:42:12.524  9093  9432 D UE4     : [2023.01.06-14.42.12:524][810]LogVulkanRHI: Destroy swapchain ... 
01-06 14:42:12.524  1281  1281 V AvrcpMediaPlayerList: onPlaybackConfigChanged(): Configs list size=10
01-06 14:42:12.524  9093  9121 D UE4     : [2023.01.06-14.42.12:524][810]LogHMD: Error: FOculusHMDModule::GetPluginWrapper().WaitToBeginFrame 2808 failed (-1003)
01-06 14:42:12.532  9093  9122 D UE4     : LogAndroidEvents::EnqueueAppEvent : 13, [width=-1, height=-1], tid = 9122, APP_EVENT_STATE_APP_SUSPENDED
01-06 14:42:12.534  9093  9122 D UE4     : Case APP_CMD_TERM_WINDOW, tid = 9122
01-06 14:42:12.534  9093  9122 D UE4     : [2023.01.06-14.42.12:534][810]LogAndroid: Case APP_CMD_TERM_WINDOW
01-06 14:42:12.534  9093  9122 D UE4     : LogAndroidEvents::EnqueueAppEvent : 3, [width=-1, height=-1], tid = 9122, APP_EVENT_STATE_WINDOW_DESTROYED
01-06 14:42:12.538  9093  9121 D UE4     : [2023.01.06-14.42.12:538][811]LogAndroidEvents: Display: LogAndroidEvents::DequeueAppEvent : 13, [width=-1, height=-1], APP_EVENT_STATE_APP_SUSPENDED
01-06 14:42:12.538  9093  9121 D UE4     : FAppEventManager::Tick processing, 13
01-06 14:42:12.538  9093  9121 D UE4     : Execution will be paused...
01-06 14:42:12.538  9093  9121 D UE4     : [2023.01.06-14.42.12:538][811]LogAndroidEvents: Display: LogAndroidEvents::DequeueAppEvent : 3, [width=-1, height=-1], APP_EVENT_STATE_WINDOW_DESTROYED
01-06 14:42:12.538  9093  9121 D UE4     : FAppEventManager::Tick processing, 3
01-06 14:42:12.538  9093  9121 D UE4     : APP_EVENT_STATE_WINDOW_DESTROYED, 0, 0, 0
01-06 14:42:12.538  9093  9121 D UE4     : FAppEventManager::Tick EventHandlerEvent Wait 
01-06 14:42:12.538  9093  9121 D UE4     : FAppEventManager::Tick EventHandlerEvent DONE Wait 
01-06 14:42:12.547  9093  9093 V UE4     : [GameApp] App in background
01-06 14:42:12.547  9093  9093 D UE4     : [GameActivity] ==============> GameActive.onStop complete!
01-06 14:42:12.548  9093  9122 D UE4     : [2023.01.06-14.42.12:547][811]LogAndroid: Case APP_CMD_STOP
01-06 14:42:12.548  9093  9122 D UE4     : LogAndroidEvents::EnqueueAppEvent : 8, [width=-1, height=-1], tid = 9122, APP_EVENT_STATE_ON_STOP
01-06 14:42:12.549  9093  9093 D UE4     : [GameActivity] onDestroy: destroy memoryHandlerThread
01-06 14:42:12.549  9093  9122 D UE4     : [2023.01.06-14.42.12:549][811]LogAndroid: Case APP_CMD_INPUT_CHANGED
01-06 14:42:12.549  9093  9122 D UE4     : [2023.01.06-14.42.12:549][811]LogAndroid: Case APP_CMD_DESTROY
01-06 14:42:12.549  9093  9122 D UE4     : LogAndroidEvents::EnqueueAppEvent : 15, [width=-1, height=-1], tid = 9122, APP_EVENT_RUN_CALLBACK
01-06 14:42:12.549  9093  9122 D UE4     : LogAndroidEvents::EnqueueAppEvent : 5, [width=-1, height=-1], tid = 9122, APP_EVENT_STATE_ON_DESTROY
01-06 14:42:12.550  9093  9122 I any.PrototypeV: System.exit called, status: 0
01-06 14:42:12.550  9093  9122 I AndroidRuntime: VM exiting with result code 0, cleanup skipped.
01-06 14:42:12.552  6584  6670 E OsSdk   : error getting shared memory region, memory type: HeadTracker, failed with Status(-1, EX_SECURITY): 'requested shared memory region when not registered/focused'
01-06 14:42:12.564  6584  6657 I xrstreaming: AudioPlayer: NetworkMetrics: [0.034,19.723]9.856
01-06 14:42:12.584  2954  3601 I VrGuardianService: GuardianSDKServer::SetGuardianHitDialog2 1
01-06 14:42:12.597  6584  6670 E OsSdk   : error getting shared memory region, memory type: HeadTracker, failed with Status(-1, EX_SECURITY): 'requested shared memory region when not registered/focused'
