01-05 19:00:59.229  3288  3288 I [SUI] AnytimeUIAndroidPanelApp: updateGuardianConfig - 8 - 0.0
01-05 19:00:59.229  3288  3288 I [SUI] AnytimeUIAndroidPanelApp: updateGuardianConfig - 10 - 0.0
01-05 19:00:59.229  3288  3288 I [SUI] AnytimeUIAndroidPanelApp: updateGuardianConfig - 12 - 0.0
01-05 19:00:59.229  3288  3288 I [SUI] AnytimeUIAndroidPanelApp: updateGuardianConfig - 13 - 0.5
01-05 19:00:59.229  3288  3288 I [SUI] AnytimeUIAndroidPanelApp: updateGuardianConfig - 14 - 0.0
01-05 19:00:59.229  3288  3288 I [SUI] AnytimeUIAndroidPanelApp: updateGuardianConfig - 15 - 0.0
01-05 19:00:59.229  3288  3288 I [SUI] AnytimeUIAndroidPanelApp: updateGuardianConfig - 16 - 0.0
01-05 19:00:59.229  3288  3288 I [SUI] AnytimeUIAndroidPanelApp: updateGuardianConfig - 17 - 0.0
01-05 19:00:59.229  3288  3288 I [SUI] AnytimeUIAndroidPanelApp: updateGuardianConfig - 18 - 0.5
01-05 19:00:59.229  3288  3288 I [SUI] AnytimeUIAndroidPanelApp: updateGuardianConfig - 19 - 0.0
01-05 19:00:59.229  3288  3288 I [SUI] AnytimeUIAndroidPanelApp: updateGuardianConfig - 20 - 0.0
01-05 19:00:59.229  3288  3288 I [SUI] AnytimeUIAndroidPanelApp: updateGuardianConfig - 21 - 0.0
01-05 19:00:59.229  3288  3288 I [SUI] AnytimeUIAndroidPanelApp: updateGuardianConfig - 22 - 0.0
01-05 19:00:59.229  3288  3288 I [SUI] AnytimeUIAndroidPanelApp: updateGuardianConfig - 23 - 2.0
01-05 19:00:59.229  3288  3288 I [SUI] AnytimeUIAndroidPanelApp: updateGuardianConfig - 24 - 0.25
01-05 19:00:59.229  3288  3288 I [SUI] AnytimeUIAndroidPanelApp: updateGuardianConfig - 26 - 0.0
01-05 19:00:59.229  3288  3288 I [SUI] AnytimeUIAndroidPanelApp: updateGuardianConfig - 28 - 1.0
01-05 19:00:59.230  1920 11556 D CCodecConfig: c2 config diff is   c2::u32 raw.channel-count.value = 2
01-05 19:00:59.230  1920 11556 D CCodecConfig:   c2::u32 raw.sample-rate.value = 44100
01-05 19:00:59.230  3288  3288 I AndroidPanelApp: Processing pending hide layer for layer #main.
01-05 19:00:59.230  3288  3288 I AndroidPanelApp: Processing pending show layer info for layer #main with width 840 and height 110.
01-05 19:00:59.230  3288  3288 I AndroidPanelApp: layerSupersample no changes
01-05 19:00:59.230  1920 11556 W Codec2Client: query -- param skipped: index = 1107298332.
01-05 19:00:59.230  1920 11556 D CCodec  : setup formats input: AMessage(what = 0x00000000) = {
01-05 19:00:59.230  1920 11556 D CCodec  :   int32_t channel-count = 2
01-05 19:00:59.230  1920 11556 D CCodec  :   int32_t max-input-size = 32768
01-05 19:00:59.230  1920 11556 D CCodec  :   string mime = "audio/vorbis"
01-05 19:00:59.230  1920 11556 D CCodec  :   int32_t sample-rate = 44100
01-05 19:00:59.230  1920 11556 D CCodec  : } and output: AMessage(what = 0x00000000) = {
01-05 19:00:59.230  1920 11556 D CCodec  :   int32_t channel-count = 2
01-05 19:00:59.230  1920 11556 D CCodec  :   string mime = "audio/raw"
01-05 19:00:59.230  1920 11556 D CCodec  :   int32_t sample-rate = 44100
01-05 19:00:59.230  1920 11556 D CCodec  :   int32_t channel-mask = 3
01-05 19:00:59.230  1920 11556 D CCodec  : }
01-05 19:00:59.230   855   855 I chatty  : uid=1000(system) /system/bin/trackingservice identical 2 lines
01-05 19:00:59.231  2140  2140 D VrNotificationAnalytics: logNotificationPosted: key(0|com.oculus.presence|50001|null|10070), type(first_party_unspecified), isToast(false)
01-05 19:00:59.231  8646  8724 E OsSdk   : error getting shared memory region, memory type: HeadTracker, failed with Status(-1, EX_SECURITY): 'requested shared memory region when not registered/focused'
01-05 19:00:59.233  2140  2140 I [OAO] VrNotificationListenerService: onNotificationPosted() - key = 0|com.oculus.presence|50001|null|10070, type = first_party_unspecified, isToast = false, isBlocked with reason = true Blocked by does not contain all markers for a toast notification
01-05 19:00:59.233  2140  2140 D [OAO] VrBroadcastReceiver: action: com.oculus.vrshell.intent.action.NOTIFICATION_WAKE
01-05 19:00:59.234  1249 11178 I CompositorVR: WarpToScreen: Skipping frames for 13
01-05 19:00:59.235   843  1705 V C2Store : in ~ComponentModule
01-05 19:00:59.235   843  1705 V C2Store : unloading dll
01-05 19:00:59.236  3288  3288 D [SUI] ActivityManagerUtilsHelper: onFocusedWindowChanged: Instance: com.oculus.common.activitymanager.ActivityManagerUtilsHelper@3d6b562, topWindowUid: 10020, focusedApp: com.oculus.vrshell, previousApp: null
01-05 19:00:59.236  3288  3288 D [SUI] SystemUXBroadcastReceiver: action: com.oculus.systemactivities.CAPTURE_STATE_UPDATE
01-05 19:00:59.236  3288  3288 I [SUI] SystemUXBroadcastReceiver: handleCaptureStateUpdate: captureToDisk false, captureEnabled false, isCapturingAbuseReport false, abuseRecordingUUID null
01-05 19:00:59.236  3288  3288 D [SUI] SystemUXBroadcastReceiver: action: com.oculus.systemactivities.LOCAL_STREAM_STATE_UPDATE
01-05 19:00:59.236  3288  3288 D [SUI] ScreenCaptureUtil: onLocalStreamStateUpdate(isCaptureRunning = false)
01-05 19:00:59.236  3288  3288 I chatty  : uid=10026 com.oculus.systemux:SystemUX identical 8 lines
01-05 19:00:59.236  3288  3288 D [SUI] ScreenCaptureUtil: onLocalStreamStateUpdate(isCaptureRunning = false)
01-05 19:00:59.236  3288  3288 D [SUI] SystemUXBroadcastReceiver: action: com.oculus.systemactivities.CAPTURE_STATE_UPDATE
01-05 19:00:59.236  3288  3288 I [SUI] SystemUXBroadcastReceiver: handleCaptureStateUpdate: captureToDisk false, captureEnabled false, isCapturingAbuseReport false, abuseRecordingUUID null
01-05 19:00:59.237  3288  3288 I PresenceAPK(ServiceApiManager): onServiceConnected componentName=ComponentInfo{com.oculus.presence/com.oculus.presence.services.presence.PresenceService}
01-05 19:00:59.237  2666  2945 I [SEO] PanelRenderLayer: ResetSurface #main 0 x 0 - shape:0 stereo:0
01-05 19:00:59.237  2666  2945 I [SEO] PanelAppHost: Setting panel layer visibility of layer "#main" to invisible, panel 16 (com.oculus.systemux/com.oculus.panelapp.anytimeui.AnytimeUIAndroidPanelService)
01-05 19:00:59.237  2666  2945 I [SEO] PanelAppHost: Resize layer #main to size 840 x 110 shape: 1 stereo: 0, panel 16 (com.oculus.systemux/com.oculus.panelapp.anytimeui.AnytimeUIAndroidPanelService)
01-05 19:00:59.237  2666  2945 I [SEO] PanelRenderLayer: ResetSurface #main 840 x 110 - shape:1 stereo:0
01-05 19:00:59.237  3288  3288 I PresenceAPK(ServiceApiManager): setting apiStatusListener
01-05 19:00:59.239  2140  2140 D [OAO] VrNotificationService: VrNotificationService onStartCommand() Intent { cmp=com.oculus.vrshell/.VrNotificationService }
01-05 19:00:59.240  3288  3288 I AndroidPanelApp: Processing next frame action "layerShow" for layer "#main"
01-05 19:00:59.240  3288 10576 I PresenceAPK(ServiceApiManager): onApiReady
01-05 19:00:59.245  1046  1072 I DisplayManagerService: Display device changed state: "com.oculus.android_panel_app.AndroidPanelLayer-#main", ON
01-05 19:00:59.245  1249 11178 I CompositorVR: WarpToScreen: Skipping frames for 13
01-05 19:00:59.256  1249 11178 I CompositorVR: WarpToScreen: Skipping frames for 13
01-05 19:00:59.256  1046 11557 E WindowManager: App trying to use insecure INPUT_FEATURE_NO_INPUT_CHANNEL flag. Ignoring
01-05 19:00:59.258  3288  3288 D [SUI] SystemUXBroadcastReceiver: action: com.oculus.systemactivities.LOCAL_STREAM_STATE_UPDATE
01-05 19:00:59.258  3288  3288 D [SUI] ScreenCaptureUtil: onLocalStreamStateUpdate(isCaptureRunning = false)
01-05 19:00:59.258  3288  3288 I chatty  : uid=10026 com.oculus.systemux:SystemUX identical 8 lines
01-05 19:00:59.258  3288  3288 D [SUI] ScreenCaptureUtil: onLocalStreamStateUpdate(isCaptureRunning = false)
01-05 19:00:59.260  2666  2945 I [SEO] PanelAppAnalytics: First frame latency: 0.806 for id 16 com.oculus.systemux/com.oculus.panelapp.anytimeui.AnytimeUIAndroidPanelService
01-05 19:00:59.260  3288  3288 I PresenceAPK(ServiceApiManager): onServiceConnected componentName=ComponentInfo{com.oculus.presence/com.oculus.presence.services.presence.PresenceService}
01-05 19:00:59.260  2666  2945 I [SEO] LayerSwapChainResource: LayerSwapChainResource 840,110 : 3
01-05 19:00:59.260  3288  3288 I PresenceAPK(ServiceApiManager): setting apiStatusListener
01-05 19:00:59.260  1249  2634 I VrRuntimeService: CreateSwapChain: 3303378835
01-05 19:00:59.260  1249  2634 I VrRuntimeService: CreateSwapChain: api:vk 0 0x2b 840 110 10 3 1 4 3
01-05 19:00:59.261  3288  3288 D [SUI] NotificationBroadcastReceiver: action: com.oculus.intent.action.NOTIF_CHANGE
01-05 19:00:59.261  3288  4283 I PresenceAPK(ServiceApiManager): onApiReady
01-05 19:00:59.261  1249  2634 W SwapChain_Vulkan: CreateTextureSwapChainFoveationVulkan: ShouldCreateFragmentDensityMap: false
01-05 19:00:59.261  1249  2634 W SwapChain_Vulkan: ExportTextureResourcesFoveationVulkan: chain->VkInteropFoveation.Device == nullptr
01-05 19:00:59.261  1249  2634 W SwapChain: CreateTextureSwapChainFoveation: export failed
01-05 19:00:59.261  1249  2634 I VrRuntimeServer: CreateTextureSwapChain: result importswapchaingles 1
01-05 19:00:59.262  1920  3487 I SwapChain_Vulkan: Imported texture has requirements 3, ends up index 0
01-05 19:00:59.263  1920  3487 I chatty  : uid=10014(com.oculus.shellenv) Thread-29 identical 1 line
01-05 19:00:59.263  1920  3487 I SwapChain_Vulkan: Imported texture has requirements 3, ends up index 0
01-05 19:00:59.263  1920  3487 W VrRuntimeClient: CreateTextureSwapChain: Failed to import foveation swapchain
01-05 19:00:59.264  1249  2634 I VrRuntimeService: UpdateSwapChainSamplerState: 315
01-05 19:00:59.264  1249  2634 I VrRuntimeService: UpdateSwapChainSamplerState: minFilter=1 magFilter=1 wrapModeS=3 warpModeT=3 maxAniso=1.000000 border={0.000000,0.000000,0.000000,0.000000} swizzle={0,1,2,3}
01-05 19:00:59.267  1249 11178 I CompositorVR: WarpToScreen: Skipping frames for 13
01-05 19:00:59.267   855   855 W TrackingService: attachClient: found client in attached list
01-05 19:00:59.268  8646  8724 E OsSdk   : error getting shared memory region, memory type: HeadTracker, failed with Status(-1, EX_SECURITY): 'requested shared memory region when not registered/focused'
01-05 19:00:59.278  1249 11178 I CompositorVR: WarpToScreen: Skipping frames for 13
01-05 19:00:59.289  1249 11178 I CompositorVR: WarpToScreen: Skipping frames for 13
01-05 19:00:59.290  3288 11560 D NotificationsBadgeLiveData: MessageBadgeData, pullAndCheckNotifs, old data source notif count: 0, oc chats count: 0, messenger count: 0
01-05 19:00:59.291  3288  4283 I PresenceAPK(ServicePresenceClient): calling onServiceUp
01-05 19:00:59.291  2666  2945 I [SEO] PanelAppHost: Setting panel layer visibility of layer "#main" to visible, panel 16 (com.oculus.systemux/com.oculus.panelapp.anytimeui.AnytimeUIAndroidPanelService)
01-05 19:00:59.294  3288 10576 I PresenceAPK(ServicePresenceClient): calling onServiceUp
01-05 19:00:59.299  3288 11536 W OVRLibrary: null cursor received for query content://com.oculus.ocms.library/apps/com.oculus.shellenv
01-05 19:00:59.301  1249 11178 I CompositorVR: WarpToScreen: Skipping frames for 13
01-05 19:00:59.308   855  1186 W TrackingService: attachClient: found client in attached list
01-05 19:00:59.309 11049 11079 D UE4     : [2023.01.05-19.00.59:309][858]LogCore: Display: AppLifetime: Application will deactivate
01-05 19:00:59.309  8646  8724 E OsSdk   : error getting shared memory region, memory type: HeadTracker, failed with Status(-1, EX_SECURITY): 'requested shared memory region when not registered/focused'
01-05 19:00:59.309 11049 11353 D OVRPlugin: Leaving VR mode.
01-05 19:00:59.309 11049 11353 I VrApi   : ---------- vrapi_LeaveVrMode [start] ----------
01-05 19:00:59.311  1607  8638 I [CT]    : MIXEDREALITY: MrServiceController: VrFocusManager::Top Activity Changed, topActivity now is: 'com.oculus.shellenv', immersiveApp now is: ''.
01-05 19:00:59.312  1249 11178 I CompositorVR: WarpToScreen: Skipping frames for 13
01-05 19:00:59.312  1607  8638 I [CT]    : MIXEDREALITY: MrServiceController: VrFocusManager::Top Activity Changed, topActivity now is: 'com.oculus.shellenv', immersiveApp now is: ''.
01-05 19:00:59.312 11049 11353 I XrRuntimeUtils: XrRuntimeUtils::EndSession
01-05 19:00:59.320 11049 11353 D VrApi   : targetSDKVersion 29
01-05 19:00:59.320  1607  3078 I [CT]    : MIXEDREALITY: MrServiceView: renderIteration: Nothing to render, hibernating the rendering thread since ID is off and no active PT layers.
01-05 19:00:59.320  1607  3078 I [CT]    : MIXEDREALITY: MrServiceModel: Hibernating caller (most likely rendering thread) due to commandQueue being empty.
01-05 19:00:59.323  1249 11178 I CompositorVR: WarpToScreen: Skipping frames for 13
01-05 19:00:59.324 11049 11353 I VrRuntimeClient: DEVICE MODEL NUMBER = Quest
01-05 19:00:59.324 11049 11353 I VrRuntimeClient: DEVICE BUILD NAME = user-49068160412800150
01-05 19:00:59.324 11049 11353 I VrRuntimeClient: DEVICE BUILD TYPE = user
01-05 19:00:59.324 11049 11353 I VrRuntimeClient: DEVICE OS VERSION = 10
01-05 19:00:59.324 11049 11353 I VrRuntimeClient: API LOADER VERSION = 1.44.0
01-05 19:00:59.324 11049 11353 I VrRuntimeClient: RUNTIME API VERSION = 1.64.0
01-05 19:00:59.324 11049 11353 I VrRuntimeClient: RUNTIME VERSION = 47.0.0.282.341 Nov 25 2022 14:16:37 RELEASE
01-05 19:00:59.324 11049 11353 I VrRuntimeClient: APP NAME = PrototypeV4
01-05 19:00:59.324 11049 11353 I VrRuntimeClient: APP VERSION = 1.0 versionCode 1 internalVersionName <none>
01-05 19:00:59.325 11049 11353 I VrRuntimeClient: APP VR TYPE = <none>
01-05 19:00:59.325 11049 11353 I VrRuntimeClient: APP MODE TYPE = VR
01-05 19:00:59.325 11049 11353 I VrRuntimeClient: APP PACKAGE NAME = com.YourCompany.PrototypeV4
01-05 19:00:59.325 11049 11353 I VrRuntimeClient: APP ACTIVITY CLASS = com.epicgames.ue4.GameActivity
01-05 19:00:59.328 11049 11353 D BatteryReceiver: Unregistering battery receiver
01-05 19:00:59.331 11049 11353 I Sensor  : OSSDKTRACKING Shutdown tracking
01-05 19:00:59.331 11049 11353 I LogTimer: CPUTIME: VrRuntimeClient_EndSession took 18.4111 ms
01-05 19:00:59.334  1249 11178 I CompositorVR: WarpToScreen: Skipping frames for 13
01-05 19:00:59.339  3288  3288 D [SUI] SystemUXFunnelLogServerLogger: Impression Event: oculus_impressions_tile_impressioned LogInfo{duration=0, mLogId='com.oculus.explore', mContentType=APP, mPosX=0, mPosy=0, mGlobalPos=0, mSurface=AUI, mSubSurface=null, mClickEventType=null, mClickEventName=null, mAdditionalParameters={aui_section=pinned, aui_position_in_section=0}}
01-05 19:00:59.339  3288  3288 D [SUI] SystemUXFunnelLogServerLogger: Impression Event: oculus_impressions_tile_impressioned LogInfo{duration=0, mLogId='com.oculus.store', mContentType=APP, mPosX=1, mPosy=0, mGlobalPos=1, mSurface=AUI, mSubSurface=null, mClickEventType=null, mClickEventName=null, mAdditionalParameters={aui_section=pinned, aui_position_in_section=1}}
01-05 19:00:59.339  3288  3288 D [SUI] SystemUXFunnelLogServerLogger: Impression Event: oculus_impressions_tile_impressioned LogInfo{duration=0, mLogId='messenger_system_app', mContentType=APP, mPosX=2, mPosy=0, mGlobalPos=2, mSurface=AUI, mSubSurface=null, mClickEventType=null, mClickEventName=null, mAdditionalParameters={aui_section=pinned, aui_position_in_section=2}}
01-05 19:00:59.339  3288  3288 D [SUI] SystemUXFunnelLogServerLogger: Impression Event: oculus_impressions_tile_impressioned LogInfo{duration=0, mLogId='share_system_app', mContentType=APP, mPosX=3, mPosy=0, mGlobalPos=3, mSurface=AUI, mSubSurface=null, mClickEventType=null, mClickEventName=null, mAdditionalParameters={aui_section=pinned, aui_position_in_section=3}}
01-05 19:00:59.339  3288  3288 D [SUI] SystemUXFunnelLogServerLogger: Impression Event: oculus_impressions_tile_impressioned LogInfo{duration=0, mLogId='settings_system_app', mContentType=APP, mPosX=5, mPosy=0, mGlobalPos=5, mSurface=AUI, mSubSurface=null, mClickEventType=null, mClickEventName=null, mAdditionalParameters={aui_section=recent, aui_position_in_section=0}}
01-05 19:00:59.343  3288 10576 I PresenceAPK(PresenceClient): onServiceUp
01-05 19:00:59.343  3288 10576 I PresenceAPK(GroupManager): onConnected
01-05 19:00:59.344  3288  8412 I PresenceAPK(GroupManager): initialEnumerationFinished
01-05 19:00:59.344  3288  8412 I PresenceAPK(GroupManager): no reconnect groups
01-05 19:00:59.345  1249 11178 I CompositorVR: WarpToScreen: Skipping frames for 13
01-05 19:00:59.349  3288  4283 I PresenceAPK(PresenceClient): onServiceUp
01-05 19:00:59.349  3288  4283 I PresenceAPK(GroupManager): onConnected
01-05 19:00:59.350  3288  8412 I PresenceAPK(GroupManager): initialEnumerationFinished
01-05 19:00:59.350  3288  8412 I PresenceAPK(GroupManager): no reconnect groups
01-05 19:00:59.353   855  1186 W TrackingService: attachClient: found client in attached list
01-05 19:00:59.354  8646  8724 E OsSdk   : error getting shared memory region, memory type: HeadTracker, failed with Status(-1, EX_SECURITY): 'requested shared memory region when not registered/focused'
01-05 19:00:59.356  1249 11178 I CompositorVR: WarpToScreen: Skipping frames for 13
01-05 19:00:59.357 11049 11342 I VrApi   : FPS=72/72,Prd=48ms,Tear=0,Early=72,Stale=0,VSnc=1,Lat=1,Fov=0,CPU4/GPU=4/4,2419/525MHz,OC=FF,TA=0/F/F,SP=N/N/N,Mem=2092MHz,Free=2052MB,PLS=0,Temp=27.0C/0.0C,TW=3.69ms,App=3.46ms,GD=0.12ms,CPU&GPU=7.09ms,LCnt=5(DR0,LM2),GPU%=0.62,CPU%=0.22(W0.30),DSF=1.00,CFL=19.70/21.61
01-05 19:00:59.357 11049 11353 I VrApi   : OVR::Stats thread stopped
01-05 19:00:59.357 11049 11353 I InputDeviceManager: ovrInputDeviceManager::~ovrInputDeviceManager
01-05 19:00:59.358 11049 11353 I InputDevice_TrackedRemote: OSSDKTRACKING shutting down Haptics
01-05 19:00:59.358 11049 11353 I chatty  : uid=10148(com.YourCompany.PrototypeV4) identical 2 lines
01-05 19:00:59.358 11049 11353 I InputDevice_TrackedRemote: OSSDKTRACKING shutting down Haptics
01-05 19:00:59.358 11049 11353 I OSHandDataQuerier: OSSDKTRACKING shutting down HandsTracker
01-05 19:00:59.358 11049 11353 I OSHandDataQuerier: OSSDKTRACKING shutting down HandsTracker
01-05 19:00:59.358 11049 11353 D OsSdk   : TrackingServiceConnection dtor
01-05 19:00:59.358   855  1186 I TrackingService: Unregistering client by ITrackingService.unregisterClient
01-05 19:00:59.358   855  1186 I TrackingService: Failed to unregister client because client not found in registered list
01-05 19:00:59.358   855  1186 I chatty  : uid=1000(system) Binder:855_3 identical 7 lines
01-05 19:00:59.358   855  1186 I TrackingService: Failed to unregister client because client not found in registered list
01-05 19:00:59.358   855  1186 D TrackingService: unregister: com.YourCompany.PrototypeV4
01-05 19:00:59.358 11049 11353 D OsSdk   : TrackingServiceConnection unregistered
01-05 19:00:59.360 11049 11338 I ClientInputThread_Internal: InputThreadRun ShutdownRequest received
01-05 19:00:59.361 11049 11353 I InputHooks_Internal: Disabling Native Input Hooks
01-05 19:00:59.362 11049 11353 I ClientInputTrackedKeyboardManager: TRACKEDKEYBOARD ClearTrackedObjectManager called on client
01-05 19:00:59.362  1249 11122 I VrRuntimeService: RuntimeServiceSDKServer::EnableRendering: 0x0, 0, com.YourCompany.PrototypeV4
01-05 19:00:59.362  1249 11122 I ClientMgr: ClientMgr::EnableRendering 11049:com.YourCompany.PrototypeV4 : type 0 comp-id 13: disable
01-05 19:00:59.362  1249 11122 I VrRuntimeServer: DisableCompositorClient: 13
01-05 19:00:59.362  1249 11122 I CompositorClientMgr: Disable client 13
01-05 19:00:59.362  1249 11122 I CompositorClientMgr: DisableClient: frame flush required: 1
01-05 19:00:59.365  1249  2458 I ClientMgr: Non-overlay clients rendering status has changed: prev=62, curr=63, enabled=1
01-05 19:00:59.367  1249 11178 I CompositorVR: WarpToScreen: Skipping frames for 13
01-05 19:00:59.372  1249  2458 I ClientMgr: Primary client determined to be the current enabled client -991588461
01-05 19:00:59.372  1249 11122 I UnifiedTelemetryWrapper: Stopped UT session render:com.YourCompany.PrototypeV4
01-05 19:00:59.373 11049 11344 I FenceChecker: FenceChecker::MainLoop - ended
01-05 19:00:59.375 11049 11353 I XrRuntimeUtils: XrRuntimeUtils::DestroySession
01-05 19:00:59.375 11049 11353 I VrApi   : ---------- vrapi_LeaveVrMode [end] ----------
01-05 19:00:59.375 11049 11353 D OVRPlugin: Reset m_session to nullptr
01-05 19:00:59.376 11049 11079 D UE4     : [GameActivity] Unregistering volume receiver
01-05 19:00:59.377 11049 11079 D UE4     : [GameActivity] Unregistering battery receiver
01-05 19:00:59.378 11049 11079 D UE4     : [GameActivity] Unregistering headset receiver
01-05 19:00:59.379 11049 11079 D UE4     : [2023.01.05-19.00.59:379][858]LogCore: Display: AppLifetime: Application will enter background
01-05 19:00:59.379 11049 11079 D UE4     : [2023.01.05-19.00.59:379][858]LogTemp: Android pause audio
01-05 19:00:59.379 11049 11079 D UE4     : [2023.01.05-19.00.59:379][858]LogAudioMixerAndroid: Display: Suspending android audio renderer
01-05 19:00:59.380 11049 11079 D         : PlayerBase::pause() from IPlayer
01-05 19:00:59.380 11049 11080 D UE4     : [2023.01.05-19.00.59:380][858]LogAndroid: Blocking renderer on invalid window.
01-05 19:00:59.380 11049 11080 D UE4     : [2023.01.05-19.00.59:380][858]LogAndroid: Waiting for renderer to encounter blocking command.
01-05 19:00:59.380 11049 11353 D UE4     : [2023.01.05-19.00.59:380][858]LogAndroid: Blocking renderer
01-05 19:00:59.380 11049 11353 D UE4     : [2023.01.05-19.00.59:380][858]LogAndroid: RendererBlock release window callback
01-05 19:00:59.380 11049 11353 D UE4     : [2023.01.05-19.00.59:380][858]LogVulkanRHI: Destroy swapchain ... 
01-05 19:00:59.381  1292  1292 V AvrcpMediaPlayerList: onPlaybackConfigChanged(): Configs list size=9
01-05 19:00:59.382 11049 11079 D UE4     : [2023.01.05-19.00.59:382][858]LogHMD: Error: FOculusHMDModule::GetPluginWrapper().WaitToBeginFrame 3858 failed (-1003)
01-05 19:00:59.383  1920 11563 D CCodec  : allocate(c2.android.vorbis.decoder)
01-05 19:00:59.383   843  1705 V C2Store : in init
01-05 19:00:59.383   843  1705 V C2Store : loading dll
01-05 19:00:59.386 11049 11080 D UE4     : LogAndroidEvents::EnqueueAppEvent : 13, [width=-1, height=-1], tid = 11080, APP_EVENT_STATE_APP_SUSPENDED
01-05 19:00:59.386 11049 11080 D UE4     : Case APP_CMD_TERM_WINDOW, tid = 11080
01-05 19:00:59.386 11049 11080 D UE4     : [2023.01.05-19.00.59:386][858]LogAndroid: Case APP_CMD_TERM_WINDOW
01-05 19:00:59.386 11049 11080 D UE4     : LogAndroidEvents::EnqueueAppEvent : 3, [width=-1, height=-1], tid = 11080, APP_EVENT_STATE_WINDOW_DESTROYED
01-05 19:00:59.387  1920 11563 I CCodec  : Created component [c2.android.vorbis.decoder]
01-05 19:00:59.387  1920 11563 D CCodecConfig: read media type: audio/vorbis
01-05 19:00:59.388  1920 11563 D ReflectedParamUpdater: extent() != 1 for single value type: algo.buffers.max-count.values
01-05 19:00:59.389  1920 11563 D ReflectedParamUpdater: extent() != 1 for single value type: output.subscribed-indices.values
01-05 19:00:59.389  1920 11563 D ReflectedParamUpdater: extent() != 1 for single value type: input.buffers.allocator-ids.values
01-05 19:00:59.389  1920 11563 D ReflectedParamUpdater: extent() != 1 for single value type: output.buffers.allocator-ids.values
01-05 19:00:59.389  1920 11563 D ReflectedParamUpdater: extent() != 1 for single value type: algo.buffers.allocator-ids.values
01-05 19:00:59.389  1920 11563 D ReflectedParamUpdater: extent() != 1 for single value type: output.buffers.pool-ids.values
01-05 19:00:59.389  1920 11563 D ReflectedParamUpdater: extent() != 1 for single value type: algo.buffers.pool-ids.values
01-05 19:00:59.390  1920 11563 I CCodecConfig: query failed after returning 7 values (BAD_INDEX)
01-05 19:00:59.390  1920 11563 D CCodecConfig: c2 config diff is Dict {
01-05 19:00:59.390  1920 11563 D CCodecConfig:   c2::u32 coded.bitrate.value = 64000
01-05 19:00:59.390  1920 11563 D CCodecConfig:   c2::u32 input.buffers.max-size.value = 32768
01-05 19:00:59.390  1920 11563 D CCodecConfig:   c2::u32 input.delay.value = 0
01-05 19:00:59.390  1920 11563 D CCodecConfig:   string input.media-type.value = "audio/vorbis"
01-05 19:00:59.390  1920 11563 D CCodecConfig:   string output.media-type.value = "audio/raw"
01-05 19:00:59.390  1920 11563 D CCodecConfig:   c2::u32 raw.channel-count.value = 1
01-05 19:00:59.390  1920 11563 D CCodecConfig:   c2::u32 raw.sample-rate.value = 48000
01-05 19:00:59.390  1920 11563 D CCodecConfig: }
01-05 19:00:59.390  1920 11563 D CCodecConfig: no c2 equivalents for durationUs
01-05 19:00:59.390  1920 11563 D CCodecConfig: no c2 equivalents for csd-1
01-05 19:00:59.390  1920 11563 D CCodecConfig: no c2 equivalents for track-id
01-05 19:00:59.390  1920 11563 D CCodecConfig: no c2 equivalents for channel-mask
01-05 19:00:59.391  1920 11563 D CCodecConfig: c2 config diff is   c2::u32 raw.channel-count.value = 2
01-05 19:00:59.391  1920 11563 D CCodecConfig:   c2::u32 raw.sample-rate.value = 44100
01-05 19:00:59.391  1920 11563 W Codec2Client: query -- param skipped: index = 1107298332.
01-05 19:00:59.391  1920 11563 D CCodec  : setup formats input: AMessage(what = 0x00000000) = {
01-05 19:00:59.391  1920 11563 D CCodec  :   int32_t channel-count = 2
01-05 19:00:59.391  1920 11563 D CCodec  :   int32_t max-input-size = 32768
01-05 19:00:59.391  1920 11563 D CCodec  :   string mime = "audio/vorbis"
01-05 19:00:59.391  1920 11563 D CCodec  :   int32_t sample-rate = 44100
01-05 19:00:59.391  1920 11563 D CCodec  : } and output: AMessage(what = 0x00000000) = {
01-05 19:00:59.391  1920 11563 D CCodec  :   int32_t channel-count = 2
01-05 19:00:59.391  1920 11563 D CCodec  :   string mime = "audio/raw"
01-05 19:00:59.391  1920 11563 D CCodec  :   int32_t sample-rate = 44100
01-05 19:00:59.391  1920 11563 D CCodec  :   int32_t channel-mask = 3
01-05 19:00:59.391  1920 11563 D CCodec  : }
01-05 19:00:59.394   855 11166 W [CT]    : TIMESTAMPCHECKER: Nominal rate wrong. Estimated data rate: 25, Nominal is 30.000300003000028
01-05 19:00:59.398 11049 11079 D UE4     : [2023.01.05-19.00.59:398][859]LogAndroidEvents: Display: LogAndroidEvents::DequeueAppEvent : 13, [width=-1, height=-1], APP_EVENT_STATE_APP_SUSPENDED
01-05 19:00:59.398 11049 11079 D UE4     : FAppEventManager::Tick processing, 13
01-05 19:00:59.398 11049 11079 D UE4     : Execution will be paused...
01-05 19:00:59.398 11049 11079 D UE4     : [2023.01.05-19.00.59:398][859]LogAndroidEvents: Display: LogAndroidEvents::DequeueAppEvent : 3, [width=-1, height=-1], APP_EVENT_STATE_WINDOW_DESTROYED
01-05 19:00:59.398   855  1186 W TrackingService: attachClient: found client in attached list
01-05 19:00:59.398 11049 11079 D UE4     : FAppEventManager::Tick processing, 3
01-05 19:00:59.398 11049 11079 D UE4     : APP_EVENT_STATE_WINDOW_DESTROYED, 0, 0, 0
01-05 19:00:59.398 11049 11079 D UE4     : FAppEventManager::Tick EventHandlerEvent Wait 
01-05 19:00:59.398 11049 11079 D UE4     : FAppEventManager::Tick EventHandlerEvent DONE Wait 
01-05 19:00:59.399  8646  8724 E OsSdk   : error getting shared memory region, memory type: HeadTracker, failed with Status(-1, EX_SECURITY): 'requested shared memory region when not registered/focused'
01-05 19:00:59.399   855   855 W TrackingService: attachClient: found client in attached list
01-05 19:00:59.400  8646  8724 E OsSdk   : error getting shared memory region, memory type: AnchorTracker, failed with Status(-1, EX_SECURITY): 'requested shared memory region when not registered/focused'
01-05 19:00:59.403  1920 11563 W Codec2Client: query -- param skipped: index = 1342179345.
01-05 19:00:59.403  1920 11563 W Codec2Client: query -- param skipped: index = 2415921170.
01-05 19:00:59.403  1920 11563 D CCodecBufferChannel: [c2.android.vorbis.decoder#278] Created input block pool with allocatorID 16 => poolID 39 - OK (0)
01-05 19:00:59.404  1920 11563 I CCodecBufferChannel: [c2.android.vorbis.decoder#278] Created output block pool with allocatorID 16 => poolID 95 - OK
01-05 19:00:59.404  1920 11563 D CCodecBufferChannel: [c2.android.vorbis.decoder#278] Configured output block pool ids 95 => OK
01-05 19:00:59.410   843 11564 D SimpleC2Component: Using output block pool with poolID 95 => got 95 - 0
01-05 19:00:59.414  1920 11563 D CCodecBufferChannel: [c2.android.vorbis.decoder#278] Discard frames from previous generation.
01-05 19:00:59.415 11049 11049 V UE4     : [GameApp] App in background
01-05 19:00:59.415 11049 11049 D UE4     : [GameActivity] ==============> GameActive.onStop complete!
01-05 19:00:59.416 11049 11080 D UE4     : [2023.01.05-19.00.59:415][859]LogAndroid: Case APP_CMD_STOP
01-05 19:00:59.416 11049 11080 D UE4     : LogAndroidEvents::EnqueueAppEvent : 8, [width=-1, height=-1], tid = 11080, APP_EVENT_STATE_ON_STOP
01-05 19:00:59.417 11049 11049 D UE4     : [GameActivity] onDestroy: destroy memoryHandlerThread
01-05 19:00:59.419 11049 11080 D UE4     : [2023.01.05-19.00.59:418][859]LogAndroid: Case APP_CMD_INPUT_CHANGED
01-05 19:00:59.419 11049 11080 D UE4     : [2023.01.05-19.00.59:419][859]LogAndroid: Case APP_CMD_DESTROY
01-05 19:00:59.419 11049 11080 D UE4     : LogAndroidEvents::EnqueueAppEvent : 15, [width=-1, height=-1], tid = 11080, APP_EVENT_RUN_CALLBACK
01-05 19:00:59.419 11049 11080 D UE4     : LogAndroidEvents::EnqueueAppEvent : 5, [width=-1, height=-1], tid = 11080, APP_EVENT_STATE_ON_DESTROY
01-05 19:00:59.421 11049 11080 I any.PrototypeV: System.exit called, status: 0
01-05 19:00:59.421 11049 11080 I AndroidRuntime: VM exiting with result code 0, cleanup skipped.
01-05 19:00:59.422  1920 11563 D CCodecBufferChannel: [c2.android.vorbis.decoder#278] Discard frames from previous generation.
01-05 19:00:59.424   843  1705 D BufferPoolAccessor: Destruction - bufferpool2 0x303fda0a30 cached: 0/0M, 0/0% in use; allocs: 0, 0% recycled; transfers: 0, 0% unfetced
01-05 19:00:59.425   843  1705 V C2Store : in ~ComponentModule
01-05 19:00:59.425   843  1705 V C2Store : unloading dll
01-05 19:00:59.442   855   855 W TrackingService: attachClient: found client in attached list
01-05 19:00:59.443  8646  8724 E OsSdk   : error getting shared memory region, memory type: HeadTracker, failed with Status(-1, EX_SECURITY): 'requested shared memory region when not registered/focused'
01-05 19:00:59.456  1920 11567 D CCodec  : allocate(c2.android.vorbis.decoder)
01-05 19:00:59.456   843  1705 V C2Store : in init
01-05 19:00:59.456   843  1705 V C2Store : loading dll
01-05 19:00:59.459  1920 11567 I CCodec  : Created component [c2.android.vorbis.decoder]
01-05 19:00:59.459  1920 11567 D CCodecConfig: read media type: audio/vorbis
01-05 19:00:59.461  1920 11567 D ReflectedParamUpdater: extent() != 1 for single value type: algo.buffers.max-count.values
01-05 19:00:59.461  1920 11567 D ReflectedParamUpdater: extent() != 1 for single value type: output.subscribed-indices.values
01-05 19:00:59.461  1920 11567 D ReflectedParamUpdater: extent() != 1 for single value type: input.buffers.allocator-ids.values
01-05 19:00:59.461  1920 11567 D ReflectedParamUpdater: extent() != 1 for single value type: output.buffers.allocator-ids.values
01-05 19:00:59.461  1920 11567 D ReflectedParamUpdater: extent() != 1 for single value type: algo.buffers.allocator-ids.values
01-05 19:00:59.461  1920 11567 D ReflectedParamUpdater: extent() != 1 for single value type: output.buffers.pool-ids.values
01-05 19:00:59.462  1920 11567 D ReflectedParamUpdater: extent() != 1 for single value type: algo.buffers.pool-ids.values
01-05 19:00:59.464  1920 11567 I CCodecConfig: query failed after returning 7 values (BAD_INDEX)
01-05 19:00:59.464  1920 11567 D CCodecConfig: c2 config diff is Dict {
01-05 19:00:59.464  1920 11567 D CCodecConfig:   c2::u32 coded.bitrate.value = 64000
01-05 19:00:59.464  1920 11567 D CCodecConfig:   c2::u32 input.buffers.max-size.value = 32768
01-05 19:00:59.464  1920 11567 D CCodecConfig:   c2::u32 input.delay.value = 0
01-05 19:00:59.464  1920 11567 D CCodecConfig:   string input.media-type.value = "audio/vorbis"
01-05 19:00:59.464  1920 11567 D CCodecConfig:   string output.media-type.value = "audio/raw"
01-05 19:00:59.464  1920 11567 D CCodecConfig:   c2::u32 raw.channel-count.value = 1
01-05 19:00:59.464  1920 11567 D CCodecConfig:   c2::u32 raw.sample-rate.value = 48000
01-05 19:00:59.464  1920 11567 D CCodecConfig: }
01-05 19:00:59.465   730   967 D msm8974_platform: platform_split_snd_device: snd_device(2) num devices(1) new_snd_devices(0)
01-05 19:00:59.465  1920 11567 D CCodecConfig: no c2 equivalents for durationUs
01-05 19:00:59.465  1920 11567 D CCodecConfig: no c2 equivalents for csd-1
01-05 19:00:59.465  1920 11567 D CCodecConfig: no c2 equivalents for track-id
01-05 19:00:59.465  1920 11567 D CCodecConfig: no c2 equivalents for channel-mask
01-05 19:00:59.465  1920 11567 D CCodecConfig: c2 config diff is   c2::u32 raw.channel-count.value = 2
01-05 19:00:59.465  1920 11567 D CCodecConfig:   c2::u32 raw.sample-rate.value = 44100
01-05 19:00:59.466  1920 11567 W Codec2Client: query -- param skipped: index = 1107298332.
01-05 19:00:59.466  1920 11567 D CCodec  : setup formats input: AMessage(what = 0x00000000) = {
01-05 19:00:59.466  1920 11567 D CCodec  :   int32_t channel-count = 2
01-05 19:00:59.466  1920 11567 D CCodec  :   int32_t max-input-size = 32768
01-05 19:00:59.466  1920 11567 D CCodec  :   string mime = "audio/vorbis"
01-05 19:00:59.466  1920 11567 D CCodec  :   int32_t sample-rate = 44100
01-05 19:00:59.466  1920 11567 D CCodec  : } and output: AMessage(what = 0x00000000) = {
01-05 19:00:59.466  1920 11567 D CCodec  :   int32_t channel-count = 2
01-05 19:00:59.466  1920 11567 D CCodec  :   string mime = "audio/raw"
01-05 19:00:59.466  1920 11567 D CCodec  :   int32_t sample-rate = 44100
01-05 19:00:59.466  1920 11567 D CCodec  :   int32_t channel-mask = 3
01-05 19:00:59.466  1920 11567 D CCodec  : }
01-05 19:00:59.469   843   843 V C2Store : in ~ComponentModule
01-05 19:00:59.469   843   843 V C2Store : unloading dll
01-05 19:00:59.488   855  1186 W TrackingService: attachClient: found client in attached list
01-05 19:00:59.488  8646  8724 E OsSdk   : error getting shared memory region, memory type: HeadTracker, failed with Status(-1, EX_SECURITY): 'requested shared memory region when not registered/focused'
01-05 19:00:59.502  3288  3288 W [SUI] AsyncQueryHandlerBase: Callback reference is null
01-05 19:00:59.506  1920 11570 D CCodec  : allocate(c2.android.vorbis.decoder)
01-05 19:00:59.506   843   843 V C2Store : in init
01-05 19:00:59.506   843   843 V C2Store : loading dll
01-05 19:00:59.510  1920 11570 I CCodec  : Created component [c2.android.vorbis.decoder]
01-05 19:00:59.510  1920 11570 D CCodecConfig: read media type: audio/vorbis
01-05 19:00:59.511  1920 11570 D ReflectedParamUpdater: extent() != 1 for single value type: algo.buffers.max-count.values
01-05 19:00:59.512  1920 11570 D ReflectedParamUpdater: extent() != 1 for single value type: output.subscribed-indices.values
01-05 19:00:59.512  1920 11570 D ReflectedParamUpdater: extent() != 1 for single value type: input.buffers.allocator-ids.values
01-05 19:00:59.512  1920 11570 D ReflectedParamUpdater: extent() != 1 for single value type: output.buffers.allocator-ids.values
01-05 19:00:59.512  1920 11570 D ReflectedParamUpdater: extent() != 1 for single value type: algo.buffers.allocator-ids.values
01-05 19:00:59.512  1920 11570 D ReflectedParamUpdater: extent() != 1 for single value type: output.buffers.pool-ids.values
01-05 19:00:59.512  1920 11570 D ReflectedParamUpdater: extent() != 1 for single value type: algo.buffers.pool-ids.values
01-05 19:00:59.513  1920 11570 I CCodecConfig: query failed after returning 7 values (BAD_INDEX)
01-05 19:00:59.513  1920 11570 D CCodecConfig: c2 config diff is Dict {
01-05 19:00:59.513  1920 11570 D CCodecConfig:   c2::u32 coded.bitrate.value = 64000
01-05 19:00:59.513  1920 11570 D CCodecConfig:   c2::u32 input.buffers.max-size.value = 32768
01-05 19:00:59.513  1920 11570 D CCodecConfig:   c2::u32 input.delay.value = 0
01-05 19:00:59.513  1920 11570 D CCodecConfig:   string input.media-type.value = "audio/vorbis"
01-05 19:00:59.513  1920 11570 D CCodecConfig:   string output.media-type.value = "audio/raw"
01-05 19:00:59.513  1920 11570 D CCodecConfig:   c2::u32 raw.channel-count.value = 1
01-05 19:00:59.513  1920 11570 D CCodecConfig:   c2::u32 raw.sample-rate.value = 48000
01-05 19:00:59.513  1920 11570 D CCodecConfig: }
01-05 19:00:59.514  1920 11570 D CCodecConfig: no c2 equivalents for durationUs
01-05 19:00:59.514  1920 11570 D CCodecConfig: no c2 equivalents for csd-1
01-05 19:00:59.514  1920 11570 D CCodecConfig: no c2 equivalents for track-id
01-05 19:00:59.514  1920 11570 D CCodecConfig: no c2 equivalents for channel-mask
01-05 19:00:59.515  1920 11570 D CCodecConfig: c2 config diff is   c2::u32 raw.channel-count.value = 2
01-05 19:00:59.515  1920 11570 D CCodecConfig:   c2::u32 raw.sample-rate.value = 44100
01-05 19:00:59.515  1920 11570 W Codec2Client: query -- param skipped: index = 1107298332.
01-05 19:00:59.515  1920 11570 D CCodec  : setup formats input: AMessage(what = 0x00000000) = {
01-05 19:00:59.515  1920 11570 D CCodec  :   int32_t channel-count = 2
01-05 19:00:59.515  1920 11570 D CCodec  :   int32_t max-input-size = 32768
01-05 19:00:59.515  1920 11570 D CCodec  :   string mime = "audio/vorbis"
01-05 19:00:59.515  1920 11570 D CCodec  :   int32_t sample-rate = 44100
01-05 19:00:59.515  1920 11570 D CCodec  : } and output: AMessage(what = 0x00000000) = {
01-05 19:00:59.515  1920 11570 D CCodec  :   int32_t channel-count = 2
01-05 19:00:59.515  1920 11570 D CCodec  :   string mime = "audio/raw"
01-05 19:00:59.515  1920 11570 D CCodec  :   int32_t sample-rate = 44100
01-05 19:00:59.515  1920 11570 D CCodec  :   int32_t channel-mask = 3
01-05 19:00:59.515  1920 11570 D CCodec  : }
01-05 19:00:59.523  1920 11570 W Codec2Client: query -- param skipped: index = 1342179345.
01-05 19:00:59.523  1920 11570 W Codec2Client: query -- param skipped: index = 2415921170.
01-05 19:00:59.523  1920 11570 D CCodecBufferChannel: [c2.android.vorbis.decoder#618] Created input block pool with allocatorID 16 => poolID 40 - OK (0)
01-05 19:00:59.524  1920 11570 I CCodecBufferChannel: [c2.android.vorbis.decoder#618] Created output block pool with allocatorID 16 => poolID 96 - OK
01-05 19:00:59.524  1920 11570 D CCodecBufferChannel: [c2.android.vorbis.decoder#618] Configured output block pool ids 96 => OK
01-05 19:00:59.527   843 11571 D SimpleC2Component: Using output block pool with poolID 96 => got 96 - 0
01-05 19:00:59.532  8646  8724 E OsSdk   : error getting shared memory region, memory type: HeadTracker, failed with Status(-1, EX_SECURITY): 'requested shared memory region when not registered/focused'
01-05 19:00:59.539  3288  3288 D [SUI] SystemUXFunnelLogServerLogger: VPV Event: oculus_impressions_tile_vpved LogInfo{duration=250, mLogId='com.oculus.explore', mContentType=APP, mPosX=0, mPosy=0, mGlobalPos=0, mSurface=AUI, mSubSurface=null, mClickEventType=null, mClickEventName=null, mAdditionalParameters={aui_section=pinned, aui_position_in_section=0}}
01-05 19:00:59.539  3288  3288 D [SUI] SystemUXFunnelLogServerLogger: VPV Event: oculus_impressions_tile_vpved LogInfo{duration=250, mLogId='com.oculus.store', mContentType=APP, mPosX=1, mPosy=0, mGlobalPos=1, mSurface=AUI, mSubSurface=null, mClickEventType=null, mClickEventName=null, mAdditionalParameters={aui_section=pinned, aui_position_in_section=1}}
01-05 19:00:59.539  3288  3288 D [SUI] SystemUXFunnelLogServerLogger: VPV Event: oculus_impressions_tile_vpved LogInfo{duration=250, mLogId='messenger_system_app', mContentType=APP, mPosX=2, mPosy=0, mGlobalPos=2, mSurface=AUI, mSubSurface=null, mClickEventType=null, mClickEventName=null, mAdditionalParameters={aui_section=pinned, aui_position_in_section=2}}
01-05 19:00:59.539  3288  3288 D [SUI] SystemUXFunnelLogServerLogger: VPV Event: oculus_impressions_tile_vpved LogInfo{duration=250, mLogId='share_system_app', mContentType=APP, mPosX=3, mPosy=0, mGlobalPos=3, mSurface=AUI, mSubSurface=null, mClickEventType=null, mClickEventName=null, mAdditionalParameters={aui_section=pinned, aui_position_in_section=3}}
01-05 19:00:59.539  3288  3288 D [SUI] SystemUXFunnelLogServerLogger: VPV Event: oculus_impressions_tile_vpved LogInfo{duration=250, mLogId='settings_system_app', mContentType=APP, mPosX=5, mPosy=0, mGlobalPos=5, mSurface=AUI, mSubSurface=null, mClickEventType=null, mClickEventName=null, mAdditionalParameters={aui_section=recent, aui_position_in_section=0}}
01-05 19:00:59.559  8646  8724 E OsSdk   : error getting shared memory region, memory type: HeadTracker, failed with Status(-1, EX_SECURITY): 'requested shared memory region when not registered/focused'
01-05 19:00:59.581  1249 11132 W RPCClientHandler: RPCClientHandler::MainLoop: Error reading pipe: Client: com.YourCompany.PrototypeV4:com.YourCompany.PrototypeV4:11049, Server: com.oculus.systemdriver:com.oculus.vrruntimeservice (HapticsServer)
01-05 19:00:59.581  2675 11128 W RPCClientHandler: RPCClientHandler::MainLoop: Error reading pipe: Client: com.YourCompany.PrototypeV4:com.YourCompany.PrototypeV4:11049, Server: com.oculus.guardian:com.oculus.vrguardianservice (guardianserver)
01-05 19:00:59.581  2675 11128 I REFLECT : GuardianSDKServer Client Disconnected -1028061638, com.YourCompany.PrototypeV4, com.YourCompany.PrototypeV4
01-05 19:00:59.582  2140 11127 W RPCClientHandler: RPCClientHandler::MainLoop: Error reading pipe: Client: com.YourCompany.PrototypeV4:com.YourCompany.PrototypeV4:11049, Server: com.oculus.vrshell:com.oculus.vrshell:Overlay (ptkserviceserver)
01-05 19:00:59.582  1249 11122 W RPCClientHandler: RPCClientHandler::MainLoop: Error reading pipe: Client: com.YourCompany.PrototypeV4:com.YourCompany.PrototypeV4:11049, Server: com.oculus.systemdriver:com.oculus.vrruntimeservice (RuntimeServiceServer)
01-05 19:00:59.582  1249 11122 I VrRuntimeService: RuntimeIPC: IPC_SYSTEM_EVENT_CLIENT_DISCONNECTED_EXT: com.YourCompany.PrototypeV4
01-05 19:00:59.582  1249 11122 I ClientMgr: ClientMgr::DestroyClient: 11049:com.YourCompany.PrototypeV4
01-05 19:00:59.582  1249 11122 I ClientMgr: ClientMgr::DestroyClient Destroying 2 swapchain(s) for 11049:com.YourCompany.PrototypeV4.
01-05 19:00:59.582  1249 11122 I ClientMgr: ClientMgr::DestroyClient: non-deferred ShutdownResources: 4059 == 4059 
01-05 19:00:59.582  1249 11121 W RPCClientHandler: RPCClientHandler::MainLoop: Error reading pipe: Client: com.YourCompany.PrototypeV4:com.YourCompany.PrototypeV4:11049, Server: com.oculus.systemdriver:com.oculus.vrruntimeservice (gkcache)
01-05 19:00:59.583  1249 11122 I VrRuntimeServer: UnRegisterCompositorClient client(13)
01-05 19:00:59.583  1249 11122 I ClientMgr: RemoveClient: com.YourCompany.PrototypeV4:com.YourCompany.PrototypeV4:11049
01-05 19:00:59.583  1249 11122 I UnifiedTelemetryWrapper: Stopped UT session render_process_unknown
01-05 19:00:59.583  1249 11122 I UnifiedTelemetryWrapper: Stopped UT session lifetime:com.YourCompany.PrototypeV4
01-05 19:00:59.586  2675  2854 I GuardianSystem: runtimeServiceSDKClient_.ActiveClientDestroyedEventData: package=[com.YourCompany.PrototypeV4], process=[com.YourCompany.PrototypeV4]
01-05 19:00:59.586  2675  2854 I GuardianSystem: OnDestroyActiveClient: com.YourCompany.PrototypeV4
01-05 19:00:59.602  8646  8724 E OsSdk   : error getting shared memory region, memory type: HeadTracker, failed with Status(-1, EX_SECURITY): 'requested shared memory region when not registered/focused'
01-05 19:00:59.615  1046  1141 W InputDispatcher: channel '4cfc198 com.YourCompany.PrototypeV4/com.epicgames.ue4.GameActivity (server)' ~ Consumer closed input channel or an error occurred.  events=0x9
01-05 19:00:59.615  1046  1141 E InputDispatcher: channel '4cfc198 com.YourCompany.PrototypeV4/com.epicgames.ue4.GameActivity (server)' ~ Channel is unrecoverably broken and will be disposed!
01-05 19:00:59.616   852  8632 W IPCDataChannelAndroidBinder: binder_test2: RuntimeIPC: ConnectionDiedInfo: onBinderDied: 0, com.YourCompany.PrototypeV4:com.YourCompany.PrototypeV4:11049
01-05 19:00:59.616  2140  2171 W IPCDataChannelAndroidBinder: binder_test2: RuntimeIPC: ConnectionDiedInfo: onBinderDied: 1, com.YourCompany.PrototypeV4:com.YourCompany.PrototypeV4:11049
01-05 19:00:59.616   852  8632 I RuntimeIPCService: DestroyBrokerConnection: com.YourCompany.PrototypeV4:com.YourCompany.PrototypeV4:11049
01-05 19:00:59.616   852  8632 E IPCThreadState: attemptIncStrongHandle(65): Not supported
01-05 19:00:59.616  2140  2171 W IPCDataChannelServer: datachannel_test: Disconnected: 3266905658, com.YourCompany.PrototypeV4:com.YourCompany.PrototypeV4:11049
01-05 19:00:59.616  1249  1268 W IPCDataChannelAndroidBinder: binder_test2: RuntimeIPC: ConnectionDiedInfo: onBinderDied: 1, com.YourCompany.PrototypeV4:com.YourCompany.PrototypeV4:11049
01-05 19:00:59.616  2140  2171 E IPCThreadState: attemptIncStrongHandle(48): Not supported
01-05 19:00:59.616  1249  1268 W IPCDataChannelServer: datachannel_test: Disconnected: 3266905658, com.YourCompany.PrototypeV4:com.YourCompany.PrototypeV4:11049
01-05 19:00:59.616  1249  1268 E IPCThreadState: attemptIncStrongHandle(66): Not supported
01-05 19:00:59.616  2675  3710 W IPCDataChannelAndroidBinder: binder_test2: RuntimeIPC: ConnectionDiedInfo: onBinderDied: 1, com.YourCompany.PrototypeV4:com.YourCompany.PrototypeV4:11049
01-05 19:00:59.616  2675  3710 W IPCDataChannelServer: datachannel_test: Disconnected: 3266905658, com.YourCompany.PrototypeV4:com.YourCompany.PrototypeV4:11049
01-05 19:00:59.616  2675  3710 E IPCThreadState: attemptIncStrongHandle(66): Not supported
01-05 19:00:59.618  1046  1065 D ConnectivityService: ConnectivityService NetworkRequestInfo binderDied(NetworkRequest [ LISTEN id=30, [ Transports: CELLULAR|WIFI|BLUETOOTH|ETHERNET|VPN Capabilities: INTERNET&NOT_RESTRICTED&TRUSTED&NOT_VPN&VALIDATED&FOREGROUND Uid: 10148] ], android.os.BinderProxy@4b4657d)
01-05 19:00:59.618  1046  1170 I ActivityManager: Process com.YourCompany.PrototypeV4 (pid 11049) has died: cch CRE 
01-05 19:00:59.618  1292  1292 V AvrcpMediaPlayerList: onPlaybackConfigChanged(): Configs list size=8
01-05 19:00:59.618  1292  1292 V AvrcpMediaPlayerList: onPlaybackConfigChanged(): Configs list size=7
01-05 19:00:59.619  1046  7221 I WindowManager: WIN DEATH: Window{4cfc198 u0 com.YourCompany.PrototypeV4/com.epicgames.ue4.GameActivity}
01-05 19:00:59.619  1046  7221 W InputDispatcher: Attempted to unregister already unregistered input channel '4cfc198 com.YourCompany.PrototypeV4/com.epicgames.ue4.GameActivity (server)'
01-05 19:00:59.622  2003  2003 I Zygote  : Process 11049 exited cleanly (0)
01-05 19:00:59.627  1046  1072 W ActivityManager: setHasOverlayUi called on unknown pid: 11049
01-05 19:00:59.645  8646  8724 E OsSdk   : error getting shared memory region, memory type: HeadTracker, failed with Status(-1, EX_SECURITY): 'requested shared memory region when not registered/focused'
01-05 19:00:59.647  8646  8724 E OsSdk   : error getting shared memory region, memory type: AnchorTracker, failed with Status(-1, EX_SECURITY): 'requested shared memory region when not registered/focused'
01-05 19:00:59.660  1046  1080 I libprocessgroup: Successfully killed process cgroup uid 10148 pid 11049 in 42ms
01-05 19:00:59.693  8646  8724 E OsSdk   : error getting shared memory region, memory type: HeadTracker, failed with Status(-1, EX_SECURITY): 'requested shared memory region when not registered/focused'
01-05 19:00:59.799  8646  8724 I chatty  : uid=10033(com.oculus.xrstreamingclient) SlamAnchorMem identical 3 lines
01-05 19:00:59.842   855  1186 I chatty  : uid=1000(system) Binder:855_3 identical 10 lines
01-05 19:00:59.843  8646  8724 E OsSdk   : error getting shared memory region, memory type: HeadTracker, failed with Status(-1, EX_SECURITY): 'requested shared memory region when not registered/focused'
01-05 19:00:59.886   855 11166 W [CT]    : VEGA:MAP_TRACKING_HM: [Throttled count=4] Bad map tracking: map tracking failed @ Submap id = 2, version = 1207971417 with status: 2
01-05 19:00:59.887   855  1186 W TrackingService: attachClient: found client in attached list
01-05 19:00:59.888  8646  8724 E OsSdk   : error getting shared memory region, memory type: HeadTracker, failed with Status(-1, EX_SECURITY): 'requested shared memory region when not registered/focused'
01-05 19:00:59.888   855   855 W TrackingService: attachClient: found client in attached list
01-05 19:00:59.889  8646  8724 E OsSdk   : error getting shared memory region, memory type: AnchorTracker, failed with Status(-1, EX_SECURITY): 'requested shared memory region when not registered/focused'
01-05 19:00:59.934  8646  8724 E OsSdk   : error getting shared memory region, memory type: HeadTracker, failed with Status(-1, EX_SECURITY): 'requested shared memory region when not registered/focused'
01-05 19:00:59.976   855   855 I chatty  : uid=1000(system) /system/bin/trackingservice identical 2 lines
01-05 19:00:59.976  8646  8724 E OsSdk   : error getting shared memory region, memory type: HeadTracker, failed with Status(-1, EX_SECURITY): 'requested shared memory region when not registered/focused'
01-05 19:01:00.002  2666 11517 I Telemetry: App memory usage: PSS=65 MiB, PrivateDirty=40 MiB, PrivateClean=1 MiB, GPU=8.0/8.2 MiB (98% allocated)
01-05 19:01:00.004  1920 11509 I Telemetry: App memory usage: PSS=360 MiB, PrivateDirty=310 MiB, PrivateClean=36 MiB, GPU=102.3/102.8 MiB (100% allocated)
01-05 19:01:00.012  1920 11509 I VrApi   : FPS=85/90,Prd=23ms,Tear=0,Early=0,Stale=9,VSnc=0,Lat=-1,Fov=0,CPU4/GPU=4/4,2419/525MHz,OC=FF,TA=0/70/0,SP=N/F/N,Mem=2092MHz,Free=2459MB,PLS=0,Temp=27.0C/0.0C,TW=1.42ms,App=2.93ms,GD=0.12ms,CPU&GPU=6.23ms,LCnt=2(DR61,LM2),GPU%=0.56,CPU%=0.37(W0.50),DSF=1.00,CFL=14.57/27.84
01-05 19:01:00.020   855   855 W TrackingService: attachClient: found client in attached list
01-05 19:01:00.021  8646  8724 E OsSdk   : error getting shared memory region, memory type: HeadTracker, failed with Status(-1, EX_SECURITY): 'requested shared memory region when not registered/focused'
