01-09 19:04:21.005  1961  1978 W ProfileContentProvider: [doQuery] sWhitelistedAppPackageNameToId has com.oculus.systemux: true
01-09 19:04:21.006  1961  1978 W ProfileContentProvider: [doQuery] userId lookup succeeded: true
01-09 19:04:21.007  1770 10730 I CompositorVR: WarpToScreen: Skipping frames for 12
01-09 19:04:21.012  1961 11255 I AuthLogger: Action succeeded: com.oculus.auth.ACTION_STATUS, callingPackage: com.oculus.systemux, accountType: null, tokenType: null, extras: {is_relogin=false}, duration: 0ms
01-09 19:04:21.018  1770 10730 I CompositorVR: WarpToScreen: Skipping frames for 12
01-09 19:04:21.028  1961  1978 W ProfileContentProvider: [doQuery] normal return
01-09 19:04:21.029  1770 10730 I CompositorVR: WarpToScreen: Skipping frames for 12
01-09 19:04:21.037  3221  3221 I chatty  : uid=10026 com.oculus.systemux:SystemUX expire 27 lines
01-09 19:04:21.037  3221  3221 D [SUI] LibraryAppsOrchestrator: App: com.oculus.keyboard.prod.k010b_lenovothinkpadx1yoga_uk status: ENTITLED downloadedSizeBytes: 0 downloadSizeBytes: 0
01-09 19:04:21.037  3221  3221 D [SUI] LibraryAppsOrchestrator: App: com.oculus.keyboard.prod.k021a_dell_xps_13_platinum_black status: ENTITLED downloadedSizeBytes: 0 downloadSizeBytes: 0
01-09 19:04:21.037  3221  3221 D [SUI] LibraryAppsOrchestrator: App: com.oculus.keyboard.prod.k018a_microsoft_surface_pro_x_poppy_red status: ENTITLED downloadedSizeBytes: 0 downloadSizeBytes: 0
01-09 19:04:21.037  3221  3221 D [SUI] LibraryAppsOrchestrator: App: com.oculus.keyboard.prod.k022a_dell_inspiron_15_platinum_silver status: ENTITLED downloadedSizeBytes: 0 downloadSizeBytes: 0
01-09 19:04:21.037  3221  3221 D [SUI] LibraryAppsOrchestrator: App: com.oculus.keyboard.prod.k019a_microsoft_surface_laptop_4_13_platinum_us status: ENTITLED downloadedSizeBytes: 0 downloadSizeBytes: 0
01-09 19:04:21.038  3221  3221 D [SUI] LibraryAppsOrchestrator: App: com.oculus.keyboard.prod.logitechmx_mini_mac_pg status: ENTITLED downloadedSizeBytes: 0 downloadSizeBytes: 0
01-09 19:04:21.038  3221  3221 D [SUI] LibraryAppsOrchestrator: App: com.oculus.gamingactivity status: INSTALLED downloadedSizeBytes: 0 downloadSizeBytes: 0
01-09 19:04:21.038  3221  3221 D [SUI] LibraryAppsOrchestrator: App: com.oculus.keyboard.prod.k012e_applemacbook15_us status: ENTITLED downloadedSizeBytes: 0 downloadSizeBytes: 0
01-09 19:04:21.038  3221  3221 D [SUI] LibraryAppsOrchestrator: App: com.oculus.keyboard.prod.logitechmx_mini_pg status: ENTITLED downloadedSizeBytes: 0 downloadSizeBytes: 0
01-09 19:04:21.038  3221  3221 D [SUI] LibraryAppsOrchestrator: App: com.oculus.environment.prod.winterlodge status: ENTITLED downloadedSizeBytes: 0 downloadSizeBytes: 0
01-09 19:04:21.038  3221  3221 D [SUI] LibraryAppsOrchestrator: App: com.oculus.environment.prod.adobe status: INSTALLED downloadedSizeBytes: 0 downloadSizeBytes: 0
01-09 19:04:21.038  3221  3221 D [SUI] LibraryAppsOrchestrator: App: com.oculus.keyboard.prod.lenovothinkpadx1yoga status: ENTITLED downloadedSizeBytes: 0 downloadSizeBytes: 0
01-09 19:04:21.038  3221  3221 D [SUI] LibraryAppsOrchestrator: App: com.beatgames.beatsaber status: INSTALLED downloadedSizeBytes: 0 downloadSizeBytes: 0
01-09 19:04:21.038  3221  3221 D [SUI] LibraryAppsOrchestrator: App: com.oculus.browser status: INSTALLED downloadedSizeBytes: 0 downloadSizeBytes: 0
01-09 19:04:21.038  3221  3221 D [SUI] LibraryAppsOrchestrator: App: com.oculus.keyboard.prod.k012f_applemacbook15_uk status: ENTITLED downloadedSizeBytes: 0 downloadSizeBytes: 0
01-09 19:04:21.038  3221  3221 D [SUI] LibraryAppsOrchestrator: App: com.meta.keyboard.prod.k025d_apple_magic_with_touchid_uk status: ENTITLED downloadedSizeBytes: 0 downloadSizeBytes: 0
01-09 19:04:21.038  3221  3221 D [SUI] LibraryAppsOrchestrator: App: com.meta.environment.prod.polarvillage status: ENTITLED downloadedSizeBytes: 0 downloadSizeBytes: 0
01-09 19:04:21.038  3221  3221 D [SUI] LibraryAppsOrchestrator: App: com.oculus.keyboard.prod.k012b_applemacbook13_uk status: ENTITLED downloadedSizeBytes: 0 downloadSizeBytes: 0
01-09 19:04:21.038  3221  3221 D [SUI] LibraryAppsOrchestrator: App: com.oculus.keyboard.prod.logitechk800_us status: ENTITLED downloadedSizeBytes: 0 downloadSizeBytes: 0
01-09 19:04:21.038  3221  3221 D [SUI] LibraryAppsOrchestrator: App: com.oculus.keyboard.prod.k012g_applemacbook16_us status: ENTITLED downloadedSizeBytes: 0 downloadSizeBytes: 0
01-09 19:04:21.038  3221  3221 D [SUI] LibraryAppsOrchestrator: App: com.oculus.keyboard.prod.k019c_microsoft_surface_laptop_4_13_sandstone_us status: ENTITLED downloadedSizeBytes: 0 downloadSizeBytes: 0
01-09 19:04:21.038  3221  3221 D [SUI] LibraryAppsOrchestrator: App: com.oculus.keyboard.prod.k025a_apple_magic_with_numpad_touch_id_us status: ENTITLED downloadedSizeBytes: 0 downloadSizeBytes: 0
01-09 19:04:21.038  3221  3221 D [SUI] LibraryAppsOrchestrator: App: com.oculus.fitnesstracker status: INSTALLED downloadedSizeBytes: 0 downloadSizeBytes: 0
01-09 19:04:21.038  3221  3221 D [SUI] LibraryAppsOrchestrator: App: com.meta.keyboard.prod.k026b_microsoft_surface_pro_5_6_7_poppy_red status: ENTITLED downloadedSizeBytes: 0 downloadSizeBytes: 0
01-09 19:04:21.038  3221  3221 D [SUI] LibraryAppsOrchestrator: App: com.oculus.helpcenter status: INSTALLED downloadedSizeBytes: 0 downloadSizeBytes: 0
01-09 19:04:21.038  3221  3221 D [SUI] LibraryAppsOrchestrator: App: com.oculus.keyboard.prod.k017b_apple_macbook_air_13_space_gray_and_silver_uk status: ENTITLED downloadedSizeBytes: 0 downloadSizeBytes: 0
01-09 19:04:21.038  3221  3221 D [SUI] LibraryAppsOrchestrator: App: com.oculus.keyboard.prod.microsoftsurfacepro8_plat status: ENTITLED downloadedSizeBytes: 0 downloadSizeBytes: 0
01-09 19:04:21.038  3221  3221 D [SUI] LibraryAppsOrchestrator: App: com.oculus.keyboard.prod.dellxps159500 status: ENTITLED downloadedSizeBytes: 0 downloadSizeBytes: 0
01-09 19:04:21.038  3221  3221 D [SUI] LibraryAppsOrchestrator: App: com.meta.keyboard.prod.k002k_logitechmx_mini_gb_pg status: ENTITLED downloadedSizeBytes: 0 downloadSizeBytes: 0
01-09 19:04:21.038  3221  3221 D [SUI] LibraryAppsOrchestrator: App: com.meta.environment.prod.rockquarry status: ENTITLED downloadedSizeBytes: 0 downloadSizeBytes: 0
01-09 19:04:21.038  3221  3221 D [SUI] LibraryAppsOrchestrator: App: com.oculus.keyboard.prod.k015a_dellinspiron7000_us status: ENTITLED downloadedSizeBytes: 0 downloadSizeBytes: 0
01-09 19:04:21.038  3221  3221 D [SUI] LibraryAppsOrchestrator: App: com.oculus.keyboard.prod.logitechk375 status: ENTITLED downloadedSizeBytes: 0 downloadSizeBytes: 0
01-09 19:04:21.038  3221  3221 D [SUI] LibraryAppsOrchestrator: App: com.meta.keyboard.prod.k002l_logitechmx_mini_mac_gb_pg status: ENTITLED downloadedSizeBytes: 0 downloadSizeBytes: 0
01-09 19:04:21.038  3221  3221 D [SUI] LibraryAppsOrchestrator: App: com.oculus.guidebook status: INSTALLED downloadedSizeBytes: 0 downloadSizeBytes: 0
01-09 19:04:21.038  3221  3221 D [SUI] LibraryAppsOrchestrator: App: com.oculus.keyboard.prod.k012h_applemacbook16_uk status: ENTITLED downloadedSizeBytes: 0 downloadSizeBytes: 0
01-09 19:04:21.038  3221  3221 D [SUI] LibraryAppsOrchestrator: App: com.meta.keyboard.prod.k002m_mx_keys_graphite_uni_uk status: ENTITLED downloadedSizeBytes: 0 downloadSizeBytes: 0
01-09 19:04:21.038  3221  3221 D [SUI] LibraryAppsOrchestrator: App: com.oculus.keyboard.prod.k019b_microsoft_surface_laptop_4_13_ice_blue_us status: ENTITLED downloadedSizeBytes: 0 downloadSizeBytes: 0
01-09 19:04:21.038  3221  3221 D [SUI] LibraryAppsOrchestrator: App: com.meta.keyboard.prod.k004b_logitech_k375s_uk status: ENTITLED downloadedSizeBytes: 0 downloadSizeBytes: 0
01-09 19:04:21.038  3221  3221 D [SUI] LibraryAppsOrchestrator: App: com.oculus.keyboard.prod.k005b_microsoftallinone_fr status: ENTITLED downloadedSizeBytes: 0 downloadSizeBytes: 0
01-09 19:04:21.038  3221  3221 D [SUI] LibraryAppsOrchestrator: App: com.oculus.keyboard.prod.k016a_applemacbook13_2020_us status: ENTITLED downloadedSizeBytes: 0 downloadSizeBytes: 0
01-09 19:04:21.038  3221  3221 D [SUI] LibraryAppsOrchestrator: App: com.meta.environment.prod.treehouse status: ENTITLED downloadedSizeBytes: 0 downloadSizeBytes: 0
01-09 19:04:21.038  3221  3221 D [SUI] LibraryAppsOrchestrator: App: com.oculus.keyboard.prod.k021b_dell_xps_13_arctic_white status: ENTITLED downloadedSizeBytes: 0 downloadSizeBytes: 0
01-09 19:04:21.038  3221  3221 D [SUI] LibraryAppsOrchestrator: App: com.oculus.keyboard.prod.hpelitebook830g7 status: ENTITLED downloadedSizeBytes: 0 downloadSizeBytes: 0
01-09 19:04:21.038  3221  3221 D [SUI] LibraryBackgroundExecutor: Execution Completed: Cache Apps Fetch in 920 ms
01-09 19:04:21.038  3221  3221 D [SUI] LibraryBackgroundTaskDeduper: Execution finished CacheAppsFetch
01-09 19:04:21.038  3221  3221 D [SUI] LibraryPartyFetcher: success party data from party service
01-09 19:04:21.038  3221  3221 I [SUI] OVRAuthHelper: fetchAuthToken - completed, result: -1
01-09 19:04:21.038  3221  3221 D UserAppScopedAuthHelper: fetchUserInfo - completed
01-09 19:04:21.038  3221  3221 D UserAppScopedAuthHelper: fetchUserInfo - fetching app scoped access token
01-09 19:04:21.039  3221  3221 I [SUI] OVRAuthHelper: fetchAuthToken - completed, result: -1
01-09 19:04:21.039  3221  3221 D UserAppScopedAuthHelper: fetchUserInfo - completed
01-09 19:04:21.039  3221  3221 D UserAppScopedAuthHelper: fetchUserInfo - fetching app scoped access token
01-09 19:04:21.040  1770 10730 I CompositorVR: WarpToScreen: Skipping frames for 12
01-09 19:04:21.040  3221  3221 D [SUI] LibrarySyncing: Fetched data for all apps from OCMS
01-09 19:04:21.041  3221  3221 D [SUI] LibrarySyncing: Updated Library data source for all apps
01-09 19:04:21.041  3221  3221 D [SUI] LibraryViewModel: Calling notifyPropertyChanged(BR.items)
01-09 19:04:21.046  3221  3221 D [SUI] LibraryAppsOrchestrator: Apps are already marked as initialized, omitting marking again.
01-09 19:04:21.051  1770 10730 I CompositorVR: WarpToScreen: Skipping frames for 12
01-09 19:04:21.062  3221  3221 D [SUI] DiskCache: Wrote bytes to file at /data/user/0/com.oculus.systemux/cache/library/apps
01-09 19:04:21.063  1770 10730 I CompositorVR: WarpToScreen: Skipping frames for 12
01-09 19:04:21.063  3221  3221 D [SUI] LibraryAppsOrchestrator: Apps fetched: 
01-09 19:04:21.063  3221  3221 D [SUI] LibraryAppsOrchestrator: App: com.vrchat.oculus.quest status: INSTALLED downloadedSizeBytes: 0 downloadSizeBytes: 0
01-09 19:04:21.063  3221  3221 D [SUI] LibraryAppsOrchestrator: App: com.oculus.store status: INSTALLED downloadedSizeBytes: 0 downloadSizeBytes: 0
01-09 19:04:21.063  3221  3221 D [SUI] LibraryAppsOrchestrator: App: com.facebook.arvr.quillplayer status: INSTALLED downloadedSizeBytes: 0 downloadSizeBytes: 0
01-09 19:04:21.063  3221  3221 D [SUI] LibraryAppsOrchestrator: App: com.oculus.keyboard.prod.applemagic status: ENTITLED downloadedSizeBytes: 0 downloadSizeBytes: 0
01-09 19:04:21.063  3221  3221 D [SUI] LibraryAppsOrchestrator: App: com.meta.environment.prod.vista status: ENTITLED downloadedSizeBytes: 0 downloadSizeBytes: 0
01-09 19:04:21.063  3221  3221 D [SUI] LibraryAppsOrchestrator: App: com.oculus.keyboard.prod.logitechmx_mac_sg status: ENTITLED downloadedSizeBytes: 0 downloadSizeBytes: 0
01-09 19:04:21.063  3221  3221 D [SUI] LibraryAppsOrchestrator: App: com.oculus.keyboard.prod.k003b_logitechk800_fr status: ENTITLED downloadedSizeBytes: 0 downloadSizeBytes: 0
01-09 19:04:21.063  3221  3221 D [SUI] LibraryAppsOrchestrator: App: com.facebook.horizon status: INSTALLED downloadedSizeBytes: 0 downloadSizeBytes: 0
01-09 19:04:21.063  3221  3221 D [SUI] LibraryAppsOrchestrator: App: com.oculus.keyboard.prod.k017d_apple_macbook_air_13_gold_uk status: ENTITLED downloadedSizeBytes: 0 downloadSizeBytes: 0
01-09 19:04:21.063  3221  3221 D [SUI] LibraryAppsOrchestrator: App: com.oculus.keyboard.prod.microsoftsurfacepro8_black status: ENTITLED downloadedSizeBytes: 0 downloadSizeBytes: 0
01-09 19:04:21.063  3221  3221 D [SUI] LibraryAppsOrchestrator: App: com.meta.keyboard.prod.k026a_microsoft_surface_pro_5_6_7_ice_blue status: ENTITLED downloadedSizeBytes: 0 downloadSizeBytes: 0
01-09 19:04:21.063  3221  3221 D [SUI] LibraryAppsOrchestrator: App: com.oculus.keyboard.prod.k024a_hp_envy_x360_convert_13_silver status: ENTITLED downloadedSizeBytes: 0 downloadSizeBytes: 0
01-09 19:04:21.063  3221  3221 D [SUI] LibraryAppsOrchestrator: App: com.oculus.environment.prod.personaloffice01 status: ENTITLED downloadedSizeBytes: 0 downloadSizeBytes: 0
01-09 19:04:21.063  3221  3221 D [SUI] LibraryAppsOrchestrator: App: com.oculus.environment.prod.personaloffice02 status: ENTITLED downloadedSizeBytes: 0 downloadSizeBytes: 0
01-09 19:04:21.063  3221  3221 D [SUI] LibraryAppsOrchestrator: App: com.oculus.keyboard.prod.k017c_apple_macbook_air_13_gold_us status: ENTITLED downloadedSizeBytes: 0 downloadSizeBytes: 0
01-09 19:04:21.063  3221  3221 D [SUI] LibraryAppsOrchestrator: App: com.oculus.environment.prod.bubbles status: INSTALLED downloadedSizeBytes: 0 downloadSizeBytes: 0
01-09 19:04:21.063  3221  3221 D [SUI] LibraryAppsOrchestrator: App: com.oculus.keyboard.prod.applemacbook13_us_ansi status: ENTITLED downloadedSizeBytes: 0 downloadSizeBytes: 0
01-09 19:04:21.063  3221  3221 D [SUI] LibraryAppsOrchestrator: App: com.meta.environment.prod.monolith status: ENTITLED downloadedSizeBytes: 0 downloadSizeBytes: 0
01-09 19:04:21.063  3221  3221 D [SUI] LibraryAppsOrchestrator: App: com.oculus.keyboard.prod.k020a_microsoft_surface_laptop_4_15_platinum_us status: ENTITLED downloadedSizeBytes: 0 downloadSizeBytes: 0
01-09 19:04:21.063  3221  3221 D [SUI] LibraryAppsOrchestrator: App: com.oculus.environment.prod.rifthome status: ENTITLED downloadedSizeBytes: 0 downloadSizeBytes: 0
01-09 19:04:21.063  3221  3221 D [SUI] LibraryAppsOrchestrator: App: com.oculus.environment.prod.spacestation status: ENTITLED downloadedSizeBytes: 0 downloadSizeBytes: 0
01-09 19:04:21.063  3221  3221 D [SUI] LibraryAppsOrchestrator: App: com.oculus.avatareditor status: INSTALLED downloadedSizeBytes: 0 downloadSizeBytes: 0
01-09 19:04:21.063  3221  3221 D [SUI] LibraryAppsOrchestrator: App: com.oculus.environment.prod.cyberhome status: ENTITLED downloadedSizeBytes: 0 downloadSizeBytes: 0
01-09 19:04:21.063  3221  3221 D [SUI] LibraryAppsOrchestrator: App: com.oculus.keyboard.prod.logitechmx status: ENTITLED downloadedSizeBytes: 0 downloadSizeBytes: 0
01-09 19:04:21.063  3221  3221 D [SUI] LibraryAppsOrchestrator: App: com.oculus.explore status: INSTALLED downloadedSizeBytes: 0 downloadSizeBytes: 0
01-09 19:04:21.063  3221  3221 D [SUI] LibraryAppsOrchestrator: App: com.oculus.keyboard.prod.k016c_applemacbook13_2020_uk status: ENTITLED downloadedSizeBytes: 0 downloadSizeBytes: 0
01-09 19:04:21.063  3221  3221 D [SUI] LibraryAppsOrchestrator: App: com.oculus.MiramarSetupRetail status: INSTALLED downloadedSizeBytes: 0 downloadSizeBytes: 0
01-09 19:04:21.063  3221  3221 D [SUI] LibraryAppsOrchestrator: App: com.oculus.environment.prod.japan status: INSTALLED downloadedSizeBytes: 0 downloadSizeBytes: 0
01-09 19:04:21.063  3221  3221 D [SUI] LibraryAppsOrchestrator: App: com.iillusions.spacepiratetrainerquest status: INSTALLED downloadedSizeBytes: 0 downloadSizeBytes: 0
01-09 19:04:21.063  3221  3221 D [SUI] LibraryAppsOrchestrator: App: com.oculus.keyboard.prod.microsoftallinone_us status: ENTITLED downloadedSizeBytes: 0 downloadSizeBytes: 0
01-09 19:04:21.063  3221  3221 D [SUI] LibraryAppsOrchestrator: App: com.oculus.keyboard.prod.logitechk830 status: ENTITLED downloadedSizeBytes: 0 downloadSizeBytes: 0
01-09 19:04:21.063  3221  3221 D [SUI] LibraryAppsOrchestrator: App: com.oculus.environment.prod.dome status: ENTITLED downloadedSizeBytes: 0 downloadSizeBytes: 0
01-09 19:04:21.063  3221  3221 D [SUI] LibraryAppsOrchestrator: App: com.oculus.socialplatform status: INSTALLED downloadedSizeBytes: 0 downloadSizeBytes: 0
01-09 19:04:21.063  3221  3221 D [SUI] LibraryAppsOrchestrator: App: com.oculus.keyboard.prod.applemagic_num_us status: ENTITLED downloadedSizeBytes: 0 downloadSizeBytes: 0
01-09 19:04:21.063  3221  3221 D [SUI] LibraryAppsOrchestrator: App: com.oculus.mobile_mrc_setup status: INSTALLED downloadedSizeBytes: 0 downloadSizeBytes: 0
01-09 19:04:21.063  3221  3221 D [SUI] LibraryAppsOrchestrator: App: com.oculus.keyboard.prod.hpzbook15ug6 status: ENTITLED downloadedSizeBytes: 0 downloadSizeBytes: 0
01-09 19:04:21.063  3221  3221 D [SUI] LibraryAppsOrchestrator: App: com.oculus.tv status: INSTALLED downloadedSizeBytes: 0 downloadSizeBytes: 0
01-09 19:04:21.063  3221  3221 D [SUI] LibraryAppsOrchestrator: App: com.oculus.keyboard.prod.k017a_apple_macbook_air_13_space_gray_and_silver_us status: ENTITLED downloadedSizeBytes: 0 downloadSizeBytes: 0
01-09 19:04:21.063  3221  3221 D [SUI] LibraryAppsOrchestrator: App: com.oculus.keyboard.prod.k018c_microsoft_surface_pro_x_ice_blue status: ENTITLED downloadedSizeBytes: 0 downloadSizeBytes: 0
01-09 19:04:21.063  3221  3221 D [SUI] LibraryAppsOrchestrator: App: com.oculus.keyboard.prod.k010b_lenovothinkpadx1yoga_uk status: ENTITLED downloadedSizeBytes: 0 downloadSizeBytes: 0
01-09 19:04:21.063  3221  3221 D [SUI] LibraryAppsOrchestrator: App: com.oculus.keyboard.prod.k021a_dell_xps_13_platinum_black status: ENTITLED downloadedSizeBytes: 0 downloadSizeBytes: 0
01-09 19:04:21.063  3221  3221 D [SUI] LibraryAppsOrchestrator: App: com.oculus.keyboard.prod.k018a_microsoft_surface_pro_x_poppy_red status: ENTITLED downloadedSizeBytes: 0 downloadSizeBytes: 0
01-09 19:04:21.063  3221  3221 D [SUI] LibraryAppsOrchestrator: App: com.oculus.keyboard.prod.k022a_dell_inspiron_15_platinum_silver status: ENTITLED downloadedSizeBytes: 0 downloadSizeBytes: 0
01-09 19:04:21.063  3221  3221 D [SUI] LibraryAppsOrchestrator: App: com.oculus.keyboard.prod.k019a_microsoft_surface_laptop_4_13_platinum_us status: ENTITLED downloadedSizeBytes: 0 downloadSizeBytes: 0
01-09 19:04:21.063  3221  3221 D [SUI] LibraryAppsOrchestrator: App: com.oculus.keyboard.prod.logitechmx_mini_mac_pg status: ENTITLED downloadedSizeBytes: 0 downloadSizeBytes: 0
01-09 19:04:21.063  3221  3221 D [SUI] LibraryAppsOrchestrator: App: com.oculus.gamingactivity status: INSTALLED downloadedSizeBytes: 0 downloadSizeBytes: 0
01-09 19:04:21.063  3221  3221 D [SUI] LibraryAppsOrchestrator: App: com.oculus.keyboard.prod.k012e_applemacbook15_us status: ENTITLED downloadedSizeBytes: 0 downloadSizeBytes: 0
01-09 19:04:21.063  3221  3221 D [SUI] LibraryAppsOrchestrator: App: com.oculus.keyboard.prod.logitechmx_mini_pg status: ENTITLED downloadedSizeBytes: 0 downloadSizeBytes: 0
01-09 19:04:21.063  3221  3221 D [SUI] LibraryAppsOrchestrator: App: com.oculus.environment.prod.winterlodge status: ENTITLED downloadedSizeBytes: 0 downloadSizeBytes: 0
01-09 19:04:21.063  3221  3221 D [SUI] LibraryAppsOrchestrator: App: com.oculus.environment.prod.adobe status: INSTALLED downloadedSizeBytes: 0 downloadSizeBytes: 0
01-09 19:04:21.063  3221  3221 D [SUI] LibraryAppsOrchestrator: App: com.oculus.keyboard.prod.lenovothinkpadx1yoga status: ENTITLED downloadedSizeBytes: 0 downloadSizeBytes: 0
01-09 19:04:21.063  3221  3221 D [SUI] LibraryAppsOrchestrator: App: com.beatgames.beatsaber status: INSTALLED downloadedSizeBytes: 0 downloadSizeBytes: 0
01-09 19:04:21.063  3221  3221 D [SUI] LibraryAppsOrchestrator: App: com.oculus.browser status: INSTALLED downloadedSizeBytes: 0 downloadSizeBytes: 0
01-09 19:04:21.063  3221  3221 D [SUI] LibraryAppsOrchestrator: App: com.oculus.keyboard.prod.k012f_applemacbook15_uk status: ENTITLED downloadedSizeBytes: 0 downloadSizeBytes: 0
01-09 19:04:21.063  3221  3221 D [SUI] LibraryAppsOrchestrator: App: com.meta.keyboard.prod.k025d_apple_magic_with_touchid_uk status: ENTITLED downloadedSizeBytes: 0 downloadSizeBytes: 0
01-09 19:04:21.063  3221  3221 D [SUI] LibraryAppsOrchestrator: App: com.meta.environment.prod.polarvillage status: ENTITLED downloadedSizeBytes: 0 downloadSizeBytes: 0
01-09 19:04:21.063  3221  3221 D [SUI] LibraryAppsOrchestrator: App: com.oculus.keyboard.prod.k012b_applemacbook13_uk status: ENTITLED downloadedSizeBytes: 0 downloadSizeBytes: 0
01-09 19:04:21.063  3221  3221 D [SUI] LibraryAppsOrchestrator: App: com.oculus.keyboard.prod.logitechk800_us status: ENTITLED downloadedSizeBytes: 0 downloadSizeBytes: 0
01-09 19:04:21.063  3221  3221 D [SUI] LibraryAppsOrchestrator: App: com.oculus.keyboard.prod.k012g_applemacbook16_us status: ENTITLED downloadedSizeBytes: 0 downloadSizeBytes: 0
01-09 19:04:21.063  3221  3221 D [SUI] LibraryAppsOrchestrator: App: com.oculus.keyboard.prod.k019c_microsoft_surface_laptop_4_13_sandstone_us status: ENTITLED downloadedSizeBytes: 0 downloadSizeBytes: 0
01-09 19:04:21.063  3221  3221 D [SUI] LibraryAppsOrchestrator: App: com.oculus.keyboard.prod.k025a_apple_magic_with_numpad_touch_id_us status: ENTITLED downloadedSizeBytes: 0 downloadSizeBytes: 0
01-09 19:04:21.063  3221  3221 D [SUI] LibraryAppsOrchestrator: App: com.oculus.fitnesstracker status: INSTALLED downloadedSizeBytes: 0 downloadSizeBytes: 0
01-09 19:04:21.063  3221  3221 D [SUI] LibraryAppsOrchestrator: App: com.meta.keyboard.prod.k026b_microsoft_surface_pro_5_6_7_poppy_red status: ENTITLED downloadedSizeBytes: 0 downloadSizeBytes: 0
01-09 19:04:21.063  3221  3221 D [SUI] LibraryAppsOrchestrator: App: com.oculus.helpcenter status: INSTALLED downloadedSizeBytes: 0 downloadSizeBytes: 0
01-09 19:04:21.063  3221  3221 D [SUI] LibraryAppsOrchestrator: App: com.oculus.keyboard.prod.k017b_apple_macbook_air_13_space_gray_and_silver_uk status: ENTITLED downloadedSizeBytes: 0 downloadSizeBytes: 0
01-09 19:04:21.063  3221  3221 D [SUI] LibraryAppsOrchestrator: App: com.oculus.keyboard.prod.microsoftsurfacepro8_plat status: ENTITLED downloadedSizeBytes: 0 downloadSizeBytes: 0
01-09 19:04:21.063  3221  3221 D [SUI] LibraryAppsOrchestrator: App: com.oculus.keyboard.prod.dellxps159500 status: ENTITLED downloadedSizeBytes: 0 downloadSizeBytes: 0
01-09 19:04:21.063  3221  3221 D [SUI] LibraryAppsOrchestrator: App: com.meta.keyboard.prod.k002k_logitechmx_mini_gb_pg status: ENTITLED downloadedSizeBytes: 0 downloadSizeBytes: 0
01-09 19:04:21.063  3221  3221 D [SUI] LibraryAppsOrchestrator: App: com.meta.environment.prod.rockquarry status: ENTITLED downloadedSizeBytes: 0 downloadSizeBytes: 0
01-09 19:04:21.063  3221  3221 D [SUI] LibraryAppsOrchestrator: App: com.oculus.keyboard.prod.k015a_dellinspiron7000_us status: ENTITLED downloadedSizeBytes: 0 downloadSizeBytes: 0
01-09 19:04:21.063  3221  3221 D [SUI] LibraryAppsOrchestrator: App: com.oculus.keyboard.prod.logitechk375 status: ENTITLED downloadedSizeBytes: 0 downloadSizeBytes: 0
01-09 19:04:21.063  3221  3221 D [SUI] LibraryAppsOrchestrator: App: com.meta.keyboard.prod.k002l_logitechmx_mini_mac_gb_pg status: ENTITLED downloadedSizeBytes: 0 downloadSizeBytes: 0
01-09 19:04:21.063  3221  3221 D [SUI] LibraryAppsOrchestrator: App: com.oculus.guidebook status: INSTALLED downloadedSizeBytes: 0 downloadSizeBytes: 0
01-09 19:04:21.063  3221  3221 D [SUI] LibraryAppsOrchestrator: App: com.oculus.keyboard.prod.k012h_applemacbook16_uk status: ENTITLED downloadedSizeBytes: 0 downloadSizeBytes: 0
01-09 19:04:21.063  3221  3221 D [SUI] LibraryAppsOrchestrator: App: com.meta.keyboard.prod.k002m_mx_keys_graphite_uni_uk status: ENTITLED downloadedSizeBytes: 0 downloadSizeBytes: 0
01-09 19:04:21.063  3221  3221 D [SUI] LibraryAppsOrchestrator: App: com.oculus.keyboard.prod.k019b_microsoft_surface_laptop_4_13_ice_blue_us status: ENTITLED downloadedSizeBytes: 0 downloadSizeBytes: 0
01-09 19:04:21.063  3221  3221 D [SUI] LibraryAppsOrchestrator: App: com.meta.keyboard.prod.k004b_logitech_k375s_uk status: ENTITLED downloadedSizeBytes: 0 downloadSizeBytes: 0
01-09 19:04:21.063  3221  3221 D [SUI] LibraryAppsOrchestrator: App: com.oculus.keyboard.prod.k005b_microsoftallinone_fr status: ENTITLED downloadedSizeBytes: 0 downloadSizeBytes: 0
01-09 19:04:21.063  3221  3221 D [SUI] LibraryAppsOrchestrator: App: com.oculus.keyboard.prod.k016a_applemacbook13_2020_us status: ENTITLED downloadedSizeBytes: 0 downloadSizeBytes: 0
01-09 19:04:21.063  3221  3221 D [SUI] LibraryAppsOrchestrator: App: com.meta.environment.prod.treehouse status: ENTITLED downloadedSizeBytes: 0 downloadSizeBytes: 0
01-09 19:04:21.063  3221  3221 D [SUI] LibraryAppsOrchestrator: App: com.oculus.keyboard.prod.k021b_dell_xps_13_arctic_white status: ENTITLED downloadedSizeBytes: 0 downloadSizeBytes: 0
01-09 19:04:21.063  3221  3221 D [SUI] LibraryAppsOrchestrator: App: com.oculus.keyboard.prod.hpelitebook830g7 status: ENTITLED downloadedSizeBytes: 0 downloadSizeBytes: 0
01-09 19:04:21.064  3221  3221 D [SUI] LibraryTTI: Initial OCMS apps fetch finished, 1036ms after initialization started.
01-09 19:04:21.064  3221  3221 D [SUI] LibraryBackgroundExecutor: Execution Completed: Apps Fetch in 946 ms
01-09 19:04:21.064  3221  3221 D [SUI] LibraryBackgroundTaskDeduper: Execution finished all_apps
01-09 19:04:21.064  3221  3221 D [SUI] LibraryViewModel: setUnknownSources
01-09 19:04:21.064  3530  3776 I [SEO] PanelAppHost: Setting panel layer visibility of layer "controlbar3" to visible, panel 14 (com.oculus.systemux/com.oculus.panelapp.controlbar.ControlBarPanelService)
01-09 19:04:21.073  3221  4613 I PresenceAPK(ServicePresenceClient): calling onServiceUp
01-09 19:04:21.074  1770 10730 I CompositorVR: WarpToScreen: Skipping frames for 12
01-09 19:04:21.074  3221  3221 D [SUI] LibraryViewModel: Calling notifyPropertyChanged(BR.items)
01-09 19:04:21.074  3221  3221 D [SUI] LibraryAppsOrchestrator: Unknown Sources: 
01-09 19:04:21.074  3221  3221 D [SUI] LibraryAppsOrchestrator: UnknownSource: com.YourCompany.TemplateProject3
01-09 19:04:21.074  3221  3221 D [SUI] LibraryAppsOrchestrator: UnknownSource: com.YourCompany.PrototypeV4
01-09 19:04:21.074  3221  3221 D [SUI] LibraryAppsOrchestrator: UnknownSource: com.environment.matrixloadingvoid
01-09 19:04:21.075  3221  3221 D [SUI] LibraryTTI: Initial unknown sources fetch finished, 1047ms after initialization started.
01-09 19:04:21.075  3221  3221 D [SUI] LibraryBackgroundExecutor: Execution Completed: Unknown Sources Fetch in 957 ms
01-09 19:04:21.075  3221  3221 D [SUI] LibraryBackgroundTaskDeduper: Execution finished UnknownSources
01-09 19:04:21.085  1770 10730 I CompositorVR: WarpToScreen: Skipping frames for 12
01-09 19:04:21.085  1961  2450 W ProfileContentProvider: [doQuery] uri: content://com.oculus.horizon/profile
01-09 19:04:21.086  1961  2450 W ProfileContentProvider: [doQuery] appId: null, callingPackage: com.oculus.systemux
01-09 19:04:21.087  3530  3776 I [SEO] PanelAppHost: Setting panel layer visibility of layer "#main" to visible, panel 15 (com.oculus.systemux/com.oculus.panelapp.library.LibraryPanelService)
01-09 19:04:21.096  1770 10730 I CompositorVR: WarpToScreen: Skipping frames for 12
01-09 19:04:21.097  1961  2450 W ProfileContentProvider: [doQuery] isLoggedIn: true, isFirstPartyOrSystem: true
01-09 19:04:21.098  1961  2450 W ProfileContentProvider: [doQuery] app: null
01-09 19:04:21.098  3530  3776 I [SEO] ShellEnvSwapChainApi: Destroying SwapChain:0xc4dbdf00
01-09 19:04:21.107  1770 10730 I CompositorVR: WarpToScreen: Skipping frames for 12
01-09 19:04:21.108  1961  2450 W ProfileContentProvider: [doQuery] accessFeatureKeys: all features
01-09 19:04:21.109  1961  2450 W ProfileContentProvider: [doQuery] callingAppHasSystemPlatformSDKPermission: false
01-09 19:04:21.110  1770  3598 I VrRuntimeService: DestroySwapChain: swapchain=256
01-09 19:04:21.114  1961  2450 W ProfileContentProvider: [doQuery] verifyProductionFirstPartyApplication: true
01-09 19:04:21.115  1961  2450 W ProfileContentProvider: [doQuery] verifyDebugFirstPartyApplication: false
01-09 19:04:21.116  1961  2450 W ProfileContentProvider: [doQuery] isTrustedUser: false, verifyDebugFirstPartyApplication w/ isTrustedUser: false
01-09 19:04:21.116  1961  2450 W ProfileContentProvider: [doQuery] isDebugOS: false
01-09 19:04:21.116  1961  2450 W ProfileContentProvider: [doQuery] accessFeatureKeys contains USER_ID
01-09 19:04:21.116  1961  2450 W ProfileContentProvider: [doQuery] sWhitelistedAppPackageNameToId has com.oculus.systemux: true
01-09 19:04:21.117  1961  2450 W ProfileContentProvider: [doQuery] userId lookup succeeded: true
01-09 19:04:21.118  1770 10730 I CompositorVR: WarpToScreen: Skipping frames for 12
01-09 19:04:21.118  1770 10730 I SwapChain_Surface: AttachSurfaceSwapChainGLES: 0x7731efc000 with SurfaceTexture 0x2966 attached on init
01-09 19:04:21.129  1770 10730 I CompositorVR: WarpToScreen: Skipping frames for 12
01-09 19:04:21.132  1961  2450 W ProfileContentProvider: [doQuery] normal return
01-09 19:04:21.140  1770 10730 I CompositorVR: WarpToScreen: Skipping frames for 12
01-09 19:04:21.148  3221  3221 I [SUI] OVRAuthHelper: fetchAuthToken - completed, result: -1
01-09 19:04:21.148  3221  3221 D UserAppScopedAuthHelper: fetchUserInfo - completed
01-09 19:04:21.148  3221  3221 D UserAppScopedAuthHelper: fetchUserInfo - fetching app scoped access token
01-09 19:04:21.149  3221  3221 D [SUI] HorizonContentProviderHelper: fetchAppsScoreboardsInfo - appIds.length: 82
01-09 19:04:21.149  3221  3221 D [SUI] HorizonContentProviderHelper: fetchAppsScoreboardsInfo - appIds.length: 82
01-09 19:04:21.152  1770 10730 I CompositorVR: WarpToScreen: Skipping frames for 12
01-09 19:04:21.156  3221  3221 D [SUI] LibraryView: Scroll to position: 0
01-09 19:04:21.158  3221  3221 D [SUI] LibraryContentAdapter: No view available for position -1
01-09 19:04:21.160  3221  4613 I PresenceAPK(PresenceClient): onServiceUp
01-09 19:04:21.160  3221  4613 I PresenceAPK(GroupManager): onConnected
01-09 19:04:21.163  1770 10730 I CompositorVR: WarpToScreen: Skipping frames for 12
01-09 19:04:21.165  3221  3252 I PresenceAPK(GroupManager): initialEnumerationFinished
01-09 19:04:21.166  3221  3252 I PresenceAPK(GroupManager): no reconnect groups
01-09 19:04:21.174  1770 10730 I CompositorVR: WarpToScreen: Skipping frames for 12
01-09 19:04:21.263  1770 10730 I chatty  : uid=10025(com.oculus.systemdriver) OVR::TimeWarp identical 8 lines
01-09 19:04:21.274  1770 10730 I CompositorVR: WarpToScreen: Skipping frames for 12
01-09 19:04:21.279  3221 11256 D UserAppScopedAuthHelper: fetchUserInfo - fetched response for app scoped token request
01-09 19:04:21.279  3221 11256 D UserAppScopedAuthHelper: fetchUserInfo - fetched app scoped access token
01-09 19:04:21.282  3221 11257 D UserAppScopedAuthHelper: fetchUserInfo - fetched response for app scoped token request
01-09 19:04:21.283  3221 11257 D UserAppScopedAuthHelper: fetchUserInfo - fetched app scoped access token
01-09 19:04:21.285  1770 10730 I CompositorVR: WarpToScreen: Skipping frames for 12
01-09 19:04:21.295  3221  3221 D [SUI] SystemUXFunnelLogServerLogger: Impression Event: oculus_impressions_tile_impressioned LibraryLogInfo{duration=0, mLogId='2646830762095036', mContentType=APP, mPosX=0, mPosy=0, mGlobalPos=0, mSurface=LIBRARY, mSubSurface=LIBRARY_MAIN, mSearchQuery='null', mFilter='ALL', mSort='MOST_RECENT', mDeviceFilter='Quest', mIsShowingLaunchTogether=false', mEventName=LAUNCH_APP', mSection=null}
01-09 19:04:21.295  3221  3221 D [SUI] SystemUXFunnelLogServerLogger: Impression Event: oculus_impressions_tile_impressioned LibraryLogInfo{duration=0, mLogId='fb_messenger_system_app', mContentType=APP, mPosX=1, mPosy=0, mGlobalPos=1, mSurface=LIBRARY, mSubSurface=LIBRARY_MAIN, mSearchQuery='null', mFilter='ALL', mSort='MOST_RECENT', mDeviceFilter='Quest', mIsShowingLaunchTogether=false', mEventName=LAUNCH_APP', mSection=null}
01-09 19:04:21.296  3221  3221 D [SUI] SystemUXFunnelLogServerLogger: Impression Event: oculus_impressions_tile_impressioned LibraryLogInfo{duration=0, mLogId='1856672347794301', mContentType=APP, mPosX=2, mPosy=0, mGlobalPos=2, mSurface=LIBRARY, mSubSurface=LIBRARY_MAIN, mSearchQuery='null', mFilter='ALL', mSort='MOST_RECENT', mDeviceFilter='Quest', mIsShowingLaunchTogether=false', mEventName=LAUNCH_APP', mSection=null}
01-09 19:04:21.296  3221  3221 D [SUI] SystemUXFunnelLogServerLogger: Impression Event: oculus_impressions_tile_impressioned LibraryLogInfo{duration=0, mLogId='2448060205267927', mContentType=APP, mPosX=3, mPosy=0, mGlobalPos=3, mSurface=LIBRARY, mSubSurface=LIBRARY_MAIN, mSearchQuery='null', mFilter='ALL', mSort='MOST_RECENT', mDeviceFilter='Quest', mIsShowingLaunchTogether=false', mEventName=LAUNCH_APP', mSection=null}
01-09 19:04:21.296  3221  3221 D [SUI] SystemUXFunnelLogServerLogger: Impression Event: oculus_impressions_tile_impressioned LibraryLogInfo{duration=0, mLogId='3209391179128490', mContentType=APP, mPosX=0, mPosy=1, mGlobalPos=4, mSurface=LIBRARY, mSubSurface=LIBRARY_MAIN, mSearchQuery='null', mFilter='ALL', mSort='MOST_RECENT', mDeviceFilter='Quest', mIsShowingLaunchTogether=false', mEventName=LAUNCH_APP', mSection=null}
01-09 19:04:21.296  3221  3221 D [SUI] SystemUXFunnelLogServerLogger: Impression Event: oculus_impressions_tile_impressioned LibraryLogInfo{duration=0, mLogId='1663790613725314', mContentType=APP, mPosX=1, mPosy=1, mGlobalPos=5, mSurface=LIBRARY, mSubSurface=LIBRARY_MAIN, mSearchQuery='null', mFilter='ALL', mSort='MOST_RECENT', mDeviceFilter='Quest', mIsShowingLaunchTogether=false', mEventName=LAUNCH_APP', mSection=null}
01-09 19:04:21.296  3221  3221 D [SUI] SystemUXFunnelLogServerLogger: Impression Event: oculus_impressions_tile_impressioned LibraryLogInfo{duration=0, mLogId='3081642765242609', mContentType=APP, mPosX=2, mPosy=1, mGlobalPos=6, mSurface=LIBRARY, mSubSurface=LIBRARY_MAIN, mSearchQuery='null', mFilter='ALL', mSort='MOST_RECENT', mDeviceFilter='Quest', mIsShowingLaunchTogether=false', mEventName=LAUNCH_APP', mSection=null}
01-09 19:04:21.296  3221  3221 D [SUI] SystemUXFunnelLogServerLogger: Impression Event: oculus_impressions_tile_impressioned LibraryLogInfo{duration=0, mLogId='3675568169182204', mContentType=APP, mPosX=3, mPosy=1, mGlobalPos=7, mSurface=LIBRARY, mSubSurface=LIBRARY_MAIN, mSearchQuery='null', mFilter='ALL', mSort='MOST_RECENT', mDeviceFilter='Quest', mIsShowingLaunchTogether=false', mEventName=LAUNCH_APP', mSection=null}
01-09 19:04:21.296  3221  3221 D [SUI] SystemUXFunnelLogServerLogger: Impression Event: oculus_impressions_tile_impressioned LibraryLogInfo{duration=0, mLogId='1916519981771802', mContentType=APP, mPosX=0, mPosy=2, mGlobalPos=8, mSurface=LIBRARY, mSubSurface=LIBRARY_MAIN, mSearchQuery='null', mFilter='ALL', mSort='MOST_RECENT', mDeviceFilter='Quest', mIsShowingLaunchTogether=false', mEventName=LAUNCH_APP', mSection=null}
01-09 19:04:21.296  3221  3221 D [SUI] SystemUXFunnelLogServerLogger: Impression Event: oculus_impressions_tile_impressioned LibraryLogInfo{duration=0, mLogId='file_viewer', mContentType=APP, mPosX=1, mPosy=2, mGlobalPos=9, mSurface=LIBRARY, mSubSurface=LIBRARY_MAIN, mSearchQuery='null', mFilter='ALL', mSort='MOST_RECENT', mDeviceFilter='Quest', mIsShowingLaunchTogether=false', mEventName=LAUNCH_APP', mSection=null}
01-09 19:04:21.296  3221  3221 D [SUI] SystemUXFunnelLogServerLogger: Impression Event: oculus_impressions_tile_impressioned LibraryLogInfo{duration=0, mLogId='settings_system_app', mContentType=APP, mPosX=2, mPosy=2, mGlobalPos=10, mSurface=LIBRARY, mSubSurface=LIBRARY_MAIN, mSearchQuery='null', mFilter='ALL', mSort='MOST_RECENT', mDeviceFilter='Quest', mIsShowingLaunchTogether=false', mEventName=LAUNCH_APP', mSection=null}
01-09 19:04:21.296  3221  3221 D [SUI] SystemUXFunnelLogServerLogger: Impression Event: oculus_impressions_tile_impressioned LibraryLogInfo{duration=0, mLogId='2532035600194083', mContentType=APP, mPosX=3, mPosy=2, mGlobalPos=11, mSurface=LIBRARY, mSubSurface=LIBRARY_MAIN, mSearchQuery='null', mFilter='ALL', mSort='MOST_RECENT', mDeviceFilter='Quest', mIsShowingLaunchTogether=false', mEventName=LAUNCH_APP', mSection=null}
01-09 19:04:21.296  3221  3221 D [SUI] SystemUXFunnelLogServerLogger: Impression Event: oculus_impressions_tile_impressioned LibraryLogInfo{duration=0, mLogId='2644832768948915', mContentType=APP, mPosX=0, mPosy=3, mGlobalPos=12, mSurface=LIBRARY, mSubSurface=LIBRARY_MAIN, mSearchQuery='null', mFilter='ALL', mSort='MOST_RECENT', mDeviceFilter='Quest', mIsShowingLaunchTogether=false', mEventName=LAUNCH_APP', mSection=null}
01-09 19:04:21.296  3221  3221 D [SUI] SystemUXFunnelLogServerLogger: Impression Event: oculus_impressions_tile_impressioned LibraryLogInfo{duration=0, mLogId='1931356740318898', mContentType=APP, mPosX=1, mPosy=3, mGlobalPos=13, mSurface=LIBRARY, mSubSurface=LIBRARY_MAIN, mSearchQuery='null', mFilter='ALL', mSort='MOST_RECENT', mDeviceFilter='Quest', mIsShowingLaunchTogether=false', mEventName=LAUNCH_APP', mSection=null}
01-09 19:04:21.296  3221  3221 D [SUI] SystemUXFunnelLogServerLogger: Impression Event: oculus_impressions_tile_impressioned LibraryLogInfo{duration=0, mLogId='events_system_app', mContentType=APP, mPosX=2, mPosy=3, mGlobalPos=14, mSurface=LIBRARY, mSubSurface=LIBRARY_MAIN, mSearchQuery='null', mFilter='ALL', mSort='MOST_RECENT', mDeviceFilter='Quest', mIsShowingLaunchTogether=false', mEventName=LAUNCH_APP', mSection=null}
01-09 19:04:21.296  3221  3221 D [SUI] SystemUXFunnelLogServerLogger: Impression Event: oculus_impressions_tile_impressioned LibraryLogInfo{duration=0, mLogId='file_manager', mContentType=APP, mPosX=3, mPosy=3, mGlobalPos=15, mSurface=LIBRARY, mSubSurface=LIBRARY_MAIN, mSearchQuery='null', mFilter='ALL', mSort='MOST_RECENT', mDeviceFilter='Quest', mIsShowingLaunchTogether=false', mEventName=LAUNCH_APP', mSection=null}
01-09 19:04:21.296  1770 10730 I CompositorVR: WarpToScreen: Skipping frames for 12
01-09 19:04:21.307  1770 10730 I CompositorVR: WarpToScreen: Skipping frames for 12
01-09 19:04:21.311  3221 11263 D UserAppScopedAuthHelper: fetchUserInfo - fetched response for app scoped token request
01-09 19:04:21.312  3221 11263 D UserAppScopedAuthHelper: fetchUserInfo - fetched app scoped access token
01-09 19:04:21.319  1770 10730 I CompositorVR: WarpToScreen: Skipping frames for 12
01-09 19:04:21.430  1770 10730 I chatty  : uid=10025(com.oculus.systemdriver) OVR::TimeWarp identical 10 lines
01-09 19:04:21.441  1770 10730 I CompositorVR: WarpToScreen: Skipping frames for 12
01-09 19:04:21.444  3221 11257 D [SUI] LibraryUsersGroupedByAppsFetcher: LibraryUsersGroupedByAppsFetcher done 0
01-09 19:04:21.444  3221 11257 D [SUI] LibraryViewModel: Calling notifyPropertyChanged(BR.items)
01-09 19:04:21.451  1961  2450 W ProfileContentProvider: [doQuery] uri: content://com.oculus.horizon/profile
01-09 19:04:21.452  1961  2450 W ProfileContentProvider: [doQuery] appId: null, callingPackage: com.oculus.systemux
01-09 19:04:21.452  1770 10730 I CompositorVR: WarpToScreen: Skipping frames for 12
01-09 19:04:21.463  1770 10730 I CompositorVR: WarpToScreen: Skipping frames for 12
01-09 19:04:21.466  1053  1074 I system_server: Explicit concurrent copying GC freed 82668(3953KB) AllocSpace objects, 10(264KB) LOS objects, 42% free, 11MB/20MB, paused 35us total 41.341ms
01-09 19:04:21.472  1961  2450 W ProfileContentProvider: [doQuery] isLoggedIn: true, isFirstPartyOrSystem: true
01-09 19:04:21.472  1961  2450 W ProfileContentProvider: [doQuery] app: null
01-09 19:04:21.474  1770 10730 I CompositorVR: WarpToScreen: Skipping frames for 12
01-09 19:04:21.477  1961  2450 W ProfileContentProvider: [doQuery] accessFeatureKeys: all features
01-09 19:04:21.483  1961  2450 W ProfileContentProvider: [doQuery] callingAppHasSystemPlatformSDKPermission: false
01-09 19:04:21.484   736   975 E SensorService: Failed to set simple multi haptics, ret: -1
01-09 19:04:21.486  1770 10730 I CompositorVR: WarpToScreen: Skipping frames for 12
01-09 19:04:21.497  1770 10730 I chatty  : uid=10025(com.oculus.systemdriver) OVR::TimeWarp identical 1 line
01-09 19:04:21.508  1770 10730 I CompositorVR: WarpToScreen: Skipping frames for 12
01-09 19:04:21.509   834 10737 W [CT]    : VEGA:MAP_TRACKING_HM: [Throttled count=24] Map tracking did not run.
01-09 19:04:21.511  1961  2450 W ProfileContentProvider: [doQuery] verifyProductionFirstPartyApplication: true
01-09 19:04:21.515  1961  2450 W ProfileContentProvider: [doQuery] verifyDebugFirstPartyApplication: false
01-09 19:04:21.515   802   802 E libosutils: failed to get real path of file /proc/10519/exe, err: No such file or directory
01-09 19:04:21.515  1961  2450 W ProfileContentProvider: [doQuery] isTrustedUser: false, verifyDebugFirstPartyApplication w/ isTrustedUser: false
01-09 19:04:21.515  1961  2450 W ProfileContentProvider: [doQuery] isDebugOS: false
01-09 19:04:21.515  1961  2450 W ProfileContentProvider: [doQuery] accessFeatureKeys contains USER_ID
01-09 19:04:21.515   802   802 E crash-reporter: Could not retrieve ELF header for /proc/10519/exe
01-09 19:04:21.515  1961  2450 W ProfileContentProvider: [doQuery] sWhitelistedAppPackageNameToId has com.oculus.systemux: true
01-09 19:04:21.516  1961  2450 W ProfileContentProvider: [doQuery] userId lookup succeeded: true
01-09 19:04:21.519  1770 10730 I CompositorVR: WarpToScreen: Skipping frames for 12
01-09 19:04:21.524  3221 11263 D [SUI] AppFooterManager: fetchEducationTip onSuccess: com.facebook.graphql.minimal.result.MinimalGraphQLResult@aed461
01-09 19:04:21.530  3221 11256 D [SUI] AppFooterManager: fetchEducationTip onSuccess: com.facebook.graphql.minimal.result.MinimalGraphQLResult@32c2b86
01-09 19:04:21.530  3221 11256 D [SUI] LibraryViewModel: Calling notifyPropertyChanged(BR.items)
01-09 19:04:21.530  1770 10730 I CompositorVR: WarpToScreen: Skipping frames for 12
01-09 19:04:21.533  1961  2450 W ProfileContentProvider: [doQuery] normal return
01-09 19:04:21.539  3221  3221 D [SUI] SystemUXFunnelLogServerLogger: VPV Event: oculus_impressions_tile_vpved LibraryLogInfo{duration=250, mLogId='2646830762095036', mContentType=APP, mPosX=0, mPosy=0, mGlobalPos=0, mSurface=LIBRARY, mSubSurface=LIBRARY_MAIN, mSearchQuery='null', mFilter='ALL', mSort='MOST_RECENT', mDeviceFilter='Quest', mIsShowingLaunchTogether=false', mEventName=LAUNCH_APP', mSection=null}
01-09 19:04:21.539  3221  3221 D [SUI] SystemUXFunnelLogServerLogger: VPV Event: oculus_impressions_tile_vpved LibraryLogInfo{duration=250, mLogId='fb_messenger_system_app', mContentType=APP, mPosX=1, mPosy=0, mGlobalPos=1, mSurface=LIBRARY, mSubSurface=LIBRARY_MAIN, mSearchQuery='null', mFilter='ALL', mSort='MOST_RECENT', mDeviceFilter='Quest', mIsShowingLaunchTogether=false', mEventName=LAUNCH_APP', mSection=null}
01-09 19:04:21.540  3221  3221 D [SUI] SystemUXFunnelLogServerLogger: VPV Event: oculus_impressions_tile_vpved LibraryLogInfo{duration=250, mLogId='1856672347794301', mContentType=APP, mPosX=2, mPosy=0, mGlobalPos=2, mSurface=LIBRARY, mSubSurface=LIBRARY_MAIN, mSearchQuery='null', mFilter='ALL', mSort='MOST_RECENT', mDeviceFilter='Quest', mIsShowingLaunchTogether=false', mEventName=LAUNCH_APP', mSection=null}
01-09 19:04:21.540  3221  3221 D [SUI] SystemUXFunnelLogServerLogger: VPV Event: oculus_impressions_tile_vpved LibraryLogInfo{duration=250, mLogId='2448060205267927', mContentType=APP, mPosX=3, mPosy=0, mGlobalPos=3, mSurface=LIBRARY, mSubSurface=LIBRARY_MAIN, mSearchQuery='null', mFilter='ALL', mSort='MOST_RECENT', mDeviceFilter='Quest', mIsShowingLaunchTogether=false', mEventName=LAUNCH_APP', mSection=null}
01-09 19:04:21.540  3221  3221 D [SUI] SystemUXFunnelLogServerLogger: VPV Event: oculus_impressions_tile_vpved LibraryLogInfo{duration=250, mLogId='3209391179128490', mContentType=APP, mPosX=0, mPosy=1, mGlobalPos=4, mSurface=LIBRARY, mSubSurface=LIBRARY_MAIN, mSearchQuery='null', mFilter='ALL', mSort='MOST_RECENT', mDeviceFilter='Quest', mIsShowingLaunchTogether=false', mEventName=LAUNCH_APP', mSection=null}
01-09 19:04:21.540  3221  3221 D [SUI] SystemUXFunnelLogServerLogger: VPV Event: oculus_impressions_tile_vpved LibraryLogInfo{duration=250, mLogId='1663790613725314', mContentType=APP, mPosX=1, mPosy=1, mGlobalPos=5, mSurface=LIBRARY, mSubSurface=LIBRARY_MAIN, mSearchQuery='null', mFilter='ALL', mSort='MOST_RECENT', mDeviceFilter='Quest', mIsShowingLaunchTogether=false', mEventName=LAUNCH_APP', mSection=null}
01-09 19:04:21.540  3221  3221 D [SUI] SystemUXFunnelLogServerLogger: VPV Event: oculus_impressions_tile_vpved LibraryLogInfo{duration=250, mLogId='3081642765242609', mContentType=APP, mPosX=2, mPosy=1, mGlobalPos=6, mSurface=LIBRARY, mSubSurface=LIBRARY_MAIN, mSearchQuery='null', mFilter='ALL', mSort='MOST_RECENT', mDeviceFilter='Quest', mIsShowingLaunchTogether=false', mEventName=LAUNCH_APP', mSection=null}
01-09 19:04:21.540  3221  3221 D [SUI] SystemUXFunnelLogServerLogger: VPV Event: oculus_impressions_tile_vpved LibraryLogInfo{duration=250, mLogId='3675568169182204', mContentType=APP, mPosX=3, mPosy=1, mGlobalPos=7, mSurface=LIBRARY, mSubSurface=LIBRARY_MAIN, mSearchQuery='null', mFilter='ALL', mSort='MOST_RECENT', mDeviceFilter='Quest', mIsShowingLaunchTogether=false', mEventName=LAUNCH_APP', mSection=null}
01-09 19:04:21.540  3221  3221 D [SUI] SystemUXFunnelLogServerLogger: VPV Event: oculus_impressions_tile_vpved LibraryLogInfo{duration=250, mLogId='1916519981771802', mContentType=APP, mPosX=0, mPosy=2, mGlobalPos=8, mSurface=LIBRARY, mSubSurface=LIBRARY_MAIN, mSearchQuery='null', mFilter='ALL', mSort='MOST_RECENT', mDeviceFilter='Quest', mIsShowingLaunchTogether=false', mEventName=LAUNCH_APP', mSection=null}
01-09 19:04:21.540  3221  3221 D [SUI] SystemUXFunnelLogServerLogger: VPV Event: oculus_impressions_tile_vpved LibraryLogInfo{duration=250, mLogId='file_viewer', mContentType=APP, mPosX=1, mPosy=2, mGlobalPos=9, mSurface=LIBRARY, mSubSurface=LIBRARY_MAIN, mSearchQuery='null', mFilter='ALL', mSort='MOST_RECENT', mDeviceFilter='Quest', mIsShowingLaunchTogether=false', mEventName=LAUNCH_APP', mSection=null}
01-09 19:04:21.540  3221  3221 D [SUI] SystemUXFunnelLogServerLogger: VPV Event: oculus_impressions_tile_vpved LibraryLogInfo{duration=250, mLogId='settings_system_app', mContentType=APP, mPosX=2, mPosy=2, mGlobalPos=10, mSurface=LIBRARY, mSubSurface=LIBRARY_MAIN, mSearchQuery='null', mFilter='ALL', mSort='MOST_RECENT', mDeviceFilter='Quest', mIsShowingLaunchTogether=false', mEventName=LAUNCH_APP', mSection=null}
01-09 19:04:21.540  3221  3221 D [SUI] SystemUXFunnelLogServerLogger: VPV Event: oculus_impressions_tile_vpved LibraryLogInfo{duration=250, mLogId='2532035600194083', mContentType=APP, mPosX=3, mPosy=2, mGlobalPos=11, mSurface=LIBRARY, mSubSurface=LIBRARY_MAIN, mSearchQuery='null', mFilter='ALL', mSort='MOST_RECENT', mDeviceFilter='Quest', mIsShowingLaunchTogether=false', mEventName=LAUNCH_APP', mSection=null}
01-09 19:04:21.540  3221  3221 D [SUI] LibraryView: No scroll to position available
01-09 19:04:21.541  1770 10730 I CompositorVR: WarpToScreen: Skipping frames for 12
01-09 19:04:21.550  3221  3221 D [SUI] LibraryView: No scroll to position available
01-09 19:04:21.552   802   802 E crash-reporter-support: read() failed, reason: No such file or directory
01-09 19:04:21.552   802   802 E crash-reporter: Crash server failed to receive request from native crash client
01-09 19:04:21.553  1770 10730 I CompositorVR: WarpToScreen: Skipping frames for 12
01-09 19:04:21.608  1770 10730 I chatty  : uid=10025(com.oculus.systemdriver) OVR::TimeWarp identical 5 lines
01-09 19:04:21.619  1770 10730 I CompositorVR: WarpToScreen: Skipping frames for 12
01-09 19:04:21.620  1961  1978 I AuthLogger: Action succeeded: OBTAIN_TOKEN, callingPackage: com.oculus.companion.server, accountType: com.oculus, tokenType: user_id, extras: {outcome=token, expiration_time_ms=0}, duration: 5ms
01-09 19:04:21.630  1770 10730 I CompositorVR: WarpToScreen: Skipping frames for 12
01-09 19:04:21.639  3221  3221 D [SUI] HorizonContentProviderHelper: fetchAppsScoreboardsInfo - complete
01-09 19:04:21.642  1770 10730 I CompositorVR: WarpToScreen: Skipping frames for 12
01-09 19:04:21.675  1770 10730 I chatty  : uid=10025(com.oculus.systemdriver) OVR::TimeWarp identical 3 lines
01-09 19:04:21.686  1770 10730 I CompositorVR: WarpToScreen: Skipping frames for 12
01-09 19:04:21.691  3221 11256 D [SUI] AppFooterManager: fetchEducationTip onSuccess: com.facebook.graphql.minimal.result.MinimalGraphQLResult@eb58c47
01-09 19:04:21.691  3221 11256 D [SUI] LibraryViewModel: Calling notifyPropertyChanged(BR.items)
01-09 19:04:21.697  1770 10730 I CompositorVR: WarpToScreen: Skipping frames for 12
01-09 19:04:21.703  3221  3221 D [SUI] LibraryView: No scroll to position available
01-09 19:04:21.709  1770 10730 I CompositorVR: WarpToScreen: Skipping frames for 12
01-09 19:04:21.842  1770 10730 I chatty  : uid=10025(com.oculus.systemdriver) OVR::TimeWarp identical 12 lines
01-09 19:04:21.853  1770 10730 I CompositorVR: WarpToScreen: Skipping frames for 12
01-09 19:04:21.859  1770 10596 W RPCClientHandler: RPCClientHandler::MainLoop: Error reading pipe: Client: com.YourCompany.PrototypeV4:com.YourCompany.PrototypeV4:10519, Server: com.oculus.systemdriver:com.oculus.vrruntimeservice (HapticsServer)
01-09 19:04:21.859  2925 10592 W RPCClientHandler: RPCClientHandler::MainLoop: Error reading pipe: Client: com.YourCompany.PrototypeV4:com.YourCompany.PrototypeV4:10519, Server: com.oculus.guardian:com.oculus.vrguardianservice (guardianserver)
01-09 19:04:21.860  1770 10586 W RPCClientHandler: RPCClientHandler::MainLoop: Error reading pipe: Client: com.YourCompany.PrototypeV4:com.YourCompany.PrototypeV4:10519, Server: com.oculus.systemdriver:com.oculus.vrruntimeservice (RuntimeServiceServer)
01-09 19:04:21.860  1770 10586 I VrRuntimeService: RuntimeIPC: IPC_SYSTEM_EVENT_CLIENT_DISCONNECTED_EXT: com.YourCompany.PrototypeV4
01-09 19:04:21.860  1770 10586 I ClientMgr: ClientMgr::DestroyClient: 10519:com.YourCompany.PrototypeV4
01-09 19:04:21.860  1770 10586 I ClientMgr: ClientMgr::DestroyClient: 10519:com.YourCompany.PrototypeV4 is enabled for rendering on destroy.
01-09 19:04:21.860  1770 10586 I ClientMgr: ClientMgr::EnableRendering 10519:com.YourCompany.PrototypeV4 : type 0 comp-id 12: disable
