01-05 18:28:30.013  3288  3288 I AndroidPanelApp: Processing pending show layer info for layer #main with width 840 and height 110.
01-05 18:28:30.013  3288  3288 I AndroidPanelApp: layerSupersample no changes
01-05 18:28:30.014  3288  3288 I AndroidPanelApp: Processing next frame action "layerShow" for layer "#main"
01-05 18:28:30.014  7790  8055 I VrApi   : FPS=72/72,Prd=48ms,Tear=0,Early=72,Stale=0,VSnc=1,Lat=1,Fov=0,CPU4/GPU=4/4,2419/525MHz,OC=FF,TA=0/F/F,SP=N/N/N,Mem=2092MHz,Free=2197MB,PLS=0,Temp=25.7C/0.0C,TW=3.74ms,App=2.62ms,GD=0.12ms,CPU&GPU=7.77ms,LCnt=5(DR0,LM2),GPU%=0.59,CPU%=0.15(W0.24),DSF=1.00,CFL=19.73/21.23
01-05 18:28:30.015  2140  2140 D VrNotificationAnalytics: logNotificationPosted: key(0|com.oculus.presence|50001|null|10070), type(first_party_unspecified), isToast(false)
01-05 18:28:30.015  1249  2458 E TREX    : Interface version 1 was not found. Check debug build for more information.
01-05 18:28:30.015  3288  8260 D NotificationsBadgeLiveData: MessageBadgeData, pullAndCheckNotifs, old data source notif count: 0, oc chats count: 0, messenger count: 0
01-05 18:28:30.016  1046  1072 I DisplayManagerService: Display device changed state: "com.oculus.android_panel_app.AndroidPanelLayer-#main", ON
01-05 18:28:30.016  2140  2140 I [OAO] VrNotificationListenerService: onNotificationPosted() - key = 0|com.oculus.presence|50001|null|10070, type = first_party_unspecified, isToast = false, isBlocked with reason = true Blocked by does not contain all markers for a toast notification
01-05 18:28:30.016  2140  2140 D [OAO] VrBroadcastReceiver: action: com.oculus.vrshell.intent.action.NOTIFICATION_WAKE
01-05 18:28:30.017  1249  7988 I CompositorVR: WarpToScreen: Skipping frames for 8
01-05 18:28:30.018  2140  2140 D [OAO] VrNotificationService: VrNotificationService onStartCommand() Intent { cmp=com.oculus.vrshell/.VrNotificationService }
01-05 18:28:30.019  1046  7221 E WindowManager: App trying to use insecure INPUT_FEATURE_NO_INPUT_CHANNEL flag. Ignoring
01-05 18:28:30.021  3288  3288 D [SUI] AnytimeUIAndroidPanelApp: Received appStatus from VrShell: []
01-05 18:28:30.021  2666  2945 I [SEO] PanelAppHost: Setting panel layer visibility of layer "#main" to invisible, panel 7 (com.oculus.systemux/com.oculus.panelapp.anytimeui.AnytimeUIAndroidPanelService)
01-05 18:28:30.021  2666  2945 I [SEO] PanelAppHost: Resize layer #main to size 840 x 110 shape: 1 stereo: 0, panel 7 (com.oculus.systemux/com.oculus.panelapp.anytimeui.AnytimeUIAndroidPanelService)
01-05 18:28:30.021  2666  2945 I [SEO] PanelRenderLayer: ResetSurface #main 840 x 110 - shape:1 stereo:0
01-05 18:28:30.026  4047  4165 E OsSdk   : error getting shared memory region, memory type: HeadTracker, failed with Status(-1, EX_SECURITY): 'requested shared memory region when not registered/focused'
01-05 18:28:30.028  1920  8275 D CCodec  : allocate(c2.android.vorbis.decoder)
01-05 18:28:30.028   843  4934 V C2Store : in init
01-05 18:28:30.028   843  4934 V C2Store : loading dll
01-05 18:28:30.029  1249  7988 I CompositorVR: WarpToScreen: Skipping frames for 8
01-05 18:28:30.031  1920  8275 I CCodec  : Created component [c2.android.vorbis.decoder]
01-05 18:28:30.031  1920  8275 D CCodecConfig: read media type: audio/vorbis
01-05 18:28:30.034  2666  2945 I [SEO] PanelAppAnalytics: First frame latency: 0.808 for id 7 com.oculus.systemux/com.oculus.panelapp.anytimeui.AnytimeUIAndroidPanelService
01-05 18:28:30.034  2666  2945 I [SEO] LayerSwapChainResource: LayerSwapChainResource 840,110 : 3
01-05 18:28:30.034  1249  2634 I VrRuntimeService: CreateSwapChain: 3303378835
01-05 18:28:30.034  1249  2634 I VrRuntimeService: CreateSwapChain: api:vk 0 0x2b 840 110 10 3 1 4 3
01-05 18:28:30.034  1249  2634 W SwapChain_Vulkan: CreateTextureSwapChainFoveationVulkan: ShouldCreateFragmentDensityMap: false
01-05 18:28:30.034  1249  2634 W SwapChain_Vulkan: ExportTextureResourcesFoveationVulkan: chain->VkInteropFoveation.Device == nullptr
01-05 18:28:30.034  1249  2634 W SwapChain: CreateTextureSwapChainFoveation: export failed
01-05 18:28:30.035  1249  2634 I VrRuntimeServer: CreateTextureSwapChain: result importswapchaingles 1
01-05 18:28:30.035  1920  3487 I SwapChain_Vulkan: Imported texture has requirements 3, ends up index 0
01-05 18:28:30.036  1920  3487 I chatty  : uid=10014(com.oculus.shellenv) Thread-29 identical 1 line
01-05 18:28:30.036  1920  3487 I SwapChain_Vulkan: Imported texture has requirements 3, ends up index 0
01-05 18:28:30.036  1920  3487 W VrRuntimeClient: CreateTextureSwapChain: Failed to import foveation swapchain
01-05 18:28:30.037  1249  2634 I VrRuntimeService: UpdateSwapChainSamplerState: 225
01-05 18:28:30.037  1249  2634 I VrRuntimeService: UpdateSwapChainSamplerState: minFilter=1 magFilter=1 wrapModeS=3 warpModeT=3 maxAniso=1.000000 border={0.000000,0.000000,0.000000,0.000000} swizzle={0,1,2,3}
01-05 18:28:30.038  1920  8275 D ReflectedParamUpdater: extent() != 1 for single value type: algo.buffers.max-count.values
01-05 18:28:30.038  1920  8275 D ReflectedParamUpdater: extent() != 1 for single value type: output.subscribed-indices.values
01-05 18:28:30.038  1920  8275 D ReflectedParamUpdater: extent() != 1 for single value type: input.buffers.allocator-ids.values
01-05 18:28:30.038  1920  8275 D ReflectedParamUpdater: extent() != 1 for single value type: output.buffers.allocator-ids.values
01-05 18:28:30.038  1920  8275 D ReflectedParamUpdater: extent() != 1 for single value type: algo.buffers.allocator-ids.values
01-05 18:28:30.038  1920  8275 D ReflectedParamUpdater: extent() != 1 for single value type: output.buffers.pool-ids.values
01-05 18:28:30.039  1920  8275 D ReflectedParamUpdater: extent() != 1 for single value type: algo.buffers.pool-ids.values
01-05 18:28:30.039  1920  8275 I CCodecConfig: query failed after returning 7 values (BAD_INDEX)
01-05 18:28:30.039  1920  8275 D CCodecConfig: c2 config diff is Dict {
01-05 18:28:30.039  1920  8275 D CCodecConfig:   c2::u32 coded.bitrate.value = 64000
01-05 18:28:30.039  1920  8275 D CCodecConfig:   c2::u32 input.buffers.max-size.value = 32768
01-05 18:28:30.039  1920  8275 D CCodecConfig:   c2::u32 input.delay.value = 0
01-05 18:28:30.039  1920  8275 D CCodecConfig:   string input.media-type.value = "audio/vorbis"
01-05 18:28:30.039  1920  8275 D CCodecConfig:   string output.media-type.value = "audio/raw"
01-05 18:28:30.039  1920  8275 D CCodecConfig:   c2::u32 raw.channel-count.value = 1
01-05 18:28:30.039  1920  8275 D CCodecConfig:   c2::u32 raw.sample-rate.value = 48000
01-05 18:28:30.039  1920  8275 D CCodecConfig: }
01-05 18:28:30.040  1920  8275 D CCodecConfig: no c2 equivalents for durationUs
01-05 18:28:30.040  1920  8275 D CCodecConfig: no c2 equivalents for csd-1
01-05 18:28:30.040  1920  8275 D CCodecConfig: no c2 equivalents for track-id
01-05 18:28:30.040  1920  8275 D CCodecConfig: no c2 equivalents for channel-mask
01-05 18:28:30.040  1249  7988 I CompositorVR: WarpToScreen: Skipping frames for 8
01-05 18:28:30.040  1920  8275 D CCodecConfig: c2 config diff is   c2::u32 raw.channel-count.value = 2
01-05 18:28:30.040  1920  8275 D CCodecConfig:   c2::u32 raw.sample-rate.value = 44100
01-05 18:28:30.040  1920  8275 W Codec2Client: query -- param skipped: index = 1107298332.
01-05 18:28:30.041  1920  8275 D CCodec  : setup formats input: AMessage(what = 0x00000000) = {
01-05 18:28:30.041  1920  8275 D CCodec  :   int32_t channel-count = 2
01-05 18:28:30.041  1920  8275 D CCodec  :   int32_t max-input-size = 32768
01-05 18:28:30.041  1920  8275 D CCodec  :   string mime = "audio/vorbis"
01-05 18:28:30.041  1920  8275 D CCodec  :   int32_t sample-rate = 44100
01-05 18:28:30.041  1920  8275 D CCodec  : } and output: AMessage(what = 0x00000000) = {
01-05 18:28:30.041  1920  8275 D CCodec  :   int32_t channel-count = 2
01-05 18:28:30.041  1920  8275 D CCodec  :   string mime = "audio/raw"
01-05 18:28:30.041  1920  8275 D CCodec  :   int32_t sample-rate = 44100
01-05 18:28:30.041  1920  8275 D CCodec  :   int32_t channel-mask = 3
01-05 18:28:30.041  1920  8275 D CCodec  : }
01-05 18:28:30.043  2675  3469 I VrGuardianService: GuardianSDKServer::SetGuardianHitDialog2 1
01-05 18:28:30.045   855  7993 W [CT]    : VEGA:MAP_TRACKING_HM: [Throttled count=25] Map tracking did not run.
01-05 18:28:30.051  1249  7988 I CompositorVR: WarpToScreen: Skipping frames for 8
01-05 18:28:30.052  3288  3288 W OVRLibrary: null cursor received for query content://com.oculus.ocms.library/apps/com.YourCompany.PrototypeV4
01-05 18:28:30.052   843  4934 V C2Store : in ~ComponentModule
01-05 18:28:30.052   843  4934 V C2Store : unloading dll
01-05 18:28:30.062  1249  7988 I CompositorVR: WarpToScreen: Skipping frames for 8
01-05 18:28:30.066  4047  4165 E OsSdk   : error getting shared memory region, memory type: HeadTracker, failed with Status(-1, EX_SECURITY): 'requested shared memory region when not registered/focused'
01-05 18:28:30.067  4047  4165 E OsSdk   : error getting shared memory region, memory type: AnchorTracker, failed with Status(-1, EX_SECURITY): 'requested shared memory region when not registered/focused'
01-05 18:28:30.069  3288  3288 W OVRLibrary: null cursor received for query content://com.oculus.ocms.library/apps/com.oculus.xrstreamingclient
01-05 18:28:30.073  1249  7988 I CompositorVR: WarpToScreen: Skipping frames for 8
01-05 18:28:30.078   855  7921 I [CT]    : boltlib: DSP utilization: 6.52 % (326 / 5000 ms)
01-05 18:28:30.084  1249  7988 I CompositorVR: WarpToScreen: Skipping frames for 8
01-05 18:28:30.084  3288  3288 W OVRLibrary: null cursor received for query content://com.oculus.ocms.library/apps/notifications_system_app
01-05 18:28:30.092  1920  8280 D CCodec  : allocate(c2.android.vorbis.decoder)
01-05 18:28:30.092   843  4934 V C2Store : in init
01-05 18:28:30.092   843  4934 V C2Store : loading dll
01-05 18:28:30.095  1920  8280 I CCodec  : Created component [c2.android.vorbis.decoder]
01-05 18:28:30.095  1920  8280 D CCodecConfig: read media type: audio/vorbis
01-05 18:28:30.095  1249  7988 I CompositorVR: WarpToScreen: Skipping frames for 8
01-05 18:28:30.096  1920  8280 D ReflectedParamUpdater: extent() != 1 for single value type: algo.buffers.max-count.values
01-05 18:28:30.097  1920  8280 D ReflectedParamUpdater: extent() != 1 for single value type: output.subscribed-indices.values
01-05 18:28:30.097  1920  8280 D ReflectedParamUpdater: extent() != 1 for single value type: input.buffers.allocator-ids.values
01-05 18:28:30.097  1920  8280 D ReflectedParamUpdater: extent() != 1 for single value type: output.buffers.allocator-ids.values
01-05 18:28:30.097  1920  8280 D ReflectedParamUpdater: extent() != 1 for single value type: algo.buffers.allocator-ids.values
01-05 18:28:30.097  1920  8280 D ReflectedParamUpdater: extent() != 1 for single value type: output.buffers.pool-ids.values
01-05 18:28:30.097  1920  8280 D ReflectedParamUpdater: extent() != 1 for single value type: algo.buffers.pool-ids.values
01-05 18:28:30.098  1920  8280 I CCodecConfig: query failed after returning 7 values (BAD_INDEX)
01-05 18:28:30.098  1920  8280 D CCodecConfig: c2 config diff is Dict {
01-05 18:28:30.098  1920  8280 D CCodecConfig:   c2::u32 coded.bitrate.value = 64000
01-05 18:28:30.098  1920  8280 D CCodecConfig:   c2::u32 input.buffers.max-size.value = 32768
01-05 18:28:30.098  1920  8280 D CCodecConfig:   c2::u32 input.delay.value = 0
01-05 18:28:30.098  1920  8280 D CCodecConfig:   string input.media-type.value = "audio/vorbis"
01-05 18:28:30.098  1920  8280 D CCodecConfig:   string output.media-type.value = "audio/raw"
01-05 18:28:30.098  1920  8280 D CCodecConfig:   c2::u32 raw.channel-count.value = 1
01-05 18:28:30.098  1920  8280 D CCodecConfig:   c2::u32 raw.sample-rate.value = 48000
01-05 18:28:30.098  1920  8280 D CCodecConfig: }
01-05 18:28:30.098  1920  8280 D CCodecConfig: no c2 equivalents for durationUs
01-05 18:28:30.098  1920  8280 D CCodecConfig: no c2 equivalents for csd-1
01-05 18:28:30.098  1920  8280 D CCodecConfig: no c2 equivalents for track-id
01-05 18:28:30.098  1920  8280 D CCodecConfig: no c2 equivalents for channel-mask
01-05 18:28:30.098  1920  8280 D CCodecConfig: c2 config diff is   c2::u32 raw.channel-count.value = 2
01-05 18:28:30.098  1920  8280 D CCodecConfig:   c2::u32 raw.sample-rate.value = 44100
01-05 18:28:30.098  1920  8280 W Codec2Client: query -- param skipped: index = 1107298332.
01-05 18:28:30.098  1920  8280 D CCodec  : setup formats input: AMessage(what = 0x00000000) = {
01-05 18:28:30.098  1920  8280 D CCodec  :   int32_t channel-count = 2
01-05 18:28:30.098  1920  8280 D CCodec  :   int32_t max-input-size = 32768
01-05 18:28:30.098  1920  8280 D CCodec  :   string mime = "audio/vorbis"
01-05 18:28:30.098  1920  8280 D CCodec  :   int32_t sample-rate = 44100
01-05 18:28:30.098  1920  8280 D CCodec  : } and output: AMessage(what = 0x00000000) = {
01-05 18:28:30.098  1920  8280 D CCodec  :   int32_t channel-count = 2
01-05 18:28:30.098  1920  8280 D CCodec  :   string mime = "audio/raw"
01-05 18:28:30.098  1920  8280 D CCodec  :   int32_t sample-rate = 44100
01-05 18:28:30.098  1920  8280 D CCodec  :   int32_t channel-mask = 3
01-05 18:28:30.098  1920  8280 D CCodec  : }
01-05 18:28:30.099  3288  3288 W OVRLibrary: null cursor received for query content://com.oculus.ocms.library/apps/quick_settings_app
01-05 18:28:30.102  1920  8280 W Codec2Client: query -- param skipped: index = 1342179345.
01-05 18:28:30.102  1920  8280 W Codec2Client: query -- param skipped: index = 2415921170.
01-05 18:28:30.103  1920  8280 D CCodecBufferChannel: [c2.android.vorbis.decoder#234] Created input block pool with allocatorID 16 => poolID 23 - OK (0)
01-05 18:28:30.104  1920  8280 I CCodecBufferChannel: [c2.android.vorbis.decoder#234] Created output block pool with allocatorID 16 => poolID 58 - OK
01-05 18:28:30.104  1920  8280 D CCodecBufferChannel: [c2.android.vorbis.decoder#234] Configured output block pool ids 58 => OK
01-05 18:28:30.106  1249  7988 I CompositorVR: WarpToScreen: Skipping frames for 8
01-05 18:28:30.107   843  8281 D SimpleC2Component: Using output block pool with poolID 58 => got 58 - 0
01-05 18:28:30.109  1920  8280 D CCodecBufferChannel: [c2.android.vorbis.decoder#234] Discard frames from previous generation.
01-05 18:28:30.114  4047  4165 E OsSdk   : error getting shared memory region, memory type: HeadTracker, failed with Status(-1, EX_SECURITY): 'requested shared memory region when not registered/focused'
01-05 18:28:30.114  1920  8280 D CCodecBufferChannel: [c2.android.vorbis.decoder#234] Discard frames from previous generation.
01-05 18:28:30.116   843   843 D BufferPoolAccessor: Destruction - bufferpool2 0x303fda3a30 cached: 0/0M, 0/0% in use; allocs: 0, 0% recycled; transfers: 0, 0% unfetced
01-05 18:28:30.116   843   843 V C2Store : in ~ComponentModule
01-05 18:28:30.116   843   843 V C2Store : unloading dll
01-05 18:28:30.118  1249  7988 I CompositorVR: WarpToScreen: Skipping frames for 8
01-05 18:28:30.120  3288  3288 W OVRLibrary: null cursor received for query content://com.oculus.ocms.library/apps/com.YourCompany.TemplateProject3
01-05 18:28:30.129  1249  7988 I CompositorVR: WarpToScreen: Skipping frames for 8
01-05 18:28:30.139  3288  3288 W OVRLibrary: null cursor received for query content://com.oculus.ocms.library/apps/paused_app
01-05 18:28:30.140  1249  7988 I CompositorVR: WarpToScreen: Skipping frames for 8
01-05 18:28:30.144  4047  4126 D xrstreaming: receive ping: org 0 recv 0 xmt 23994456575900 (received at 6238602016262), offset divergence 92338
01-05 18:28:30.144  1920  8283 D CCodec  : allocate(c2.android.vorbis.decoder)
01-05 18:28:30.144   843   843 V C2Store : in init
01-05 18:28:30.144   843   843 V C2Store : loading dll
01-05 18:28:30.148  1920  8283 I CCodec  : Created component [c2.android.vorbis.decoder]
01-05 18:28:30.148  1920  8283 D CCodecConfig: read media type: audio/vorbis
01-05 18:28:30.149  1920  8283 D ReflectedParamUpdater: extent() != 1 for single value type: algo.buffers.max-count.values
01-05 18:28:30.150  1920  8283 D ReflectedParamUpdater: extent() != 1 for single value type: output.subscribed-indices.values
01-05 18:28:30.150  1920  8283 D ReflectedParamUpdater: extent() != 1 for single value type: input.buffers.allocator-ids.values
01-05 18:28:30.150  1920  8283 D ReflectedParamUpdater: extent() != 1 for single value type: output.buffers.allocator-ids.values
01-05 18:28:30.150  1920  8283 D ReflectedParamUpdater: extent() != 1 for single value type: algo.buffers.allocator-ids.values
01-05 18:28:30.150  1920  8283 D ReflectedParamUpdater: extent() != 1 for single value type: output.buffers.pool-ids.values
01-05 18:28:30.150  1920  8283 D ReflectedParamUpdater: extent() != 1 for single value type: algo.buffers.pool-ids.values
01-05 18:28:30.151  1249  7988 I CompositorVR: WarpToScreen: Skipping frames for 8
01-05 18:28:30.151  1920  8283 I CCodecConfig: query failed after returning 7 values (BAD_INDEX)
01-05 18:28:30.151  1920  8283 D CCodecConfig: c2 config diff is Dict {
01-05 18:28:30.151  1920  8283 D CCodecConfig:   c2::u32 coded.bitrate.value = 64000
01-05 18:28:30.151  1920  8283 D CCodecConfig:   c2::u32 input.buffers.max-size.value = 32768
01-05 18:28:30.151  1920  8283 D CCodecConfig:   c2::u32 input.delay.value = 0
01-05 18:28:30.151  1920  8283 D CCodecConfig:   string input.media-type.value = "audio/vorbis"
01-05 18:28:30.151  1920  8283 D CCodecConfig:   string output.media-type.value = "audio/raw"
01-05 18:28:30.151  1920  8283 D CCodecConfig:   c2::u32 raw.channel-count.value = 1
01-05 18:28:30.151  1920  8283 D CCodecConfig:   c2::u32 raw.sample-rate.value = 48000
01-05 18:28:30.151  1920  8283 D CCodecConfig: }
01-05 18:28:30.151  1920  8283 D CCodecConfig: no c2 equivalents for durationUs
01-05 18:28:30.151  1920  8283 D CCodecConfig: no c2 equivalents for csd-1
01-05 18:28:30.151  1920  8283 D CCodecConfig: no c2 equivalents for track-id
01-05 18:28:30.151  1920  8283 D CCodecConfig: no c2 equivalents for channel-mask
01-05 18:28:30.152  1920  8283 D CCodecConfig: c2 config diff is   c2::u32 raw.channel-count.value = 2
01-05 18:28:30.152  1920  8283 D CCodecConfig:   c2::u32 raw.sample-rate.value = 44100
01-05 18:28:30.154  1920  8283 W Codec2Client: query -- param skipped: index = 1107298332.
01-05 18:28:30.154  1920  8283 D CCodec  : setup formats input: AMessage(what = 0x00000000) = {
01-05 18:28:30.154  1920  8283 D CCodec  :   int32_t channel-count = 2
01-05 18:28:30.154  1920  8283 D CCodec  :   int32_t max-input-size = 32768
01-05 18:28:30.154  1920  8283 D CCodec  :   string mime = "audio/vorbis"
01-05 18:28:30.154  1920  8283 D CCodec  :   int32_t sample-rate = 44100
01-05 18:28:30.154  1920  8283 D CCodec  : } and output: AMessage(what = 0x00000000) = {
01-05 18:28:30.154  1920  8283 D CCodec  :   int32_t channel-count = 2
01-05 18:28:30.154  1920  8283 D CCodec  :   string mime = "audio/raw"
01-05 18:28:30.154  1920  8283 D CCodec  :   int32_t sample-rate = 44100
01-05 18:28:30.154  1920  8283 D CCodec  :   int32_t channel-mask = 3
01-05 18:28:30.154  1920  8283 D CCodec  : }
01-05 18:28:30.156  3288  3288 W OVRLibrary: null cursor received for query content://com.oculus.ocms.library/apps/com.android.settings
01-05 18:28:30.158  4047  4165 E OsSdk   : error getting shared memory region, memory type: HeadTracker, failed with Status(-1, EX_SECURITY): 'requested shared memory region when not registered/focused'
01-05 18:28:30.160   843   843 V C2Store : in ~ComponentModule
01-05 18:28:30.161   843   843 V C2Store : unloading dll
01-05 18:28:30.161  3288  3288 D [SUI] ActivityManagerUtilsHelper: onFocusedWindowChanged: Instance: com.oculus.common.activitymanager.ActivityManagerUtilsHelper@20aa19, topWindowUid: 10020, focusedApp: com.oculus.vrshell, previousApp: null
01-05 18:28:30.161  3288  3288 D [SUI] SystemUXBroadcastReceiver: action: com.oculus.systemactivities.CAPTURE_STATE_UPDATE
01-05 18:28:30.161  3288  3288 I [SUI] SystemUXBroadcastReceiver: handleCaptureStateUpdate: captureToDisk false, captureEnabled false, isCapturingAbuseReport false, abuseRecordingUUID null
01-05 18:28:30.162  3288  3288 D [SUI] SystemUXBroadcastReceiver: action: com.oculus.systemactivities.LOCAL_STREAM_STATE_UPDATE
01-05 18:28:30.162  3288  3288 D [SUI] ScreenCaptureUtil: onLocalStreamStateUpdate(isCaptureRunning = false)
01-05 18:28:30.162  3288  3288 I chatty  : uid=10026 com.oculus.systemux:SystemUX identical 1 line
01-05 18:28:30.162  3288  3288 D [SUI] ScreenCaptureUtil: onLocalStreamStateUpdate(isCaptureRunning = false)
01-05 18:28:30.162  1249  7988 I CompositorVR: WarpToScreen: Skipping frames for 8
01-05 18:28:30.167  2675  3469 I VrGuardianService: GuardianSDKServer::SetGuardianHitDialog2 0
01-05 18:28:30.173  1249  7988 I CompositorVR: WarpToScreen: Skipping frames for 8
01-05 18:28:30.181  3288  3288 I PresenceAPK(ServiceApiManager): onServiceConnected componentName=ComponentInfo{com.oculus.presence/com.oculus.presence.services.presence.PresenceService}
01-05 18:28:30.182  3288  3288 I PresenceAPK(ServiceApiManager): setting apiStatusListener
01-05 18:28:30.182  3288  3288 D [SUI] SystemUXBroadcastReceiver: action: com.oculus.systemactivities.CAPTURE_STATE_UPDATE
01-05 18:28:30.182  3288  3371 I PresenceAPK(ServiceApiManager): onApiReady
01-05 18:28:30.182  3288  3288 I [SUI] SystemUXBroadcastReceiver: handleCaptureStateUpdate: captureToDisk false, captureEnabled false, isCapturingAbuseReport false, abuseRecordingUUID null
01-05 18:28:30.184  3288  3288 D [SUI] SystemUXBroadcastReceiver: action: com.oculus.systemactivities.LOCAL_STREAM_STATE_UPDATE
01-05 18:28:30.184  3288  3288 D [SUI] ScreenCaptureUtil: onLocalStreamStateUpdate(isCaptureRunning = false)
01-05 18:28:30.184  3288  8260 W OVRLibrary: null cursor received for query content://com.oculus.ocms.library/apps/com.oculus.shellenv
01-05 18:28:30.184  3288  3288 D [SUI] ScreenCaptureUtil: onLocalStreamStateUpdate(isCaptureRunning = false)
01-05 18:28:30.184  3288  3288 D [SUI] ScreenCaptureUtil: onLocalStreamStateUpdate(isCaptureRunning = false)
01-05 18:28:30.184  3288  3288 I PresenceAPK(ServiceApiManager): onServiceConnected componentName=ComponentInfo{com.oculus.presence/com.oculus.presence.services.presence.PresenceService}
01-05 18:28:30.184  1249  7988 I CompositorVR: WarpToScreen: Skipping frames for 8
01-05 18:28:30.185  3288  3288 I PresenceAPK(ServiceApiManager): setting apiStatusListener
01-05 18:28:30.186  3288  3288 D [SUI] NotificationBroadcastReceiver: action: com.oculus.intent.action.NOTIF_CHANGE
01-05 18:28:30.186  3288  4128 I PresenceAPK(ServiceApiManager): onApiReady
01-05 18:28:30.187  3288  3288 W [SUI] AsyncQueryHandlerBase: Callback reference is null
01-05 18:28:30.196  1249  7988 I CompositorVR: WarpToScreen: Skipping frames for 8
01-05 18:28:30.203   855   855 I chatty  : uid=1000(system) /system/bin/trackingservice identical 12 lines
01-05 18:28:30.204  4047  4165 E OsSdk   : error getting shared memory region, memory type: HeadTracker, failed with Status(-1, EX_SECURITY): 'requested shared memory region when not registered/focused'
01-05 18:28:30.205  3288  3371 I PresenceAPK(ServicePresenceClient): calling onServiceUp
01-05 18:28:30.207  1249  7988 I CompositorVR: WarpToScreen: Skipping frames for 8
01-05 18:28:30.210  2666  2945 I [SEO] PanelAppHost: Setting panel layer visibility of layer "#main" to visible, panel 7 (com.oculus.systemux/com.oculus.panelapp.anytimeui.AnytimeUIAndroidPanelService)
01-05 18:28:30.215  3288  4128 I PresenceAPK(ServicePresenceClient): calling onServiceUp
01-05 18:28:30.217  3288  8260 D NotificationsBadgeLiveData: MessageBadgeData, pullAndCheckNotifs, old data source notif count: 0, oc chats count: 0, messenger count: 0
01-05 18:28:30.218  1249  7988 I CompositorVR: WarpToScreen: Skipping frames for 8
01-05 18:28:30.229  1249  7988 I CompositorVR: WarpToScreen: Skipping frames for 8
01-05 18:28:30.234  3288  3371 I PresenceAPK(PresenceClient): onServiceUp
01-05 18:28:30.234  3288  3371 I PresenceAPK(GroupManager): onConnected
01-05 18:28:30.236  3288  3996 I PresenceAPK(GroupManager): initialEnumerationFinished
01-05 18:28:30.236  3288  3996 I PresenceAPK(GroupManager): no reconnect groups
01-05 18:28:30.239  1920  8287 D CCodec  : allocate(c2.android.vorbis.decoder)
01-05 18:28:30.240   843   843 V C2Store : in init
01-05 18:28:30.240   843   843 V C2Store : loading dll
01-05 18:28:30.240  1249  7988 I CompositorVR: WarpToScreen: Skipping frames for 8
01-05 18:28:30.243  1920  8287 I CCodec  : Created component [c2.android.vorbis.decoder]
01-05 18:28:30.243  1920  8287 D CCodecConfig: read media type: audio/vorbis
01-05 18:28:30.249   855   855 W TrackingService: attachClient: found client in attached list
01-05 18:28:30.250  4047  4165 E OsSdk   : error getting shared memory region, memory type: HeadTracker, failed with Status(-1, EX_SECURITY): 'requested shared memory region when not registered/focused'
01-05 18:28:30.251  1249  7988 I CompositorVR: WarpToScreen: Skipping frames for 8
01-05 18:28:30.252  3288  4128 I PresenceAPK(PresenceClient): onServiceUp
01-05 18:28:30.252  3288  4128 I PresenceAPK(GroupManager): onConnected
01-05 18:28:30.253  1920  8287 D ReflectedParamUpdater: extent() != 1 for single value type: algo.buffers.max-count.values
01-05 18:28:30.253  1920  8287 D ReflectedParamUpdater: extent() != 1 for single value type: output.subscribed-indices.values
01-05 18:28:30.253  1920  8287 D ReflectedParamUpdater: extent() != 1 for single value type: input.buffers.allocator-ids.values
01-05 18:28:30.253  1920  8287 D ReflectedParamUpdater: extent() != 1 for single value type: output.buffers.allocator-ids.values
01-05 18:28:30.253  1920  8287 D ReflectedParamUpdater: extent() != 1 for single value type: algo.buffers.allocator-ids.values
01-05 18:28:30.253  1920  8287 D ReflectedParamUpdater: extent() != 1 for single value type: output.buffers.pool-ids.values
01-05 18:28:30.253  1920  8287 D ReflectedParamUpdater: extent() != 1 for single value type: algo.buffers.pool-ids.values
01-05 18:28:30.254  1920  8287 I CCodecConfig: query failed after returning 7 values (BAD_INDEX)
01-05 18:28:30.254  1920  8287 D CCodecConfig: c2 config diff is Dict {
01-05 18:28:30.254  1920  8287 D CCodecConfig:   c2::u32 coded.bitrate.value = 64000
01-05 18:28:30.254  1920  8287 D CCodecConfig:   c2::u32 input.buffers.max-size.value = 32768
01-05 18:28:30.254  1920  8287 D CCodecConfig:   c2::u32 input.delay.value = 0
01-05 18:28:30.254  1920  8287 D CCodecConfig:   string input.media-type.value = "audio/vorbis"
01-05 18:28:30.254  1920  8287 D CCodecConfig:   string output.media-type.value = "audio/raw"
01-05 18:28:30.254  1920  8287 D CCodecConfig:   c2::u32 raw.channel-count.value = 1
01-05 18:28:30.254  1920  8287 D CCodecConfig:   c2::u32 raw.sample-rate.value = 48000
01-05 18:28:30.254  1920  8287 D CCodecConfig: }
01-05 18:28:30.254  3288  3996 I PresenceAPK(GroupManager): initialEnumerationFinished
01-05 18:28:30.254  3288  3996 I PresenceAPK(GroupManager): no reconnect groups
01-05 18:28:30.254  1920  8287 D CCodecConfig: no c2 equivalents for durationUs
01-05 18:28:30.254  1920  8287 D CCodecConfig: no c2 equivalents for csd-1
01-05 18:28:30.254  1920  8287 D CCodecConfig: no c2 equivalents for track-id
01-05 18:28:30.254  1920  8287 D CCodecConfig: no c2 equivalents for channel-mask
01-05 18:28:30.255  3288  3288 D [SUI] SystemUXFunnelLogServerLogger: Impression Event: oculus_impressions_tile_impressioned LogInfo{duration=0, mLogId='com.oculus.explore', mContentType=APP, mPosX=0, mPosy=0, mGlobalPos=0, mSurface=AUI, mSubSurface=null, mClickEventType=null, mClickEventName=null, mAdditionalParameters={aui_section=pinned, aui_position_in_section=0}}
01-05 18:28:30.255  3288  3288 D [SUI] SystemUXFunnelLogServerLogger: Impression Event: oculus_impressions_tile_impressioned LogInfo{duration=0, mLogId='com.oculus.store', mContentType=APP, mPosX=1, mPosy=0, mGlobalPos=1, mSurface=AUI, mSubSurface=null, mClickEventType=null, mClickEventName=null, mAdditionalParameters={aui_section=pinned, aui_position_in_section=1}}
01-05 18:28:30.255  3288  3288 D [SUI] SystemUXFunnelLogServerLogger: Impression Event: oculus_impressions_tile_impressioned LogInfo{duration=0, mLogId='messenger_system_app', mContentType=APP, mPosX=2, mPosy=0, mGlobalPos=2, mSurface=AUI, mSubSurface=null, mClickEventType=null, mClickEventName=null, mAdditionalParameters={aui_section=pinned, aui_position_in_section=2}}
01-05 18:28:30.255  3288  3288 D [SUI] SystemUXFunnelLogServerLogger: Impression Event: oculus_impressions_tile_impressioned LogInfo{duration=0, mLogId='share_system_app', mContentType=APP, mPosX=3, mPosy=0, mGlobalPos=3, mSurface=AUI, mSubSurface=null, mClickEventType=null, mClickEventName=null, mAdditionalParameters={aui_section=pinned, aui_position_in_section=3}}
01-05 18:28:30.255  3288  3288 D [SUI] SystemUXFunnelLogServerLogger: Impression Event: oculus_impressions_tile_impressioned LogInfo{duration=0, mLogId='settings_system_app', mContentType=APP, mPosX=5, mPosy=0, mGlobalPos=5, mSurface=AUI, mSubSurface=null, mClickEventType=null, mClickEventName=null, mAdditionalParameters={aui_section=recent, aui_position_in_section=0}}
01-05 18:28:30.255  1920  8287 D CCodecConfig: c2 config diff is   c2::u32 raw.channel-count.value = 2
01-05 18:28:30.255  1920  8287 D CCodecConfig:   c2::u32 raw.sample-rate.value = 44100
01-05 18:28:30.255  1920  8287 W Codec2Client: query -- param skipped: index = 1107298332.
01-05 18:28:30.255  1920  8287 D CCodec  : setup formats input: AMessage(what = 0x00000000) = {
01-05 18:28:30.255  1920  8287 D CCodec  :   int32_t channel-count = 2
01-05 18:28:30.255  1920  8287 D CCodec  :   int32_t max-input-size = 32768
01-05 18:28:30.255  1920  8287 D CCodec  :   string mime = "audio/vorbis"
01-05 18:28:30.255  1920  8287 D CCodec  :   int32_t sample-rate = 44100
01-05 18:28:30.255  1920  8287 D CCodec  : } and output: AMessage(what = 0x00000000) = {
01-05 18:28:30.255  1920  8287 D CCodec  :   int32_t channel-count = 2
01-05 18:28:30.255  1920  8287 D CCodec  :   string mime = "audio/raw"
01-05 18:28:30.255  1920  8287 D CCodec  :   int32_t sample-rate = 44100
01-05 18:28:30.255  1920  8287 D CCodec  :   int32_t channel-mask = 3
01-05 18:28:30.255  1920  8287 D CCodec  : }
01-05 18:28:30.262  1249  7988 I CompositorVR: WarpToScreen: Skipping frames for 8
01-05 18:28:30.264  1920  8287 W Codec2Client: query -- param skipped: index = 1342179345.
01-05 18:28:30.264  1920  8287 W Codec2Client: query -- param skipped: index = 2415921170.
01-05 18:28:30.264  1920  8287 D CCodecBufferChannel: [c2.android.vorbis.decoder#921] Created input block pool with allocatorID 16 => poolID 24 - OK (0)
01-05 18:28:30.265  1920  8287 I CCodecBufferChannel: [c2.android.vorbis.decoder#921] Created output block pool with allocatorID 16 => poolID 59 - OK
01-05 18:28:30.265  1920  8287 D CCodecBufferChannel: [c2.android.vorbis.decoder#921] Configured output block pool ids 59 => OK
01-05 18:28:30.268   843  8288 D SimpleC2Component: Using output block pool with poolID 59 => got 59 - 0
01-05 18:28:30.274  1249  7988 I CompositorVR: WarpToScreen: Skipping frames for 8
01-05 18:28:30.285  1249  7988 I CompositorVR: WarpToScreen: Skipping frames for 8
01-05 18:28:30.292   855  1040 W TrackingService: attachClient: found client in attached list
01-05 18:28:30.293  4047  4165 E OsSdk   : error getting shared memory region, memory type: HeadTracker, failed with Status(-1, EX_SECURITY): 'requested shared memory region when not registered/focused'
01-05 18:28:30.296  1249  7988 I CompositorVR: WarpToScreen: Skipping frames for 8
01-05 18:28:30.318  1249  7988 I chatty  : uid=10025(com.oculus.systemdriver) OVR::TimeWarp identical 2 lines
01-05 18:28:30.329  1249  7988 I CompositorVR: WarpToScreen: Skipping frames for 8
01-05 18:28:30.335   855  1040 W TrackingService: attachClient: found client in attached list
01-05 18:28:30.336  4047  4165 E OsSdk   : error getting shared memory region, memory type: HeadTracker, failed with Status(-1, EX_SECURITY): 'requested shared memory region when not registered/focused'
01-05 18:28:30.336   855   855 W TrackingService: attachClient: found client in attached list
01-05 18:28:30.337  4047  4165 E OsSdk   : error getting shared memory region, memory type: AnchorTracker, failed with Status(-1, EX_SECURITY): 'requested shared memory region when not registered/focused'
01-05 18:28:30.340  1249  7988 I CompositorVR: WarpToScreen: Skipping frames for 8
01-05 18:28:30.363  1249  7988 I chatty  : uid=10025(com.oculus.systemdriver) OVR::TimeWarp identical 2 lines
01-05 18:28:30.374  1249  7988 I CompositorVR: WarpToScreen: Skipping frames for 8
01-05 18:28:30.382   855  1040 W TrackingService: attachClient: found client in attached list
01-05 18:28:30.383  4047  4165 E OsSdk   : error getting shared memory region, memory type: HeadTracker, failed with Status(-1, EX_SECURITY): 'requested shared memory region when not registered/focused'
01-05 18:28:30.385  1249  7988 I CompositorVR: WarpToScreen: Skipping frames for 8
01-05 18:28:30.407  1249  7988 I chatty  : uid=10025(com.oculus.systemdriver) OVR::TimeWarp identical 2 lines
01-05 18:28:30.418  1249  7988 I CompositorVR: WarpToScreen: Skipping frames for 8
01-05 18:28:30.425   855  1040 W TrackingService: attachClient: found client in attached list
01-05 18:28:30.426  4047  4165 E OsSdk   : error getting shared memory region, memory type: HeadTracker, failed with Status(-1, EX_SECURITY): 'requested shared memory region when not registered/focused'
01-05 18:28:30.429  1249  7988 I CompositorVR: WarpToScreen: Skipping frames for 8
01-05 18:28:30.441  1249  7988 I chatty  : uid=10025(com.oculus.systemdriver) OVR::TimeWarp identical 1 line
01-05 18:28:30.452  1249  7988 I CompositorVR: WarpToScreen: Skipping frames for 8
01-05 18:28:30.454  3288  3288 D [SUI] SystemUXFunnelLogServerLogger: VPV Event: oculus_impressions_tile_vpved LogInfo{duration=250, mLogId='com.oculus.explore', mContentType=APP, mPosX=0, mPosy=0, mGlobalPos=0, mSurface=AUI, mSubSurface=null, mClickEventType=null, mClickEventName=null, mAdditionalParameters={aui_section=pinned, aui_position_in_section=0}}
01-05 18:28:30.454  3288  3288 D [SUI] SystemUXFunnelLogServerLogger: VPV Event: oculus_impressions_tile_vpved LogInfo{duration=250, mLogId='com.oculus.store', mContentType=APP, mPosX=1, mPosy=0, mGlobalPos=1, mSurface=AUI, mSubSurface=null, mClickEventType=null, mClickEventName=null, mAdditionalParameters={aui_section=pinned, aui_position_in_section=1}}
01-05 18:28:30.454  3288  3288 D [SUI] SystemUXFunnelLogServerLogger: VPV Event: oculus_impressions_tile_vpved LogInfo{duration=250, mLogId='messenger_system_app', mContentType=APP, mPosX=2, mPosy=0, mGlobalPos=2, mSurface=AUI, mSubSurface=null, mClickEventType=null, mClickEventName=null, mAdditionalParameters={aui_section=pinned, aui_position_in_section=2}}
01-05 18:28:30.454  3288  3288 D [SUI] SystemUXFunnelLogServerLogger: VPV Event: oculus_impressions_tile_vpved LogInfo{duration=250, mLogId='share_system_app', mContentType=APP, mPosX=3, mPosy=0, mGlobalPos=3, mSurface=AUI, mSubSurface=null, mClickEventType=null, mClickEventName=null, mAdditionalParameters={aui_section=pinned, aui_position_in_section=3}}
01-05 18:28:30.454  3288  3288 D [SUI] SystemUXFunnelLogServerLogger: VPV Event: oculus_impressions_tile_vpved LogInfo{duration=250, mLogId='settings_system_app', mContentType=APP, mPosX=5, mPosy=0, mGlobalPos=5, mSurface=AUI, mSubSurface=null, mClickEventType=null, mClickEventName=null, mAdditionalParameters={aui_section=recent, aui_position_in_section=0}}
01-05 18:28:30.463  1249  7988 I CompositorVR: WarpToScreen: Skipping frames for 8
01-05 18:28:30.469   855   855 W TrackingService: attachClient: found client in attached list
01-05 18:28:30.470  4047  4165 E OsSdk   : error getting shared memory region, memory type: HeadTracker, failed with Status(-1, EX_SECURITY): 'requested shared memory region when not registered/focused'
01-05 18:28:30.474  1249  7988 I CompositorVR: WarpToScreen: Skipping frames for 8
01-05 18:28:30.496  1249  7988 I chatty  : uid=10025(com.oculus.systemdriver) OVR::TimeWarp identical 2 lines
01-05 18:28:30.507  1249  7988 I CompositorVR: WarpToScreen: Skipping frames for 8
01-05 18:28:30.515  4047  4165 E OsSdk   : error getting shared memory region, memory type: HeadTracker, failed with Status(-1, EX_SECURITY): 'requested shared memory region when not registered/focused'
01-05 18:28:30.519  1249  7988 I CompositorVR: WarpToScreen: Skipping frames for 8
01-05 18:28:30.530  1249  7988 I CompositorVR: WarpToScreen: Skipping frames for 8
01-05 18:28:30.538   855   855 I chatty  : uid=1000(system) /system/bin/trackingservice identical 2 lines
01-05 18:28:30.539  4047  4165 E OsSdk   : error getting shared memory region, memory type: HeadTracker, failed with Status(-1, EX_SECURITY): 'requested shared memory region when not registered/focused'
01-05 18:28:30.541  1249  7988 I CompositorVR: WarpToScreen: Skipping frames for 8
01-05 18:28:30.563  1249  7988 I chatty  : uid=10025(com.oculus.systemdriver) OVR::TimeWarp identical 2 lines
01-05 18:28:30.574  1249  7988 I CompositorVR: WarpToScreen: Skipping frames for 8
01-05 18:28:30.582   855   855 W TrackingService: attachClient: found client in attached list
01-05 18:28:30.583  4047  4165 E OsSdk   : error getting shared memory region, memory type: HeadTracker, failed with Status(-1, EX_SECURITY): 'requested shared memory region when not registered/focused'
01-05 18:28:30.583   855  1186 W TrackingService: attachClient: found client in attached list
01-05 18:28:30.583  4047  4165 E OsSdk   : error getting shared memory region, memory type: AnchorTracker, failed with Status(-1, EX_SECURITY): 'requested shared memory region when not registered/focused'
01-05 18:28:30.585  1249  7988 I CompositorVR: WarpToScreen: Skipping frames for 8
01-05 18:28:30.608  1249  7988 I chatty  : uid=10025(com.oculus.systemdriver) OVR::TimeWarp identical 2 lines
01-05 18:28:30.619  1249  7988 I CompositorVR: WarpToScreen: Skipping frames for 8
01-05 18:28:30.626  4047  4165 E OsSdk   : error getting shared memory region, memory type: HeadTracker, failed with Status(-1, EX_SECURITY): 'requested shared memory region when not registered/focused'
01-05 18:28:30.630  1249  7988 I CompositorVR: WarpToScreen: Skipping frames for 8
01-05 18:28:30.631  2675  3267 I Telemetry: App memory usage: PSS=50 MiB, PrivateDirty=40 MiB, PrivateClean=3 MiB, GPU=3.9/4.1 MiB (96% allocated)
01-05 18:28:30.641  1249  7988 I CompositorVR: WarpToScreen: Skipping frames for 8
01-05 18:28:30.652  1249  7988 I chatty  : uid=10025(com.oculus.systemdriver) OVR::TimeWarp identical 1 line
01-05 18:28:30.663  1249  7988 I CompositorVR: WarpToScreen: Skipping frames for 8
01-05 18:28:30.669  4047  4165 E OsSdk   : error getting shared memory region, memory type: HeadTracker, failed with Status(-1, EX_SECURITY): 'requested shared memory region when not registered/focused'
01-05 18:28:30.674  1249  7988 I CompositorVR: WarpToScreen: Skipping frames for 8
01-05 18:28:30.697  1249  7988 I chatty  : uid=10025(com.oculus.systemdriver) OVR::TimeWarp identical 2 lines
01-05 18:28:30.708  1249  7988 I CompositorVR: WarpToScreen: Skipping frames for 8
01-05 18:28:30.715  4047  4165 E OsSdk   : error getting shared memory region, memory type: HeadTracker, failed with Status(-1, EX_SECURITY): 'requested shared memory region when not registered/focused'
01-05 18:28:30.719  1249  7988 I CompositorVR: WarpToScreen: Skipping frames for 8
01-05 18:28:30.725   855  7993 W [CT]    : VEGA:MAP_TRACKING_HM: [Throttled count=1] Bad map tracking: map tracking failed @ Submap id = 2, version = 779198011 with status: 2
01-05 18:28:30.730  1249  7988 I CompositorVR: WarpToScreen: Skipping frames for 8
01-05 18:28:30.741  1249  7988 I chatty  : uid=10025(com.oculus.systemdriver) OVR::TimeWarp identical 1 line
01-05 18:28:30.752  1249  7988 I CompositorVR: WarpToScreen: Skipping frames for 8
01-05 18:28:30.759  4047  4165 E OsSdk   : error getting shared memory region, memory type: HeadTracker, failed with Status(-1, EX_SECURITY): 'requested shared memory region when not registered/focused'
01-05 18:28:30.764  1249  7988 I CompositorVR: WarpToScreen: Skipping frames for 8
01-05 18:28:30.775  1249  7988 I chatty  : uid=10025(com.oculus.systemdriver) OVR::TimeWarp identical 1 line
01-05 18:28:30.786   855  1186 I chatty  : uid=1000(system) Binder:855_3 identical 5 lines
01-05 18:28:30.786  1249  7988 I CompositorVR: WarpToScreen: Skipping frames for 8
01-05 18:28:30.786  4047  4165 E OsSdk   : error getting shared memory region, memory type: HeadTracker, failed with Status(-1, EX_SECURITY): 'requested shared memory region when not registered/focused'
01-05 18:28:30.797  1249  7988 I CompositorVR: WarpToScreen: Skipping frames for 8
01-05 18:28:30.808  1249  7988 I chatty  : uid=10025(com.oculus.systemdriver) OVR::TimeWarp identical 1 line
01-05 18:28:30.819  1249  7988 I CompositorVR: WarpToScreen: Skipping frames for 8
01-05 18:28:30.829   855  1186 W TrackingService: attachClient: found client in attached list
01-05 18:28:30.830  4047  4165 E OsSdk   : error getting shared memory region, memory type: HeadTracker, failed with Status(-1, EX_SECURITY): 'requested shared memory region when not registered/focused'
01-05 18:28:30.830   855   855 W TrackingService: attachClient: found client in attached list
01-05 18:28:30.830  1249  7988 I CompositorVR: WarpToScreen: Skipping frames for 8
01-05 18:28:30.831  4047  4165 E OsSdk   : error getting shared memory region, memory type: AnchorTracker, failed with Status(-1, EX_SECURITY): 'requested shared memory region when not registered/focused'
01-05 18:28:30.841  1249  7988 I CompositorVR: WarpToScreen: Skipping frames for 8
01-05 18:28:30.853  1249  7988 I chatty  : uid=10025(com.oculus.systemdriver) OVR::TimeWarp identical 1 line
01-05 18:28:30.864  1249  7988 I CompositorVR: WarpToScreen: Skipping frames for 8
01-05 18:28:30.870   855   855 I chatty  : uid=1000(system) /system/bin/trackingservice identical 1 line
01-05 18:28:30.870  4047  4165 E OsSdk   : error getting shared memory region, memory type: HeadTracker, failed with Status(-1, EX_SECURITY): 'requested shared memory region when not registered/focused'
01-05 18:28:30.875  1249  7988 I CompositorVR: WarpToScreen: Skipping frames for 8
01-05 18:28:30.897  1249  7988 I chatty  : uid=10025(com.oculus.systemdriver) OVR::TimeWarp identical 2 lines
01-05 18:28:30.908  1249  7988 I CompositorVR: WarpToScreen: Skipping frames for 8
01-05 18:28:30.913   855  7993 W [CT]    : TIMESTAMPCHECKER: Nominal rate wrong. Estimated data rate: 25, Nominal is 30.000300003000028
01-05 18:28:30.913   855   855 W TrackingService: attachClient: found client in attached list
01-05 18:28:30.915  4047  4165 E OsSdk   : error getting shared memory region, memory type: HeadTracker, failed with Status(-1, EX_SECURITY): 'requested shared memory region when not registered/focused'
01-05 18:28:30.919  1249  7988 I CompositorVR: WarpToScreen: Skipping frames for 8
01-05 18:28:30.931  1249  7988 I chatty  : uid=10025(com.oculus.systemdriver) OVR::TimeWarp identical 1 line
01-05 18:28:30.942  1249  7988 I CompositorVR: WarpToScreen: Skipping frames for 8
01-05 18:28:30.946   855  1186 W TrackingService: attachClient: found client in attached list
01-05 18:28:30.947  4047  4165 E OsSdk   : error getting shared memory region, memory type: HeadTracker, failed with Status(-1, EX_SECURITY): 'requested shared memory region when not registered/focused'
01-05 18:28:30.953  1249  7988 I CompositorVR: WarpToScreen: Skipping frames for 8
01-05 18:28:30.964  1249  7988 I CompositorVR: WarpToScreen: Skipping frames for 8
01-05 18:28:30.970  2675  2854 I GuardianCollisionTracker: Guardian Controller Collision: Magnitude: 6.056, Duration: -1.000 sec, TimeStamp: 6239.403320 sec
01-05 18:28:30.975  1249  7988 I CompositorVR: WarpToScreen: Skipping frames for 8
01-05 18:28:30.983  3288  8273 I ipcLoader_static: RuntimeIPC: Loader: IPC Service API Loader Version: 33 Nov 25 2022 14:16:03
01-05 18:28:30.983  3288  8273 I RuntimeIPCApi: ipc_Initialize
01-05 18:28:30.983  3288  8273 I RuntimeIPCServiceClient: Init: Already initialized: com.oculus.systemux:SystemUX, 3
01-05 18:28:30.984  1046  4508 W ActivityManager: Unable to start service Intent { cmp=com.oculus.presence/.service.PresenceService } U=0: not found
01-05 18:28:30.985  2276  3329 D RPCServer: RegisterClient: Client: com.oculus.systemux:com.oculus.systemux:SystemUX:3288, Server: com.oculus.presence:com.oculus.presence (PubSubServer)
01-05 18:28:30.986  2276  3329 I IPCSharedMemory: CreateSharedMemory: Allocated shared memory fd 123 (ipcStateReadWrite)
01-05 18:28:30.986  2276  3329 I IPCSharedMemory: CreateSharedMemory: Allocated shared memory fd 124 (ipcReadOnlyState)
01-05 18:28:30.986  2276  3329 I RPCClientHandler: Event buffer size (server): 8192
01-05 18:28:30.986  1249  7988 I CompositorVR: WarpToScreen: Skipping frames for 8
01-05 18:28:30.986  2276  3329 I IPCSharedMemory: CreateSharedMemory: Allocated shared memory fd 127 (ipcEventBuffer)
01-05 18:28:30.987  2276  3329 I IPCSharedMemory: CreateSharedMemory: Allocated shared memory fd 128 (ipcEventBuffer_Private)
01-05 18:28:30.988  2276  3329 I RuntimeIPCServerMgr: HandleClientConnect SUCCESS: Client: com.oculus.systemux:com.oculus.systemux:SystemUX:3288, Server: com.oculus.presence:com.oculus.presence (PubSubServer)
01-05 18:28:30.988  2276  3329 I RPCServer: GetServerStatesConfig -> {MaxBufferSize=32768, MaxEntries=64}
01-05 18:28:30.988  3288  8273 I RuntimeIPCClient: GetServerStatesConfig returned maxEntries=64, maxBuffSize=32768
01-05 18:28:30.988  3288  8273 I RuntimeIPCClient: Event buffer size (client): 8192
01-05 18:28:30.988  3288  8273 I RuntimeIPCClient: TryToGetIPCResourcesFromServer: RPC_CONNECTOR_CONNECT_TO_SERVER SUCCESS: Client: com.oculus.systemux:com.oculus.systemux:SystemUX:3288, Server: com.oculus.presence:com.oculus.presence (PubSubServer)
01-05 18:28:30.988  3288  8273 I RuntimeIPCClient: EnsureServerConnection: SUCCESS. Client: com.oculus.systemux:com.oculus.systemux:SystemUX:3288, Server: com.oculus.presence:com.oculus.presence (PubSubServer)
01-05 18:28:30.988  3288  8273 I RuntimeIPCClientMgr: ConnectToServer: SUCCESS: Client: com.oculus.systemux:com.oculus.systemux:SystemUX:3288, Server: com.oculus.presence:com.oculus.presence (PubSubServer)
01-05 18:28:30.991  1523  1523 D OculusNotificationListenerService: Notification posted: 0|com.oculus.presence|50001|null|10070
01-05 18:28:30.993   855  1186 W TrackingService: attachClient: found client in attached list
01-05 18:28:30.994  4047  4165 E OsSdk   : error getting shared memory region, memory type: HeadTracker, failed with Status(-1, EX_SECURITY): 'requested shared memory region when not registered/focused'
01-05 18:28:30.997  1249  7988 I CompositorVR: WarpToScreen: Skipping frames for 8
01-05 18:28:31.002  2666  8233 I Telemetry: App memory usage: PSS=53 MiB, PrivateDirty=33 MiB, PrivateClean=1 MiB, GPU=5.9/6.1 MiB (97% allocated)
01-05 18:28:31.004  1920  8225 I Telemetry: App memory usage: PSS=310 MiB, PrivateDirty=260 MiB, PrivateClean=36 MiB, GPU=100.8/101.2 MiB (100% allocated)
01-05 18:28:31.007  1920  8225 I VrApi   : FPS=89/90,Prd=24ms,Tear=0,Early=0,Stale=4,VSnc=0,Lat=-1,Fov=0,CPU4/GPU=4/4,2419/525MHz,OC=FF,TA=0/70/0,SP=N/F/N,Mem=2092MHz,Free=2195MB,PLS=0,Temp=25.7C/0.0C,TW=1.71ms,App=4.33ms,GD=0.12ms,CPU&GPU=6.56ms,LCnt=3(DR74,LM2),GPU%=0.64,CPU%=0.21(W0.25),DSF=1.00,CFL=14.64/27.78
01-05 18:28:31.009  1249  7988 I CompositorVR: WarpToScreen: Skipping frames for 8
01-05 18:28:31.010  3288  8273 D HyperspaceClientJni: initHyperspacePresenceServiceClient finished
01-05 18:28:31.011  3288  8273 D HyperspaceClientJni: initInternal - finish
01-05 18:28:31.011  3288  8273 I HyperspaceClient: Service connection changed: true
01-05 18:28:31.011  3288  8273 D HyperspaceClientJni: initHyperspacePresenceServiceClientCallsInfoChangedCallback
01-05 18:28:31.012  3288  3288 D [SUI] NotificationBroadcastReceiver: action: com.oculus.intent.action.NOTIF_CHANGE
01-05 18:28:31.013  2140  2140 D VrNotificationAnalytics: logNotificationPosted: key(0|com.oculus.presence|50001|null|10070), type(first_party_unspecified), isToast(false)
01-05 18:28:31.013  2276  2303 I RPCServer: GetServerStatesConfig -> {MaxBufferSize=32768, MaxEntries=64}
01-05 18:28:31.013  3288  8273 I RuntimeIPCClient: GetServerStatesConfig returned maxEntries=64, maxBuffSize=32768
01-05 18:28:31.013  3288  8273 I RuntimeIPCClient: InitServerStateBuffer: SUCCESS. 2, Client: com.oculus.systemux:com.oculus.systemux:SystemUX:3288, Server: com.oculus.presence:com.oculus.presence (PubSubServer)
01-05 18:28:31.013  3288  3288 D HyperspaceClient: onCallsInfoChanged: []
01-05 18:28:31.015  2140  2140 I [OAO] VrNotificationListenerService: onNotificationPosted() - key = 0|com.oculus.presence|50001|null|10070, type = first_party_unspecified, isToast = false, isBlocked with reason = true Blocked by does not contain all markers for a toast notification
01-05 18:28:31.016  2140  2140 D [OAO] VrBroadcastReceiver: action: com.oculus.vrshell.intent.action.NOTIFICATION_WAKE
01-05 18:28:31.017  2140  2140 D [OAO] VrNotificationService: VrNotificationService onStartCommand() Intent { cmp=com.oculus.vrshell/.VrNotificationService }
01-05 18:28:31.020  1249  7988 I CompositorVR: WarpToScreen: Skipping frames for 8
01-05 18:28:31.023  3288  8260 D NotificationsBadgeLiveData: MessageBadgeData, pullAndCheckNotifs, old data source notif count: 0, oc chats count: 0, messenger count: 0
01-05 18:28:31.029   855   855 W TrackingService: attachClient: found client in attached list
