01-05 19:00:51.828  8646  8724 E OsSdk   : error getting shared memory region, memory type: HeadTracker, failed with Status(-1, EX_SECURITY): 'requested shared memory region when not registered/focused'
01-05 19:00:51.846   855 11166 W [CT]    : VEGA:MAP_TRACKING_HM: [Throttled count=24] Map tracking did not run.
01-05 19:00:51.871  8646  8724 E OsSdk   : error getting shared memory region, memory type: HeadTracker, failed with Status(-1, EX_SECURITY): 'requested shared memory region when not registered/focused'
01-05 19:00:51.968   855  1671 I chatty  : uid=1000(system) Binder:855_4 identical 69 lines
01-05 19:00:51.969  8646  8724 E OsSdk   : error getting shared memory region, memory type: HeadTracker, failed with Status(-1, EX_SECURITY): 'requested shared memory region when not registered/focused'
01-05 19:00:51.969   855  1671 W TrackingService: attachClient: found client in attached list
01-05 19:00:51.972  8646  8724 E OsSdk   : error getting shared memory region, memory type: AnchorTracker, failed with Status(-1, EX_SECURITY): 'requested shared memory region when not registered/focused'
01-05 19:00:52.006 11049 11342 I VrApi   : FPS=72/72,Prd=48ms,Tear=0,Early=72,Stale=0,VSnc=1,Lat=1,Fov=0,CPU4/GPU=2/3,1171/490MHz,OC=FF,TA=0/70/70,SP=N/F/F,Mem=2092MHz,Free=2052MB,PLS=0,Temp=27.0C/0.0C,TW=1.79ms,App=3.86ms,GD=0.12ms,CPU&GPU=7.72ms,LCnt=2(DR0,LM2),GPU%=0.44,CPU%=0.24(W0.30),DSF=1.00,CFL=19.65/21.47
01-05 19:00:52.012   855  1186 W TrackingService: attachClient: found client in attached list
01-05 19:00:52.013  8646  8724 E OsSdk   : error getting shared memory region, memory type: HeadTracker, failed with Status(-1, EX_SECURITY): 'requested shared memory region when not registered/focused'
01-05 19:00:52.098  8646  8724 E OsSdk   : error getting shared memory region, memory type: HeadTracker, failed with Status(-1, EX_SECURITY): 'requested shared memory region when not registered/focused'
01-05 19:00:52.110  8646  8703 D xrstreaming: receive ping: org 0 recv 0 xmt 25936483206700 (received at 8180653053073), offset divergence -466499
01-05 19:00:52.143  8646  8724 E OsSdk   : error getting shared memory region, memory type: HeadTracker, failed with Status(-1, EX_SECURITY): 'requested shared memory region when not registered/focused'
01-05 19:00:52.233  8646  8724 E OsSdk   : error getting shared memory region, memory type: HeadTracker, failed with Status(-1, EX_SECURITY): 'requested shared memory region when not registered/focused'
01-05 19:00:52.235  8646  8724 E OsSdk   : error getting shared memory region, memory type: AnchorTracker, failed with Status(-1, EX_SECURITY): 'requested shared memory region when not registered/focused'
01-05 19:00:52.277   855  1186 I chatty  : uid=1000(system) Binder:855_3 identical 7 lines
01-05 19:00:52.278  8646  8724 E OsSdk   : error getting shared memory region, memory type: HeadTracker, failed with Status(-1, EX_SECURITY): 'requested shared memory region when not registered/focused'
01-05 19:00:52.321   855  1186 W TrackingService: attachClient: found client in attached list
01-05 19:00:52.362   855  1671 W TrackingService: attachClient: found client in attached list
01-05 19:00:52.362  8646  8724 E OsSdk   : error getting shared memory region, memory type: HeadTracker, failed with Status(-1, EX_SECURITY): 'requested shared memory region when not registered/focused'
01-05 19:00:52.383  2675  2854 I GuardianCollisionTracker: Guardian Controller Collision: Magnitude: 5.891, Duration: -1.000 sec, TimeStamp: 8180.895508 sec
01-05 19:00:52.409  8646  8724 E OsSdk   : error getting shared memory region, memory type: HeadTracker, failed with Status(-1, EX_SECURITY): 'requested shared memory region when not registered/focused'
01-05 19:00:52.498  8646  8724 E OsSdk   : error getting shared memory region, memory type: HeadTracker, failed with Status(-1, EX_SECURITY): 'requested shared memory region when not registered/focused'
01-05 19:00:52.499  8646  8724 E OsSdk   : error getting shared memory region, memory type: AnchorTracker, failed with Status(-1, EX_SECURITY): 'requested shared memory region when not registered/focused'
01-05 19:00:52.525   855  1671 I chatty  : uid=1000(system) Binder:855_4 identical 5 lines
01-05 19:00:52.526  8646  8724 E OsSdk   : error getting shared memory region, memory type: HeadTracker, failed with Status(-1, EX_SECURITY): 'requested shared memory region when not registered/focused'
01-05 19:00:52.541   855  1671 W TrackingService: attachClient: found client in attached list
01-05 19:00:52.580   855  1186 W TrackingService: attachClient: found client in attached list
01-05 19:00:52.670   855  1186 I chatty  : uid=1000(system) Binder:855_3 identical 2 lines
01-05 19:00:52.716   855  1186 W TrackingService: attachClient: found client in attached list
01-05 19:00:52.718  8646  8724 E OsSdk   : error getting shared memory region, memory type: HeadTracker, failed with Status(-1, EX_SECURITY): 'requested shared memory region when not registered/focused'
01-05 19:00:52.718   855  1671 W TrackingService: attachClient: found client in attached list
01-05 19:00:52.719  8646  8724 E OsSdk   : error getting shared memory region, memory type: AnchorTracker, failed with Status(-1, EX_SECURITY): 'requested shared memory region when not registered/focused'
01-05 19:00:52.754  1607  3262 I Telemetry: App memory usage: PSS=38 MiB, PrivateDirty=33 MiB, PrivateClean=1 MiB, GPU=3.8/4.0 MiB (96% allocated)
01-05 19:00:52.762  8646  8724 E OsSdk   : error getting shared memory region, memory type: HeadTracker, failed with Status(-1, EX_SECURITY): 'requested shared memory region when not registered/focused'
01-05 19:00:52.809  8646  8724 E OsSdk   : error getting shared memory region, memory type: HeadTracker, failed with Status(-1, EX_SECURITY): 'requested shared memory region when not registered/focused'
01-05 19:00:52.847   855 11166 W [CT]    : VEGA:MAP_TRACKING_HM: [Throttled count=24] Map tracking did not run.
01-05 19:00:52.850  8646  8724 E OsSdk   : error getting shared memory region, memory type: HeadTracker, failed with Status(-1, EX_SECURITY): 'requested shared memory region when not registered/focused'
01-05 19:00:52.943  8646  8724 E OsSdk   : error getting shared memory region, memory type: HeadTracker, failed with Status(-1, EX_SECURITY): 'requested shared memory region when not registered/focused'
01-05 19:00:52.945  8646  8724 E OsSdk   : error getting shared memory region, memory type: AnchorTracker, failed with Status(-1, EX_SECURITY): 'requested shared memory region when not registered/focused'
01-05 19:00:52.985  8646  8724 E OsSdk   : error getting shared memory region, memory type: HeadTracker, failed with Status(-1, EX_SECURITY): 'requested shared memory region when not registered/focused'
01-05 19:00:53.006 11049 11342 I VrApi   : FPS=72/72,Prd=48ms,Tear=0,Early=72,Stale=0,VSnc=1,Lat=1,Fov=0,CPU4/GPU=2/3,1171/490MHz,OC=FF,TA=0/70/70,SP=N/F/F,Mem=2092MHz,Free=2052MB,PLS=0,Temp=27.0C/0.0C,TW=1.80ms,App=3.90ms,GD=0.12ms,CPU&GPU=7.69ms,LCnt=2(DR0,LM2),GPU%=0.44,CPU%=0.28(W0.41),DSF=1.00,CFL=19.62/21.54
01-05 19:00:53.024  8646  8724 E OsSdk   : error getting shared memory region, memory type: HeadTracker, failed with Status(-1, EX_SECURITY): 'requested shared memory region when not registered/focused'
01-05 19:00:53.118  8646  8724 E OsSdk   : error getting shared memory region, memory type: HeadTracker, failed with Status(-1, EX_SECURITY): 'requested shared memory region when not registered/focused'
01-05 19:00:53.119  8646  8703 D xrstreaming: receive ping: org 0 recv 0 xmt 25937491177800 (received at 8181661403229), offset divergence -466499
01-05 19:00:53.165  8646  8724 E OsSdk   : error getting shared memory region, memory type: HeadTracker, failed with Status(-1, EX_SECURITY): 'requested shared memory region when not registered/focused'
01-05 19:00:53.211  8646  8724 E OsSdk   : error getting shared memory region, memory type: HeadTracker, failed with Status(-1, EX_SECURITY): 'requested shared memory region when not registered/focused'
01-05 19:00:53.213  8646  8724 E OsSdk   : error getting shared memory region, memory type: AnchorTracker, failed with Status(-1, EX_SECURITY): 'requested shared memory region when not registered/focused'
01-05 19:00:53.253  8646  8724 E OsSdk   : error getting shared memory region, memory type: HeadTracker, failed with Status(-1, EX_SECURITY): 'requested shared memory region when not registered/focused'
01-05 19:00:53.385  8646  8724 E OsSdk   : error getting shared memory region, memory type: HeadTracker, failed with Status(-1, EX_SECURITY): 'requested shared memory region when not registered/focused'
01-05 19:00:53.393   855 11166 W [CT]    : TIMESTAMPCHECKER: Nominal rate wrong. Estimated data rate: 25, Nominal is 30.000300003000028
01-05 19:00:53.428  8646  8724 E OsSdk   : error getting shared memory region, memory type: HeadTracker, failed with Status(-1, EX_SECURITY): 'requested shared memory region when not registered/focused'
01-05 19:00:53.457  8646  8724 E OsSdk   : error getting shared memory region, memory type: HeadTracker, failed with Status(-1, EX_SECURITY): 'requested shared memory region when not registered/focused'
01-05 19:00:53.458  8646  8724 E OsSdk   : error getting shared memory region, memory type: AnchorTracker, failed with Status(-1, EX_SECURITY): 'requested shared memory region when not registered/focused'
01-05 19:00:53.498   855  1671 I chatty  : uid=1000(system) Binder:855_4 identical 22 lines
01-05 19:00:53.498  8646  8724 E OsSdk   : error getting shared memory region, memory type: HeadTracker, failed with Status(-1, EX_SECURITY): 'requested shared memory region when not registered/focused'
01-05 19:00:53.544   855  1671 W TrackingService: attachClient: found client in attached list
01-05 19:00:53.545  8646  8724 E OsSdk   : error getting shared memory region, memory type: HeadTracker, failed with Status(-1, EX_SECURITY): 'requested shared memory region when not registered/focused'
01-05 19:00:53.552  2675  2854 I GuardianCollisionTracker: Guardian Controller Collision: Magnitude: 4.159, Duration: -1.000 sec, TimeStamp: 8182.068359 sec
01-05 19:00:53.587   855  1186 W TrackingService: attachClient: found client in attached list
01-05 19:00:53.589  8646  8724 E OsSdk   : error getting shared memory region, memory type: HeadTracker, failed with Status(-1, EX_SECURITY): 'requested shared memory region when not registered/focused'
01-05 19:00:53.722  8646  8724 E OsSdk   : error getting shared memory region, memory type: HeadTracker, failed with Status(-1, EX_SECURITY): 'requested shared memory region when not registered/focused'
01-05 19:00:53.724  8646  8724 E OsSdk   : error getting shared memory region, memory type: AnchorTracker, failed with Status(-1, EX_SECURITY): 'requested shared memory region when not registered/focused'
01-05 19:00:53.763   855 10622 I [CT]    : boltlib: DSP utilization: 8.06 % (403 / 5000 ms)
01-05 19:00:53.770  8646  8711 I xrstreaming: AudioPlayer: NetworkMetrics: [3.866,16.745]9.872
01-05 19:00:53.771  8646  8724 E OsSdk   : error getting shared memory region, memory type: HeadTracker, failed with Status(-1, EX_SECURITY): 'requested shared memory region when not registered/focused'
01-05 19:00:53.876  8646  8724 E OsSdk   : error getting shared memory region, memory type: HeadTracker, failed with Status(-1, EX_SECURITY): 'requested shared memory region when not registered/focused'
01-05 19:00:53.886   855 11166 W [CT]    : VEGA:MAP_TRACKING_HM: [Throttled count=25] Map tracking did not run.
01-05 19:00:53.917  8646  8724 E OsSdk   : error getting shared memory region, memory type: HeadTracker, failed with Status(-1, EX_SECURITY): 'requested shared memory region when not registered/focused'
01-05 19:00:53.940  8646  8724 E OsSdk   : error getting shared memory region, memory type: HeadTracker, failed with Status(-1, EX_SECURITY): 'requested shared memory region when not registered/focused'
01-05 19:00:53.942  8646  8724 E OsSdk   : error getting shared memory region, memory type: AnchorTracker, failed with Status(-1, EX_SECURITY): 'requested shared memory region when not registered/focused'
01-05 19:00:53.985  8646  8724 E OsSdk   : error getting shared memory region, memory type: HeadTracker, failed with Status(-1, EX_SECURITY): 'requested shared memory region when not registered/focused'
01-05 19:00:54.008 11049 11342 I VrApi   : FPS=72/72,Prd=48ms,Tear=0,Early=72,Stale=0,VSnc=1,Lat=1,Fov=0,CPU4/GPU=2/3,1171/490MHz,OC=FF,TA=0/70/70,SP=N/F/F,Mem=2092MHz,Free=2052MB,PLS=0,Temp=27.0C/0.0C,TW=1.80ms,App=3.91ms,GD=0.12ms,CPU&GPU=7.81ms,LCnt=2(DR0,LM2),GPU%=0.44,CPU%=0.24(W0.30),DSF=1.00,CFL=19.65/21.44
01-05 19:00:54.029  8646  8724 E OsSdk   : error getting shared memory region, memory type: HeadTracker, failed with Status(-1, EX_SECURITY): 'requested shared memory region when not registered/focused'
01-05 19:00:54.111  8646  8724 E OsSdk   : error getting shared memory region, memory type: HeadTracker, failed with Status(-1, EX_SECURITY): 'requested shared memory region when not registered/focused'
01-05 19:00:54.119  8646  8703 D xrstreaming: receive ping: org 0 recv 0 xmt 25938491856200 (received at 8182662062760), offset divergence -466499
01-05 19:00:54.145  8646  8714 V xrstreaming: batteryPercent = 100
01-05 19:00:54.155  8646  8724 E OsSdk   : error getting shared memory region, memory type: HeadTracker, failed with Status(-1, EX_SECURITY): 'requested shared memory region when not registered/focused'
01-05 19:00:54.200  8646  8724 E OsSdk   : error getting shared memory region, memory type: HeadTracker, failed with Status(-1, EX_SECURITY): 'requested shared memory region when not registered/focused'
01-05 19:00:54.203  8646  8724 E OsSdk   : error getting shared memory region, memory type: AnchorTracker, failed with Status(-1, EX_SECURITY): 'requested shared memory region when not registered/focused'
01-05 19:00:54.249  8646  8724 E OsSdk   : error getting shared memory region, memory type: HeadTracker, failed with Status(-1, EX_SECURITY): 'requested shared memory region when not registered/focused'
01-05 19:00:54.308  8646  8724 I chatty  : uid=10033(com.oculus.xrstreamingclient) SlamAnchorMem identical 26 lines
01-05 19:00:54.384   855 10676 I [CT]    : CONSTELLATION:IMU_STATUS: 86557c336c360320 (L): [FusionTracked=1.000, OutputTracked=1.000, OutputValid=1.000] [AccelSat=0.000, GyroSat=0.000] 
01-05 19:00:54.639   855  1186 I chatty  : uid=1000(system) Binder:855_3 identical 30 lines
01-05 19:00:54.678   855  1186 W TrackingService: attachClient: found client in attached list
01-05 19:00:54.681   855  1671 W TrackingService: attachClient: found client in attached list
01-05 19:00:54.690   855  1197 I [CT]    : Vega:SubmapPublisher: Tracking parent no change: frame movement above thresh -> Publish
01-05 19:00:54.690   855  1197 I [CT]    : Vega:SubmapPublisher: Start to publish submaps, found candidates:  3
01-05 19:00:54.690   855  1197 E [CT]    : SubmapRecords: findSubmapId found 2 submap records hold the same query krHandle
01-05 19:00:54.695   855  1197 W [CT]    : Vega:SubmapPublisher: [Throttled count=283] Force publishing an ill-conditioned point.
01-05 19:00:54.715   855 11166 I [CT]    : VegaTrackTracker: Starting map tracking on map. SubmapId Submap id = 0, version = 1902737137 Active contexts: 1
01-05 19:00:54.716   855 11166 I [CT]    : VegaTrackTracker: Starting map tracking on map. SubmapId Submap id = 2, version = 1207971417 Active contexts: 2
01-05 19:00:54.767   855 11166 W [CT]    : VEGA:MAP_TRACKING_HM: [Throttled count=7] Bad map tracking: map tracking failed @ Submap id = 0, version = 1902737137 with status: 1
01-05 19:00:54.767   855 11166 W [CT]    : VEGA:MAP_TRACKING_HM: Validation failed after 0.04 seconds of bad frames. Switching from Validating to NoTracking
01-05 19:00:54.795   855 11166 I [CT]    : TrackedMapContext: Stop tracking map with ID Submap id = 0, version = 1902737137 at index: 1 in contexts: 3
01-05 19:00:54.806   855 11166 I [CT]    : VEGA:MAP_TRACKING_HM: Map valid. succeeded after 0.08 seconds of good frames. Switching from Validating to Tracking.
01-05 19:00:54.835   855  1671 I chatty  : uid=1000(system) Binder:855_4 identical 4 lines
01-05 19:00:54.882   855  1671 W TrackingService: attachClient: found client in attached list
01-05 19:00:54.926   855  1186 W TrackingService: attachClient: found client in attached list
01-05 19:00:54.932   855  1197 I [CT]    : Vega:MapBuilderBase: Created keyRig with frameID 3059 and uid 40b04e17
01-05 19:00:54.936   855  1197 I [CT]    : KEYPOINT_CACHE: New keyrig added has 188 corners and 52 tracks to immature points that will be used to extract descriptors and insert into the index.
01-05 19:00:54.938   855  1199 I [CT]    : VIPER:DEEP_DESCRIPTOR: Computing Deep Descriptors using gravity orientation.
01-05 19:00:54.940   855  1197 I [CT]    : MapCullingTask: Culled 0 L1 nodes, 1 individual keyrigs, and 0 individual points
01-05 19:00:54.943   855  1197 I [CT]    : VegaBAOptimize: Num points adjusted: 802 fixed: 0 Num residuals in-in: 2803 in-out: 378 out-in: 0 fixed (out-out): 0 outside ROI: 0 total: 3256
01-05 19:00:54.945   855  1197 I [CT]    : VegaBAOptimize: Total: neighbor 3 L1s, adjust 2 L1s. KRs 42  Points 802  Cameras 168  OutsideFixedKR 12  AdjustKR 30  Imus 5
01-05 19:00:54.970   855 11166 I [CT]    : VIPER: Mode=SuperVega,Status=6DoF,TRACKING,Inl=35,Mem=85.1,Jit=0.3mm,Issues(Cam/min=0.0,IMU/min=0.0),Exp=(14.0ms,g=15.0,I=74,Ir=356.0)(14.0ms,g=15.0,I=75,Ir=360.7)(14.0ms,g=15.0,I=68,Ir=326.7)(14.0ms,g=15.0,I=68,Ir=327.0)
01-05 19:00:54.970   855 11166 W [CT]    : VIPER: Images too dark, 
01-05 19:00:55.008   855 11166 W [CT]    : VEGA:MAP_TRACKING_HM: [Throttled count=20] Map tracking did not run.
01-05 19:00:55.008 11049 11342 I VrApi   : FPS=72/72,Prd=48ms,Tear=0,Early=72,Stale=0,VSnc=1,Lat=1,Fov=0,CPU4/GPU=2/3,1171/490MHz,OC=FF,TA=0/70/70,SP=N/F/F,Mem=2092MHz,Free=2052MB,PLS=0,Temp=27.0C/0.0C,TW=1.80ms,App=3.86ms,GD=0.12ms,CPU&GPU=7.76ms,LCnt=2(DR0,LM2),GPU%=0.44,CPU%=0.21(W0.30),DSF=1.00,CFL=19.55/21.55
01-05 19:00:55.120  8646  8703 I chatty  : uid=10033(com.oculus.xrstreamingclient) xrsp-rt-read expire 1 line
01-05 19:00:55.143  1249  2458 I ServiceInputManager: system button SetHomeButtonDownState 8183.69
01-05 19:00:55.143  1249  2458 I ServiceInputManager: system button down, should reset recenter timer
01-05 19:00:55.143  1249  2458 I RecenterTimer: UpdateTimerData(8184.19 8184.69)
01-05 19:00:55.171   855  1197 I [CT]    : Vega:SubmapPublisher: Tracking parent no change: frame movement above thresh -> Publish
01-05 19:00:55.171   855  1197 I [CT]    : Vega:SubmapPublisher: Start to publish submaps, found candidates:  3
01-05 19:00:55.171   855  1197 E [CT]    : SubmapRecords: findSubmapId found 2 submap records hold the same query krHandle
01-05 19:00:55.196   855 11166 I [CT]    : VegaTrackTracker: Starting map tracking on map. SubmapId Submap id = 0, version = 618650121 Active contexts: 2
01-05 19:00:55.203  8646  8724 I chatty  : uid=10033(com.oculus.xrstreamingclient) SlamAnchorMem expire 15 lines
01-05 19:00:55.247   855 11166 W [CT]    : VEGA:MAP_TRACKING_HM: Validation failed after 0.04 seconds of bad frames. Switching from Validating to NoTracking
01-05 19:00:55.276   855 11166 I [CT]    : TrackedMapContext: Stop tracking map with ID Submap id = 0, version = 618650121 at index: 2 in contexts: 3
01-05 19:00:55.380  1249  2458 I ServiceInputManager: system button SetHomeButtonUpState 8183.92
01-05 19:00:55.380  1249  2458 I RecenterTimer: UpdateTimerData(-1.00 -1.00)
01-05 19:00:55.387   855 10676 W [CT]    : CONSTELLATION: R: Lost position tracking, waiting for 6DoF reset: [#VisionUp=330, #RelUp=0, VelNorm=0.010, CurTimeDur=0.22s, DurThresh=0.2s]
01-05 19:00:55.387   855 10676 I [CT]    : INPUT_TRACKING:Behavior:OutOfFoVRotation: [Right] state transition: InRange -> Active
01-05 19:00:55.387   855 10676 I [CT]    : INPUT_TRACKING:Behavior:OutOfFoVRotation: [Right] activated
01-05 19:00:55.387   855 10676 I [CT]    : INPUT_TRACKING:Behavior:OutOfFoVRotation: [Right] using reliablePoseInWorld
01-05 19:00:55.387   855 10676 I [CT]    : INPUT_TRACKING:ControllerMotionModel: [Right] t = 8181.585s, behavior transition: None -> OutOfFoVRotation
01-05 19:00:55.393   855 11166 W [CT]    : TIMESTAMPCHECKER: Nominal rate wrong. Estimated data rate: 25, Nominal is 30.000300003000028
01-05 19:00:55.411   855 11172 I [CT]    : CONSTELLATION: R: Not reinitializing 6DoF filter yet (no valid pose from matching).
01-05 19:00:55.425   855  1186 I chatty  : uid=1000(system) Binder:855_3 identical 14 lines
01-05 19:00:55.427   855  1186 W TrackingService: attachClient: found client in attached list
01-05 19:00:55.470   855  1671 W TrackingService: attachClient: found client in attached list
01-05 19:00:55.573   855 11172 I [CT]    : CONSTELLATION: R: Successfully reinitialized 6DoF filter. Keep Cov and Calib States = Y. Keep velocity state and covariance = Y
01-05 19:00:55.574   855 10676 I [CT]    : INPUT_TRACKING:Behavior:OutOfFoVRotation: [Right] state transition: Active -> Transition
01-05 19:00:55.596   855 10676 I [CT]    : CONSTELLATION:IMU_STATUS: 729165a0fe4054d7 (R): [FusionTracked=0.981, OutputTracked=0.979, OutputValid=1.000] [AccelSat=0.000, GyroSat=0.000] 
01-05 19:00:55.627   855 10676 I [CT]    : INPUT_TRACKING:Behavior:OutOfFoVRotation: [Right] deactivated
01-05 19:00:55.627   855 10676 I [CT]    : INPUT_TRACKING:ControllerMotionModel: [Right] t = 8181.824s, behavior transition: OutOfFoVRotation -> None
01-05 19:00:55.630  1249  2458 I ServiceInputManager: short system button press 8184.172992
01-05 19:00:55.630  1249  2458 I ServiceInputManager: system event from short press 8184.172992
01-05 19:00:55.630  1249  2458 I ServiceInputManager: ServiceInputManager::FireSystemButtonEvent queueing launch intent from service
01-05 19:00:55.630  1249  2458 I ServiceInputManager: ServiceInputManager::FireSystemButtonEvent 'com.YourCompany.PrototypeV4' Transition Type: 1
01-05 19:00:55.630  1249  2458 I RecenterTimer: UpdateTimerData(-1.00 -1.00)
01-05 19:00:55.639   855  1671 I chatty  : uid=1000(system) Binder:855_4 identical 4 lines
01-05 19:00:55.644  1249  2458 I ServiceInputManager: ServiceInputManager::ProcessSystemButtonEvent launching intent from service 'com.YourCompany.PrototypeV4' 1
01-05 19:00:55.644  1249  2458 I ServiceInputManager: ServiceInputManager::ProcessSystemButtonEvent transitioning with a memory of the app name
01-05 19:00:55.644  1249  2458 I SystemUtils_Internal: ovrSystemUtils::StartAnytimeUI: confirmQuit
01-05 19:00:55.644  1249  2458 D SystemUtils: sendBroadcastIntent - action: 'com.oculus.vrshell.intent.action.LAUNCH' data: 'systemux://dialog/exit'intent_pkg: com.YourCompany.PrototypeV4
01-05 19:00:55.645  1249  2458 D SystemUtils: VR Shell isn't running.
01-05 19:00:55.658  2666  2666 I chatty  : uid=10020(com.oculus.vrshell) ShellMain expire 12 lines
01-05 19:00:55.663  2140  2140 I chatty  : uid=10020(com.oculus.vrshell) ShellOverlayMai expire 9 lines
01-05 19:00:55.664  2140  2573 I chatty  : uid=10020(com.oculus.vrshell) ShellOverlayVR expire 92 lines
01-05 19:00:55.678  1046  1064 E WindowManager: App trying to use insecure INPUT_FEATURE_NO_INPUT_CHANNEL flag. Ignoring
01-05 19:00:55.687   855  1671 W TrackingService: attachClient: found client in attached list
01-05 19:00:55.691   855  1186 W TrackingService: attachClient: found client in attached list
01-05 19:00:55.693  1249  1249 I ClientMgr: FocusedWindowChanged: found matching overlay client: 2132906920
01-05 19:00:55.693  1249  1249 I ClientMgr: FocusedClient changed.
01-05 19:00:55.693  1249  1249 I ClientMgr: ClientMgr::SetFocusedClient: 2140:com.oculus.vrshell type 1
01-05 19:00:55.693  1249  1249 I ClientMgr: SetFocusedPackageName - packageName com.oculus.vrshell processName com.oculus.vrshell:Overlay clientId 2132906920 clientPid 2140
01-05 19:00:55.693 11049 11353 I VrRuntimeClient: Client has lost focus.
01-05 19:00:55.693  1249  1249 I VrRuntimeService: RuntimeIPC: SendFocusChangeEventToAllClients: PostClientEvent SUCCESS: com.oculus.xrstreamingclient:com.oculus.xrstreamingclient:8646, com.oculus.vrshell, com.oculus.vrshell:Overlay
01-05 19:00:55.693  1249  1249 I VrRuntimeService: RuntimeIPC: SendFocusChangeEventToAllClients: PostClientEvent SUCCESS: com.oculus.vrshell:com.oculus.vrshell:Overlay:2140, com.oculus.vrshell, com.oculus.vrshell:Overlay
01-05 19:00:55.693  1249  1249 I VrRuntimeService: RuntimeIPC: SendFocusChangeEventToAllClients: PostClientEvent SUCCESS: com.oculus.mrservice:com.oculus.mrservice:1607, com.oculus.vrshell, com.oculus.vrshell:Overlay
01-05 19:00:55.693  1249  1249 I VrRuntimeService: RuntimeIPC: SendFocusChangeEventToAllClients: PostClientEvent SUCCESS: com.YourCompany.PrototypeV4:com.YourCompany.PrototypeV4:11049, com.oculus.vrshell, com.oculus.vrshell:Overlay
01-05 19:00:55.693  1249  1249 I VrRuntimeService: RuntimeIPC: SendFocusChangeEventToAllClients: PostClientEvent SUCCESS: com.oculus.guardian:com.oculus.vrguardianservice:2675, com.oculus.vrshell, com.oculus.vrshell:Overlay
01-05 19:00:55.693  1249  1249 I VrRuntimeService: RuntimeIPC: SendFocusChangeEventToAllClients: PostClientEvent SUCCESS: com.oculus.vrshell:com.oculus.vrshell:2666, com.oculus.vrshell, com.oculus.vrshell:Overlay
01-05 19:00:55.693  1249  1249 I VrRuntimeService: RuntimeIPC: SendFocusChangeEventToAllClients: PostClientEvent SUCCESS: com.oculus.shellenv:com.oculus.shellenv:1920, com.oculus.vrshell, com.oculus.vrshell:Overlay
01-05 19:00:55.693  3288  3288 I chatty  : uid=10026 com.oculus.systemux:SystemUX expire 4 lines
01-05 19:00:55.695  3107  3107 D MetaCam (MediaCapabilityChecker): checkMediaHasRecordingCapabilities packageName: com.oculus.vrshell
01-05 19:00:55.695  3107  3107 D MetaCam (MediaCapabilityChecker): checkMediaHasRecordingCapabilities packageName: com.oculus.vrshell
01-05 19:00:55.697   855  1671 W TrackingService: attachClient: found client in attached list
01-05 19:00:55.697   855  1671 D TrackingService: getSharedMemory: com.oculus.guardian, Controller
01-05 19:00:55.698   855  1671 W TrackingService: attachClient: found client in attached list
01-05 19:00:55.699  8646  8703 I chatty  : uid=10033(com.oculus.xrstreamingclient) xrsp-rt-read expire 2 lines
01-05 19:00:55.700 11049 11338 E OsSdk   : error getting shared memory region, memory type: Controller, failed with Status(-1, EX_SECURITY): 'requested shared memory region when not registered/focused'
01-05 19:00:55.700   855  1186 W TrackingService: attachClient: found client in attached list
01-05 19:00:55.700   855  1671 W TrackingService: attachClient: found client in attached list
01-05 19:00:55.700   855  1186 D TrackingService: getSharedMemory: com.oculus.systemdriver, Controller
01-05 19:00:55.701  1249  2458 I PerformanceManager_V0: SetClockLevels: Apply pending clock request change: 2,3 -> 4,4
01-05 19:00:55.701  1249  2453 I Clocks  : ReleaseClocks - start
01-05 19:00:55.701  1249  2453 I Clocks  : ReleaseClocks - end (0.6 ms)
01-05 19:00:55.701  1249  2453 I Clocks  : LockClocks( cpu=4, gpu=4 ) - start
01-05 19:00:55.701 11049 11338 E OsSdk   : error getting shared memory region, memory type: Controller, failed with Status(-1, EX_SECURITY): 'requested shared memory region when not registered/focused'
01-05 19:00:55.702  1249  2453 I Clocks  : CPU levels [0, 4]
01-05 19:00:55.702  1249  2453 I Clocks  : GPU levels [0, 5]
01-05 19:00:55.702  1249  2453 I Clocks  : LockClocks( cpu=4, gpu=4 ) - end (0.9 ms)
01-05 19:00:55.703   855  1671 W TrackingService: attachClient: found client in attached list
01-05 19:00:55.703 11049 11079 E OsSdk   : error getting shared memory region, memory type: Controller, failed with Status(-1, EX_SECURITY): 'requested shared memory region when not registered/focused'
01-05 19:00:55.703   855  1671 W TrackingService: attachClient: found client in attached list
01-05 19:00:55.704 11049 11079 E OsSdk   : error getting shared memory region, memory type: Controller, failed with Status(-1, EX_SECURITY): 'requested shared memory region when not registered/focused'
01-05 19:00:55.704   855  1186 W TrackingService: attachClient: found client in attached list
01-05 19:00:55.705 11049 11353 E OsSdk   : error getting shared memory region, memory type: Controller, failed with Status(-1, EX_SECURITY): 'requested shared memory region when not registered/focused'
01-05 19:00:55.705   855  1671 W TrackingService: attachClient: found client in attached list
01-05 19:00:55.705 11049 11353 E OsSdk   : error getting shared memory region, memory type: Controller, failed with Status(-1, EX_SECURITY): 'requested shared memory region when not registered/focused'
01-05 19:00:55.706   847  1026 E CalibrationProvider: loadCalibration(LDISP_SN) failed: Calibration store didn't load any info
01-05 19:00:55.706   847  1026 E CalibrationProvider: loadCalibration(RDISP_SN) failed: Calibration store didn't load any info
01-05 19:00:55.710   855  1671 W TrackingService: attachClient: found client in attached list
01-05 19:00:55.710   855  1671 D TrackingService: getSharedMemory: com.oculus.vrshell, Controller
01-05 19:00:55.711  1940  2089 W OVRLibrary: null cursor received for query content://com.oculus.ocms.library/apps/com.YourCompany.PrototypeV4
01-05 19:00:55.712  1940  2089 I OVRMediaServiceManager: Sending onAppStart (com.YourCompany.PrototypeV4) to SocialPlatform (com.oculus.socialplatform)
01-05 19:00:55.712  2140 11479 I chatty  : uid=10020(com.oculus.vrshell) ShellOverlayMai expire 5 lines
01-05 19:00:55.712  1940  2417 W OVRLibrary: null cursor received for query content://com.oculus.ocms.library/apps/com.oculus.vrshell
01-05 19:00:55.717   855  1671 W TrackingService: attachClient: found client in attached list
01-05 19:00:55.717   847  1026 E CalibrationProvider: loadCalibration(LDISP_SN) failed: Calibration store didn't load any info
01-05 19:00:55.718 11049 11079 E OsSdk   : error getting shared memory region, memory type: Controller, failed with Status(-1, EX_SECURITY): 'requested shared memory region when not registered/focused'
01-05 19:00:55.718   855  1186 W TrackingService: attachClient: found client in attached list
01-05 19:00:55.718   847   847 E CalibrationProvider: loadCalibration(RDISP_SN) failed: Calibration store didn't load any info
01-05 19:00:55.718 11049 11079 E OsSdk   : error getting shared memory region, memory type: Controller, failed with Status(-1, EX_SECURITY): 'requested shared memory region when not registered/focused'
01-05 19:00:55.719   855  1671 W TrackingService: attachClient: found client in attached list
01-05 19:00:55.719 11049 11353 E OsSdk   : error getting shared memory region, memory type: Controller, failed with Status(-1, EX_SECURITY): 'requested shared memory region when not registered/focused'
01-05 19:00:55.719   855  1671 W TrackingService: attachClient: found client in attached list
01-05 19:00:55.720 11049 11353 E OsSdk   : error getting shared memory region, memory type: Controller, failed with Status(-1, EX_SECURITY): 'requested shared memory region when not registered/focused'
01-05 19:00:55.724 11049 11080 D UE4     : [2023.01.05-19.00.55:724][691]LogAndroid: Case APP_CMD_LOST_FOCUS
01-05 19:00:55.724 11049 11080 D UE4     : LogAndroidEvents::EnqueueAppEvent : 10, [width=-1, height=-1], tid = 11080, APP_EVENT_STATE_WINDOW_LOST_FOCUS
01-05 19:00:55.729   742  4207 E SensorService: Failed to set simple multi haptics, ret: -1
01-05 19:00:55.729   855  1671 W TrackingService: attachClient: found client in attached list
01-05 19:00:55.730  1940  2604 I OVRMediaService: onStartCommand Received message type: overlay_input_focus_change, caller package: com.oculus.vrshell, app identify: AppIdentity{uid=10020, packageNames=[com.oculus.vrshell], sha1=MxZgtt071YLz39PLrkVGckZooCE, sha2=3C-DTjwZQjeLFPB2yCzRq1nqZWa_9HMLIEfpjvyfna8, version=null, domain=null}
01-05 19:00:55.730 11049 11079 D UE4     : [2023.01.05-19.00.55:730][691]LogAndroidEvents: Display: LogAndroidEvents::DequeueAppEvent : 10, [width=-1, height=-1], APP_EVENT_STATE_WINDOW_LOST_FOCUS
01-05 19:00:55.730 11049 11079 D UE4     : FAppEventManager::Tick processing, 10
01-05 19:00:55.730  8646  8724 I chatty  : uid=10033(com.oculus.xrstreamingclient) SlamAnchorMem expire 10 lines
01-05 19:00:55.735  1249  2487 I VrRuntimeService: RuntimeServiceSDKServer::EnableRendering: 0x0, 0, com.oculus.vrshell:Overlay
01-05 19:00:55.735  1249  2487 I ClientMgr: EnableRendering2: invalid clientWindow, testing uid/pid
01-05 19:00:55.735  1249  2487 I ClientMgr: EnableRendering2: matched uid: 10020 and pid: 2140 
01-05 19:00:55.735  1249  2487 I ClientMgr: EnableRendering2: Calling SetFocusedClient: 2132906920
01-05 19:00:55.735  1249  2487 I ClientMgr: ClientMgr::SetFocusedClient: 2140:com.oculus.vrshell type 1
01-05 19:00:55.735  1249  2487 I ClientMgr: SetFocusedPackageName - packageName com.oculus.vrshell processName com.oculus.vrshell:Overlay clientId 2132906920 clientPid 2140
01-05 19:00:55.735  1249  2487 I ClientMgr: ClientMgr::EnableRendering 2140:com.oculus.vrshell : type 1 comp-id 2: enable
01-05 19:00:55.735  1249  2487 I CompositorClientMgr: Enable client 2
01-05 19:00:55.735  1249  2487 I VrRuntimeServer: EnableCompositorClient client(2): layer placement(2147483647) flags(0) sm(0x7eadef8010)
01-05 19:00:55.735  1249  2487 I CompositorVR: CheckDebuggerConnected: debugger 0
01-05 19:00:55.735  1249  2487 I VrRuntimeServer: SysProp debug mode is disabled on Server side
01-05 19:00:55.735  1249  2487 I UnifiedTelemetryWrapper: Started UT session render:com.oculus.vrshell:Overlay
01-05 19:00:55.740  1940  2604 I OVRMediaService: Received OVERLAY_INPUT_FOCUS_CHANGE. is focused: true
01-05 19:00:55.740  1607  3093 I [CT]    : MIXEDREALITY: MrFeatureStatus: Client status changed from Paused to Started.
01-05 19:00:55.740  1607  3093 I [CT]    : MIXEDREALITY: MrFeatureStatus: Target status Started, CurrentStatus: Paused
01-05 19:00:55.740  1607  3093 I [CT]    : MIXEDREALITY: MrFeatureStatus: Operation chain: Start
01-05 19:00:55.740  1607  3093 I [CT]    : MIXEDREALITY: MrFeatureStatus: Global status changed from Paused to Started.
01-05 19:00:55.740  1607  3093 I [CT]    : MIXEDREALITY: MrServiceController: Queuing command linked to operation Start for feature 0
01-05 19:00:55.740  1607  3078 I [CT]    : MIXEDREALITY: MrServiceView: renderIteration: (every 10 seconds), screen is: ON, PT is: OFF, ID is: OFF
01-05 19:00:55.740  1607  3078 I [CT]    : MIXEDREALITY: MrServiceController: Executing passthroughStart on model
01-05 19:00:55.740  1607  3078 I [CT]    : MIXEDREALITY: MrServiceModel: passthroughStart()
01-05 19:00:55.740  1607  3078 I [CT]    : MIXEDREALITY: MrServiceModel: passthroughStart: Started Passthrough
01-05 19:00:55.740  1607  3078 I [CT]    : MIXEDREALITY: MrServiceModel: commitLayerState: PassthroughMode: kNone.
01-05 19:00:55.742  1249  2458 I ServiceInputManager: InhibitHandleHomeKey has changed on the service. New value: 1
01-05 19:00:55.743  2140 11482 I chatty  : uid=10020(com.oculus.vrshell) ShellOverlayMai expire 3 lines
01-05 19:00:55.745  1607  3078 I [CT]    : MIXEDREALITY: MrServiceView: renderIteration: Nothing to render, hibernating the rendering thread since ID is off and no active PT layers.
01-05 19:00:55.745  1607  3078 I [CT]    : MIXEDREALITY: MrServiceModel: Hibernating caller (most likely rendering thread) due to commandQueue being empty.
01-05 19:00:55.747  2140  2573 I chatty  : uid=10020(com.oculus.vrshell) ShellOverlayVR expire 105 lines
01-05 19:00:55.751   730  6018 I audio_hw_primary: getting vr mode to 0
01-05 19:00:55.754   749  1003 I AudioPolicyManagerCustom: VR mode is 0, switch to primary output if request is for fast|raw
01-05 19:00:55.760   749  1003 W AudioFlinger: createTrack_l(): mismatch between requested flags (00000104) and output flags (00000006)
01-05 19:00:55.760   749  1003 D AudioFlinger: Client defaulted notificationFrames to 192 for frameCount 384
01-05 19:00:55.779   749  1003 D AF::TrackHandle: OpPlayAudio: track:144 uid:10020 pkg:com.oculus.vrshell usage:1 not muted
01-05 19:00:55.784  1292  1292 V AvrcpMediaPlayerList: onPlaybackConfigChanged(): Configs list size=9
01-05 19:00:55.784  1523  1523 D OculusNotificationListenerService: Notification posted: 0|android|0|com.android.server.wm.AlertWindowNotification - com.oculus.vrshell|1000
01-05 19:00:55.789  2140  2140 I chatty  : uid=10020(com.oculus.vrshell) ShellOverlayMai expire 19 lines
01-05 19:00:55.803   730   967 D msm8974_platform: platform_split_snd_device: snd_device(2) num devices(1) new_snd_devices(0)
01-05 19:00:55.803   730   967 D ACDB-LOADER: ACDB -> send_audvoltable
01-05 19:00:55.803   730   967 D ACDB-LOADER: ACDB -> ACDB_CMD_GET_AUDPROC_INSTANCE_GAIN_DEP_STEP_TABLE_SIZE
01-05 19:00:55.803   730   967 D         : Failed to fetch the lookup information of the device 0000000F 
01-05 19:00:55.803   730   967 D ACDB-LOADER: Error: ACDB_CMD_GET_AUDPROC_INSTANCE_GAIN_DEP_STEP_TABLE_SIZE Returned = -19
01-05 19:00:55.803   730   967 D ACDB-LOADER: ACDB -> ACDB_CMD_GET_AUDPROC_INSTANCE_GAIN_DEP_STEP_TABLE, vol index 9
01-05 19:00:55.803   730   967 D         : Failed to fetch the lookup information of the device 0000000F 
01-05 19:00:55.803   730   967 D ACDB-LOADER: Error: ACDB AudProc vol returned = -19
01-05 19:00:55.803   730   967 D ACDB-LOADER: ACDB -> AUDIO_SET_VOL_CAL cal type = 40
01-05 19:00:55.814  3288 11257 I chatty  : uid=10026 com.oculus.systemux:SystemUX expire 2 lines
01-05 19:00:55.822   855  1671 I chatty  : uid=1000(system) Binder:855_4 identical 2 lines
01-05 19:00:55.824  1523  1523 D OculusNotificationListenerService: Notification removed: 0|android|0|com.android.server.wm.AlertWindowNotification - com.oculus.vrshell|1000
01-05 19:00:55.826 11049 11080 D UE4     : [2023.01.05-19.00.55:826][698]LogAndroid: Case APP_CMD_GAINED_FOCUS
01-05 19:00:55.826  1249  1249 I ClientMgr: FocusedWindowChanged: top window's client already enabled
01-05 19:00:55.826 11049 11080 D UE4     : LogAndroidEvents::EnqueueAppEvent : 11, [width=-1, height=-1], tid = 11080, APP_EVENT_STATE_WINDOW_GAINED_FOCUS
01-05 19:00:55.826  1249  1249 I ClientMgr: FocusedClient changed.
01-05 19:00:55.826  1249  1249 I ClientMgr: ClientMgr::SetFocusedClient: 11049:com.YourCompany.PrototypeV4 type 0
01-05 19:00:55.826  1249  1249 I ClientMgr: SetFocusedPackageName - packageName com.YourCompany.PrototypeV4 processName com.YourCompany.PrototypeV4 clientId 3266905658 clientPid 11049
01-05 19:00:55.826  1249  1249 I VrRuntimeService: RuntimeIPC: SendFocusChangeEventToAllClients: PostClientEvent SUCCESS: com.oculus.xrstreamingclient:com.oculus.xrstreamingclient:8646, com.YourCompany.PrototypeV4, com.YourCompany.PrototypeV4
01-05 19:00:55.826  1249  1249 I VrRuntimeService: RuntimeIPC: SendFocusChangeEventToAllClients: PostClientEvent SUCCESS: com.oculus.vrshell:com.oculus.vrshell:Overlay:2140, com.YourCompany.PrototypeV4, com.YourCompany.PrototypeV4
01-05 19:00:55.826  1249  1249 I VrRuntimeService: RuntimeIPC: SendFocusChangeEventToAllClients: PostClientEvent SUCCESS: com.oculus.mrservice:com.oculus.mrservice:1607, com.YourCompany.PrototypeV4, com.YourCompany.PrototypeV4
01-05 19:00:55.826  1249  1249 I VrRuntimeService: RuntimeIPC: SendFocusChangeEventToAllClients: PostClientEvent SUCCESS: com.YourCompany.PrototypeV4:com.YourCompany.PrototypeV4:11049, com.YourCompany.PrototypeV4, com.YourCompany.PrototypeV4
01-05 19:00:55.826  1249  1249 I VrRuntimeService: RuntimeIPC: SendFocusChangeEventToAllClients: PostClientEvent SUCCESS: com.oculus.guardian:com.oculus.vrguardianservice:2675, com.YourCompany.PrototypeV4, com.YourCompany.PrototypeV4
01-05 19:00:55.826  1249  1249 I VrRuntimeService: RuntimeIPC: SendFocusChangeEventToAllClients: PostClientEvent SUCCESS: com.oculus.vrshell:com.oculus.vrshell:2666, com.YourCompany.PrototypeV4, com.YourCompany.PrototypeV4
01-05 19:00:55.826  1249  1249 I VrRuntimeService: RuntimeIPC: SendFocusChangeEventToAllClients: PostClientEvent SUCCESS: com.oculus.shellenv:com.oculus.shellenv:1920, com.YourCompany.PrototypeV4, com.YourCompany.PrototypeV4
01-05 19:00:55.828 11049 11079 D UE4     : [2023.01.05-19.00.55:828][698]LogAndroidEvents: Display: LogAndroidEvents::DequeueAppEvent : 11, [width=-1, height=-1], APP_EVENT_STATE_WINDOW_GAINED_FOCUS
01-05 19:00:55.828 11049 11079 D UE4     : FAppEventManager::Tick processing, 11
01-05 19:00:55.828 11049 11353 I VrRuntimeClient: Client has gained focus.
01-05 19:00:55.828  3107  3107 D MetaCam (MediaCapabilityChecker): checkMediaHasRecordingCapabilities packageName: com.YourCompany.PrototypeV4
01-05 19:00:55.829  1940  2089 E OVRMediaServiceManager: LivestreamingManager Not initialized
01-05 19:00:55.839  1249  2458 I ServiceInputManager: InhibitHandleHomeKey has changed on the service. New value: 0
01-05 19:00:55.851   855  1671 W TrackingService: attachClient: found client in attached list
01-05 19:00:55.852   855  1671 D TrackingService: getSharedMemory: com.YourCompany.PrototypeV4, Controller
01-05 19:00:55.852 11049 11338 I InputDevice_TrackedRemote: REMOTE: Hand=1 IndexAnalog=0.00 GripAnalog=0.00 Buttons=0x00000000
01-05 19:00:55.852 11049 11338 I InputDevice_TrackedRemote: REMOTE: Hand=2 IndexAnalog=0.00 GripAnalog=0.00 Buttons=0x00000000
01-05 19:00:55.852  1940  2604 I OVRMediaService: onStartCommand Received message type: overlay_input_focus_change, caller package: com.oculus.vrshell, app identify: AppIdentity{uid=10020, packageNames=[com.oculus.vrshell], sha1=MxZgtt071YLz39PLrkVGckZooCE, sha2=3C-DTjwZQjeLFPB2yCzRq1nqZWa_9HMLIEfpjvyfna8, version=null, domain=null}
01-05 19:00:55.854  1940  2417 W OVRLibrary: null cursor received for query content://com.oculus.ocms.library/apps/com.YourCompany.PrototypeV4
01-05 19:00:55.855  1940  2417 I OVRMediaServiceManager: Sending onAppStart (com.YourCompany.PrototypeV4) to SocialPlatform (com.oculus.socialplatform)
01-05 19:00:55.860  1940  2613 W OVRLibrary: null cursor received for query content://com.oculus.ocms.library/apps/com.YourCompany.PrototypeV4
01-05 19:00:55.863  1046  1170 E WindowManager: App trying to use insecure INPUT_FEATURE_NO_INPUT_CHANNEL flag. Ignoring
01-05 19:00:55.864  1940  2604 I OVRMediaService: Received OVERLAY_INPUT_FOCUS_CHANGE. is focused: false
01-05 19:00:55.865  1249  1249 I ClientMgr: FocusedWindowChanged: found matching overlay client: 2132906920
01-05 19:00:55.865  1249  1249 I ClientMgr: FocusedClient changed.
01-05 19:00:55.865  1249  1249 I ClientMgr: ClientMgr::SetFocusedClient: 2140:com.oculus.vrshell type 1
01-05 19:00:55.865  1249  1249 I ClientMgr: SetFocusedPackageName - packageName com.oculus.vrshell processName com.oculus.vrshell:Overlay clientId 2132906920 clientPid 2140
01-05 19:00:55.865  1249  1249 I VrRuntimeService: RuntimeIPC: SendFocusChangeEventToAllClients: PostClientEvent SUCCESS: com.oculus.xrstreamingclient:com.oculus.xrstreamingclient:8646, com.oculus.vrshell, com.oculus.vrshell:Overlay
01-05 19:00:55.865  1249  1249 I VrRuntimeService: RuntimeIPC: SendFocusChangeEventToAllClients: PostClientEvent SUCCESS: com.oculus.vrshell:com.oculus.vrshell:Overlay:2140, com.oculus.vrshell, com.oculus.vrshell:Overlay
01-05 19:00:55.865  1249  1249 I VrRuntimeService: RuntimeIPC: SendFocusChangeEventToAllClients: PostClientEvent SUCCESS: com.oculus.mrservice:com.oculus.mrservice:1607, com.oculus.vrshell, com.oculus.vrshell:Overlay
01-05 19:00:55.865  1249  1249 I VrRuntimeService: RuntimeIPC: SendFocusChangeEventToAllClients: PostClientEvent SUCCESS: com.YourCompany.PrototypeV4:com.YourCompany.PrototypeV4:11049, com.oculus.vrshell, com.oculus.vrshell:Overlay
01-05 19:00:55.865  1249  1249 I VrRuntimeService: RuntimeIPC: SendFocusChangeEventToAllClients: PostClientEvent SUCCESS: com.oculus.guardian:com.oculus.vrguardianservice:2675, com.oculus.vrshell, com.oculus.vrshell:Overlay
01-05 19:00:55.865  1249  1249 I VrRuntimeService: RuntimeIPC: SendFocusChangeEventToAllClients: PostClientEvent SUCCESS: com.oculus.vrshell:com.oculus.vrshell:2666, com.oculus.vrshell, com.oculus.vrshell:Overlay
01-05 19:00:55.865  1249  1249 I VrRuntimeService: RuntimeIPC: SendFocusChangeEventToAllClients: PostClientEvent SUCCESS: com.oculus.shellenv:com.oculus.shellenv:1920, com.oculus.vrshell, com.oculus.vrshell:Overlay
01-05 19:00:55.867  1249  2458 I ServiceInputManager: InhibitHandleHomeKey has changed on the service. New value: 1
01-05 19:00:55.867   855  1186 W TrackingService: attachClient: found client in attached list
01-05 19:00:55.867   855  1671 W TrackingService: attachClient: found client in attached list
01-05 19:00:55.867   855  1186 D TrackingService: getSharedMemory: com.oculus.systemdriver, Controller
01-05 19:00:55.870 11049 11079 I VrRuntimeClient: Client has lost focus.
01-05 19:00:55.870   855  1671 W TrackingService: attachClient: found client in attached list
01-05 19:00:55.870   855  1186 W TrackingService: attachClient: found client in attached list
01-05 19:00:55.870   855  1671 D TrackingService: getSharedMemory: com.oculus.guardian, Controller
01-05 19:00:55.870 11049 11079 E OsSdk   : error getting shared memory region, memory type: Controller, failed with Status(-1, EX_SECURITY): 'requested shared memory region when not registered/focused'
01-05 19:00:55.871   855  1186 W TrackingService: attachClient: found client in attached list
01-05 19:00:55.871 11049 11079 E OsSdk   : error getting shared memory region, memory type: Controller, failed with Status(-1, EX_SECURITY): 'requested shared memory region when not registered/focused'
01-05 19:00:55.872 11049 11353 E OsSdk   : error getting shared memory region, memory type: Controller, failed with Status(-1, EX_SECURITY): 'requested shared memory region when not registered/focused'
01-05 19:00:55.872   855  1186 I chatty  : uid=1000(system) Binder:855_3 identical 2 lines
01-05 19:00:55.872 11049 11353 E OsSdk   : error getting shared memory region, memory type: Controller, failed with Status(-1, EX_SECURITY): 'requested shared memory region when not registered/focused'
01-05 19:00:55.874   855  1186 W TrackingService: attachClient: found client in attached list
01-05 19:00:55.875   855  1186 D TrackingService: getSharedMemory: com.oculus.vrshell, Controller
01-05 19:00:55.889   855 11166 W [CT]    : VEGA:MAP_TRACKING_HM: [Throttled count=14] Bad map tracking: map tracking failed @ Submap id = 2, version = 1207971417 with status: 2
01-05 19:00:55.894  1940  2604 I OVRMediaService: onStartCommand Received message type: overlay_input_focus_change, caller package: com.oculus.vrshell, app identify: AppIdentity{uid=10020, packageNames=[com.oculus.vrshell], sha1=MxZgtt071YLz39PLrkVGckZooCE, sha2=3C-DTjwZQjeLFPB2yCzRq1nqZWa_9HMLIEfpjvyfna8, version=null, domain=null}
01-05 19:00:55.895  3288  3288 I chatty  : uid=10026 com.oculus.systemux:SystemUX expire 11 lines
01-05 19:00:55.895   855  1197 I [CT]    : Vega:SubmapPublisher: Tracking parent no change: frame movement above thresh -> Publish
01-05 19:00:55.895   855  1197 I [CT]    : Vega:SubmapPublisher: Start to publish submaps, found candidates:  3
01-05 19:00:55.895   855  1197 E [CT]    : SubmapRecords: findSubmapId found 2 submap records hold the same query krHandle
01-05 19:00:55.903  1940  2613 W OVRLibrary: null cursor received for query content://com.oculus.ocms.library/apps/com.YourCompany.PrototypeV4
01-05 19:00:55.904  1940  2613 I OVRMediaServiceManager: Sending onAppStart (com.YourCompany.PrototypeV4) to SocialPlatform (com.oculus.socialplatform)
01-05 19:00:55.904  1940  2089 W OVRLibrary: null cursor received for query content://com.oculus.ocms.library/apps/com.oculus.vrshell
01-05 19:00:55.908  1940  2604 I OVRMediaService: Received OVERLAY_INPUT_FOCUS_CHANGE. is focused: true
01-05 19:00:55.911   855  1186 W TrackingService: attachClient: found client in attached list
01-05 19:00:55.916 11049 11080 D UE4     : [2023.01.05-19.00.55:916][705]LogAndroid: Case APP_CMD_LOST_FOCUS
01-05 19:00:55.916 11049 11080 D UE4     : LogAndroidEvents::EnqueueAppEvent : 10, [width=-1, height=-1], tid = 11080, APP_EVENT_STATE_WINDOW_LOST_FOCUS
01-05 19:00:55.916   855 11166 I [CT]    : VegaTrackTracker: Starting map tracking on map. SubmapId Submap id = 0, version = 1948934493 Active contexts: 2
01-05 19:00:55.925 11049 11079 D UE4     : [2023.01.05-19.00.55:925][705]LogAndroidEvents: Display: LogAndroidEvents::DequeueAppEvent : 10, [width=-1, height=-1], APP_EVENT_STATE_WINDOW_LOST_FOCUS
01-05 19:00:55.925 11049 11079 D UE4     : FAppEventManager::Tick processing, 10
01-05 19:00:55.926  3288 11323 I chatty  : uid=10026 com.oculus.systemux:SystemUX expire 2 lines
01-05 19:00:55.932   855 11172 W [CT]    : CONSTELLATION: R: LED Mahalanobis distance p50 = 2.20 too high. Fallback to full pose update.
01-05 19:00:55.942  3107  3107 W OVRLibrary: null cursor received for query content://com.oculus.ocms.library/apps/com.YourCompany.PrototypeV4
01-05 19:00:55.942  3107  3107 D MetaCam (MediaCapabilityChecker): checkMediaHasRecordingCapabilities packageName: com.YourCompany.PrototypeV4
01-05 19:00:55.944  1523  1523 D OculusNotificationListenerService: Notification posted: 0|android|0|com.android.server.wm.AlertWindowNotification - com.oculus.vrshell|1000
01-05 19:00:55.966  1940  2417 E OVRMediaServiceManager: LivestreamingManager Not initialized
01-05 19:00:55.969   855 11166 W [CT]    : VEGA:MAP_TRACKING_HM: Validation failed after 0.04 seconds of bad frames. Switching from Validating to NoTracking
01-05 19:00:55.982  3288 11322 I chatty  : uid=10026 com.oculus.systemux:SystemUX expire 1 line
01-05 19:00:55.996   855 11166 I [CT]    : TrackedMapContext: Stop tracking map with ID Submap id = 0, version = 1948934493 at index: 2 in contexts: 3
01-05 19:00:55.997  1940  2613 E OVRMediaServiceManager: LivestreamingManager Not initialized
