--------- beginning of system
01-08 22:48:12.880  1051  1943 I ActivityTaskManager: START u0 {flg=0x10000000 cmp=com.YourCompany.PrototypeV4/com.epicgames.ue4.GameActivity} from uid 2000
01-08 22:48:12.902  1051  1072 D ActivityManager: Is background playback enabled for all apps: false
01-08 22:48:12.903  1051  1072 D ActivityManager: Is background playback enabled for all apps: false
--------- beginning of tracking
01-08 22:48:12.911   743  1023 E SensorService: Failed to set simple multi haptics, ret: -1
01-08 22:48:12.919  1051  1079 D ActivityManager: Is background playback enabled for all apps: false
01-08 22:48:12.923  1051  1079 I ActivityManager: Start proc 12990:com.YourCompany.PrototypeV4/u0a159 for activity {com.YourCompany.PrototypeV4/com.epicgames.ue4.GameActivity}
01-08 22:48:12.955  1051 10982 I DisplayManagerService: Display device removed: DisplayDeviceInfo{"com.oculus.android_panel_app.AndroidPanelLayer-#main": uniqueId="virtual:com.oculus.systemux,10026,com.oculus.android_panel_app.AndroidPanelLayer-#main,1", 1000 x 625, modeId 107, defaultModeId 107, supportedModes [{id=107, width=1000, height=625, fps=60.0}], colorMode 0, supportedColorModes [0], HdrCapabilities null, density 200, 200.0 x 200.0 dpi, appVsyncOff 0, presDeadline 16666666, touch NONE, rotation 0, type VIRTUAL, state ON, owner com.oculus.systemux (uid 10026), FLAG_PRIVATE, FLAG_NEVER_BLANK, FLAG_OWN_CONTENT_ONLY}
01-08 22:48:13.129  1051 10084 I DisplayManagerService: Display device removed: DisplayDeviceInfo{"com.oculus.android_panel_app.AndroidPanelLayer-#main": uniqueId="virtual:com.oculus.systemux,10026,com.oculus.android_panel_app.AndroidPanelLayer-#main,2", 840 x 110, modeId 114, defaultModeId 114, supportedModes [{id=114, width=840, height=110, fps=60.0}], colorMode 0, supportedColorModes [0], HdrCapabilities null, density 200, 200.0 x 200.0 dpi, appVsyncOff 0, presDeadline 16666666, touch NONE, rotation 0, type VIRTUAL, state ON, owner com.oculus.systemux (uid 10026), FLAG_PRIVATE, FLAG_NEVER_BLANK, FLAG_OWN_CONTENT_ONLY}
01-08 22:48:13.490  1051  5420 E WindowManager: App trying to use insecure INPUT_FEATURE_NO_INPUT_CHANNEL flag. Ignoring
01-08 22:48:14.482  1051 12798 W ActivityManager: Permission Denial: Accessing service com.oculus.vrshell/.ShellOverlayService from pid=12990, uid=10159 requires com.oculus.vrshell.OVERLAY_HOST
01-08 22:48:14.761   870 11756 D TrackingService: [HANDTRACKING] Controller 729165a0fe4054d7 in hand: N, valid: Y
01-08 22:48:14.800   870 11756 D TrackingService: [HANDTRACKING] Controller 86557c336c360320 in hand: N, valid: Y
01-08 22:48:15.226   743 11720 I SyncBossHAL: [info   ] syncboss_hal_input_controller.c(61): 86557c33xxxxxxxx: 1 missed/180001 expected (PER 0.00%)
01-08 22:48:15.583   870   870 D TrackingService: getSharedMemory: com.YourCompany.PrototypeV4#12990, HeadTracker
01-08 22:48:15.609   870   870 D TrackingService: getSharedMemory: com.YourCompany.PrototypeV4, Controller
01-08 22:48:15.981  1051  1256 I PowerManagerService: Going to sleep due to application (uid 1000)...
01-08 22:48:15.982  1051  1051 W UsageStatsService: Event reported without a package name, eventType:16
01-08 22:48:15.983  1051  1087 I PowerManagerService: Sleeping (uid 1000)...
01-08 22:48:15.983  1051  1087 I DisplayPowerController: Blocking screen off
01-08 22:48:15.984  1051  1087 I DisplayPowerController: Unblocked screen off after 0 ms
01-08 22:48:15.984  1051  1087 D ActivityTaskManager: Top Process State changed to PROCESS_STATE_TOP_SLEEPING
01-08 22:48:16.004  1051  1072 I DisplayManagerService: Display device changed state: "Built-in Screen", OFF
01-08 22:48:16.410   867  1258 D SensorClientUtils: Received transition request from STANDBY to SLEEP
01-08 22:48:16.410   867  1258 D SensorClientUtils: Executing transition from RUNNING to STANDBY
01-08 22:48:16.410   867  1258 D SensorClientUtils: Scheduling delayed transition to SLEEP in 0ms
01-08 22:48:16.411   870   870 D SensorClientUtils: Received transition request from STANDBY to SLEEP
01-08 22:48:16.411   870   870 D SensorClientUtils: Executing transition from RUNNING to STANDBY
01-08 22:48:16.411   867 13106 D SensorClientUtils: Triggering delayed transition to SLEEP
01-08 22:48:16.411   867 13106 D SensorClientUtils: Executing transition from STANDBY to SLEEP
01-08 22:48:16.411   743 12538 I FrameSetDispatcher: [HEADSET] Client thread stopping
01-08 22:48:16.411  1051 10084 E AppOps  : Cannot finishOperation
01-08 22:48:16.411  1051 10084 E AppOps  : java.lang.SecurityException: Specified package MrSystemService under uid 1000 but it is really -1
01-08 22:48:16.411  1051 10084 E AppOps  : 	at com.android.server.appop.AppOpsService.verifyAndGetIsPrivileged(AppOpsService.java:2654)
01-08 22:48:16.411  1051 10084 E AppOps  : 	at com.android.server.appop.AppOpsService.finishOperation(AppOpsService.java:2329)
01-08 22:48:16.411  1051 10084 E AppOps  : 	at android.app.AppOpsManager.finishOp(AppOpsManager.java:5485)
01-08 22:48:16.411  1051 10084 E AppOps  : 	at com.android.server.power.Notifier.onWakeLockReleased(Notifier.java:334)
01-08 22:48:16.411  1051 10084 E AppOps  : 	at com.android.server.power.PowerManagerService.notifyWakeLockReleasedLocked(PowerManagerService.java:1334)
01-08 22:48:16.411  1051 10084 E AppOps  : 	at com.android.server.power.PowerManagerService.removeWakeLockLocked(PowerManagerService.java:1218)
01-08 22:48:16.411  1051 10084 E AppOps  : 	at com.android.server.power.PowerManagerService.releaseWakeLockInternal(PowerManagerService.java:1190)
01-08 22:48:16.411  1051 10084 E AppOps  : 	at com.android.server.power.PowerManagerService.access$4000(PowerManagerService.java:118)
01-08 22:48:16.411  1051 10084 E AppOps  : 	at com.android.server.power.PowerManagerService$BinderService.releaseWakeLock(PowerManagerService.java:4362)
01-08 22:48:16.411  1051 10084 E AppOps  : 	at android.os.IPowerManager$Stub.onTransact(IPowerManager.java:377)
01-08 22:48:16.411  1051 10084 E AppOps  : 	at android.os.Binder.execTransactInternal(Binder.java:1021)
01-08 22:48:16.411  1051 10084 E AppOps  : 	at android.os.Binder.execTransact(Binder.java:994)
01-08 22:48:16.411  1502  1550 D SensorClientUtils: Received transition request from STANDBY to SLEEP
01-08 22:48:16.411  1502  1550 D SensorClientUtils: Executing transition from RUNNING to STANDBY
01-08 22:48:16.411  1502  1550 D OVRRemoteService: [controller] RUNNING -> STANDBY
01-08 22:48:16.412  1502  1550 D SensorClientUtils: Scheduling delayed transition to SLEEP in 120000ms
01-08 22:48:16.414   743  1021 I FrameSetDispatcher: [HEADSET] Client thread joined
01-08 22:48:16.414   743  1021 I CameraClientManager: [HEADSET] Removed client (870) - started clients: 2
01-08 22:48:16.414   870  1041 I TrackingService: [ExposureControl] RUNNING -> STANDBY transition time: 3 ms
01-08 22:48:16.414   870  1041 I TrackingService: [     controller] RUNNING -> STANDBY transition time: 0 ms
01-08 22:48:16.415   743 12536 I FrameSetDispatcher: [HEADSET] Client thread stopping
01-08 22:48:16.416  1051 10084 W ContextImpl: Calling a method in the system process without a qualified user: android.app.ContextImpl.sendBroadcast:1057 com.android.server.audio.AudioService.setMicrophoneMuteNoCallerCheck:2893 com.android.server.audio.AudioService.setMicrophoneMute:2879 android.media.IAudioService$Stub.onTransact:1112 android.os.Binder.execTransactInternal:1021 
01-08 22:48:16.416   743  1021 I FrameSetDispatcher: [HEADSET] Client thread joined
01-08 22:48:16.416   743  1021 I CameraClientManager: [HEADSET] Removed client (870) - started clients: 1
01-08 22:48:16.416   870  1041 I TrackingService: [         object] RUNNING -> STANDBY transition time: 1 ms
01-08 22:48:16.416   870  1041 I TrackingService: [           hand] RUNNING -> STANDBY transition time: 0 ms
01-08 22:48:16.416   870  1041 I TrackingService: [selftracked_client] RUNNING -> STANDBY transition time: 0 ms
01-08 22:48:16.417   743 12533 I FrameSetDispatcher: [CONTROLLER] Client thread stopping
01-08 22:48:16.417   743  1021 I FrameSetDispatcher: [CONTROLLER] Client thread joined
01-08 22:48:16.417   743  1021 I CameraClientManager: [CONTROLLER] Removed client (870) - started clients: 0
01-08 22:48:16.417   743  1021 I CameraClientManager: [CONTROLLER] Stopping stream
01-08 22:48:16.417   870  1041 I TrackingService: [  constellation] RUNNING -> STANDBY transition time: 0 ms
01-08 22:48:16.520   743 12474 I FrameSetDispatcher: [HEADSET] Client thread stopping
01-08 22:48:16.521   743  1021 I FrameSetDispatcher: [HEADSET] Client thread joined
01-08 22:48:16.521   743  1021 I CameraClientManager: [HEADSET] Removed client (870) - started clients: 0
01-08 22:48:16.521   743  1021 I CameraClientManager: [HEADSET] Stopping stream
--------- beginning of main
01-08 22:48:16.540  1910 13120 I PlatformPlugin: [PlatformPluginManager] Teardown
01-08 22:48:16.540  1910  1910 I PlatformPluginManager: Time between undock and unload 12
01-08 22:48:16.540  1910  1910 I PlatformPluginManager: Stopping reaper
01-08 22:48:16.541  1910  1910 I PlatformPluginManager: tearDown() complete
01-08 22:48:16.541  1910  1910 I OVRMediaService: teardownService(), destroy enqueued
01-08 22:48:16.541  1910  1910 I PlatformPluginManager: Setting headsetIsDocked: false
01-08 22:48:16.541  1910  1910 I PlatformPluginManager: Calling tearDown()
01-08 22:48:16.541  1910  1910 I OVRMediaService: OnDestroy()
01-08 22:48:16.542  1910  1910 I SelfReapingRefCounter: Removing callback com.oculus.horizon.media_session.MediaSessionLifecycleManager$1@b7d8002
01-08 22:48:16.542  1910  1910 I SelfReapingRefCounter: 0 remain
01-08 22:48:16.542  1910  1910 I SelfReapingRefCounter: Empty callbacks. Tearing down.
01-08 22:48:16.542  1910  1910 I SelfReapingRefCounter: Calling tearDown()
01-08 22:48:16.542  1910  1910 I VRLifecycleManager: Tearing down the VRLifecycle manager
01-08 22:48:16.544  1910  1910 I SelfReapingRefCounter: tearDown() complete
01-08 22:48:16.545  1910  1910 I SelfReapingRefCounter: Stopping reaper
01-08 22:48:16.545   838  1191 E PersistableBundle: Failed at frameworks/native/libs/binder/PersistableBundle.cpp:154 (erase)
01-08 22:48:16.555   743  1021 I CameraHalOculus: CameraHalLog:  vendor/oculus/camera/fastpath/src/MonoCameraOculus.cpp:StopCamera:158 Stopping MonoCamera 1
01-08 22:48:16.581   743  1021 I CameraHalOculus: CameraHalLog:  vendor/oculus/camera/fastpath/src/MonoCameraOculus.cpp:StopCamera:158 Stopping MonoCamera 2
01-08 22:48:16.582  1767  1767 I CompositorTiming: ---------------- CompositorTiming::Shutdown ----------------
01-08 22:48:16.582  1767  1767 I Vsync   : ---------------- Vsync::Shutdown ----------------
01-08 22:48:16.582  1767  1767 I Vsync   : Measured display refresh rate = 71.83 Hz
01-08 22:48:16.582  1767  1767 I Vsync   : Closed /sys/class/drm/sde-crtc-0/lineptr_event
01-08 22:48:16.582  1767  1767 I CompositorVR: ------------- ~CompositorVR() End -------------
01-08 22:48:16.582  1767  1767 I TelemetryServer: StopTelemetryServer start
01-08 22:48:16.583  1767  1767 I TelemetryServer: StopTelemetryServer end - 0.58ms
01-08 22:48:16.595   743  1021 I CameraHalOculus: CameraHalLog:  vendor/oculus/camera/fastpath/src/MonoCameraOculus.cpp:StopCamera:158 Stopping MonoCamera 3
01-08 22:48:16.627   581   610 I SyncBossFW: 7392396 [info   ] {APPI}: Stopping camera streaming
01-08 22:48:16.627   581   610 I SyncBossFW: 7392397 [info   ] {BCAM}: Camera streaming stopped
01-08 22:48:16.632  1910  2344 W DeviceConfigUtil: Try to get config param "oculus_shared_social:oculus_messenger_reauth_removal" before Device Config has subscribed to the service.
01-08 22:48:16.647   743  1021 I CameraHalOculus: CameraHalLog:  vendor/oculus/camera/fastpath/src/MonoCameraOculus.cpp:DisableCamera:112 Disabling MonoCamera 0
01-08 22:48:16.649   743  1021 I CameraHalOculus: CameraHalLog:  vendor/oculus/camera/fastpath/src/MonoCameraOculus.cpp:DisableCamera:112 Disabling MonoCamera 1
01-08 22:48:16.652   743  1021 I CameraHalOculus: CameraHalLog:  vendor/oculus/camera/fastpath/src/MonoCameraOculus.cpp:DisableCamera:112 Disabling MonoCamera 2
01-08 22:48:16.654   743  1021 I CameraHalOculus: CameraHalLog:  vendor/oculus/camera/fastpath/src/MonoCameraOculus.cpp:DisableCamera:112 Disabling MonoCamera 3
01-08 22:48:16.657   870  1041 I TrackingService: [            iot] RUNNING -> STANDBY transition time: 239 ms
01-08 22:48:16.657   870  1041 I TrackingService: [           bolt] RUNNING -> STANDBY transition time: 0 ms
01-08 22:48:16.658   870  1041 I TrackingService: [            iad] RUNNING -> STANDBY transition time: 0 ms
01-08 22:48:16.658   870  1041 I TrackingService: [ vision_manager] RUNNING -> STANDBY transition time: 0 ms
01-08 22:48:16.658   870   870 D TrackingService: setPowerState: STANDBY
01-08 22:48:16.658   870   870 D SensorClientUtils: Scheduling delayed transition to SLEEP in 120000ms
01-08 22:48:16.675  2962  3012 I GuardianSystem: Starting pause
01-08 22:48:16.675  2962  3012 I GuardianSystem: pendingDialogDefinition = 
01-08 22:48:16.676  1602  3438 I [CT]    : MIXEDREALITY: MrClientModelStates: setLayerPaused true layer -1 for client 593440871.
01-08 22:48:16.676  1602  3438 I [CT]    : MIXEDREALITY: MrSvc: PassthroughLayer: setPaused: Layer -1 is being paused true
01-08 22:48:16.676  2962  3012 I GuardianRender: Suspend: Passthrough layer paused
01-08 22:48:16.676  2962  3012 I GuardianRender: Suspend: GuardianRender suspending.
01-08 22:48:16.676  1602  3237 I [CT]    : MIXEDREALITY: MrSvc: PassthroughPresentationLayerImpl: Deallocating framebuffers for layer -1.
01-08 22:48:16.676  1602  3237 I [CT]    : MIXEDREALITY: MrServiceModel: Hibernating caller (most likely rendering thread) due to screen being off.
01-08 22:48:16.680  2962  3012 I VrRuntimeClient: UpdateEvents: HMT was UNmounted
01-08 22:48:16.680  2962  3012 I Distortion: Initializing Mesh Decenter Correction
01-08 22:48:16.682   861  3907 E CalibrationProvider: loadCalibration(LDISP_SN) failed: Calibration store didn't load any info
01-08 22:48:16.682   861  3907 E CalibrationProvider: loadCalibration(RDISP_SN) failed: Calibration store didn't load any info
01-08 22:48:16.683  2962  3012 I Distortion: SetLensPositions - iad=0.0629849, left offset=-0.00026837,-0.00102733, right offset=0.000147536,-0.00104481
01-08 22:48:16.683  2962  3012 I Distortion: Initializing Mesh Decenter Correction
01-08 22:48:16.684   861  3907 E CalibrationProvider: loadCalibration(LDISP_SN) failed: Calibration store didn't load any info
01-08 22:48:16.684   861  3907 E CalibrationProvider: loadCalibration(RDISP_SN) failed: Calibration store didn't load any info
01-08 22:48:16.684  2962  3012 I Distortion: SetLensPositions - iad=0.0629849, left offset=-0.00026837,-0.00102733, right offset=0.000147536,-0.00104481
01-08 22:48:16.685  2962  3012 I Distortion: Created custom distortion mesh.
01-08 22:48:16.686  2962  3012 I GuardianInput: GuardianInput::Suspend ... destroying hand trackers
01-08 22:48:16.686  2962  3012 I OpenXR_Hands: ------------ xrDestroyHandTrackerEXT -----------
01-08 22:48:16.686  2962  3012 I OpenXR_Hands: ------------ xrDestroyHandTrackerEXT -----------
01-08 22:48:16.686  1767  3009 I VrRuntimeService: RuntimeServiceSDKServer::SetGuardianSystemState: 593440871
01-08 22:48:16.759  1051  1256 V MediaPlayer: resetDrmState:  mDrmInfo=null mDrmProvisioningThread=null mPrepareDrmInProgress=false mActiveDrmScheme=false
01-08 22:48:16.760  1051  1256 V MediaPlayer: cleanDrmObj: mDrmObj=null mDrmSessionId=null
01-08 22:48:16.760   819  1033 D NuPlayerDriver: reset(0xef62e5a0) at state 6
01-08 22:48:16.760  1284  1284 V AvrcpMediaPlayerList: onPlaybackConfigChanged(): Configs list size=7
01-08 22:48:16.760  1284  1284 V AvrcpMediaPlayerList: onPlaybackConfigChanged(): Configs list size=6
01-08 22:48:16.763   858  1733 V C2Store : in ~ComponentModule
01-08 22:48:16.763   858  1733 V C2Store : unloading dll
01-08 22:48:16.764   819 13110 D NuPlayerDriver: notifyResetComplete(0xef62e5a0)
01-08 22:48:16.764   838  1191 E PersistableBundle: Failed at frameworks/native/libs/binder/PersistableBundle.cpp:154 (erase)
01-08 22:48:16.764   819  1033 W AMessage: failed to post message as target looper for handler 0 is gone.
01-08 22:48:16.766   838  1191 E PersistableBundle: Failed at frameworks/native/libs/binder/PersistableBundle.cpp:154 (erase)
01-08 22:48:16.767   838  1191 E PersistableBundle: Failed at frameworks/native/libs/binder/PersistableBundle.cpp:154 (erase)
01-08 22:48:17.017 12990 13090 I chatty  : uid=10159(com.YourCompany.PrototypeV4) expire 5 lines
01-08 22:48:17.031  1051  1431 E TaskPersister: File error accessing recents directory (directory doesn't exist?).
01-08 22:48:17.108  2962  2962 W guardianservice: type=1400 audit(0.0:5380): avc: denied " {" read" } for " name="u:object_r:vendor_board_init_prop:s0" dev="tmpfs" ino=15638 scontext=u:r:priv_app:s0:c512,c768 tcontext=u:object_r:vendor_board_init_prop:s0 tclass=file permissive=0
01-08 22:48:17.108  2962  2962 W guardianservice: type=1400 audit(0.0:5381): avc: denied " {" read" } for " name="u:object_r:vendor_board_init_prop:s0" dev="tmpfs" ino=15638 scontext=u:r:priv_app:s0:c512,c768 tcontext=u:object_r:vendor_board_init_prop:s0 tclass=file permissive=0
01-08 22:48:17.115  2962  3004 E libc    : Access denied finding property "ro.vendor.product.model_extended"
01-08 22:48:17.116  2962  3004 E libc    : Access denied finding property "ro.vendor.product.model_extended"
01-08 22:48:17.460   867 13119 I [CT]    : MIXEDREALITY: ServiceLogic: sendMrEngine: Pause
01-08 22:48:17.460   867 13119 I [CT]    : MIXEDREALITY: ServiceLogic: Camera Thread has now tid -1
01-08 22:48:17.491   870 11753 I chatty  : uid=1000(system) IOTmotion expire 2 lines
01-08 22:48:17.745  3064  3113 I chatty  : uid=10020(com.oculus.vrshell) expire 5 lines
01-08 22:48:17.980   867 13012 I [CT]    : MIXEDREALITY: StereoPipeline: StereoPipeline: pausing, active clients: 'NONE'.
01-08 22:48:17.980   867 13012 W [CT]    : BOLTDEPTH: BoltDepthSystem: onPause: The depth system had been paused already
01-08 22:48:18.156  3306  3328 W System  : A resource failed to call release. 
01-08 22:48:18.156  3306  3328 W System  : A resource failed to call release. 
01-08 22:48:18.156  3306  3328 I [SUI] LibraryPanelApp: GCing LibraryPanelApp
01-08 22:48:18.158  3306  3328 W System  : A resource failed to call release. 
01-08 22:48:18.158  3306  3328 I chatty  : uid=10026(com.oculus.systemux) FinalizerDaemon identical 12 lines
01-08 22:48:18.160  1284  1284 V AvrcpMediaPlayerList: onPlaybackConfigChanged(): Configs list size=5
01-08 22:48:18.187  1767  2879 I ClientMgr: ClientMgr: Flushing frame 31 for com.YourCompany.PrototypeV4 because compositor is not running
01-08 22:48:18.215  1767  2879 I ClientMgr: ClientMgr: Flushing frame 33 for com.YourCompany.PrototypeV4 because compositor is not running
01-08 22:48:18.270  1767  2879 I ClientMgr: ClientMgr: Flushing frame 34 for com.YourCompany.PrototypeV4 because compositor is not running
01-08 22:48:18.354  1767  2879 I ClientMgr: ClientMgr: Flushing frame 37 for com.YourCompany.PrototypeV4 because compositor is not running
01-08 22:48:18.410  1767  2879 I PerformanceManager_V0: SetClockLevels: Apply pending clock request change: 3,3 -> 2,3
01-08 22:48:18.410  1767  2873 I Clocks  : LockClocks( cpu=2, gpu=3 ) - start
01-08 22:48:18.410  1767  2873 I Clocks  : CPU levels [0, 4]
01-08 22:48:18.410  1767  2873 I Clocks  : GPU levels [0, 5]
01-08 22:48:18.410  1767  2873 I Clocks  : LockClocks( cpu=2, gpu=3 ) - end (0.7 ms)
01-08 22:48:18.549  1767  2879 I ClientMgr: ClientMgr: Flushing frame 41 for com.YourCompany.PrototypeV4 because compositor is not running
01-08 22:48:18.605  1767  2879 I ClientMgr: ClientMgr: Flushing frame 42 for com.YourCompany.PrototypeV4 because compositor is not running
01-08 22:48:18.688  1767  2879 I ClientMgr: ClientMgr: Flushing frame 44 for com.YourCompany.PrototypeV4 because compositor is not running
01-08 22:48:18.744  1767  2879 I ClientMgr: ClientMgr: Flushing frame 45 for com.YourCompany.PrototypeV4 because compositor is not running
01-08 22:48:18.799  1767  2879 I ClientMgr: ClientMgr: Flushing frame 46 for com.YourCompany.PrototypeV4 because compositor is not running
01-08 22:48:18.911  1767  2879 I ClientMgr: ClientMgr: Flushing frame 48 for com.YourCompany.PrototypeV4 because compositor is not running
01-08 22:48:19.050  1767  2879 I ClientMgr: ClientMgr: Flushing frame 51 for com.YourCompany.PrototypeV4 because compositor is not running
01-08 22:48:19.106  1767  2879 I ClientMgr: ClientMgr: Flushing frame 52 for com.YourCompany.PrototypeV4 because compositor is not running
01-08 22:48:19.136  1890  1932 W System  : A resource failed to call release. 
01-08 22:48:19.137  1890  1932 I chatty  : uid=10014(com.oculus.shellenv) FinalizerDaemon identical 2 lines
01-08 22:48:19.137  1890  1932 W System  : A resource failed to call release. 
01-08 22:48:19.145  3064  3080 I chatty  : uid=10020(com.oculus.vrshell) FinalizerDaemon expire 10 lines
01-08 22:48:19.161  1767  2879 I ClientMgr: ClientMgr: Flushing frame 53 for com.YourCompany.PrototypeV4 because compositor is not running
01-08 22:48:19.217  1767  2879 I ClientMgr: ClientMgr: Flushing frame 54 for com.YourCompany.PrototypeV4 because compositor is not running
01-08 22:48:19.301  1767  2879 I ClientMgr: ClientMgr: Flushing frame 56 for com.YourCompany.PrototypeV4 because compositor is not running
01-08 22:48:19.412  1767  2879 I ClientMgr: ClientMgr: Flushing frame 58 for com.YourCompany.PrototypeV4 because compositor is not running
01-08 22:48:19.523  1767  2879 I ClientMgr: ClientMgr: Flushing frame 61 for com.YourCompany.PrototypeV4 because compositor is not running
01-08 22:48:19.579  1767  2879 I ClientMgr: ClientMgr: Flushing frame 62 for com.YourCompany.PrototypeV4 because compositor is not running
01-08 22:48:19.630  1910 12506 I libjingle: [6998:575] [12506] (webrtcvoiceengine.cc:624): WebRtcVoiceEngine::Terminate
01-08 22:48:19.630  1910 12506 I libjingle: [6998:575] [12506] (AudioRecordWrapper.cpp:42): Calling AudioRecord::Stop()
01-08 22:48:19.630  1910 12506 I OVRPlatform: [SharedMicrophoneAudioRecord] SharedMicrophoneAudioRecord::Stop
01-08 22:48:19.630  1910 12506 D AudioTrackJni: Terminate@[tid=12506]
01-08 22:48:19.630  1910 12506 D AudioTrackJni: StopPlayout@[tid=12506]
01-08 22:48:19.630  1910 12506 D AudioManager: Close@[tid=12506]
01-08 22:48:19.630  1910 12506 I org.webrtc.Logging: WebRtcAudioManager: dispose@[name=Thread-189, id=1457]
01-08 22:48:19.635  1767  2879 I ClientMgr: ClientMgr: Flushing frame 64 for com.YourCompany.PrototypeV4 because compositor is not running
01-08 22:48:19.693  1910 12506 I libjingle: [6998:638] [12506] (webrtcvideoengine2.cc:502): WebRtcVideoEngine2::~WebRtcVideoEngine2
01-08 22:48:19.746  1767  2879 I ClientMgr: ClientMgr: Flushing frame 67 for com.YourCompany.PrototypeV4 because compositor is not running
01-08 22:48:19.751  1910 12505 I MediaCodecVideoDecoder: [6998:696] [12505] MediaCodecVideoDecoder: MediaCodecVideoDecoderFactory dtor
01-08 22:48:19.751  1910 12505 I MediaCodecVideoEncoder: [6998:696] [12505] MediaCodecVideoEncoder: MediaCodecVideoEncoderFactory dtor
01-08 22:48:19.760  1767  2879 E TREX    : Interface version 1 was not found. Check debug build for more information.
01-08 22:48:19.790  1910 12506 I libjingle: [6998:735] [12506] (AudioRecordWrapper.cpp:42): Calling AudioRecord::Stop()
01-08 22:48:19.790  1910 12506 I OVRPlatform: [SharedMicrophoneAudioRecord] SharedMicrophoneAudioRecord::Stop
01-08 22:48:19.790  1910 12506 I OVRPlatform: [SharedMicrophoneAudioRecord] SharedMicrophoneAudioRecord::Stop
01-08 22:48:19.791  1910 12506 D AAudio  : AAudioStream_requestStop(s#32) called
01-08 22:48:19.791  1910 12506 D         : PlayerBase::stop() from IPlayer
01-08 22:48:19.802  1767  2879 I ClientMgr: ClientMgr: Flushing frame 68 for com.YourCompany.PrototypeV4 because compositor is not running
01-08 22:48:19.829  1910 12506 D AAudio  : AAudioStream_close(s#32) called ---------------
01-08 22:48:19.829  1910 12506 D         : PlayerBase::~PlayerBase()
01-08 22:48:19.829  1910 12506 D AAudio  : AAudioStream_close(s#32) returned 0 ---------
01-08 22:48:19.829  1910 12506 D AudioTrackJni: ~dtor@[tid=12506]
01-08 22:48:19.829  1910 12506 D AudioTrackJni: Terminate@[tid=12506]
01-08 22:48:19.829  1910 12506 D AudioTrackJni: StopPlayout@[tid=12506]
01-08 22:48:19.829  1910 12506 D JVM     : GlobalRef::dtor@[tid=12506]
01-08 22:48:19.829  1910 12506 D JVM     : NativeRegistration::dtor@[tid=12506]
01-08 22:48:19.829  1910 12506 D JVM     : JNIEnvironment::dtor@[tid=12506]
01-08 22:48:19.829  1910 12506 D JVM     : AttachCurrentThreadIfNeeded::dtor@[tid=12506]
01-08 22:48:19.829  1910 12506 D AudioManager: ~dtor@[tid=12506]
01-08 22:48:19.829  1910 12506 D AudioManager: Close@[tid=12506]
01-08 22:48:19.829  1910 12506 D AudioManager: JavaAudioManager::dtor@[tid=12506]
01-08 22:48:19.829  1910 12506 D JVM     : GlobalRef::dtor@[tid=12506]
01-08 22:48:19.829  1910 12506 D JVM     : NativeRegistration::dtor@[tid=12506]
01-08 22:48:19.829  1910 12506 D JVM     : JNIEnvironment::dtor@[tid=12506]
01-08 22:48:19.829  1910 12506 D JVM     : AttachCurrentThreadIfNeeded::dtor@[tid=12506]
01-08 22:48:19.829  1910 12506 D JVM     : Detaching thread from JVM
01-08 22:48:19.833   726  3869 D audio_hw_primary: adev_close_input_stream: enter:stream_handle(0xf29cb000)
01-08 22:48:19.833   726  3869 E soundtrigger: audio_extn_sound_trigger_check_ec_ref_enable: st_dev NULL
01-08 22:48:19.833   726  3869 E soundtrigger: audio_extn_sound_trigger_update_ec_ref_status: st_dev NULL
01-08 22:48:19.833   726  3869 D audio_hw_primary: in_standby: enter: stream (0xf29cb000) usecase(22: audio-record)
01-08 22:48:19.858  1602  5264 I [CT]    : MIXEDREALITY: MrServiceController: VrFocusManager::Top Activity Changed, topActivity now is: 'com.oculus.shellenv', immersiveApp now is: ''.
01-08 22:48:19.859  1602  3237 I [CT]    : MIXEDREALITY: MrServiceModel: Hibernating caller (most likely rendering thread) due to screen being off.
01-08 22:48:19.859  1602  5264 I [CT]    : MIXEDREALITY: MrServiceController: VrFocusManager::Top Activity Changed, topActivity now is: 'com.oculus.shellenv', immersiveApp now is: ''.
01-08 22:48:19.860  1602  3237 I [CT]    : MIXEDREALITY: MrServiceModel: Hibernating caller (most likely rendering thread) due to screen being off.
01-08 22:48:19.871   870   870 D TrackingService: haptic socket already exists
01-08 22:48:19.872   870   870 D TrackingService: getSocket: com.YourCompany.PrototypeV4
01-08 22:48:19.872   743  1021 E SensorService: Failed to set simple multi haptics, ret: -1
01-08 22:48:19.872   870   870 I TrackingService: Unregistering client by ITrackingService.unregisterClient
01-08 22:48:19.872   870   870 I TrackingService: Failed to unregister client because client not found in registered list
01-08 22:48:19.872   870   870 I chatty  : uid=1000(system) /system/bin/trackingservice identical 7 lines
01-08 22:48:19.872   870   870 I TrackingService: Failed to unregister client because client not found in registered list
01-08 22:48:19.872   870   870 D TrackingService: unregister: com.YourCompany.PrototypeV4
01-08 22:48:19.895 12990 13087 I chatty  : uid=10159(com.YourCompany.PrototypeV4) expire 1 line
01-08 22:48:19.896  1767 13055 I VrRuntimeService: RuntimeServiceSDKServer::EnableRendering: 0x0, 0, com.YourCompany.PrototypeV4
01-08 22:48:19.896  1767 13055 I ClientMgr: ClientMgr::EnableRendering 12990:com.YourCompany.PrototypeV4 : type 0 comp-id 13: disable
01-08 22:48:19.896  1767 13055 I VrRuntimeServer: DisableCompositorClient: 13
01-08 22:48:19.896  1767 13055 I CompositorClientMgr: Disable client 13
01-08 22:48:19.896  1767 13055 I CompositorClientMgr: DisableClient: frame flush required: 0
01-08 22:48:19.896  1767 13055 I UnifiedTelemetryWrapper: Stopped UT session render:com.YourCompany.PrototypeV4
01-08 22:48:19.899  1910 13120 I OVRPlatform: [AndroidPlatformIntegration] AndroidPlatformIntegration::dtor
01-08 22:48:19.899  1910 13120 D JVM     : JVM::Uninitialize@[tid=13120]
01-08 22:48:19.899  1910 13120 D JVM     : JVM::~JVM@[tid=13120]
01-08 22:48:19.899  1767  2879 I ClientMgr: Non-overlay clients rendering status has changed: prev=85, curr=86, enabled=0
01-08 22:48:19.901  1284  1284 V AvrcpMediaPlayerList: onPlaybackConfigChanged(): Configs list size=5
01-08 22:48:19.903  1910 13120 I OVRPlatform: [AndroidPlatformIntegration] Releasing global references
01-08 22:48:19.903  1910 13120 I OVRPlatform: [MicrophoneServer] Enter MicrophoneServer::~MicrophoneServer
01-08 22:48:19.903  1910 13120 I OVRPlatform-OVRMicrophone: Stopping microphone recording.  Current state: Uninitialized
01-08 22:48:19.903  1910 13120 I OVRPlatform-OVRMicrophone: Stopping microphone recording.  Current state: Uninitialized
01-08 22:48:19.903  1910 13120 I OVRPlatform: [MicrophoneServer] Exit MicrophoneServer::~MicrophoneServer
01-08 22:48:19.903  1910 13120 D PlatformPlugin: [PlatformPluginManager] Releasing lock: nativeTearDown
01-08 22:48:20.389   750  1124 I AudioFlinger: BUFFER TIMEOUT: remove(175) from active list on thread 0x76451c6d80
01-08 22:48:20.390   726  3869 D msm8974_platform: platform_split_snd_device: snd_device(2) num devices(1) new_snd_devices(0)
01-08 22:48:20.390   726  3869 D ACDB-LOADER: ACDB -> send_audvoltable
01-08 22:48:20.390   726  3869 D ACDB-LOADER: ACDB -> ACDB_CMD_GET_AUDPROC_INSTANCE_GAIN_DEP_STEP_TABLE_SIZE
01-08 22:48:20.390   726  3869 D         : Failed to fetch the lookup information of the device 0000000F 
01-08 22:48:20.390   726  3869 D ACDB-LOADER: Error: ACDB_CMD_GET_AUDPROC_INSTANCE_GAIN_DEP_STEP_TABLE_SIZE Returned = -19
01-08 22:48:20.390   726  3869 D ACDB-LOADER: ACDB -> ACDB_CMD_GET_AUDPROC_INSTANCE_GAIN_DEP_STEP_TABLE, vol index 0
01-08 22:48:20.390   726  3869 D         : Failed to fetch the lookup information of the device 0000000F 
01-08 22:48:20.390   726  3869 D ACDB-LOADER: Error: ACDB AudProc vol returned = -19
01-08 22:48:20.390   726  3869 D ACDB-LOADER: ACDB -> AUDIO_SET_VOL_CAL cal type = 40
01-08 22:48:20.390   726  3869 D msm8974_platform: platform_split_snd_device: snd_device(2) num devices(1) new_snd_devices(0)
01-08 22:48:20.854   726  3869 D audio_hw_primary: out_standby: enter: stream (0xf2bad000) usecase(1: low-latency-playback)
01-08 22:48:20.879   726  3869 I audio_hw_primary: disable_audio_route: reset and update mixer path: low-latency-playback
01-08 22:48:20.880   726  3869 D msm8974_platform: platform_split_snd_device: snd_device(2) num devices(0) new_snd_devices(0)
01-08 22:48:20.880   726  3869 I msm8974_platform: platform_get_custom_mtmx_params: no matching param with id 0 ip_ch 2 op_ch 2 uc_id 1 snd_dev 2
01-08 22:48:20.880   726  3869 D hardware_info: hw_info_append_hw_type : device_name = speaker
01-08 22:48:20.880   726  3869 D audio_hw_primary: disable_snd_device: snd_device(2: speaker)
01-08 22:48:20.880   726  3869 D msm8974_platform: platform_split_snd_device: snd_device(2) num devices(0) new_snd_devices(0)
01-08 22:48:20.885   726  3869 D audio_hw_primary: out_standby: exit
01-08 22:48:20.923   870 11753 I TrackingService: ActivityMonitor: Device Idle detected. Notifying VR Power Manager: controllerFlagsInHand(2) 0, areAllControllersStatic: 1, isHandDetected 0, Headset Movement 1 (max: 2.685 rad/s), idle time: 65.0s
01-08 22:48:21.736   903   903 E adbd    : failed to connect to socket 'tcp:6666': Connection refused
01-08 22:48:22.356   743   906 I SyncBossHAL: [info   ] syncboss_hal_powerstate.c(50): Reporting powerstate event: PROX_ON
01-08 22:48:22.356  1051  1256 D VrPowerManagerService: processing message: sensor changed
01-08 22:48:22.356  1051  1256 I VrPowerManagerService: transition from STANDBY to HEADSET_MOUNTED
01-08 22:48:22.356  1051  1256 I PowerManagerService: Waking up from Asleep (uid=1000, reason=WAKE_REASON_UNKNOWN, details=VrPwMng:leave-standby)...
01-08 22:48:22.356  1051  1051 W UsageStatsService: Event reported without a package name, eventType:15
01-08 22:48:22.357  1051  1051 D ActivityManager: Is background playback enabled for all apps: false
01-08 22:48:22.357  1051  1087 I DisplayPowerController: Blocking screen on until initial contents have been drawn.
01-08 22:48:22.357  1051  1051 D ActivityManager: Is background playback enabled for all apps: false
01-08 22:48:22.357  1051  1087 D ActivityTaskManager: Top Process State changed to PROCESS_STATE_TOP
01-08 22:48:22.357   867  1258 D SensorClientUtils: Cancelling delayed transition to SLEEP
01-08 22:48:22.357  1051  1051 D ActivityManager: Is background playback enabled for all apps: false
01-08 22:48:22.358   743   743 W HwBinder:743_1: type=1400 audit(0.0:5387): avc: denied " {" getattr" } for " path="/proc/870" dev="proc" ino=59734 scontext=u:r:hal_oculus_sensors:s0 tcontext=u:r:trackingserver:s0 tclass=dir permissive=0
01-08 22:48:22.358   867  1258 D SensorClientUtils: Received transition request from SLEEP to RUNNING
01-08 22:48:22.358  1051  1051 I chatty  : uid=1000 system_server identical 2 lines
01-08 22:48:22.358  1051  1051 D ActivityManager: Is background playback enabled for all apps: false
01-08 22:48:22.358  1502  1550 D SensorClientUtils: Cancelling delayed transition to SLEEP
01-08 22:48:22.358   870   870 D SensorClientUtils: Cancelling delayed transition to SLEEP
01-08 22:48:22.359  1527  1548 D VrPowerManagerClient: Headset state: 1
01-08 22:48:22.359  1527  1548 V ControllerNotifications: Headset was mounted, requesting that notifications are enabled
01-08 22:48:22.359  1527  1548 V ControllerNotifications: Queueing enable of notifications in 5000ms
01-08 22:48:22.359   750  1217 D AF::TrackHandle: OpPlayAudio: track:57 uid:10014 pkg:com.oculus.shellenv usage:1 muted
01-08 22:48:22.360   750  1217 D AF::TrackHandle: OpPlayAudio: track:57 uid:10014 pkg:com.oculus.shellenv usage:1 muted
01-08 22:48:22.360  1051  1087 W InputReader: Device has associated, but no associated display id.
01-08 22:48:22.360   750  3632 D AF::TrackHandle: OpPlayAudio: track:175 uid:10159 pkg:com.YourCompany.PrototypeV4 usage:1 muted
01-08 22:48:22.360  1284  1284 V AvrcpMediaPlayerList: onPlaybackConfigChanged(): Configs list size=6
01-08 22:48:22.361   726  3869 W DeviceHAL: Error from HAL Device in function get_mic_mute: Function not implemented
01-08 22:48:22.361   750  9622 D AF::TrackHandle: OpPlayAudio: track:57 uid:10014 pkg:com.oculus.shellenv usage:1 muted
01-08 22:48:22.361   819  1033 D NuPlayerDriver: NuPlayerDriver(0xef62e5a0) created, clientPid(1051)
01-08 22:48:22.361   750  5056 D AF::RecordHandle: OpRecordAudio: track:56 uid:10014 pkg:com.oculus.shellenv usage:0 muted
01-08 22:48:22.361   726  3869 W DeviceHAL: Error from HAL Device in function get_mic_mute: Function not implemented
01-08 22:48:22.361   726  3869 D audio_hw_primary: adev_set_mic_mute state 0
01-08 22:48:22.361   726  3869 W DeviceHAL: Error from HAL Device in function set_mic_mute: Function not implemented
01-08 22:48:22.361   750  3632 D AF::TrackHandle: OpPlayAudio: track:175 uid:10159 pkg:com.YourCompany.PrototypeV4 usage:1 muted
01-08 22:48:22.362   750  9622 D AF::TrackHandle: OpPlayAudio: track:175 uid:10159 pkg:com.YourCompany.PrototypeV4 usage:1 muted
01-08 22:48:22.362   750  5056 D AF::RecordHandle: OpRecordAudio: track:56 uid:10014 pkg:com.oculus.shellenv usage:0 muted
01-08 22:48:22.362   726  3869 W DeviceHAL: Error from HAL Device in function set_mic_mute: Function not implemented
01-08 22:48:22.362   750  5056 D AF::RecordHandle: OpRecordAudio: track:56 uid:10014 pkg:com.oculus.shellenv usage:0 muted
01-08 22:48:22.362  1051 11309 E AudioSystem-JNI: Command failed for android_media_AudioSystem_muteMicrophone: -38
01-08 22:48:22.362  1051 11309 W ContextImpl: Calling a method in the system process without a qualified user: android.app.ContextImpl.sendBroadcast:1057 com.android.server.audio.AudioService.setMicrophoneMuteNoCallerCheck:2893 com.android.server.audio.AudioService.setMicrophoneMute:2879 android.media.IAudioService$Stub.onTransact:1112 android.os.Binder.execTransactInternal:1021 
01-08 22:48:22.363  1051  1051 D ActivityManager: Is background playback enabled for all apps: false
01-08 22:48:22.364   819  1033 I Codec2Client: Creating a Codec2 client to service "software"
01-08 22:48:22.364   750  5056 D AF::TrackHandle: OpPlayAudio: track:57 uid:10014 pkg:com.oculus.shellenv usage:1 muted
01-08 22:48:22.364   750  1217 D AF::TrackHandle: OpPlayAudio: track:175 uid:10159 pkg:com.YourCompany.PrototypeV4 usage:1 muted
01-08 22:48:22.364   750  1217 D AF::TrackHandle: OpPlayAudio: track:57 uid:10014 pkg:com.oculus.shellenv usage:1 muted
01-08 22:48:22.365   819  1033 I Codec2Client: Client to Codec2 service "software" created
01-08 22:48:22.366  1502  1550 D SensorClientUtils: Received transition request from SLEEP to RUNNING
01-08 22:48:22.366  1502  1550 D SensorClientUtils: Executing transition from STANDBY to RUNNING
01-08 22:48:22.366  1502  1550 D OVRRemoteService: [controller] STANDBY -> RUNNING
01-08 22:48:22.366   870   870 D SensorClientUtils: Received transition request from SLEEP to RUNNING
01-08 22:48:22.366   870   870 D SensorClientUtils: Executing transition from STANDBY to RUNNING
01-08 22:48:22.366   870  1041 I TrackingService: [ vision_manager] STANDBY -> RUNNING transition time: 0 ms
01-08 22:48:22.366  1502  1502 I ControllerManagement: Processing state message: Standby to Running, addr: --
01-08 22:48:22.367   870  1041 I TrackingService: [            iad] STANDBY -> RUNNING transition time: 0 ms
01-08 22:48:22.367   870  1041 I TrackingService: [           bolt] STANDBY -> RUNNING transition time: 0 ms
01-08 22:48:22.368   743  1021 E libosutils: failed to get real path of file /proc/870/cmdline, err: Permission denied
01-08 22:48:22.370   750  3632 D AF::RecordHandle: OpRecordAudio: track:56 uid:10014 pkg:com.oculus.shellenv usage:0 muted
01-08 22:48:22.371   750  3632 D AF::RecordHandle: OpRecordAudio: track:56 uid:10014 pkg:com.oculus.shellenv usage:0 muted
01-08 22:48:22.371   750  3632 D AF::RecordHandle: OpRecordAudio: track:56 uid:10014 pkg:com.oculus.shellenv usage:0 muted
01-08 22:48:22.371   750  3632 D AF::RecordHandle: OpRecordAudio: track:56 uid:10014 pkg:com.oculus.shellenv usage:0 muted
01-08 22:48:22.371   743  1021 I FrameSetDispatcher: [HEADSET] Client thread started
01-08 22:48:22.371   743  1021 I CameraClientManager: [HEADSET] Added client (870) - started clients: 1
01-08 22:48:22.372   743  1021 I CameraHalOculus: CameraHalLog:  vendor/oculus/camera/fastpath/src/MonoCameraOculus.cpp:EnableCamera:79 Enabling MonoCamera 0
01-08 22:48:22.372   750  3632 D AF::RecordHandle: OpRecordAudio: track:56 uid:10014 pkg:com.oculus.shellenv usage:0 muted
01-08 22:48:22.372   750  3632 D AF::RecordHandle: OpRecordAudio: track:56 uid:10014 pkg:com.oculus.shellenv usage:0 muted
01-08 22:48:22.372   750  1217 D AF::TrackHandle: OpPlayAudio: track:57 uid:10014 pkg:com.oculus.shellenv usage:1 muted
01-08 22:48:22.372   750  5056 D AF::TrackHandle: OpPlayAudio: track:175 uid:10159 pkg:com.YourCompany.PrototypeV4 usage:1 muted
01-08 22:48:22.373   750  1217 D AF::TrackHandle: OpPlayAudio: track:57 uid:10014 pkg:com.oculus.shellenv usage:1 muted
01-08 22:48:22.373   750  1217 D AF::TrackHandle: OpPlayAudio: track:57 uid:10014 pkg:com.oculus.shellenv usage:1 muted
01-08 22:48:22.373   750  5056 D AF::TrackHandle: OpPlayAudio: track:175 uid:10159 pkg:com.YourCompany.PrototypeV4 usage:1 muted
01-08 22:48:22.374   819 13151 D GenericSource: FileSource remote
01-08 22:48:22.374   750  3632 D AF::TrackHandle: OpPlayAudio: track:175 uid:10159 pkg:com.YourCompany.PrototypeV4 usage:1 muted
01-08 22:48:22.374   750  1217 D AF::TrackHandle: OpPlayAudio: track:57 uid:10014 pkg:com.oculus.shellenv usage:1 muted
01-08 22:48:22.374   750  1217 D AF::TrackHandle: OpPlayAudio: track:57 uid:10014 pkg:com.oculus.shellenv usage:1 muted
01-08 22:48:22.374   750  3632 D AF::TrackHandle: OpPlayAudio: track:175 uid:10159 pkg:com.YourCompany.PrototypeV4 usage:1 muted
01-08 22:48:22.375   750  1217 D AF::TrackHandle: OpPlayAudio: track:57 uid:10014 pkg:com.oculus.shellenv usage:1 muted
01-08 22:48:22.375   750  9622 D AF::RecordHandle: OpRecordAudio: track:56 uid:10014 pkg:com.oculus.shellenv usage:0 muted
01-08 22:48:22.376   750  1217 D AF::TrackHandle: OpPlayAudio: track:57 uid:10014 pkg:com.oculus.shellenv usage:1 muted
01-08 22:48:22.377   750  1217 D AF::TrackHandle: OpPlayAudio: track:57 uid:10014 pkg:com.oculus.shellenv usage:1 muted
01-08 22:48:22.377   750  3632 D AF::TrackHandle: OpPlayAudio: track:175 uid:10159 pkg:com.YourCompany.PrototypeV4 usage:1 muted
01-08 22:48:22.377   750  1217 D AF::TrackHandle: OpPlayAudio: track:57 uid:10014 pkg:com.oculus.shellenv usage:1 muted
01-08 22:48:22.377   750  3632 D AF::TrackHandle: OpPlayAudio: track:175 uid:10159 pkg:com.YourCompany.PrototypeV4 usage:1 muted
01-08 22:48:22.377   750  5056 D AF::TrackHandle: OpPlayAudio: track:57 uid:10014 pkg:com.oculus.shellenv usage:1 muted
01-08 22:48:22.377   750  3632 D AF::TrackHandle: OpPlayAudio: track:175 uid:10159 pkg:com.YourCompany.PrototypeV4 usage:1 muted
01-08 22:48:22.378  1051  1051 I chatty  : uid=1000 system_server identical 35 lines
01-08 22:48:22.378   750  3632 D AF::TrackHandle: OpPlayAudio: track:175 uid:10159 pkg:com.YourCompany.PrototypeV4 usage:1 muted
01-08 22:48:22.378   750  5056 D AF::TrackHandle: OpPlayAudio: track:57 uid:10014 pkg:com.oculus.shellenv usage:1 muted
01-08 22:48:22.378  1051  1051 D ActivityManager: Is background playback enabled for all apps: false
01-08 22:48:22.379   750  3632 D AF::TrackHandle: OpPlayAudio: track:175 uid:10159 pkg:com.YourCompany.PrototypeV4 usage:1 muted
01-08 22:48:22.379   750  3632 D AF::TrackHandle: OpPlayAudio: track:175 uid:10159 pkg:com.YourCompany.PrototypeV4 usage:1 muted
01-08 22:48:22.379   750  5056 D AF::TrackHandle: OpPlayAudio: track:57 uid:10014 pkg:com.oculus.shellenv usage:1 muted
01-08 22:48:22.379   750  3632 D AF::TrackHandle: OpPlayAudio: track:175 uid:10159 pkg:com.YourCompany.PrototypeV4 usage:1 muted
01-08 22:48:22.380   750  3632 D AF::TrackHandle: OpPlayAudio: track:175 uid:10159 pkg:com.YourCompany.PrototypeV4 usage:1 muted
01-08 22:48:22.380   750  9622 D AF::RecordHandle: OpRecordAudio: track:56 uid:10014 pkg:com.oculus.shellenv usage:0 muted
01-08 22:48:22.381   750  9622 D AF::RecordHandle: OpRecordAudio: track:56 uid:10014 pkg:com.oculus.shellenv usage:0 muted
01-08 22:48:22.383   750  1217 D AF::TrackHandle: OpPlayAudio: track:57 uid:10014 pkg:com.oculus.shellenv usage:1 muted
01-08 22:48:22.383  1051 10084 E AppOps  : startOperation
01-08 22:48:22.383  1051 10084 E AppOps  : java.lang.SecurityException: Specified package MrSystemService under uid 1000 but it is really -1
01-08 22:48:22.383  1051 10084 E AppOps  : 	at com.android.server.appop.AppOpsService.verifyAndGetIsPrivileged(AppOpsService.java:2654)
01-08 22:48:22.383  1051 10084 E AppOps  : 	at com.android.server.appop.AppOpsService.startOperation(AppOpsService.java:2235)
01-08 22:48:22.383  1051 10084 E AppOps  : 	at android.app.AppOpsManager.startOpNoThrow(AppOpsManager.java:5469)
01-08 22:48:22.383  1051 10084 E AppOps  : 	at android.app.AppOpsManager.startOpNoThrow(AppOpsManager.java:5450)
01-08 22:48:22.383  1051 10084 E AppOps  : 	at com.android.server.power.Notifier.onWakeLockAcquired(Notifier.java:224)
01-08 22:48:22.383  1051 10084 E AppOps  : 	at com.android.server.power.PowerManagerService.notifyWakeLockAcquiredLocked(PowerManagerService.java:1277)
01-08 22:48:22.383  1051 10084 E AppOps  : 	at com.android.server.power.PowerManagerService.acquireWakeLockInternal(PowerManagerService.java:1112)
01-08 22:48:22.383  1051 10084 E AppOps  : 	at com.android.server.power.PowerManagerService.access$3900(PowerManagerService.java:118)
01-08 22:48:22.383  1051 10084 E AppOps  : 	at com.android.server.power.PowerManagerService$BinderService.acquireWakeLock(PowerManagerService.java:4346)
01-08 22:48:22.383  1051 10084 E AppOps  : 	at android.os.IPowerManager$Stub.onTransact(IPowerManager.java:349)
01-08 22:48:22.383  1051 10084 E AppOps  : 	at android.os.Binder.execTransactInternal(Binder.java:1021)
01-08 22:48:22.383  1051 10084 E AppOps  : 	at android.os.Binder.execTransact(Binder.java:994)
01-08 22:48:22.383   867  1258 D SensorClientUtils: Executing transition from SLEEP to STANDBY
01-08 22:48:22.383   867  1258 D SensorClientUtils: Executing transition from STANDBY to RUNNING
01-08 22:48:22.383   750  9622 D AF::TrackHandle: OpPlayAudio: track:175 uid:10159 pkg:com.YourCompany.PrototypeV4 usage:1 not muted
01-08 22:48:22.383   754   754 D SurfaceFlinger: Setting power mode 2 on display 19260772666111105
01-08 22:48:22.385   750  3632 D AF::RecordHandle: OpRecordAudio: track:56 uid:10014 pkg:com.oculus.shellenv usage:0 muted
01-08 22:48:22.388  1051  1072 I DisplayManagerService: Display device changed state: "Built-in Screen", ON
01-08 22:48:22.391   782   984 I SDM     : DisplayBase::SetDisplayState: Set state = 1, display 29-0, teardown = 0
01-08 22:48:22.396   726  3869 D audio_hw_primary: adev_set_parameters: enter: screen_state=on
01-08 22:48:22.402  1051  1087 I DisplayPowerController: Unblocked screen on after 45 ms
01-08 22:48:22.402   743  1021 I CameraHalOculus: CameraHalLog:  vendor/oculus/camera/fastpath/src/MonoCameraOculus.cpp:EnableCamera:79 Enabling MonoCamera 1
01-08 22:48:22.402  1284  1284 V AvrcpMediaPlayerList: onPlaybackConfigChanged(): Configs list size=6
01-08 22:48:22.403   819 13148 I GenericSource: start
01-08 22:48:22.405  1051  1051 V MediaRouter: Selecting route: RouteInfo{ name=Phone, description=null, status=null, category=RouteCategory{ name=System types=ROUTE_TYPE_LIVE_AUDIO ROUTE_TYPE_LIVE_VIDEO  groupable=false }, supportedTypes=ROUTE_TYPE_LIVE_AUDIO ROUTE_TYPE_LIVE_VIDEO , presentationDisplay=null }
01-08 22:48:22.408   819 13155 D CCodec  : allocate(c2.android.vorbis.decoder)
01-08 22:48:22.408   858  1733 V C2Store : in init
01-08 22:48:22.408   858  1733 V C2Store : loading dll
01-08 22:48:22.414   819 13155 I CCodec  : Created component [c2.android.vorbis.decoder]
01-08 22:48:22.414   819 13155 D CCodecConfig: read media type: audio/vorbis
01-08 22:48:22.417   819 13155 D ReflectedParamUpdater: extent() != 1 for single value type: algo.buffers.max-count.values
01-08 22:48:22.417   819 13155 D ReflectedParamUpdater: extent() != 1 for single value type: output.subscribed-indices.values
01-08 22:48:22.418   819 13155 D ReflectedParamUpdater: extent() != 1 for single value type: input.buffers.allocator-ids.values
01-08 22:48:22.418   819 13155 D ReflectedParamUpdater: extent() != 1 for single value type: output.buffers.allocator-ids.values
01-08 22:48:22.418   819 13155 D ReflectedParamUpdater: extent() != 1 for single value type: algo.buffers.allocator-ids.values
01-08 22:48:22.418   819 13155 D ReflectedParamUpdater: extent() != 1 for single value type: output.buffers.pool-ids.values
01-08 22:48:22.418   819 13155 D ReflectedParamUpdater: extent() != 1 for single value type: algo.buffers.pool-ids.values
01-08 22:48:22.420   819 13155 I CCodecConfig: query failed after returning 7 values (BAD_INDEX)
01-08 22:48:22.420   819 13155 D CCodecConfig: c2 config diff is Dict {
01-08 22:48:22.420   819 13155 D CCodecConfig:   c2::u32 coded.bitrate.value = 64000
01-08 22:48:22.420   819 13155 D CCodecConfig:   c2::u32 input.buffers.max-size.value = 32768
01-08 22:48:22.420   819 13155 D CCodecConfig:   c2::u32 input.delay.value = 0
01-08 22:48:22.420   819 13155 D CCodecConfig:   string input.media-type.value = "audio/vorbis"
01-08 22:48:22.420   819 13155 D CCodecConfig:   string output.media-type.value = "audio/raw"
01-08 22:48:22.420   819 13155 D CCodecConfig:   c2::u32 raw.channel-count.value = 1
01-08 22:48:22.420   819 13155 D CCodecConfig:   c2::u32 raw.sample-rate.value = 48000
01-08 22:48:22.420   819 13155 D CCodecConfig: }
01-08 22:48:22.421   838  1193 D TelemetryService: Received notification of event: 5
01-08 22:48:22.421   838  1193 D TelemetryService: Received notification of screen on
01-08 22:48:22.422   819 13155 D CCodecConfig: no c2 equivalents for durationUs
01-08 22:48:22.422   819 13155 D CCodecConfig: no c2 equivalents for csd-1
01-08 22:48:22.422   819 13155 D CCodecConfig: no c2 equivalents for channel-mask
01-08 22:48:22.423  1767  1767 D VrRuntimeService: Received broadcast: com.oculus.intent.action.MOUNT_STATE_CHANGED
01-08 22:48:22.423  1767  1767 D VrRuntimeService: mounted state: true
01-08 22:48:22.423  1767  1767 I VrRuntimeService: nativeScreenStateChanged to on
01-08 22:48:22.423  1767  1767 I VrRuntimeService: Service entering RUNNING Mode
01-08 22:48:22.423  1767  1767 I VrRuntimeService: Resetting vsync state
01-08 22:48:22.423  1767  1767 I VrRuntimeServer: RuntimeServer: Resuming operation
01-08 22:48:22.423  1767  1767 I TelemetryServer: StartTelemetryServer start
01-08 22:48:22.423  1767  1767 I TelemetryServer: StartTelemetryServer end - 0.12ms
01-08 22:48:22.423  2259  2564 W PresenceAPKNative(hyperspace_controller_module): is_mounted: 1
01-08 22:48:22.424   819 13155 D CCodecConfig: c2 config diff is   c2::u32 raw.channel-count.value = 2
01-08 22:48:22.424  1767  1767 I Distortion: SetLensPositions - iad=0.063, left offset=0.000250001,0, right offset=-0.000250001,0
01-08 22:48:22.424  1767  1767 I Distortion: SetLensPositions - iad=0.063, left offset=0.000250001,0, right offset=-0.000250001,0
01-08 22:48:22.424  1767  1767 I CompositorVR: ---------------- CompositorVR() ----------------
01-08 22:48:22.424  1602  1602 I [CT]    : MIXEDREALITY: MrService: MountStateChanged: true
01-08 22:48:22.424  3306  3306 I chatty  : uid=10026 com.oculus.systemux:SystemUX expire 6 lines
01-08 22:48:22.425  3030  3030 D MetaCamNative (device_lifecycle_observer): OnDeviceMountedStateChange(is_mounted = 1)
