01-06 14:42:13.473   864  8442 W TrackingService: attachClient: found client in attached list
01-06 14:42:13.473  6584  6670 E OsSdk   : error getting shared memory region, memory type: HeadTracker, failed with Status(-1, EX_SECURITY): 'requested shared memory region when not registered/focused'
01-06 14:42:13.493  1052  1078 W InputReader: Device has associated, but no associated display id.
01-06 14:42:13.494  1804  9245 I CompositorProgs: loaded binary layerProgram 0:0x100100048083:0x0 in 0.8 ms
01-06 14:42:13.496  1052  1080 W InputReader: Device has associated, but no associated display id.
01-06 14:42:13.496  1052  1080 I ActivityTaskManager: Override config changes=20005df8 {0.0 ?mcc?mnc ?localeList ?layoutDir sw500dp w800dp h500dp 200dpi lrg land ?uimode ?night -touch qwerty/v/v -nav/h winConfig={ mBounds=Rect(0, 0 - 1000, 625) mAppBounds=Rect(0, 0 - 1000, 625) mWindowingMode=fullscreen mDisplayWindowingMode=fullscreen mActivityType=undefined mAlwaysOnTop=undefined mRotation=ROTATION_0}} for displayId=71
01-06 14:42:13.506  3515  6275 I chatty  : uid=10026(com.oculus.systemux) pool-16-thread- expire 6 lines
01-06 14:42:13.511  3515  6273 I chatty  : uid=10026(com.oculus.systemux) pool-16-thread- expire 3 lines
01-06 14:42:13.518  3515  9661 I chatty  : uid=10026(com.oculus.systemux) pool-1-thread-1 expire 1 line
01-06 14:42:13.518   864  1042 W TrackingService: attachClient: found client in attached list
01-06 14:42:13.518  3515  9662 I chatty  : uid=10026(com.oculus.systemux) pool-1-thread-1 expire 1 line
01-06 14:42:13.519  3515  9663 I chatty  : uid=10026(com.oculus.systemux) pool-1-thread-1 expire 3 lines
01-06 14:42:13.520  6584  6670 E OsSdk   : error getting shared memory region, memory type: HeadTracker, failed with Status(-1, EX_SECURITY): 'requested shared memory region when not registered/focused'
01-06 14:42:13.525  3065  3065 E AssistantUserEdService: The user ed service will not process the intent due to GK not passing
01-06 14:42:13.531  2990  3126 I [SEO] PanelRenderLayer: ResetSurface #main 0 x 0 - shape:0 stereo:0
01-06 14:42:13.532  1804  2916 I VrRuntimeService: UpdateSwapChainSamplerState: 332
01-06 14:42:13.532  1804  2916 I VrRuntimeService: UpdateSwapChainSamplerState: minFilter=1 magFilter=1 wrapModeS=3 warpModeT=3 maxAniso=1.000000 border={0.000000,0.000000,0.000000,0.000000} swizzle={0,1,2,3}
01-06 14:42:13.532  2990  3126 I [SEO] PanelAppHost: Setting panel layer visibility of layer "#main" to invisible, panel 26 (com.oculus.systemux/com.oculus.panelapp.library.LibraryPanelService)
01-06 14:42:13.532  2990  3126 I [SEO] PanelAppHost: Resize layer #main to size 1000 x 625 shape: 1 stereo: 0, panel 26 (com.oculus.systemux/com.oculus.panelapp.library.LibraryPanelService)
01-06 14:42:13.532  2990  3126 I [SEO] PanelRenderLayer: ResetSurface #main 1000 x 625 - shape:1 stereo:0
01-06 14:42:13.532  1804  2916 I VrRuntimeService: UpdateAndroidSurfaceSwapChainDimensions: 332: 1000x625
01-06 14:42:13.532  1950  3613 I VrRuntimeClient: SetTextureSwapChainSamplerState: No change in sampler state.
01-06 14:42:13.532  2990  3126 I [SEO] PanelRenderLayer: ResetSurface #main 0 x 0 - shape:0 stereo:0
01-06 14:42:13.545  1962  1994 W ProfileContentProvider: [doQuery] uri: content://com.oculus.horizon/profile
01-06 14:42:13.546  1962  1994 W ProfileContentProvider: [doQuery] appId: null, callingPackage: com.oculus.systemux
01-06 14:42:13.548  1962  9660 I AuthLogger: Action succeeded: com.oculus.auth.ACTION_STATUS, callingPackage: com.oculus.systemux, accountType: null, tokenType: null, extras: {is_relogin=false}, duration: 0ms
01-06 14:42:13.549  1962  1994 W ProfileContentProvider: [doQuery] isLoggedIn: true, isFirstPartyOrSystem: true
01-06 14:42:13.549  1962  1994 W ProfileContentProvider: [doQuery] app: null
01-06 14:42:13.551  1962  1994 W ProfileContentProvider: [doQuery] accessFeatureKeys: all features
01-06 14:42:13.551  1962  1994 W ProfileContentProvider: [doQuery] callingAppHasSystemPlatformSDKPermission: false
01-06 14:42:13.554  1962  1994 W ProfileContentProvider: [doQuery] verifyProductionFirstPartyApplication: true
01-06 14:42:13.555  1962  1994 W ProfileContentProvider: [doQuery] verifyDebugFirstPartyApplication: false
01-06 14:42:13.556  1962  1994 W ProfileContentProvider: [doQuery] isTrustedUser: false, verifyDebugFirstPartyApplication w/ isTrustedUser: false
01-06 14:42:13.556  1962  1994 W ProfileContentProvider: [doQuery] isDebugOS: false
01-06 14:42:13.556  1962  1994 W ProfileContentProvider: [doQuery] accessFeatureKeys contains USER_ID
01-06 14:42:13.556  1962  1994 W ProfileContentProvider: [doQuery] sWhitelistedAppPackageNameToId has com.oculus.systemux: true
01-06 14:42:13.557  1962  1994 W ProfileContentProvider: [doQuery] userId lookup succeeded: true
01-06 14:42:13.559  6584  6670 E OsSdk   : error getting shared memory region, memory type: HeadTracker, failed with Status(-1, EX_SECURITY): 'requested shared memory region when not registered/focused'
01-06 14:42:13.570  2954  3601 I VrGuardianService: GuardianSDKServer::SetGuardianHitDialog2 0
01-06 14:42:13.574  1962  1994 W ProfileContentProvider: [doQuery] normal return
01-06 14:42:13.577  1962  9660 I AuthLogger: Action succeeded: com.oculus.auth.ACTION_STATUS, callingPackage: com.oculus.systemux, accountType: null, tokenType: null, extras: {is_relogin=false}, duration: 1ms
01-06 14:42:13.578  1052  1080 I DisplayManagerService: Display device changed state: "com.oculus.android_panel_app.AndroidPanelLayer-#main", ON
01-06 14:42:13.585  3515  3529 I chatty  : uid=10026(com.oculus.systemux) FinalizerDaemon expire 26 lines
01-06 14:42:13.587  1052  5664 E WindowManager: App trying to use insecure INPUT_FEATURE_NO_INPUT_CHANNEL flag. Ignoring
01-06 14:42:13.587  1281  1281 V AvrcpMediaPlayerList: onPlaybackConfigChanged(): Configs list size=7
01-06 14:42:13.592  1281  1281 V AvrcpMediaPlayerList: onPlaybackConfigChanged(): Configs list size=6
01-06 14:42:13.605  6584  6670 E OsSdk   : error getting shared memory region, memory type: HeadTracker, failed with Status(-1, EX_SECURITY): 'requested shared memory region when not registered/focused'
01-06 14:42:13.612  1962  9660 I AuthLogger: Action succeeded: com.oculus.auth.ACTION_STATUS, callingPackage: com.oculus.systemux, accountType: null, tokenType: null, extras: {is_relogin=false}, duration: 0ms
01-06 14:42:13.651   864  1042 I chatty  : uid=1000(system) Binder:864_2 identical 3 lines
01-06 14:42:13.651  6584  6670 E OsSdk   : error getting shared memory region, memory type: HeadTracker, failed with Status(-1, EX_SECURITY): 'requested shared memory region when not registered/focused'
01-06 14:42:13.692   864  1042 W TrackingService: attachClient: found client in attached list
01-06 14:42:13.692  6584  6670 E OsSdk   : error getting shared memory region, memory type: HeadTracker, failed with Status(-1, EX_SECURITY): 'requested shared memory region when not registered/focused'
01-06 14:42:13.693   864   864 W TrackingService: attachClient: found client in attached list
01-06 14:42:13.693  6584  6670 E OsSdk   : error getting shared memory region, memory type: AnchorTracker, failed with Status(-1, EX_SECURITY): 'requested shared memory region when not registered/focused'
01-06 14:42:13.727  3515  3515 I chatty  : uid=10026 com.oculus.systemux:SystemUX expire 10 lines
01-06 14:42:13.728  1052  1454 I DisplayManagerService: Display device added: DisplayDeviceInfo{"com.oculus.android_panel_app.AndroidPanelLayer-controlbar4": uniqueId="virtual:com.oculus.systemux,10026,com.oculus.android_panel_app.AndroidPanelLayer-controlbar4,0", 1250 x 50, modeId 133, defaultModeId 133, supportedModes [{id=133, width=1250, height=50, fps=60.0}], colorMode 0, supportedColorModes [0], HdrCapabilities null, density 200, 200.0 x 200.0 dpi, appVsyncOff 0, presDeadline 16666666, touch NONE, rotation 0, type VIRTUAL, state OFF, owner com.oculus.systemux (uid 10026), FLAG_PRIVATE, FLAG_NEVER_BLANK, FLAG_OWN_CONTENT_ONLY}
01-06 14:42:13.738  6584  6670 E OsSdk   : error getting shared memory region, memory type: HeadTracker, failed with Status(-1, EX_SECURITY): 'requested shared memory region when not registered/focused'
01-06 14:42:13.742  1052  1078 W InputReader: Device has associated, but no associated display id.
01-06 14:42:13.742  1052  1454 I DisplayManagerService: Display device removed: DisplayDeviceInfo{"com.oculus.android_panel_app.AndroidPanelLayer-controlbar4": uniqueId="virtual:com.oculus.systemux,10026,com.oculus.android_panel_app.AndroidPanelLayer-controlbar4,0", 1250 x 50, modeId 133, defaultModeId 133, supportedModes [{id=133, width=1250, height=50, fps=60.0}], colorMode 0, supportedColorModes [0], HdrCapabilities null, density 200, 200.0 x 200.0 dpi, appVsyncOff 0, presDeadline 16666666, touch NONE, rotation 0, type VIRTUAL, state OFF, owner com.oculus.systemux (uid 10026), FLAG_PRIVATE, FLAG_NEVER_BLANK, FLAG_OWN_CONTENT_ONLY}
01-06 14:42:13.744  1052  1454 I DisplayManagerService: Display device added: DisplayDeviceInfo{"com.oculus.android_panel_app.AndroidPanelLayer-controlbar4": uniqueId="virtual:com.oculus.systemux,10026,com.oculus.android_panel_app.AndroidPanelLayer-controlbar4,0", 1000 x 50, modeId 134, defaultModeId 134, supportedModes [{id=134, width=1000, height=50, fps=60.0}], colorMode 0, supportedColorModes [0], HdrCapabilities null, density 200, 200.0 x 200.0 dpi, appVsyncOff 0, presDeadline 16666666, touch NONE, rotation 0, type VIRTUAL, state OFF, owner com.oculus.systemux (uid 10026), FLAG_PRIVATE, FLAG_NEVER_BLANK, FLAG_OWN_CONTENT_ONLY}
01-06 14:42:13.747  1052  1080 W InputReader: Device has associated, but no associated display id.
01-06 14:42:13.747  1052  1080 I ActivityTaskManager: Override config changes=20005df8 {0.0 ?mcc?mnc ?localeList ?layoutDir sw40dp w1000dp h40dp 200dpi nrml long land ?uimode ?night -touch qwerty/v/v -nav/h winConfig={ mBounds=Rect(0, 0 - 1250, 50) mAppBounds=Rect(0, 0 - 1250, 50) mWindowingMode=fullscreen mDisplayWindowingMode=fullscreen mActivityType=undefined mAlwaysOnTop=undefined mRotation=ROTATION_0}} for displayId=72
01-06 14:42:13.748  3515  9610 I chatty  : uid=10026(com.oculus.systemux) pool-37-thread- expire 1 line
01-06 14:42:13.749  2990  3126 I [SEO] PanelAppHost: Setting panel layer visibility of layer "controlbar4" to invisible, panel 27 (com.oculus.systemux/com.oculus.panelapp.controlbar.ControlBarPanelService)
01-06 14:42:13.749  2990  3126 I [SEO] PanelAppHost: Resize layer controlbar4 to size 1000 x 50 shape: 2 stereo: 0, panel 27 (com.oculus.systemux/com.oculus.panelapp.controlbar.ControlBarPanelService)
01-06 14:42:13.749  2990  3126 I [SEO] PanelRenderLayer: ResetSurface controlbar4 1000 x 50 - shape:2 stereo:0
01-06 14:42:13.768   864  9271 W [CT]    : VEGA:MAP_TRACKING_HM: [Throttled count=24] Map tracking did not run.
01-06 14:42:13.779  6584  6670 E OsSdk   : error getting shared memory region, memory type: HeadTracker, failed with Status(-1, EX_SECURITY): 'requested shared memory region when not registered/focused'
01-06 14:42:13.780  1052  1078 W InputReader: Device has associated, but no associated display id.
01-06 14:42:13.784  1052  1080 W InputReader: Device has associated, but no associated display id.
01-06 14:42:13.784  1052  1080 I ActivityTaskManager: Override config changes=20005df8 {0.0 ?mcc?mnc ?localeList ?layoutDir sw40dp w800dp h40dp 200dpi nrml long land ?uimode ?night -touch qwerty/v/v -nav/h winConfig={ mBounds=Rect(0, 0 - 1000, 50) mAppBounds=Rect(0, 0 - 1000, 50) mWindowingMode=fullscreen mDisplayWindowingMode=fullscreen mActivityType=undefined mAlwaysOnTop=undefined mRotation=ROTATION_0}} for displayId=73
01-06 14:42:13.788  1052  1080 I DisplayManagerService: Display device changed state: "com.oculus.android_panel_app.AndroidPanelLayer-controlbar4", ON
01-06 14:42:13.792  1052  1744 E WindowManager: App trying to use insecure INPUT_FEATURE_NO_INPUT_CHANNEL flag. Ignoring
01-06 14:42:13.795  3515  3515 I chatty  : uid=10026 com.oculus.systemux:SystemUX expire 9 lines
01-06 14:42:13.795  2990  3126 W OpenGLRenderer: [SurfaceTexture-40-2990-86] bindTextureImage: clearing GL error: 0x502
01-06 14:42:13.797  3515  4514 I chatty  : uid=10026(com.oculus.systemux) Binder:3515_6 expire 1 line
01-06 14:42:13.798  3515  3515 I chatty  : uid=10026 com.oculus.systemux:SystemUX expire 157 lines
01-06 14:42:13.807  2990  3126 I [SEO] LayerSwapChainResource: LayerSwapChainResource 1000,50 : 3
01-06 14:42:13.807  1804  2916 I VrRuntimeService: CreateSwapChain: 866258678
01-06 14:42:13.807  1804  2916 I VrRuntimeService: CreateSwapChain: api:vk 0 0x2b 1000 50 10 3 1 4 3
01-06 14:42:13.807  1804  2916 W SwapChain_Vulkan: CreateTextureSwapChainFoveationVulkan: ShouldCreateFragmentDensityMap: false
01-06 14:42:13.807  1804  2916 W SwapChain_Vulkan: ExportTextureResourcesFoveationVulkan: chain->VkInteropFoveation.Device == nullptr
01-06 14:42:13.807  1804  2916 W SwapChain: CreateTextureSwapChainFoveation: export failed
01-06 14:42:13.807  1804  2916 I VrRuntimeServer: CreateTextureSwapChain: result importswapchaingles 1
01-06 14:42:13.808  1950  3613 I SwapChain_Vulkan: Imported texture has requirements 3, ends up index 0
01-06 14:42:13.809  1950  3613 I chatty  : uid=10014(com.oculus.shellenv) Thread-31 identical 1 line
01-06 14:42:13.809  1950  3613 I SwapChain_Vulkan: Imported texture has requirements 3, ends up index 0
01-06 14:42:13.809  1950  3613 W VrRuntimeClient: CreateTextureSwapChain: Failed to import foveation swapchain
01-06 14:42:13.811  1804  2916 I VrRuntimeService: UpdateSwapChainSamplerState: 335
01-06 14:42:13.811  1804  2916 I VrRuntimeService: UpdateSwapChainSamplerState: minFilter=1 magFilter=1 wrapModeS=3 warpModeT=3 maxAniso=1.000000 border={0.000000,0.000000,0.000000,0.000000} swizzle={0,1,2,3}
01-06 14:42:13.817  3515  3515 D [SUI] LibraryAppsOrchestrator: App: com.oculus.keyboard.prod.k012b_applemacbook13_uk status: ENTITLED downloadedSizeBytes: 0 downloadSizeBytes: 0
01-06 14:42:13.817  3515  3515 D [SUI] LibraryAppsOrchestrator: App: com.oculus.keyboard.prod.logitechk800_us status: ENTITLED downloadedSizeBytes: 0 downloadSizeBytes: 0
01-06 14:42:13.817  3515  3515 D [SUI] LibraryAppsOrchestrator: App: com.oculus.keyboard.prod.k012g_applemacbook16_us status: ENTITLED downloadedSizeBytes: 0 downloadSizeBytes: 0
01-06 14:42:13.817  3515  3515 D [SUI] LibraryAppsOrchestrator: App: com.oculus.keyboard.prod.k019c_microsoft_surface_laptop_4_13_sandstone_us status: ENTITLED downloadedSizeBytes: 0 downloadSizeBytes: 0
01-06 14:42:13.817  3515  3515 D [SUI] LibraryAppsOrchestrator: App: com.oculus.keyboard.prod.k025a_apple_magic_with_numpad_touch_id_us status: ENTITLED downloadedSizeBytes: 0 downloadSizeBytes: 0
01-06 14:42:13.817  3515  3515 D [SUI] LibraryAppsOrchestrator: App: com.oculus.fitnesstracker status: INSTALLED downloadedSizeBytes: 0 downloadSizeBytes: 0
01-06 14:42:13.817  3515  3515 D [SUI] LibraryAppsOrchestrator: App: com.meta.keyboard.prod.k026b_microsoft_surface_pro_5_6_7_poppy_red status: ENTITLED downloadedSizeBytes: 0 downloadSizeBytes: 0
01-06 14:42:13.817  3515  3515 D [SUI] LibraryAppsOrchestrator: App: com.oculus.helpcenter status: INSTALLED downloadedSizeBytes: 0 downloadSizeBytes: 0
01-06 14:42:13.817  3515  3515 D [SUI] LibraryAppsOrchestrator: App: com.oculus.keyboard.prod.k017b_apple_macbook_air_13_space_gray_and_silver_uk status: ENTITLED downloadedSizeBytes: 0 downloadSizeBytes: 0
01-06 14:42:13.817  3515  3515 D [SUI] LibraryAppsOrchestrator: App: com.oculus.keyboard.prod.microsoftsurfacepro8_plat status: ENTITLED downloadedSizeBytes: 0 downloadSizeBytes: 0
01-06 14:42:13.817  3515  3515 D [SUI] LibraryAppsOrchestrator: App: com.oculus.keyboard.prod.dellxps159500 status: ENTITLED downloadedSizeBytes: 0 downloadSizeBytes: 0
01-06 14:42:13.817  3515  3515 D [SUI] LibraryAppsOrchestrator: App: com.meta.keyboard.prod.k002k_logitechmx_mini_gb_pg status: ENTITLED downloadedSizeBytes: 0 downloadSizeBytes: 0
01-06 14:42:13.817  3515  3515 D [SUI] LibraryAppsOrchestrator: App: com.meta.environment.prod.rockquarry status: ENTITLED downloadedSizeBytes: 0 downloadSizeBytes: 0
01-06 14:42:13.817  3515  3515 D [SUI] LibraryAppsOrchestrator: App: com.oculus.keyboard.prod.k015a_dellinspiron7000_us status: ENTITLED downloadedSizeBytes: 0 downloadSizeBytes: 0
01-06 14:42:13.817  3515  3515 D [SUI] LibraryAppsOrchestrator: App: com.oculus.keyboard.prod.logitechk375 status: ENTITLED downloadedSizeBytes: 0 downloadSizeBytes: 0
01-06 14:42:13.817  3515  3515 D [SUI] LibraryAppsOrchestrator: App: com.meta.keyboard.prod.k002l_logitechmx_mini_mac_gb_pg status: ENTITLED downloadedSizeBytes: 0 downloadSizeBytes: 0
01-06 14:42:13.817  3515  3515 D [SUI] LibraryAppsOrchestrator: App: com.oculus.guidebook status: INSTALLED downloadedSizeBytes: 0 downloadSizeBytes: 0
01-06 14:42:13.817  3515  3515 D [SUI] LibraryAppsOrchestrator: App: com.oculus.keyboard.prod.k012h_applemacbook16_uk status: ENTITLED downloadedSizeBytes: 0 downloadSizeBytes: 0
01-06 14:42:13.817  3515  3515 D [SUI] LibraryAppsOrchestrator: App: com.meta.keyboard.prod.k002m_mx_keys_graphite_uni_uk status: ENTITLED downloadedSizeBytes: 0 downloadSizeBytes: 0
01-06 14:42:13.817  3515  3515 D [SUI] LibraryAppsOrchestrator: App: com.oculus.keyboard.prod.k019b_microsoft_surface_laptop_4_13_ice_blue_us status: ENTITLED downloadedSizeBytes: 0 downloadSizeBytes: 0
01-06 14:42:13.817  3515  3515 D [SUI] LibraryAppsOrchestrator: App: com.meta.keyboard.prod.k004b_logitech_k375s_uk status: ENTITLED downloadedSizeBytes: 0 downloadSizeBytes: 0
01-06 14:42:13.817  3515  3515 D [SUI] LibraryAppsOrchestrator: App: com.oculus.keyboard.prod.k005b_microsoftallinone_fr status: ENTITLED downloadedSizeBytes: 0 downloadSizeBytes: 0
01-06 14:42:13.817  3515  3515 D [SUI] LibraryAppsOrchestrator: App: com.oculus.keyboard.prod.k016a_applemacbook13_2020_us status: ENTITLED downloadedSizeBytes: 0 downloadSizeBytes: 0
01-06 14:42:13.817  3515  3515 D [SUI] LibraryAppsOrchestrator: App: com.meta.environment.prod.treehouse status: ENTITLED downloadedSizeBytes: 0 downloadSizeBytes: 0
01-06 14:42:13.817  3515  3515 D [SUI] LibraryAppsOrchestrator: App: com.oculus.keyboard.prod.k021b_dell_xps_13_arctic_white status: ENTITLED downloadedSizeBytes: 0 downloadSizeBytes: 0
01-06 14:42:13.817  3515  3515 D [SUI] LibraryAppsOrchestrator: App: com.oculus.keyboard.prod.hpelitebook830g7 status: ENTITLED downloadedSizeBytes: 0 downloadSizeBytes: 0
01-06 14:42:13.817  3515  3515 D [SUI] LibraryTTI: Initial OCMS apps fetch finished, 325ms after initialization started.
01-06 14:42:13.817  3515  3515 D [SUI] LibraryBackgroundExecutor: Execution Completed: Apps Fetch in 299 ms
01-06 14:42:13.817  3515  3515 D [SUI] LibraryBackgroundTaskDeduper: Execution finished all_apps
01-06 14:42:13.818  3515  3515 D [SUI] LibraryViewModel: setUnknownSources
01-06 14:42:13.819  3515  3515 D [SUI] LibraryViewModel: maybeRestoreScrollPosition
01-06 14:42:13.819  3515  3515 D [SUI] LibraryView: Setting pending scroll position: 0
01-06 14:42:13.819  3515  3515 D [SUI] LibraryViewModel: Calling notifyPropertyChanged(BR.items)
01-06 14:42:13.819  3515  3515 D [SUI] LibraryAppsOrchestrator: Unknown Sources: 
01-06 14:42:13.819  3515  3515 D [SUI] LibraryAppsOrchestrator: UnknownSource: com.YourCompany.TemplateProject3
01-06 14:42:13.819  3515  3515 D [SUI] LibraryAppsOrchestrator: UnknownSource: com.YourCompany.PrototypeV4
01-06 14:42:13.819  3515  3515 D [SUI] LibraryAppsOrchestrator: UnknownSource: com.environment.matrixloadingvoid
01-06 14:42:13.819  3515  3515 D [SUI] LibraryTTI: Initial unknown sources fetch finished, 327ms after initialization started.
01-06 14:42:13.820  3515  3515 D [SUI] LibraryBackgroundExecutor: Execution Completed: Unknown Sources Fetch in 302 ms
01-06 14:42:13.820  3515  3515 D [SUI] LibraryBackgroundTaskDeduper: Execution finished UnknownSources
01-06 14:42:13.825  6584  6670 E OsSdk   : error getting shared memory region, memory type: HeadTracker, failed with Status(-1, EX_SECURITY): 'requested shared memory region when not registered/focused'
01-06 14:42:13.827  2990  3126 I [SEO] PanelAppHost: Setting panel layer visibility of layer "#main" to visible, panel 26 (com.oculus.systemux/com.oculus.panelapp.library.LibraryPanelService)
01-06 14:42:13.828  3515  4514 I PresenceAPK(ServicePresenceClient): calling onServiceUp
01-06 14:42:13.838  3515  3515 D [SUI] HorizonContentProviderHelper: fetchAppsScoreboardsInfo - appIds.length: 82
01-06 14:42:13.838  2990  3126 I [SEO] ShellEnvSwapChainApi: Destroying SwapChain:0xc0099c00
01-06 14:42:13.838  3515  3515 D [SUI] HorizonContentProviderHelper: fetchAppsScoreboardsInfo - appIds.length: 82
01-06 14:42:13.840  3515  3515 I [SUI] AnytimeUIAndroidPanelApp: hideTooltip (configuring Android tooltip view)
01-06 14:42:13.851  1052  1744 E InputDispatcher: Window handle Window{6310db1 u0 com.oculus.systemux} has no registered input channel
01-06 14:42:13.852  1804  2916 I VrRuntimeService: DestroySwapChain: swapchain=334
01-06 14:42:13.854  1052  1454 I DisplayManagerService: Display device removed: DisplayDeviceInfo{"com.oculus.android_panel_app.AndroidPanelLayer-tooltip": uniqueId="virtual:com.oculus.systemux,10026,com.oculus.android_panel_app.AndroidPanelLayer-tooltip,0", 121 x 65, modeId 131, defaultModeId 131, supportedModes [{id=131, width=121, height=65, fps=60.0}], colorMode 0, supportedColorModes [0], HdrCapabilities null, density 200, 200.0 x 200.0 dpi, appVsyncOff 0, presDeadline 16666666, touch NONE, rotation 0, type VIRTUAL, state ON, owner com.oculus.systemux (uid 10026), FLAG_PRIVATE, FLAG_NEVER_BLANK, FLAG_OWN_CONTENT_ONLY}
01-06 14:42:13.855  3515  3515 I AndroidPanelApp: HideLayer(tooltip, shape: 1, shouldMinimizeLayer: true)
01-06 14:42:13.855  3515  3515 I AndroidPanelApp: Processing pending hide layer for layer tooltip.
01-06 14:42:13.856  3515  3515 D [SUI] LibraryView: Scroll to position: 0
01-06 14:42:13.860  2990  3126 I [SEO] PanelAppHost: Setting panel layer visibility of layer "tooltip" to invisible, panel 25 (com.oculus.systemux/com.oculus.panelapp.anytimeui.AnytimeUIAndroidPanelService)
01-06 14:42:13.860  2990  3126 I [SEO] PanelAppHost: Resize layer tooltip to size 1 x 1 shape: 1 stereo: 0, panel 25 (com.oculus.systemux/com.oculus.panelapp.anytimeui.AnytimeUIAndroidPanelService)
01-06 14:42:13.860  2990  3126 I [SEO] PanelRenderLayer: ResetSurface tooltip 1 x 1 - shape:1 stereo:0
01-06 14:42:13.861  1804  9245 I SwapChain_Surface: AttachSurfaceSwapChainGLES: 0x70e762a000 with SurfaceTexture 0x2c26 attached on init
01-06 14:42:13.862  1804  9245 I CompositorProgs: loaded binary layerProgram 1:0x100100048083:0x0 in 0.8 ms
01-06 14:42:13.862  1804  2916 I VrRuntimeService: UpdateSwapChainSamplerState: 331
01-06 14:42:13.862  1804  2916 I VrRuntimeService: UpdateSwapChainSamplerState: minFilter=5 magFilter=1 wrapModeS=3 warpModeT=3 maxAniso=1.000000 border={0.000000,0.000000,0.000000,0.000000} swizzle={0,1,2,3}
01-06 14:42:13.862  2990  3126 I [SEO] PanelAppHost: Setting panel layer visibility of layer "controlbar4" to visible, panel 27 (com.oculus.systemux/com.oculus.panelapp.controlbar.ControlBarPanelService)
01-06 14:42:13.863  2990  3126 I [SEO] LayerSwapChainResource: LayerSwapChainResource 1,1 : 3
01-06 14:42:13.864  1804  2916 I VrRuntimeService: CreateSwapChain: 866258678
01-06 14:42:13.864  1804  2916 I VrRuntimeService: CreateSwapChain: api:vk 0 0x2b 1 1 1 3 1 4 3
01-06 14:42:13.864  1804  2916 W SwapChain_Vulkan: CreateTextureSwapChainFoveationVulkan: ShouldCreateFragmentDensityMap: false
01-06 14:42:13.864  1804  2916 W SwapChain_Vulkan: ExportTextureResourcesFoveationVulkan: chain->VkInteropFoveation.Device == nullptr
01-06 14:42:13.864  1804  2916 W SwapChain: CreateTextureSwapChainFoveation: export failed
01-06 14:42:13.864  1804  2916 I VrRuntimeServer: CreateTextureSwapChain: result importswapchaingles 1
01-06 14:42:13.865  1950  3613 I SwapChain_Vulkan: Imported texture has requirements 3, ends up index 0
01-06 14:42:13.865  1950  3613 I chatty  : uid=10014(com.oculus.shellenv) Thread-31 identical 1 line
01-06 14:42:13.865  1950  3613 I SwapChain_Vulkan: Imported texture has requirements 3, ends up index 0
01-06 14:42:13.865  1950  3613 W VrRuntimeClient: CreateTextureSwapChain: Failed to import foveation swapchain
01-06 14:42:13.867  1950  3613 I VrRuntimeClient: SetTextureSwapChainSamplerState: No change in sampler state.
01-06 14:42:13.867  2990  3126 I [SEO] ShellEnvSwapChainApi: Destroying SwapChain:0xc0099000
01-06 14:42:13.870  1804  2851 I PerformanceManager_V0: SetClockLevels: Apply pending clock request change: 3,3 -> 2,3
01-06 14:42:13.870  1804  2847 I Clocks  : ReleaseClocks - start
01-06 14:42:13.871  6584  6670 E OsSdk   : error getting shared memory region, memory type: HeadTracker, failed with Status(-1, EX_SECURITY): 'requested shared memory region when not registered/focused'
01-06 14:42:13.871  3515  4514 I PresenceAPK(PresenceClient): onServiceUp
01-06 14:42:13.871  3515  4514 I PresenceAPK(GroupManager): onConnected
01-06 14:42:13.871  1804  2847 I Clocks  : ReleaseClocks - end (1.3 ms)
01-06 14:42:13.871  1804  2847 I Clocks  : LockClocks( cpu=2, gpu=3 ) - start
01-06 14:42:13.871  1804  2847 I Clocks  : CPU levels [0, 4]
01-06 14:42:13.871  1804  2847 I Clocks  : GPU levels [0, 5]
01-06 14:42:13.871  3515  3532 I PresenceAPK(GroupManager): initialEnumerationFinished
01-06 14:42:13.872  1804  2847 I Clocks  : LockClocks( cpu=2, gpu=3 ) - end (0.5 ms)
01-06 14:42:13.872  3515  3532 I PresenceAPK(GroupManager): no reconnect groups
01-06 14:42:13.873  1804  2916 I VrRuntimeService: DestroySwapChain: swapchain=331
01-06 14:42:13.873  1804  2916 I VrRuntimeServer: DestroyTextureSwapChain: result destroyswapchain 1
01-06 14:42:13.884  6584  6649 D xrstreaming: receive ping: org 0 recv 0 xmt 7931634810400 (received at 3516356464125), offset divergence 56626
01-06 14:42:13.912   864   864 I chatty  : uid=1000(system) /system/bin/trackingservice identical 5 lines
01-06 14:42:13.913  6584  6670 E OsSdk   : error getting shared memory region, memory type: HeadTracker, failed with Status(-1, EX_SECURITY): 'requested shared memory region when not registered/focused'
01-06 14:42:13.927  1052  1546 E TaskPersister: File error accessing recents directory (directory doesn't exist?).
01-06 14:42:13.954   864   864 W TrackingService: attachClient: found client in attached list
01-06 14:42:13.954  6584  6670 E OsSdk   : error getting shared memory region, memory type: HeadTracker, failed with Status(-1, EX_SECURITY): 'requested shared memory region when not registered/focused'
01-06 14:42:13.955   864  1042 W TrackingService: attachClient: found client in attached list
01-06 14:42:13.956  6584  6670 E OsSdk   : error getting shared memory region, memory type: AnchorTracker, failed with Status(-1, EX_SECURITY): 'requested shared memory region when not registered/focused'
01-06 14:42:13.985  2954  3601 I VrGuardianService: GuardianSDKServer::SetGuardianHitDialog2 1
01-06 14:42:13.999  6584  6670 E OsSdk   : error getting shared memory region, memory type: HeadTracker, failed with Status(-1, EX_SECURITY): 'requested shared memory region when not registered/focused'
01-06 14:42:14.002  1950  9583 I VrApi   : FPS=84/90,Prd=27ms,Tear=0,Early=0,Stale=1,VSnc=0,Lat=-1,Fov=0,CPU4/GPU=3/3,2419/490MHz,OC=FF,TA=0/70/0,SP=N/F/N,Mem=2092MHz,Free=2064MB,PLS=0,Temp=26.0C/0.0C,TW=1.81ms,App=5.21ms,GD=0.00ms,CPU&GPU=8.05ms,LCnt=2(DR29,LM0),GPU%=0.64,CPU%=0.32(W0.38),DSF=1.00,CFL=14.51/19.70
01-06 14:42:14.026  3515  9666 D UserAppScopedAuthHelper: fetchUserInfo - fetched response for app scoped token request
01-06 14:42:14.027  3515  9666 D UserAppScopedAuthHelper: fetchUserInfo - fetched app scoped access token
01-06 14:42:14.027  3515  9670 D UserAppScopedAuthHelper: fetchUserInfo - fetched response for app scoped token request
01-06 14:42:14.027  3515  9670 D UserAppScopedAuthHelper: fetchUserInfo - fetched app scoped access token
01-06 14:42:14.027  6584  6670 E OsSdk   : error getting shared memory region, memory type: HeadTracker, failed with Status(-1, EX_SECURITY): 'requested shared memory region when not registered/focused'
01-06 14:42:14.033  3515  9667 D UserAppScopedAuthHelper: fetchUserInfo - fetched response for app scoped token request
01-06 14:42:14.034  3515  9667 D UserAppScopedAuthHelper: fetchUserInfo - fetched app scoped access token
01-06 14:42:14.068  3515  3515 W [SUI] AsyncQueryHandlerBase: Callback reference is null
01-06 14:42:14.069  6584  6670 E OsSdk   : error getting shared memory region, memory type: HeadTracker, failed with Status(-1, EX_SECURITY): 'requested shared memory region when not registered/focused'
01-06 14:42:14.075   864  9271 W [CT]    : TIMESTAMPCHECKER: Nominal rate wrong. Estimated data rate: 25, Nominal is 30.000300003000028
01-06 14:42:14.110  6584  6670 E OsSdk   : error getting shared memory region, memory type: HeadTracker, failed with Status(-1, EX_SECURITY): 'requested shared memory region when not registered/focused'
01-06 14:42:14.156   864  1042 I chatty  : uid=1000(system) Binder:864_2 identical 5 lines
01-06 14:42:14.156  6584  6670 E OsSdk   : error getting shared memory region, memory type: HeadTracker, failed with Status(-1, EX_SECURITY): 'requested shared memory region when not registered/focused'
01-06 14:42:14.178  3515  9670 D [SUI] LibraryUsersGroupedByAppsFetcher: LibraryUsersGroupedByAppsFetcher done 0
01-06 14:42:14.178  3515  9670 D [SUI] LibraryViewModel: Calling notifyPropertyChanged(BR.items)
01-06 14:42:14.189  3515  3515 D [SUI] LibraryView: No scroll to position available
01-06 14:42:14.197   864  1042 W TrackingService: attachClient: found client in attached list
01-06 14:42:14.197  2954  3601 I VrGuardianService: GuardianSDKServer::SetGuardianHitDialog2 0
01-06 14:42:14.198  6584  6670 E OsSdk   : error getting shared memory region, memory type: HeadTracker, failed with Status(-1, EX_SECURITY): 'requested shared memory region when not registered/focused'
01-06 14:42:14.198   864   864 W TrackingService: attachClient: found client in attached list
01-06 14:42:14.199  6584  6670 E OsSdk   : error getting shared memory region, memory type: AnchorTracker, failed with Status(-1, EX_SECURITY): 'requested shared memory region when not registered/focused'
01-06 14:42:14.220  2954  3601 I VrGuardianService: GuardianSDKServer::SetGuardianHitDialog2 1
01-06 14:42:14.242  6584  6670 E OsSdk   : error getting shared memory region, memory type: HeadTracker, failed with Status(-1, EX_SECURITY): 'requested shared memory region when not registered/focused'
01-06 14:42:14.286   864   864 I chatty  : uid=1000(system) /system/bin/trackingservice identical 2 lines
01-06 14:42:14.287  6584  6670 E OsSdk   : error getting shared memory region, memory type: HeadTracker, failed with Status(-1, EX_SECURITY): 'requested shared memory region when not registered/focused'
01-06 14:42:14.290  3515  9666 D [SUI] AppFooterManager: fetchEducationTip onSuccess: com.facebook.graphql.minimal.result.MinimalGraphQLResult@c3f496c
01-06 14:42:14.304  3515  3515 D [SUI] HorizonContentProviderHelper: fetchAppsScoreboardsInfo - complete
01-06 14:42:14.329   864   864 W TrackingService: attachClient: found client in attached list
01-06 14:42:14.329  6584  6670 E OsSdk   : error getting shared memory region, memory type: HeadTracker, failed with Status(-1, EX_SECURITY): 'requested shared memory region when not registered/focused'
01-06 14:42:14.335   910   910 E adbd    : failed to connect to socket 'tcp:6666': Connection refused
01-06 14:42:14.368   864  1042 W TrackingService: attachClient: found client in attached list
01-06 14:42:14.369  6584  6670 E OsSdk   : error getting shared memory region, memory type: HeadTracker, failed with Status(-1, EX_SECURITY): 'requested shared memory region when not registered/focused'
01-06 14:42:14.410   864  1042 I chatty  : uid=1000(system) Binder:864_2 identical 1 line
01-06 14:42:14.410  6584  6670 I chatty  : uid=10033(com.oculus.xrstreamingclient) SlamAnchorMem identical 1 line
01-06 14:42:14.426   864  1042 W TrackingService: attachClient: found client in attached list
01-06 14:42:14.427  6584  6670 E OsSdk   : error getting shared memory region, memory type: HeadTracker, failed with Status(-1, EX_SECURITY): 'requested shared memory region when not registered/focused'
01-06 14:42:14.427   864   864 W TrackingService: attachClient: found client in attached list
01-06 14:42:14.428  6584  6670 E OsSdk   : error getting shared memory region, memory type: AnchorTracker, failed with Status(-1, EX_SECURITY): 'requested shared memory region when not registered/focused'
01-06 14:42:14.469  6584  6670 E OsSdk   : error getting shared memory region, memory type: HeadTracker, failed with Status(-1, EX_SECURITY): 'requested shared memory region when not registered/focused'
01-06 14:42:14.638   864   864 I chatty  : uid=1000(system) /system/bin/trackingservice identical 5 lines
01-06 14:42:14.639  6584  6670 I chatty  : uid=10033(com.oculus.xrstreamingclient) SlamAnchorMem identical 4 lines
01-06 14:42:14.682   864   864 W TrackingService: attachClient: found client in attached list
01-06 14:42:14.682  6584  6670 E OsSdk   : error getting shared memory region, memory type: HeadTracker, failed with Status(-1, EX_SECURITY): 'requested shared memory region when not registered/focused'
01-06 14:42:14.682   864  1042 W TrackingService: attachClient: found client in attached list
01-06 14:42:14.686  6584  6670 E OsSdk   : error getting shared memory region, memory type: AnchorTracker, failed with Status(-1, EX_SECURITY): 'requested shared memory region when not registered/focused'
01-06 14:42:14.730  6584  6670 E OsSdk   : error getting shared memory region, memory type: HeadTracker, failed with Status(-1, EX_SECURITY): 'requested shared memory region when not registered/focused'
