--------- beginning of system
01-05 18:27:34.293  1046  5185 I ActivityTaskManager: START u0 {flg=0x10000000 cmp=com.YourCompany.PrototypeV4/com.epicgames.ue4.GameActivity} from uid 2000
01-05 18:27:34.323  1046  1079 I ActivityManager: Start proc 7790:com.YourCompany.PrototypeV4/u0a145 for activity {com.YourCompany.PrototypeV4/com.epicgames.ue4.GameActivity}
01-05 18:27:34.329  1046  5185 W ActivityManager: Package for pid 851: no process record found
01-05 18:27:34.487  1046  1464 D ConnectivityService: Returning BLOCKED NetworkInfo to uid=10145
01-05 18:27:34.903  1046  1072 W ActivityTaskManager: Activity top resumed state loss timeout for ActivityRecord{80e9397 u0 com.YourCompany.PrototypeV4/com.epicgames.ue4.GameActivity t321}
01-05 18:27:34.903  1046  1072 W ActivityTaskManager: Activity pause timeout for ActivityRecord{80e9397 u0 com.YourCompany.PrototypeV4/com.epicgames.ue4.GameActivity t321}
01-05 18:27:36.435  1046  3935 E WindowManager: App trying to use insecure INPUT_FEATURE_NO_INPUT_CHANNEL flag. Ignoring
--------- beginning of tracking
01-05 18:27:36.493   855  1040 W TrackingService: attachClient: found client in attached list
01-05 18:27:36.534   855  1040 W TrackingService: attachClient: found client in attached list
01-05 18:27:36.536   855   855 W TrackingService: attachClient: found client in attached list
01-05 18:27:37.437   855   855 I chatty  : uid=1000(system) /system/bin/trackingservice identical 26 lines
01-05 18:27:37.457   855   855 W TrackingService: attachClient: found client in attached list
01-05 18:27:37.458   855  1040 W TrackingService: attachClient: found client in attached list
01-05 18:27:37.898  1046  3935 W ActivityManager: Permission Denial: Accessing service com.oculus.vrshell/.ShellOverlayService from pid=7790, uid=10145 requires com.oculus.vrshell.OVERLAY_HOST
01-05 18:27:38.420  1046  1399 E TaskPersister: File error accessing recents directory (directory doesn't exist?).
01-05 18:27:38.778   855  1040 I chatty  : uid=1000(system) Binder:855_1 identical 40 lines
01-05 18:27:38.824   855  1040 W TrackingService: attachClient: found client in attached list
01-05 18:27:38.826   855   855 W TrackingService: attachClient: found client in attached list
01-05 18:27:39.026   855   855 I chatty  : uid=1000(system) /system/bin/trackingservice identical 5 lines
01-05 18:27:39.072   855   855 W TrackingService: attachClient: found client in attached list
01-05 18:27:39.073   855  1040 W TrackingService: attachClient: found client in attached list
01-05 18:27:40.266   855  1040 I chatty  : uid=1000(system) Binder:855_1 identical 35 lines
01-05 18:27:40.312   855  1040 W TrackingService: attachClient: found client in attached list
01-05 18:27:40.332   855  1040 D TrackingService: getSharedMemory: com.YourCompany.PrototypeV4#7790, HeadTracker
01-05 18:27:40.352   855  1040 W TrackingService: attachClient: found client in attached list
01-05 18:27:40.376  1046  1202 D ConnectivityService: Blocked status changed to false for 10097(16) on netId 100
01-05 18:27:40.377  1046  1202 D ConnectivityService: Blocked status changed to false for 10097(17) on netId 100
01-05 18:27:42.026   855  1040 I chatty  : uid=1000(system) Binder:855_1 identical 52 lines
01-05 18:27:42.054   855  1040 W TrackingService: attachClient: found client in attached list
01-05 18:27:42.055   855   855 W TrackingService: attachClient: found client in attached list
01-05 18:27:46.485   855   855 I chatty  : uid=1000(system) /system/bin/trackingservice identical 138 lines
01-05 18:27:46.526   855   855 W TrackingService: attachClient: found client in attached list
01-05 18:27:46.528   855  1040 W TrackingService: attachClient: found client in attached list
01-05 18:27:48.291   855  1040 I chatty  : uid=1000(system) Binder:855_1 identical 54 lines
01-05 18:27:48.332   855  1040 W TrackingService: attachClient: found client in attached list
01-05 18:27:48.333   855   855 W TrackingService: attachClient: found client in attached list
01-05 18:27:49.430   855   855 I chatty  : uid=1000(system) /system/bin/trackingservice identical 31 lines
01-05 18:27:49.476   855   855 W TrackingService: attachClient: found client in attached list
01-05 18:27:49.488   742   940 I SyncBossHAL: [info   ] syncboss_hal_powerstate.c(50): Reporting powerstate event: PROX_ON
01-05 18:27:49.490  1046  1239 I PowerManagerService: Waking up from Asleep (uid=1000, reason=WAKE_REASON_UNKNOWN, details=VrPwMng:leave-standby)...
01-05 18:27:49.490  1046  1046 W UsageStatsService: Event reported without a package name, eventType:15
01-05 18:27:49.490  1046  1046 D ActivityManager: Is background playback enabled for all apps: false
01-05 18:27:49.491  1046  1087 I DisplayPowerController: Blocking screen on until initial contents have been drawn.
01-05 18:27:49.491  1046  1046 D ActivityManager: Is background playback enabled for all apps: false
01-05 18:27:49.491  1046  1087 D ActivityTaskManager: Top Process State changed to PROCESS_STATE_TOP
01-05 18:27:49.491  1046  1046 D ActivityManager: Is background playback enabled for all apps: false
01-05 18:27:49.492  1499  1520 D SensorClientUtils: Cancelling delayed transition to SLEEP
01-05 18:27:49.492  1499  1520 D SensorClientUtils: Received transition request from SLEEP to RUNNING
01-05 18:27:49.493   851   851 D SensorClientUtils: Cancelling delayed transition to SLEEP
01-05 18:27:49.493   855   855 D SensorClientUtils: Cancelling delayed transition to SLEEP
01-05 18:27:49.493   855   855 D SensorClientUtils: Received transition request from SLEEP to RUNNING
01-05 18:27:49.498   851   851 D SensorClientUtils: Received transition request from SLEEP to RUNNING
01-05 18:27:49.513   855  1040 W TrackingService: attachClient: found client in attached list
01-05 18:27:49.521   855   855 D SensorClientUtils: Executing transition from SLEEP to STANDBY
01-05 18:27:49.522  1046  1046 I chatty  : uid=1000 system_server identical 30 lines
01-05 18:27:49.522  1046  1046 D ActivityManager: Is background playback enabled for all apps: false
01-05 18:27:49.525   855  1045 I TrackingService: [ vision_manager] SLEEP -> STANDBY transition time: 4 ms
01-05 18:27:49.526   855  1045 I TrackingService: [            iad] SLEEP -> STANDBY transition time: 0 ms
01-05 18:27:49.527  1046  7523 E AppOps  : startOperation
01-05 18:27:49.527  1046  7523 E AppOps  : java.lang.SecurityException: Specified package MrSystemService under uid 1000 but it is really -1
01-05 18:27:49.527  1046  7523 E AppOps  : 	at com.android.server.appop.AppOpsService.verifyAndGetIsPrivileged(AppOpsService.java:2654)
01-05 18:27:49.527  1046  7523 E AppOps  : 	at com.android.server.appop.AppOpsService.startOperation(AppOpsService.java:2235)
01-05 18:27:49.527  1046  7523 E AppOps  : 	at android.app.AppOpsManager.startOpNoThrow(AppOpsManager.java:5469)
01-05 18:27:49.527  1046  7523 E AppOps  : 	at android.app.AppOpsManager.startOpNoThrow(AppOpsManager.java:5450)
01-05 18:27:49.527  1046  7523 E AppOps  : 	at com.android.server.power.Notifier.onWakeLockAcquired(Notifier.java:224)
01-05 18:27:49.527  1046  7523 E AppOps  : 	at com.android.server.power.PowerManagerService.notifyWakeLockAcquiredLocked(PowerManagerService.java:1277)
01-05 18:27:49.527  1046  7523 E AppOps  : 	at com.android.server.power.PowerManagerService.acquireWakeLockInternal(PowerManagerService.java:1112)
01-05 18:27:49.527  1046  7523 E AppOps  : 	at com.android.server.power.PowerManagerService.access$3900(PowerManagerService.java:118)
01-05 18:27:49.527  1046  7523 E AppOps  : 	at com.android.server.power.PowerManagerService$BinderService.acquireWakeLock(PowerManagerService.java:4346)
01-05 18:27:49.527  1046  7523 E AppOps  : 	at android.os.IPowerManager$Stub.onTransact(IPowerManager.java:349)
01-05 18:27:49.527  1046  7523 E AppOps  : 	at android.os.Binder.execTransactInternal(Binder.java:1021)
01-05 18:27:49.527  1046  7523 E AppOps  : 	at android.os.Binder.execTransact(Binder.java:994)
01-05 18:27:49.527   851   851 D SensorClientUtils: Executing transition from SLEEP to STANDBY
01-05 18:27:49.527   851   851 D SensorClientUtils: Executing transition from STANDBY to RUNNING
01-05 18:27:49.528  1046  1072 I DisplayManagerService: Display device changed state: "Built-in Screen", ON
01-05 18:27:49.528  1499  1520 D SensorClientUtils: Executing transition from SLEEP to STANDBY
01-05 18:27:49.528  1499  1520 D OVRRemoteService: ControllerGlue: setting expected mode to Streaming
01-05 18:27:49.528  1499  1520 D OVRRemoteService: ControllerGlue: Setting current mode to Streaming
01-05 18:27:49.528  1499  1520 D OVRRemoteService: ControllerGlue: leave mode Disabled
01-05 18:27:49.528  1499  1520 D OVRRemoteService: ControllerGlue: Setting mode to Streaming
01-05 18:27:49.528  1499  1520 D OVRRemoteService: ControllerGlue: enter mode Streaming
01-05 18:27:49.528   742   742 D SensorService: ControllerProvider: acquiring StreamingSession
01-05 18:27:49.529  1046  1202 D ConnectivityService: Blocked status changed to false for 10145(24) on netId 100
01-05 18:27:49.529   742   742 D SensorService: SyncbossEventHandler: starting all streams
01-05 18:27:49.529   742  7923 D SensorService: SyncbossEventHandler::producerThreadFunc() start
01-05 18:27:49.530   742  7923 W SensorService: Data for sensor type HMD_IMU dropped because of failure to update clock drift from vsync. 1 drops in the last 0s.
01-05 18:27:49.533  1046  1464 W ContextImpl: Calling a method in the system process without a qualified user: android.app.ContextImpl.sendBroadcast:1057 com.android.server.audio.AudioService.setMicrophoneMuteNoCallerCheck:2893 com.android.server.audio.AudioService.setMicrophoneMute:2879 android.media.IAudioService$Stub.onTransact:1112 android.os.Binder.execTransactInternal:1021 
01-05 18:27:49.533   742   742 I SyncBossHAL: [info   ] syncboss_hal_impl_input.c(277): No pulsar frequency blocklist set
01-05 18:27:49.533   742   742 I SyncBossHAL: [info   ] syncboss_hal_impl_input.c(304): No AFH behavior specified, enabled by default
01-05 18:27:49.533   742   742 I SyncBossHAL: [info   ] syncboss_hal_impl_input.c(344): Input device auto-whitelisting disabled
01-05 18:27:49.538   742   742 D SensorService: ControllerProvider: acquiring StreamingClient impl; approx # alive: 1
01-05 18:27:49.538   742   742 D libsensorscommon: ControllerProvider: acquiring StreamingClient hidl
01-05 18:27:49.542   742  7922 D SensorService: stateChangeNotifierFunc(): Reporting controller info. Change token: 40, paired=2 connected=0
01-05 18:27:49.542  1499  7926 D OVRRemoteService: processStateChange([PairedControllerInfo JEDI 729165a0fe4054d7 disconnected mcnt=0])
01-05 18:27:49.542  1499  7926 D OVRRemoteService: processStateChange([PairedControllerInfo JEDI 86557c336c360320 disconnected mcnt=0])
01-05 18:27:49.542  1499  7926 D OVRRemoteService: processStateChange([PairedControllerInfo JEDI 86557c336c360320 disconnected update-required mcnt=0])
01-05 18:27:49.542  1499  1520 D OVRRemoteService: [controller] SLEEP -> STANDBY
01-05 18:27:49.542  1499  7926 D OVRRemoteService: processStateChange([PairedControllerInfo JEDI 729165a0fe4054d7 disconnected update-required mcnt=0])
01-05 18:27:49.543  1499  1520 D SensorClientUtils: Executing transition from STANDBY to RUNNING
01-05 18:27:49.543  1499  1520 D OVRRemoteService: [controller] STANDBY -> RUNNING
01-05 18:27:49.550  1046  1087 I DisplayPowerController: Unblocked screen on after 59 ms
01-05 18:27:49.554   855  1040 W TrackingService: attachClient: found client in attached list
01-05 18:27:49.557   855  1186 W TrackingService: attachClient: found client in attached list
01-05 18:27:49.577   855  1045 I TrackingService: [           bolt] SLEEP -> STANDBY transition time: 51 ms
01-05 18:27:49.584  1046  7523 D ConnectivityService: Returning UNBLOCKED NetworkInfo to uid=10145
01-05 18:27:49.602   855  1186 W TrackingService: attachClient: found client in attached list
01-05 18:27:49.644   855  1186 W TrackingService: attachClient: found client in attached list
01-05 18:27:49.666   855  1045 I TrackingService: [            iot] SLEEP -> STANDBY transition time: 88 ms
01-05 18:27:49.666   855  7969 D TrackingService: starting IOT motion thread, imu batch dispatch enabled=false
01-05 18:27:49.669   855  1045 I TrackingService: ConstellationTrackingGlue: setEnableExtendedDeadreckoning to false
01-05 18:27:49.669   855  1045 I TrackingService: [  constellation] SLEEP -> STANDBY transition time: 2 ms
01-05 18:27:49.669   855  1045 I TrackingService: [selftracked_client] SLEEP -> STANDBY transition time: 0 ms
01-05 18:27:49.669   855  1045 I TrackingService: [           hand] SLEEP -> STANDBY transition time: 0 ms
01-05 18:27:49.670   855  1045 I TrackingService: [         object] SLEEP -> STANDBY transition time: 0 ms
01-05 18:27:49.670   855  1045 I TrackingService: [     controller] SLEEP -> STANDBY transition time: 0 ms
01-05 18:27:49.670   742   742 D SensorService: ControllerProvider: acquiring StreamingClient impl; approx # alive: 2
01-05 18:27:49.670   855  1045 I TrackingService: [ExposureControl] SLEEP -> STANDBY transition time: 0 ms
01-05 18:27:49.671   855   855 D TrackingService: setPowerState: STANDBY
01-05 18:27:49.671   855   855 D SensorClientUtils: Executing transition from STANDBY to RUNNING
01-05 18:27:49.671   855  1045 I TrackingService: [ vision_manager] STANDBY -> RUNNING transition time: 0 ms
01-05 18:27:49.671  1499  7926 D OVRRemoteService: processStateChange([PairedControllerInfo JEDI 86557c336c360320 disconnected update-required mcnt=0])
01-05 18:27:49.671  1499  7926 D OVRRemoteService: processStateChange([PairedControllerInfo JEDI 729165a0fe4054d7 disconnected update-required mcnt=0])
01-05 18:27:49.671   742   742 D libsensorscommon: ControllerProvider: acquiring StreamingClient hidl
01-05 18:27:49.671   855  1045 I TrackingService: [            iad] STANDBY -> RUNNING transition time: 0 ms
01-05 18:27:49.671   855  1045 I TrackingService: [           bolt] STANDBY -> RUNNING transition time: 0 ms
01-05 18:27:49.672  1499  1520 D RemoteService: RemoteService - Registering status callback
01-05 18:27:49.674   742   742 I FrameSetDispatcher: [HEADSET] Client thread started
01-05 18:27:49.674   742   742 I CameraClientManager: [HEADSET] Added client (855) - started clients: 1
01-05 18:27:49.686   855  1040 W TrackingService: attachClient: found client in attached list
01-05 18:27:49.712   742  7923 W SensorService: Data for sensor type HMD_MAG dropped because of failure to update clock drift from vsync. 1 drops in the last 0s.
01-05 18:27:49.726   855  1040 W TrackingService: attachClient: found client in attached list
01-05 18:27:49.818   855  1040 I chatty  : uid=1000(system) Binder:855_1 identical 2 lines
01-05 18:27:49.819   855  1040 W TrackingService: attachClient: found client in attached list
01-05 18:27:49.855   742   742 I HollywoodCameraProvider: [HollywoodCameraProvider] Set cameras to 10 bpp (format 0x00000007)
01-05 18:27:49.859   742   917 I SyncBossHAL: [info   ] pulsar_manager.c(801): No IRLED tracked controllers connected/ready
01-05 18:27:49.865   855  1040 W TrackingService: attachClient: found client in attached list
01-05 18:27:49.874  1046  1087 W PowerManagerService: Screen on took 385 ms
01-05 18:27:49.912   855  1040 W TrackingService: attachClient: found client in attached list
01-05 18:27:49.916   855  1045 I TrackingService: [            iot] STANDBY -> RUNNING transition time: 244 ms
01-05 18:27:49.918   742   742 I FrameSetDispatcher: [CONTROLLER] Client thread started
01-05 18:27:49.918   742   742 I CameraClientManager: [CONTROLLER] Added client (855) - started clients: 1
01-05 18:27:49.918   855  1045 I TrackingService: ConstellationTrackingGlue: setEnableExtendedDeadreckoning to false
01-05 18:27:49.918   855  1045 I TrackingService: [  constellation] STANDBY -> RUNNING transition time: 2 ms
01-05 18:27:49.919   855  1045 I TrackingService: [selftracked_client] STANDBY -> RUNNING transition time: 0 ms
01-05 18:27:49.920   855  1045 I TrackingService: [           hand] STANDBY -> RUNNING transition time: 1 ms
01-05 18:27:49.921   855  1040 W TrackingService: attachClient: found client in attached list
01-05 18:27:49.922   855  1040 D TrackingService: getSharedMemory: com.oculus.systemdriver#1249, HeadTracker
01-05 18:27:49.922   742   742 I FrameSetDispatcher: [HEADSET] Client thread started
01-05 18:27:49.922   742   742 I CameraClientManager: [HEADSET] Added client (855) - started clients: 2
01-05 18:27:49.923   855  1045 I TrackingService: [         object] STANDBY -> RUNNING transition time: 2 ms
01-05 18:27:49.923   855  1045 I TrackingService: [     controller] STANDBY -> RUNNING transition time: 0 ms
01-05 18:27:49.931   855  1045 I TrackingService: Setting initial exposure: 0.005000, initial gain: 3.000000
01-05 18:27:49.933   742   742 I FrameSetDispatcher: [HEADSET] Client thread started
01-05 18:27:49.933   742   742 I CameraClientManager: [HEADSET] Added client (855) - started clients: 3
01-05 18:27:49.933   855  1045 I TrackingService: [ExposureControl] STANDBY -> RUNNING transition time: 10 ms
01-05 18:27:49.933   855   855 D TrackingService: setPowerState: RUNNING
01-05 18:27:49.957   855   855 W TrackingService: attachClient: found client in attached list
01-05 18:27:49.984   855   855 W TrackingService: attachClient: found client in attached list
01-05 18:27:49.987   855   855 D TrackingService: getSharedMemory: com.oculus.mrservice#1607, HeadTracker
01-05 18:27:49.996   855   855 W TrackingService: attachClient: found client in attached list
01-05 18:27:49.997   855   855 D TrackingService: getSharedMemory: com.oculus.systemdriver, Controller
01-05 18:27:49.998   742  7992 W libsensorscommon: frameset capture timestamp out of spec by -6196120.00 ms. FrameType=CONTROLLER, observed=6196160000000 expected=40000000. FrameSyncPeriod is: 40.00 ms
01-05 18:27:50.001   742   742 W SyncBossHAL: [warning] pulsar_manager.c(701): No cache entry for device 86557c33xxxxxxxx with unknown type
01-05 18:27:50.001   742   742 E SyncBossHAL: [error  ] syncboss_hal_input_helpers.c(158): Failure reading cache data when attempting to check if input is awake
01-05 18:27:50.001   742   742 W SyncBossHAL: [warning] pulsar_manager.c(701): No cache entry for device 729165a0xxxxxxxx with unknown type
01-05 18:27:50.001   742   742 E SyncBossHAL: [error  ] syncboss_hal_input_helpers.c(158): Failure reading cache data when attempting to check if input is awake
01-05 18:27:50.003   855   855 W TrackingService: attachClient: found client in attached list
01-05 18:27:50.145   855   855 I chatty  : uid=1000(system) /system/bin/trackingservice identical 6 lines
01-05 18:27:50.191   855   855 W TrackingService: attachClient: found client in attached list
01-05 18:27:50.192   855  1040 W TrackingService: attachClient: found client in attached list
01-05 18:27:50.193   855  1040 D TrackingService: getSharedMemory: com.oculus.guardian#2675, HeadTracker
01-05 18:27:50.194   855  1040 W TrackingService: attachClient: found client in attached list
01-05 18:27:50.194   855  1040 D TrackingService: getSharedMemory: com.oculus.guardian, Controller
01-05 18:27:50.194   855  1040 W TrackingService: attachClient: found client in attached list
01-05 18:27:50.195   855  1040 D TrackingService: getSharedMemory: com.oculus.guardian, AnchorTracker
01-05 18:27:50.236   855  1040 W TrackingService: attachClient: found client in attached list
01-05 18:27:50.248   855  1040 W TrackingService: attachClient: found client in attached list
01-05 18:27:50.249   855   855 W TrackingService: attachClient: found client in attached list
01-05 18:27:50.265   742  7975 E FrameSetDispatcher: [HEADSET] Client pid=855 (855): Failed to read from receive FMQ for 1 packets in 5000ms.
01-05 18:27:50.265   742  7975 E FrameSetDispatcher: This probably means this client is taking more than 33 ms to process the frame.
01-05 18:27:50.265   742  7975 E FrameSetDispatcher: Retrying.
01-05 18:27:50.289  1046  7221 E WindowManager: App trying to use insecure INPUT_FEATURE_NO_INPUT_CHANNEL flag. Ignoring
01-05 18:27:50.290   855   855 W TrackingService: attachClient: found client in attached list
01-05 18:27:50.323   855  1040 W TrackingService: attachClient: found client in attached list
01-05 18:27:50.325   855  1040 D TrackingService: getSharedMemory: com.oculus.vrshell#2140, HeadTracker
01-05 18:27:50.332   855  1040 W TrackingService: attachClient: found client in attached list
01-05 18:27:50.372   855  1040 I chatty  : uid=1000(system) Binder:855_1 identical 1 line
01-05 18:27:50.395  1046  1463 I ActivityTaskManager: START u0 {act=android.intent.action.MAIN cmp=com.oculus.os.clearactivity/.ClearActivity (has extras)} from uid 10020
01-05 18:27:50.396  1046  1463 W ActivityTaskManager: startActivity called from non-Activity context; forcing Intent.FLAG_ACTIVITY_NEW_TASK for: Intent { act=android.intent.action.MAIN flg=0x800000 cmp=com.oculus.os.clearactivity/.ClearActivity (has extras) }
01-05 18:27:50.416  1046  1072 D ActivityManager: Is background playback enabled for all apps: false
01-05 18:27:50.418   855  1040 W TrackingService: attachClient: found client in attached list
01-05 18:27:50.425  1046  2533 E WindowManager: App trying to use insecure INPUT_FEATURE_NO_INPUT_CHANNEL flag. Ignoring
01-05 18:27:50.464   855  1186 W TrackingService: attachClient: found client in attached list
01-05 18:27:50.739   855  1186 I chatty  : uid=1000(system) Binder:855_3 identical 7 lines
01-05 18:27:50.783   855  1186 W TrackingService: attachClient: found client in attached list
01-05 18:27:50.784   855  1040 W TrackingService: attachClient: found client in attached list
01-05 18:27:51.013   855  1040 I chatty  : uid=1000(system) Binder:855_1 identical 5 lines
01-05 18:27:51.055   855  1040 W TrackingService: attachClient: found client in attached list
01-05 18:27:51.055   855  1186 W TrackingService: attachClient: found client in attached list
01-05 18:27:51.205  1046  1464 I ActivityTaskManager: START u0 {act=com.oculus.os.clearactivity.FINISH cmp=com.oculus.os.clearactivity/.ClearActivity (has extras)} from uid 10020
01-05 18:27:51.205  1046  1464 W ActivityTaskManager: startActivity called from non-Activity context; forcing Intent.FLAG_ACTIVITY_NEW_TASK for: Intent { act=com.oculus.os.clearactivity.FINISH flg=0x800000 cmp=com.oculus.os.clearactivity/.ClearActivity (has extras) }
01-05 18:27:51.229  1046  1072 D ActivityManager: Is background playback enabled for all apps: false
01-05 18:27:51.282   855  1186 I chatty  : uid=1000(system) Binder:855_3 identical 5 lines
01-05 18:27:51.322   855  1186 W TrackingService: attachClient: found client in attached list
01-05 18:27:51.323   855  1040 W TrackingService: attachClient: found client in attached list
01-05 18:27:51.533   855  1040 I chatty  : uid=1000(system) Binder:855_1 identical 5 lines
01-05 18:27:51.576   855  1040 W TrackingService: attachClient: found client in attached list
01-05 18:27:51.578   855  1186 W TrackingService: attachClient: found client in attached list
01-05 18:27:51.837   855  1186 I chatty  : uid=1000(system) Binder:855_3 identical 7 lines
01-05 18:27:51.880   855  1186 W TrackingService: attachClient: found client in attached list
01-05 18:27:51.924   855  1040 W TrackingService: attachClient: found client in attached list
01-05 18:27:52.355   855  1040 I chatty  : uid=1000(system) Binder:855_1 identical 11 lines
01-05 18:27:52.356   855  1040 W TrackingService: attachClient: found client in attached list
01-05 18:27:52.381   855  1186 W TrackingService: attachClient: found client in attached list
01-05 18:27:52.586   855  1186 I chatty  : uid=1000(system) Binder:855_3 identical 5 lines
01-05 18:27:52.589   855  1186 W TrackingService: attachClient: found client in attached list
01-05 18:27:52.627   855  1186 D TrackingService: haptic socket already exists
01-05 18:27:52.627   855  1186 D TrackingService: getSocket: com.YourCompany.PrototypeV4
01-05 18:27:52.627   855  1186 I TrackingService: Unregistering client by ITrackingService.unregisterClient
01-05 18:27:52.627   855  1186 I TrackingService: Failed to unregister client because client not found in registered list
01-05 18:27:52.627   855  1186 I chatty  : uid=1000(system) Binder:855_3 identical 8 lines
01-05 18:27:52.628   855  1186 I TrackingService: Failed to unregister client because client not found in registered list
01-05 18:27:52.628   855  1186 D TrackingService: unregister: com.YourCompany.PrototypeV4
--------- beginning of main
01-05 18:27:52.634  1249  7858 I chatty  : uid=10025(com.oculus.systemdriver) com.oculus.vrruntimeservice expire 13 lines
01-05 18:27:52.635   855  1186 W TrackingService: attachClient: found client in attached list
01-05 18:27:52.640  7790  7901 I chatty  : uid=10145(com.YourCompany.PrototypeV4) expire 1 line
01-05 18:27:52.641  7790  7818 I chatty  : uid=10145(com.YourCompany.PrototypeV4) expire 18 lines
01-05 18:27:52.643  7790  7819 I chatty  : uid=10145(com.YourCompany.PrototypeV4) expire 12 lines
01-05 18:27:52.644  1292  1292 V AvrcpMediaPlayerList: onPlaybackConfigChanged(): Configs list size=7
01-05 18:27:52.644   730  6018 D msm8974_platform: platform_split_snd_device: snd_device(22) num devices(1) new_snd_devices(0)
01-05 18:27:52.644   730  6018 D ACDB-LOADER: ACDB -> send_audvoltable
01-05 18:27:52.644   730  6018 D ACDB-LOADER: ACDB -> ACDB_CMD_GET_AUDPROC_INSTANCE_GAIN_DEP_STEP_TABLE_SIZE
01-05 18:27:52.644   730  6018 D         : Failed to fetch the lookup information of the device 0000000F 
01-05 18:27:52.644   730  6018 D ACDB-LOADER: Error: ACDB_CMD_GET_AUDPROC_INSTANCE_GAIN_DEP_STEP_TABLE_SIZE Returned = -19
01-05 18:27:52.644   730  6018 D ACDB-LOADER: ACDB -> ACDB_CMD_GET_AUDPROC_INSTANCE_GAIN_DEP_STEP_TABLE, vol index 1
01-05 18:27:52.644   730  6018 D         : Failed to fetch the lookup information of the device 0000000F 
01-05 18:27:52.644   730  6018 D ACDB-LOADER: Error: ACDB AudProc vol returned = -19
01-05 18:27:52.645   730  6018 D ACDB-LOADER: ACDB -> AUDIO_SET_VOL_CAL cal type = 40
01-05 18:27:52.647  1249  2458 I chatty  : uid=10025(com.oculus.systemdriver) ClientRequest expire 3 lines
01-05 18:27:52.649   691   691 I netd    : firewallSetUidRule(2, 10080, 1) <0.02ms>
01-05 18:27:52.650  7790  7790 I chatty  : uid=10145(com.YourCompany.PrototypeV4) expire 5 lines
01-05 18:27:52.658  7790  7790 D UE4     : [GameActivity] ==================================> Inside onStart function in GameActivity
01-05 18:27:52.658  7790  7790 V UE4     : [GameApp] App in foreground
01-05 18:27:52.658  7790  7819 D UE4     : Case APP_CMD_RESUME
01-05 18:27:52.659  7790  7790 D UE4     : [GameActivity] onResume: start memory reporter runnable
01-05 18:27:52.659  7790  7819 D UE4     : [2023.01.05-18.27.52:658][  3]LogAndroid: Case APP_CMD_RESUME
01-05 18:27:52.659  7790  7819 D UE4     : LogAndroidEvents::EnqueueAppEvent : 7, [width=-1, height=-1], tid = 7819, APP_EVENT_STATE_ON_RESUME
01-05 18:27:52.659  7790  7790 D UE4     : [GameActivity] === Restoring Transparent Bars ===
01-05 18:27:52.659  7790  7790 D UE4     : [GameActivity] ==============> [JAVA] AndroidThunkJava_KeepScreenOn(false) - Enabled screen saver
01-05 18:27:52.659  7790  7790 D UE4     : [GameActivity] ==============> [JAVA] AndroidThunkJava_DisableScreenCapture(false) - Enabled screen captures
01-05 18:27:52.659  2878  2878 D IdentityManagementJobService: onStartJob - starting async IMS jobs
01-05 18:27:52.659  7790  7790 D UE4     : App is running in Landscape
01-05 18:27:52.659  7790  7790 D UE4     : [GameActivity] === Restoring Transparent Bars ===
01-05 18:27:52.659  7790  7790 D UE4     : [GameActivity] ==============> Resuming main init
01-05 18:27:52.659  7790  7790 D UE4     : [GameActivity] ==============> GameActive.onResume complete!
01-05 18:27:52.659  2878  2978 D IdentityManagementAsyncTask: doInBackground - working on IMS async tasks
01-05 18:27:52.660  7790  7819 D UE4     : [2023.01.05-18.27.52:660][  3]LogAndroid: Case APP_CMD_LOST_FOCUS
01-05 18:27:52.660  7790  7819 D UE4     : LogAndroidEvents::EnqueueAppEvent : 10, [width=-1, height=-1], tid = 7819, APP_EVENT_STATE_WINDOW_LOST_FOCUS
01-05 18:27:52.672   691   691 I netd    : firewallSetUidRule(2, 10080, 2) <0.03ms>
01-05 18:27:52.675  1046  5185 D WindowManager: relayoutVisibleWindow: Window{fdbbe9b u0 com.YourCompany.PrototypeV4/com.epicgames.ue4.GameActivity EXITING} mAnimatingExit=true, mRemoveOnExit=false, mDestroying=false
01-05 18:27:52.679   855  1040 W TrackingService: attachClient: found client in attached list
01-05 18:27:52.681  3107  3107 D MetaCam (MediaCapabilityChecker): checkMediaHasRecordingCapabilities packageName: com.YourCompany.PrototypeV4
01-05 18:27:52.690  7790  7819 D UE4     : Case APP_CMD_INIT_WINDOW
01-05 18:27:52.690  7790  7819 D UE4     : [2023.01.05-18.27.52:690][  3]LogAndroid: Case APP_CMD_INIT_WINDOW
01-05 18:27:52.690  7790  7819 D UE4     : LogAndroidEvents::EnqueueAppEvent : 0, [width=3664, height=1920], tid = 7819, APP_EVENT_STATE_WINDOW_CREATED
01-05 18:27:52.695  1940  2417 W OVRLibrary: null cursor received for query content://com.oculus.ocms.library/apps/com.YourCompany.PrototypeV4
01-05 18:27:52.695  1940  2417 I OVRMediaServiceManager: Sending onAppStart (com.YourCompany.PrototypeV4) to SocialPlatform (com.oculus.socialplatform)
01-05 18:27:52.695  1046  7523 I ActivityTaskManager: Activity reported stop, but no longer stopping: ActivityRecord{80e9397 u0 com.YourCompany.PrototypeV4/com.epicgames.ue4.GameActivity t321}
01-05 18:27:52.697  7790  7819 D UE4     : [2023.01.05-18.27.52:697][  3]LogAndroid: Case APP_CMD_GAINED_FOCUS
01-05 18:27:52.697  7790  7819 D UE4     : LogAndroidEvents::EnqueueAppEvent : 11, [width=-1, height=-1], tid = 7819, APP_EVENT_STATE_WINDOW_GAINED_FOCUS
01-05 18:27:52.697  7790  7819 D UE4     : [2023.01.05-18.27.52:697][  3]LogAndroid: event thread, activate app, unlocking HW window
01-05 18:27:52.697  7790  7819 D UE4     : LogAndroidEvents::EnqueueAppEvent : 14, [width=-1, height=-1], tid = 7819, APP_EVENT_STATE_APP_ACTIVATED
01-05 18:27:52.697  7790  7819 D UE4     : LogAndroidEvents::EnqueueAppEvent : 15, [width=-1, height=-1], tid = 7819, APP_EVENT_RUN_CALLBACK
01-05 18:27:52.697  7790  7915 D UE4     : [2023.01.05-18.27.52:697][  3]LogAndroid: RendererBlock acquired window lock
01-05 18:27:52.697  7790  7915 D UE4     : [2023.01.05-18.27.52:697][  3]LogVulkanRHI: Recreate swapchain ... 
01-05 18:27:52.701  7790  7915 D UE4     : [2023.01.05-18.27.52:701][  3]LogAndroid: RendererBlock updating window
01-05 18:27:52.701  7790  7915 D UE4     : [2023.01.05-18.27.52:701][  3]LogAndroid: RendererBlock released window lock
01-05 18:27:52.702  7790  7915 D UE4     : [2023.01.05-18.27.52:702][  3]LogHMD: Error: FOculusHMDModule::GetPluginWrapper().BeginFrame4 7 failed (-1003)
01-05 18:27:52.708  1940  2613 W OVRLibrary: null cursor received for query content://com.oculus.ocms.library/apps/com.YourCompany.PrototypeV4
01-05 18:27:52.721   691   691 I netd    : firewallSetUidRule(2, 10080, 1) <0.02ms>
01-05 18:27:52.727   855  1186 W TrackingService: attachClient: found client in attached list
01-05 18:27:52.729   730   730 D msm8974_platform: platform_split_snd_device: snd_device(22) num devices(1) new_snd_devices(0)
01-05 18:27:52.729   730   730 D ACDB-LOADER: ACDB -> send_audvoltable
01-05 18:27:52.729   730   730 D ACDB-LOADER: ACDB -> ACDB_CMD_GET_AUDPROC_INSTANCE_GAIN_DEP_STEP_TABLE_SIZE
01-05 18:27:52.729   730   730 D         : Failed to fetch the lookup information of the device 0000000F 
01-05 18:27:52.729   730   730 D ACDB-LOADER: Error: ACDB_CMD_GET_AUDPROC_INSTANCE_GAIN_DEP_STEP_TABLE_SIZE Returned = -19
01-05 18:27:52.729   730   730 D ACDB-LOADER: ACDB -> ACDB_CMD_GET_AUDPROC_INSTANCE_GAIN_DEP_STEP_TABLE, vol index 0
01-05 18:27:52.729   730   730 D         : Failed to fetch the lookup information of the device 0000000F 
01-05 18:27:52.729   730   730 D ACDB-LOADER: Error: ACDB AudProc vol returned = -19
01-05 18:27:52.729   730   730 D ACDB-LOADER: ACDB -> AUDIO_SET_VOL_CAL cal type = 40
01-05 18:27:52.732   730   966 D msm8974_platform: platform_split_snd_device: snd_device(22) num devices(1) new_snd_devices(0)
01-05 18:27:52.742   742   909 I SyncBossHAL: [info   ] syncboss_hal_impl_input.c(1060): Pulsar connected devices state change: 21
01-05 18:27:52.742  3107  3107 W OVRLibrary: null cursor received for query content://com.oculus.ocms.library/apps/com.YourCompany.PrototypeV4
01-05 18:27:52.743  3107  3107 D MetaCam (MediaCapabilityChecker): checkMediaHasRecordingCapabilities packageName: com.YourCompany.PrototypeV4
01-05 18:27:52.743   583   609 I SyncBossFW: 6198904 [info   ] {WIHO}: Pulsar device connected 86557c336c360320 (type: 9001401, connection id: 0x15)
01-05 18:27:52.746  1940  2417 E OVRMediaServiceManager: LivestreamingManager Not initialized
01-05 18:27:52.747  1046  4508 D ConnectivityService: requestNetwork for uid/pid:10080/2878 NetworkRequest [ TRACK_DEFAULT id=25, [ Capabilities: INTERNET&NOT_RESTRICTED&TRUSTED Uid: 10080] ]
01-05 18:27:52.747  1046  1229 D Ethernet: got request NetworkRequest [ TRACK_DEFAULT id=25, [ Capabilities: INTERNET&NOT_RESTRICTED&TRUSTED Uid: 10080] ] with score 60 and serial -1
01-05 18:27:52.747  1046  1193 D WifiNetworkFactory: got request NetworkRequest [ TRACK_DEFAULT id=25, [ Capabilities: INTERNET&NOT_RESTRICTED&TRUSTED Uid: 10080] ] with score 60 and serial -1
01-05 18:27:52.747  1046  1193 D UntrustedWifiNetworkFactory: got request NetworkRequest [ TRACK_DEFAULT id=25, [ Capabilities: INTERNET&NOT_RESTRICTED&TRUSTED Uid: 10080] ] with score 60 and serial -1
01-05 18:27:52.747  1046  1228 D WIFI_AWARE_FACTORY: got request NetworkRequest [ TRACK_DEFAULT id=25, [ Capabilities: INTERNET&NOT_RESTRICTED&TRUSTED Uid: 10080] ] with score 60 and serial -1
01-05 18:27:52.748  7790  7818 D UE4     : [2023.01.05-18.27.52:748][  3]LogAndroidEvents: Display: LogAndroidEvents::DequeueAppEvent : 8, [width=-1, height=-1], APP_EVENT_STATE_ON_STOP
01-05 18:27:52.748  7790  7818 D UE4     : FAppEventManager::Tick processing, 8
01-05 18:27:52.748  7790  7818 D UE4     : [2023.01.05-18.27.52:748][  3]LogAndroidEvents: Display: LogAndroidEvents::DequeueAppEvent : 12, [width=-1, height=-1], APP_EVENT_STATE_SAVE_STATE
01-05 18:27:52.748  7790  7818 D UE4     : FAppEventManager::Tick processing, 12
01-05 18:27:52.748  7790  7818 D UE4     : [2023.01.05-18.27.52:748][  3]LogAndroidEvents: Display: LogAndroidEvents::DequeueAppEvent : 9, [width=-1, height=-1], APP_EVENT_STATE_ON_START
01-05 18:27:52.748  7790  7818 D UE4     : FAppEventManager::Tick processing, 9
01-05 18:27:52.749  7790  7818 D UE4     : [2023.01.05-18.27.52:748][  3]LogAndroidEvents: Display: LogAndroidEvents::DequeueAppEvent : 7, [width=-1, height=-1], APP_EVENT_STATE_ON_RESUME
01-05 18:27:52.749  7790  7818 D UE4     : FAppEventManager::Tick processing, 7
01-05 18:27:52.749  7790  7818 D UE4     : [2023.01.05-18.27.52:749][  3]LogAndroidEvents: Display: LogAndroidEvents::DequeueAppEvent : 10, [width=-1, height=-1], APP_EVENT_STATE_WINDOW_LOST_FOCUS
01-05 18:27:52.749  7790  7818 D UE4     : FAppEventManager::Tick processing, 10
01-05 18:27:52.749  7790  7818 D UE4     : [2023.01.05-18.27.52:749][  3]LogAndroidEvents: Display: LogAndroidEvents::DequeueAppEvent : 0, [width=3664, height=1920], APP_EVENT_STATE_WINDOW_CREATED
01-05 18:27:52.749  7790  7818 D UE4     : FAppEventManager::Tick processing, 0
01-05 18:27:52.749  7790  7818 D UE4     : [2023.01.05-18.27.52:749][  3]LogAndroidEvents: Display: LogAndroidEvents::DequeueAppEvent : 11, [width=-1, height=-1], APP_EVENT_STATE_WINDOW_GAINED_FOCUS
01-05 18:27:52.749  7790  7818 D UE4     : FAppEventManager::Tick processing, 11
01-05 18:27:52.749  7790  7818 D UE4     : [2023.01.05-18.27.52:749][  3]LogAndroidEvents: Display: ExecWindowCreated
01-05 18:27:52.749  7790  7818 D UE4     : [2023.01.05-18.27.52:749][  3]LogAndroid: Mobile HDR: no
01-05 18:27:52.749  7790  7818 D UE4     : AndroidEGL::ReInitWindow()
01-05 18:27:52.749  7790  7818 D UE4     : ExecWindowCreated, 0, 1, 1
01-05 18:27:52.749  7790  7818 D UE4     : [2023.01.05-18.27.52:749][  3]LogAndroidEvents: Display: LogAndroidEvents::DequeueAppEvent : 14, [width=-1, height=-1], APP_EVENT_STATE_APP_ACTIVATED
01-05 18:27:52.749  7790  7818 D UE4     : FAppEventManager::Tick processing, 14
01-05 18:27:52.749  7790  7818 D UE4     : Execution will be resumed!
01-05 18:27:52.749  7790  7818 D UE4     : [2023.01.05-18.27.52:749][  3]LogAndroidEvents: Display: LogAndroidEvents::DequeueAppEvent : 15, [width=-1, height=-1], APP_EVENT_RUN_CALLBACK
01-05 18:27:52.749  7790  7818 D UE4     : FAppEventManager::Tick processing, 15
01-05 18:27:52.749  7790  7818 D UE4     : [2023.01.05-18.27.52:749][  3]LogAndroidEvents: Display: Event thread callback running.
01-05 18:27:52.749  7790  7818 D UE4     : [2023.01.05-18.27.52:749][  3]LogAndroid: performing app foregrounding callback.
01-05 18:27:52.749  7790  7818 D UE4     : [2023.01.05-18.27.52:749][  3]LogHMD: Initializing OVRPlugin session
01-05 18:27:52.749  7790  7818 D UE4     : [2023.01.05-18.27.52:749][  3]LogHMD: OculusHMD plugin supports multiview!
01-05 18:27:52.749  7790  7818 D OVRPlugin: Finished setting up render thread.
01-05 18:27:52.749  7790  7818 D OVRPlugin: Entering VR mode.
01-05 18:27:52.749  7790  7818 I VrApi   : ---------- vrapi_EnterVrMode [start] ----------
01-05 18:27:52.750  1607  3024 I [CT]    : MIXEDREALITY: MrServiceController: VrFocusManager::Top Activity Changed, topActivity now is: 'com.oculus.shellenv', immersiveApp now is: ''.
01-05 18:27:52.751  1607  3078 I [CT]    : MIXEDREALITY: MrServiceModel: Hibernating caller (most likely rendering thread) due to commandQueue being empty.
01-05 18:27:52.751  7790  7818 I VrRuntimeClient: Tracing is disabled
01-05 18:27:52.751  7790  7818 I VrRuntimeClient: SysProp debug mode is disabled on Client side
01-05 18:27:52.751  1607  3024 I [CT]    : MIXEDREALITY: MrServiceController: VrFocusManager::Top Activity Changed, topActivity now is: 'com.YourCompany.PrototypeV4', immersiveApp now is: 'com.YourCompany.PrototypeV4'.
01-05 18:27:52.758  2878  2897 W agement.servic: Reducing the number of considered missed Gc histogram windows from 107 to 100
01-05 18:27:52.761  1607  3078 I [CT]    : MIXEDREALITY: MrServiceModel: Hibernating caller (most likely rendering thread) due to commandQueue being empty.
01-05 18:27:52.770  7790  7818 D VrApi   : targetSDKVersion 29
01-05 18:27:52.772  7790  7818 I VrRuntimeClient: DEVICE MODEL NUMBER = Quest
01-05 18:27:52.772  7790  7818 I VrRuntimeClient: DEVICE BUILD NAME = user-49068160412800150
01-05 18:27:52.772  7790  7818 I VrRuntimeClient: DEVICE BUILD TYPE = user
01-05 18:27:52.772  7790  7818 I VrRuntimeClient: DEVICE OS VERSION = 10
01-05 18:27:52.772  7790  7818 I VrRuntimeClient: API LOADER VERSION = 1.44.0
01-05 18:27:52.772  7790  7818 I VrRuntimeClient: RUNTIME API VERSION = 1.64.0
01-05 18:27:52.772  7790  7818 I VrRuntimeClient: RUNTIME VERSION = 47.0.0.282.341 Nov 25 2022 14:16:37 RELEASE
01-05 18:27:52.772  7790  7818 I VrRuntimeClient: APP NAME = PrototypeV4
01-05 18:27:52.772  7790  7818 I VrRuntimeClient: APP VERSION = 1.0 versionCode 1 internalVersionName <none>
01-05 18:27:52.772  7790  7818 I VrRuntimeClient: APP VR TYPE = <none>
01-05 18:27:52.772  7790  7818 I VrRuntimeClient: APP MODE TYPE = VR
01-05 18:27:52.772  7790  7818 I VrRuntimeClient: APP PACKAGE NAME = com.YourCompany.PrototypeV4
01-05 18:27:52.772  7790  7818 I VrRuntimeClient: APP ACTIVITY CLASS = com.epicgames.ue4.GameActivity
01-05 18:27:52.772  7790  7818 I Sensor  : OSSDKTRACKING Initializing head tracking
01-05 18:27:52.772  7790  7818 D OsSdk   : TrackingServiceConnection ctor
01-05 18:27:52.772  7790  7818 I Sensor  : OSSDKTRACKING Head tracker != nullpointer 0xc8b633b8, 1
01-05 18:27:52.772  7790  7818 I Sensor  : OSSDKTRACKING Initializing controller tracking
01-05 18:27:52.772  7790  7818 I Sensor  : OSSDKTRACKING Controller tracker != nullpointer 0xc8b633c0, 1
01-05 18:27:52.772  7790  7818 D BatteryReceiver: Registering battery receiver
01-05 18:27:52.773   855  1186 W TrackingService: attachClient: found client in attached list
01-05 18:27:52.774  7790  7818 D HeadsetReceiver: getCurrentHeadsetState: false
01-05 18:27:52.774  7790  7818 I DeviceStatus: nativeHeadsetEvent(0)
01-05 18:27:52.775  7790  7818 I VrRuntimeClient: SetCompositorClientFeatureFlag ClientFeatureFlag 0 
01-05 18:27:52.775  7790  7818 I LogTimer: CPUTIME: VrRuntimeClient_BeginSession took 23.9783 ms
01-05 18:27:52.775  7790  7818 I ClientInputInterface: DEADRECKONING SetControllerTrackingExtendedDeadreckoning 0
01-05 18:27:52.775  7790  7818 I ClientInputSettings: HANDTRACKING package name is com.YourCompany.PrototypeV4
01-05 18:27:52.777  7790  7818 I ClientInputSettings: HANDTRACKING: feature flag set to 0
01-05 18:27:52.777  7790  7818 I ClientInputInterface: HANDTRACKING sethandmanifest 0
01-05 18:27:52.777  7790  7818 I InputHooks_Internal: Enabling Native Input Hooks
01-05 18:27:52.778  7790  7818 I InputDeviceManager: ovrInputDeviceManager::Initialize
01-05 18:27:52.778  7790  8052 I InputDeviceManager: HANDTRACKING Pointer filter profile changed to: 0
01-05 18:27:52.778  7790  8052 I InputDeviceManager: HANDTRACKING Pointer filter profile changed to: 0
01-05 18:27:52.778  7790  8052 I InputDeviceManager: HANDTRACKING Root pose filter profile changed for (version, freq) to (2, 1) from (1,2)
01-05 18:27:52.778  3107  3107 W OVRLibrary: null cursor received for query content://com.oculus.ocms.library/apps/com.YourCompany.PrototypeV4
01-05 18:27:52.778  7790  7818 D OsSdk   : TrackingServiceConnection registered
01-05 18:27:52.783   855  1186 D TrackingService: getSharedMemory: com.YourCompany.PrototypeV4, HeadTracker
01-05 18:27:52.783  7790  7818 I Distortion: Initializing Mesh Decenter Correction
01-05 18:27:52.784   847   847 E CalibrationProvider: loadCalibration(LDISP_SN) failed: Calibration store didn't load any info
01-05 18:27:52.784   847   847 E CalibrationProvider: loadCalibration(RDISP_SN) failed: Calibration store didn't load any info
01-05 18:27:52.785  7790  7818 I Distortion: SetLensPositions - iad=0.0629988, left offset=-0.000261459,-0.00102733, right offset=0.000140626,-0.00104481
01-05 18:27:52.785  7790  7818 I Distortion: Initializing Mesh Decenter Correction
01-05 18:27:52.785   847   847 E CalibrationProvider: loadCalibration(LDISP_SN) failed: Calibration store didn't load any info
01-05 18:27:52.785   847   847 E CalibrationProvider: loadCalibration(RDISP_SN) failed: Calibration store didn't load any info
01-05 18:27:52.786  7790  7818 I Distortion: SetLensPositions - iad=0.0629988, left offset=-0.000261459,-0.00102733, right offset=0.000140626,-0.00104481
01-05 18:27:52.786  7790  7818 I Distortion: Created custom distortion mesh.
01-05 18:27:52.786  7790  7818 I VrApi   : ovrModeParms::VRAPI_MODE_FLAG_RESET_WINDOW_FULLSCREEN = 1
01-05 18:27:52.786  7790  7818 I VrApi   : ovrModeParms::VRAPI_MODE_FLAG_NATIVE_WINDOW = 1
01-05 18:27:52.786  7790  7818 I VrApi   : ovrModeParms::VRAPI_MODE_FLAG_FRONT_BUFFER_SRGB = 1
01-05 18:27:52.786  7790  7818 I VrApi   : ovrModeParms::VRAPI_MODE_FLAG_PHASE_SYNC = 0
01-05 18:27:52.786  7790  7818 I VrApi   : ovrModeParms::VRAPI_MODE_FLAG_APP_SPACE_WARP = 0
01-05 18:27:52.786  7790  7818 I VrRuntimeClient: SetPhaseSyncMode 0
01-05 18:27:52.786  7790  7818 I VrApi   : PhaseSync disabled
01-05 18:27:52.786  7790  7818 I VrApi   : HMD sensor attached.
01-05 18:27:52.786  7790  7818 D VrRuntimeClient: pokeGuardianUserServiceForThisClient: com.YourCompany.PrototypeV4:10145
01-05 18:27:52.787  7790  7818 D VrRuntimeClient: VrRuntimeClient: getClientWindow: activity client
01-05 18:27:52.788  2675  2675 D VrGuardianUserService: onStartCommandIntent { act=FOREGROUND_CLIENT cmp=com.oculus.guardian/com.oculus.vrguardianservice.VrGuardianUserService (has extras) }
01-05 18:27:52.788  2675  2675 D VrGuardianUserService: maybeSubscribeDeviceConfig
01-05 18:27:52.788  2675  2675 D VrGuardianUserService: onStartCommand FOREGROUND_CLIENT user = 0
01-05 18:27:52.788  2675  2675 D VrGuardianService: setCurrentUser() called with: userId = [0]
01-05 18:27:52.789  2675  2675 I VrGuardianService: nativeSetCurrentUser userid = 0
01-05 18:27:52.789  2675  2675 I GuardianSystem: GuardianSystem::SetCurrentUser: 0 
01-05 18:27:52.789  1249  7858 I chatty  : uid=10025(com.oculus.systemdriver) com.oculus.vrruntimeservice expire 3 lines
01-05 18:27:52.790  7790  7818 I ScreenCaptureHelper: Advertising com.YourCompany.PrototypeV4 as streamable
01-05 18:27:52.790  7790  7818 I VrApi   : Creating Default swapchain
01-05 18:27:52.790  7790  7818 I VrApi   : Creating Loading Icon swapchain
01-05 18:27:52.790  7790  7818 I VrApi   : OVR::Stats thread started
01-05 18:27:52.790  7790  7818 I XrRuntimeUtils: XrRuntimeUtils::CreateSession
01-05 18:27:52.790  7790  7818 I VrApi   : Initial BaseVsync 229 
01-05 18:27:52.790  7790  7818 I XrRuntimeUtils: XrRuntimeUtils::BeginSession
01-05 18:27:52.790  7790  7818 I XrRuntimeSystem_Client: BeginSession
01-05 18:27:52.790  7790  7818 I VrApi   : ---------- vrapi_EnterVrMode [end] ----------
01-05 18:27:52.790  7790  7818 I ClientInputSettings: EatNativeGamepadEvents = false
01-05 18:27:52.790  7790  7818 D OVRPlugin: Registering utility receivers.
01-05 18:27:52.790  7790  7818 D UE4     : [GameActivity] Registering volume receiver
01-05 18:27:52.790  1940  2089 I OVRMediaService: onStartCommand Received message type: set_package_name, caller package: no_app_identity, app identify: null
01-05 18:27:52.791  1940  2089 I OVRMediaService: Got package name intent (com.YourCompany.PrototypeV4)
01-05 18:27:52.791  2878  3148 D AccessTokenWorker: doWork fetch accesstoken
01-05 18:27:52.795  7790  8055 D VrApi   : targetSDKVersion 29
01-05 18:27:52.796  7790  7818 D UE4     : [GameActivity] startVolumeReceiver: 9
01-05 18:27:52.796  7790  7818 D UE4     : nativeVolumeEvent(9)
01-05 18:27:52.796  7790  7818 D UE4     : [GameActivity] Registering battery receiver
01-05 18:27:52.797  7790  7818 D UE4     : [GameActivity] Registering headset receiver
01-05 18:27:52.798  7790  7818 D UE4     : [GameActivity] startHeadsetReceiver: 0
01-05 18:27:52.798  7790  7818 D UE4     : nativeHeadsetEvent(0)
01-05 18:27:52.798  7790  7818 D UE4     : [2023.01.05-18.27.52:798][  3]LogCore: Display: AppLifetime: Application has entered foreground
01-05 18:27:52.798  7790  7818 D UE4     : [2023.01.05-18.27.52:798][  3]LogUdpMessaging: Initializing bridge on interface 0.0.0.0:0 to multicast group 230.0.0.1:6666.
01-05 18:27:52.798  2878  3148 D WorkerLoggerHelper: log success for access_token_worker
01-05 18:27:52.799  7790  8055 I JniUtils: ovr_GetCurrentPackageSignature 
01-05 18:27:52.799  7790  7818 D UE4     : [2023.01.05-18.27.52:799][  3]LogTcpMessaging: Initializing TcpMessaging bridge, listening on 127.0.0.1:6666
01-05 18:27:52.800  7790  7818 D UE4     : [2023.01.05-18.27.52:800][  3]LogCore: Display: AppLifetime: Application has reactivated
01-05 18:27:52.800  7790  7818 D UE4     : [2023.01.05-18.27.52:800][  3]LogTemp: Android resume audio
01-05 18:27:52.800  7790  7818 D UE4     : [2023.01.05-18.27.52:800][  3]LogAudioMixerAndroid: Display: Resuming android audio renderer
01-05 18:27:52.800  1249  2458 I chatty  : uid=10025(com.oculus.systemdriver) ClientRequest expire 14 lines
01-05 18:27:52.801  7790  8055 I Metrics : device name = Oculus Quest
01-05 18:27:52.802  1292  1292 V AvrcpMediaPlayerList: onPlaybackConfigChanged(): Configs list size=7
01-05 18:27:52.805   742   917 I SyncBossHAL: [info   ] pulsar_manager.c(396): 86557c33xxxxxxxx: Configuring IR LED to ontime = 34, period = 40000, delay = -9
01-05 18:27:52.807  1249  7988 I chatty  : uid=10025(com.oculus.systemdriver) OVR::TimeWarp expire 2 lines
01-05 18:27:52.810  2675  2854 I GuardianSystem: runtimeServiceSDKClient_.ForceShowGuardianEvent
01-05 18:27:52.810  2675  2854 I GuardianSystem: ForceShowGuardian: false, 0.00
01-05 18:27:52.811  1940  2089 W OVRLibrary: null cursor received for query content://com.oculus.ocms.library/apps/com.YourCompany.PrototypeV4
01-05 18:27:52.811  1940  2089 I OVRMediaServiceManager: Sending onAppStart (com.YourCompany.PrototypeV4) to SocialPlatform (com.oculus.socialplatform)
01-05 18:27:52.811   742   917 I SyncBossHAL: [info   ] pulsar_manager.c(343): Finished getting cache data for controller
01-05 18:27:52.811   742   917 I SyncBossHAL:     id            : 86557c33xxxxxxxx
01-05 18:27:52.811   742   917 I SyncBossHAL:     pulsar_type   : 0x09001401
01-05 18:27:52.811   742   917 I SyncBossHAL:     connection id : 0x15
01-05 18:27:52.811   742   917 I SyncBossHAL:     fw ver        : 1.9.0
01-05 18:27:52.811   742   917 I SyncBossHAL:     spl ver       : 1.5.1
01-05 18:27:52.811   742   917 I SyncBossHAL:     serial        : 1WMHCLE3D42127
01-05 18:27:52.811   742   917 I SyncBossHAL:     handedness    : left
01-05 18:27:52.811   742   917 I SyncBossHAL:     battery state : 100%
01-05 18:27:52.811   742   917 I SyncBossHAL: [info   ] pulsar_manager.c(360): Jedi-specific cache data:
01-05 18:27:52.811   742   917 I SyncBossHAL:     captouch ver  : 1.9.0
01-05 18:27:52.815   742  7922 D SensorService: Syncboss input 86557c336c360320 hardware type 4, subtype 1, revision 0x09
01-05 18:27:52.815   742  7922 I SensorService: preparePairedControllerInfo is adding device with valid 1
01-05 18:27:52.815   742  7922 D SensorService: Syncboss input 729165a0fe4054d7 hardware type 4, subtype 2, revision 
01-05 18:27:52.815   742  7922 I SensorService: preparePairedControllerInfo is adding device with valid 1
01-05 18:27:52.816   742  7922 D SensorService: stateChangeNotifierFunc(): Reporting controller info. Change token: 41, paired=2 connected=1
