01-06 16:27:38.314  3515  3515 D [SUI] NotificationBroadcastReceiver: action: com.oculus.intent.action.NOTIF_CHANGE
01-06 16:27:38.315  1804  2851 I chatty  : uid=10025(com.oculus.systemdriver) ClientRequest expire 1 line
01-06 16:27:38.315  1804  2847 I chatty  : uid=10025(com.oculus.systemdriver) OVR::Clocks expire 4 lines
01-06 16:27:38.317  1804 14948 I chatty  : uid=10025(com.oculus.systemdriver) OVR::TimeWarp expire 2 lines
01-06 16:27:38.317  2150  2150 D KeyboardInputMethodService: onFinishInput
01-06 16:27:38.318  1962  2562 I OVRMediaService: onStartCommand Received message type: overlay_input_focus_change, caller package: com.oculus.vrshell, app identify: AppIdentity{uid=10020, packageNames=[com.oculus.vrshell], sha1=MxZgtt071YLz39PLrkVGckZooCE, sha2=3C-DTjwZQjeLFPB2yCzRq1nqZWa_9HMLIEfpjvyfna8, version=null, domain=null}
01-06 16:27:38.325  3515 14729 W OVRLibrary: null cursor received for query content://com.oculus.ocms.library/apps/com.oculus.os.clearactivity
01-06 16:27:38.326  1962  2562 I OVRMediaService: Received OVERLAY_INPUT_FOCUS_CHANGE. is focused: false
01-06 16:27:38.326  2150 14999 I Telemetry: App memory usage: PSS=72 MiB, PrivateDirty=52 MiB, PrivateClean=0 MiB, GPU=12.4/12.6 MiB (99% allocated)
01-06 16:27:38.329  3392  3392 W OVRLibrary: null cursor received for query content://com.oculus.ocms.library/apps/com.oculus.os.clearactivity
01-06 16:27:38.329  3392  3392 D MetaCam (MediaCapabilityChecker): checkMediaHasRecordingCapabilities packageName: com.oculus.os.clearactivity
01-06 16:27:38.330  1804  3059 I chatty  : uid=10025(com.oculus.systemdriver) Thread-17 expire 1 line
01-06 16:27:38.330  2954  3062 I GuardianSystem: UpdateGuardianSystemState: Flags2 changed: 32, 48, SYSTEM_2_SHOULD_PUSH_BLACK to SYSTEM_2_LOADING_DOTS,SYSTEM_2_SHOULD_PUSH_BLACK
01-06 16:27:38.331  1804 14948 I chatty  : uid=10025(com.oculus.systemdriver) OVR::TimeWarp expire 3 lines
01-06 16:27:38.332  3515 14730 D NotificationsBadgeLiveData: MessageBadgeData, pullAndCheckNotifs, old data source notif count: 0, oc chats count: 0, messenger count: 0
01-06 16:27:38.340  2150  2891 I VrApi   : OVR::Stats thread stopped
01-06 16:27:38.340  2150  2891 I InputDeviceManager: ovrInputDeviceManager::~ovrInputDeviceManager
01-06 16:27:38.340  2150  2891 I InputDevice_TrackedRemote: OSSDKTRACKING shutting down Haptics
01-06 16:27:38.340  2150  2891 I chatty  : uid=10020(com.oculus.vrshell) ShellOverlayVR identical 13 lines
01-06 16:27:38.345  1962  2096 E OVRMediaServiceManager: LivestreamingManager Not initialized
01-06 16:27:38.348  2150 14994 I chatty  : uid=10020(com.oculus.vrshell) ShellOverlayMai expire 1 line
01-06 16:27:38.349  1804  2863 I chatty  : uid=10025(com.oculus.systemdriver) Thread-9 expire 5 lines
01-06 16:27:38.350  1804 14948 I chatty  : uid=10025(com.oculus.systemdriver) OVR::TimeWarp expire 4 lines
01-06 16:27:38.351  3392  3392 W OVRLibrary: null cursor received for query content://com.oculus.ocms.library/apps/com.oculus.os.clearactivity
01-06 16:27:38.352 14708 14830 W VrApi   : FrameIndex = 15, RetiredClientFrameIndex = 1, waited for 250 msec for frame to retire
01-06 16:27:38.365  1804  2863 I chatty  : uid=10025(com.oculus.systemdriver) Thread-9 expire 1 line
01-06 16:27:38.365  2150 15004 I chatty  : uid=10020(com.oculus.vrshell) ShellOverlayMai expire 1 line
01-06 16:27:38.366  2150  2891 I chatty  : uid=10020(com.oculus.vrshell) ShellOverlayVR expire 10 lines
01-06 16:27:38.377   864 14960 I chatty  : uid=1000(system) IOTcam expire 38 lines
01-06 16:27:38.378  1804 14948 I chatty  : uid=10025(com.oculus.systemdriver) OVR::TimeWarp expire 8 lines
01-06 16:27:38.386   864  1042 I chatty  : uid=1000(system) Binder:864_2 identical 2 lines
01-06 16:27:38.390  2150 15001 I chatty  : uid=10020(com.oculus.vrshell) ShellOverlayMai expire 6 lines
01-06 16:27:38.390  2150  2891 I chatty  : uid=10020(com.oculus.vrshell) ShellOverlayVR expire 2 lines
01-06 16:27:38.409  1804  3059 I chatty  : uid=10025(com.oculus.systemdriver) Thread-17 expire 1 line
01-06 16:27:38.409  2954  3062 I GuardianSystem: UpdateGuardianSystemState: Flags2 changed: 48, 49, SYSTEM_2_LOADING_DOTS,SYSTEM_2_SHOULD_PUSH_BLACK to SYSTEM_2_DIRECTIONAL_PASSTHROUGH_ENABLED,SYSTEM_2_LOADING_DOTS,SYSTEM_2_SHOULD_PUSH_BLACK
01-06 16:27:38.415 14708 14830 W VrApi   : FrameIndex = 15, RetiredClientFrameIndex = 1, waited for 275 msec for frame to retire
01-06 16:27:38.428  1804 14948 I chatty  : uid=10025(com.oculus.systemdriver) OVR::TimeWarp expire 2 lines
01-06 16:27:38.430  2150  2891 I chatty  : uid=10020(com.oculus.vrshell) ShellOverlayVR expire 11 lines
01-06 16:27:38.430   864  1042 W TrackingService: attachClient: found client in attached list
01-06 16:27:38.431  1281  1281 V AvrcpMediaPlayerList: onPlaybackConfigChanged(): Configs list size=9
01-06 16:27:38.432  1281  1281 V AvrcpMediaPlayerList: onPlaybackConfigChanged(): Configs list size=8
01-06 16:27:38.432  2150  2150 I chatty  : uid=10020(com.oculus.vrshell) ShellOverlayMai expire 2 lines
01-06 16:27:38.433  1052  1595 I ActivityTaskManager: START u0 {act=com.oculus.os.clearactivity.FINISH cmp=com.oculus.os.clearactivity/.ClearActivity (has extras)} from uid 10020
01-06 16:27:38.433  1052  1595 W ActivityTaskManager: startActivity called from non-Activity context; forcing Intent.FLAG_ACTIVITY_NEW_TASK for: Intent { act=com.oculus.os.clearactivity.FINISH flg=0x800000 cmp=com.oculus.os.clearactivity/.ClearActivity (has extras) }
01-06 16:27:38.442  1804 14948 W CompositorClient: firstDisplayVsync for client 3 (isPrimary=0) FrameIndex = 33661 is outrageously early 8401, base 133, flushing
01-06 16:27:38.445  1052  5078 W InputReader: Device has associated, but no associated display id.
01-06 16:27:38.446  1052  5078 W InputReader: Device has associated, but no associated display id.
01-06 16:27:38.448  1804 14948 W CompositorClient: firstDisplayVsync for client 3 (isPrimary=0) FrameIndex = 33661 is outrageously early 8401, base 134, flushing
01-06 16:27:38.456  1804 14948 W CompositorClient: firstDisplayVsync for client 3 (isPrimary=0) FrameIndex = 33661 is outrageously early 8401, base 134, flushing
01-06 16:27:38.458  1052  1080 D ActivityManager: Is background playback enabled for all apps: false
01-06 16:27:38.459   751  7545 D AF::TrackHandle: OpPlayAudio: track:170 uid:10020 pkg:com.oculus.vrshell usage:1 not muted
01-06 16:27:38.460   751  1600 D AF::TrackHandle: OpPlayAudio: track:57 uid:10014 pkg:com.oculus.shellenv usage:1 muted
01-06 16:27:38.461  1804  1804 I ClientMgr: FocusedWindowChanged: top window's client already enabled
01-06 16:27:38.461  1804  1804 I ClientMgr: FocusedClient changed.
01-06 16:27:38.461  1804  1804 I ClientMgr: ClientMgr::SetFocusedClient: 14708:com.YourCompany.PrototypeV4 type 0
01-06 16:27:38.461  1804  1804 I ClientMgr: SetFocusedPackageName - packageName com.YourCompany.PrototypeV4 processName com.YourCompany.PrototypeV4 clientId 1325259679 clientPid 14708
01-06 16:27:38.461  1804  1804 I VrRuntimeService: RuntimeIPC: SendFocusChangeEventToAllClients: PostClientEvent SUCCESS: com.oculus.xrstreamingclient:com.oculus.xrstreamingclient:14323, com.YourCompany.PrototypeV4, com.YourCompany.PrototypeV4
01-06 16:27:38.461  1804  1804 W REFLECT : RuntimeIPC: ipc_PostClientEvent FAILED: FocusChangeEvent
01-06 16:27:38.461  1804  1804 W VrRuntimeService: RuntimeIPC: SendFocusChangeEventToAllClients: PostClientEvent FAILED: com.oculus.mrservice:com.oculus.mrservice:1687, com.YourCompany.PrototypeV4, com.YourCompany.PrototypeV4
01-06 16:27:38.461  1804  1804 I VrRuntimeService: RuntimeIPC: SendFocusChangeEventToAllClients: PostClientEvent SUCCESS: com.YourCompany.PrototypeV4:com.YourCompany.PrototypeV4:14708, com.YourCompany.PrototypeV4, com.YourCompany.PrototypeV4
01-06 16:27:38.461  1804  1804 I VrRuntimeService: RuntimeIPC: SendFocusChangeEventToAllClients: PostClientEvent SUCCESS: com.oculus.vrshell:com.oculus.vrshell:2990, com.YourCompany.PrototypeV4, com.YourCompany.PrototypeV4
01-06 16:27:38.461  1804  1804 I VrRuntimeService: RuntimeIPC: SendFocusChangeEventToAllClients: PostClientEvent SUCCESS: com.oculus.guardian:com.oculus.vrguardianservice:2954, com.YourCompany.PrototypeV4, com.YourCompany.PrototypeV4
01-06 16:27:38.461  1804  1804 W REFLECT : RuntimeIPC: ipc_PostClientEvent FAILED: FocusChangeEvent
01-06 16:27:38.461  1804  1804 W VrRuntimeService: RuntimeIPC: SendFocusChangeEventToAllClients: PostClientEvent FAILED: com.oculus.shellenv:com.oculus.shellenv:1950, com.YourCompany.PrototypeV4, com.YourCompany.PrototypeV4
01-06 16:27:38.461  1804  1804 I VrRuntimeService: RuntimeIPC: SendFocusChangeEventToAllClients: PostClientEvent SUCCESS: com.oculus.vrshell:com.oculus.vrshell:Overlay:2150, com.YourCompany.PrototypeV4, com.YourCompany.PrototypeV4
01-06 16:27:38.462  1804 14948 W CompositorClient: firstDisplayVsync for client 3 (isPrimary=0) FrameIndex = 33661 is outrageously early 8401, base 135, flushing
01-06 16:27:38.463  3515  3515 D [SUI] ActivityManagerUtilsHelper: onFocusedWindowChanged: Instance: com.oculus.common.activitymanager.ActivityManagerUtilsHelper@de94b53, topWindowUid: 10154, focusedApp: com.YourCompany.PrototypeV4, previousApp: com.oculus.os.clearactivity
01-06 16:27:38.464  1804  1804 D VrRuntimeService: onForegroundActivitiesChanged: pid=13426, uid=10072, hasForegroundActivities=false
01-06 16:27:38.466  3392  3392 D MetaCam (MediaCapabilityChecker): checkMediaHasRecordingCapabilities packageName: com.YourCompany.PrototypeV4
01-06 16:27:38.467   751  4523 D AF::TrackHandle: OpPlayAudio: track:167 uid:10154 pkg:com.YourCompany.PrototypeV4 usage:1 not muted
01-06 16:27:38.467   751  1006 D AF::TrackHandle: OpPlayAudio: track:170 uid:10020 pkg:com.oculus.vrshell usage:1 not muted
01-06 16:27:38.467   751   751 D AF::TrackHandle: OpPlayAudio: track:57 uid:10014 pkg:com.oculus.shellenv usage:1 muted
01-06 16:27:38.468   751  4247 D AF::RecordHandle: OpRecordAudio: track:169 uid:10032 pkg:com.oculus.horizon usage:0 not muted
01-06 16:27:38.468   751  7545 D AF::RecordHandle: OpRecordAudio: track:56 uid:10014 pkg:com.oculus.shellenv usage:0 muted
01-06 16:27:38.468   751  3620 D AF::RecordHandle: OpRecordAudio: track:165 uid:10033 pkg:com.oculus.xrstreamingclient usage:0 muted
01-06 16:27:38.469   751  1600 D AF::TrackHandle: OpPlayAudio: track:164 uid:10033 pkg:com.oculus.xrstreamingclient usage:1 muted
01-06 16:27:38.470  1804 14948 W CompositorClient: firstDisplayVsync for client 3 (isPrimary=0) FrameIndex = 33661 is outrageously early 8401, base 135, flushing
01-06 16:27:38.471   751  4523 D AF::TrackHandle: OpPlayAudio: track:167 uid:10154 pkg:com.YourCompany.PrototypeV4 usage:1 not muted
01-06 16:27:38.472   751  3620 D AF::RecordHandle: OpRecordAudio: track:169 uid:10032 pkg:com.oculus.horizon usage:0 not muted
01-06 16:27:38.473   751  1600 D AF::RecordHandle: OpRecordAudio: track:56 uid:10014 pkg:com.oculus.shellenv usage:0 muted
01-06 16:27:38.473   751  4247 D AF::RecordHandle: OpRecordAudio: track:165 uid:10033 pkg:com.oculus.xrstreamingclient usage:0 muted
01-06 16:27:38.473  1962  2541 W OVRLibrary: null cursor received for query content://com.oculus.ocms.library/apps/com.YourCompany.PrototypeV4
01-06 16:27:38.475   730   851 D msm8974_platform: platform_split_snd_device: snd_device(22) num devices(1) new_snd_devices(0)
01-06 16:27:38.475   730   851 D ACDB-LOADER: ACDB -> send_audvoltable
01-06 16:27:38.475   730   851 D ACDB-LOADER: ACDB -> ACDB_CMD_GET_AUDPROC_INSTANCE_GAIN_DEP_STEP_TABLE_SIZE
01-06 16:27:38.475   730   851 D         : Failed to fetch the lookup information of the device 0000000F 
01-06 16:27:38.475   730   851 D ACDB-LOADER: Error: ACDB_CMD_GET_AUDPROC_INSTANCE_GAIN_DEP_STEP_TABLE_SIZE Returned = -19
01-06 16:27:38.475   730   851 D ACDB-LOADER: ACDB -> ACDB_CMD_GET_AUDPROC_INSTANCE_GAIN_DEP_STEP_TABLE, vol index 9
01-06 16:27:38.475   730   851 D         : Failed to fetch the lookup information of the device 0000000F 
01-06 16:27:38.475   730   851 D ACDB-LOADER: Error: ACDB AudProc vol returned = -19
01-06 16:27:38.475   730   851 D ACDB-LOADER: ACDB -> AUDIO_SET_VOL_CAL cal type = 40
01-06 16:27:38.476  1804 14948 W CompositorClient: firstDisplayVsync for client 3 (isPrimary=0) FrameIndex = 33661 is outrageously early 8401, base 136, flushing
01-06 16:27:38.476   864  1221 W TrackingService: attachClient: found client in attached list
01-06 16:27:38.477   864  1042 W TrackingService: attachClient: found client in attached list
01-06 16:27:38.480 14708 14830 W VrApi   : FrameIndex = 15, RetiredClientFrameIndex = 1, waited for 300 msec for frame to retire
01-06 16:27:38.480   730   851 D msm8974_platform: platform_split_snd_device: snd_device(22) num devices(1) new_snd_devices(0)
01-06 16:27:38.480   730   851 D ACDB-LOADER: ACDB -> send_audvoltable
01-06 16:27:38.480   730   851 D ACDB-LOADER: ACDB -> ACDB_CMD_GET_AUDPROC_INSTANCE_GAIN_DEP_STEP_TABLE_SIZE
01-06 16:27:38.480   730   851 D         : Failed to fetch the lookup information of the device 0000000F 
01-06 16:27:38.480   730   851 D ACDB-LOADER: Error: ACDB_CMD_GET_AUDPROC_INSTANCE_GAIN_DEP_STEP_TABLE_SIZE Returned = -19
01-06 16:27:38.480   730   851 D ACDB-LOADER: ACDB -> ACDB_CMD_GET_AUDPROC_INSTANCE_GAIN_DEP_STEP_TABLE, vol index 8
01-06 16:27:38.480   730   851 D         : Failed to fetch the lookup information of the device 0000000F 
01-06 16:27:38.480   730   851 D ACDB-LOADER: Error: ACDB AudProc vol returned = -19
01-06 16:27:38.480   730   851 D ACDB-LOADER: ACDB -> AUDIO_SET_VOL_CAL cal type = 40
01-06 16:27:38.481   751  4523 D AF::TrackHandle: OpPlayAudio: track:164 uid:10033 pkg:com.oculus.xrstreamingclient usage:1 muted
01-06 16:27:38.483  3515  3515 D [SUI] ActivityManagerUtilsHelper: onForegroundActivitiesChanged: Instance: com.oculus.common.activitymanager.ActivityManagerUtilsHelper@de94b53, Pid: 13426, Tid: 10072, foregroundActivities: false, foreground app: com.YourCompany.PrototypeV4, previous app: com.oculus.os.clearactivity
01-06 16:27:38.484  1804 14948 W CompositorClient: firstDisplayVsync for client 3 (isPrimary=0) FrameIndex = 33661 is outrageously early 8401, base 136, flushing
01-06 16:27:38.487  1962  2399 W OVRLibrary: null cursor received for query content://com.oculus.ocms.library/apps/com.YourCompany.PrototypeV4
01-06 16:27:38.487  1962  2399 I OVRMediaServiceManager: Sending onAppStart (com.YourCompany.PrototypeV4) to SocialPlatform (com.oculus.socialplatform)
01-06 16:27:38.490  1804 14948 W CompositorClient: firstDisplayVsync for client 3 (isPrimary=0) FrameIndex = 33661 is outrageously early 8401, base 137, flushing
01-06 16:27:38.498  1804 14948 W CompositorClient: firstDisplayVsync for client 3 (isPrimary=0) FrameIndex = 33661 is outrageously early 8401, base 137, flushing
01-06 16:27:38.503  1804 14948 W CompositorClient: firstDisplayVsync for client 3 (isPrimary=0) FrameIndex = 33661 is outrageously early 8401, base 138, flushing
01-06 16:27:38.507  3392  3392 W OVRLibrary: null cursor received for query content://com.oculus.ocms.library/apps/com.YourCompany.PrototypeV4
01-06 16:27:38.507  3392  3392 D MetaCam (MediaCapabilityChecker): checkMediaHasRecordingCapabilities packageName: com.YourCompany.PrototypeV4
01-06 16:27:38.511  3515  3515 W OVRLibrary: null cursor received for query content://com.oculus.ocms.library/apps/com.YourCompany.PrototypeV4
01-06 16:27:38.511  3515  3515 D [SUI] DynamicAppsViewModel: Setting destination ui paused app - com.YourCompany.PrototypeV4
01-06 16:27:38.512  1804 14948 W CompositorClient: firstDisplayVsync for client 3 (isPrimary=0) FrameIndex = 33661 is outrageously early 8401, base 138, flushing
01-06 16:27:38.512  3515 14730 W OVRLibrary: null cursor received for query content://com.oculus.ocms.library/apps/com.oculus.os.clearactivity
01-06 16:27:38.517  1804 14948 W CompositorClient: firstDisplayVsync for client 3 (isPrimary=0) FrameIndex = 33661 is outrageously early 8401, base 139, flushing
01-06 16:27:38.518  3392  3392 W OVRLibrary: null cursor received for query content://com.oculus.ocms.library/apps/com.YourCompany.PrototypeV4
01-06 16:27:38.521  1962  2399 E OVRMediaServiceManager: LivestreamingManager Not initialized
01-06 16:27:38.522  3515  3515 W OVRLibrary: null cursor received for query content://com.oculus.ocms.library/apps/quick_settings_app
01-06 16:27:38.526  1804 14948 W CompositorClient: firstDisplayVsync for client 3 (isPrimary=0) FrameIndex = 33661 is outrageously early 8401, base 139, flushing
01-06 16:27:38.531  1804 14948 W CompositorClient: firstDisplayVsync for client 3 (isPrimary=0) FrameIndex = 33661 is outrageously early 8401, base 140, flushing
01-06 16:27:38.537  3515  3515 W OVRLibrary: null cursor received for query content://com.oculus.ocms.library/apps/com.oculus.xrstreamingclient
01-06 16:27:38.539  1804 14948 W CompositorClient: firstDisplayVsync for client 3 (isPrimary=0) FrameIndex = 33661 is outrageously early 8401, base 140, flushing
01-06 16:27:38.543 14708 14830 W VrApi   : FrameIndex = 15, RetiredClientFrameIndex = 1, waited for 325 msec for frame to retire
01-06 16:27:38.545  1804 14948 W CompositorClient: firstDisplayVsync for client 3 (isPrimary=0) FrameIndex = 33661 is outrageously early 8401, base 141, flushing
01-06 16:27:38.553  1804 14948 W CompositorClient: firstDisplayVsync for client 3 (isPrimary=0) FrameIndex = 33661 is outrageously early 8401, base 141, flushing
01-06 16:27:38.558  3515  3515 W OVRLibrary: null cursor received for query content://com.oculus.ocms.library/apps/notifications_system_app
01-06 16:27:38.559  1804 14948 W CompositorClient: firstDisplayVsync for client 3 (isPrimary=0) FrameIndex = 33661 is outrageously early 8401, base 142, flushing
01-06 16:27:38.567  1804 14948 W CompositorClient: firstDisplayVsync for client 3 (isPrimary=0) FrameIndex = 33661 is outrageously early 8401, base 142, flushing
01-06 16:27:38.568 14708 14830 W VrApi   : FrameIndex = 15, RetiredClientFrameIndex = 1, waited for 350 msec for frame to retire
01-06 16:27:38.570  3515  3515 W OVRLibrary: null cursor received for query content://com.oculus.ocms.library/apps/com.YourCompany.TemplateProject3
01-06 16:27:38.573  1804 14948 W CompositorClient: firstDisplayVsync for client 3 (isPrimary=0) FrameIndex = 33661 is outrageously early 8401, base 143, flushing
01-06 16:27:38.581  1804 14948 W CompositorClient: firstDisplayVsync for client 3 (isPrimary=0) FrameIndex = 33661 is outrageously early 8401, base 143, flushing
01-06 16:27:38.583  3515  3515 W OVRLibrary: null cursor received for query content://com.oculus.ocms.library/apps/paused_app
01-06 16:27:38.587  1804 14948 W CompositorClient: firstDisplayVsync for client 3 (isPrimary=0) FrameIndex = 33661 is outrageously early 8401, base 144, flushing
01-06 16:27:38.593 14708 14830 W VrApi   : FrameIndex = 15, RetiredClientFrameIndex = 1, waited for 375 msec for frame to retire
01-06 16:27:38.595  1804 14948 W CompositorClient: firstDisplayVsync for client 3 (isPrimary=0) FrameIndex = 33661 is outrageously early 8401, base 144, flushing
01-06 16:27:38.596  3515  3515 W OVRLibrary: null cursor received for query content://com.oculus.ocms.library/apps/com.android.settings
01-06 16:27:38.601  1804 14948 W CompositorClient: firstDisplayVsync for client 3 (isPrimary=0) FrameIndex = 33661 is outrageously early 8401, base 145, flushing
01-06 16:27:38.607  3515  3515 W OVRLibrary: null cursor received for query content://com.oculus.ocms.library/apps/quick_settings_app
01-06 16:27:38.609  1804 14948 W CompositorClient: firstDisplayVsync for client 3 (isPrimary=0) FrameIndex = 33661 is outrageously early 8401, base 145, flushing
01-06 16:27:38.615  1804 14948 W CompositorClient: firstDisplayVsync for client 3 (isPrimary=0) FrameIndex = 33661 is outrageously early 8401, base 146, flushing
01-06 16:27:38.618 14708 14830 W VrApi   : FrameIndex = 15, RetiredClientFrameIndex = 1, waited for 400 msec for frame to retire
01-06 16:27:38.621  2954  3062 I [CT]    : GuardianMapDataMgr: CheckRelocalizationStatus: Relocalization done
01-06 16:27:38.622  1804  3059 I VrRuntimeService: RuntimeServiceSDKServer::SetGuardianSystemState: 3219182184
01-06 16:27:38.622  2954  3062 I GuardianSystem: UpdateGuardianSystemState: Flags changed: 528384, 524288, SYSTEM_RELOCALIZING,SYSTEM_GUARDIAN_VALID to SYSTEM_GUARDIAN_VALID
01-06 16:27:38.622  2954  3062 I GuardianSystem: UpdateLocalSpaceToCurrentPose
01-06 16:27:38.622  1804  3059 I VrRuntimeService: RuntimeServiceSDKServer::UpdateLocalSpace
01-06 16:27:38.622  1804  3059 I VrRuntimeServer: UpdateLocalSpace: Src: 3, Version: 63, VersionUser: 0, RawFloorHeightOld: -1.457830, RawFloorHeightNew: -1.457830
01-06 16:27:38.622  2954  3062 I GuardianSystem: UpdateSystem: Responding to local space version number change.
01-06 16:27:38.623  3515  3515 W OVRLibrary: null cursor received for query content://com.oculus.ocms.library/apps/com.oculus.xrstreamingclient
01-06 16:27:38.623  1804 14948 W CompositorClient: firstDisplayVsync for client 3 (isPrimary=0) FrameIndex = 33661 is outrageously early 8401, base 146, flushing
01-06 16:27:38.623  2954  3062 I GuardianSurfaceMgr: ForceShowSurfaceBounds: Soft fade out: currentTime 9841.22, ForceShowTime 9842.22, ForceShowFadeTime 9843.22
01-06 16:27:38.623  2954  3062 I GuardianSystem: ForceShowGuardian: false, 1.00
01-06 16:27:38.629  1804 14948 W CompositorClient: firstDisplayVsync for client 3 (isPrimary=0) FrameIndex = 33661 is outrageously early 8401, base 147, flushing
01-06 16:27:38.635  3515  3515 W OVRLibrary: null cursor received for query content://com.oculus.ocms.library/apps/notifications_system_app
01-06 16:27:38.637  1804 14948 W CompositorClient: firstDisplayVsync for client 3 (isPrimary=0) FrameIndex = 33661 is outrageously early 8401, base 147, flushing
01-06 16:27:38.643  1804 14948 W CompositorClient: firstDisplayVsync for client 3 (isPrimary=0) FrameIndex = 33661 is outrageously early 8401, base 148, flushing
01-06 16:27:38.643 14708 14830 W VrApi   : FrameIndex = 15, RetiredClientFrameIndex = 1, waited for 425 msec for frame to retire
01-06 16:27:38.646  3515  3515 W OVRLibrary: null cursor received for query content://com.oculus.ocms.library/apps/com.YourCompany.TemplateProject3
01-06 16:27:38.651  1804 14948 W CompositorClient: firstDisplayVsync for client 3 (isPrimary=0) FrameIndex = 33661 is outrageously early 8401, base 148, flushing
01-06 16:27:38.657  1804 14948 W CompositorClient: firstDisplayVsync for client 3 (isPrimary=0) FrameIndex = 33661 is outrageously early 8401, base 149, flushing
01-06 16:27:38.659  3515  3515 W OVRLibrary: null cursor received for query content://com.oculus.ocms.library/apps/paused_app
01-06 16:27:38.662  2954  3062 I StateMachine: StateMachine::Update GuardianInitializationStateMachine: finishedRelocalizingEvent -> Valid_NoBlack
01-06 16:27:38.662  2954  3062 I StateMachine: StateMachine::Update ForceShow: forceShowForTime -> ForceShowOnForTime
01-06 16:27:38.665  1804 14948 W CompositorClient: firstDisplayVsync for client 3 (isPrimary=0) FrameIndex = 33661 is outrageously early 8401, base 149, flushing
01-06 16:27:38.669 14708 14830 W VrApi   : FrameIndex = 15, RetiredClientFrameIndex = 1, waited for 450 msec for frame to retire
01-06 16:27:38.670  3515  3515 W OVRLibrary: null cursor received for query content://com.oculus.ocms.library/apps/com.android.settings
01-06 16:27:38.670  1804 14948 W CompositorClient: firstDisplayVsync for client 3 (isPrimary=0) FrameIndex = 33661 is outrageously early 8401, base 150, flushing
01-06 16:27:38.673 14708 14809 I VrApi   : FPS=1/72,Prd=51ms,Tear=0,Early=0,Stale=72,VSnc=1,Lat=1,Fov=0,CPU4/GPU=4/4,1171/490MHz,OC=FF,TA=0/70/70,SP=N/N/N,Mem=2092MHz,Free=2016MB,PLS=0,Temp=26.5C/0.0C,TW=0.00ms,App=5.48ms,GD=0.00ms,CPU&GPU=72.62ms,LCnt=0(DR0,LM0),GPU%=0.14,CPU%=0.08(W0.14),DSF=1.00,CFL=0.00/0.00
01-06 16:27:38.679  1804 14948 W CompositorClient: firstDisplayVsync for client 3 (isPrimary=0) FrameIndex = 33661 is outrageously early 8401, base 150, flushing
01-06 16:27:38.681  3515 14730 W OVRLibrary: null cursor received for query content://com.oculus.ocms.library/apps/com.YourCompany.PrototypeV4
01-06 16:27:38.684  1804 14948 W CompositorClient: firstDisplayVsync for client 3 (isPrimary=0) FrameIndex = 33661 is outrageously early 8401, base 151, flushing
01-06 16:27:38.692   864  1042 I chatty  : uid=1000(system) Binder:864_2 identical 5 lines
01-06 16:27:38.693  1804 14948 W CompositorClient: firstDisplayVsync for client 3 (isPrimary=0) FrameIndex = 33661 is outrageously early 8401, base 151, flushing
01-06 16:27:38.694 14708 14830 W VrApi   : FrameIndex = 15, RetiredClientFrameIndex = 1, waited for 475 msec for frame to retire
01-06 16:27:38.698  1804 14948 W CompositorClient: firstDisplayVsync for client 3 (isPrimary=0) FrameIndex = 33661 is outrageously early 8401, base 152, flushing
01-06 16:27:38.701  2954  3062 I GuardianSystem: ForceShowGuardian: false, 3.00
01-06 16:27:38.701  1804  3059 I VrRuntimeService: RuntimeServiceSDKServer::SetGuardianSystemState: 3219182184
01-06 16:27:38.702  2954  3062 I GuardianSystem: UpdateGuardianSystemState: Flags2 changed: 49, 1, SYSTEM_2_DIRECTIONAL_PASSTHROUGH_ENABLED,SYSTEM_2_LOADING_DOTS,SYSTEM_2_SHOULD_PUSH_BLACK to SYSTEM_2_DIRECTIONAL_PASSTHROUGH_ENABLED
01-06 16:27:38.705  1804  2851 I ClientMgr: Stop loading dots from guardian
01-06 16:27:38.705  1804  2851 I VrRuntimeServer: DisableCompositorClient: 0
01-06 16:27:38.705  1804  2851 I CompositorClientMgr: Disable client 0
01-06 16:27:38.705  1804  2851 I CompositorClientMgr: DisableClient: frame flush required: 1
01-06 16:27:38.706  1804 14948 W CompositorClient: firstDisplayVsync for client 3 (isPrimary=0) FrameIndex = 33661 is outrageously early 8401, base 152, flushing
01-06 16:27:38.711  1052  1068 I system_server: NativeAlloc concurrent copying GC freed 78556(4174KB) AllocSpace objects, 63(1724KB) LOS objects, 42% free, 12MB/21MB, paused 67us total 174.432ms
01-06 16:27:38.712  1804 14948 I CompositorProgs: [0x710694b710] Built layerProgram 0:0x100000048082:0x0 in 5.5 ms
01-06 16:27:38.714  1804 14948 W CompositorClient: firstDisplayVsync for client 3 (isPrimary=0) FrameIndex = 33661 is outrageously early 8401, base 153, flushing
01-06 16:27:38.719 14708 14830 W VrApi   : FrameIndex = 15, RetiredClientFrameIndex = 1, waited for 500 msec for frame to retire
01-06 16:27:38.720 14708 14830 I VrRuntimeClient: Client has gained focus.
01-06 16:27:38.720 14708 14736 D UE4     : [2023.01.06-16.27.38:720][ 13]LogAndroidEvents: Display: LogAndroidEvents::DequeueAppEvent : 10, [width=-1, height=-1], APP_EVENT_STATE_WINDOW_LOST_FOCUS
01-06 16:27:38.720 14708 14736 D UE4     : FAppEventManager::Tick processing, 10
01-06 16:27:38.720 14708 14736 D UE4     : [2023.01.06-16.27.38:720][ 13]LogAndroidEvents: Display: LogAndroidEvents::DequeueAppEvent : 6, [width=-1, height=-1], APP_EVENT_STATE_ON_PAUSE
01-06 16:27:38.720 14708 14736 D UE4     : FAppEventManager::Tick processing, 6
01-06 16:27:38.720 14708 14736 D UE4     : [2023.01.06-16.27.38:720][ 13]LogVulkanRHI: FVulkanPipelineStateCacheManager: skipped saving because we only save if the PSOFC based one failed to load.
01-06 16:27:38.720 14708 14736 D UE4     : [2023.01.06-16.27.38:720][ 13]LogAndroidEvents: Display: LogAndroidEvents::DequeueAppEvent : 15, [width=-1, height=-1], APP_EVENT_RUN_CALLBACK
01-06 16:27:38.720 14708 14736 D UE4     : FAppEventManager::Tick processing, 15
01-06 16:27:38.720 14708 14736 D UE4     : [2023.01.06-16.27.38:720][ 13]LogAndroidEvents: Display: Event thread callback running.
01-06 16:27:38.720  1804 14948 W CompositorClient: firstDisplayVsync for client 3 (isPrimary=0) FrameIndex = 33661 is outrageously early 8401, base 153, flushing
01-06 16:27:38.720 14708 14736 D UE4     : [2023.01.06-16.27.38:720][ 13]LogAndroid: performing app backgrounding callback. 0xe22d2b10
01-06 16:27:38.726  1804 14948 W CompositorClient: firstDisplayVsync for client 3 (isPrimary=0) FrameIndex = 33661 is outrageously early 8401, base 154, flushing
01-06 16:27:38.734  1804 14948 W CompositorClient: firstDisplayVsync for client 3 (isPrimary=0) FrameIndex = 33661 is outrageously early 8401, base 154, flushing
01-06 16:27:38.735   864  1042 W TrackingService: attachClient: found client in attached list
01-06 16:27:38.737   864  1221 W TrackingService: attachClient: found client in attached list
01-06 16:27:38.740  1804 14948 W CompositorClient: firstDisplayVsync for client 3 (isPrimary=0) FrameIndex = 33661 is outrageously early 8401, base 155, flushing
01-06 16:27:38.746  1804  3059 I VrRuntimeService: RuntimeServiceSDKServer::SetGuardianSystemState: 3219182184
01-06 16:27:38.746  2954  3062 I GuardianSystem: UpdateGuardianSystemState: Flags changed: 524288, 532480, SYSTEM_GUARDIAN_VALID to SYSTEM_GUARDIAN_VISIBLE,SYSTEM_GUARDIAN_VALID
01-06 16:27:38.748  1804 14948 W CompositorClient: firstDisplayVsync for client 3 (isPrimary=0) FrameIndex = 33661 is outrageously early 8401, base 155, flushing
01-06 16:27:38.753  1804 14948 I CompositorVR: SetSchedFifo( tid=14736, pol=3, pri=0 ) succeeded
01-06 16:27:38.753  1804 14948 I CompositorVR: SetSchedFifo( tid=14830, pol=3, pri=0 ) succeeded
01-06 16:27:38.753  1804 14948 I CompositorVR: SetSchedFifo( tid=14815, pol=3, pri=0 ) succeeded
01-06 16:27:38.754  1804 14948 W CompositorClient: firstDisplayVsync for client 3 (isPrimary=0) FrameIndex = 33661 is outrageously early 8401, base 156, flushing
01-06 16:27:38.762  1804 14948 W CompositorClient: firstDisplayVsync for client 3 (isPrimary=0) FrameIndex = 33661 is outrageously early 8401, base 156, flushing
01-06 16:27:38.768  1804 14948 W CompositorClient: firstDisplayVsync for client 3 (isPrimary=0) FrameIndex = 33661 is outrageously early 8401, base 157, flushing
01-06 16:27:38.772  2954  3277 I VrRuntimeClient: UpdateEvents: HMT was mounted
01-06 16:27:38.780  1687  3207 I [CT]    : MIXEDREALITY: MrServiceModel: Hibernating caller (most likely rendering thread) due to commandQueue being empty.
01-06 16:27:38.782  1804 14948 I CompositorProgs: [0x710694b710] Built layerProgram 0:0x100000048082:0x0 in 5.4 ms
01-06 16:27:38.783  1804 14948 I CompositorVR: SetSchedFifo( tid=3207, pol=5, pri=1 ) succeeded
01-06 16:27:38.783  1804 14948 I CompositorVR: SetSchedFifo( tid=3062, pol=5, pri=1 ) succeeded
01-06 16:27:38.783  1804 14948 I CompositorVR: SetSchedFifo( tid=3277, pol=5, pri=1 ) succeeded
01-06 16:27:38.783  1804 14948 I CompositorVR: SetSchedFifo( tid=3320, pol=5, pri=1 ) succeeded
01-06 16:27:38.851  1804 14948 I CompositorVR: SetSchedFifo( tid=14736, pol=2, pri=0 ) succeeded
01-06 16:27:38.851  1804 14948 I CompositorVR: SetSchedFifo( tid=14830, pol=2, pri=0 ) succeeded
01-06 16:27:38.851  1804 14948 I CompositorVR: SetSchedFifo( tid=14815, pol=2, pri=0 ) succeeded
01-06 16:27:38.892  1804 14948 I CompositorVR: SetSchedFifo( tid=3207, pol=2, pri=0 ) succeeded
01-06 16:27:38.907  1804 14948 I CompositorProgs: [0x710694b710] Built layerProgram 0:0x100000048002:0x0 in 5.4 ms
01-06 16:27:39.279   860 15011 I [CT]    : MIXEDREALITY: ServiceLogic: sendMrEngine: Pause
01-06 16:27:39.279   860 15011 I [CT]    : MIXEDREALITY: ServiceLogic: Camera Thread has now tid -1
01-06 16:27:39.314  2954  3062 I GuardianSystem: world updating because worldfromanchor threshold passed
01-06 16:27:39.334  1687  3207 I [CT]    : MIXEDREALITY: MrServiceModel: Hibernating caller (most likely rendering thread) due to commandQueue being empty.
01-06 16:27:39.338  1804 14948 I CompositorVR: SetSchedFifo( tid=3207, pol=5, pri=1 ) succeeded
01-06 16:27:39.449  1804 14948 I CompositorVR: SetSchedFifo( tid=3207, pol=2, pri=0 ) succeeded
01-06 16:27:39.642   864  1221 I chatty  : uid=1000(system) Binder:864_4 identical 26 lines
01-06 16:27:39.658   864  1221 W TrackingService: attachClient: found client in attached list
01-06 16:27:39.658   692   953 I netd    : firewallSetUidRule(2, 10080, 1) <0.04ms>
01-06 16:27:39.659   864  1042 W TrackingService: attachClient: found client in attached list
01-06 16:27:39.672  2825  2825 D IdentityManagementJobService: onStartJob - starting async IMS jobs
01-06 16:27:39.673  2825  2878 D IdentityManagementAsyncTask: doInBackground - working on IMS async tasks
01-06 16:27:39.674 14708 14809 I VrApi   : FPS=1/72,Prd=40ms,Tear=0,Early=0,Stale=0,VSnc=1,Lat=1,Fov=0,CPU4/GPU=2/3,1171/490MHz,OC=FF,TA=0/70/70,SP=N/N/N,Mem=1353MHz,Free=2016MB,PLS=0,Temp=26.5C/0.0C,TW=1.17ms,App=2.91ms,GD=0.00ms,CPU&GPU=72.62ms,LCnt=1(DR0,LM0),GPU%=0.16,CPU%=0.07(W0.10),DSF=1.00,CFL=-1000.00/-1000.00
01-06 16:27:39.682   692   953 I netd    : firewallSetUidRule(2, 10080, 2) <0.03ms>
01-06 16:27:39.697   692   953 I netd    : firewallSetUidRule(2, 10080, 1) <0.02ms>
01-06 16:27:39.700  1052  1744 D ConnectivityService: requestNetwork for uid/pid:10080/2825 NetworkRequest [ TRACK_DEFAULT id=39, [ Capabilities: INTERNET&NOT_RESTRICTED&TRUSTED Uid: 10080] ]
01-06 16:27:39.701  1052  1174 D WifiNetworkFactory: got request NetworkRequest [ TRACK_DEFAULT id=39, [ Capabilities: INTERNET&NOT_RESTRICTED&TRUSTED Uid: 10080] ] with score 60 and serial -1
01-06 16:27:39.701  1052  1174 D UntrustedWifiNetworkFactory: got request NetworkRequest [ TRACK_DEFAULT id=39, [ Capabilities: INTERNET&NOT_RESTRICTED&TRUSTED Uid: 10080] ] with score 60 and serial -1
01-06 16:27:39.702  1052  1224 D WIFI_AWARE_FACTORY: got request NetworkRequest [ TRACK_DEFAULT id=39, [ Capabilities: INTERNET&NOT_RESTRICTED&TRUSTED Uid: 10080] ] with score 60 and serial -1
01-06 16:27:39.702  1052  1225 D Ethernet: got request NetworkRequest [ TRACK_DEFAULT id=39, [ Capabilities: INTERNET&NOT_RESTRICTED&TRUSTED Uid: 10080] ] with score 60 and serial -1
01-06 16:27:39.727  2825  2936 D AccessTokenWorker: doWork fetch accesstoken
01-06 16:27:39.730  2825  2936 D WorkerLoggerHelper: log success for access_token_worker
01-06 16:27:39.730  2825  3512 D AccessTokenWorker: doWork fetch accesstoken
01-06 16:27:39.733  2825  2914 I WM-WorkerWrapper: Worker result SUCCESS for Work [ id=5463d862-8c15-437d-9f3b-79d2b82eacd8, tags={ com.oculus.identitymanagement.service.workers.AccessTokenWorker } ]
01-06 16:27:39.733  2825  3512 D WorkerLoggerHelper: log success for access_token_worker
01-06 16:27:39.740  2825  2914 I WM-WorkerWrapper: Setting status to enqueued for d8953a93-544e-412e-92c7-c532d73918e4
01-06 16:27:39.742   692   953 I netd    : firewallSetUidRule(2, 10080, 2) <0.03ms>
01-06 16:27:39.745  1052  1178 D ConnectivityService: Blocked status changed to true for 10080(39) on netId 100
01-06 16:27:39.747   692   953 I netd    : firewallSetUidRule(2, 10080, 1) <0.02ms>
01-06 16:27:39.748  1052  1178 D ConnectivityService: Blocked status changed to false for 10080(39) on netId 100
01-06 16:27:39.753   692   953 I netd    : firewallSetUidRule(2, 10080, 2) <0.03ms>
01-06 16:27:39.753  1052  1178 D ConnectivityService: Blocked status changed to true for 10080(39) on netId 100
01-06 16:27:39.768  2825  2930 I WM-WorkerWrapper: Worker result SUCCESS for Work [ id=58a04123-2fad-4370-8f9d-5f3429335675, tags={ com.oculus.identitymanagement.service.workers.AccessTokenWorker } ]
01-06 16:27:39.769  1052  9772 D WificondControl: Scan result ready event
01-06 16:27:39.771  2825  2930 I WM-WorkerWrapper: Setting status to enqueued for 49243dd2-0e78-4553-b4cf-e02e1ed2125c
01-06 16:27:39.782   864  1042 I chatty  : uid=1000(system) Binder:864_2 identical 3 lines
01-06 16:27:39.785  1052  1178 D ConnectivityService: releasing NetworkRequest [ TRACK_DEFAULT id=39, [ Capabilities: INTERNET&NOT_RESTRICTED&TRUSTED Uid: 10080] ] (release request)
01-06 16:27:39.805  2825  3399 D MVanScreenTimeUploadWorker: doWork MVanScreenTimeUploadWorker
01-06 16:27:39.825   864  1042 W TrackingService: attachClient: found client in attached list
01-06 16:27:39.831  2825  3399 W OVRLibrary: null cursor received for query content://com.oculus.ocms.library/apps/com.oculus.vrshell
01-06 16:27:39.835   744   906 I SyncBossHAL: [info   ] syncboss_hal_impl_input.c(1060): Pulsar connected devices state change: 23
01-06 16:27:39.836   581   607 I SyncBossFW: 9840012 [info   ] {WIHO}: Pulsar device connected 86557c336c360320 (type: 9001401, connection id: 0x17)
01-06 16:27:39.843  2825  3399 W OVRLibrary: null cursor received for query content://com.oculus.ocms.library/apps/com.oculus.shellenv
01-06 16:27:39.843  2825  3399 D MVanScreenTimeUploadWorker: Creating screen time mutation for com.oculus.shellenv startime = 1673021692 endTime = 1673021697 duration = 5
01-06 16:27:39.846  2825  3399 D MVanScreenTimeUploadWorker: Creating screen time mutation for com.oculus.shellenv startime = 1673021710 endTime = 1673021778 duration = 68
01-06 16:27:39.846   864  1042 W TrackingService: attachClient: found client in attached list
01-06 16:27:39.847  2825  3399 D MVanScreenTimeUploadWorker: Creating screen time mutation for com.oculus.shellenv startime = 1673021960 endTime = 1673021967 duration = 7
01-06 16:27:39.864  2825  3399 W OVRLibrary: null cursor received for query content://com.oculus.ocms.library/apps/com.YourCompany.PrototypeV4
01-06 16:27:39.866  2825  3399 D MVanScreenTimeUploadWorker: Creating screen time mutation for com.YourCompany.PrototypeV4 startime = 1673021678 endTime = 1673021692 duration = 14
01-06 16:27:39.876  2825  3399 D MVanScreenTimeUploadWorker: Creating screen time mutation for com.YourCompany.PrototypeV4 startime = 1673021697 endTime = 1673021710 duration = 13
01-06 16:27:39.878  2825  3399 D MVanScreenTimeUploadWorker: Creating screen time mutation for com.YourCompany.PrototypeV4 startime = 1673022427 endTime = 1673022428 duration = 1
01-06 16:27:39.880  2825  3399 D MVanScreenTimeUploadWorker: Creating screen time mutation for com.YourCompany.PrototypeV4 startime = 1673022456 endTime = 1673022457 duration = 1
01-06 16:27:39.881  2825  3399 D MVanScreenTimeUploadWorker: Creating screen time mutation for com.YourCompany.PrototypeV4 startime = 1673022458 endTime = 1673022459 duration = 1
01-06 16:27:39.892   864  1042 W TrackingService: attachClient: found client in attached list
01-06 16:27:39.893   864  1221 W TrackingService: attachClient: found client in attached list
01-06 16:27:39.894  2509  3204 E LoggingErrorHandler: Retrofit error, url: [https://graph.oculus.com/graphql?doc=query+GetCurrentPartyQuery+%7B++viewer+%7B++++user+%7B++++++current_party+%7B++++++++id%2C++++++++anchored_home_instance+%7B++++++++++id++++++++%7D%2C++++++++only_quest_users%2C++++++++join_policy%2C++++++++party_type%2C++++++++has_active_link_sharing%2C++++++++max_size%2C++++++++party_leader+%7Bid%2Cname%2Calias%2Cpresence%2Cpresence_status%2Cfollow_status%2Cprofile_status%2Cprofile_photo%28size%3A+%22240x240%22%29+%7B++name%2C++uri%2C++width%2C++height%2C%7D%2Cfriend_status%2Cis_blocked_by_viewer%2Ccan_viewer_message%2Ccurrent_party+%7B++id%2C++join_policy%2C++max_size%2C++party_users+%7B++++count%2C++%7D%2C%7D%2Cis_presence_deeplink_joinable%2Cmost_recent_presence+%7B++last_active_description%2C++destination_api_name%2C++scoped_user_id%2C++deeplink_message_for_deeplink_target%2C++launch_params_as_json_string%2C++vr_apps_for_deeplink_target+%7B++++id%2C+++++vr_platform%2C++++package_name%2C+%7D%2C%7D%2C++++++++%7D%2C++++++++invited_users+%7B++++++++++count%2C++++++++++edges+%7B++++++++++++sender%2C++++++++++++node+%7Bid%2Cname%2Calias%2Cpresence%2Cpresence_status%2Cfollow_status%2Cprofile_status%2Cprofile_photo%28size%3A+%22240x240%22%29+%7B++name%2C++uri%2C++width%2C++height%2C%7D%2Cfriend_status%2Cis_blocked_by_viewer%2Ccan_viewer_message%2Ccurrent_party+%7B++id%2C++join_policy%2C++max_size%2C++party_users+%7B++++count%2C++%7D%2C%7D%2Cis_presence_deeplink_joinable%2Cmost_recent_presence+%7B++last_active_description%2C++destination_api_name%2C++scoped_user_id%2C++deeplink_message_for_deeplink_target%2C++launch_params_as_json_string%2C++vr_apps_for_deeplink_target+%7B++++id%2C+++++vr_platform%2C++++package_name%2C+%7D%2C%7D%2C++++++++++++%7D%2C++++++++++%7D%2C++++++++%7D%2C++++++++party_users+%7B++++++++++count%2C++++++++++edges+%7B++++++++++++microphone_channel_selection%2C++++++++++++node+%7Bid%2Cname%2Calias%2Cpresence%2Cpresence_status%2Cfollow_status%2Cprofile_status%2Cprofile_photo%28size%3A+%22240x240%22%29+%7B++name%2C++uri%2C++width%2C++height%2C%7D%2Cfriend_status%2Cis_blocked_by_viewer%2Ccan_viewer_message%2Ccurrent_party+%7B++id%2C++join_policy%2C++max_size%2C++party_users+%7B++++count%2C++%7D%2C%7D%2Cis_presence_deeplink_joinable%2Cmost_recent_presence+%7B++last_active_description%2C++destination_api_name%2C++scoped_user_id%2C++deeplink_message_for_deeplink_target%2C++launch_params_as_json_string%2C++vr_apps_for_deeplink_target+%7B++++id%2C+++++vr_platform%2C++++package_name%2C+%7D%2C%7D%2C++++++++++++%7D%2C++++++++++%7D++++++++%7D%2C++++++++party_blocked_users+%7B++++++++++nodes+%7B++++++++++++id%2C++++++++++++alias%2C++++++++++%7D%2C++++++++%7D%2C++++++++party_blocked_invited_users+%7B++++++++++nodes+%7B++++++++++++id%2C++++++++++++alias%2C++++++++++%7D%2C++++++++%7D%2C++++++++party_invite_activity+%7B++++++++++id%2C++++++++++does_activity_support_group_launch%2C++++++++++application+%7B++++++++++++id%2C++++++++++++display_name%2C++++++++++++package_name%2C++++++++++++max_group_launch_capacity%2C++++++++++++icon_image+%7B++++++++++++++uri%2C++++++++++++%7D%2C++++++++++%7D%2C++++++++++deeplink%2C++++++++++title%2C++++++++%7D%2C++++++++party_group_launch+%7B++++++++++id%2C++++++++++state%2C++++++++++only_quest_users%2C++++++++++creator+%7B++++++++++++id%2C++++++++++%7D++++++++++vr_deeplink_target+%7B++++++++++++vr_apps_for_deeplink_target+%7B++++++++++++++vr_icon_image+%7B++++++++++++++++uri%2C++++++++++++++%7D%2C++++++++++++++id%2C++++++++++++++display_name%2C++++++++++++++is_viewer_entitled%2C++++++++++++%7D%2C++++++++++++deeplink_message_for_deeplink_target%2C++++++++++++...+on+VRDeeplinkTargetWithDefaultWebLink+%7B++++++++++++++description_for_deeplink_target_website%2C++++++++++++++name_for_deeplink_target_website%2C++++++++++++++id%2C++++++++++++++icon_image_for_deeplink_target_website+%7B++++++++++++++++uri%2C++++++++++++++%7D%2C++++++++++++%7D%2C++++++++++++...+on+VRPresenceStatusDefinition+%7B++++++++++++++is_external_deeplinkable%2C++++++++++++++max_group_launch_capacity%2C++++++++++++%7D%
01-06 16:27:39.895  2509  3204 E RetryWrapper: Got error, retrying (retry 2 of 5) after sleeping for 1000 ms.
01-06 16:27:39.895  2509  3204 E RetryWrapper: retrofit.RetrofitError: failed to connect to graph.oculus.com/157.240.225.54 (port 443) from /10.85.132.28 (port 38024) after 15000ms
01-06 16:27:39.895  2509  3204 E RetryWrapper: 	at retrofit.RestAdapter$RestHandler.invokeRequest(:337)
01-06 16:27:39.895  2509  3204 E RetryWrapper: 	at retrofit.RestAdapter$RestHandler.invoke(:29)
01-06 16:27:39.895  2509  3204 E RetryWrapper: 	at java.lang.reflect.Proxy.invoke(Proxy.java:1006)
01-06 16:27:39.895  2509  3204 E RetryWrapper: 	at $Proxy0.getPartyInfoSync(Unknown Source)
01-06 16:27:39.895  2509  3204 E RetryWrapper: 	at com.oculus.horizon.social.SocialMethods.fetchPartyInfo(:4)
01-06 16:27:39.895  2509  3204 E RetryWrapper: 	at com.oculus.socialplatform.partyservice.graphql.PartyServiceGraphQLManager$2.execute(:10)
01-06 16:27:39.895  2509  3204 E RetryWrapper: 	at com.oculus.socialplatform.partyservice.graphql.PartyServiceGraphQLManager$2.execute(:268435456)
01-06 16:27:39.895  2509  3204 E RetryWrapper: 	at com.oculus.horizon.social.RetryWrapper.executeWithRetries(:7)
01-06 16:27:39.895  2509  3204 E RetryWrapper: 	at com.oculus.socialplatform.partyservice.graphql.PartyServiceGraphQLManager.fetchPartyInfoFromServerWithRetries(:268435461)
01-06 16:27:39.895  2509  3204 E RetryWrapper: 	at com.oculus.socialplatform.partyservice.graphql.PartyServiceGraphQLManager.fetchPartyData(:39)
01-06 16:27:39.895  2509  3204 E RetryWrapper: 	at com.oculus.socialplatform.partyservice.graphql.PartyServiceGraphQLManager.lambda$0ESYP4IF0p_MezJBxfTrqhjRqDg(Unknown Source:0)
01-06 16:27:39.895  2509  3204 E RetryWrapper: 	at com.oculus.socialplatform.partyservice.graphql.-$$Lambda$PartyServiceGraphQLManager$0ESYP4IF0p_MezJBxfTrqhjRqDg.run(Unknown Source:2)
01-06 16:27:39.895  2509  3204 E RetryWrapper: 	at java.util.concurrent.Executors$RunnableAdapter.call(Executors.java:462)
01-06 16:27:39.895  2509  3204 E RetryWrapper: 	at java.util.concurrent.FutureTask.run(FutureTask.java:266)
01-06 16:27:39.895  2509  3204 E RetryWrapper: 	at java.util.concurrent.ScheduledThreadPoolExecutor$ScheduledFutureTask.run(ScheduledThreadPoolExecutor.java:301)
01-06 16:27:39.895  2509  3204 E RetryWrapper: 	at java.util.concurrent.ThreadPoolExecutor.runWorker(ThreadPoolExecutor.java:1167)
01-06 16:27:39.895  2509  3204 E RetryWrapper: 	at java.util.concurrent.ThreadPoolExecutor$Worker.run(ThreadPoolExecutor.java:641)
01-06 16:27:39.895  2509  3204 E RetryWrapper: 	at java.lang.Thread.run(Thread.java:919)
01-06 16:27:39.895  2509  3204 E RetryWrapper: Caused by: java.net.SocketTimeoutException: failed to connect to graph.oculus.com/157.240.225.54 (port 443) from /10.85.132.28 (port 38024) after 15000ms
01-06 16:27:39.895  2509  3204 E RetryWrapper: 	at libcore.io.IoBridge.connectErrno(IoBridge.java:191)
01-06 16:27:39.895  2509  3204 E RetryWrapper: 	at libcore.io.IoBridge.connect(IoBridge.java:135)
01-06 16:27:39.895  2509  3204 E RetryWrapper: 	at java.net.PlainSocketImpl.socketConnect(PlainSocketImpl.java:142)
01-06 16:27:39.895  2509  3204 E RetryWrapper: 	at java.net.AbstractPlainSocketImpl.doConnect(AbstractPlainSocketImpl.java:390)
01-06 16:27:39.895  2509  3204 E RetryWrapper: 	at java.net.AbstractPlainSocketImpl.connectToAddress(AbstractPlainSocketImpl.java:230)
01-06 16:27:39.895  2509  3204 E RetryWrapper: 	at java.net.AbstractPlainSocketImpl.connect(AbstractPlainSocketImpl.java:212)
01-06 16:27:39.895  2509  3204 E RetryWrapper: 	at java.net.SocksSocketImpl.connect(SocksSocketImpl.java:436)
01-06 16:27:39.895  2509  3204 E RetryWrapper: 	at java.net.Socket.connect(Socket.java:621)
01-06 16:27:39.895  2509  3204 E RetryWrapper: 	at okhttp3.internal.platform.AndroidPlatform.connectSocket(:0)
01-06 16:27:39.895  2509  3204 E RetryWrapper: 	at okhttp3.internal.connection.RealConnection.connectSocket(:48)
01-06 16:27:39.895  2509  3204 E RetryWrapper: 	at okhttp3.internal.connection.RealConnection.connect(:92)
01-06 16:27:39.895  2509  3204 E RetryWrapper: 	at okhttp3.internal.connection.StreamAllocation.findConnection(:72)
01-06 16:27:39.895  2509  3204 E RetryWrapper: 	at okhttp3.internal.connection.StreamAllocation.findHealthyConnection(:0)
01-06 16:27:39.895  2509  3204 E RetryWrapper: 	at okhttp3.internal.connection.StreamAllocation.newStream(:10)
01-06 16:27:39.895  2509  3204 E RetryWrapper: 	at okhttp3.internal.connection.ConnectInterceptor.intercept(:20)
01-06 16:27:39.895  2509  3204 E RetryWrapper: 	at okhttp3.internal.http.RealInterceptorChain.proceed(:268435573)
01-06 16:27:39.895  2509  3204 E RetryWrapper: 	at okhttp3.internal.http.RealInterceptorChain.proceed(:6)
01-06 16:27:39.895  2509  3204 E RetryWrapper: 	at okhttp3.internal.cache.CacheInterceptor.intercept(:106)
01-06 16:27:39.895  2509  3204 E RetryWrapper: 	at okhttp3.internal.http.RealInterceptorChain.proceed(:268435573)
01-06 16:27:39.895  2509  3204 E RetryWrapper: 	at okhttp3.internal.http.RealInterceptorChain.proceed(:6)
01-06 16:27:39.895  2509  3204 E RetryWrapper: 	at okhttp3.internal.http.BridgeInterceptor.intercept(:145)
01-06 16:27:39.895  2509  3204 E RetryWrapper: 	at okhttp3.internal.http.RealInterceptorChain.proceed(:268435573)
01-06 16:27:39.895  2509  3204 E RetryWrapper: 	at okhttp3.internal.http.RetryAndFollowUpInterceptor.intercept(:36)
01-06 16:27:39.895  2509  3204 E RetryWrapper: 	at okhttp3.internal.http.RealInterceptorChain.proceed(:268435573)
01-06 16:27:39.895  2509  3204 E RetryWrapper: 	at okhttp3.internal.http.RealInterceptorChain.proceed(:6)
01-06 16:27:39.895  2509  3204 E RetryWrapper: 	at okhttp3.RealCall.getResponseWithInterceptorChain(:84)
01-06 16:27:39.895  2509  3204 E RetryWrapper: 	at okhttp3.RealCall.execute(:19)
01-06 16:27:39.895  2509  3204 E RetryWrapper: 	at X.2Gg.execute(:127)
01-06 16:27:39.895  2509  3204 E RetryWrapper: 	at retrofit.RestAdapter$RestHandler.invokeRequest(:115)
01-06 16:27:39.895  2509  3204 E RetryWrapper: 	... 17 more
01-06 16:27:39.896  2825  3399 W OVRLibrary: null cursor received for query content://com.oculus.ocms.library/apps/com.android.permissioncontroller
01-06 16:27:39.896  2825  3399 D MVanScreenTimeUploadWorker: Creating screen time mutation for com.android.permissioncontroller startime = 1673021967 endTime = 1673021968 duration = 1
01-06 16:27:39.896   744   908 I SyncBossHAL: [info   ] pulsar_manager.c(396): 86557c33xxxxxxxx: Configuring IR LED to ontime = 34, period = 40000, delay = -9
01-06 16:27:39.904   744   908 I SyncBossHAL: [info   ] pulsar_manager.c(343): Finished getting cache data for controller
01-06 16:27:39.904   744   908 I SyncBossHAL:     id            : 86557c33xxxxxxxx
01-06 16:27:39.904   744   908 I SyncBossHAL:     pulsar_type   : 0x09001401
01-06 16:27:39.904   744   908 I SyncBossHAL:     connection id : 0x17
01-06 16:27:39.904   744   908 I SyncBossHAL:     fw ver        : 1.9.0
01-06 16:27:39.904   744   908 I SyncBossHAL:     spl ver       : 1.5.1
01-06 16:27:39.904   744   908 I SyncBossHAL:     serial        : 1WMHCLE3D42127
01-06 16:27:39.904   744   908 I SyncBossHAL:     handedness    : left
01-06 16:27:39.904   744   908 I SyncBossHAL:     battery state : 100%
01-06 16:27:39.904   744   908 I SyncBossHAL: [info   ] pulsar_manager.c(360): Jedi-specific cache data:
01-06 16:27:39.904   744   908 I SyncBossHAL:     captouch ver  : 1.9.0
01-06 16:27:39.908   744 14864 D SensorService: Syncboss input 86557c336c360320 hardware type 4, subtype 1, revision 0x09
01-06 16:27:39.908   744 14864 I SensorService: preparePairedControllerInfo is adding device with valid 1
