01-06 18:42:28.950   860  3199 I [CT]    : MIXEDREALITY: MrRuntimeCompute: onStop: All capabilities using stereopipeline are off, pausing stereo pipeline.
01-06 18:42:28.956   860  3199 I [CT]    : MIXEDREALITY: MrSystemServiceIPCServer: ChangeMrCapabilityStatusNonBlocking: client 1341373499, capability 1, command 0.
01-06 18:42:28.956   860  3199 I [CT]    : MIXEDREALITY: ServiceLogic: Stopping: Playspace
01-06 18:42:28.956   860  3199 I [CT]    : MIXEDREALITY: MrRuntimeCompute: onStop: Playspace.
01-06 18:42:28.956   860  3199 I [CT]    : MIXEDREALITY: MrRuntimeCompute: onStop: All capabilities using stereopipeline are off, pausing stereo pipeline.
01-06 18:42:28.957  1052 14020 E InputDispatcher: Window handle Window{660e6a6 u0 com.oculus.vrshell} has no registered input channel
01-06 18:42:28.963  3392  3392 D MetaCam (MediaCapabilityChecker): checkMediaHasRecordingCapabilities packageName: com.oculus.os.clearactivity
01-06 18:42:28.964  3515  3515 W OVRLibrary: null cursor received for query content://com.oculus.ocms.library/apps/com.oculus.xrstreamingclient
01-06 18:42:28.964  1621  1621 D OculusNotificationListenerService: Notification removed: 0|android|0|com.android.server.wm.AlertWindowNotification - com.oculus.vrshell|1000
01-06 18:42:28.980  1962  2399 W OVRLibrary: null cursor received for query content://com.oculus.ocms.library/apps/com.YourCompany.PrototypeV4
01-06 18:42:28.980  1962  2399 I OVRMediaServiceManager: Sending onAppStart (com.YourCompany.PrototypeV4) to SocialPlatform (com.oculus.socialplatform)
01-06 18:42:28.980  1962  2562 W OVRLibrary: null cursor received for query content://com.oculus.ocms.library/apps/com.oculus.os.clearactivity
01-06 18:42:28.989  1962  2562 I OVRMediaService: onStartCommand Received message type: overlay_input_focus_change, caller package: com.oculus.vrshell, app identify: AppIdentity{uid=10020, packageNames=[com.oculus.vrshell], sha1=MxZgtt071YLz39PLrkVGckZooCE, sha2=3C-DTjwZQjeLFPB2yCzRq1nqZWa_9HMLIEfpjvyfna8, version=null, domain=null}
01-06 18:42:29.010  1962  2562 I OVRMediaService: Received OVERLAY_INPUT_FOCUS_CHANGE. is focused: false
01-06 18:42:29.019  3392  3392 W OVRLibrary: null cursor received for query content://com.oculus.ocms.library/apps/com.oculus.os.clearactivity
01-06 18:42:29.019  3392  3392 D MetaCam (MediaCapabilityChecker): checkMediaHasRecordingCapabilities packageName: com.oculus.os.clearactivity
01-06 18:42:29.027  3515  3515 W OVRLibrary: null cursor received for query content://com.oculus.ocms.library/apps/notifications_system_app
01-06 18:42:29.035  2954  3062 I GuardianSystem: Environment Status changed: 33 to 34
01-06 18:42:29.042  3515  3515 W OVRLibrary: null cursor received for query content://com.oculus.ocms.library/apps/com.YourCompany.TemplateProject3
01-06 18:42:29.057  2150 19296 I chatty  : uid=10020(com.oculus.vrshell) ShellOverlayMai expire 1 line
01-06 18:42:29.058  3515  3515 W OVRLibrary: null cursor received for query content://com.oculus.ocms.library/apps/paused_app
01-06 18:42:29.070  1962  2399 E OVRMediaServiceManager: LivestreamingManager Not initialized
01-06 18:42:29.074  3515  3515 W OVRLibrary: null cursor received for query content://com.oculus.ocms.library/apps/com.android.settings
01-06 18:42:29.075  3515  3515 D [SUI] ActivityManagerUtilsHelper: onFocusedWindowChanged: Instance: com.oculus.common.activitymanager.ActivityManagerUtilsHelper@8317877, topWindowUid: 10072, focusedApp: com.oculus.os.clearactivity, previousApp: com.oculus.vrshell
01-06 18:42:29.075  3515  3515 D [SUI] NotificationBroadcastReceiver: action: com.oculus.intent.action.NOTIF_CHANGE
01-06 18:42:29.089  3515 19310 D NotificationsBadgeLiveData: MessageBadgeData, pullAndCheckNotifs, old data source notif count: 0, oc chats count: 0, messenger count: 0
01-06 18:42:29.104 19079 19188 I chatty  : uid=10155(com.YourCompany.PrototypeV4) expire 3 lines
01-06 18:42:29.119  2150 19292 I chatty  : uid=10020(com.oculus.vrshell) ShellOverlayMai expire 1 line
01-06 18:42:29.121  3515 18795 W OVRLibrary: null cursor received for query content://com.oculus.ocms.library/apps/com.oculus.os.clearactivity
01-06 18:42:29.122  3392  3392 W OVRLibrary: null cursor received for query content://com.oculus.ocms.library/apps/com.oculus.os.clearactivity
01-06 18:42:29.124  3515 19229 W OVRLibrary: null cursor received for query content://com.oculus.ocms.library/apps/com.oculus.os.clearactivity
01-06 18:42:29.167  2150 19298 I chatty  : uid=10020(com.oculus.vrshell) ShellOverlayMai expire 6 lines
01-06 18:42:29.174   864  1221 I chatty  : uid=1000(system) Binder:864_4 identical 10 lines
01-06 18:42:29.197  2410  2436 I com.oculus.ocm: Background concurrent copying GC freed 13469(1234KB) AllocSpace objects, 7(140KB) LOS objects, 49% free, 4636KB/9272KB, paused 34us total 310.004ms
01-06 18:42:29.210  1281  1281 V AvrcpMediaPlayerList: onPlaybackConfigChanged(): Configs list size=11
01-06 18:42:29.219  1281  1281 V AvrcpMediaPlayerList: onPlaybackConfigChanged(): Configs list size=10
01-06 18:42:29.220   864  1221 W TrackingService: attachClient: found client in attached list
01-06 18:42:29.230  1052  5664 I ActivityTaskManager: START u0 {act=com.oculus.os.clearactivity.FINISH cmp=com.oculus.os.clearactivity/.ClearActivity (has extras)} from uid 10020
01-06 18:42:29.231  1052  5664 W ActivityTaskManager: startActivity called from non-Activity context; forcing Intent.FLAG_ACTIVITY_NEW_TASK for: Intent { act=com.oculus.os.clearactivity.FINISH flg=0x800000 cmp=com.oculus.os.clearactivity/.ClearActivity (has extras) }
01-06 18:42:29.237  1052  6171 W InputReader: Device has associated, but no associated display id.
01-06 18:42:29.239  1052  6171 W InputReader: Device has associated, but no associated display id.
01-06 18:42:29.239  2954  3062 I GuardianSystem: UpdateGuardianSystemState: Flags2 changed: 32, 33, SYSTEM_2_SHOULD_PUSH_BLACK to SYSTEM_2_DIRECTIONAL_PASSTHROUGH_ENABLED,SYSTEM_2_SHOULD_PUSH_BLACK
01-06 18:42:29.242  1052  1080 D ActivityManager: Is background playback enabled for all apps: false
01-06 18:42:29.245   751  1007 D AF::TrackHandle: OpPlayAudio: track:214 uid:10020 pkg:com.oculus.vrshell usage:1 not muted
01-06 18:42:29.245   751  8085 D AF::TrackHandle: OpPlayAudio: track:211 uid:10155 pkg:com.YourCompany.PrototypeV4 usage:1 not muted
01-06 18:42:29.245   751   751 D AF::TrackHandle: OpPlayAudio: track:194 uid:10033 pkg:com.oculus.xrstreamingclient usage:1 muted
01-06 18:42:29.245   751  6756 D AF::TrackHandle: OpPlayAudio: track:57 uid:10014 pkg:com.oculus.shellenv usage:1 muted
01-06 18:42:29.255   730   730 D msm8974_platform: platform_split_snd_device: snd_device(22) num devices(1) new_snd_devices(0)
01-06 18:42:29.255   730   730 D ACDB-LOADER: ACDB -> send_audvoltable
01-06 18:42:29.255   730   730 D ACDB-LOADER: ACDB -> ACDB_CMD_GET_AUDPROC_INSTANCE_GAIN_DEP_STEP_TABLE_SIZE
01-06 18:42:29.255   730   730 D         : Failed to fetch the lookup information of the device 0000000F 
01-06 18:42:29.255   730   730 D ACDB-LOADER: Error: ACDB_CMD_GET_AUDPROC_INSTANCE_GAIN_DEP_STEP_TABLE_SIZE Returned = -19
01-06 18:42:29.255   730   730 D ACDB-LOADER: ACDB -> ACDB_CMD_GET_AUDPROC_INSTANCE_GAIN_DEP_STEP_TABLE, vol index 9
01-06 18:42:29.255   730   730 D         : Failed to fetch the lookup information of the device 0000000F 
01-06 18:42:29.255   730   730 D ACDB-LOADER: Error: ACDB AudProc vol returned = -19
01-06 18:42:29.255   730   730 D ACDB-LOADER: ACDB -> AUDIO_SET_VOL_CAL cal type = 40
01-06 18:42:29.255  3392  3392 D MetaCam (MediaCapabilityChecker): checkMediaHasRecordingCapabilities packageName: com.YourCompany.PrototypeV4
01-06 18:42:29.257   751  1006 D AF::TrackHandle: OpPlayAudio: track:177 uid:10026 pkg:com.oculus.systemux usage:10 not muted
01-06 18:42:29.257   864  8442 W TrackingService: attachClient: found client in attached list
01-06 18:42:29.257   751   751 D AF::RecordHandle: OpRecordAudio: track:56 uid:10014 pkg:com.oculus.shellenv usage:0 muted
01-06 18:42:29.257   751  1007 D AF::RecordHandle: OpRecordAudio: track:209 uid:10033 pkg:com.oculus.xrstreamingclient usage:0 muted
01-06 18:42:29.259   751  6756 D AF::RecordHandle: OpRecordAudio: track:213 uid:10032 pkg:com.oculus.horizon usage:0 not muted
01-06 18:42:29.266   864  8442 D TrackingService: getSharedMemory: com.YourCompany.PrototypeV4, Controller
01-06 18:42:29.268   864  8442 W TrackingService: attachClient: found client in attached list
01-06 18:42:29.269   730 17467 D msm8974_platform: platform_split_snd_device: snd_device(22) num devices(1) new_snd_devices(0)
01-06 18:42:29.269   730 17467 D ACDB-LOADER: ACDB -> send_audvoltable
01-06 18:42:29.269   730 17467 D ACDB-LOADER: ACDB -> ACDB_CMD_GET_AUDPROC_INSTANCE_GAIN_DEP_STEP_TABLE_SIZE
01-06 18:42:29.269   751 12493 D AF::RecordHandle: OpRecordAudio: track:56 uid:10014 pkg:com.oculus.shellenv usage:0 muted
01-06 18:42:29.269   730 17467 D         : Failed to fetch the lookup information of the device 0000000F 
01-06 18:42:29.269   730 17467 D ACDB-LOADER: Error: ACDB_CMD_GET_AUDPROC_INSTANCE_GAIN_DEP_STEP_TABLE_SIZE Returned = -19
01-06 18:42:29.269   730 17467 D ACDB-LOADER: ACDB -> ACDB_CMD_GET_AUDPROC_INSTANCE_GAIN_DEP_STEP_TABLE, vol index 8
01-06 18:42:29.269   751  1772 D AF::RecordHandle: OpRecordAudio: track:213 uid:10032 pkg:com.oculus.horizon usage:0 not muted
01-06 18:42:29.269   730 17467 D         : Failed to fetch the lookup information of the device 0000000F 
01-06 18:42:29.269   730 17467 D ACDB-LOADER: Error: ACDB AudProc vol returned = -19
01-06 18:42:29.269   730 17467 D ACDB-LOADER: ACDB -> AUDIO_SET_VOL_CAL cal type = 40
01-06 18:42:29.269   751  1600 D AF::RecordHandle: OpRecordAudio: track:209 uid:10033 pkg:com.oculus.xrstreamingclient usage:0 muted
01-06 18:42:29.270   751  1006 D AF::TrackHandle: OpPlayAudio: track:177 uid:10026 pkg:com.oculus.systemux usage:10 not muted
01-06 18:42:29.270   751  6756 D AF::TrackHandle: OpPlayAudio: track:194 uid:10033 pkg:com.oculus.xrstreamingclient usage:1 muted
01-06 18:42:29.270   751  8085 D AF::TrackHandle: OpPlayAudio: track:214 uid:10020 pkg:com.oculus.vrshell usage:1 not muted
01-06 18:42:29.271   751   751 D AF::TrackHandle: OpPlayAudio: track:211 uid:10155 pkg:com.YourCompany.PrototypeV4 usage:1 not muted
01-06 18:42:29.271   751  1007 D AF::TrackHandle: OpPlayAudio: track:57 uid:10014 pkg:com.oculus.shellenv usage:1 muted
01-06 18:42:29.275  3515  3515 D [SUI] ActivityManagerUtilsHelper: onForegroundActivitiesChanged: Instance: com.oculus.common.activitymanager.ActivityManagerUtilsHelper@8317877, Pid: 18087, Tid: 10072, foregroundActivities: false, foreground app: com.YourCompany.PrototypeV4, previous app: com.oculus.os.clearactivity
01-06 18:42:29.278  1962  2096 W OVRLibrary: null cursor received for query content://com.oculus.ocms.library/apps/com.YourCompany.PrototypeV4
01-06 18:42:29.278  1962  2096 I OVRMediaServiceManager: Sending onAppStart (com.YourCompany.PrototypeV4) to SocialPlatform (com.oculus.socialplatform)
01-06 18:42:29.284  1962  2541 W OVRLibrary: null cursor received for query content://com.oculus.ocms.library/apps/com.YourCompany.PrototypeV4
01-06 18:42:29.293  3515  3515 W OVRLibrary: null cursor received for query content://com.oculus.ocms.library/apps/com.YourCompany.PrototypeV4
01-06 18:42:29.294  3515  3515 D [SUI] DynamicAppsViewModel: Setting destination ui paused app - com.YourCompany.PrototypeV4
01-06 18:42:29.312  3515  3515 W OVRLibrary: null cursor received for query content://com.oculus.ocms.library/apps/quick_settings_app
01-06 18:42:29.315   864  8442 W TrackingService: attachClient: found client in attached list
01-06 18:42:29.316 17337 17431 I chatty  : uid=10033(com.oculus.xrstreamingclient) SlamAnchorMem expire 366 lines
01-06 18:42:29.316   864  1221 W TrackingService: attachClient: found client in attached list
01-06 18:42:29.328  3515  3515 W OVRLibrary: null cursor received for query content://com.oculus.ocms.library/apps/com.oculus.xrstreamingclient
01-06 18:42:29.333  1962  2096 E OVRMediaServiceManager: LivestreamingManager Not initialized
01-06 18:42:29.341  3392  3392 W OVRLibrary: null cursor received for query content://com.oculus.ocms.library/apps/com.YourCompany.PrototypeV4
01-06 18:42:29.341  3392  3392 D MetaCam (MediaCapabilityChecker): checkMediaHasRecordingCapabilities packageName: com.YourCompany.PrototypeV4
01-06 18:42:29.349  2954  3062 I StateMachine: StateMachine::Update GuardianInitializationStateMachine: relocalizingEvent -> Relocalizing_Black
01-06 18:42:29.353 19079 19109 I chatty  : uid=10155(com.YourCompany.PrototypeV4) expire 8 lines
01-06 18:42:29.360  3392  3392 W OVRLibrary: null cursor received for query content://com.oculus.ocms.library/apps/com.YourCompany.PrototypeV4
01-06 18:42:29.360  3515  3515 W OVRLibrary: null cursor received for query content://com.oculus.ocms.library/apps/notifications_system_app
01-06 18:42:29.378  3515  3515 W OVRLibrary: null cursor received for query content://com.oculus.ocms.library/apps/com.YourCompany.TemplateProject3
01-06 18:42:29.389  2954  3062 I GuardianSystem: UpdateGuardianSystemState: Flags2 changed: 33, 49, SYSTEM_2_DIRECTIONAL_PASSTHROUGH_ENABLED,SYSTEM_2_SHOULD_PUSH_BLACK to SYSTEM_2_DIRECTIONAL_PASSTHROUGH_ENABLED,SYSTEM_2_LOADING_DOTS,SYSTEM_2_SHOULD_PUSH_BLACK
01-06 18:42:29.394  3515  3515 W OVRLibrary: null cursor received for query content://com.oculus.ocms.library/apps/paused_app
01-06 18:42:29.405  3515  3515 W OVRLibrary: null cursor received for query content://com.oculus.ocms.library/apps/com.android.settings
01-06 18:42:29.418  3515  3515 W OVRLibrary: null cursor received for query content://com.oculus.ocms.library/apps/quick_settings_app
01-06 18:42:29.432  3515  3515 W OVRLibrary: null cursor received for query content://com.oculus.ocms.library/apps/com.oculus.xrstreamingclient
01-06 18:42:29.443  3515  3515 W OVRLibrary: null cursor received for query content://com.oculus.ocms.library/apps/notifications_system_app
01-06 18:42:29.457  3515  3515 W OVRLibrary: null cursor received for query content://com.oculus.ocms.library/apps/com.YourCompany.TemplateProject3
01-06 18:42:29.473  3515  3515 W OVRLibrary: null cursor received for query content://com.oculus.ocms.library/apps/paused_app
01-06 18:42:29.484  3515  3515 W OVRLibrary: null cursor received for query content://com.oculus.ocms.library/apps/com.android.settings
01-06 18:42:29.484  3515  3515 D [SUI] ActivityManagerUtilsHelper: onFocusedWindowChanged: Instance: com.oculus.common.activitymanager.ActivityManagerUtilsHelper@8317877, topWindowUid: 10155, focusedApp: com.YourCompany.PrototypeV4, previousApp: com.oculus.os.clearactivity
01-06 18:42:29.514  3515 18795 W OVRLibrary: null cursor received for query content://com.oculus.ocms.library/apps/com.YourCompany.PrototypeV4
01-06 18:42:29.514  3515 19229 W OVRLibrary: null cursor received for query content://com.oculus.ocms.library/apps/com.YourCompany.PrototypeV4
01-06 18:42:29.619  1804 19271 I chatty  : uid=10025(com.oculus.systemdriver) OVR::TimeWarp expire 8 lines
01-06 18:42:29.675  1804 19271 W CompositorClient: firstDisplayVsync for client 3 (isPrimary=0) FrameIndex = 58924 is outrageously early 5950, base 143, flushing
01-06 18:42:29.684  1804 19271 W CompositorClient: firstDisplayVsync for client 3 (isPrimary=0) FrameIndex = 58924 is outrageously early 5950, base 143, flushing
01-06 18:42:29.689  1804 19271 W CompositorClient: firstDisplayVsync for client 3 (isPrimary=0) FrameIndex = 58924 is outrageously early 5950, base 144, flushing
01-06 18:42:29.698  1804 19271 W CompositorClient: firstDisplayVsync for client 3 (isPrimary=0) FrameIndex = 58924 is outrageously early 5950, base 144, flushing
01-06 18:42:29.703  1804 19271 W CompositorClient: firstDisplayVsync for client 3 (isPrimary=0) FrameIndex = 58924 is outrageously early 5950, base 145, flushing
01-06 18:42:29.712  1804 19271 W CompositorClient: firstDisplayVsync for client 3 (isPrimary=0) FrameIndex = 58924 is outrageously early 5950, base 145, flushing
01-06 18:42:29.717  1804 19271 W CompositorClient: firstDisplayVsync for client 3 (isPrimary=0) FrameIndex = 58924 is outrageously early 5950, base 146, flushing
01-06 18:42:29.726  1804 19271 W CompositorClient: firstDisplayVsync for client 3 (isPrimary=0) FrameIndex = 58924 is outrageously early 5950, base 146, flushing
01-06 18:42:29.731  1804 19271 W CompositorClient: firstDisplayVsync for client 3 (isPrimary=0) FrameIndex = 58924 is outrageously early 5950, base 147, flushing
01-06 18:42:29.740  1804 19271 W CompositorClient: firstDisplayVsync for client 3 (isPrimary=0) FrameIndex = 58924 is outrageously early 5950, base 147, flushing
01-06 18:42:29.745  1804 19271 W CompositorClient: firstDisplayVsync for client 3 (isPrimary=0) FrameIndex = 58924 is outrageously early 5950, base 148, flushing
01-06 18:42:29.753  1804 19271 W CompositorClient: firstDisplayVsync for client 3 (isPrimary=0) FrameIndex = 58924 is outrageously early 5950, base 148, flushing
01-06 18:42:29.759  1804 19271 W CompositorClient: firstDisplayVsync for client 3 (isPrimary=0) FrameIndex = 58924 is outrageously early 5950, base 149, flushing
01-06 18:42:29.767  1804 19271 W CompositorClient: firstDisplayVsync for client 3 (isPrimary=0) FrameIndex = 58924 is outrageously early 5950, base 149, flushing
01-06 18:42:29.773  1804 19271 W CompositorClient: firstDisplayVsync for client 3 (isPrimary=0) FrameIndex = 58924 is outrageously early 5950, base 150, flushing
01-06 18:42:29.781  1804 19271 W CompositorClient: firstDisplayVsync for client 3 (isPrimary=0) FrameIndex = 58924 is outrageously early 5950, base 150, flushing
01-06 18:42:29.786   864  1221 I chatty  : uid=1000(system) Binder:864_4 identical 12 lines
01-06 18:42:29.787  1804 19271 W CompositorClient: firstDisplayVsync for client 3 (isPrimary=0) FrameIndex = 58924 is outrageously early 5950, base 151, flushing
01-06 18:42:29.795  1804 19271 W CompositorClient: firstDisplayVsync for client 3 (isPrimary=0) FrameIndex = 58924 is outrageously early 5950, base 151, flushing
01-06 18:42:29.800  1804 19271 W CompositorClient: firstDisplayVsync for client 3 (isPrimary=0) FrameIndex = 58924 is outrageously early 5950, base 152, flushing
01-06 18:42:29.809  1804 19271 W CompositorClient: firstDisplayVsync for client 3 (isPrimary=0) FrameIndex = 58924 is outrageously early 5950, base 152, flushing
01-06 18:42:29.814  1804 19271 W CompositorClient: firstDisplayVsync for client 3 (isPrimary=0) FrameIndex = 58924 is outrageously early 5950, base 153, flushing
01-06 18:42:29.823  1804 19271 W CompositorClient: firstDisplayVsync for client 3 (isPrimary=0) FrameIndex = 58924 is outrageously early 5950, base 153, flushing
01-06 18:42:29.828  1804 19271 W CompositorClient: firstDisplayVsync for client 3 (isPrimary=0) FrameIndex = 58924 is outrageously early 5950, base 154, flushing
01-06 18:42:29.829   864  1221 W TrackingService: attachClient: found client in attached list
01-06 18:42:29.830   864  8442 W TrackingService: attachClient: found client in attached list
01-06 18:42:29.837  1804 19271 W CompositorClient: firstDisplayVsync for client 3 (isPrimary=0) FrameIndex = 58924 is outrageously early 5950, base 154, flushing
01-06 18:42:29.842  1804 19271 W CompositorClient: firstDisplayVsync for client 3 (isPrimary=0) FrameIndex = 58924 is outrageously early 5950, base 155, flushing
01-06 18:42:29.851  1804 19271 W CompositorClient: firstDisplayVsync for client 3 (isPrimary=0) FrameIndex = 58924 is outrageously early 5950, base 155, flushing
01-06 18:42:29.856  1804 19271 W CompositorClient: firstDisplayVsync for client 3 (isPrimary=0) FrameIndex = 58924 is outrageously early 5950, base 156, flushing
01-06 18:42:29.865  1804 19271 W CompositorClient: firstDisplayVsync for client 3 (isPrimary=0) FrameIndex = 58924 is outrageously early 5950, base 156, flushing
01-06 18:42:29.870  1804 19271 W CompositorClient: firstDisplayVsync for client 3 (isPrimary=0) FrameIndex = 58924 is outrageously early 5950, base 157, flushing
01-06 18:42:29.879  1804 19271 W CompositorClient: firstDisplayVsync for client 3 (isPrimary=0) FrameIndex = 58924 is outrageously early 5950, base 157, flushing
01-06 18:42:29.884  1804 19271 W CompositorClient: firstDisplayVsync for client 3 (isPrimary=0) FrameIndex = 58924 is outrageously early 5950, base 158, flushing
01-06 18:42:29.893  1804 19271 W CompositorClient: firstDisplayVsync for client 3 (isPrimary=0) FrameIndex = 58924 is outrageously early 5950, base 158, flushing
01-06 18:42:29.898  1804 19271 W CompositorClient: firstDisplayVsync for client 3 (isPrimary=0) FrameIndex = 58924 is outrageously early 5950, base 159, flushing
01-06 18:42:29.898 17337 17409 I chatty  : uid=10033(com.oculus.xrstreamingclient) xrsp-rt-read expire 15 lines
01-06 18:42:29.907  1804 19271 W CompositorClient: firstDisplayVsync for client 3 (isPrimary=0) FrameIndex = 58924 is outrageously early 5950, base 159, flushing
01-06 18:42:29.912  1804 19271 W CompositorClient: firstDisplayVsync for client 3 (isPrimary=0) FrameIndex = 58924 is outrageously early 5950, base 160, flushing
01-06 18:42:29.920  1804 19271 W CompositorClient: firstDisplayVsync for client 3 (isPrimary=0) FrameIndex = 58924 is outrageously early 5950, base 160, flushing
01-06 18:42:29.926  1804 19271 W CompositorClient: firstDisplayVsync for client 3 (isPrimary=0) FrameIndex = 58924 is outrageously early 5950, base 161, flushing
01-06 18:42:29.934  1804 19271 W CompositorClient: firstDisplayVsync for client 3 (isPrimary=0) FrameIndex = 58924 is outrageously early 5950, base 161, flushing
01-06 18:42:29.940  1804 19271 W CompositorClient: firstDisplayVsync for client 3 (isPrimary=0) FrameIndex = 58924 is outrageously early 5950, base 162, flushing
01-06 18:42:29.948  1804 19271 W CompositorClient: firstDisplayVsync for client 3 (isPrimary=0) FrameIndex = 58924 is outrageously early 5950, base 162, flushing
01-06 18:42:29.954  1804 19271 W CompositorClient: firstDisplayVsync for client 3 (isPrimary=0) FrameIndex = 58924 is outrageously early 5950, base 163, flushing
01-06 18:42:29.956   860 19309 I [CT]    : MIXEDREALITY: ServiceLogic: sendMrEngine: Pause
01-06 18:42:29.956   860 19309 I [CT]    : MIXEDREALITY: ServiceLogic: Camera Thread has now tid -1
01-06 18:42:29.962  1804 19271 W CompositorClient: firstDisplayVsync for client 3 (isPrimary=0) FrameIndex = 58924 is outrageously early 5950, base 163, flushing
01-06 18:42:29.967  1804 19271 W CompositorClient: firstDisplayVsync for client 3 (isPrimary=0) FrameIndex = 58924 is outrageously early 5950, base 164, flushing
01-06 18:42:29.976  1804 19271 W CompositorClient: firstDisplayVsync for client 3 (isPrimary=0) FrameIndex = 58924 is outrageously early 5950, base 164, flushing
01-06 18:42:29.981  1804 19271 W CompositorClient: firstDisplayVsync for client 3 (isPrimary=0) FrameIndex = 58924 is outrageously early 5950, base 165, flushing
01-06 18:42:29.990  1804 19271 W CompositorClient: firstDisplayVsync for client 3 (isPrimary=0) FrameIndex = 58924 is outrageously early 5950, base 165, flushing
01-06 18:42:29.995  1804 19271 W CompositorClient: firstDisplayVsync for client 3 (isPrimary=0) FrameIndex = 58924 is outrageously early 5950, base 166, flushing
01-06 18:42:30.004  1804 19271 W CompositorClient: firstDisplayVsync for client 3 (isPrimary=0) FrameIndex = 58924 is outrageously early 5950, base 166, flushing
01-06 18:42:30.009  1804 19271 W CompositorClient: firstDisplayVsync for client 3 (isPrimary=0) FrameIndex = 58924 is outrageously early 5950, base 167, flushing
01-06 18:42:30.011   864  8442 I chatty  : uid=1000(system) Binder:864_5 identical 5 lines
01-06 18:42:30.018  1804 19271 W CompositorClient: firstDisplayVsync for client 3 (isPrimary=0) FrameIndex = 58924 is outrageously early 5950, base 167, flushing
01-06 18:42:30.022  2954  3062 I [CT]    : GuardianMapDataMgr: CheckRelocalizationStatus: Relocalization done
01-06 18:42:30.022  1804  3059 I VrRuntimeService: RuntimeServiceSDKServer::SetGuardianSystemState: 3219182184
01-06 18:42:30.022  2954  3062 I GuardianSystem: UpdateGuardianSystemState: Flags changed: 528384, 524288, SYSTEM_RELOCALIZING,SYSTEM_GUARDIAN_VALID to SYSTEM_GUARDIAN_VALID
01-06 18:42:30.022  2954  3062 I GuardianSystem: UpdateLocalSpaceToCurrentPose
01-06 18:42:30.022  1804  3059 I VrRuntimeService: RuntimeServiceSDKServer::UpdateLocalSpace
01-06 18:42:30.022  1804  3059 I VrRuntimeServer: UpdateLocalSpace: Src: 3, Version: 80, VersionUser: 0, RawFloorHeightOld: -1.457830, RawFloorHeightNew: -1.457830
01-06 18:42:30.023  2954  3062 I GuardianSystem: UpdateSystem: Responding to local space version number change.
01-06 18:42:30.023  2954  3062 I GuardianSurfaceMgr: ForceShowSurfaceBounds: Soft fade out: currentTime 17932.82, ForceShowTime 17933.82, ForceShowFadeTime 17934.82
01-06 18:42:30.023  2954  3062 I GuardianSystem: ForceShowGuardian: false, 1.00
01-06 18:42:30.023  1804 19271 W CompositorClient: firstDisplayVsync for client 3 (isPrimary=0) FrameIndex = 58924 is outrageously early 5950, base 168, flushing
01-06 18:42:30.030  1804  2851 I PerformanceManager_V0: SetClockLevels: Apply pending clock request change: 3,3 -> 4,3
01-06 18:42:30.030  1804  2847 I Clocks  : ReleaseClocks - start
01-06 18:42:30.031  1804  2847 I Clocks  : ReleaseClocks - end (0.3 ms)
01-06 18:42:30.031  1804  2847 I Clocks  : LockClocks( cpu=4, gpu=3 ) - start
01-06 18:42:30.031  1804  2847 I Clocks  : CPU levels [0, 4]
01-06 18:42:30.031  1804  2847 I Clocks  : GPU levels [0, 5]
01-06 18:42:30.031  1804  2847 I Clocks  : LockClocks( cpu=4, gpu=3 ) - end (0.4 ms)
01-06 18:42:30.032  1804 19271 W CompositorClient: firstDisplayVsync for client 3 (isPrimary=0) FrameIndex = 58924 is outrageously early 5950, base 168, flushing
01-06 18:42:30.037  1804 19271 W CompositorClient: firstDisplayVsync for client 3 (isPrimary=0) FrameIndex = 58924 is outrageously early 5950, base 169, flushing
01-06 18:42:30.041 19079 19303 I chatty  : uid=10155(com.YourCompany.PrototypeV4) expire 3 lines
01-06 18:42:30.046  1804 19271 W CompositorClient: firstDisplayVsync for client 3 (isPrimary=0) FrameIndex = 58924 is outrageously early 5950, base 169, flushing
01-06 18:42:30.051  1804 19271 I CompositorVR: SetSchedFifo( tid=19109, pol=3, pri=0 ) succeeded
01-06 18:42:30.051  1804 19271 I CompositorVR: SetSchedFifo( tid=19303, pol=3, pri=0 ) succeeded
01-06 18:42:30.051  1804 19271 I CompositorVR: SetSchedFifo( tid=19196, pol=3, pri=0 ) succeeded
01-06 18:42:30.051  1804 19271 W CompositorClient: firstDisplayVsync for client 3 (isPrimary=0) FrameIndex = 58924 is outrageously early 5950, base 170, flushing
01-06 18:42:30.059   864  8442 W TrackingService: attachClient: found client in attached list
01-06 18:42:30.060  1804 19271 W CompositorClient: firstDisplayVsync for client 3 (isPrimary=0) FrameIndex = 58924 is outrageously early 5950, base 170, flushing
01-06 18:42:30.060   864  1221 W TrackingService: attachClient: found client in attached list
01-06 18:42:30.062  2954  3062 I StateMachine: StateMachine::Update GuardianInitializationStateMachine: finishedRelocalizingEvent -> Valid_NoBlack
01-06 18:42:30.062  2954  3062 I StateMachine: StateMachine::Update ForceShow: forceShowForTime -> ForceShowOnForTime
01-06 18:42:30.065  1804 19271 W CompositorClient: firstDisplayVsync for client 3 (isPrimary=0) FrameIndex = 58924 is outrageously early 5950, base 171, flushing
01-06 18:42:30.074  1804 19271 W CompositorClient: firstDisplayVsync for client 3 (isPrimary=0) FrameIndex = 58924 is outrageously early 5950, base 171, flushing
01-06 18:42:30.079  1804 19271 W CompositorClient: firstDisplayVsync for client 3 (isPrimary=0) FrameIndex = 58924 is outrageously early 5950, base 172, flushing
01-06 18:42:30.088  1804 19271 W CompositorClient: firstDisplayVsync for client 3 (isPrimary=0) FrameIndex = 58924 is outrageously early 5950, base 172, flushing
01-06 18:42:30.093  1804 19271 W CompositorClient: firstDisplayVsync for client 3 (isPrimary=0) FrameIndex = 58924 is outrageously early 5950, base 173, flushing
01-06 18:42:30.101  2954  3062 I GuardianSystem: ForceShowGuardian: false, 3.00
01-06 18:42:30.101  1804 19271 W CompositorClient: firstDisplayVsync for client 3 (isPrimary=0) FrameIndex = 58924 is outrageously early 5950, base 173, flushing
01-06 18:42:30.104  1804  3059 I VrRuntimeService: RuntimeServiceSDKServer::SetGuardianSystemState: 3219182184
01-06 18:42:30.104  2954  3062 I GuardianSystem: UpdateGuardianSystemState: Flags2 changed: 49, 1, SYSTEM_2_DIRECTIONAL_PASSTHROUGH_ENABLED,SYSTEM_2_LOADING_DOTS,SYSTEM_2_SHOULD_PUSH_BLACK to SYSTEM_2_DIRECTIONAL_PASSTHROUGH_ENABLED
01-06 18:42:30.107  1804 19271 W CompositorClient: firstDisplayVsync for client 3 (isPrimary=0) FrameIndex = 58924 is outrageously early 5950, base 174, flushing
01-06 18:42:30.114  1804  2851 I ClientMgr: Stop loading dots from guardian
01-06 18:42:30.114  1804  2851 I VrRuntimeServer: DisableCompositorClient: 0
01-06 18:42:30.114  1804  2851 I CompositorClientMgr: Disable client 0
01-06 18:42:30.114  1804  2851 I CompositorClientMgr: DisableClient: frame flush required: 1
01-06 18:42:30.115  1804 19271 W CompositorClient: firstDisplayVsync for client 3 (isPrimary=0) FrameIndex = 58924 is outrageously early 5950, base 174, flushing
01-06 18:42:30.120  1804 19271 W CompositorClient: firstDisplayVsync for client 3 (isPrimary=0) FrameIndex = 58924 is outrageously early 5950, base 175, flushing
01-06 18:42:30.129  1804 19271 W CompositorClient: firstDisplayVsync for client 3 (isPrimary=0) FrameIndex = 58924 is outrageously early 5950, base 175, flushing
01-06 18:42:30.134  1804 19271 W CompositorClient: firstDisplayVsync for client 3 (isPrimary=0) FrameIndex = 58924 is outrageously early 5950, base 176, flushing
01-06 18:42:30.143  1804 19271 W CompositorClient: firstDisplayVsync for client 3 (isPrimary=0) FrameIndex = 58924 is outrageously early 5950, base 176, flushing
01-06 18:42:30.148  1804 19271 W CompositorClient: firstDisplayVsync for client 3 (isPrimary=0) FrameIndex = 58924 is outrageously early 5950, base 177, flushing
01-06 18:42:30.157  1804 19271 W CompositorClient: firstDisplayVsync for client 3 (isPrimary=0) FrameIndex = 58924 is outrageously early 5950, base 177, flushing
01-06 18:42:30.162  1804 19271 W CompositorClient: firstDisplayVsync for client 3 (isPrimary=0) FrameIndex = 58924 is outrageously early 5950, base 178, flushing
01-06 18:42:30.171  1804 19271 W CompositorClient: firstDisplayVsync for client 3 (isPrimary=0) FrameIndex = 58924 is outrageously early 5950, base 178, flushing
01-06 18:42:30.176  1804 19271 W CompositorClient: firstDisplayVsync for client 3 (isPrimary=0) FrameIndex = 58924 is outrageously early 5950, base 179, flushing
01-06 18:42:30.185  1804 19271 W CompositorClient: firstDisplayVsync for client 3 (isPrimary=0) FrameIndex = 58924 is outrageously early 5950, base 179, flushing
01-06 18:42:30.190  1804 19271 W CompositorClient: firstDisplayVsync for client 3 (isPrimary=0) FrameIndex = 58924 is outrageously early 5950, base 180, flushing
01-06 18:42:30.199  1804 19271 W CompositorClient: firstDisplayVsync for client 3 (isPrimary=0) FrameIndex = 58924 is outrageously early 5950, base 180, flushing
01-06 18:42:30.204  1804 19271 W CompositorClient: firstDisplayVsync for client 3 (isPrimary=0) FrameIndex = 58924 is outrageously early 5950, base 181, flushing
01-06 18:42:30.213  1804 19271 W CompositorClient: firstDisplayVsync for client 3 (isPrimary=0) FrameIndex = 58924 is outrageously early 5950, base 181, flushing
01-06 18:42:30.218  1804 19271 W CompositorClient: firstDisplayVsync for client 3 (isPrimary=0) FrameIndex = 58924 is outrageously early 5950, base 182, flushing
01-06 18:42:30.223  1804  3059 I VrRuntimeService: RuntimeServiceSDKServer::SetGuardianSystemState: 3219182184
01-06 18:42:30.224  2954  3062 I GuardianSystem: UpdateGuardianSystemState: Flags changed: 524288, 532480, SYSTEM_GUARDIAN_VALID to SYSTEM_GUARDIAN_VISIBLE,SYSTEM_GUARDIAN_VALID
01-06 18:42:30.227  1804 19271 W CompositorClient: firstDisplayVsync for client 3 (isPrimary=0) FrameIndex = 58924 is outrageously early 5950, base 182, flushing
01-06 18:42:30.232  1804 19271 W CompositorClient: firstDisplayVsync for client 3 (isPrimary=0) FrameIndex = 58924 is outrageously early 5950, base 183, flushing
01-06 18:42:30.236  2954  3277 I VrRuntimeClient: UpdateEvents: HMT was mounted
01-06 18:42:30.244  1687  3207 I [CT]    : MIXEDREALITY: MrServiceModel: Hibernating caller (most likely rendering thread) due to commandQueue being empty.
01-06 18:42:30.246  1804 19271 I CompositorProgs: [0x710b538710] Built layerProgram 0:0x100000048082:0x0 in 5.6 ms
01-06 18:42:30.247  1804 19271 I CompositorVR: SetSchedFifo( tid=3207, pol=5, pri=1 ) succeeded
01-06 18:42:30.248  1804 19271 I CompositorVR: SetSchedFifo( tid=3062, pol=5, pri=1 ) succeeded
01-06 18:42:30.248  1804 19271 I CompositorVR: SetSchedFifo( tid=3277, pol=5, pri=1 ) succeeded
01-06 18:42:30.248  1804 19271 I CompositorVR: SetSchedFifo( tid=3320, pol=5, pri=1 ) succeeded
01-06 18:42:30.357  1804 19271 I CompositorVR: SetSchedFifo( tid=3207, pol=2, pri=0 ) succeeded
01-06 18:42:30.437  1804 19271 I CompositorProgs: loaded binary layerProgram 0:0x48003:0x0 in 1.3 ms
01-06 18:42:30.496   864  1221 I chatty  : uid=1000(system) Binder:864_4 identical 12 lines
01-06 18:42:30.534   864  1221 W TrackingService: attachClient: found client in attached list
01-06 18:42:30.535   864  8442 W TrackingService: attachClient: found client in attached list
01-06 18:42:30.539 19079 19283 I chatty  : uid=10155(com.YourCompany.PrototypeV4) expire 1 line
01-06 18:42:30.579   864  8442 W TrackingService: attachClient: found client in attached list
01-06 18:42:30.615   864  1221 W TrackingService: attachClient: found client in attached list
01-06 18:42:30.640 19079 19109 D UE4     : [2023.01.06-18.42.30:640][  0]LogAndroidEvents: Display: LogAndroidEvents::DequeueAppEvent : 10, [width=-1, height=-1], APP_EVENT_STATE_WINDOW_LOST_FOCUS
01-06 18:42:30.640 19079 19109 D UE4     : FAppEventManager::Tick processing, 10
01-06 18:42:30.640 19079 19109 D UE4     : [2023.01.06-18.42.30:640][  0]LogAndroidEvents: Display: LogAndroidEvents::DequeueAppEvent : 6, [width=-1, height=-1], APP_EVENT_STATE_ON_PAUSE
01-06 18:42:30.640 19079 19109 D UE4     : FAppEventManager::Tick processing, 6
01-06 18:42:30.640 19079 19109 D UE4     : [2023.01.06-18.42.30:640][  0]LogVulkanRHI: FVulkanPipelineStateCacheManager: skipped saving because we only save if the PSOFC based one failed to load.
01-06 18:42:30.640 19079 19109 D UE4     : [2023.01.06-18.42.30:640][  0]LogAndroidEvents: Display: LogAndroidEvents::DequeueAppEvent : 15, [width=-1, height=-1], APP_EVENT_RUN_CALLBACK
01-06 18:42:30.640 19079 19109 D UE4     : FAppEventManager::Tick processing, 15
01-06 18:42:30.640 19079 19109 D UE4     : [2023.01.06-18.42.30:640][  0]LogAndroidEvents: Display: Event thread callback running.
01-06 18:42:30.640 19079 19109 D UE4     : [2023.01.06-18.42.30:640][  0]LogAndroid: performing app backgrounding callback. 0xac29db40
01-06 18:42:30.722   864  1221 I chatty  : uid=1000(system) Binder:864_4 identical 3 lines
01-06 18:42:30.767   864  1221 W TrackingService: attachClient: found client in attached list
01-06 18:42:30.768   864  8442 W TrackingService: attachClient: found client in attached list
01-06 18:42:30.859  1804 19271 I CompositorProgs: [0x710b538710] Built layerProgram 0:0x100000048002:0x0 in 5.2 ms
01-06 18:42:30.984   864  8442 I chatty  : uid=1000(system) Binder:864_5 identical 5 lines
01-06 18:42:31.024   864  8442 W TrackingService: attachClient: found client in attached list
01-06 18:42:31.026   864  1221 W TrackingService: attachClient: found client in attached list
01-06 18:42:31.036 19079 19188 I VrApi   : FPS=2/72,Prd=31ms,Tear=0,Early=2,Stale=71,VSnc=1,Lat=1,Fov=0,CPU4/GPU=4/3,1478/490MHz,OC=FF,TA=0/70/70,SP=N/F/F,Mem=1353MHz,Free=1776MB,PLS=0,Temp=27.5C/0.0C,TW=1.07ms,App=0.04ms,GD=0.00ms,CPU&GPU=1.70ms,LCnt=3(DR0,LM2),GPU%=0.14,CPU%=0.25(W0.55),DSF=1.00,CFL=19.56/21.36
01-06 18:42:31.069   864  1221 I chatty  : uid=1000(system) Binder:864_4 identical 1 line
01-06 18:42:31.114   864  1221 W TrackingService: attachClient: found client in attached list
01-06 18:42:31.129  1052  2105 D WificondControl: Scan result ready event
01-06 18:42:31.156   864  8442 W TrackingService: attachClient: found client in attached list
01-06 18:42:31.683   864  8442 I chatty  : uid=1000(system) Binder:864_5 identical 16 lines
01-06 18:42:31.725   864  8442 W TrackingService: attachClient: found client in attached list
01-06 18:42:31.726   864  1221 W TrackingService: attachClient: found client in attached list
01-06 18:42:31.741 19079 19109 D UE4     : [2023.01.06-18.42.31:741][  0]LogCore: Display: AppLifetime: Application will deactivate
01-06 18:42:31.744 19079 19303 D OVRPlugin: Leaving VR mode.
01-06 18:42:31.744 19079 19303 I VrApi   : ---------- vrapi_LeaveVrMode [start] ----------
01-06 18:42:31.745 19079 19303 I XrRuntimeUtils: XrRuntimeUtils::EndSession
01-06 18:42:31.745  1687  3939 I [CT]    : MIXEDREALITY: MrServiceController: VrFocusManager::Top Activity Changed, topActivity now is: 'com.oculus.shellenv', immersiveApp now is: ''.
01-06 18:42:31.745  1687  3939 I [CT]    : MIXEDREALITY: MrServiceController: VrFocusManager::Top Activity Changed, topActivity now is: 'com.oculus.shellenv', immersiveApp now is: ''.
01-06 18:42:31.747 19079 19303 D VrApi   : targetSDKVersion 29
01-06 18:42:31.749 19079 19303 I VrRuntimeClient: DEVICE MODEL NUMBER = Quest
01-06 18:42:31.749 19079 19303 I VrRuntimeClient: DEVICE BUILD NAME = user-49068160412800150
01-06 18:42:31.749 19079 19303 I VrRuntimeClient: DEVICE BUILD TYPE = user
01-06 18:42:31.749 19079 19303 I VrRuntimeClient: DEVICE OS VERSION = 10
01-06 18:42:31.749 19079 19303 I VrRuntimeClient: API LOADER VERSION = 1.44.0
01-06 18:42:31.749  1687  3207 I [CT]    : MIXEDREALITY: MrServiceModel: Hibernating caller (most likely rendering thread) due to commandQueue being empty.
01-06 18:42:31.749 19079 19303 I VrRuntimeClient: RUNTIME API VERSION = 1.64.0
01-06 18:42:31.749 19079 19303 I VrRuntimeClient: RUNTIME VERSION = 47.0.0.282.341 Nov 25 2022 14:16:37 RELEASE
01-06 18:42:31.749 19079 19303 I VrRuntimeClient: APP NAME = PrototypeV4
01-06 18:42:31.749 19079 19303 I VrRuntimeClient: APP VERSION = 1.0 versionCode 1 internalVersionName <none>
01-06 18:42:31.749 19079 19303 I VrRuntimeClient: APP VR TYPE = <none>
01-06 18:42:31.749 19079 19303 I VrRuntimeClient: APP MODE TYPE = VR
01-06 18:42:31.749 19079 19303 I VrRuntimeClient: APP PACKAGE NAME = com.YourCompany.PrototypeV4
01-06 18:42:31.749 19079 19303 I VrRuntimeClient: APP ACTIVITY CLASS = com.epicgames.ue4.GameActivity
01-06 18:42:31.749 19079 19303 D BatteryReceiver: Unregistering battery receiver
01-06 18:42:31.749  1804 19271 I CompositorVR: SetSchedFifo( tid=3207, pol=5, pri=1 ) succeeded
01-06 18:42:31.749 19079 19303 I Sensor  : OSSDKTRACKING Shutdown tracking
01-06 18:42:31.749 19079 19303 I LogTimer: CPUTIME: VrRuntimeClient_EndSession took 3.9318 ms
01-06 18:42:31.753 19079 19188 I VrApi   : FPS=73/72,Prd=48ms,Tear=0,Early=72,Stale=0,VSnc=1,Lat=1,Fov=0,CPU4/GPU=4/3,1478/490MHz,OC=FF,TA=0/70/70,SP=N/F/F,Mem=1353MHz,Free=1776MB,PLS=0,Temp=27.5C/0.0C,TW=1.71ms,App=0.00ms,GD=0.13ms,CPU&GPU=0.24ms,LCnt=2(DR0,LM0),GPU%=0.15,CPU%=0.02(W0.05),DSF=1.00,CFL=19.66/22.16
01-06 18:42:31.754 19079 19303 I VrApi   : OVR::Stats thread stopped
01-06 18:42:31.754 19079 19303 I InputDeviceManager: ovrInputDeviceManager::~ovrInputDeviceManager
01-06 18:42:31.754 19079 19303 I InputDevice_TrackedRemote: OSSDKTRACKING shutting down Haptics
01-06 18:42:31.754 19079 19303 I InputDevice_TrackedRemote: OSSDKTRACKING shutting down Haptics
01-06 18:42:31.754 19079 19303 I OSHandDataQuerier: OSSDKTRACKING shutting down HandsTracker
01-06 18:42:31.754 19079 19303 I OSHandDataQuerier: OSSDKTRACKING shutting down HandsTracker
01-06 18:42:31.754 19079 19303 D OsSdk   : TrackingServiceConnection dtor
01-06 18:42:31.754   864  1221 I TrackingService: Unregistering client by ITrackingService.unregisterClient
01-06 18:42:31.754   864  1221 I TrackingService: Failed to unregister client because client not found in registered list
01-06 18:42:31.754   864  1221 I chatty  : uid=1000(system) Binder:864_4 identical 7 lines
01-06 18:42:31.754   864  1221 I TrackingService: Failed to unregister client because client not found in registered list
01-06 18:42:31.754   864  1221 D TrackingService: unregister: com.YourCompany.PrototypeV4
01-06 18:42:31.754 19079 19303 D OsSdk   : TrackingServiceConnection unregistered
01-06 18:42:31.767   864  1221 W TrackingService: attachClient: found client in attached list
01-06 18:42:31.768 19079 19185 I ClientInputThread_Internal: InputThreadRun ShutdownRequest received
01-06 18:42:31.768 19079 19303 I InputHooks_Internal: Disabling Native Input Hooks
01-06 18:42:31.768 19079 19303 I ClientInputTrackedKeyboardManager: TRACKEDKEYBOARD ClearTrackedObjectManager called on client
01-06 18:42:31.768  1804 19152 I VrRuntimeService: RuntimeServiceSDKServer::EnableRendering: 0x0, 0, com.YourCompany.PrototypeV4
01-06 18:42:31.768  1804 19152 I ClientMgr: ClientMgr::EnableRendering 19079:com.YourCompany.PrototypeV4 : type 0 comp-id 29: disable
01-06 18:42:31.768  1804 19152 I VrRuntimeServer: DisableCompositorClient: 29
01-06 18:42:31.768  1804 19152 I CompositorClientMgr: Disable client 29
01-06 18:42:31.768  1804 19152 I CompositorClientMgr: DisableClient: frame flush required: 1
01-06 18:42:31.770  1804  2851 I ClientMgr: Non-overlay clients rendering status has changed: prev=133, curr=134, enabled=0
01-06 18:42:31.778  1804 19271 W CompositorClient: WarpToScreen: No completed frames to display for primary client 29. submittedFrameIndex = 152
01-06 18:42:31.779  1804  2851 I CompositorClientMgr: Enable client 0
01-06 18:42:31.779  1804  2851 I VrRuntimeServer: EnableCompositorClient client(0): layer placement(2147483643) flags(8) sm(0x7113bc5160)
01-06 18:42:31.779  1804 19152 I UnifiedTelemetryWrapper: Stopped UT session render:com.YourCompany.PrototypeV4
01-06 18:42:31.779 19079 19196 I FenceChecker: FenceChecker::MainLoop - ended
01-06 18:42:31.779 19079 19303 I XrRuntimeUtils: XrRuntimeUtils::DestroySession
01-06 18:42:31.779 19079 19303 I VrApi   : ---------- vrapi_LeaveVrMode [end] ----------
01-06 18:42:31.779 19079 19303 D OVRPlugin: Reset m_session to nullptr
01-06 18:42:31.780 19079 19109 D UE4     : [GameActivity] Unregistering volume receiver
01-06 18:42:31.780 19079 19109 D UE4     : [GameActivity] Unregistering battery receiver
01-06 18:42:31.780 19079 19109 D UE4     : [GameActivity] Unregistering headset receiver
01-06 18:42:31.781 19079 19109 D UE4     : [2023.01.06-18.42.31:781][  0]LogCore: Display: AppLifetime: Application will enter background
01-06 18:42:31.781 19079 19109 D UE4     : [2023.01.06-18.42.31:781][  0]LogTemp: Android pause audio
01-06 18:42:31.781 19079 19109 D UE4     : [2023.01.06-18.42.31:781][  0]LogAudioMixerAndroid: Display: Suspending android audio renderer
01-06 18:42:31.781 19079 19109 D         : PlayerBase::pause() from IPlayer
01-06 18:42:31.782 19079 19109 D UE4     : [2023.01.06-18.42.31:782][  0]LogOcInput: OculusInput is initialized
01-06 18:42:31.782 19079 19109 D UE4     : [2023.01.06-18.42.31:782][  0]LogHMD: FSplash::DoHide
01-06 18:42:31.782 19079 19110 D UE4     : [2023.01.06-18.42.31:781][  0]LogAndroid: Blocking renderer on invalid window.
01-06 18:42:31.783 19079 19109 D UE4     : [2023.01.06-18.42.31:783][  0]LogHMD: Error: FOculusHMDModule::GetPluginWrapper().WaitToBeginFrame 153 failed (-1003)
01-06 18:42:31.783 19079 19303 D UE4     : [2023.01.06-18.42.31:783][  0]LogAndroid: Blocking renderer
01-06 18:42:31.783 19079 19303 D UE4     : [2023.01.06-18.42.31:783][  0]LogAndroid: RendererBlock release window callback
01-06 18:42:31.783 19079 19303 D UE4     : [2023.01.06-18.42.31:783][  0]LogVulkanRHI: Destroy swapchain ... 
01-06 18:42:31.783 19079 19110 D UE4     : [2023.01.06-18.42.31:783][  0]LogAndroid: Waiting for renderer to encounter blocking command.
01-06 18:42:31.783 19079 19110 D UE4     : LogAndroidEvents::EnqueueAppEvent : 13, [width=-1, height=-1], tid = 19110, APP_EVENT_STATE_APP_SUSPENDED
01-06 18:42:31.783  1281  1281 V AvrcpMediaPlayerList: onPlaybackConfigChanged(): Configs list size=10
01-06 18:42:31.783 19079 19110 D UE4     : Case APP_CMD_RESUME
01-06 18:42:31.783 19079 19110 D UE4     : [2023.01.06-18.42.31:783][  0]LogAndroid: Case APP_CMD_RESUME
01-06 18:42:31.783 19079 19110 D UE4     : LogAndroidEvents::EnqueueAppEvent : 7, [width=-1, height=-1], tid = 19110, APP_EVENT_STATE_ON_RESUME
01-06 18:42:31.783 19079 19079 D UE4     : [GameActivity] onResume: start memory reporter runnable
01-06 18:42:31.783 19079 19079 D UE4     : [GameActivity] === Restoring Transparent Bars ===
01-06 18:42:31.784 19079 19079 D UE4     : [GameActivity] ==============> [JAVA] AndroidThunkJava_KeepScreenOn(false) - Enabled screen saver
01-06 18:42:31.784 19079 19079 D UE4     : [GameActivity] ==============> [JAVA] AndroidThunkJava_DisableScreenCapture(false) - Enabled screen captures
01-06 18:42:31.784 19079 19079 D UE4     : App is running in Landscape
01-06 18:42:31.784 19079 19079 D UE4     : [GameActivity] === Restoring Transparent Bars ===
01-06 18:42:31.784 19079 19079 D UE4     : [GameActivity] ==============> Resuming main init
01-06 18:42:31.784 19079 19079 D UE4     : [GameActivity] ==============> GameActive.onResume complete!
01-06 18:42:31.786 19079 19110 D UE4     : [2023.01.06-18.42.31:786][  0]LogAndroid: Case APP_CMD_GAINED_FOCUS
01-06 18:42:31.786 19079 19110 D UE4     : LogAndroidEvents::EnqueueAppEvent : 11, [width=-1, height=-1], tid = 19110, APP_EVENT_STATE_WINDOW_GAINED_FOCUS
01-06 18:42:31.786 19079 19110 D UE4     : [2023.01.06-18.42.31:786][  0]LogAndroid: event thread, activate app, unlocking HW window
01-06 18:42:31.786 19079 19110 D UE4     : LogAndroidEvents::EnqueueAppEvent : 14, [width=-1, height=-1], tid = 19110, APP_EVENT_STATE_APP_ACTIVATED
01-06 18:42:31.786 19079 19110 D UE4     : LogAndroidEvents::EnqueueAppEvent : 15, [width=-1, height=-1], tid = 19110, APP_EVENT_RUN_CALLBACK
01-06 18:42:31.786 19079 19303 D UE4     : [2023.01.06-18.42.31:786][  0]LogAndroid: RendererBlock acquired window lock
01-06 18:42:31.786 19079 19303 D UE4     : [2023.01.06-18.42.31:786][  0]LogVulkanRHI: Recreate swapchain ... 
01-06 18:42:31.787 19079 19303 D UE4     : [2023.01.06-18.42.31:787][  0]LogAndroid: RendererBlock updating window
01-06 18:42:31.787 19079 19303 D UE4     : [2023.01.06-18.42.31:787][  0]LogAndroid: RendererBlock released window lock
01-06 18:42:31.787 19079 19109 D UE4     : [2023.01.06-18.42.31:787][  0]LogAndroid: Mobile HDR: no
01-06 18:42:31.788  1804 19271 I CompositorProgs: loaded binary layerProgram 0:0x100000048082:0x0 in 1.3 ms
01-06 18:42:31.788 19079 19109 D UE4     : [2023.01.06-18.42.31:788][  0]LogHMD: Setting user focus to game viewport since session status is visible...
01-06 18:42:31.788 19079 19109 D OVRPlugin: User present: 1
01-06 18:42:31.788 19079 19109 D UE4     : [2023.01.06-18.42.31:788][  0]LogAndroid: Display: Low Power Mode Changed: 0
01-06 18:42:31.790 19079 19303 D UE4     : [2023.01.06-18.42.31:790][  0]LogHMD: Error: FOculusHMDModule::GetPluginWrapper().BeginFrame4 153 failed (-1003)
01-06 18:42:31.793   730   730 D msm8974_platform: platform_split_snd_device: snd_device(22) num devices(1) new_snd_devices(0)
01-06 18:42:31.793   730   730 D ACDB-LOADER: ACDB -> send_audvoltable
01-06 18:42:31.793   730   730 D ACDB-LOADER: ACDB -> ACDB_CMD_GET_AUDPROC_INSTANCE_GAIN_DEP_STEP_TABLE_SIZE
01-06 18:42:31.793   730   730 D         : Failed to fetch the lookup information of the device 0000000F 
01-06 18:42:31.793   730   730 D ACDB-LOADER: Error: ACDB_CMD_GET_AUDPROC_INSTANCE_GAIN_DEP_STEP_TABLE_SIZE Returned = -19
01-06 18:42:31.793   730   730 D ACDB-LOADER: ACDB -> ACDB_CMD_GET_AUDPROC_INSTANCE_GAIN_DEP_STEP_TABLE, vol index 1
01-06 18:42:31.793   730   730 D         : Failed to fetch the lookup information of the device 0000000F 
01-06 18:42:31.793   730   730 D ACDB-LOADER: Error: ACDB AudProc vol returned = -19
01-06 18:42:31.793   730   730 D ACDB-LOADER: ACDB -> AUDIO_SET_VOL_CAL cal type = 40
01-06 18:42:31.794 19079 19303 D UE4     : [2023.01.06-18.42.31:794][  0]LogHMD: Allocating Oculus 45 x 50 variable resolution swapchain
01-06 18:42:31.794 19079 19303 D UE4     : [2023.01.06-18.42.31:794][  0]LogHMD: Warning: 45 x 50 variable resolution swapchain is not a divider of 1440 x 1584 color swapchain, potential edge problems
01-06 18:42:31.860  1804 19271 I CompositorVR: SetSchedFifo( tid=3207, pol=2, pri=0 ) succeeded
01-06 18:42:31.874   730   730 D msm8974_platform: platform_split_snd_device: snd_device(22) num devices(1) new_snd_devices(0)
01-06 18:42:31.874   730   730 D ACDB-LOADER: ACDB -> send_audvoltable
01-06 18:42:31.874   730   730 D ACDB-LOADER: ACDB -> ACDB_CMD_GET_AUDPROC_INSTANCE_GAIN_DEP_STEP_TABLE_SIZE
01-06 18:42:31.874   730   730 D         : Failed to fetch the lookup information of the device 0000000F 
01-06 18:42:31.874   730   730 D ACDB-LOADER: Error: ACDB_CMD_GET_AUDPROC_INSTANCE_GAIN_DEP_STEP_TABLE_SIZE Returned = -19
01-06 18:42:31.874   730   730 D ACDB-LOADER: ACDB -> ACDB_CMD_GET_AUDPROC_INSTANCE_GAIN_DEP_STEP_TABLE, vol index 0
01-06 18:42:31.874   730   730 D         : Failed to fetch the lookup information of the device 0000000F 
01-06 18:42:31.874   730   730 D ACDB-LOADER: Error: ACDB AudProc vol returned = -19
01-06 18:42:31.874   730   730 D ACDB-LOADER: ACDB -> AUDIO_SET_VOL_CAL cal type = 40
01-06 18:42:31.874   730   851 D msm8974_platform: platform_split_snd_device: snd_device(22) num devices(1) new_snd_devices(0)
01-06 18:42:32.231   864  1221 I chatty  : uid=1000(system) Binder:864_4 identical 13 lines
