01-06 22:13:05.850  8039  8112 D xrstreaming: receive ping: org 0 recv 0 xmt 34983815726400 (received at 2575864037922), offset divergence -399772
01-06 22:13:05.858  8039  8134 E OsSdk   : error getting shared memory region, memory type: HeadTracker, failed with Status(-1, EX_SECURITY): 'requested shared memory region when not registered/focused'
01-06 22:13:05.991  8039  8134 E OsSdk   : error getting shared memory region, memory type: HeadTracker, failed with Status(-1, EX_SECURITY): 'requested shared memory region when not registered/focused'
01-06 22:13:06.035  8039  8134 E OsSdk   : error getting shared memory region, memory type: HeadTracker, failed with Status(-1, EX_SECURITY): 'requested shared memory region when not registered/focused'
01-06 22:13:06.037  8039  8134 E OsSdk   : error getting shared memory region, memory type: AnchorTracker, failed with Status(-1, EX_SECURITY): 'requested shared memory region when not registered/focused'
01-06 22:13:06.082   862  1031 I chatty  : uid=1000(system) Binder:862_1 identical 7 lines
01-06 22:13:06.085  8039  8134 E OsSdk   : error getting shared memory region, memory type: HeadTracker, failed with Status(-1, EX_SECURITY): 'requested shared memory region when not registered/focused'
01-06 22:13:06.130   862  1031 W TrackingService: attachClient: found client in attached list
01-06 22:13:06.176   862  1634 W TrackingService: attachClient: found client in attached list
01-06 22:13:06.301  8039  8134 E OsSdk   : error getting shared memory region, memory type: HeadTracker, failed with Status(-1, EX_SECURITY): 'requested shared memory region when not registered/focused'
01-06 22:13:06.303  8039  8134 E OsSdk   : error getting shared memory region, memory type: AnchorTracker, failed with Status(-1, EX_SECURITY): 'requested shared memory region when not registered/focused'
01-06 22:13:06.330   862  1208 I [CT]    : Vega:SubmapPublisher: Tracking parent no change: frame movement above thresh -> Publish
01-06 22:13:06.330   862  1634 I chatty  : uid=1000(system) Binder:862_4 identical 5 lines
01-06 22:13:06.330   862  1208 I [CT]    : Vega:SubmapPublisher: Start to publish submaps, found candidates:  3
01-06 22:13:06.330   862  1208 E [CT]    : SubmapRecords: findSubmapId found 2 submap records hold the same query krHandle
01-06 22:13:06.331  8039  8134 E OsSdk   : error getting shared memory region, memory type: HeadTracker, failed with Status(-1, EX_SECURITY): 'requested shared memory region when not registered/focused'
01-06 22:13:06.344   862  1634 W TrackingService: attachClient: found client in attached list
01-06 22:13:06.387   862  1031 W TrackingService: attachClient: found client in attached list
01-06 22:13:06.526  8039  8134 E OsSdk   : error getting shared memory region, memory type: HeadTracker, failed with Status(-1, EX_SECURITY): 'requested shared memory region when not registered/focused'
01-06 22:13:06.527  8039  8134 E OsSdk   : error getting shared memory region, memory type: AnchorTracker, failed with Status(-1, EX_SECURITY): 'requested shared memory region when not registered/focused'
01-06 22:13:06.572  8039  8134 E OsSdk   : error getting shared memory region, memory type: HeadTracker, failed with Status(-1, EX_SECURITY): 'requested shared memory region when not registered/focused'
01-06 22:13:06.577  1943  2154 W DeviceConfigUtil: Try to get config param "oculus_shared_social:oculus_messenger_reauth_removal" before Device Config has subscribed to the service.
01-06 22:13:06.610  8039  8134 E OsSdk   : error getting shared memory region, memory type: HeadTracker, failed with Status(-1, EX_SECURITY): 'requested shared memory region when not registered/focused'
01-06 22:13:06.765  8039  8134 E OsSdk   : error getting shared memory region, memory type: HeadTracker, failed with Status(-1, EX_SECURITY): 'requested shared memory region when not registered/focused'
01-06 22:13:06.767  8039  8134 E OsSdk   : error getting shared memory region, memory type: AnchorTracker, failed with Status(-1, EX_SECURITY): 'requested shared memory region when not registered/focused'
01-06 22:13:06.810  8039  8134 E OsSdk   : error getting shared memory region, memory type: HeadTracker, failed with Status(-1, EX_SECURITY): 'requested shared memory region when not registered/focused'
01-06 22:13:06.850  8039  8112 D xrstreaming: receive ping: org 0 recv 0 xmt 34984816043900 (received at 2576863885057), offset divergence -399772
01-06 22:13:06.852   862  1031 I chatty  : uid=1000(system) Binder:862_1 identical 13 lines
01-06 22:13:06.853  8039  8134 E OsSdk   : error getting shared memory region, memory type: HeadTracker, failed with Status(-1, EX_SECURITY): 'requested shared memory region when not registered/focused'
01-06 22:13:06.896   862  1031 W TrackingService: attachClient: found client in attached list
01-06 22:13:06.936   862  1634 W TrackingService: attachClient: found client in attached list
01-06 22:13:06.984  8039  8134 E OsSdk   : error getting shared memory region, memory type: HeadTracker, failed with Status(-1, EX_SECURITY): 'requested shared memory region when not registered/focused'
01-06 22:13:07.010   862  1634 I chatty  : uid=1000(system) Binder:862_4 identical 2 lines
01-06 22:13:07.012  8039  8134 E OsSdk   : error getting shared memory region, memory type: HeadTracker, failed with Status(-1, EX_SECURITY): 'requested shared memory region when not registered/focused'
01-06 22:13:07.012   862  1634 W TrackingService: attachClient: found client in attached list
01-06 22:13:07.014  8039  8134 E OsSdk   : error getting shared memory region, memory type: AnchorTracker, failed with Status(-1, EX_SECURITY): 'requested shared memory region when not registered/focused'
01-06 22:13:07.041   862  1031 W TrackingService: attachClient: found client in attached list
01-06 22:13:07.043  8039  8134 E OsSdk   : error getting shared memory region, memory type: HeadTracker, failed with Status(-1, EX_SECURITY): 'requested shared memory region when not registered/focused'
01-06 22:13:07.076  8387  8418 I chatty  : uid=10157(com.YourCompany.PrototypeV4) expire 288 lines
01-06 22:13:07.087   862  7828 I [CT]    : CONSTELLATION:IMU_STATUS: 86557c336c360320 (L): [FusionTracked=1.000, OutputTracked=1.000, OutputValid=1.000] [AccelSat=0.000, GyroSat=0.000] 
01-06 22:13:07.088  8039  8134 E OsSdk   : error getting shared memory region, memory type: HeadTracker, failed with Status(-1, EX_SECURITY): 'requested shared memory region when not registered/focused'
01-06 22:13:07.134  8039  8134 E OsSdk   : error getting shared memory region, memory type: HeadTracker, failed with Status(-1, EX_SECURITY): 'requested shared memory region when not registered/focused'
01-06 22:13:07.142  1775  2837 E TREX    : Interface version 1 was not found. Check debug build for more information.
01-06 22:13:07.142   862  7828 I [CT]    : CONSTELLATION:IMU_STATUS: 729165a0fe4054d7 (R): [FusionTracked=1.000, OutputTracked=1.000, OutputValid=1.000] [AccelSat=0.000, GyroSat=0.000] 
01-06 22:13:07.182  8039  8134 E OsSdk   : error getting shared memory region, memory type: HeadTracker, failed with Status(-1, EX_SECURITY): 'requested shared memory region when not registered/focused'
01-06 22:13:07.190  1775  8535 I CompositorVR: SetSchedFifo( tid=8418, pol=2, pri=0 ) succeeded
01-06 22:13:07.190  1775  8535 I CompositorVR: SetSchedFifo( tid=8666, pol=2, pri=0 ) succeeded
01-06 22:13:07.190  1775  8535 I CompositorVR: SetSchedFifo( tid=8669, pol=2, pri=0 ) succeeded
01-06 22:13:07.231  8039  8134 E OsSdk   : error getting shared memory region, memory type: HeadTracker, failed with Status(-1, EX_SECURITY): 'requested shared memory region when not registered/focused'
01-06 22:13:07.280  8039  8134 E OsSdk   : error getting shared memory region, memory type: HeadTracker, failed with Status(-1, EX_SECURITY): 'requested shared memory region when not registered/focused'
01-06 22:13:07.281   862  1031 I chatty  : uid=1000(system) Binder:862_1 identical 6 lines
01-06 22:13:07.286  8039  8134 E OsSdk   : error getting shared memory region, memory type: AnchorTracker, failed with Status(-1, EX_SECURITY): 'requested shared memory region when not registered/focused'
01-06 22:13:07.330   862  1031 W TrackingService: attachClient: found client in attached list
01-06 22:13:07.333  8039  8134 E OsSdk   : error getting shared memory region, memory type: HeadTracker, failed with Status(-1, EX_SECURITY): 'requested shared memory region when not registered/focused'
01-06 22:13:07.376   862  1634 W TrackingService: attachClient: found client in attached list
01-06 22:13:07.447  8039  8134 E OsSdk   : error getting shared memory region, memory type: HeadTracker, failed with Status(-1, EX_SECURITY): 'requested shared memory region when not registered/focused'
01-06 22:13:07.493  8039  8134 E OsSdk   : error getting shared memory region, memory type: HeadTracker, failed with Status(-1, EX_SECURITY): 'requested shared memory region when not registered/focused'
01-06 22:13:07.495  8039  8134 E OsSdk   : error getting shared memory region, memory type: AnchorTracker, failed with Status(-1, EX_SECURITY): 'requested shared memory region when not registered/focused'
01-06 22:13:07.506   862  8523 W [CT]    : TIMESTAMPCHECKER: Nominal rate wrong. Estimated data rate: 25, Nominal is 30.000300003000028
01-06 22:13:07.538  8039  8134 E OsSdk   : error getting shared memory region, memory type: HeadTracker, failed with Status(-1, EX_SECURITY): 'requested shared memory region when not registered/focused'
01-06 22:13:07.633  8039  8134 E OsSdk   : error getting shared memory region, memory type: HeadTracker, failed with Status(-1, EX_SECURITY): 'requested shared memory region when not registered/focused'
01-06 22:13:07.663  1775  8535 I CompositorVR: SetSchedFifo( tid=8418, pol=3, pri=0 ) succeeded
01-06 22:13:07.663  1775  8535 I CompositorVR: SetSchedFifo( tid=8666, pol=3, pri=0 ) succeeded
01-06 22:13:07.664  1775  8535 I CompositorVR: SetSchedFifo( tid=8669, pol=3, pri=0 ) succeeded
01-06 22:13:07.671  1775  2837 I PerformanceManager_V0: SetClockLevels: Apply pending clock request change: 2,3 -> 3,3
01-06 22:13:07.671  1775  2833 I Clocks  : ReleaseClocks - start
01-06 22:13:07.671  1775  2833 I Clocks  : ReleaseClocks - end (0.6 ms)
01-06 22:13:07.671  1775  2833 I Clocks  : LockClocks( cpu=3, gpu=3 ) - start
01-06 22:13:07.672  1775  2833 I Clocks  : CPU levels [0, 4]
01-06 22:13:07.672  1775  2833 I Clocks  : GPU levels [0, 5]
01-06 22:13:07.672  1775  2833 I Clocks  : LockClocks( cpu=3, gpu=3 ) - end (0.5 ms)
01-06 22:13:07.686  8039  8134 E OsSdk   : error getting shared memory region, memory type: HeadTracker, failed with Status(-1, EX_SECURITY): 'requested shared memory region when not registered/focused'
01-06 22:13:07.780  8039  8134 E OsSdk   : error getting shared memory region, memory type: HeadTracker, failed with Status(-1, EX_SECURITY): 'requested shared memory region when not registered/focused'
01-06 22:13:07.782  8039  8134 E OsSdk   : error getting shared memory region, memory type: AnchorTracker, failed with Status(-1, EX_SECURITY): 'requested shared memory region when not registered/focused'
01-06 22:13:07.830  8039  8134 E OsSdk   : error getting shared memory region, memory type: HeadTracker, failed with Status(-1, EX_SECURITY): 'requested shared memory region when not registered/focused'
01-06 22:13:07.850  8039  8112 D xrstreaming: receive ping: org 0 recv 0 xmt 34985816220300 (received at 2577864129692), offset divergence -399772
01-06 22:13:07.879  8039  8134 E OsSdk   : error getting shared memory region, memory type: HeadTracker, failed with Status(-1, EX_SECURITY): 'requested shared memory region when not registered/focused'
01-06 22:13:07.883   862  8523 I [CT]    : VIPER: Mode=SuperVega,Status=6DoF,TRACKING,Inl=24,Mem=90.3,Jit=0.2mm,Issues(Cam/min=0.0,IMU/min=0.0),Exp=(14.0ms,g=15.0,I=67,Ir=323.0)(14.0ms,g=15.0,I=82,Ir=393.6)(14.0ms,g=15.0,I=86,Ir=412.9)(14.0ms,g=15.0,I=73,Ir=351.8)
01-06 22:13:07.883   862  8523 W [CT]    : VIPER: Images too dark, Environment trending to dark, 
01-06 22:13:07.921  8039  8134 E OsSdk   : error getting shared memory region, memory type: HeadTracker, failed with Status(-1, EX_SECURITY): 'requested shared memory region when not registered/focused'
01-06 22:13:07.969  8039  8134 E OsSdk   : error getting shared memory region, memory type: HeadTracker, failed with Status(-1, EX_SECURITY): 'requested shared memory region when not registered/focused'
01-06 22:13:08.014  8039  8134 E OsSdk   : error getting shared memory region, memory type: HeadTracker, failed with Status(-1, EX_SECURITY): 'requested shared memory region when not registered/focused'
01-06 22:13:08.058  8039  8134 E OsSdk   : error getting shared memory region, memory type: HeadTracker, failed with Status(-1, EX_SECURITY): 'requested shared memory region when not registered/focused'
01-06 22:13:08.060  8039  8134 E OsSdk   : error getting shared memory region, memory type: AnchorTracker, failed with Status(-1, EX_SECURITY): 'requested shared memory region when not registered/focused'
01-06 22:13:08.098  8039  8134 E OsSdk   : error getting shared memory region, memory type: HeadTracker, failed with Status(-1, EX_SECURITY): 'requested shared memory region when not registered/focused'
01-06 22:13:08.184  8039  8134 I chatty  : uid=10033(com.oculus.xrstreamingclient) SlamAnchorMem identical 134 lines
01-06 22:13:08.245   862  1208 W [CT]    : VEGA_MAP_BUILDER: Resolved a potential TrackToMapPointAssosiation conflict between tracks 4718677 (index = 72, version = 85) and 9175160 (index = 140, version = 120). Point handle: 1488 0.
01-06 22:13:08.488   862  1208 I [CT]    : VIPER: InternalAnchorHealthMonitor: Anchors: 3 | Persistent anchors: 2 | Anchors never observed: 1
01-06 22:13:08.488   862  1208 I [CT]    :   (min/avg/max) Anchor landmarks: (0|3|8) | Covisible keyframes: (0|3|9) | Times since observation: (0|13.5|27.16)
01-06 22:13:09.222   862  1634 I chatty  : uid=1000(system) Binder:862_4 identical 52 lines
01-06 22:13:09.269   862  1634 W TrackingService: attachClient: found client in attached list
01-06 22:13:09.271   862  1031 W TrackingService: attachClient: found client in attached list
01-06 22:13:09.508   862  1031 I chatty  : uid=1000(system) Binder:862_1 identical 7 lines
01-06 22:13:09.544   862  1031 W TrackingService: attachClient: found client in attached list
01-06 22:13:09.546   862  8523 W [CT]    : TIMESTAMPCHECKER: Nominal rate wrong. Estimated data rate: 25, Nominal is 30.000300003000028
01-06 22:13:09.550  8039  8121 I chatty  : uid=10033(com.oculus.xrstreamingclient) XRS_AudioData expire 1 line
01-06 22:13:09.589   862  1634 W TrackingService: attachClient: found client in attached list
01-06 22:13:10.096   862  1634 I chatty  : uid=1000(system) Binder:862_4 identical 14 lines
01-06 22:13:10.141   862  1634 W TrackingService: attachClient: found client in attached list
01-06 22:13:10.163  1775  2837 I PerformanceManager_V0: SetClockLevels: Apply pending clock request change: 3,3 -> 2,3
01-06 22:13:10.163  1775  2833 I Clocks  : ReleaseClocks - start
01-06 22:13:10.163  1775  2833 I Clocks  : ReleaseClocks - end (0.3 ms)
01-06 22:13:10.163  1775  2833 I Clocks  : LockClocks( cpu=2, gpu=3 ) - start
01-06 22:13:10.163  1775  2833 I Clocks  : CPU levels [0, 4]
01-06 22:13:10.163  1775  2833 I Clocks  : GPU levels [0, 5]
01-06 22:13:10.164  1775  2833 I Clocks  : LockClocks( cpu=2, gpu=3 ) - end (0.4 ms)
01-06 22:13:10.184   862  1031 W TrackingService: attachClient: found client in attached list
01-06 22:13:10.406   862  8529 I [CT]    : CONSTELLATION:VISION_STATUS: 86557c336c360320 (L): BlobDetection:[#BlobsDetected=(22.47, 10.79)]Matching:[MatchSuccess=1.000, MatchCost=(0.00219, 0.00000), #MatchedBlobs=(10.64, 5.63), #MatchedLeds=(6.37, 0.31), RematchM=0.000, SkipRefine=0.000] MatchMethod:[Prox=1.000, ConstBrute=0.000, UnconstBrute=0.000] MatchResets[AnomBlobSize=0.000, SharedMatch=0.000, DenseReacq=0.000] | Fusion:[FusionError=0.000, ImuFromCamMs=(9.047, 0.522), RematchF=0.008] FusionUpdates:[Successful=1.000, Reliable=0.996, TightFusion=1.000, FullPose=0.000, StaticPrior=0.000, StaticForHandTrans=0.036, PoseUpdateMD=(0.0000, 0.0000)] FusionResets[6DoFReset=0.000, ResetSuccess=0.000] FusionStatus[HasPosition=1.000, HasVelocity=1.000] 
01-06 22:13:10.407   862  8529 I [CT]    : CONSTELLATION:VISION_STATUS: 729165a0fe4054d7 (R): BlobDetection:[#BlobsDetected=(22.47, 10.79)]Matching:[MatchSuccess=1.000, MatchCost=(0.00476, 0.00001), #MatchedBlobs=(11.49, 8.93), #MatchedLeds=(6.96, 1.17), RematchM=0.000, SkipRefine=0.044] MatchMethod:[Prox=1.000, ConstBrute=0.000, UnconstBrute=0.000] MatchResets[AnomBlobSize=0.000, SharedMatch=0.000, DenseReacq=0.000] | Fusion:[FusionError=0.000, ImuFromCamMs=(9.128, 0.414), RematchF=0.124] FusionUpdates:[Successful=1.000, Reliable=0.956, TightFusion=0.980, FullPose=0.020, StaticPrior=0.000, StaticForHandTrans=0.000, PoseUpdateMD=(18.9965, 1282.1689)] FusionResets[6DoFReset=0.000, ResetSuccess=0.000] FusionStatus[HasPosition=1.000, HasVelocity=1.000] 
01-06 22:13:10.486   862  1031 I chatty  : uid=1000(system) Binder:862_1 identical 8 lines
01-06 22:13:10.533   862  1031 W TrackingService: attachClient: found client in attached list
01-06 22:13:10.536   862  1634 W TrackingService: attachClient: found client in attached list
01-06 22:13:10.548   862  7795 I [CT]    : boltlib: DSP utilization: 7.18 % (359 / 5000 ms)
01-06 22:13:10.756   862  1634 I chatty  : uid=1000(system) Binder:862_4 identical 5 lines
01-06 22:13:10.803   862  1634 W TrackingService: attachClient: found client in attached list
01-06 22:13:10.806   862  1031 W TrackingService: attachClient: found client in attached list
01-06 22:13:10.839   862  1634 W TrackingService: attachClient: found client in attached list
01-06 22:13:10.886   862  1208 I [CT]    : Vega:SubmapPublisher: Tracking parent no change: frame movement above thresh -> Publish
01-06 22:13:10.887   862  1208 I [CT]    : Vega:SubmapPublisher: Start to publish submaps, found candidates:  3
01-06 22:13:10.887   862  1208 E [CT]    : SubmapRecords: findSubmapId found 2 submap records hold the same query krHandle
01-06 22:13:10.887   862  1208 W [CT]    : Vega:SubmapPublisher: [Throttled count=195] Force publishing an ill-conditioned point.
01-06 22:13:11.017   862  1634 I chatty  : uid=1000(system) Binder:862_4 identical 4 lines
01-06 22:13:11.065   862  1634 W TrackingService: attachClient: found client in attached list
01-06 22:13:11.067   862  1031 W TrackingService: attachClient: found client in attached list
01-06 22:13:11.110   862  1031 I chatty  : uid=1000(system) Binder:862_1 identical 1 line
01-06 22:13:11.118   862  1031 W TrackingService: attachClient: found client in attached list
01-06 22:13:11.166   862  1634 W TrackingService: attachClient: found client in attached list
01-06 22:13:11.278  2853  3581 I Telemetry: App memory usage: PSS=44 MiB, PrivateDirty=31 MiB, PrivateClean=5 MiB, GPU=3.9/4.1 MiB (96% allocated)
01-06 22:13:11.482   862  8523 I [CT]    : VIPER: Mode=SuperVega,Status=6DoF,TRACKING,Inl=24,Mem=90.3,Jit=0.1mm,Issues(Cam/min=0.0,IMU/min=0.0),Exp=(14.0ms,g=15.0,I=69,Ir=328.8)(14.0ms,g=15.0,I=98,Ir=467.5)(14.0ms,g=15.0,I=101,Ir=484.3)(12.3ms,g=15.0,I=74,Ir=404.0)
01-06 22:13:11.482   862  8523 W [CT]    : VIPER: Images too dark, Environment trending to dark, 
01-06 22:13:11.546   862  8523 W [CT]    : TIMESTAMPCHECKER: Nominal rate wrong. Estimated data rate: 25, Nominal is 30.000300003000028
01-06 22:13:12.264  1680  3413 I Telemetry: App memory usage: PSS=25 MiB, PrivateDirty=18 MiB, PrivateClean=1 MiB, GPU=3.3/3.5 MiB (95% allocated)
01-06 22:13:12.338  1775  8461 I VrRuntimeService: DestroySwapChain: swapchain=250
01-06 22:13:12.339  1775  8461 I VrRuntimeService: DestroySwapChain: swapchain=248
01-06 22:13:12.369  1276  1276 V AvrcpMediaPlayerList: onPlaybackConfigChanged(): Configs list size=8
01-06 22:13:12.370  1276  1276 V AvrcpMediaPlayerList: onPlaybackConfigChanged(): Configs list size=7
01-06 22:13:12.439  1775  8535 I CompositorVR: SetSchedFifo( tid=8418, pol=2, pri=0 ) succeeded
01-06 22:13:12.439   867  3600 E VrApiService: Error set scheduler for process 1775 thread 8666 to 2 : No such process (3)
01-06 22:13:12.439  1775  8535 I CompositorVR: SetSchedFifo( tid=8666, pol=2, pri=0 ) succeeded
01-06 22:13:12.439  1775  8535 I CompositorVR: SetSchedFifo( tid=8669, pol=2, pri=0 ) succeeded
01-06 22:13:12.449   731   731 D msm8974_platform: platform_split_snd_device: snd_device(22) num devices(1) new_snd_devices(0)
01-06 22:13:12.449   731   731 D ACDB-LOADER: ACDB -> send_audvoltable
01-06 22:13:12.449   731   731 D ACDB-LOADER: ACDB -> ACDB_CMD_GET_AUDPROC_INSTANCE_GAIN_DEP_STEP_TABLE_SIZE
01-06 22:13:12.449   731   731 D         : Failed to fetch the lookup information of the device 0000000F 
01-06 22:13:12.449   731   731 D ACDB-LOADER: Error: ACDB_CMD_GET_AUDPROC_INSTANCE_GAIN_DEP_STEP_TABLE_SIZE Returned = -19
01-06 22:13:12.449   731   731 D ACDB-LOADER: ACDB -> ACDB_CMD_GET_AUDPROC_INSTANCE_GAIN_DEP_STEP_TABLE, vol index 0
01-06 22:13:12.449   731   731 D         : Failed to fetch the lookup information of the device 0000000F 
01-06 22:13:12.449   731   731 D ACDB-LOADER: Error: ACDB AudProc vol returned = -19
01-06 22:13:12.449   731   731 D ACDB-LOADER: ACDB -> AUDIO_SET_VOL_CAL cal type = 40
01-06 22:13:12.450   731  4309 D msm8974_platform: platform_split_snd_device: snd_device(22) num devices(1) new_snd_devices(0)
01-06 22:13:12.538   862  1634 I chatty  : uid=1000(system) Binder:862_4 identical 40 lines
01-06 22:13:12.577   862  1634 W TrackingService: attachClient: found client in attached list
01-06 22:13:12.623   862  1031 W TrackingService: attachClient: found client in attached list
01-06 22:13:12.900  8039  8134 E OsSdk   : error getting shared memory region, memory type: HeadTracker, failed with Status(-1, EX_SECURITY): 'requested shared memory region when not registered/focused'
01-06 22:13:12.942  8039  8134 E OsSdk   : error getting shared memory region, memory type: HeadTracker, failed with Status(-1, EX_SECURITY): 'requested shared memory region when not registered/focused'
01-06 22:13:12.987   862  1031 I chatty  : uid=1000(system) Binder:862_1 identical 9 lines
01-06 22:13:12.988  8039  8134 E OsSdk   : error getting shared memory region, memory type: HeadTracker, failed with Status(-1, EX_SECURITY): 'requested shared memory region when not registered/focused'
01-06 22:13:13.011  8387  8658 I chatty  : uid=10157(com.YourCompany.PrototypeV4) expire 1 line
01-06 22:13:13.021  8387  8418 I chatty  : uid=10157(com.YourCompany.PrototypeV4) expire 7 lines
01-06 22:13:13.021  8387  8418 D UE4     : 0x00000000C1075B54 libUE4.so(0x00000000071C6B54)!FVulkanDynamicRHI::RHICreateTexture2D(unsigned int, unsigned int, unsigned char, unsigned int, unsigned int, ETextureCreateFlags, ERHIAccess, FRHIResourceCreateInfo&)  []
01-06 22:13:13.021  8387  8418 D UE4     : 0x00000000C1092B10 libUE4.so(0x00000000071E3B10)!FVulkanDynamicRHI::RHICreateTexture2D_RenderThread(FRHICommandListImmediate&, unsigned int, unsigned int, unsigned char, unsigned int, unsigned int, ETextureCreateFlags, ERHIAccess, FRHIResourceCreateInfo&)  []
01-06 22:13:13.021  8387  8418 D UE4     : 0x00000000C29CEA38 libUE4.so(0x0000000008B1FA38)!RHICreateTargetableShaderResource2D(unsigned int, unsigned int, unsigned char, unsigned int, ETextureCreateFlags, ETextureCreateFlags, bool, bool, FRHIResourceCreateInfo&, TRefCountPtr<FRHITexture2D>&, TRefCountPtr<FRHITexture2D>&, unsigned int)  []
01-06 22:13:13.021  8387  8418 D UE4     : 0x00000000C29CD4A8 libUE4.so(0x0000000008B1E4A8)!FRenderTargetPool::FindFreeElementInternal(FRHICommandList&, FPooledRenderTargetDesc const&, char16_t const*, bool, bool)  []
01-06 22:13:13.021  8387  8418 D UE4     : 
01-06 22:13:13.021  8387  8418 D UE4     : 
01-06 22:13:13.031   862  1031 W TrackingService: attachClient: found client in attached list
01-06 22:13:13.033  8039  8134 E OsSdk   : error getting shared memory region, memory type: HeadTracker, failed with Status(-1, EX_SECURITY): 'requested shared memory region when not registered/focused'
01-06 22:13:13.034   862  1634 W TrackingService: attachClient: found client in attached list
01-06 22:13:13.035  8039  8134 E OsSdk   : error getting shared memory region, memory type: AnchorTracker, failed with Status(-1, EX_SECURITY): 'requested shared memory region when not registered/focused'
01-06 22:13:13.051  8387  8418 D UE4     : [2023.01.06-22.13.13:051][497]LogVulkanRHI: Warning:  ** LEAK 008 [006f9000-00030000] 196608  Image 
01-06 22:13:13.051  8387  8418 D UE4     : 
01-06 22:13:13.051  8387  8418 D UE4     : 0x00000000C10DC6BC libUE4.so(0x000000000722D6BC)!FAndroidPlatformStackWalk::CaptureStackBackTrace(unsigned long long*, unsigned int, void*)  []
01-06 22:13:13.051  8387  8418 D UE4     : 0x00000000C0FFB288 libUE4.so(0x000000000714C288)!VulkanRHI::FVulkanSubresourceAllocator::TryAllocate2(VulkanRHI::FVulkanAllocation&, FVulkanEvictable*, unsigned int, unsigned int, VulkanRHI::EVulkanAllocationMetaType, char const*, unsigned int)  []
01-06 22:13:13.051  8387  8418 D UE4     : 0x00000000C0FFC110 libUE4.so(0x000000000714D110)!VulkanRHI::FVulkanResourceHeap::AllocateResource(VulkanRHI::FVulkanAllocation&, FVulkanEvictable*, VulkanRHI::EType, unsigned int, unsigned int, bool, bool, VulkanRHI::EVulkanAllocationMetaType, bool, char const*, unsigned int)  []
01-06 22:13:13.051  8387  8418 D UE4     : 0x00000000C1001C00 libUE4.so(0x0000000007152C00)!VulkanRHI::FMemoryManager::AllocateImageMemory(VulkanRHI::FVulkanAllocation&, FVulkanEvictable*, VkMemoryRequirements const&, unsigned int, VulkanRHI::EVulkanAllocationMetaType, bool, char const*, unsigned int)  []
01-06 22:13:13.051  8387  8418 D UE4     : 0x00000000C1073A2C libUE4.so(0x00000000071C4A2C)!FVulkanSurface::FVulkanSurface(FVulkanDevice&, FVulkanEvictable*, VkImageViewType, EPixelFormat, unsigned int, unsigned int, unsigned int, unsigned int, unsigned int, unsigned int, ETextureCreateFlags, ERHIAccess, FRHIResourceCreateInfo const&)  []
01-06 22:13:13.051  8387  8418 D UE4     : 0x00000000C10790F0 libUE4.so(0x00000000071CA0F0)!FVulkanTextureBase::FVulkanTextureBase(FVulkanDevice&, VkImageViewType, EPixelFormat, unsigned int, unsigned int, unsigned int, unsigned int, unsigned int, unsigned int, ETextureCreateFlags, ERHIAccess, FRHIResourceCreateInfo const&)  []
01-06 22:13:13.051  8387  8418 D UE4     : 0x00000000C107C8CC libUE4.so(0x00000000071CD8CC)!FVulkanDynamicRHI::RHICreateTextureCube(unsigned int, unsigned char, unsigned int, ETextureCreateFlags, ERHIAccess, FRHIResourceCreateInfo&)  []
01-06 22:13:13.051  8387  8418 D UE4     : 0x00000000C10930DC libUE4.so(0x00000000071E40DC)!FVulkanDynamicRHI::RHICreateTextureCube_RenderThread(FRHICommandListImmediate&, unsigned int, unsigned char, unsigned int, ETextureCreateFlags, ERHIAccess, FRHIResourceCreateInfo&)  []
01-06 22:13:13.051  8387  8418 D UE4     : 0x00000000C5E2A20C libUE4.so(0x000000000BF7B20C)!FTextureCubeResource::InitRHI()  []
01-06 22:13:13.051  8387  8418 D UE4     : 0x00000000C29C3D14 libUE4.so(0x0000000008B14D14)!FRenderResource::InitResource()  []
01-06 22:13:13.051  8387  8418 D UE4     : 
01-06 22:13:13.051  8387  8418 D UE4     : 
01-06 22:13:13.051  8387  8418 D UE4     : [2023.01.06-22.13.13:051][497]LogVulkanRHI: Display: /******************************************* Device Memory ********************************************\
01-06 22:13:13.052  8387  8418 D UE4     : [2023.01.06-22.13.13:052][497]LogVulkanRHI: Display: 2 Device Memory Heaps; Max memory allocations 4096
01-06 22:13:13.052  8387  8418 D UE4     : [2023.01.06-22.13.13:052][497]LogVulkanRHI: Display:  0: Flags 0x1 Size 4294967296 (4096.00 MB) GPU
01-06 22:13:13.052  8387  8418 D UE4     : [2023.01.06-22.13.13:052][497]LogVulkanRHI: Display:  1: Flags 0x1 Size 268435456 (256.00 MB) GPU
01-06 22:13:13.052  8387  8418 D UE4     : [2023.01.06-22.13.13:052][497]LogVulkanRHI: Display: 7 Device Memory Types (unified)
01-06 22:13:13.052  8387  8418 D UE4     : [2023.01.06-22.13.13:052][497]LogVulkanRHI: Display:  0: Flags 0x00001 Heap  0  Local                                         
01-06 22:13:13.052  8387  8418 D UE4     : [2023.01.06-22.13.13:052][497]LogVulkanRHI: Display:  1: Flags 0x00001 Heap  0  Local                                         
01-06 22:13:13.052  8387  8418 D UE4     : [2023.01.06-22.13.13:052][497]LogVulkanRHI: Display:  2: Flags 0x0000b Heap  0  Local HostVisible              HostCached     
01-06 22:13:13.052  8387  8418 D UE4     : [2023.01.06-22.13.13:052][497]LogVulkanRHI: Display:  3: Flags 0x00007 Heap  0  Local HostVisible HostCoherent                
01-06 22:13:13.052  8387  8418 D UE4     : [2023.01.06-22.13.13:052][497]LogVulkanRHI: Display:  4: Flags 0x0000f Heap  0  Local HostVisible HostCoherent HostCached     
01-06 22:13:13.052  8387  8418 D UE4     : [2023.01.06-22.13.13:052][497]LogVulkanRHI: Display:  6: Flags 0x00011 Heap  0  Local                                     Lazy
01-06 22:13:13.052  8387  8418 D UE4     : [2023.01.06-22.13.13:052][497]LogVulkanRHI: Display:  5: Flags 0x00021 Heap  1  Local                                         
01-06 22:13:13.052  8387  8418 D UE4     : [2023.01.06-22.13.13:052][497]LogVulkanRHI: Display: Host Allocation Percentage   0.00% -          0.00MB /    0.000MB
01-06 22:13:13.052  8387  8418 D UE4     : [2023.01.06-22.13.13:052][497]LogVulkanRHI: Display: Memory Budget unavailable
01-06 22:13:13.052  8387  8418 D UE4     : [2023.01.06-22.13.13:052][497]LogVulkanRHI: Display: Device Memory: 34 allocations on 2 heaps
01-06 22:13:13.052  8387  8418 D UE4     : [2023.01.06-22.13.13:052][497]LogVulkanRHI: Display: 	Heap 0, 34 allocations
01-06 22:13:13.052  8387  8418 D UE4     : [2023.01.06-22.13.13:052][497]LogVulkanRHI: Display: 		Alloc AllocSize(MB) TotalSize(MB)    Handle
01-06 22:13:13.053  8387  8418 D UE4     : [2023.01.06-22.13.13:053][497]LogVulkanRHI: Display: 		    0         2.103         0.000 0xb344fb40
01-06 22:13:13.053  8387  8418 D UE4     : [2023.01.06-22.13.13:053][497]LogVulkanRHI: Display: 		    1         1.000         2.103 0xb3450780
01-06 22:13:13.053  8387  8418 D UE4     : [2023.01.06-22.13.13:053][497]LogVulkanRHI: Display: 		    2         1.073         3.103 0xb344ba80
01-06 22:13:13.053  8387  8418 D UE4     : [2023.01.06-22.13.13:053][497]LogVulkanRHI: Display: 		    3         1.000         4.176 0xb3452540
01-06 22:13:13.053  8387  8418 D UE4     : [2023.01.06-22.13.13:053][497]LogVulkanRHI: Display: 		    4        16.000         5.176 0xca556380
01-06 22:13:13.053  8387  8418 D UE4     : [2023.01.06-22.13.13:053][497]LogVulkanRHI: Display: 		    5         1.000        21.176 0xca556000
01-06 22:13:13.053  8387  8418 D UE4     : [2023.01.06-22.13.13:053][497]LogVulkanRHI: Display: 		    6         1.000        22.176 0xb98b7c00
01-06 22:13:13.053  8387  8418 D UE4     : [2023.01.06-22.13.13:053][497]LogVulkanRHI: Display: 		    7        17.891        23.176 0xd2bb7180
01-06 22:13:13.053  8387  8418 D UE4     : [2023.01.06-22.13.13:053][497]LogVulkanRHI: Display: 		    8         1.000        41.066 0xb98b6a80
01-06 22:13:13.053  8387  8418 D UE4     : [2023.01.06-22.13.13:053][497]LogVulkanRHI: Display: 		    9         1.000        42.066 0xb98b5580
01-06 22:13:13.053  8387  8418 D UE4     : [2023.01.06-22.13.13:053][497]LogVulkanRHI: Display: 		   10         1.000        43.066 0xd2bb5e40
01-06 22:13:13.053  8387  8418 D UE4     : [2023.01.06-22.13.13:053][497]LogVulkanRHI: Display: 		   11         1.000        44.066 0xa55d42c0
01-06 22:13:13.053  8387  8418 D UE4     : [2023.01.06-22.13.13:053][497]LogVulkanRHI: Display: 		   12         1.000        45.066 0xd2bb5900
01-06 22:13:13.053  8387  8418 D UE4     : [2023.01.06-22.13.13:053][497]LogVulkanRHI: Display: 		   13        17.891        46.066 0xd2bb2100
01-06 22:13:13.054  8387  8418 D UE4     : [2023.01.06-22.13.13:054][497]LogVulkanRHI: Display: 		   14         1.073        63.957 0xd2bb0dc0
01-06 22:13:13.054  8387  8418 D UE4     : [2023.01.06-22.13.13:054][497]LogVulkanRHI: Display: 		   15         1.000        65.029 0xb3452fc0
01-06 22:13:13.054  8387  8418 D UE4     : [2023.01.06-22.13.13:054][497]LogVulkanRHI: Display: 		   16         1.000        66.029 0xb3454a00
01-06 22:13:13.054  8387  8418 D UE4     : [2023.01.06-22.13.13:054][497]LogVulkanRHI: Display: 		   17         1.000        67.029 0xb3452a80
01-06 22:13:13.054  8387  8418 D UE4     : [2023.01.06-22.13.13:054][497]LogVulkanRHI: Display: 		   18         1.000        68.029 0xb3454680
01-06 22:13:13.054  8387  8418 D UE4     : [2023.01.06-22.13.13:054][497]LogVulkanRHI: Display: 		   19         1.000        69.029 0xa63f8080
01-06 22:13:13.054  8387  8418 D UE4     : [2023.01.06-22.13.13:054][497]LogVulkanRHI: Display: 		   20         1.000        70.029 0xd2bb1140
01-06 22:13:13.054  8387  8418 D UE4     : [2023.01.06-22.13.13:054][497]LogVulkanRHI: Display: 		   21         1.000        71.029 0xd2baf380
01-06 22:13:13.054  8387  8418 D UE4     : [2023.01.06-22.13.13:054][497]LogVulkanRHI: Display: 		   22         1.000        72.029 0xd2baf000
01-06 22:13:13.054  8387  8418 D UE4     : [2023.01.06-22.13.13:054][497]LogVulkanRHI: Display: 		   23         1.000        73.029 0xb3435d00
01-06 22:13:13.054  8387  8418 D UE4     : [2023.01.06-22.13.13:054][497]LogVulkanRHI: Display: 		   24         1.000        74.029 0xb3455800
01-06 22:13:13.054  8387  8418 D UE4     : [2023.01.06-22.13.13:054][497]LogVulkanRHI: Display: 		   25         1.000        75.029 0xd2bb4940
01-06 22:13:13.054  8387  8418 D UE4     : [2023.01.06-22.13.13:054][497]LogVulkanRHI: Display: 		   26         1.000        76.029 0xd2bb37c0
01-06 22:13:13.055  8387  8418 D UE4     : [2023.01.06-22.13.13:054][497]LogVulkanRHI: Display: 		   27         1.000        77.029 0xb3436cc0
01-06 22:13:13.055  8387  8418 D UE4     : [2023.01.06-22.13.13:055][497]LogVulkanRHI: Display: 		   28        16.000        78.029 0xa63f8780
01-06 22:13:13.055  8387  8418 D UE4     : [2023.01.06-22.13.13:055][497]LogVulkanRHI: Display: 		   29         1.000        94.029 0xd2bb1bc0
01-06 22:13:13.055  8387  8418 D UE4     : [2023.01.06-22.13.13:055][497]LogVulkanRHI: Display: 		   30         1.000        95.029 0xd2bb0a40
01-06 22:13:13.055  8387  8418 D UE4     : [2023.01.06-22.13.13:055][497]LogVulkanRHI: Display: 		   31         1.000        96.029 0xb3453dc0
01-06 22:13:13.055  8387  8418 D UE4     : [2023.01.06-22.13.13:055][497]LogVulkanRHI: Display: 		   32         1.000        97.029 0xb344ef00
01-06 22:13:13.055  8387  8418 D UE4     : [2023.01.06-22.13.13:055][497]LogVulkanRHI: Display: 		   33         1.000        98.029 0xb3453880
01-06 22:13:13.055  8387  8418 D UE4     : [2023.01.06-22.13.13:055][497]LogVulkanRHI: Display: 		Total Allocated 99.03 MB, Peak 339.30 MB
01-06 22:13:13.055  8387  8418 D UE4     : [2023.01.06-22.13.13:055][497]LogVulkanRHI: Display: 	Heap 1, 0 allocations
01-06 22:13:13.055  8387  8418 D UE4     : [2023.01.06-22.13.13:055][497]LogVulkanRHI: Display: 		Total Allocated 0.00 MB, Peak 0.00 MB
01-06 22:13:13.055  8387  8418 D UE4     : [2023.01.06-22.13.13:055][497]LogVulkanRHI: Display: Blocks Kept alive Current Frame (7498)
01-06 22:13:13.055  8387  8418 D UE4     : 
01-06 22:13:13.055  8387  8418 D UE4     : [2023.01.06-22.13.13:055][497]LogVulkanRHI: Display: 04      1124672 : 0xb21bb230/Frame 07498 :: Size   1.07MB
01-06 22:13:13.055  8387  8418 D UE4     : [2023.01.06-22.13.13:055][497]LogVulkanRHI: Display: 04      1124672 : 0xb21b9970/Frame 07498 :: Size   1.07MB
01-06 22:13:13.055  8387  8418 D UE4     : [2023.01.06-22.13.13:055][497]LogVulkanRHI: Display: 04      1048576 : 0xb9a03fb0/Frame 07498 :: Size   1.00MB
01-06 22:13:13.056  8387  8418 D UE4     : [2023.01.06-22.13.13:056][497]LogVulkanRHI: Display: 04      1048576 : 0xb9a043a0/Frame 07498 :: Size   1.00MB
01-06 22:13:13.056  8387  8418 D UE4     : [2023.01.06-22.13.13:056][497]LogVulkanRHI: Display: 04      1048576 : 0xb9a04250/Frame 07498 :: Size   1.00MB
01-06 22:13:13.056  8387  8418 D UE4     : [2023.01.06-22.13.13:056][497]LogVulkanRHI: Display: 04      1048576 : 0xb21b3460/Frame 07498 :: Size   1.00MB
01-06 22:13:13.056  8387  8418 D UE4     : [2023.01.06-22.13.13:056][497]LogVulkanRHI: Display: 04      1048576 : 0xb9a03170/Frame 07498 :: Size   1.00MB
01-06 22:13:13.056  8387  8418 D UE4     : [2023.01.06-22.13.13:056][497]LogVulkanRHI: Display: 04      1048576 : 0xb21b7510/Frame 07498 :: Size   1.00MB
01-06 22:13:13.056  8387  8418 D UE4     : [2023.01.06-22.13.13:056][497]LogVulkanRHI: Display: 04      1048576 : 0xb21b69d0/Frame 07498 :: Size   1.00MB
01-06 22:13:13.056  8387  8418 D UE4     : [2023.01.06-22.13.13:056][497]LogVulkanRHI: Display: 04      1048576 : 0xb21b7a50/Frame 07498 :: Size   1.00MB
01-06 22:13:13.056  8387  8418 D UE4     : [2023.01.06-22.13.13:056][497]LogVulkanRHI: Display: 04      1048576 : 0xb21bbfb0/Frame 07498 :: Size   1.00MB
01-06 22:13:13.056  8387  8418 D UE4     : [2023.01.06-22.13.13:056][497]LogVulkanRHI: Display: 04      1048576 : 0xb21b8c50/Frame 07498 :: Size   1.00MB
01-06 22:13:13.056  8387  8418 D UE4     : [2023.01.06-22.13.13:056][497]LogVulkanRHI: Display: 04      1048576 : 0xac21e2c0/Frame 07498 :: Size   1.00MB
01-06 22:13:13.056  8387  8418 D UE4     : [2023.01.06-22.13.13:056][497]LogVulkanRHI: Display: 04      1048576 : 0xb21b0760/Frame 07498 :: Size   1.00MB
01-06 22:13:13.056  8387  8418 D UE4     : [2023.01.06-22.13.13:056][497]LogVulkanRHI: Display: 04      1048576 : 0xb21b41b0/Frame 07498 :: Size   1.00MB
01-06 22:13:13.057  8387  8418 D UE4     : [2023.01.06-22.13.13:057][497]LogVulkanRHI: Display: 04      1048576 : 0xac21ea10/Frame 07498 :: Size   1.00MB
01-06 22:13:13.057  8387  8418 D UE4     : [2023.01.06-22.13.13:057][497]LogVulkanRHI: Display: 04      1048576 : 0xb21b4c90/Frame 07498 :: Size   1.00MB
01-06 22:13:13.057  8387  8418 D UE4     : [2023.01.06-22.13.13:057][497]LogVulkanRHI: Display: 04      1048576 : 0xb21ae390/Frame 07498 :: Size   1.00MB
01-06 22:13:13.057  8387  8418 D UE4     : [2023.01.06-22.13.13:057][497]LogVulkanRHI: Display: 04      1048576 : 0xb21aea20/Frame 07498 :: Size   1.00MB
01-06 22:13:13.057  8387  8418 D UE4     : [2023.01.06-22.13.13:057][497]LogVulkanRHI: Display: 04      1048576 : 0xac215c50/Frame 07498 :: Size   1.00MB
01-06 22:13:13.057  8387  8418 D UE4     : [2023.01.06-22.13.13:057][497]LogVulkanRHI: Display: 04      1048576 : 0xac214570/Frame 07498 :: Size   1.00MB
01-06 22:13:13.057  8387  8418 D UE4     : [2023.01.06-22.13.13:057][497]LogVulkanRHI: Display: 04      1048576 : 0xac219b80/Frame 07498 :: Size   1.00MB
01-06 22:13:13.057  8387  8418 D UE4     : [2023.01.06-22.13.13:057][497]LogVulkanRHI: Display: 04      1048576 : 0xb21b87a0/Frame 07498 :: Size   1.00MB
01-06 22:13:13.057  8387  8418 D UE4     : [2023.01.06-22.13.13:057][497]LogVulkanRHI: Display: 04      1048576 : 0xb21b09d0/Frame 07498 :: Size   1.00MB
01-06 22:13:13.057  8387  8418 D UE4     : [2023.01.06-22.13.13:057][497]LogVulkanRHI: Display: 04      1048576 : 0xb21b1ea0/Frame 07498 :: Size   1.00MB
01-06 22:13:13.057  8387  8418 D UE4     : [2023.01.06-22.13.13:057][497]LogVulkanRHI: Display: 04      1048576 : 0xb21af3e0/Frame 07498 :: Size   1.00MB
01-06 22:13:13.057  8387  8418 D UE4     : [2023.01.06-22.13.13:057][497]LogVulkanRHI: Display: 04      1048576 : 0xb21b84a0/Frame 07498 :: Size   1.00MB
01-06 22:13:13.058  8387  8418 D UE4     : [2023.01.06-22.13.13:058][497]LogVulkanRHI: Display: 04      1048576 : 0xb21ae690/Frame 07498 :: Size   1.00MB
01-06 22:13:13.058  8387  8418 D UE4     : [2023.01.06-22.13.13:058][497]LogVulkanRHI: Display: 04      1048576 : 0xb21b42d0/Frame 07498 :: Size   1.00MB
01-06 22:13:13.058  8387  8418 D UE4     : [2023.01.06-22.13.13:058][497]LogVulkanRHI: Display: 04      2205120 : 0xb21baa50/Frame 07498 :: Size   2.10MB
01-06 22:13:13.058  8387  8418 D UE4     : [2023.01.06-22.13.13:058][497]LogVulkanRHI: Display: 00     16777216 : 0xac218ce0/Frame 07498 :: Size  16.00MB
01-06 22:13:13.058  8387  8418 D UE4     : [2023.01.06-22.13.13:058][497]LogVulkanRHI: Display: 00     18759680 : 0xb99f9c00/Frame 07498 :: Size  17.89MB
01-06 22:13:13.058  8387  8418 D UE4     : [2023.01.06-22.13.13:058][497]LogVulkanRHI: Display: 00     16777216 : 0xb9a045e0/Frame 07498 :: Size  16.00MB
01-06 22:13:13.058  8387  8418 D UE4     : [2023.01.06-22.13.13:058][497]LogVulkanRHI: Display: /******************************************* FMemoryManager ********************************************\
01-06 22:13:13.058  8387  8418 D UE4     : [2023.01.06-22.13.13:058][497]LogVulkanRHI: Display: HEAP DUMP
01-06 22:13:13.058  8387  8418 D UE4     : [2023.01.06-22.13.13:058][497]LogVulkanRHI: Display: ResourceHeap 0, Memory Type Index 0
01-06 22:13:13.058  8387  8418 D UE4     : [2023.01.06-22.13.13:058][497]LogVulkanRHI: Display: ResourceHeap 1, Memory Type Index 1
01-06 22:13:13.058  8387  8418 D UE4     : [2023.01.06-22.13.13:058][497]LogVulkanRHI: Display: ResourceHeap 2, Memory Type Index 2
01-06 22:13:13.058  8387  8418 D UE4     : [2023.01.06-22.13.13:058][497]LogVulkanRHI: Display: ResourceHeap 3, Memory Type Index 3
01-06 22:13:13.058  8387  8418 D UE4     : [2023.01.06-22.13.13:058][497]LogVulkanRHI: Display: ResourceHeap 4, Memory Type Index 4
01-06 22:13:13.059  8387  8418 D UE4     : [2023.01.06-22.13.13:059][497]LogVulkanRHI: Display: ResourceHeap 5, Memory Type Index 5
01-06 22:13:13.059  8387  8418 D UE4     : [2023.01.06-22.13.13:059][497]LogVulkanRHI: Display: ResourceHeap 6, Memory Type Index 6
01-06 22:13:13.059  8387  8418 D UE4     : [2023.01.06-22.13.13:059][497]LogVulkanRHI: Display: 		ActivePages0:( 17.89mb/ 17.89mb) ID    0    1 suballocs,    0 free chunks,DeviceMemory 0xd2bb2100
01-06 22:13:13.059  8387  8418 D UE4     : [2023.01.06-22.13.13:059][497]LogVulkanRHI: Display: BUFFER DUMP
01-06 22:13:13.059  8387  8418 D UE4     : [2023.01.06-22.13.13:059][497]LogVulkanRHI: Display: Buffer of 128 size Allocations: 0 Used / 0 Free
01-06 22:13:13.059  8387  8418 D UE4     : [2023.01.06-22.13.13:059][497]LogVulkanRHI: Display: Buffer of 256 size Allocations: 0 Used / 0 Free
01-06 22:13:13.059  8387  8418 D UE4     : [2023.01.06-22.13.13:059][497]LogVulkanRHI: Display: Buffer of 512 size Allocations: 0 Used / 0 Free
01-06 22:13:13.059  8387  8418 D UE4     : [2023.01.06-22.13.13:059][497]LogVulkanRHI: Display: Buffer of 1024 size Allocations: 0 Used / 0 Free
01-06 22:13:13.059  8387  8418 D UE4     : [2023.01.06-22.13.13:059][497]LogVulkanRHI: Display: Buffer of 2048 size Allocations: 0 Used / 0 Free
01-06 22:13:13.059  8387  8418 D UE4     : [2023.01.06-22.13.13:059][497]LogVulkanRHI: Display: Buffer of 8192 size Allocations: 0 Used / 0 Free
01-06 22:13:13.059  8387  8418 D UE4     : [2023.01.06-22.13.13:059][497]LogVulkanRHI: Display: Buffer of 0 size Allocations: 0 Used / 0 Free
01-06 22:13:13.059  8387  8418 D UE4     : [2023.01.06-22.13.13:059][497]LogVulkanRHI: Display: Buffer of large size Allocations: 0 Used / 0 Free
01-06 22:13:13.059  8387  8418 D UE4     : [2023.01.06-22.13.13:059][497]LogVulkanRHI: Display: ::Totals::
01-06 22:13:13.059  8387  8418 D UE4     : [2023.01.06-22.13.13:059][497]LogVulkanRHI: Display: Large Alloc Used/Max 0/0 0.00%
01-06 22:13:13.060  8387  8418 D UE4     : [2023.01.06-22.13.13:060][497]LogVulkanRHI: Display: Binned Alloc Used/Max 0/0 0.00%
01-06 22:13:13.060  8387  8418 D UE4     : [2023.01.06-22.13.13:060][497]LogVulkanRHI: Display: SUMMARY
01-06 22:13:13.060  8387  8418 D UE4     : [2023.01.06-22.13.13:060][497]LogVulkanRHI: Display: 		Device Heaps                       |    Memory       Reserved      FreeMem       TotalMem   |  Allocs     -         |  Allocs              | Flags | Type   
01-06 22:13:13.060  8387  8418 D UE4     : [2023.01.06-22.13.13:060][497]LogVulkanRHI: Display: 		---------------------------------------------------------------------------------------------------------------------------------------------------------
01-06 22:13:13.060  8387  8418 D UE4     : [2023.01.06-22.13.13:060][497]LogVulkanRHI: Display: 		Device Heap 0                      |   99.03mb /    81.14mb /     3915.83mb /     4096.00mb |         34          0 |     33      0     67 | 00000 | (null)
01-06 22:13:13.060  8387  8418 D UE4     : [2023.01.06-22.13.13:060][497]LogVulkanRHI: Display: 		Device Heap 1                      |    0.00mb /     0.00mb /      256.00mb /      256.00mb |          0          0 |      0      0      0 | 00000 | (null)
01-06 22:13:13.060  8387  8418 D UE4     : [2023.01.06-22.13.13:060][497]LogVulkanRHI: Display: 		---------------------------------------------------------------------------------------------------------------------------------------------------------
01-06 22:13:13.060  8387  8418 D UE4     : [2023.01.06-22.13.13:060][497]LogVulkanRHI: Display: 		---------------------------------------------------------------------------------------------------------------------------------------------------------
01-06 22:13:13.060  8387  8418 D UE4     : [2023.01.06-22.13.13:060][497]LogVulkanRHI: Display: 		Allocators                         |    BufMem       ImgMem        FreeMem       TotalMem   |  BufAllocs  ImgAllocs |  Pages BufPgs ImgPgs | Flags | Type   
01-06 22:13:13.060  8387  8418 D UE4     : [2023.01.06-22.13.13:060][497]LogVulkanRHI: Display: 		---------------------------------------------------------------------------------------------------------------------------------------------------------
01-06 22:13:13.060  8387  8418 D UE4     : [2023.01.06-22.13.13:060][497]LogVulkanRHI: Display: 		ResourceHeap 0                     |    0.00mb /     0.00mb /        0.00mb /        0.00mb |          0          0 |      0      0      0 | 00000 | (null)
01-06 22:13:13.060  8387  8418 D UE4     : [2023.01.06-22.13.13:060][497]LogVulkanRHI: Display: 		ResourceHeap 1                     |    0.00mb /     0.00mb /        0.00mb /        0.00mb |          0          0 |      0      0      0 | 00000 | (null)
01-06 22:13:13.061  8387  8418 D UE4     : [2023.01.06-22.13.13:061][497]LogVulkanRHI: Display: 		ResourceHeap 2                     |    0.00mb /     0.00mb /        0.00mb /        0.00mb |          0          0 |      0      0      0 | 00000 | (null)
01-06 22:13:13.061  8387  8418 D UE4     : [2023.01.06-22.13.13:061][497]LogVulkanRHI: Display: 		ResourceHeap 3                     |    0.00mb /     0.00mb /        0.00mb /        0.00mb |          0          0 |      0      0      0 | 00000 | (null)
01-06 22:13:13.061  8387  8418 D UE4     : [2023.01.06-22.13.13:061][497]LogVulkanRHI: Display: 		ResourceHeap 4                     |    0.00mb /     0.00mb /        0.00mb /        0.00mb |          0          0 |      0      0      0 | 00000 | (null)
01-06 22:13:13.061  8387  8418 D UE4     : [2023.01.06-22.13.13:061][497]LogVulkanRHI: Display: 		ResourceHeap 5                     |    0.00mb /     0.00mb /        0.00mb /        0.00mb |          0          0 |      0      0      0 | 00000 | (null)
01-06 22:13:13.061  8387  8418 E crash-reporter-support: another thread is capturing a crash, bailing out
01-06 22:13:13.061  8387  8418 I crash-reporter (ART): failed to capture minidump crash
01-06 22:13:13.078   862  1031 W TrackingService: attachClient: found client in attached list
01-06 22:13:13.080  8039  8134 E OsSdk   : error getting shared memory region, memory type: HeadTracker, failed with Status(-1, EX_SECURITY): 'requested shared memory region when not registered/focused'
01-06 22:13:13.203   862  1031 I chatty  : uid=1000(system) Binder:862_1 identical 3 lines
01-06 22:13:13.246   862  1031 W TrackingService: attachClient: found client in attached list
01-06 22:13:13.247  8039  8134 I chatty  : uid=10033(com.oculus.xrstreamingclient) SlamAnchorMem identical 4 lines
01-06 22:13:13.268   862  1634 W TrackingService: attachClient: found client in attached list
01-06 22:13:13.269  8039  8134 E OsSdk   : error getting shared memory region, memory type: HeadTracker, failed with Status(-1, EX_SECURITY): 'requested shared memory region when not registered/focused'
01-06 22:13:13.269   862  1031 W TrackingService: attachClient: found client in attached list
01-06 22:13:13.270  8039  8134 E OsSdk   : error getting shared memory region, memory type: AnchorTracker, failed with Status(-1, EX_SECURITY): 'requested shared memory region when not registered/focused'
01-06 22:13:13.316  8039  8134 E OsSdk   : error getting shared memory region, memory type: HeadTracker, failed with Status(-1, EX_SECURITY): 'requested shared memory region when not registered/focused'
01-06 22:13:13.429  8039  8134 I chatty  : uid=10033(com.oculus.xrstreamingclient) SlamAnchorMem identical 3 lines
01-06 22:13:13.459  8039  8134 E OsSdk   : error getting shared memory region, memory type: HeadTracker, failed with Status(-1, EX_SECURITY): 'requested shared memory region when not registered/focused'
01-06 22:13:13.475   587   614 I SyncBossFW: 2581162 [info   ] {PERF}: cpu load cur=0.4557 min=0.0506 max=0.4810 avg=0.4024
01-06 22:13:13.501  8039  8134 E OsSdk   : error getting shared memory region, memory type: HeadTracker, failed with Status(-1, EX_SECURITY): 'requested shared memory region when not registered/focused'
01-06 22:13:13.503  8039  8134 E OsSdk   : error getting shared memory region, memory type: AnchorTracker, failed with Status(-1, EX_SECURITY): 'requested shared memory region when not registered/focused'
01-06 22:13:13.551  8039  8134 E OsSdk   : error getting shared memory region, memory type: HeadTracker, failed with Status(-1, EX_SECURITY): 'requested shared memory region when not registered/focused'
