01-06 18:43:05.608  3515  3515 W OVRLibrary: null cursor received for query content://com.oculus.ocms.library/apps/paused_app
01-06 18:43:05.618  1962  2833 E DeviceConfigVersionMapBuilder: Could not get version for com.oculus.vrdriver
01-06 18:43:05.620  1962  2833 E DeviceConfigVersionMapBuilder: Could not get version for com.oculus.reactvrdeviceconfigtest
01-06 18:43:05.629  1804 19271 I CompositorProgs: [0x710b538710] Built layerProgram 0:0x100000048002:0x0 in 2.5 ms
01-06 18:43:05.631  1804 19271 I CompositorVR: SetSchedFifo( tid=3062, pol=5, pri=1 ) succeeded
01-06 18:43:05.631  1804 19271 I CompositorVR: SetSchedFifo( tid=3277, pol=5, pri=1 ) succeeded
01-06 18:43:05.631  1804 19271 I CompositorVR: SetSchedFifo( tid=3320, pol=5, pri=1 ) succeeded
01-06 18:43:05.634   864  1221 I chatty  : uid=1000(system) Binder:864_4 identical 1 line
01-06 18:43:05.634 17337 17431 E OsSdk   : error getting shared memory region, memory type: HeadTracker, failed with Status(-1, EX_SECURITY): 'requested shared memory region when not registered/focused'
01-06 18:43:05.636  1962  2833 E DeviceConfigVersionMapBuilder: Could not get version for com.oculus.calendar
01-06 18:43:05.638  1962  2833 E DeviceConfigVersionMapBuilder: Could not get version for com.oculus.realtimeinfra
01-06 18:43:05.640  3515  3515 W OVRLibrary: null cursor received for query content://com.oculus.ocms.library/apps/com.android.settings
01-06 18:43:05.640  3515  3515 I PanelService: VR Shell socket closed(ECONNRESET); shutting down fd: 45
01-06 18:43:05.640  3515  3515 I PanelService: Quitting application via hardExit flag. Shutting down fd 45.
01-06 18:43:05.642  1962  2833 E DeviceConfigVersionMapBuilder: Could not get version for com.readyatdawn.r15
01-06 18:43:05.642  1962  2833 E DeviceConfigVersionMapBuilder: Could not get version for com.oculus.accountscenter
01-06 18:43:05.643  1962  2833 E DeviceConfigVersionMapBuilder: Could not get version for com.meta.ar.felios.playground
01-06 18:43:05.644  1962  2833 E DeviceConfigVersionMapBuilder: Could not get version for com.facebook.felios.augworld
01-06 18:43:05.645  1962  2833 E DeviceConfigVersionMapBuilder: Could not get version for com.meta.ar.arplayground
01-06 18:43:05.645  1962  2833 E DeviceConfigVersionMapBuilder: Could not get version for com.meta.ar.Gallery
01-06 18:43:05.646  1962  2833 E DeviceConfigVersionMapBuilder: Could not get version for com.meta.ar.arshellux
01-06 18:43:05.647  1962  2833 E DeviceConfigVersionMapBuilder: Could not get version for com.meta.ar.arcalling
01-06 18:43:05.647  1962  2833 E DeviceConfigVersionMapBuilder: Could not get version for com.meta.mr.awe
01-06 18:43:05.654  1962  2833 E DeviceConfigVersionMapBuilder: Could not get version for com.oculus.timer
01-06 18:43:05.655  1962  2833 E DeviceConfigVersionMapBuilder: Could not get version for com.facebook.wearable.system.location.service
01-06 18:43:05.656  1962  2833 E DeviceConfigVersionMapBuilder: Could not get version for com.meta.ar.iris.messenger
01-06 18:43:05.656  1962  2833 E DeviceConfigVersionMapBuilder: Could not get version for com.meta.ar.iris.workchat
01-06 18:43:05.657  1962  2833 E DeviceConfigVersionMapBuilder: Could not get version for com.meta.ar.iris.fakechat
01-06 18:43:05.658  1962  2833 E DeviceConfigVersionMapBuilder: Could not get version for com.meta.ar.iris.whatsapp
01-06 18:43:05.674  3515 19229 W OVRLibrary: null cursor received for query content://com.oculus.ocms.library/apps/com.oculus.shellenv
01-06 18:43:05.674  3515  3515 V LifecycleAwareViewModelStore: LifecycleAwareViewModelStore destroyed
01-06 18:43:05.674  3515  3515 V LifecycleAwarePanelApp: PanelApp lifecycle moved to final state: DESTROYED
01-06 18:43:05.674  3515  3515 I AndroidPanelApp: Destroyed
01-06 18:43:05.676  3515  3515 D [SUI] PanelAppBase: Releasing viewModel DynamicAppsViewModel refCount: 1
01-06 18:43:05.676  3515  3515 D [SUI] PanelAppBase: Releasing viewModel SharingViewModel refCount: 0
01-06 18:43:05.676  3515  3515 D [SUI] SharingViewModel: Destroying ViewModel
01-06 18:43:05.676  2410  2436 I com.oculus.ocm: Background concurrent copying GC freed 15132(1333KB) AllocSpace objects, 8(160KB) LOS objects, 49% free, 3570KB/7140KB, paused 60us total 108.177ms
01-06 18:43:05.677  3515  3515 D [SUI] AbuseReportCaptureUtil: clearAbuseReportRecordingTimer
01-06 18:43:05.677  3515  3515 D [SUI] BarView: Destroying BarView
01-06 18:43:05.677  3515  3515 D [SUI] SocialViewModel: removeObserver(): -$$Lambda$SystemStatusView$hvdttGlyfUmlGZJVTLPJRt2c5Fk
01-06 18:43:05.678  3515  3515 E [SUI] PanelAppBase: Release ViewModel called on already destroyed ViewModelcom.oculus.panelapp.anytimeui.bar.social.SocialViewModel@be2eaa8
01-06 18:43:05.678  3515  3515 D [SUI] PanelAppBase: Releasing viewModel SystemStatusViewModel refCount: 0
01-06 18:43:05.678  3515  3515 D [SUI] PanelAppBase: Releasing viewModel BarViewModel refCount: 1
01-06 18:43:05.678  3515  3515 D [SUI] StatusViewModel: Destroying ViewModel
01-06 18:43:05.678  3515  3515 D [SUI] PanelAppBase: Releasing viewModel ActiveCallBarViewModel refCount: 0
01-06 18:43:05.678  3515  3515 E [SUI] PanelAppBase: Release ViewModel called on already destroyed ViewModelcom.oculus.panelapp.anytimeui.bar.social.SocialViewModel@be2eaa8
01-06 18:43:05.678  3515  3515 I PresenceAPK(ServicePresenceClient): ServicePresenceClient close
01-06 18:43:05.679  3515  3515 I PresenceAPK(GroupManager): removeListener with id SystemCallGroup
01-06 18:43:05.679  3515  3515 I PresenceAPK(ServiceApiManager): onApiNotReady
01-06 18:43:05.679  3515  3515 D PresenceAPK(ServicePresenceClient): Calling onServiceDown
01-06 18:43:05.679  3515  3515 I PresenceAPK(GroupManager): disconnected
01-06 18:43:05.679   864  1221 W TrackingService: attachClient: found client in attached list
01-06 18:43:05.680 17337 17431 E OsSdk   : error getting shared memory region, memory type: HeadTracker, failed with Status(-1, EX_SECURITY): 'requested shared memory region when not registered/focused'
01-06 18:43:05.680  3515  3515 D [SUI] MessengerCallViewModel: removeObserver
01-06 18:43:05.680  3515  3515 D [SUI] PanelAppBase: Releasing viewModel MessengerCallViewModel refCount: 0
01-06 18:43:05.680  3515  3515 D HyperspaceClient: destroy - start
01-06 18:43:05.680   864  8442 W TrackingService: attachClient: found client in attached list
01-06 18:43:05.681 17337 17431 E OsSdk   : error getting shared memory region, memory type: AnchorTracker, failed with Status(-1, EX_SECURITY): 'requested shared memory region when not registered/focused'
01-06 18:43:05.703  1950 19442 D CCodec  : allocate(c2.android.vorbis.decoder)
01-06 18:43:05.703   853  6192 V C2Store : in init
01-06 18:43:05.703   853  6192 V C2Store : loading dll
01-06 18:43:05.705  3515 18744 I RuntimeIPCClientMgr: RuntimeIPCClientMgr::DisconnectFromServer: Remaining refs: 2, Client: com.oculus.systemux:com.oculus.systemux:SystemUX:3515, Server: com.oculus.presence:com.oculus.presence (PubSubServer)
01-06 18:43:05.705  3515 18744 I RuntimeIPCApi: ipc_Shutdown
01-06 18:43:05.705  3515 18744 I RuntimeIPCServiceClient: Shutdown: Refs still outstanding: 7, com.oculus.systemux:SystemUX
01-06 18:43:05.705  3515 18744 I RuntimeIPCClientMgr: RuntimeIPCClientMgr::DisconnectFromServer: Remaining refs: 2, Client: com.oculus.systemux:com.oculus.systemux:SystemUX:3515, Server: com.oculus.presence:com.oculus.presence (PresenceServer)
01-06 18:43:05.705  3515 18744 I RuntimeIPCApi: ipc_Shutdown
01-06 18:43:05.705  3515 18744 I RuntimeIPCServiceClient: Shutdown: Refs still outstanding: 6, com.oculus.systemux:SystemUX
01-06 18:43:05.705  3515  3515 D HyperspaceClient: destroy - end
01-06 18:43:05.705  3515  3515 D HyperspaceClient: release instance, refcount: 0
01-06 18:43:05.705  3515  3515 D [SUI] MessengerCallViewModel: released hyperspace client
01-06 18:43:05.705  3515  3515 D [SUI] MessengerCallViewModel: destroyed MessengerCallViewModel
01-06 18:43:05.705  3515  3515 D [SUI] MessengerCallBarViewModel: destroyed MessengerCallBarViewModel
01-06 18:43:05.706  3515  3515 D [SUI] DynamicAppsView: Destroying DynamicAppsView on AUI bar
01-06 18:43:05.706  3515  3515 D [SUI] MessengerCallViewModel: removeObserver
01-06 18:43:05.706  3515  3515 D [SUI] PanelAppBase: Releasing viewModel DynamicAppsViewModel refCount: 0
01-06 18:43:05.706  3515  3515 E [SUI] PanelAppBase: Release ViewModel called on already destroyed ViewModelcom.oculus.panelapp.anytimeui.bar.social.SocialViewModel@be2eaa8
01-06 18:43:05.706  3515  3515 D [SUI] DynamicAppsViewModel: Destroying DynamicAppsViewModel
01-06 18:43:05.706  3515  3515 E [SUI] PanelAppBase: Release ViewModel called on already destroyed ViewModelnull
01-06 18:43:05.706  3515  3515 D [SUI] PanelAppBase: Releasing viewModel BarViewModel refCount: 0
01-06 18:43:05.706  3515  3515 D [SUI] BarViewModel: Destroying BarViewModel
01-06 18:43:05.706  3515  3515 E [SUI] PanelAppBase: Release ViewModel called on already destroyed ViewModelcom.oculus.panelapp.anytimeui.bar.social.SocialViewModel@be2eaa8
01-06 18:43:05.706  3515  3515 D [SUI] PanelAppBase: Releasing viewModel StatusViewModel refCount: 1
01-06 18:43:05.706  3515  3515 I [SUI] AnytimeUIAndroidPanelApp: Destroyed AUI PanelApp, isInOverlay: true, instanceCount: 0
01-06 18:43:05.706  3515  3515 D [SUI] PanelAppBase: Releasing viewModel StatusViewModel refCount: 0
01-06 18:43:05.706  3515  3515 D [SUI] StatusViewModel: Destroying ViewModel
01-06 18:43:05.712  1950 19442 I CCodec  : Created component [c2.android.vorbis.decoder]
01-06 18:43:05.712  1950 19442 D CCodecConfig: read media type: audio/vorbis
01-06 18:43:05.714  3515  3515 D [SUI] AirlinkUtils: Destroying AirlinkUtils...
01-06 18:43:05.715  3515  3515 I PresenceAPK(ServicePresenceClient): ServicePresenceClient close
01-06 18:43:05.715  3515  3515 I PresenceAPK(GroupManager): removeListener with id AnchoredHomeGroup
01-06 18:43:05.715  1950 19442 D ReflectedParamUpdater: extent() != 1 for single value type: algo.buffers.max-count.values
01-06 18:43:05.715  3515  3515 I PresenceAPK(ServiceApiManager): onApiNotReady
01-06 18:43:05.715  3515  3515 D PresenceAPK(ServicePresenceClient): Calling onServiceDown
01-06 18:43:05.715  3515  3515 I PresenceAPK(GroupManager): disconnected
01-06 18:43:05.716  1950 19442 D ReflectedParamUpdater: extent() != 1 for single value type: output.subscribed-indices.values
01-06 18:43:05.716  1950 19442 D ReflectedParamUpdater: extent() != 1 for single value type: input.buffers.allocator-ids.values
01-06 18:43:05.716  1950 19442 D ReflectedParamUpdater: extent() != 1 for single value type: output.buffers.allocator-ids.values
01-06 18:43:05.716  1950 19442 D ReflectedParamUpdater: extent() != 1 for single value type: algo.buffers.allocator-ids.values
01-06 18:43:05.716  1950 19442 D ReflectedParamUpdater: extent() != 1 for single value type: output.buffers.pool-ids.values
01-06 18:43:05.716  1950 19442 D ReflectedParamUpdater: extent() != 1 for single value type: algo.buffers.pool-ids.values
01-06 18:43:05.717  1950 19442 I CCodecConfig: query failed after returning 7 values (BAD_INDEX)
01-06 18:43:05.717  1950 19442 D CCodecConfig: c2 config diff is Dict {
01-06 18:43:05.717  1950 19442 D CCodecConfig:   c2::u32 coded.bitrate.value = 64000
01-06 18:43:05.717  1950 19442 D CCodecConfig:   c2::u32 input.buffers.max-size.value = 32768
01-06 18:43:05.717  1950 19442 D CCodecConfig:   c2::u32 input.delay.value = 0
01-06 18:43:05.717  1950 19442 D CCodecConfig:   string input.media-type.value = "audio/vorbis"
01-06 18:43:05.717  1950 19442 D CCodecConfig:   string output.media-type.value = "audio/raw"
01-06 18:43:05.717  1950 19442 D CCodecConfig:   c2::u32 raw.channel-count.value = 1
01-06 18:43:05.717  1950 19442 D CCodecConfig:   c2::u32 raw.sample-rate.value = 48000
01-06 18:43:05.717  1950 19442 D CCodecConfig: }
01-06 18:43:05.718  1950 19442 D CCodecConfig: no c2 equivalents for durationUs
01-06 18:43:05.718  1950 19442 D CCodecConfig: no c2 equivalents for csd-1
01-06 18:43:05.718  1950 19442 D CCodecConfig: no c2 equivalents for track-id
01-06 18:43:05.718  1950 19442 D CCodecConfig: no c2 equivalents for channel-mask
01-06 18:43:05.721  1950 19442 D CCodecConfig: c2 config diff is   c2::u32 raw.channel-count.value = 2
01-06 18:43:05.721  1950 19442 D CCodecConfig:   c2::u32 raw.sample-rate.value = 44100
01-06 18:43:05.721  1950 19442 W Codec2Client: query -- param skipped: index = 1107298332.
01-06 18:43:05.721  1950 19442 D CCodec  : setup formats input: AMessage(what = 0x00000000) = {
01-06 18:43:05.721  1950 19442 D CCodec  :   int32_t channel-count = 2
01-06 18:43:05.721  1950 19442 D CCodec  :   int32_t max-input-size = 32768
01-06 18:43:05.721  1950 19442 D CCodec  :   string mime = "audio/vorbis"
01-06 18:43:05.721  1950 19442 D CCodec  :   int32_t sample-rate = 44100
01-06 18:43:05.721  1950 19442 D CCodec  : } and output: AMessage(what = 0x00000000) = {
01-06 18:43:05.721  1950 19442 D CCodec  :   int32_t channel-count = 2
01-06 18:43:05.721  1950 19442 D CCodec  :   string mime = "audio/raw"
01-06 18:43:05.721  1950 19442 D CCodec  :   int32_t sample-rate = 44100
01-06 18:43:05.721  1950 19442 D CCodec  :   int32_t channel-mask = 3
01-06 18:43:05.721  1950 19442 D CCodec  : }
01-06 18:43:05.724   864  8442 W TrackingService: attachClient: found client in attached list
01-06 18:43:05.724  1052  9652 I DisplayManagerService: Display device removed: DisplayDeviceInfo{"com.oculus.android_panel_app.AndroidPanelLayer-#main": uniqueId="virtual:com.oculus.systemux,10026,com.oculus.android_panel_app.AndroidPanelLayer-#main,0", 840 x 110, modeId 237, defaultModeId 237, supportedModes [{id=237, width=840, height=110, fps=60.0}], colorMode 0, supportedColorModes [0], HdrCapabilities null, density 200, 200.0 x 200.0 dpi, appVsyncOff 0, presDeadline 16666666, touch NONE, rotation 0, type VIRTUAL, state ON, owner com.oculus.systemux (uid 10026), FLAG_PRIVATE, FLAG_NEVER_BLANK, FLAG_OWN_CONTENT_ONLY}
01-06 18:43:05.724  3515  3515 D CppPanelService: onDestroy()
01-06 18:43:05.725 17337 17431 E OsSdk   : error getting shared memory region, memory type: HeadTracker, failed with Status(-1, EX_SECURITY): 'requested shared memory region when not registered/focused'
01-06 18:43:05.725  3515  3515 D CppPanelService: PanelService()
01-06 18:43:05.725  3515  3515 D CppPanelService: onCreate()
01-06 18:43:05.725  3515  3515 D CppPanelService: onBind()
01-06 18:43:05.728  1950 19442 W Codec2Client: query -- param skipped: index = 1342179345.
01-06 18:43:05.728  1950 19442 W Codec2Client: query -- param skipped: index = 2415921170.
01-06 18:43:05.729  1950 19442 D CCodecBufferChannel: [c2.android.vorbis.decoder#616] Created input block pool with allocatorID 16 => poolID 93 - OK (0)
01-06 18:43:05.730  2990  2990 D [SEO] PanelServiceConnection: onSeviceConnected - component name (ComponentInfo{com.oculus.systemux/com.oculus.panelapp.anytimeui.AnytimeUIAndroidPanelService}), panel app id (68)
01-06 18:43:05.730  2990  2990 D [SEO] ShellApplication: notify OS to set com.oculus.systemux/com.oculus.panelapp.anytimeui.AnytimeUIAndroidPanelService to FOREGROUND
01-06 18:43:05.733  3515  3515 D [SUI] NotificationBroadcastReceiver: action: com.oculus.intent.action.NOTIF_CHANGE
01-06 18:43:05.733  3515  3515 I Choreographer: Skipped 33 frames!  The application may be doing too much work on its main thread.
01-06 18:43:05.734   853  6192 D BufferPoolAccessor: bufferpool2 0x2b45a7c230 : 0(0 size) total buffers - 0(0 size) used buffers - 728/732 (recycle/alloc) - 4/730 (fetch/transfer)
01-06 18:43:05.734   853  6192 D BufferPoolAccessor: Destruction - bufferpool2 0x2b45a7c230 cached: 0/0M, 0/0% in use; allocs: 732, 99% recycled; transfers: 730, 99% unfetced
01-06 18:43:05.735  1950 19442 I CCodecBufferChannel: [c2.android.vorbis.decoder#616] Created output block pool with allocatorID 16 => poolID 196 - OK
01-06 18:43:05.735  1950 19442 D CCodecBufferChannel: [c2.android.vorbis.decoder#616] Configured output block pool ids 196 => OK
01-06 18:43:05.736   817  1313 D BufferPoolAccessor: bufferpool2 0xf5c89f10 : 0(0 size) total buffers - 0(0 size) used buffers - 9/20 (recycle/alloc) - 10/30 (fetch/transfer)
01-06 18:43:05.737   817  1313 D BufferPoolAccessor: Destruction - bufferpool2 0xf5c89f10 cached: 0/0M, 0/0% in use; allocs: 20, 45% recycled; transfers: 30, 67% unfetced
01-06 18:43:05.738  2990  2990 I [SEO] PanelAppConnection: verifyFirstPartyUID(Debug Signatures=false, uid=10026) => apkSignatureResult=SigCertInfo(isTrusted=true, packageNames=[com.oculus.systemux], fingerprint sha1=98a1809f3c3e79170e5df8135b500ecfa39df1be, fingerprint sha256=012f8165c191efe8fb0d6d4606aa4abac14d77d1d97d5340860c9f81045aa157, signature=308205cf308203b7a0030201020204097e91c1300d06092a864886f70d01010b0500308197310b3009060355040613025553311330110603550408130a43616c69666f726e6961311330110603550407130a4d656e6c6f205061726b31233021060355040a131a46616365626f6f6b20546563686e6f6c6f676965732c204c4c4331233021060355040b131a46616365626f6f6b20546563686e6f6c6f676965732c204c4c43311430120603550403130b4f63756c75732041707073301e170d3139303730343131333935315a170d3436313131393131333935315a308197310b3009060355040613025553311330110603550408130a43616c69666f726e6961311330110603550407130a4d656e6c6f205061726b31233021060355040a131a46616365626f6f6b20546563686e6f6c6f676965732c204c4c4331233021060355040b131a46616365626f6f6b20546563686e6f6c6f676965732c204c4c43311430120603550403130b4f63756c7573204170707330820222300d06092a864886f70d01010105000382020f003082020a0282020100b815642a5c201c8da044905dafbb06c05fddb75449cc75a716a0434da0493a52a4d60643532c237e76cb41d2c32a5e4474f12b37f632a809b5a5ceb8c6289ecf828e736b4ec452b1c2757bd0b5ed13eff5a7a47ab2ef6cdf60a8d749e9e8603f30d12b5db8f734c57578a2a4ce5ff5737c1f02c629d2dcb4f82726674663a699de94463ff370fa9eb48158831bf0b68bd6ec84293182d52e860bdd81bb9ce9cdd6a77fea0df25004da34d3cce7a31069646aa4628fba9ccb0952163793be9a4edf49a53f83179c2f44d8c87d6c129e8d590af0f3fced26201ee43b31fccd93b497cd198c5cd1f98d64c4f7ad79ca47278c02652d5dc072a99807e22f473f7bae4da2bafcae48cd49ad55a764b8d39f329f6175eac9074307deff48b1c4a6e19b748766617768c31a17feae8478eb7f9ebfb61af2b9f5a692b636342d7ebc53d7146626b51801b5a0a102e281475decdefb8683d0ca2843dc7aaeb6759bcab0dcba38db44f5d7f797a1c9c02dd159c0e3c72b14dc882d31c24ad8abee4ce0f7f0205e05efef551e2551a61e96636ed5dfd7435d3d24f5a130a12f10452cc954aa770d5d95e3e0cb9d7b05c5506a7947f8ff3437b3d82274fdaa156d85bfb7fbcb4fa5557080fedab86520b71d3d533e7bb3e7e3ebe9712b68e755d700b0afbf7595ffa80a6b3d90bfe599769138ee6515df415e32c0abed2b8e4aea1f47351f490203010001a321301f301d0603551d0e04160414a3c939e6b71c43bc9193f773c0351be1aff311f9300d06092a864886f70d01010b050003820201004e4c865231f2a3583c6af9488ecf9aa96b1ee84e2d7bfad00581537dc70c54ecfcf360e563d018efa4cdd77bf6fc4c9f1a20ebd4215cf1538686d4089bdcc8adb6ae4497ead14b0c18efd52ce93357019973e94e16b3326c60885b1bdc5f9cad1098f16732935876d8d19bda3ceeaaa69a83c4e2231710c6735f88abdfffe3dfa2be3f18f894923441b4e4a9c9664ed6294c16d7c073547063bfdbbefad184a001f1dce2feffdc96d10eb16a3bfbcd382cd297ca3b4edb7ebacd1a9931a1368a5157ceaebbca5b39bd5db5461a340db8ec076d38a94bcdd042bfb51388158ba97a49b631c1762fa746c7bb36eaf15cae23fa993cfb052e824f2ae173ea27b50a6cca91eb955f4faf131514757e5a3ecae9df6d23771279b7742f28fb9ce394eb9e03926f550716f1312355a5efdc479d8347b516cff55cb14307c81280142cacf2fd6562a2baacbfc97869272b1c51abf79121de8bab227e001313d4115eb9b33a332ebb34e290f14b5352ef1038f7a5f3740c9d1136b3526de4331deb4fa529c36a17c04c3e64d4f6ebda73d6e6e18281e3948fd11e685eab6611be1bc62839bce5962715e7f6537e6c083bcd3538d17407b26c850cd6b3f5e2149fdef027a6cfb7ed0f93c928aca14927b10c6a3f104ba1b10413af8b1868b84a004e5ddd065fff26a7bb3c818bb5a2d69aedf9441ef9033efae3ef52282a96f66d4b4ff3f2)
01-06 18:43:05.738   853 19443 D SimpleC2Component: Using output block pool with poolID 196 => got 196 - 0
01-06 18:43:05.746  3515 15436 I PanelVerifier: verifyVrShellUID(Debug Signatures=false, uid=10020) => apkSignatureResult=SigCertInfo(isTrusted=true, packageNames=[com.oculus.vrshell], fingerprint sha1=331660b6dd3bd582f3dfd3cbae4546724668a021, fingerprint sha256=dc2f834e3c1942378b14f076c82cd1ab59ea6566bff4730b2047e98efc9f9daf, signature=3082038d30820275a00302010202041303858a300d06092a864886f70d01010b05003077310b3009060355040613025553310b3009060355040813024341311330110603550407130a4d656e6c6f205061726b31173015060355040a130e4f63756c75732056522c204c4c4331173015060355040b130e4f63756c75732056522c204c4c43311430120603550403130b4f63756c75732041707073301e170d3134313033303231343032315a170d3432303331373231343032315a3077310b3009060355040613025553310b3009060355040813024341311330110603550407130a4d656e6c6f205061726b31173015060355040a130e4f63756c75732056522c204c4c4331173015060355040b130e4f63756c75732056522c204c4c43311430120603550403130b4f63756c7573204170707330820122300d06092a864886f70d01010105000382010f003082010a0282010100a34c7fbd96dea95d811f21a0d760cabca85f2df5dbe19b62aca7a3e3e0b6e48f7e173345f2753c458d639cc2e222eeee4cfb5e89ac1c5060044414056709a43a7f1a6f1e4f2c3d708c48912634be08ad6da1fff92d9c0d4b85e4bc8a8b1c27de84c04eb1e6577c10693500af46beaf7bd2ce72a06a46f4e565859f242cecbef1a431ae8096db712cebe73840bacc64de6b99077ba1ca8c20e5d0b4870bd161f087abbf568dfef58e604068ca6f7cdea183c8681c306bc30cb223e7c5ce3a2fcf00d13e158475b3700ef62dcca46c57baecca4d91052e20b861a1a085d5fc8e99aed8c4a9cfd550d01e54ef5062133befcf7f9ea6a5a1d1575a72cd82279f34030203010001a321301f301d0603551d0e04160414ec7ccdaf8ccdc6dd1b87d4b561582ad8ec397b80300d06092a864886f70d01010b0500038201010014c557ecddc17ba8b979618036e7093b8e7307f624644532c31239f4dc83fd9424267ca7670fa9f78689cbc5bfd8a6312fdc214bd159d614a8753ceec0f2b2d9166217895b13c992e1d10ca625a3153dacfa51dbdb7fde139bd59510f5add29f88be3826b445ce7386dcf06577be72fbdf118fa81179091fad275981409e02d40422d8e86df5827a2c496a4b905b4825c3f1ba0af4cf509bf9b0d4d608cf0b4320ac60d1a8cbcc384de24f11a4c93c0fc5b887cbd6855871af1b1ef729c51a8a123efc6a627b6494e81a264587443b9156ad17772863c2f9685fae9c72a552b333f8ef2822bce5d4d178e45b3a8dd4e321924f6a5ba43f732971a9e74cbf0433), time=7 ms
01-06 18:43:05.746  3515  3515 D PanelAppClient: BEGIN: Initializing panel application via MSG_CREATE_PANEL_APP.
01-06 18:43:05.747  3515  3515 I AndroidPanelApp: Created
01-06 18:43:05.747  3515  3515 V LifecycleAwareViewModelStore: LifecycleAwareViewModelStore created
01-06 18:43:05.748  3515  3515 V LifecycleAwarePanelApp: PanelApp initial lifecycle started and moved from state INITIALIZED to state RESUMED
01-06 18:43:05.753  3515  3515 I [SUI] ConsumerConfiguration: Setting SystemUX Configuration and Policy Settings.
01-06 18:43:05.755  1950 19442 D CCodecBufferChannel: [c2.android.vorbis.decoder#616] Discard frames from previous generation.
01-06 18:43:05.757  3515  3515 D [SUI] StatusViewModel: Constructing ViewModel
01-06 18:43:05.758   853  6192 D BufferPoolAccessor: Destruction - bufferpool2 0x2b45a7c030 cached: 0/0M, 0/0% in use; allocs: 0, 0% recycled; transfers: 0, 0% unfetced
01-06 18:43:05.758  3515 19446 D QuickPromotionController: Initialized and enabled.
01-06 18:43:05.758  3515 19446 D QuickPromotionController: Fetching Quick Promotions for all surfaces.
01-06 18:43:05.758   853  6192 V C2Store : in ~ComponentModule
01-06 18:43:05.758  3515 19446 D QuickPromotionController: Initialized and enabled.
01-06 18:43:05.758  3515 19446 D QuickPromotionController: Set access token.
01-06 18:43:05.758   853  6192 V C2Store : unloading dll
01-06 18:43:05.759  3515 19446 D QuickPromotionController: Fetched Quick Promotions for all surfaces.
01-06 18:43:05.761  3515  3515 I android_os_HwBinder: HwBinder: Starting thread pool for getting: vendor.oculus.hardware.battery@1.0::IBattery/default
01-06 18:43:05.763  3515  3515 D [SUI] StatusViewModel: Initializing wifi status BroadcastReceiver
01-06 18:43:05.765  3515  3515 D [SUI] StatusViewModel: Initialized wifi status BroadcastReceiver
01-06 18:43:05.767   864  1221 W TrackingService: attachClient: found client in attached list
01-06 18:43:05.767 17337 17431 E OsSdk   : error getting shared memory region, memory type: HeadTracker, failed with Status(-1, EX_SECURITY): 'requested shared memory region when not registered/focused'
01-06 18:43:05.768  3515  3515 D [SUI] PanelAppBase: Acquiring viewModel StatusViewModel refCount: 1
01-06 18:43:05.768  3515  3515 D [SUI] AirlinkUtils: Initializing AirlinkUtils...
01-06 18:43:05.769  3515  3515 D [SUI] AirlinkUtils: Initializing wifi status BroadcastReceiver
01-06 18:43:05.778  3515  3515 D OsSdk   : XrspBroker: setALEnabled 0
01-06 18:43:05.778  3515  3515 I [SUI] XrspBrokerHelper: Set AirLink Enabled Secured: 0
01-06 18:43:05.778   911   931 D xrspd   : setALEnabled 0
01-06 18:43:05.778   911   931 D xrspd   : setAlinkEnabledCallback disabled, already using usb, ignoring
01-06 18:43:05.778  3515  3515 I [SUI] AnytimeUIAndroidPanelApp: Creating AUI PanelApp, isInOverlay: false, instanceCount: 1
01-06 18:43:05.781  3515  3515 D [SUI] ActivityManagerUtilsHelper: Enabling the activity listener capability with initial foreground package com.oculus.shellenv
01-06 18:43:05.784  3515  3515 D [SUI] SystemUXBroadcastReceiver: requestCaptureState being sent
01-06 18:43:05.786  3515  3515 D [SUI] SocialViewModel: Constructing ViewModel
01-06 18:43:05.786  3515  3515 D [SUI] DynamicAppsViewModel: Initializing pinned apps
01-06 18:43:05.787  3515  3515 D [SUI] AppStateUtil: Notifying observers com.oculus.explore is pinned=true
01-06 18:43:05.787  3515  3515 D [SUI] AppStateUtil: Notifying observers com.oculus.store is pinned=true
01-06 18:43:05.787  3515  3515 D [SUI] AppStateUtil: Notifying observers messenger_system_app is pinned=true
01-06 18:43:05.787  3515  3515 D [SUI] AppStateUtil: Notifying observers share_system_app is pinned=true
01-06 18:43:05.793  1962  2541 I OVRMediaService: onStartCommand Received message type: com.oculus.horizon.GET_CAPTURE_STATE_ACTION, caller package: no_app_identity, app identify: null
01-06 18:43:05.813   864  1221 I chatty  : uid=1000(system) Binder:864_4 identical 1 line
01-06 18:43:05.813 17337 17431 E OsSdk   : error getting shared memory region, memory type: HeadTracker, failed with Status(-1, EX_SECURITY): 'requested shared memory region when not registered/focused'
01-06 18:43:05.824  3515  3515 W OVRLibrary: null cursor received for query content://com.oculus.ocms.library/apps/quick_settings_app
01-06 18:43:05.826  2990  2990 D [SEO] ShellControlBroadcastReceiver: onReceive with MainActivity native pointer 3798625712, action com.oculus.systemactivities.CAPTURE_STATE_UPDATE
01-06 18:43:05.826  2990  2990 D [SEO] ShellControlBroadcastReceiver: isLaunchAction = false, isTrustedAppLaunch = false
01-06 18:43:05.826  2990  2990 D [SEO] ShellControlBroadcastReceiver: IsCaptureStateUpdateAction
01-06 18:43:05.827  1962  2541 I FileCapture: broadcast capture state to AUI running = false, with mode -1
01-06 18:43:05.836  2150  2150 D DeviceHelper: isScreenOn = true
01-06 18:43:05.836  2150  2150 D [OAO] ShellOverlayBroadcastReceiver: onReceive with ShellOverlayService native pointer 3798289472, action com.oculus.systemactivities.CAPTURE_STATE_UPDATE
01-06 18:43:05.843  1962  2541 I OVRMediaServiceManager: Metacam is not enabled.
01-06 18:43:05.843  3515 19457 D CCodec  : allocate(c2.android.raw.decoder)
01-06 18:43:05.843   853  6192 V C2Store : in init
01-06 18:43:05.843   853  6192 V C2Store : loading dll
01-06 18:43:05.847  3515 19457 I CCodec  : Created component [c2.android.raw.decoder]
01-06 18:43:05.847  3515 19457 D CCodecConfig: read media type: audio/raw
01-06 18:43:05.852  3515 19457 D ReflectedParamUpdater: extent() != 1 for single value type: algo.buffers.max-count.values
01-06 18:43:05.854   864  1221 W TrackingService: attachClient: found client in attached list
01-06 18:43:05.855  3515 19457 D ReflectedParamUpdater: extent() != 1 for single value type: output.subscribed-indices.values
01-06 18:43:05.855  3515 19457 D ReflectedParamUpdater: extent() != 1 for single value type: input.buffers.allocator-ids.values
01-06 18:43:05.855 17337 17431 E OsSdk   : error getting shared memory region, memory type: HeadTracker, failed with Status(-1, EX_SECURITY): 'requested shared memory region when not registered/focused'
01-06 18:43:05.855  3515 19457 D ReflectedParamUpdater: extent() != 1 for single value type: output.buffers.allocator-ids.values
01-06 18:43:05.855  3515 19457 D ReflectedParamUpdater: extent() != 1 for single value type: algo.buffers.allocator-ids.values
01-06 18:43:05.855  3515 19457 D ReflectedParamUpdater: extent() != 1 for single value type: output.buffers.pool-ids.values
01-06 18:43:05.856  3515 19457 D ReflectedParamUpdater: extent() != 1 for single value type: algo.buffers.pool-ids.values
01-06 18:43:05.856  3515 19457 I CCodecConfig: query failed after returning 8 values (BAD_INDEX)
01-06 18:43:05.857  3515 19457 D CCodecConfig: c2 config diff is Dict {
01-06 18:43:05.857  3515 19457 D CCodecConfig:   c2::u32 coded.bitrate.value = 64000
01-06 18:43:05.857  3515 19457 D CCodecConfig:   c2::u32 input.buffers.max-size.value = 65536
01-06 18:43:05.857  3515 19457 D CCodecConfig:   c2::u32 input.delay.value = 0
01-06 18:43:05.857  3515 19457 D CCodecConfig:   string input.media-type.value = "audio/raw"
01-06 18:43:05.857  3515 19457 D CCodecConfig:   string output.media-type.value = "audio/raw"
01-06 18:43:05.857  3515 19457 D CCodecConfig:   c2::u32 raw.channel-count.value = 2
01-06 18:43:05.857  3515 19457 D CCodecConfig:   c2::u32 raw.pcm-encoding.value = 0
01-06 18:43:05.857  3515 19457 D CCodecConfig:   c2::u32 raw.sample-rate.value = 44100
01-06 18:43:05.857  3515 19457 D CCodecConfig: }
01-06 18:43:05.857  3515 19457 D CCodecConfig: no c2 equivalents for durationUs
01-06 18:43:05.857  3515 19457 D CCodecConfig: no c2 equivalents for track-id
01-06 18:43:05.857  3515 19457 D CCodecConfig: no c2 equivalents for bits-per-sample
01-06 18:43:05.857  3515 19457 D CCodecConfig: no c2 equivalents for channel-mask
01-06 18:43:05.858  3515 19457 D CCodecConfig: c2 config diff is   c2::u32 raw.channel-count.value = 1
01-06 18:43:05.858  3515 19457 D CCodecConfig:   c2::u32 raw.sample-rate.value = 48000
01-06 18:43:05.858  3515 19457 W Codec2Client: query -- param skipped: index = 1107298332.
01-06 18:43:05.858  3515 19457 D CCodec  : setup formats input: AMessage(what = 0x00000000) = {
01-06 18:43:05.858  3515 19457 D CCodec  :   int32_t channel-count = 1
01-06 18:43:05.858  3515 19457 D CCodec  :   int32_t max-input-size = 65536
01-06 18:43:05.858  3515 19457 D CCodec  :   string mime = "audio/raw"
01-06 18:43:05.858  3515 19457 D CCodec  :   int32_t pcm-encoding = 2
01-06 18:43:05.858  3515 19457 D CCodec  :   int32_t sample-rate = 48000
01-06 18:43:05.858  3515 19457 D CCodec  : } and output: AMessage(what = 0x00000000) = {
01-06 18:43:05.858  3515 19457 D CCodec  :   int32_t channel-count = 1
01-06 18:43:05.858  3515 19457 D CCodec  :   string mime = "audio/raw"
01-06 18:43:05.858  3515 19457 D CCodec  :   int32_t pcm-encoding = 2
01-06 18:43:05.858  3515 19457 D CCodec  :   int32_t sample-rate = 48000
01-06 18:43:05.858  3515 19457 D CCodec  :   int32_t channel-mask = 0
01-06 18:43:05.858  3515 19457 D CCodec  : }
01-06 18:43:05.859  3515 19457 W Codec2Client: query -- param skipped: index = 1342179345.
01-06 18:43:05.859  3515 19457 W Codec2Client: query -- param skipped: index = 2415921170.
01-06 18:43:05.859  3515 19457 D CCodecBufferChannel: [c2.android.raw.decoder#945] Created input block pool with allocatorID 16 => poolID 52 - OK (0)
01-06 18:43:05.860  3515 19457 I CCodecBufferChannel: [c2.android.raw.decoder#945] Created output block pool with allocatorID 16 => poolID 197 - OK
01-06 18:43:05.861  3515 19457 D CCodecBufferChannel: [c2.android.raw.decoder#945] Configured output block pool ids 197 => OK
01-06 18:43:05.867   853 19458 D SimpleC2Component: Using output block pool with poolID 197 => got 197 - 0
01-06 18:43:05.872   816  4410 D MediaBufferGroup: creating MemoryDealer
01-06 18:43:05.876  3515  3515 W OVRLibrary: null cursor received for query content://com.oculus.ocms.library/apps/com.YourCompany.PrototypeV4
01-06 18:43:05.884   853  8487 D BufferPoolAccessor: Destruction - bufferpool2 0x2b45a71630 cached: 0/0M, 0/0% in use; allocs: 0, 0% recycled; transfers: 0, 0% unfetced
01-06 18:43:05.889   853  8487 V C2Store : in ~ComponentModule
01-06 18:43:05.891   853  8487 V C2Store : unloading dll
01-06 18:43:05.894   864  8442 W TrackingService: attachClient: found client in attached list
01-06 18:43:05.895 17337 17431 E OsSdk   : error getting shared memory region, memory type: HeadTracker, failed with Status(-1, EX_SECURITY): 'requested shared memory region when not registered/focused'
01-06 18:43:05.904  1950 19462 D CCodec  : allocate(c2.android.vorbis.decoder)
01-06 18:43:05.906  3515  3515 W OVRLibrary: null cursor received for query content://com.oculus.ocms.library/apps/com.oculus.xrstreamingclient
01-06 18:43:05.910   853  8487 V C2Store : in init
01-06 18:43:05.910   853  8487 V C2Store : loading dll
01-06 18:43:05.914  1950 19462 I CCodec  : Created component [c2.android.vorbis.decoder]
01-06 18:43:05.914  1950 19462 D CCodecConfig: read media type: audio/vorbis
01-06 18:43:05.916  1950 19462 D ReflectedParamUpdater: extent() != 1 for single value type: algo.buffers.max-count.values
01-06 18:43:05.916  1950 19462 D ReflectedParamUpdater: extent() != 1 for single value type: output.subscribed-indices.values
01-06 18:43:05.916  1950 19462 D ReflectedParamUpdater: extent() != 1 for single value type: input.buffers.allocator-ids.values
01-06 18:43:05.916  1950 19462 D ReflectedParamUpdater: extent() != 1 for single value type: output.buffers.allocator-ids.values
01-06 18:43:05.917  1950 19462 D ReflectedParamUpdater: extent() != 1 for single value type: algo.buffers.allocator-ids.values
01-06 18:43:05.917  1950 19462 D ReflectedParamUpdater: extent() != 1 for single value type: output.buffers.pool-ids.values
01-06 18:43:05.917  1950 19462 D ReflectedParamUpdater: extent() != 1 for single value type: algo.buffers.pool-ids.values
01-06 18:43:05.918  1950 19462 I CCodecConfig: query failed after returning 7 values (BAD_INDEX)
01-06 18:43:05.918  1950 19462 D CCodecConfig: c2 config diff is Dict {
01-06 18:43:05.918  1950 19462 D CCodecConfig:   c2::u32 coded.bitrate.value = 64000
01-06 18:43:05.918  1950 19462 D CCodecConfig:   c2::u32 input.buffers.max-size.value = 32768
01-06 18:43:05.918  1950 19462 D CCodecConfig:   c2::u32 input.delay.value = 0
01-06 18:43:05.918  1950 19462 D CCodecConfig:   string input.media-type.value = "audio/vorbis"
01-06 18:43:05.918  1950 19462 D CCodecConfig:   string output.media-type.value = "audio/raw"
01-06 18:43:05.918  1950 19462 D CCodecConfig:   c2::u32 raw.channel-count.value = 1
01-06 18:43:05.918  1950 19462 D CCodecConfig:   c2::u32 raw.sample-rate.value = 48000
01-06 18:43:05.918  1950 19462 D CCodecConfig: }
01-06 18:43:05.918  1950 19462 D CCodecConfig: no c2 equivalents for durationUs
01-06 18:43:05.918  1950 19462 D CCodecConfig: no c2 equivalents for csd-1
01-06 18:43:05.918  1950 19462 D CCodecConfig: no c2 equivalents for track-id
01-06 18:43:05.918  1950 19462 D CCodecConfig: no c2 equivalents for channel-mask
01-06 18:43:05.919  1950 19462 D CCodecConfig: c2 config diff is   c2::u32 raw.channel-count.value = 2
01-06 18:43:05.919  1950 19462 D CCodecConfig:   c2::u32 raw.sample-rate.value = 44100
01-06 18:43:05.919  1950 19462 W Codec2Client: query -- param skipped: index = 1107298332.
01-06 18:43:05.919  1950 19462 D CCodec  : setup formats input: AMessage(what = 0x00000000) = {
01-06 18:43:05.919  1950 19462 D CCodec  :   int32_t channel-count = 2
01-06 18:43:05.919  1950 19462 D CCodec  :   int32_t max-input-size = 32768
01-06 18:43:05.919  1950 19462 D CCodec  :   string mime = "audio/vorbis"
01-06 18:43:05.919  1950 19462 D CCodec  :   int32_t sample-rate = 44100
01-06 18:43:05.919  1950 19462 D CCodec  : } and output: AMessage(what = 0x00000000) = {
01-06 18:43:05.919  1950 19462 D CCodec  :   int32_t channel-count = 2
01-06 18:43:05.919  1950 19462 D CCodec  :   string mime = "audio/raw"
01-06 18:43:05.919  1950 19462 D CCodec  :   int32_t sample-rate = 44100
01-06 18:43:05.919  1950 19462 D CCodec  :   int32_t channel-mask = 3
01-06 18:43:05.919  1950 19462 D CCodec  : }
01-06 18:43:05.924   853  6192 V C2Store : in ~ComponentModule
01-06 18:43:05.924   853  6192 V C2Store : unloading dll
01-06 18:43:05.932  3515  3515 W OVRLibrary: null cursor received for query content://com.oculus.ocms.library/apps/notifications_system_app
01-06 18:43:05.940   864  8442 W TrackingService: attachClient: found client in attached list
01-06 18:43:05.940 17337 17431 E OsSdk   : error getting shared memory region, memory type: HeadTracker, failed with Status(-1, EX_SECURITY): 'requested shared memory region when not registered/focused'
01-06 18:43:05.941   864  1221 W TrackingService: attachClient: found client in attached list
01-06 18:43:05.941 17337 17431 E OsSdk   : error getting shared memory region, memory type: AnchorTracker, failed with Status(-1, EX_SECURITY): 'requested shared memory region when not registered/focused'
01-06 18:43:05.961  3515  3515 W OVRLibrary: null cursor received for query content://com.oculus.ocms.library/apps/com.YourCompany.TemplateProject3
01-06 18:43:05.968  1950 19465 D CCodec  : allocate(c2.android.vorbis.decoder)
01-06 18:43:05.969   853  6192 V C2Store : in init
01-06 18:43:05.969   853  6192 V C2Store : loading dll
01-06 18:43:05.974  1950 19465 I CCodec  : Created component [c2.android.vorbis.decoder]
01-06 18:43:05.974  1950 19465 D CCodecConfig: read media type: audio/vorbis
01-06 18:43:05.978  1950 19465 D ReflectedParamUpdater: extent() != 1 for single value type: algo.buffers.max-count.values
01-06 18:43:05.978  1950 19465 D ReflectedParamUpdater: extent() != 1 for single value type: output.subscribed-indices.values
01-06 18:43:05.978  1950 19465 D ReflectedParamUpdater: extent() != 1 for single value type: input.buffers.allocator-ids.values
01-06 18:43:05.978  1950 19465 D ReflectedParamUpdater: extent() != 1 for single value type: output.buffers.allocator-ids.values
01-06 18:43:05.978  1950 19465 D ReflectedParamUpdater: extent() != 1 for single value type: algo.buffers.allocator-ids.values
01-06 18:43:05.978  1950 19465 D ReflectedParamUpdater: extent() != 1 for single value type: output.buffers.pool-ids.values
01-06 18:43:05.978  1950 19465 D ReflectedParamUpdater: extent() != 1 for single value type: algo.buffers.pool-ids.values
01-06 18:43:05.981  1950 19465 I CCodecConfig: query failed after returning 7 values (BAD_INDEX)
01-06 18:43:05.981  1950 19465 D CCodecConfig: c2 config diff is Dict {
01-06 18:43:05.981  1950 19465 D CCodecConfig:   c2::u32 coded.bitrate.value = 64000
01-06 18:43:05.981  1950 19465 D CCodecConfig:   c2::u32 input.buffers.max-size.value = 32768
01-06 18:43:05.981  1950 19465 D CCodecConfig:   c2::u32 input.delay.value = 0
01-06 18:43:05.981  1950 19465 D CCodecConfig:   string input.media-type.value = "audio/vorbis"
01-06 18:43:05.981  1950 19465 D CCodecConfig:   string output.media-type.value = "audio/raw"
01-06 18:43:05.981  1950 19465 D CCodecConfig:   c2::u32 raw.channel-count.value = 1
01-06 18:43:05.981  1950 19465 D CCodecConfig:   c2::u32 raw.sample-rate.value = 48000
01-06 18:43:05.981  1950 19465 D CCodecConfig: }
01-06 18:43:05.982  1950 19465 D CCodecConfig: no c2 equivalents for durationUs
01-06 18:43:05.982  1950 19465 D CCodecConfig: no c2 equivalents for csd-1
01-06 18:43:05.982  1950 19465 D CCodecConfig: no c2 equivalents for track-id
01-06 18:43:05.982  1950 19465 D CCodecConfig: no c2 equivalents for channel-mask
01-06 18:43:05.984  1950 19465 D CCodecConfig: c2 config diff is   c2::u32 raw.channel-count.value = 2
01-06 18:43:05.984  1950 19465 D CCodecConfig:   c2::u32 raw.sample-rate.value = 44100
01-06 18:43:05.984  1950 19465 W Codec2Client: query -- param skipped: index = 1107298332.
01-06 18:43:05.984  1950 19465 D CCodec  : setup formats input: AMessage(what = 0x00000000) = {
01-06 18:43:05.984  1950 19465 D CCodec  :   int32_t channel-count = 2
01-06 18:43:05.984  1950 19465 D CCodec  :   int32_t max-input-size = 32768
01-06 18:43:05.984  1950 19465 D CCodec  :   string mime = "audio/vorbis"
01-06 18:43:05.984  1950 19465 D CCodec  :   int32_t sample-rate = 44100
01-06 18:43:05.984  1950 19465 D CCodec  : } and output: AMessage(what = 0x00000000) = {
01-06 18:43:05.984  1950 19465 D CCodec  :   int32_t channel-count = 2
01-06 18:43:05.984  1950 19465 D CCodec  :   string mime = "audio/raw"
01-06 18:43:05.984  1950 19465 D CCodec  :   int32_t sample-rate = 44100
01-06 18:43:05.984  1950 19465 D CCodec  :   int32_t channel-mask = 3
01-06 18:43:05.984  1950 19465 D CCodec  : }
01-06 18:43:05.989   864  8442 W TrackingService: attachClient: found client in attached list
01-06 18:43:05.990 17337 17431 E OsSdk   : error getting shared memory region, memory type: HeadTracker, failed with Status(-1, EX_SECURITY): 'requested shared memory region when not registered/focused'
01-06 18:43:05.994  3515  3515 W OVRLibrary: null cursor received for query content://com.oculus.ocms.library/apps/paused_app
01-06 18:43:05.996  1950 19465 W Codec2Client: query -- param skipped: index = 1342179345.
01-06 18:43:05.996  1950 19465 W Codec2Client: query -- param skipped: index = 2415921170.
01-06 18:43:05.997  1950 19465 D CCodecBufferChannel: [c2.android.vorbis.decoder#690] Created input block pool with allocatorID 16 => poolID 94 - OK (0)
01-06 18:43:05.999  1950 19465 I CCodecBufferChannel: [c2.android.vorbis.decoder#690] Created output block pool with allocatorID 16 => poolID 198 - OK
01-06 18:43:05.999  1950 19465 D CCodecBufferChannel: [c2.android.vorbis.decoder#690] Configured output block pool ids 198 => OK
01-06 18:43:06.004   853 19466 D SimpleC2Component: Using output block pool with poolID 198 => got 198 - 0
01-06 18:43:06.014  3515  3515 W OVRLibrary: null cursor received for query content://com.oculus.ocms.library/apps/com.android.settings
01-06 18:43:06.014  3515  3515 D [SUI] PanelAppBase: Acquiring viewModel DynamicAppsViewModel refCount: 1
01-06 18:43:06.014  3515  3515 D [SUI] SharingViewModel: Constructing ViewModel
01-06 18:43:06.017 17337 17409 D xrstreaming: receive ping: org 0 recv 0 xmt 22383908799100 (received at 17968813380222), offset divergence 325975
01-06 18:43:06.017  1962  2399 I OVRMediaService: onStartCommand Received message type: com.oculus.horizon.GET_CAPTURE_STATE_ACTION, caller package: no_app_identity, app identify: null
01-06 18:43:06.019  3515  3515 D [SUI] AbuseReportCaptureUtil: clearAbuseReportRecordingTimer
01-06 18:43:06.020  3515  3515 D [SUI] PanelAppBase: Acquiring viewModel SharingViewModel refCount: 1
01-06 18:43:06.020  3515  3515 I AndroidPanelApp: HideLayer(#main, shape: 1, shouldMinimizeLayer: false)
01-06 18:43:06.021  1052  9652 I DisplayManagerService: Display device added: DisplayDeviceInfo{"com.oculus.android_panel_app.AndroidPanelLayer-#main": uniqueId="virtual:com.oculus.systemux,10026,com.oculus.android_panel_app.AndroidPanelLayer-#main,0", 840 x 1250, modeId 238, defaultModeId 238, supportedModes [{id=238, width=840, height=1250, fps=60.0}], colorMode 0, supportedColorModes [0], HdrCapabilities null, density 200, 200.0 x 200.0 dpi, appVsyncOff 0, presDeadline 16666666, touch NONE, rotation 0, type VIRTUAL, state OFF, owner com.oculus.systemux (uid 10026), FLAG_PRIVATE, FLAG_NEVER_BLANK, FLAG_OWN_CONTENT_ONLY}
01-06 18:43:06.033  3515  3515 D [SUI] BarViewModel: Constructing BarViewModel
01-06 18:43:06.033  3515  3515 D [SUI] PanelAppBase: Acquiring viewModel BarViewModel refCount: 1
01-06 18:43:06.033  3515  3515 D [SUI] PanelAppBase: Acquiring viewModel StatusViewModel refCount: 2
01-06 18:43:06.033  3515  3515 D [SUI] ActiveCallBarViewModel: Constructing ActiveCallBarViewModel
01-06 18:43:06.033  3515  3515 I [SUI] PartiesCallBarViewModel: new ServicePresenceClient
01-06 18:43:06.035 17337 17431 E OsSdk   : error getting shared memory region, memory type: HeadTracker, failed with Status(-1, EX_SECURITY): 'requested shared memory region when not registered/focused'
01-06 18:43:06.035  3515  3515 I PresenceAPK(ServiceApiManager): Trying to bind to presence service API.
01-06 18:43:06.076  1950 19465 D CCodecBufferChannel: [c2.android.vorbis.decoder#690] Discard frames from previous generation.
01-06 18:43:06.076  1950 19465 D CCodecBufferChannel: [c2.android.vorbis.decoder#690] Discard frames from previous generation.
01-06 18:43:06.077  1052  1078 W InputReader: Device has associated, but no associated display id.
01-06 18:43:06.078   864  8442 I chatty  : uid=1000(system) Binder:864_5 identical 2 lines
01-06 18:43:06.079 17337 17431 E OsSdk   : error getting shared memory region, memory type: HeadTracker, failed with Status(-1, EX_SECURITY): 'requested shared memory region when not registered/focused'
01-06 18:43:06.080   853  8487 V C2Store : in ~ComponentModule
01-06 18:43:06.080   853  8487 V C2Store : unloading dll
01-06 18:43:06.081  3515  3515 D PresenceAPK(PresenceClient): setEventListener id=SystemCallGroup
01-06 18:43:06.081  3515  3515 I PresenceAPK(GroupManager): addListener for id SystemCallGroup
01-06 18:43:06.081  3515  3515 D [SUI] MessengerCallBarViewModel: constructing MessengerCallBarViewModel
01-06 18:43:06.081  3515  3515 D [SUI] MessengerCallViewModel: constructing MessengerCallViewModel, instance count:36
01-06 18:43:06.084  3515  3515 D HyperspaceClient: acquire instance, refcount: 1
01-06 18:43:06.084  3515  3515 D [SUI] MessengerCallViewModel: hyperspace client created
01-06 18:43:06.084  3515  3515 D [SUI] PanelAppBase: Acquiring viewModel MessengerCallViewModel refCount: 1
01-06 18:43:06.084  3515  3515 D [SUI] MessengerCallViewModel: registerObserver
01-06 18:43:06.084  3515 19468 D HyperspaceClientJni: initInternal - start
01-06 18:43:06.084  3515  3515 D [SUI] PanelAppBase: Acquiring viewModel ActiveCallBarViewModel refCount: 1
01-06 18:43:06.084  1962  2399 I FileCapture: broadcast capture state to AUI running = false, with mode -1
01-06 18:43:06.084  3515 19468 D HyperspaceClientJni: startHyperspacePresenceServiceClient
01-06 18:43:06.084  3515 19468 D HyperspaceClientJni: initHyperspacePresenceServiceClient begin
01-06 18:43:06.084  3515 19468 I ipcLoader_static: RuntimeIPC: Loader: IPC Service API Loader Version: 33 Nov 25 2022 14:16:03
01-06 18:43:06.084  3515 19468 I RuntimeIPCApi: ipc_Initialize
01-06 18:43:06.084  3515 19468 I RuntimeIPCServiceClient: Init: Already initialized: com.oculus.systemux:SystemUX, 6
01-06 18:43:06.084  3515  3515 D [SUI] OnboardingTutorial: Initialize Onboarding Tutorial
01-06 18:43:06.085  3515  3515 D [SUI] OnboardingTutorial: Step is: NOT_BRAND_NEW_USER
01-06 18:43:06.085  3515  3515 D [SUI] OnboardingTutorial: Not a first time user; skipping the tutorial
01-06 18:43:06.085  3515  3515 D [SUI] SystemStatusView: Initializing System Status
01-06 18:43:06.085  3515  3515 D [SUI] StatusViewModel: Constructing ViewModel
01-06 18:43:06.086  1052  1080 W InputReader: Device has associated, but no associated display id.
01-06 18:43:06.086  1052  1080 I ActivityTaskManager: Override config changes=20005df8 {0.0 ?mcc?mnc ?localeList ?layoutDir sw672dp w672dp h1000dp 200dpi lrg port ?uimode ?night -touch qwerty/v/v -nav/h winConfig={ mBounds=Rect(0, 0 - 840, 1250) mAppBounds=Rect(0, 0 - 840, 1250) mWindowingMode=fullscreen mDisplayWindowingMode=fullscreen mActivityType=undefined mAlwaysOnTop=undefined mRotation=ROTATION_0}} for displayId=177
01-06 18:43:06.090  3515  3515 I android_os_HwBinder: HwBinder: Starting thread pool for getting: vendor.oculus.hardware.battery@1.0::IBattery/default
01-06 18:43:06.096  2990  2990 D [SEO] ShellControlBroadcastReceiver: onReceive with MainActivity native pointer 3798625712, action com.oculus.systemactivities.CAPTURE_STATE_UPDATE
01-06 18:43:06.096  2990  2990 D [SEO] ShellControlBroadcastReceiver: isLaunchAction = false, isTrustedAppLaunch = false
01-06 18:43:06.096  2990  2990 D [SEO] ShellControlBroadcastReceiver: IsCaptureStateUpdateAction
01-06 18:43:06.096  1052  9652 W ActivityManager: Unable to start service Intent { cmp=com.oculus.presence/.service.PresenceService } U=0: not found
01-06 18:43:06.109  3515 19468 I ipcLoader_static: RuntimeIPC: Loader: IPC Service API Loader Version: 33 Nov 25 2022 14:16:03
01-06 18:43:06.109  3515 19468 I RuntimeIPCApi: ipc_Initialize
01-06 18:43:06.109  3515 19468 I RuntimeIPCServiceClient: Init: Already initialized: com.oculus.systemux:SystemUX, 7
01-06 18:43:06.111  2150  2150 D DeviceHelper: isScreenOn = true
01-06 18:43:06.112  2150  2150 D [OAO] ShellOverlayBroadcastReceiver: onReceive with ShellOverlayService native pointer 3798289472, action com.oculus.systemactivities.CAPTURE_STATE_UPDATE
01-06 18:43:06.114  3515  3515 D [SUI] StatusViewModel: Initializing wifi status BroadcastReceiver
01-06 18:43:06.114  3515  3515 D [SUI] StatusViewModel: Initialized wifi status BroadcastReceiver
01-06 18:43:06.115  1052  9652 W ActivityManager: Unable to start service Intent { cmp=com.oculus.presence/.service.PresenceService } U=0: not found
01-06 18:43:06.117  1962  2399 I OVRMediaServiceManager: Metacam is not enabled.
01-06 18:43:06.118  3515  3515 D [SUI] PanelAppBase: Acquiring viewModel BarViewModel refCount: 2
01-06 18:43:06.118  3515  3515 D [SUI] PanelAppBase: Acquiring viewModel SystemStatusViewModel refCount: 1
01-06 18:43:06.118  3515  3515 D [SUI] SocialViewModel: registerObserver(): -$$Lambda$SystemStatusView$hvdttGlyfUmlGZJVTLPJRt2c5Fk
01-06 18:43:06.119  3515  3515 D [SUI] SystemStatusView: Initialized System Status
01-06 18:43:06.119  3515  3515 D [SUI] PanelAppBase: Acquiring viewModel DynamicAppsViewModel refCount: 2
01-06 18:43:06.119  3515  3515 D [SUI] DynamicAppsView: Initializing DynamicAppsView on AUI bar
01-06 18:43:06.119  3515  3515 D [SUI] BarView: Initialized parties call bar
01-06 18:43:06.119  3515  3515 D [SUI] MessengerCallViewModel: registerObserver
