01-06 22:13:18.534  8039  8134 E OsSdk   : error getting shared memory region, memory type: HeadTracker, failed with Status(-1, EX_SECURITY): 'requested shared memory region when not registered/focused'
01-06 22:13:18.618  8039  8134 I chatty  : uid=10033(com.oculus.xrstreamingclient) SlamAnchorMem identical 2 lines
01-06 22:13:18.663  8039  8134 E OsSdk   : error getting shared memory region, memory type: HeadTracker, failed with Status(-1, EX_SECURITY): 'requested shared memory region when not registered/focused'
01-06 22:13:18.683   862  8523 I [CT]    : VIPER: Mode=SuperVega,Status=6DoF,TRACKING,Inl=23,Mem=90.3,Jit=0.0mm,Issues(Cam/min=0.0,IMU/min=0.0),Exp=(14.0ms,g=15.0,I=67,Ir=320.8)(14.0ms,g=15.0,I=87,Ir=417.4)(14.0ms,g=15.0,I=89,Ir=426.1)(14.0ms,g=15.0,I=75,Ir=357.1)
01-06 22:13:18.683   862  8523 W [CT]    : VIPER: Images too dark, Environment trending to dark, 
01-06 22:13:18.708   862  1031 I chatty  : uid=1000(system) Binder:862_1 identical 10 lines
01-06 22:13:18.710  8039  8134 E OsSdk   : error getting shared memory region, memory type: HeadTracker, failed with Status(-1, EX_SECURITY): 'requested shared memory region when not registered/focused'
01-06 22:13:18.755   862  1031 W TrackingService: attachClient: found client in attached list
01-06 22:13:18.756  8039  8134 E OsSdk   : error getting shared memory region, memory type: HeadTracker, failed with Status(-1, EX_SECURITY): 'requested shared memory region when not registered/focused'
01-06 22:13:18.756   862  1634 W TrackingService: attachClient: found client in attached list
01-06 22:13:18.757  8039  8134 E OsSdk   : error getting shared memory region, memory type: AnchorTracker, failed with Status(-1, EX_SECURITY): 'requested shared memory region when not registered/focused'
01-06 22:13:18.794  8387  8664 F libc    : crash_dump helper failed to exec
01-06 22:13:18.799   819   819 E libosutils: failed to get real path of file /proc/8387/exe, err: No such file or directory
01-06 22:13:18.800   819   819 E crash-reporter: Could not retrieve ELF header for /proc/8387/exe
01-06 22:13:18.802   862  1634 W TrackingService: attachClient: found client in attached list
01-06 22:13:18.807  8039  8134 E OsSdk   : error getting shared memory region, memory type: HeadTracker, failed with Status(-1, EX_SECURITY): 'requested shared memory region when not registered/focused'
01-06 22:13:18.813   819   819 E crash-reporter-support: read() failed, reason: No such file or directory
01-06 22:13:18.813   819   819 E crash-reporter: Crash server failed to receive request from native crash client
01-06 22:13:18.824  1775  8471 W RPCClientHandler: RPCClientHandler::MainLoop: Error reading pipe: Client: com.YourCompany.PrototypeV4:com.YourCompany.PrototypeV4:8387, Server: com.oculus.systemdriver:com.oculus.vrruntimeservice (HapticsServer)
01-06 22:13:18.824  1775  8461 W RPCClientHandler: RPCClientHandler::MainLoop: Error reading pipe: Client: com.YourCompany.PrototypeV4:com.YourCompany.PrototypeV4:8387, Server: com.oculus.systemdriver:com.oculus.vrruntimeservice (RuntimeServiceServer)
01-06 22:13:18.824  2853  8467 W RPCClientHandler: RPCClientHandler::MainLoop: Error reading pipe: Client: com.YourCompany.PrototypeV4:com.YourCompany.PrototypeV4:8387, Server: com.oculus.guardian:com.oculus.vrguardianservice (guardianserver)
01-06 22:13:18.824  1775  8461 I VrRuntimeService: RuntimeIPC: IPC_SYSTEM_EVENT_CLIENT_DISCONNECTED_EXT: com.YourCompany.PrototypeV4
01-06 22:13:18.824  1775  8461 I ClientMgr: ClientMgr::DestroyClient: 8387:com.YourCompany.PrototypeV4
01-06 22:13:18.824  2189  8466 W RPCClientHandler: RPCClientHandler::MainLoop: Error reading pipe: Client: com.YourCompany.PrototypeV4:com.YourCompany.PrototypeV4:8387, Server: com.oculus.vrshell:com.oculus.vrshell:Overlay (ptkserviceserver)
01-06 22:13:18.825  1775  8460 W RPCClientHandler: RPCClientHandler::MainLoop: Error reading pipe: Client: com.YourCompany.PrototypeV4:com.YourCompany.PrototypeV4:8387, Server: com.oculus.systemdriver:com.oculus.vrruntimeservice (gkcache)
01-06 22:13:18.825  1775  8461 I ClientMgr: ClientMgr::DestroyClient: 8387:com.YourCompany.PrototypeV4 is enabled for rendering on destroy.
01-06 22:13:18.825  1775  8461 I ClientMgr: ClientMgr::EnableRendering 8387:com.YourCompany.PrototypeV4 : type 0 comp-id 18: disable
01-06 22:13:18.825  1775  8461 I VrRuntimeServer: DisableCompositorClient: 18
01-06 22:13:18.825  2853  8467 I REFLECT : GuardianSDKServer Client Disconnected 1054094805, com.YourCompany.PrototypeV4, com.YourCompany.PrototypeV4
01-06 22:13:18.825  1775  8461 I CompositorClientMgr: Disable client 18
01-06 22:13:18.825  1775  8461 I CompositorClientMgr: DisableClient: frame flush required: 1
01-06 22:13:18.828  1050  1150 W InputDispatcher: channel 'c37b858 com.YourCompany.PrototypeV4/com.epicgames.ue4.GameActivity (server)' ~ Consumer closed input channel or an error occurred.  events=0x9
01-06 22:13:18.828  1050  1150 E InputDispatcher: channel 'c37b858 com.YourCompany.PrototypeV4/com.epicgames.ue4.GameActivity (server)' ~ Channel is unrecoverably broken and will be disposed!
01-06 22:13:18.828   859  4411 W IPCDataChannelAndroidBinder: binder_test2: RuntimeIPC: ConnectionDiedInfo: onBinderDied: 1, com.YourCompany.PrototypeV4:com.YourCompany.PrototypeV4:8387
01-06 22:13:18.828   859  4411 E /system/bin/runtimeipcbroker: unlinkToDeath: removed reference to death recipient but unlink failed.
01-06 22:13:18.828  2189  2238 W IPCDataChannelAndroidBinder: binder_test2: RuntimeIPC: ConnectionDiedInfo: onBinderDied: 1, com.YourCompany.PrototypeV4:com.YourCompany.PrototypeV4:8387
01-06 22:13:18.829   859   889 W IPCDataChannelAndroidBinder: UnregisterLinkDeathHandle: AIBinder_unlinkToDeath FAILED
01-06 22:13:18.829   859   889 I RuntimeIPCService: DestroyBrokerConnection: com.YourCompany.PrototypeV4:com.YourCompany.PrototypeV4:8387
01-06 22:13:18.829   859   889 E IPCThreadState: attemptIncStrongHandle(59): Not supported
01-06 22:13:18.829  2189  2238 W IPCDataChannelServer: datachannel_test: Disconnected: 1054094805, com.YourCompany.PrototypeV4:com.YourCompany.PrototypeV4:8387
01-06 22:13:18.829  2189  2238 E IPCThreadState: attemptIncStrongHandle(59): Not supported
01-06 22:13:18.829  2853  3385 W IPCDataChannelAndroidBinder: binder_test2: RuntimeIPC: ConnectionDiedInfo: onBinderDied: 1, com.YourCompany.PrototypeV4:com.YourCompany.PrototypeV4:8387
01-06 22:13:18.829  1775  1797 W IPCDataChannelAndroidBinder: binder_test2: RuntimeIPC: ConnectionDiedInfo: onBinderDied: 1, com.YourCompany.PrototypeV4:com.YourCompany.PrototypeV4:8387
01-06 22:13:18.829  1775  1797 W IPCDataChannelServer: datachannel_test: Disconnected: 1054094805, com.YourCompany.PrototypeV4:com.YourCompany.PrototypeV4:8387
01-06 22:13:18.829  1775  1797 E IPCThreadState: attemptIncStrongHandle(65): Not supported
01-06 22:13:18.829  2853  3385 W IPCDataChannelServer: datachannel_test: Disconnected: 1054094805, com.YourCompany.PrototypeV4:com.YourCompany.PrototypeV4:8387
01-06 22:13:18.830  1775  8535 W CompositorClient: WarpToScreen: No completed frames to display for primary client 18. submittedFrameIndex = 7488
01-06 22:13:18.830  1775  8461 I ClientMgr: ClientMgr::DestroyClient: Remove 8387:com.YourCompany.PrototypeV4 as focused client.
01-06 22:13:18.830  1775  8461 I ClientMgr: FocusedClient changed.
01-06 22:13:18.830  1775  8461 W ClientMgr: ClientMgr::SetFocusedClient: No focused client
01-06 22:13:18.830  1775  8461 I ClientMgr: Releasing clocks.
01-06 22:13:18.830  1775  8461 I ClientMgr: SetFocusedPackageName - packageName  processName  clientId 0 clientPid 0
01-06 22:13:18.830  1775  8461 I ClientMgr: ClientMgr::DestroyClient: non-deferred ShutdownResources: 7561 == 7561 
01-06 22:13:18.830  1775  8461 I VrRuntimeServer: UnRegisterCompositorClient client(18)
01-06 22:13:18.830  1775  8461 I ClientMgr: RemoveClient: com.YourCompany.PrototypeV4:com.YourCompany.PrototypeV4:8387
01-06 22:13:18.831  1775  8461 I UnifiedTelemetryWrapper: Stopped UT session render:com.YourCompany.PrototypeV4
01-06 22:13:18.831  1775  8461 I UnifiedTelemetryWrapper: Stopped UT session lifetime:com.YourCompany.PrototypeV4
01-06 22:13:18.831  1943  1987 I AuthLogger: Action succeeded: OBTAIN_TOKEN, callingPackage: com.oculus.companion.server, accountType: com.oculus, tokenType: user_id, extras: {outcome=token, expiration_time_ms=0}, duration: 6ms
01-06 22:13:18.833  1050  6294 D ConnectivityService: ConnectivityService NetworkRequestInfo binderDied(NetworkRequest [ LISTEN id=23, [ Transports: CELLULAR|WIFI|BLUETOOTH|ETHERNET|VPN Capabilities: INTERNET&NOT_RESTRICTED&TRUSTED&NOT_VPN&VALIDATED&FOREGROUND Uid: 10157] ], android.os.BinderProxy@735fc4e)
01-06 22:13:18.833   862  1634 I TrackingService: Unregistering client 'com.YourCompany.PrototypeV4' by binder death
01-06 22:13:18.834  2853  2954 I GuardianSystem: runtimeServiceSDKClient_.ActiveClientDestroyedEventData: package=[com.YourCompany.PrototypeV4], process=[com.YourCompany.PrototypeV4]
01-06 22:13:18.834  2853  2954 I GuardianSystem: OnDestroyActiveClient: com.YourCompany.PrototypeV4
01-06 22:13:18.834   862  1634 I TrackingService: Unregistering client 'com.YourCompany.PrototypeV4' by binder death
01-06 22:13:18.834  2853  2954 I GuardianSystem: OnDestroyActiveClient: Clearing return package because owning client was destroyed: com.YourCompany.PrototypeV4
01-06 22:13:18.834  2853  2954 I GuardianSystem: GuardianSystem::GuardianCmd CMD_CLEAR_RETURN_PACKAGE
01-06 22:13:18.834  2853  3385 E IPCThreadState: attemptIncStrongHandle(66): Not supported
01-06 22:13:18.834  1276  1276 V AvrcpMediaPlayerList: onPlaybackConfigChanged(): Configs list size=6
01-06 22:13:18.834  2043  2043 I Zygote  : Process 8387 exited due to signal 11 (Segmentation fault)
01-06 22:13:18.835  1050  1068 E InputDispatcher: Window handle Window{c37b858 u0 com.YourCompany.PrototypeV4/com.epicgames.ue4.GameActivity} has no registered input channel
01-06 22:13:18.836  1775  2837 I ClientMgr: Non-overlay clients rendering status has changed: prev=45, curr=46, enabled=0
01-06 22:13:18.836  1775  2837 I CompositorClientMgr: Enable client 0
01-06 22:13:18.836  1775  2837 I VrRuntimeServer: EnableCompositorClient client(0): layer placement(2147483643) flags(8) sm(0x778fe71160)
01-06 22:13:18.836  1050  1562 I WindowManager: WIN DEATH: Window{c37b858 u0 com.YourCompany.PrototypeV4/com.epicgames.ue4.GameActivity}
01-06 22:13:18.840  1050  1562 W InputDispatcher: Attempted to unregister already unregistered input channel 'c37b858 com.YourCompany.PrototypeV4/com.epicgames.ue4.GameActivity (server)'
01-06 22:13:18.848  1050  6099 I ActivityManager: Process com.YourCompany.PrototypeV4 (pid 8387) has died: fore TOP 
01-06 22:13:18.848  1050  1085 I libprocessgroup: Successfully killed process cgroup uid 10157 pid 8387 in 0ms
01-06 22:13:18.849  1050  6099 W ActivityTaskManager: Force removing ActivityRecord{e62f999 u0 com.YourCompany.PrototypeV4/com.epicgames.ue4.GameActivity t379}: app died, no saved state
01-06 22:13:18.851   862  1634 W TrackingService: attachClient: found client in attached list
01-06 22:13:18.853  8039  8134 E OsSdk   : error getting shared memory region, memory type: HeadTracker, failed with Status(-1, EX_SECURITY): 'requested shared memory region when not registered/focused'
01-06 22:13:18.854  1050  6099 W InputReader: Device has associated, but no associated display id.
01-06 22:13:18.856   750  1305 D AF::TrackHandle: OpPlayAudio: track:104 uid:10033 pkg:com.oculus.xrstreamingclient usage:1 muted
01-06 22:13:18.857   750  1184 D AF::TrackHandle: OpPlayAudio: track:59 uid:10014 pkg:com.oculus.shellenv usage:1 not muted
01-06 22:13:18.857   750  1745 D AF::RecordHandle: OpRecordAudio: track:109 uid:10032 pkg:com.oculus.horizon usage:0 not muted
01-06 22:13:18.857   750  1183 D AF::RecordHandle: OpRecordAudio: track:105 uid:10033 pkg:com.oculus.xrstreamingclient usage:0 muted
01-06 22:13:18.859   750  1745 D AF::RecordHandle: OpRecordAudio: track:58 uid:10014 pkg:com.oculus.shellenv usage:0 not muted
01-06 22:13:18.882  1050  1076 W ActivityManager: setHasOverlayUi called on unknown pid: 8387
01-06 22:13:18.888  3193  3193 D [SUI] ActivityManagerUtilsHelper: onForegroundActivitiesChanged: Instance: com.oculus.common.activitymanager.ActivityManagerUtilsHelper@aaba2b, Pid: 3476, Tid: 10014, foregroundActivities: true, foreground app: com.oculus.shellenv, previous app: com.YourCompany.PrototypeV4
01-06 22:13:18.889  1775  1775 D VrRuntimeService: onForegroundActivitiesChanged: pid=3476, uid=10014, hasForegroundActivities=true
01-06 22:13:18.895  3505  3505 D [SEO] ShellEnvOverlayService: onStartCommand() with action com.oculus.vrshell.SHELL_ENV_START_SERVICE
01-06 22:13:18.896  3505  3667 I [SEO] ShellFrameAnalytics: Shell Heartbeat focusedPanelTimeSpent: {"0":3808,"17":55,"21":9455,"24":2305} visibleTimeSpent: {"16":55,"17":55,"20":13364,"21":9455,"24":2305} inputTimeSpent: {"controller":15624} inputClickCount: {"controller":9} mouseMoveTimeSpent: 0 mouseScrollTimeSpent: 0 physicalKeyboardConnectedTimeSpent: 0 physicalKeyboardTrackedTimeSpent: 0 quickActionsMenuActivations: 0 quickActionsMenuTimeSpent: 0 quickActionsMenuSessionLengths: [] quickActionsMenuSelections: {} handTrackingOptIn: 0 handTrackingAutoTransition: 1
01-06 22:13:18.896  3505  3667 I [SEO] ShellApp: 0xc977db28 msg: intent
01-06 22:13:18.896  3505  3667 I [SEO] ShellApp: Ignoring empty launch intent action com.oculus.vrshell.SHELL_ENV_START_SERVICE
01-06 22:13:18.896  3505  3667 I VrRuntimeClient: Client has lost focus.
01-06 22:13:18.896  3505  3667 I [SEO] VrPlatformOpenXr: xrPollEvent: received XR_TYPE_EVENT_DATA_REFERENCE_SPACE_CHANGE_PENDING event
01-06 22:13:18.896  3505  3667 I [SEO] VrPlatformOpenXr: xrPollEvent: received XR_TYPE_EVENT_DATA_DISPLAY_REFRESH_RATE_CHANGED_FB event: fromRate 90.000000 -> toRate 72.000000
01-06 22:13:18.898   862  1031 W TrackingService: attachClient: found client in attached list
01-06 22:13:18.899  8039  8134 E OsSdk   : error getting shared memory region, memory type: HeadTracker, failed with Status(-1, EX_SECURITY): 'requested shared memory region when not registered/focused'
01-06 22:13:18.902   750  1745 D AF::RecordHandle: OpRecordAudio: track:58 uid:10014 pkg:com.oculus.shellenv usage:0 not muted
01-06 22:13:18.903   750  1184 D AF::RecordHandle: OpRecordAudio: track:105 uid:10033 pkg:com.oculus.xrstreamingclient usage:0 muted
01-06 22:13:18.904  3476  3476 D ActivityLifecycleListener: onActivityResumed
01-06 22:13:18.904  3505  3505 D [SEO] ShellEnvOverlayService: onRebind
01-06 22:13:18.905  3476  3599 D ActivityLifecycleListener: activity=com.oculus.shellenv.ShellEnvActivity@d009367, resumed=true
01-06 22:13:18.905  3476  3599 D ActivityLifecycleListener: Activity ready after 1ms
01-06 22:13:18.905  3476  3599 I OpenXR  : nativeOnActivityReady
01-06 22:13:18.905   750  1183 D AF::RecordHandle: OpRecordAudio: track:109 uid:10032 pkg:com.oculus.horizon usage:0 not muted
01-06 22:13:18.908   693   693 I netd    : firewallSetUidRule(2, 10071, 1) <0.02ms>
01-06 22:13:18.919  3476  3504 I Clay    : BaseApp: Hibernate transition Unhibernate
01-06 22:13:18.919  3476  3504 I Clay    : copresence: microphone state transition, unpaused
01-06 22:13:18.919  3476  3504 I Clay    : SoundSystem: setPaused(false), m_paused=true
01-06 22:13:18.919  8039  8112 D xrstreaming: receive ping: org 0 recv 0 xmt 34996884902900 (received at 2588933381042), offset divergence -399772
01-06 22:13:18.925  1276  1276 V AvrcpMediaPlayerList: onPlaybackConfigChanged(): Configs list size=6
01-06 22:13:18.931  3193  3193 W OVRLibrary: null cursor received for query content://com.oculus.ocms.library/apps/com.oculus.shellenv
01-06 22:13:18.932  3193  3193 D [SUI] DynamicAppsViewModel: Setting destination ui paused app - com.oculus.shellenv
01-06 22:13:18.933  3476  3504 I Clay    : EnvironmentSystem: computed visibility changed from Unload to Visible (reason: <none>)
01-06 22:13:18.934   731   731 E volume_listener: check_and_set_gain_dep_cal: Failed to set gain dep cal level
01-06 22:13:18.934   731  4309 E volume_listener: check_and_set_gain_dep_cal: Failed to set gain dep cal level
01-06 22:13:18.935   731  1145 D audio_hw_primary: start_output_stream: enter: stream(0xf3a82000)usecase(1: low-latency-playback) devices(0x2) is_haptic_usecase(0)
01-06 22:13:18.935   731  1145 I audio_hw_primary: select_devices for use case (low-latency-playback)
01-06 22:13:18.935   731  1145 D audio_hw_primary: select_devices: changing use case low-latency-playback output device from(22: voice-speaker-stereo, acdb 15) to (2: speaker, acdb 15)
01-06 22:13:18.935   731  1145 I msm8974_platform: platform_check_and_set_codec_backend_cfg:becf: afe: bitwidth 16, samplerate 48000 channels 2, backend_idx 0 usecase = 1 device (speaker)
01-06 22:13:18.935   731  1145 D msm8974_platform: platform_split_snd_device: snd_device(2) num devices(1) new_snd_devices(0)
01-06 22:13:18.935   731  1145 I msm8974_platform: platform_check_and_set_codec_backend_cfg: new_snd_devices[0] is 2
01-06 22:13:18.935   731  1145 I msm8974_platform: platform_check_codec_backend_cfg:becf: afe: bitwidth 16, samplerate 48000 channels 2, backend_idx 0 usecase = 1 device (speaker)
01-06 22:13:18.935  3476  3504 I OpenXR  : PostSessionStateChange: XR_SESSION_STATE_IDLE -> XR_SESSION_STATE_READY
01-06 22:13:18.936   731  1145 D audio_hw_extn: audio_extn_enable_hifi_filter: mixer_value set 0
01-06 22:13:18.936   731  1145 D msm8974_platform: platform_check_codec_backend_cfg:becf: updated afe: bitwidth 16, samplerate 48000 channels 2,backend_idx 0 usecase = 1 device (speaker)
01-06 22:13:18.936   731  1145 D msm8974_platform: platform_check_codec_backend_cfg:becf: afe: playback on codec device not supporting native playback set default Sample Rate(48k)
01-06 22:13:18.936   731  1145 I msm8974_platform: platform_check_codec_backend_cfg:becf: afe: Codec selected backend: 0 updated bit width: 16 and sample rate: 48000
01-06 22:13:18.936   731  1145 D audio_hw_primary: check_usecases_codec_backend:becf: force routing 0
01-06 22:13:18.936   731  1145 E msm8974_platform: platform_check_backends_match: Invalid snd_device = 
01-06 22:13:18.936   731  1145 D audio_hw_primary: check_usecases_codec_backend:becf: (75) check_usecases curr device: speaker, usecase device: backends match 0
01-06 22:13:18.936   731  1145 D audio_hw_primary: check_usecases_codec_backend:becf: check_usecases num.of Usecases to switch 0
01-06 22:13:18.936   731  1145 D hardware_info: hw_info_append_hw_type : device_name = speaker
01-06 22:13:18.936   731  1145 D msm8974_platform: platform_split_snd_device: snd_device(2) num devices(0) new_snd_devices(0)
01-06 22:13:18.936   731  1145 D audio_hw_primary: enable_snd_device: snd_device(2: speaker)
01-06 22:13:18.936   731  1145 D audio_route: Apply path: speaker
01-06 22:13:18.939  1775  1775 W ClientMgr: ClientMgr::SetFocusedClient: No focused client
01-06 22:13:18.939  1775  1775 I ClientMgr: Releasing clocks.
01-06 22:13:18.939  1775  1775 I ClientMgr: SetFocusedPackageName - packageName  processName  clientId 0 clientPid 0
01-06 22:13:18.941  3476  3504 I Clay    : xrPollEvent: REFERENCE_SPACE_CHANGE_PENDING
01-06 22:13:18.942   731  1145 I audio_hw_utils: audio_extn_utils_update_stream_output_app_type_cfg Allowing 24 and above bits playback on speaker ONLY at default sampling rate
01-06 22:13:18.942  3476  3504 I Clay    : xrPollEvent: SESSION_STATE_CHANGED: READY
01-06 22:13:18.942   731  1145 D audio_hw_utils: audio_extn_utils_send_app_type_cfg: usecase->out_snd_device speaker
01-06 22:13:18.942  1680  1707 I [CT]    : MIXEDREALITY: MrServiceController: VrFocusManager::Top Activity Changed, topActivity now is: 'com.YourCompany.PrototypeV4', immersiveApp now is: 'com.YourCompany.PrototypeV4'.
01-06 22:13:18.942   731  1145 D msm8974_platform: platform_split_snd_device: snd_device(2) num devices(0) new_snd_devices(0)
01-06 22:13:18.942  3476  3504 I Clay    : Entering VR mode: cpu=-1, gpu=-1, perf threads: main=3504, gpu=unset
01-06 22:13:18.942  3476  3504 I OpenXR  : ------------ xrBeginSession [start] -----------
01-06 22:13:18.942  3476  3504 I VrRuntimeClient: Tracing is disabled
01-06 22:13:18.942  3476  3504 I VrRuntimeClient: SysProp debug mode is disabled on Client side
01-06 22:13:18.942   731  1145 D audio_hw_utils: audio_extn_btsco_get_sample_rate:Not a BT SCO device, need not update sampling rate
01-06 22:13:18.942   731  1145 I audio_hw_utils: send_app_type_cfg_for_device PLAYBACK app_type 69943, acdb_dev_id 15, sample_rate 48000, snd_device_be_idx 43
01-06 22:13:18.942   731  1145 D msm8974_platform: platform_split_snd_device: snd_device(2) num devices(1) new_snd_devices(0)
01-06 22:13:18.942   731  1145 D audio_hw_utils: audio_extn_btsco_get_sample_rate:Not a BT SCO device, need not update sampling rate
01-06 22:13:18.942   731  1145 D ACDB-LOADER: ACDB -> send_audio_cal, acdb_id = 15, path = 0, app id = 0x11137, sample rate = 48000, afe_sample_rate = 48000
01-06 22:13:18.942   731  1145 D ACDB-LOADER: ACDB -> send_asm_topology
01-06 22:13:18.942   731  1145 D ACDB-LOADER: ACDB -> ACDB_CMD_GET_AUDPROC_STREAM_TOPOLOGY_ID
01-06 22:13:18.942   731  1145 D ACDB-LOADER: ACDB -> send_adm_topology
01-06 22:13:18.942   731  1145 D ACDB-LOADER: ACDB -> ACDB_CMD_GET_AUDPROC_COMMON_TOPOLOGY_ID
01-06 22:13:18.942   731  1145 D ACDB-LOADER: ACDB -> send_audtable
01-06 22:13:18.942   731  1145 D ACDB-LOADER: ACDB -> ACDB_CMD_GET_AUDPROC_INSTANCE_COMMON_TABLE_SIZE
01-06 22:13:18.943   731  1145 D ACDB-LOADER: ACDB -> ACDB_CMD_GET_AUDPROC_INSTANCE_COMMON_TABLE
01-06 22:13:18.943   731  1145 D ACDB-LOADER: ACDB -> AUDIO_SET_AUDPROC_CAL cal_type[11] acdb_id[15] app_type[69943]
01-06 22:13:18.943   731  1145 D ACDB-LOADER: ACDB -> ACDB_CMD_GET_PERSISTENT_AUDPROC_INSTANCE_COMMON_TABLE_SIZE
01-06 22:13:18.943   731  1145 D         : [Data Manager]-> No data found
01-06 22:13:18.943   731  1145 D ACDB-LOADER: Error: ACDB_CMD_GET_PERSISTENT_AUDPROC_INSTANCE_COMMON_TABLE_SIZE returned -18
01-06 22:13:18.943  1680  3153 I [CT]    : MIXEDREALITY: MrServiceView: renderIteration: (every 10 seconds), screen is: ON, PT is: OFF, ID is: OFF
01-06 22:13:18.943   731  1145 D ACDB-LOADER: ACDB -> send_audproc_persist_table -18 
01-06 22:13:18.943   731  1145 D ACDB-LOADER: Error: Invalid Audproc persist size = -18
01-06 22:13:18.943   731  1145 D ACDB-LOADER: ACDB -> send_audvoltable
01-06 22:13:18.943   731  1145 D ACDB-LOADER: ACDB -> ACDB_CMD_GET_AUDPROC_INSTANCE_GAIN_DEP_STEP_TABLE_SIZE
01-06 22:13:18.943   731  1145 D         : Failed to fetch the lookup information of the device 0000000F 
01-06 22:13:18.943   731  1145 D ACDB-LOADER: Error: ACDB_CMD_GET_AUDPROC_INSTANCE_GAIN_DEP_STEP_TABLE_SIZE Returned = -19
01-06 22:13:18.943   731  1145 D ACDB-LOADER: ACDB -> ACDB_CMD_GET_AUDPROC_INSTANCE_GAIN_DEP_STEP_TABLE, vol index 0
01-06 22:13:18.943   731  1145 D         : Failed to fetch the lookup information of the device 0000000F 
01-06 22:13:18.943  1680  3153 I [CT]    : MIXEDREALITY: MrServiceModel: commitLayerState: PassthroughMode: kNone.
01-06 22:13:18.943   731  1145 D ACDB-LOADER: Error: ACDB AudProc vol returned = -19
01-06 22:13:18.943   731  1145 D ACDB-LOADER: ACDB -> AUDIO_SET_VOL_CAL cal type = 12
01-06 22:13:18.943   731  1145 D ACDB-LOADER: ACDB -> ACDB_CMD_GET_AUDPROC_INSTANCE_STREAM_TABLE_SIZE
01-06 22:13:18.943   731  1145 D ACDB-LOADER: ACDB -> send_audstrmtable
01-06 22:13:18.943   731  1145 D ACDB-LOADER: ACDB -> ACDB_CMD_GET_AUDPROC_INSTANCE_STREAM_TABLE
01-06 22:13:18.943   731  1145 D ACDB-LOADER: ACDB -> audstrm_cal->cal_type.cal_data.cal_size = 20
01-06 22:13:18.943   731  1145 D ACDB-LOADER: ACDB -> send_afe_topology
01-06 22:13:18.943   731  1145 D ACDB-LOADER: ACDB -> ACDB_CMD_GET_AFE_TOPOLOGY_ID
01-06 22:13:18.943   731  1145 D ACDB-LOADER: ACDB -> GET_AFE_TOPOLOGY_ID for adcd_id 15, Topology Id 112fc
01-06 22:13:18.943   731  1145 D ACDB-LOADER: ACDB -> send_afe_cal
01-06 22:13:18.943   731  1145 D ACDB-LOADER: ACDB -> ACDB_CMD_GET_AFE_INSTANCE_COMMON_TABLE_SIZE
01-06 22:13:18.943   731  1145 D         : Failed to fetch the lookup information of the device 0000000F 
01-06 22:13:18.943   731  1145 D ACDB-LOADER: Error: ACDB_CMD_GET_AFE_INSTANCE_COMMON_TABLE_SIZE Returned = -19
01-06 22:13:18.943   731  1145 D ACDB-LOADER: ACDB -> ACDB_CMD_GET_AFE_INSTANCE_COMMON_TABLE
01-06 22:13:18.943   731  1145 D         : Failed to fetch the lookup information of the device 0000000F 
01-06 22:13:18.943   731  1145 D ACDB-LOADER: Error: ACDB AFE returned = -19
01-06 22:13:18.943   731  1145 D ACDB-LOADER: ACDB -> AUDIO_SET_AFE_CAL cal_type[16] acdb_id[15]
01-06 22:13:18.943   731  1145 D ACDB-LOADER: ACDB -> send_hw_delay : acdb_id = 15 path = 0
01-06 22:13:18.943   731  1145 D ACDB-LOADER: ACDB -> ACDB_AVSYNC_INFO: ACDB_CMD_GET_DEVICE_PROPERTY
01-06 22:13:18.943   731  1145 D msm8974_platform: platform_split_snd_device: snd_device(2) num devices(0) new_snd_devices(0)
01-06 22:13:18.943   731  1145 I msm8974_platform: platform_get_custom_mtmx_params: no matching param with id 0 ip_ch 2 op_ch 2 uc_id 1 snd_dev 2
01-06 22:13:18.943   731  1145 I audio_hw_primary: enable_audio_route: apply mixer and update path: low-latency-playback
01-06 22:13:18.943   731  1145 D audio_route: Apply path: low-latency-playback
01-06 22:13:18.943  3013  3013 D MetaCam (MediaCapabilityChecker): checkMediaHasRecordingCapabilities packageName: com.oculus.shellenv
01-06 22:13:18.943   731  1145 D audio_hw_primary: select_devices: done
01-06 22:13:18.944  3476  3504 D VrApi   : targetSDKVersion 29
01-06 22:13:18.945   862   862 W TrackingService: attachClient: found client in attached list
01-06 22:13:18.946  8039  8134 E OsSdk   : error getting shared memory region, memory type: HeadTracker, failed with Status(-1, EX_SECURITY): 'requested shared memory region when not registered/focused'
01-06 22:13:18.948  3013  3013 D MetaCam (MediaCapabilityChecker): checkMediaHasRecordingCapabilities packageName: com.oculus.shellenv
01-06 22:13:18.948  3476  3504 I VrRuntimeClient: DEVICE MODEL NUMBER = Quest 2
01-06 22:13:18.948  3476  3504 I VrRuntimeClient: DEVICE BUILD NAME = user-49068160412800150
01-06 22:13:18.948  3476  3504 I VrRuntimeClient: DEVICE BUILD TYPE = user
01-06 22:13:18.948  3476  3504 I VrRuntimeClient: DEVICE OS VERSION = 10
01-06 22:13:18.948  3476  3504 I VrRuntimeClient: API LOADER VERSION = 1.0.22
01-06 22:13:18.948  3476  3504 I VrRuntimeClient: RUNTIME API VERSION = 1.0.25
01-06 22:13:18.948  3476  3504 I VrRuntimeClient: RUNTIME VERSION = 47.0.0.282.341 Nov 25 2022 14:16:35 RELEASE
01-06 22:13:18.948  3476  3504 I VrRuntimeClient: APP NAME = ShellEnv
01-06 22:13:18.948  3476  3504 I VrRuntimeClient: APP VERSION = 47.0.0.282.341 versionCode 428237325 internalVersionName 47.0.0.282.341.8e28c4f8052b 2022_12_12_06_39
01-06 22:13:18.948  3476  3504 I VrRuntimeClient: APP VR TYPE = vr_only
01-06 22:13:18.948  3476  3504 I VrRuntimeClient: APP MODE TYPE = VR
01-06 22:13:18.948  3476  3504 I VrRuntimeClient: APP PACKAGE NAME = com.oculus.shellenv
01-06 22:13:18.948  3476  3504 I VrRuntimeClient: APP ACTIVITY CLASS = com.oculus.shellenv.ShellEnvActivity
01-06 22:13:18.948  3476  3504 I Sensor  : OSSDKTRACKING Initializing head tracking
01-06 22:13:18.948  3476  3504 I Sensor  : OSSDKTRACKING Head tracker != nullpointer 0x776546a758, 1
01-06 22:13:18.948  3476  3504 I Sensor  : OSSDKTRACKING Initializing controller tracking
01-06 22:13:18.948  3476  3504 I Sensor  : OSSDKTRACKING Controller tracker != nullpointer 0x77654f34b0, 1
01-06 22:13:18.948  3476  3504 D BatteryReceiver: Registering battery receiver
01-06 22:13:18.949  1680  3153 I [CT]    : MIXEDREALITY: MrServiceModel: Hibernating caller (most likely rendering thread) due to commandQueue being empty.
01-06 22:13:18.952  1943  2337 I VRLifecycleSessionManager: Stored session info.
01-06 22:13:18.954  3476  3504 D HeadsetReceiver: getCurrentHeadsetState: false
01-06 22:13:18.954  3476  3504 I DeviceStatus: nativeHeadsetEvent(0)
01-06 22:13:18.954  1775  8535 I CompositorVR: SetSchedFifo( tid=3153, pol=5, pri=1 ) succeeded
01-06 22:13:18.955  3476  3504 I VrRuntimeClient: SetCompositorClientFeatureFlag ClientFeatureFlag 0 
01-06 22:13:18.955  3476  3504 I LogTimer: CPUTIME: VrRuntimeClient_BeginSession took 12.9747 ms
01-06 22:13:18.955  3476  3504 I ClientInputInterface: DEADRECKONING SetControllerTrackingExtendedDeadreckoning 0
01-06 22:13:18.955  3476  3504 I ClientInputSettings: HANDTRACKING package name is com.oculus.shellenv
01-06 22:13:18.957  3476  3504 I ClientInputSettings: HANDTRACKING: Manifest Permission request for com.oculus.shellenv
01-06 22:13:18.958  3476  3504 I ClientInputSettings: HANDTRACKING:  'com.oculus.shellenv' Is hands or controller.
01-06 22:13:18.959  3476  3504 I ClientInputSettings: HANDTRACKING: feature flag set to 2
01-06 22:13:18.959  3476  3504 I ClientInputInterface: HANDTRACKING sethandmanifest 2
01-06 22:13:18.959  3476  3504 I InputHooks_Internal: Enabling Native Input Hooks
01-06 22:13:18.959  3476  3504 I InputDeviceManager: ovrInputDeviceManager::Initialize
01-06 22:13:18.960   862  1634 W TrackingService: attachClient: found client in attached list
01-06 22:13:18.961   862  1634 D TrackingService: getSharedMemory: com.oculus.shellenv#3476, HeadTracker
01-06 22:13:18.961  3476  3504 I Distortion: Initializing Mesh Decenter Correction
01-06 22:13:18.962   862  1634 W TrackingService: attachClient: found client in attached list
01-06 22:13:18.964   849  1025 E CalibrationProvider: loadCalibration(LDISP_SN) failed: Calibration store didn't load any info
01-06 22:13:18.964   862  1634 D TrackingService: getSharedMemory: com.oculus.shellenv, Controller
01-06 22:13:18.964   849  1025 E CalibrationProvider: loadCalibration(RDISP_SN) failed: Calibration store didn't load any info
01-06 22:13:18.964  3476  8946 I InputDevice_TrackedRemote: REMOTE: Hand=2 IndexAnalog=0.00 GripAnalog=0.00 Buttons=0x00000000
01-06 22:13:18.964  3476  8946 I InputDevice_TrackedRemote: REMOTE: Hand=1 IndexAnalog=0.00 GripAnalog=0.00 Buttons=0x00000000
01-06 22:13:18.964  3476  8946 I InputDeviceManager: HANDTRACKING Pointer filter profile changed to: 0
01-06 22:13:18.964  3476  8946 I InputDeviceManager: HANDTRACKING Pointer filter profile changed to: 0
01-06 22:13:18.964  3476  8946 I InputDeviceManager: HANDTRACKING Root pose filter profile changed for (version, freq) to (2, 1) from (1,2)
01-06 22:13:18.966   731  1145 D msm8974_platform: platform_set_channel_map mixer_ctl_name:Playback Channel Map9
01-06 22:13:18.966   731  1145 D msm8974_platform: platform_set_channel_map: set mapping(1 2 0 0 0 0 0 0) for channel:2
01-06 22:13:18.967   731  1145 D audio_hw_primary: start_output_stream: exit
01-06 22:13:18.967   731  1145 D audio_hw_primary: out_write: retry previous failed cal level set
01-06 22:13:18.967   731  1145 D msm8974_platform: platform_split_snd_device: snd_device(2) num devices(1) new_snd_devices(0)
01-06 22:13:18.967   731  1145 D ACDB-LOADER: ACDB -> send_audvoltable
01-06 22:13:18.967   731  1145 D ACDB-LOADER: ACDB -> ACDB_CMD_GET_AUDPROC_INSTANCE_GAIN_DEP_STEP_TABLE_SIZE
01-06 22:13:18.967   731  1145 D         : Failed to fetch the lookup information of the device 0000000F 
01-06 22:13:18.967   731  1145 D ACDB-LOADER: Error: ACDB_CMD_GET_AUDPROC_INSTANCE_GAIN_DEP_STEP_TABLE_SIZE Returned = -19
01-06 22:13:18.967   731  1145 D ACDB-LOADER: ACDB -> ACDB_CMD_GET_AUDPROC_INSTANCE_GAIN_DEP_STEP_TABLE, vol index 8
01-06 22:13:18.967   731  1145 D         : Failed to fetch the lookup information of the device 0000000F 
01-06 22:13:18.967   731  1145 D ACDB-LOADER: Error: ACDB AudProc vol returned = -19
01-06 22:13:18.967   731  1145 D ACDB-LOADER: ACDB -> AUDIO_SET_VOL_CAL cal type = 40
01-06 22:13:18.971  3193  3208 W System  : A resource failed to call release. 
01-06 22:13:18.971  3193  3208 I chatty  : uid=10026(com.oculus.systemux) FinalizerDaemon identical 5 lines
01-06 22:13:18.971  3193  3208 W System  : A resource failed to call release. 
01-06 22:13:18.971  3193  3208 I [SUI] AnytimeUIAndroidPanelApp: GCing AnytimeUIAndroidPanelApp
01-06 22:13:18.974  1276  1276 V AvrcpMediaPlayerList: onPlaybackConfigChanged(): Configs list size=5
01-06 22:13:18.974  3476  3504 I Distortion: SetLensPositions - iad=0.0629988, left offset=-0.000261459,-0.00102733, right offset=0.000140626,-0.00104481
01-06 22:13:18.974  3476  3504 I Distortion: Initializing Mesh Decenter Correction
01-06 22:13:18.975   849  1025 E CalibrationProvider: loadCalibration(LDISP_SN) failed: Calibration store didn't load any info
01-06 22:13:18.975   849  1025 E CalibrationProvider: loadCalibration(RDISP_SN) failed: Calibration store didn't load any info
01-06 22:13:18.975  3193  3193 W OVRLibrary: null cursor received for query content://com.oculus.ocms.library/apps/quick_settings_app
01-06 22:13:18.975  3476  3504 I Distortion: SetLensPositions - iad=0.0629988, left offset=-0.000261459,-0.00102733, right offset=0.000140626,-0.00104481
01-06 22:13:18.976  3476  3504 I Distortion: Created custom distortion mesh.
01-06 22:13:18.976  3476  3504 I PhaseSync: PhaseSync::PhaseSync PaddingLowerLimit 0.350000 StandardDeviations 2.000000 PaddingUpperLimit 0.750000 on instance 5
01-06 22:13:18.976  3476  3504 I VrRuntimeClient: PhaseSync Instance created
01-06 22:13:18.976  3476  3504 D VrRuntimeClient: pokeGuardianUserServiceForThisClient: com.oculus.shellenv:10014
01-06 22:13:18.976  1943  2124 W OVRLibrary: null cursor received for query content://com.oculus.ocms.library/apps/com.YourCompany.PrototypeV4
01-06 22:13:18.977  3476  3504 D VrRuntimeClient: VrRuntimeClient: getClientWindow: activity client
01-06 22:13:18.977  2853  2853 D VrGuardianUserService: onStartCommandIntent { act=FOREGROUND_CLIENT cmp=com.oculus.guardian/com.oculus.vrguardianservice.VrGuardianUserService (has extras) }
01-06 22:13:18.977  2853  2853 D VrGuardianUserService: maybeSubscribeDeviceConfig
01-06 22:13:18.977  2853  2853 D VrGuardianUserService: onStartCommand FOREGROUND_CLIENT user = 0
01-06 22:13:18.977  1775  3591 I VrRuntimeService: RuntimeServiceSDKServer::EnableRendering: 0x78784c4880, 2, com.oculus.shellenv
01-06 22:13:18.977  1943  2124 I OVRMediaServiceManager: Sending onAppStart (com.YourCompany.PrototypeV4) to SocialPlatform (com.oculus.socialplatform)
01-06 22:13:18.978  1775  3591 I ClientMgr: EnableRendering2: Calling SetFocusedClient: 3682786235
01-06 22:13:18.978  1775  3591 I ClientMgr: FocusedClient changed.
01-06 22:13:18.978  1775  3591 I ClientMgr: ClientMgr::SetFocusedClient: 3476:com.oculus.shellenv type 0
01-06 22:13:18.978  1775  3591 I ClientMgr: SetFocusedPackageName - packageName com.oculus.shellenv processName com.oculus.shellenv clientId 3682786235 clientPid 3476
01-06 22:13:18.978  1775  3591 I VrRuntimeService: RuntimeIPC: SendFocusChangeEventToAllClients: PostClientEvent SUCCESS: com.oculus.xrstreamingclient:com.oculus.xrstreamingclient:8039, com.oculus.shellenv, com.oculus.shellenv
01-06 22:13:18.978  1775  3591 I VrRuntimeService: RuntimeIPC: SendFocusChangeEventToAllClients: PostClientEvent SUCCESS: com.oculus.shellenv:com.oculus.shellenv:3476, com.oculus.shellenv, com.oculus.shellenv
01-06 22:13:18.978  1775  3591 I VrRuntimeService: RuntimeIPC: SendFocusChangeEventToAllClients: PostClientEvent SUCCESS: com.oculus.vrshell:com.oculus.vrshell:3505, com.oculus.shellenv, com.oculus.shellenv
01-06 22:13:18.978  1775  3591 I VrRuntimeService: RuntimeIPC: SendFocusChangeEventToAllClients: PostClientEvent SUCCESS: com.oculus.mrservice:com.oculus.mrservice:1680, com.oculus.shellenv, com.oculus.shellenv
01-06 22:13:18.978  1775  3591 I VrRuntimeService: RuntimeIPC: SendFocusChangeEventToAllClients: PostClientEvent SUCCESS: com.oculus.guardian:com.oculus.vrguardianservice:2853, com.oculus.shellenv, com.oculus.shellenv
01-06 22:13:18.978  1775  3591 I VrRuntimeService: RuntimeIPC: SendFocusChangeEventToAllClients: PostClientEvent SUCCESS: com.oculus.vrshell:com.oculus.vrshell:Overlay:2189, com.oculus.shellenv, com.oculus.shellenv
01-06 22:13:18.978  1775  3591 I ClientMgr: ClientMgr::EnableRendering 3476:com.oculus.shellenv : type 0 comp-id 6: enable
01-06 22:13:18.978  1775  3591 I CompositorVR: CheckDebuggerConnected: debugger 0
01-06 22:13:18.978  1775  3591 I VrRuntimeServer: SysProp debug mode is disabled on Server side
01-06 22:13:18.978  1775  3591 I UnifiedTelemetryWrapper: Started UT session render:com.oculus.shellenv
01-06 22:13:18.978  2853  2853 D VrGuardianService: setCurrentUser() called with: userId = [0]
01-06 22:13:18.978  2853  2853 I VrGuardianService: nativeSetCurrentUser userid = 0
01-06 22:13:18.978  2853  2853 I GuardianSystem: GuardianSystem::SetCurrentUser: 0 
01-06 22:13:18.979  8039  8112 D xrstreaming: receive pong: org 2588992642083 recv 34996945095900 xmt 34996945147200 (received at 2588993064583), offset divergence 1214129
01-06 22:13:18.979  8039  8112 D xrstreaming: new clock offset=32407952268217 (rtt: 371200, dispersion: 1942461, jitter: 2304531)
01-06 22:13:18.980  1943  2349 I OVRMediaService: onStartCommand Received message type: set_package_name, caller package: no_app_identity, app identify: null
01-06 22:13:18.980  3476  3504 I ScreenCaptureHelper: Advertising com.oculus.shellenv as streamable
01-06 22:13:18.980  1943  2349 I OVRMediaService: Got package name intent (com.oculus.shellenv)
01-06 22:13:18.980  3476  3504 I VrApi   : OVR::Stats thread started
01-06 22:13:18.980  3476  3504 I XrRuntimeUtils: XrRuntimeUtils::BeginSession
01-06 22:13:18.980  3476  3504 I XrRuntimeSystem_Client: BeginSession
01-06 22:13:18.980  3476  3504 I OpenXR  : ------------ xrBeginSession [end] -----------
01-06 22:13:18.980  3476  3504 I Clay    : Setting CPU/GPU levels= 25/75
01-06 22:13:18.982  1943  2349 I OVRMediaServiceManager: Sending onAppStart (com.oculus.shellenv) to SocialPlatform (com.oculus.socialplatform)
01-06 22:13:18.989  1775  2837 I ClientMgr: Non-overlay clients rendering status has changed: prev=46, curr=47, enabled=1
01-06 22:13:18.989  1775  2837 I ClientMgr: Primary Client is not valid.
01-06 22:13:18.989  1775  2837 I ClientMgr: Primary client determined to be the current enabled client -612181061
01-06 22:13:18.989  1775  2837 I ClientMgr: ClientMgr::SetPrimaryCompositorClient: 3476:com.oculus.shellenv
01-06 22:13:18.989  3476  8951 D VrApi   : targetSDKVersion 29
01-06 22:13:18.990  1775  2837 W ClientMgr: ClientMgr::GetClientPermissionFlagsById: Client missing proper permissions: com.oculus.shellenv, 2
01-06 22:13:18.990  1775  2837 I CompositorClientMgr: Enable client 6
01-06 22:13:18.990  1775  2837 I VrRuntimeServer: EnableCompositorClient client(6): layer placement(0) flags(1) sm(0x77e4cdb010)
01-06 22:13:18.990  1775  2837 I ClientMgr: SetPrimaryPackageName - packageName com.oculus.shellenv processName com.oculus.shellenv clientId 3682786235 clientPid 3476
01-06 22:13:18.990  1775  2837 I ServiceInputManager: ServiceInputManager::SetPrimaryPackageName 'com.oculus.shellenv' 'com.oculus.shellenv'  updated AnytimeUI processname 0
01-06 22:13:18.990  1775  2837 I VrRuntimeService: RuntimeIPC: SendPrimaryPackageChangeEvent: PostClientEvent SUCCESS: com.oculus.xrstreamingclient:com.oculus.xrstreamingclient:8039, com.oculus.shellenv, com.oculus.shellenv
01-06 22:13:18.990  1775  2837 I VrRuntimeService: RuntimeIPC: SendPrimaryPackageChangeEvent: PostClientEvent SUCCESS: com.oculus.shellenv:com.oculus.shellenv:3476, com.oculus.shellenv, com.oculus.shellenv
01-06 22:13:18.990  1775  2837 I VrRuntimeService: RuntimeIPC: SendPrimaryPackageChangeEvent: PostClientEvent SUCCESS: com.oculus.vrshell:com.oculus.vrshell:3505, com.oculus.shellenv, com.oculus.shellenv
01-06 22:13:18.990  1775  2837 I VrRuntimeService: RuntimeIPC: SendPrimaryPackageChangeEvent: PostClientEvent SUCCESS: com.oculus.mrservice:com.oculus.mrservice:1680, com.oculus.shellenv, com.oculus.shellenv
01-06 22:13:18.990  1775  2837 I VrRuntimeService: RuntimeIPC: SendPrimaryPackageChangeEvent: PostClientEvent SUCCESS: com.oculus.guardian:com.oculus.vrguardianservice:2853, com.oculus.shellenv, com.oculus.shellenv
01-06 22:13:18.990  1775  2837 I VrRuntimeService: RuntimeIPC: SendPrimaryPackageChangeEvent: PostClientEvent SUCCESS: com.oculus.vrshell:com.oculus.vrshell:Overlay:2189, com.oculus.shellenv, com.oculus.shellenv
01-06 22:13:18.990  1775  2837 D VrRuntimeService: sendPrimaryPackageChangeBroadcast
01-06 22:13:18.991  1775  2837 I AADT    : SetAADTLutDataX: 0
01-06 22:13:18.991  1775  2837 I AADT    : SetAADTLutDataY: 0
01-06 22:13:18.991  1775  2837 I ServiceInputManager: InhibitHandleHomeKey has changed on the service. New value: 1
01-06 22:13:18.991  1775  2837 I ServiceInputManager: DEADRECKONING deadReckoning mode on ClientMgr from server is 0
01-06 22:13:18.991  1775  2837 I PerformanceManager_V0: SetClockLevels: Force releasing clocks
01-06 22:13:18.991  1775  2837 I PerformanceManager_V0: SetClockLevels: Apply pending clock request change: 2,3 -> -1,-1
01-06 22:13:18.991   862  1634 W TrackingService: attachClient: found client in attached list
01-06 22:13:18.991  3505  3505 D [SEO] BaseOverlayService: screenStateReceiver Received broadcast: com.oculus.vrshell.intent.action.PRIMARY_PACKAGE_CHANGED
01-06 22:13:18.992  1775  2833 I Clocks  : ReleaseClocks - start
01-06 22:13:18.992  2189  2189 D [OAO] BaseOverlayService: screenStateReceiver Received broadcast: com.oculus.vrshell.intent.action.PRIMARY_PACKAGE_CHANGED
01-06 22:13:18.992  2189  2189 I [OAO] ShellOverlayServiceJNI: NativeSendOverlayCommand
01-06 22:13:18.992  8039  8134 E OsSdk   : error getting shared memory region, memory type: HeadTracker, failed with Status(-1, EX_SECURITY): 'requested shared memory region when not registered/focused'
01-06 22:13:18.992  2189  2189 I [OAO] ShellOverlayServiceJNI: NativeWake
01-06 22:13:18.992  2189  2189 I [OAO] ShellOverlayMain: WakeVrThread
01-06 22:13:18.992  2189  2189 I [OAO] ShellOverlayMain: WakeVrThread - notifying vr thread
01-06 22:13:18.992  2189  2882 I [OAO] ShellOverlayApp: VrThread woke up
01-06 22:13:18.992  2189  2882 I [OAO] ShellOverlayApp: 0xc91b8b40 msg: overlayCommand:
01-06 22:13:18.992  2189  2882 I [OAO] ShellOverlayApp: command = primaryPackageChanged
01-06 22:13:18.992  2189  2882 I [OAO] ShellOverlayApp: Process_OverlayCommand command : primaryPackageChanged
01-06 22:13:18.992  2189  2882 I [OAO] ShellOverlayApp: UpdatePrimaryPackage forceSilentUpdate:0
01-06 22:13:18.992  2189  2882 I [OAO] ShellOverlayApp: UpdatePrimaryPackage Requested for PackageName:com.oculus.shellenv
01-06 22:13:18.992  2189  2882 I [OAO] ShellOverlayApp: UpdatePrimaryPackage - Previous package:[com.oculus.shellenv] immersive app changed:1
01-06 22:13:18.992  2189  2882 I [OAO] OverlayFlowController: OnPrimaryPackageChange primaryPackage:com.oculus.shellenv immersiveAppChanged:1 forceSilentUpdate:0
01-06 22:13:18.992  2189  2882 I [OAO] OverlayFlowController: Non system primary client change: ready to sleep
01-06 22:13:18.992  3476  8953 I FenceChecker: FenceChecker::MainLoop - started
01-06 22:13:18.992  2189  2882 I [OAO] OverlayFlowController: Reset resetReason : ReturnToShellHome
01-06 22:13:18.992  2189  2882 I [OAO] OverlayDesktopFlow: OverlayDesktopFlow Reset
01-06 22:13:18.992  2189  2882 I [OAO] DesktopPanelControllerAnalytics: DesktopPanelControllerAnalytics flushing telemetry
01-06 22:13:18.992  2189  2882 I [OAO] DesktopPanelControllerAnalytics: DesktopPanelControllerAnalytics flushing telemetry
01-06 22:13:18.992  2189  2882 I [OAO] SystemAssistant: OnModeChanged from ImmersiveAppFocused to FullShell
01-06 22:13:18.993  2189  2882 I [OAO] SystemAssistant: Assistant panel is not active. Command [hide-attention-instant] could not be sent
01-06 22:13:18.993  2189  2882 I [OAO] PanelAppHost: PanelAppHost destructor, panel 7 (com.oculus.systemux/com.oculus.panelapp.anytimeui.AnytimeUIAndroidPanelService)
01-06 22:13:18.993  2189  2882 I [OAO] PanelAppHost: Panel app 7 (com.oculus.systemux/com.oculus.panelapp.anytimeui.AnytimeUIAndroidPanelService) changing state from foreground to shutdown
01-06 22:13:18.993  1775  2833 I Clocks  : ReleaseClocks - end (1.2 ms)
01-06 22:13:18.993  2189  2882 D [OAO] ShellApplication: Unbinding service for panel app id 7
01-06 22:13:18.996  1775  8535 I CompositorVR: SetSchedFifo( tid=3504, pol=3, pri=0 ) succeeded
01-06 22:13:18.996  3476  3504 I OpenXR  : PostSessionStateChange: XR_SESSION_STATE_READY -> XR_SESSION_STATE_SYNCHRONIZED
01-06 22:13:18.997  1775  8535 I CompositorVR: SetSchedFifo( tid=8953, pol=3, pri=0 ) succeeded
01-06 22:13:18.997  1775  8535 I AADT    : SetAADTLutDataX. Thread. SizeX: 0
01-06 22:13:18.997  1775  8535 I AADT    : SetAADTLutDataY. Thread. SizeY: 0
01-06 22:13:18.998  2189  2882 I [OAO] SwapChainApiOpenXr: Destroying SwapChain:0xe86a66d0
01-06 22:13:18.998  1775  2851 I VrRuntimeService: DestroySwapChain: swapchain=249
01-06 22:13:18.998  1775  2791 I SwapChain: DestroyAndroidSurfaceSwapChain: 0x778578d000: Destroying SurfaceTexture 0x2aa6 Surface 0x2ab6
01-06 22:13:18.999  1775  2851 I VrRuntimeServer: DestroyTextureSwapChain: result destroyswapchain 1
01-06 22:13:19.000  2853  2954 I GuardianSystem: runtimeServiceSDKClient_.ForceShowGuardianEvent
01-06 22:13:19.000  2853  2954 I GuardianSystem: ForceShowGuardian: false, 0.00
01-06 22:13:19.000  2853  2954 I GuardianSystem: runtimeServiceSDKClient_.PackageChangeEvent: package=[com.oculus.shellenv], process=[com.oculus.shellenv]
01-06 22:13:19.000  2853  2954 I GuardianSystem: SetCurrentProcessName: com.oculus.shellenv, previous ProcessName: com.YourCompany.PrototypeV4
01-06 22:13:19.003  1775  2837 I Vsync   : Adjusting vsync display refresh rate 72.000000 -> 90.000000
01-06 22:13:19.013  1775  8535 I CompositorProgs: [0x778566c710] Built layerProgram 0:0x100000048002:0x0 in 7.3 ms
01-06 22:13:19.016  3193  3193 W OVRLibrary: null cursor received for query content://com.oculus.ocms.library/apps/com.YourCompany.PrototypeV4
01-06 22:13:19.022   867  1211 D VrApiService: refresh-rate changed to 90Hz
01-06 22:13:19.022  1775  2837 I PerformanceManager_V0: SetClockLevels: Apply pending clock request change: -1,-1 -> 2,3
01-06 22:13:19.023  1775  2833 I Clocks  : LockClocks( cpu=2, gpu=3 ) - start
01-06 22:13:19.023  3476  8951 I JniUtils: ovr_GetCurrentPackageSignature 
01-06 22:13:19.024  3476  3504 I Clay    : xrPollEvent: SESSION_STATE_CHANGED: SYNCHRONIZED
01-06 22:13:19.024  1680  1707 I [CT]    : MIXEDREALITY: MrServiceController: VrFocusManager::Top Activity Changed, topActivity now is: 'com.YourCompany.PrototypeV4', immersiveApp now is: 'com.YourCompany.PrototypeV4'.
01-06 22:13:19.024  3476  3504 I OpenXR  : PostSessionStateChange: XR_SESSION_STATE_SYNCHRONIZED -> XR_SESSION_STATE_VISIBLE
01-06 22:13:19.024  1680  3153 I [CT]    : MIXEDREALITY: MrServiceModel: Hibernating caller (most likely rendering thread) due to commandQueue being empty.
01-06 22:13:19.025  1775  2833 I Clocks  : CPU levels [0, 4]
01-06 22:13:19.025  1775  2833 I Clocks  : GPU levels [0, 5]
01-06 22:13:19.025  2189  2882 I [OAO] SwapChainApiOpenXr: Destroying SwapChain:0xe86a5780
01-06 22:13:19.025  1775  2851 I VrRuntimeService: DestroySwapChain: swapchain=246
01-06 22:13:19.025  1775  2791 I SwapChain: DestroyAndroidSurfaceSwapChain: 0x778574d000: Destroying SurfaceTexture 0x24fa Surface 0x247a
01-06 22:13:19.025   780   982 I SDM     : HWCDisplayBuiltIn::Validate: Validate +++ enable cac = 0
01-06 22:13:19.025  1775  2851 I VrRuntimeServer: DestroyTextureSwapChain: result destroyswapchain 1
01-06 22:13:19.025  1775  2833 I Clocks  : LockClocks( cpu=2, gpu=3 ) - end (2.5 ms)
01-06 22:13:19.025  3476  3504 I OpenXR  : PostSessionStateChange: XR_SESSION_STATE_VISIBLE -> XR_SESSION_STATE_FOCUSED
01-06 22:13:19.025  1680  1707 I [CT]    : MIXEDREALITY: MrServiceController: VrFocusManager::Top Activity Changed, topActivity now is: 'com.YourCompany.PrototypeV4', immersiveApp now is: 'com.YourCompany.PrototypeV4'.
01-06 22:13:19.029  1680  1707 I [CT]    : MIXEDREALITY: MrServiceController: VrFocusManager::Top Activity Changed, topActivity now is: 'com.oculus.shellenv', immersiveApp now is: 'com.oculus.shellenv'.
01-06 22:13:19.029  3476  3504 I Clay    : xrPollEvent: SESSION_STATE_CHANGED: VISIBLE
01-06 22:13:19.029  3476  3504 I Clay    : xrPollEvent: SESSION_STATE_CHANGED: FOCUSED
01-06 22:13:19.030  3476  8951 I Metrics : device name = Oculus Quest 2
01-06 22:13:19.030  2189  2882 I [OAO] SwapChainApiOpenXr: Destroying SwapChain:0xe8676510
01-06 22:13:19.031  1775  2851 I VrRuntimeService: DestroySwapChain: swapchain=251
01-06 22:13:19.032  1775  2851 I VrRuntimeServer: DestroyTextureSwapChain: result destroyswapchain 1
01-06 22:13:19.032  2189  2882 I [OAO] DialogControllerManager: Reset
01-06 22:13:19.032  2189  2882 I [OAO] DialogControllerManager: Reset resetReason:6
01-06 22:13:19.032  2189  2882 I [OAO] OverlayFlowController: Reset - Resetting lastNonSystemPackageName to empty
01-06 22:13:19.033  3505  3505 D [SEO] ShellEnvOverlayService: Message Handler: onResume
01-06 22:13:19.033  2189  2882 I [OAO] OverlayFlowController: OnPrimaryPackageChange Setting lastNonSystemPackageName = com.oculus.shellenv
01-06 22:13:19.033  2189  2882 I [OAO] OsDialogProvider: dialogHostClient disconnected
01-06 22:13:19.033  2189  2882 I RuntimeIPCClientMgr: RuntimeIPCClientMgr::DisconnectFromServer: 0, Client: com.oculus.vrshell:com.oculus.vrshell:Overlay:2189, Server: com.oculus.os.dialoghost:com.oculus.os.dialoghost (DialogHostService)
01-06 22:13:19.033  3505  3667 I [SEO] ShellApp: 0xc977db28 msg: resume
01-06 22:13:19.033  3505  3667 I [SEO] ShellApp: ---------- ShellApp::EnterVrMode() ----------
01-06 22:13:19.033  3505  3667 D [SEO] ShellApplication: setOverlayInputFocus: inputFocus=true shouldSupportIME=true
